[2026-08-15T15:03:37] Starting Fischer session: algorithm=SAC, timesteps=500,000, direction=EAST, actuation=muscle, seed=42
[2026-08-15T15:03:37] Save dir: C:\Users\ranjo\OneDrive\Desktop\ARM-Model\project_assets\outputs\ActuationComparison\muscle_500k_seed42
[2026-08-15T15:03:37] Ablation config: hold_decrement=3, hold_curriculum=on, curriculum_mode=eval
Using cpu device
Wrapping the env with a `Monitor` wrapper
Wrapping the env in a DummyVecEnv.
[HoldCurriculum] Initial hold requirement: 10 steps (ladder: [10, 15, 20], threshold: 60%)
----------------------------------
| rollout/           |           |
|    ep_len_mean     | 1e+03     |
|    ep_rew_mean     | -2.27e+03 |
| time/              |           |
|    episodes        | 4         |
|    fps             | 88        |
|    time_elapsed    | 45        |
|    total_timesteps | 4000      |
| train/             |           |
|    actor_loss      | 3.82      |
|    critic_loss     | 2.32      |
|    ent_coef        | 0.416     |
|    ent_coef_loss   | -4.67     |
|    learning_rate   | 0.0003    |
|    n_updates       | 2999      |
----------------------------------
---------------------------------
| rollout/           |          |
|    ep_len_mean     | 902      |
|    ep_rew_mean     | -493     |
| time/              |          |
|    episodes        | 8        |
|    fps             | 77       |
|    time_elapsed    | 93       |
|    total_timesteps | 7214     |
| train/             |          |
|    actor_loss      | -49.3    |
|    critic_loss     | 27.5     |
|    ent_coef        | 0.197    |
|    ent_coef_loss   | -3.1     |
|    learning_rate   | 0.0003   |
|    n_updates       | 6213     |
---------------------------------
---------------------------------
| rollout/           |          |
|    ep_len_mean     | 716      |
|    ep_rew_mean     | -259     |
| time/              |          |
|    episodes        | 12       |
|    fps             | 75       |
|    time_elapsed    | 113      |
|    total_timesteps | 8591     |
| train/             |          |
|    actor_loss      | -83.2    |
|    critic_loss     | 150      |
|    ent_coef        | 0.16     |
|    ent_coef_loss   | -1.57    |
|    learning_rate   | 0.0003   |
|    n_updates       | 7590     |
---------------------------------
---------------------------------
| rollout/           |          |
|    ep_len_mean     | 553      |
|    ep_rew_mean     | -139     |
| time/              |          |
|    episodes        | 16       |
|    fps             | 75       |
|    time_elapsed    | 117      |
|    total_timesteps | 8851     |
| train/             |          |
|    actor_loss      | -71.5    |
|    critic_loss     | 33.7     |
|    ent_coef        | 0.155    |
|    ent_coef_loss   | -0.978   |
|    learning_rate   | 0.0003   |
|    n_updates       | 7850     |
---------------------------------
---------------------------------
| rollout/           |          |
|    ep_len_mean     | 507      |
|    ep_rew_mean     | 171      |
| time/              |          |
|    episodes        | 20       |
|    fps             | 73       |
|    time_elapsed    | 137      |
|    total_timesteps | 10132    |
| train/             |          |
|    actor_loss      | -129     |
|    critic_loss     | 189      |
|    ent_coef        | 0.142    |
|    ent_coef_loss   | 1.54     |
|    learning_rate   | 0.0003   |
|    n_updates       | 9131     |
---------------------------------
---------------------------------
| rollout/           |          |
|    ep_len_mean     | 433      |
|    ep_rew_mean     | 178      |
| time/              |          |
|    episodes        | 24       |
|    fps             | 73       |
|    time_elapsed    | 141      |
|    total_timesteps | 10385    |
| train/             |          |
|    actor_loss      | -148     |
|    critic_loss     | 161      |
|    ent_coef        | 0.146    |
|    ent_coef_loss   | 0.72     |
|    learning_rate   | 0.0003   |
|    n_updates       | 9384     |
---------------------------------
---------------------------------
| rollout/           |          |
|    ep_len_mean     | 380      |
|    ep_rew_mean     | 183      |
| time/              |          |
|    episodes        | 28       |
|    fps             | 73       |
|    time_elapsed    | 145      |
|    total_timesteps | 10644    |
| train/             |          |
|    actor_loss      | -162     |
|    critic_loss     | 42.4     |
|    ent_coef        | 0.152    |
|    ent_coef_loss   | 1.57     |
|    learning_rate   | 0.0003   |
|    n_updates       | 9643     |
---------------------------------
---------------------------------
| rollout/           |          |
|    ep_len_mean     | 341      |
|    ep_rew_mean     | 186      |
| time/              |          |
|    episodes        | 32       |
|    fps             | 72       |
|    time_elapsed    | 149      |
|    total_timesteps | 10906    |
| train/             |          |
|    actor_loss      | -122     |
|    critic_loss     | 27.6     |
|    ent_coef        | 0.163    |
|    ent_coef_loss   | 1.32     |
|    learning_rate   | 0.0003   |
|    n_updates       | 9905     |
---------------------------------
---------------------------------
| rollout/           |          |
|    ep_len_mean     | 363      |
|    ep_rew_mean     | 1.07e+03 |
| time/              |          |
|    episodes        | 36       |
|    fps             | 71       |
|    time_elapsed    | 182      |
|    total_timesteps | 13052    |
| train/             |          |
|    actor_loss      | -297     |
|    critic_loss     | 22.2     |
|    ent_coef        | 0.264    |
|    ent_coef_loss   | 0.113    |
|    learning_rate   | 0.0003   |
|    n_updates       | 12051    |
---------------------------------
---------------------------------
| rollout/           |          |
|    ep_len_mean     | 426      |
|    ep_rew_mean     | 2.59e+03 |
| time/              |          |
|    episodes        | 40       |
|    fps             | 71       |
|    time_elapsed    | 240      |
|    total_timesteps | 17052    |
| train/             |          |
|    actor_loss      | -545     |
|    critic_loss     | 45.5     |
|    ent_coef        | 0.299    |
|    ent_coef_loss   | -0.417   |
|    learning_rate   | 0.0003   |
|    n_updates       | 16051    |
---------------------------------
---------------------------------
| rollout/           |          |
|    ep_len_mean     | 478      |
|    ep_rew_mean     | 3.94e+03 |
| time/              |          |
|    episodes        | 44       |
|    fps             | 71       |
|    time_elapsed    | 294      |
|    total_timesteps | 21052    |
| train/             |          |
|    actor_loss      | -801     |
|    critic_loss     | 49.6     |
|    ent_coef        | 0.317    |
|    ent_coef_loss   | -0.044   |
|    learning_rate   | 0.0003   |
|    n_updates       | 20051    |
---------------------------------
---------------------------------
| rollout/           |          |
|    ep_len_mean     | 522      |
|    ep_rew_mean     | 5.1e+03  |
| time/              |          |
|    episodes        | 48       |
|    fps             | 71       |
|    time_elapsed    | 352      |
|    total_timesteps | 25052    |
| train/             |          |
|    actor_loss      | -968     |
|    critic_loss     | 156      |
|    ent_coef        | 0.333    |
|    ent_coef_loss   | -0.238   |
|    learning_rate   | 0.0003   |
|    n_updates       | 24051    |
---------------------------------
---------------------------------
| rollout/           |          |
|    ep_len_mean     | 559      |
|    ep_rew_mean     | 6.04e+03 |
| time/              |          |
|    episodes        | 52       |
|    fps             | 71       |
|    time_elapsed    | 408      |
|    total_timesteps | 29052    |
| train/             |          |
|    actor_loss      | -1.1e+03 |
|    critic_loss     | 66.3     |
|    ent_coef        | 0.361    |
|    ent_coef_loss   | -0.124   |
|    learning_rate   | 0.0003   |
|    n_updates       | 28051    |
---------------------------------
---------------------------------
| rollout/           |          |
|    ep_len_mean     | 590      |
|    ep_rew_mean     | 6.76e+03 |
| time/              |          |
|    episodes        | 56       |
|    fps             | 70       |
|    time_elapsed    | 466      |
|    total_timesteps | 33052    |
| train/             |          |
|    actor_loss      | -1.2e+03 |
|    critic_loss     | 38       |
|    ent_coef        | 0.319    |
|    ent_coef_loss   | 0.116    |
|    learning_rate   | 0.0003   |
|    n_updates       | 32051    |
---------------------------------
----------------------------------
| rollout/           |           |
|    ep_len_mean     | 618       |
|    ep_rew_mean     | 7.56e+03  |
| time/              |           |
|    episodes        | 60        |
|    fps             | 70        |
|    time_elapsed    | 525       |
|    total_timesteps | 37052     |
| train/             |           |
|    actor_loss      | -1.35e+03 |
|    critic_loss     | 97.5      |
|    ent_coef        | 0.323     |
|    ent_coef_loss   | 0.223     |
|    learning_rate   | 0.0003    |
|    n_updates       | 36051     |
----------------------------------
----------------------------------
| rollout/           |           |
|    ep_len_mean     | 634       |
|    ep_rew_mean     | 8.12e+03  |
| time/              |           |
|    episodes        | 64        |
|    fps             | 70        |
|    time_elapsed    | 577       |
|    total_timesteps | 40596     |
| train/             |           |
|    actor_loss      | -1.31e+03 |
|    critic_loss     | 66.3      |
|    ent_coef        | 0.345     |
|    ent_coef_loss   | 0.446     |
|    learning_rate   | 0.0003    |
|    n_updates       | 39595     |
----------------------------------
----------------------------------
| rollout/           |           |
|    ep_len_mean     | 656       |
|    ep_rew_mean     | 8.73e+03  |
| time/              |           |
|    episodes        | 68        |
|    fps             | 70        |
|    time_elapsed    | 636       |
|    total_timesteps | 44596     |
| train/             |           |
|    actor_loss      | -1.43e+03 |
|    critic_loss     | 29.8      |
|    ent_coef        | 0.332     |
|    ent_coef_loss   | -0.0926   |
|    learning_rate   | 0.0003    |
|    n_updates       | 43595     |
----------------------------------
----------------------------------
| rollout/           |           |
|    ep_len_mean     | 675       |
|    ep_rew_mean     | 9.29e+03  |
| time/              |           |
|    episodes        | 72        |
|    fps             | 69        |
|    time_elapsed    | 694       |
|    total_timesteps | 48596     |
| train/             |           |
|    actor_loss      | -1.48e+03 |
|    critic_loss     | 13        |
|    ent_coef        | 0.324     |
|    ent_coef_loss   | -0.135    |
|    learning_rate   | 0.0003    |
|    n_updates       | 47595     |
----------------------------------
---------------------------------
| rollout/           |          |
|    ep_len_mean     | 692      |
|    ep_rew_mean     | 9.82e+03 |
| time/              |          |
|    episodes        | 76       |
|    fps             | 70       |
|    time_elapsed    | 750      |
|    total_timesteps | 52596    |
| train/             |          |
|    actor_loss      | -1.6e+03 |
|    critic_loss     | 13.2     |
|    ent_coef        | 0.339    |
|    ent_coef_loss   | -0.315   |
|    learning_rate   | 0.0003   |
|    n_updates       | 51595    |
---------------------------------
----------------------------------
| rollout/           |           |
|    ep_len_mean     | 707       |
|    ep_rew_mean     | 1.03e+04  |
| time/              |           |
|    episodes        | 80        |
|    fps             | 69        |
|    time_elapsed    | 810       |
|    total_timesteps | 56596     |
| train/             |           |
|    actor_loss      | -1.61e+03 |
|    critic_loss     | 22.4      |
|    ent_coef        | 0.326     |
|    ent_coef_loss   | 0.026     |
|    learning_rate   | 0.0003    |
|    n_updates       | 55595     |
----------------------------------
----------------------------------
| rollout/           |           |
|    ep_len_mean     | 721       |
|    ep_rew_mean     | 1.07e+04  |
| time/              |           |
|    episodes        | 84        |
|    fps             | 69        |
|    time_elapsed    | 870       |
|    total_timesteps | 60596     |
| train/             |           |
|    actor_loss      | -1.62e+03 |
|    critic_loss     | 68        |
|    ent_coef        | 0.334     |
|    ent_coef_loss   | 0.017     |
|    learning_rate   | 0.0003    |
|    n_updates       | 59595     |
----------------------------------
----------------------------------
| rollout/           |           |
|    ep_len_mean     | 734       |
|    ep_rew_mean     | 1.12e+04  |
| time/              |           |
|    episodes        | 88        |
|    fps             | 69        |
|    time_elapsed    | 931       |
|    total_timesteps | 64596     |
| train/             |           |
|    actor_loss      | -1.67e+03 |
|    critic_loss     | 26.6      |
|    ent_coef        | 0.326     |
|    ent_coef_loss   | -0.0966   |
|    learning_rate   | 0.0003    |
|    n_updates       | 63595     |
----------------------------------
----------------------------------
| rollout/           |           |
|    ep_len_mean     | 742       |
|    ep_rew_mean     | 1.15e+04  |
| time/              |           |
|    episodes        | 92        |
|    fps             | 69        |
|    time_elapsed    | 987       |
|    total_timesteps | 68288     |
| train/             |           |
|    actor_loss      | -1.73e+03 |
|    critic_loss     | 118       |
|    ent_coef        | 0.32      |
|    ent_coef_loss   | 0.0395    |
|    learning_rate   | 0.0003    |
|    n_updates       | 67287     |
----------------------------------
----------------------------------
| rollout/           |           |
|    ep_len_mean     | 753       |
|    ep_rew_mean     | 1.18e+04  |
| time/              |           |
|    episodes        | 96        |
|    fps             | 68        |
|    time_elapsed    | 1049      |
|    total_timesteps | 72288     |
| train/             |           |
|    actor_loss      | -1.72e+03 |
|    critic_loss     | 11.4      |
|    ent_coef        | 0.308     |
|    ent_coef_loss   | 0.23      |
|    learning_rate   | 0.0003    |
|    n_updates       | 71287     |
----------------------------------
----------------------------------
| rollout/           |           |
|    ep_len_mean     | 763       |
|    ep_rew_mean     | 1.21e+04  |
| time/              |           |
|    episodes        | 100       |
|    fps             | 68        |
|    time_elapsed    | 1115      |
|    total_timesteps | 76288     |
| train/             |           |
|    actor_loss      | -1.76e+03 |
|    critic_loss     | 25.6      |
|    ent_coef        | 0.296     |
|    ent_coef_loss   | 0.709     |
|    learning_rate   | 0.0003    |
|    n_updates       | 75287     |
----------------------------------
----------------------------------
| rollout/           |           |
|    ep_len_mean     | 763       |
|    ep_rew_mean     | 1.3e+04   |
| time/              |           |
|    episodes        | 104       |
|    fps             | 68        |
|    time_elapsed    | 1179      |
|    total_timesteps | 80288     |
| train/             |           |
|    actor_loss      | -1.81e+03 |
|    critic_loss     | 15.5      |
|    ent_coef        | 0.298     |
|    ent_coef_loss   | 0.509     |
|    learning_rate   | 0.0003    |
|    n_updates       | 79287     |
----------------------------------
----------------------------------
| rollout/           |           |
|    ep_len_mean     | 771       |
|    ep_rew_mean     | 1.38e+04  |
| time/              |           |
|    episodes        | 108       |
|    fps             | 68        |
|    time_elapsed    | 1239      |
|    total_timesteps | 84288     |
| train/             |           |
|    actor_loss      | -1.81e+03 |
|    critic_loss     | 13.1      |
|    ent_coef        | 0.283     |
|    ent_coef_loss   | 0.543     |
|    learning_rate   | 0.0003    |
|    n_updates       | 83287     |
----------------------------------
----------------------------------
| rollout/           |           |
|    ep_len_mean     | 797       |
|    ep_rew_mean     | 1.46e+04  |
| time/              |           |
|    episodes        | 112       |
|    fps             | 67        |
|    time_elapsed    | 1299      |
|    total_timesteps | 88288     |
| train/             |           |
|    actor_loss      | -1.88e+03 |
|    critic_loss     | 15.6      |
|    ent_coef        | 0.284     |
|    ent_coef_loss   | -0.2      |
|    learning_rate   | 0.0003    |
|    n_updates       | 87287     |
----------------------------------
----------------------------------
| rollout/           |           |
|    ep_len_mean     | 834       |
|    ep_rew_mean     | 1.54e+04  |
| time/              |           |
|    episodes        | 116       |
|    fps             | 67        |
|    time_elapsed    | 1358      |
|    total_timesteps | 92288     |
| train/             |           |
|    actor_loss      | -1.81e+03 |
|    critic_loss     | 28.2      |
|    ent_coef        | 0.305     |
|    ent_coef_loss   | 0.0516    |
|    learning_rate   | 0.0003    |
|    n_updates       | 91287     |
----------------------------------
----------------------------------
| rollout/           |           |
|    ep_len_mean     | 862       |
|    ep_rew_mean     | 1.62e+04  |
| time/              |           |
|    episodes        | 120       |
|    fps             | 67        |
|    time_elapsed    | 1419      |
|    total_timesteps | 96288     |
| train/             |           |
|    actor_loss      | -1.84e+03 |
|    critic_loss     | 13.9      |
|    ent_coef        | 0.308     |
|    ent_coef_loss   | -0.055    |
|    learning_rate   | 0.0003    |
|    n_updates       | 95287     |
----------------------------------
----------------------------------
| rollout/           |           |
|    ep_len_mean     | 899       |
|    ep_rew_mean     | 1.7e+04   |
| time/              |           |
|    episodes        | 124       |
|    fps             | 67        |
|    time_elapsed    | 1490      |
|    total_timesteps | 100288    |
| train/             |           |
|    actor_loss      | -1.87e+03 |
|    critic_loss     | 11.5      |
|    ent_coef        | 0.297     |
|    ent_coef_loss   | 0.336     |
|    learning_rate   | 0.0003    |
|    n_updates       | 99287     |
----------------------------------
----------------------------------
| rollout/           |           |
|    ep_len_mean     | 936       |
|    ep_rew_mean     | 1.78e+04  |
| time/              |           |
|    episodes        | 128       |
|    fps             | 66        |
|    time_elapsed    | 1557      |
|    total_timesteps | 104288    |
| train/             |           |
|    actor_loss      | -1.94e+03 |
|    critic_loss     | 7.59      |
|    ent_coef        | 0.307     |
|    ent_coef_loss   | -0.511    |
|    learning_rate   | 0.0003    |
|    n_updates       | 103287    |
----------------------------------
----------------------------------
| rollout/           |           |
|    ep_len_mean     | 974       |
|    ep_rew_mean     | 1.86e+04  |
| time/              |           |
|    episodes        | 132       |
|    fps             | 66        |
|    time_elapsed    | 1627      |
|    total_timesteps | 108288    |
| train/             |           |
|    actor_loss      | -1.94e+03 |
|    critic_loss     | 31.2      |
|    ent_coef        | 0.297     |
|    ent_coef_loss   | -0.772    |
|    learning_rate   | 0.0003    |
|    n_updates       | 107287    |
----------------------------------
----------------------------------
| rollout/           |           |
|    ep_len_mean     | 991       |
|    ep_rew_mean     | 1.91e+04  |
| time/              |           |
|    episodes        | 136       |
|    fps             | 66        |
|    time_elapsed    | 1686      |
|    total_timesteps | 112149    |
| train/             |           |
|    actor_loss      | -1.94e+03 |
|    critic_loss     | 16.5      |
|    ent_coef        | 0.28      |
|    ent_coef_loss   | -0.241    |
|    learning_rate   | 0.0003    |
|    n_updates       | 111148    |
----------------------------------
----------------------------------
| rollout/           |           |
|    ep_len_mean     | 991       |
|    ep_rew_mean     | 1.93e+04  |
| time/              |           |
|    episodes        | 140       |
|    fps             | 66        |
|    time_elapsed    | 1752      |
|    total_timesteps | 116113    |
| train/             |           |
|    actor_loss      | -1.94e+03 |
|    critic_loss     | 13.8      |
|    ent_coef        | 0.279     |
|    ent_coef_loss   | -0.212    |
|    learning_rate   | 0.0003    |
|    n_updates       | 115112    |
----------------------------------
----------------------------------
| rollout/           |           |
|    ep_len_mean     | 991       |
|    ep_rew_mean     | 1.94e+04  |
| time/              |           |
|    episodes        | 144       |
|    fps             | 66        |
|    time_elapsed    | 1818      |
|    total_timesteps | 120113    |
| train/             |           |
|    actor_loss      | -1.95e+03 |
|    critic_loss     | 41.6      |
|    ent_coef        | 0.271     |
|    ent_coef_loss   | -0.169    |
|    learning_rate   | 0.0003    |
|    n_updates       | 119112    |
----------------------------------
----------------------------------
| rollout/           |           |
|    ep_len_mean     | 991       |
|    ep_rew_mean     | 1.95e+04  |
| time/              |           |
|    episodes        | 148       |
|    fps             | 65        |
|    time_elapsed    | 1884      |
|    total_timesteps | 124113    |
| train/             |           |
|    actor_loss      | -1.97e+03 |
|    critic_loss     | 11.3      |
|    ent_coef        | 0.276     |
|    ent_coef_loss   | 0.216     |
|    learning_rate   | 0.0003    |
|    n_updates       | 123112    |
----------------------------------
----------------------------------
| rollout/           |           |
|    ep_len_mean     | 991       |
|    ep_rew_mean     | 1.96e+04  |
| time/              |           |
|    episodes        | 152       |
|    fps             | 65        |
|    time_elapsed    | 1950      |
|    total_timesteps | 128113    |
| train/             |           |
|    actor_loss      | -1.97e+03 |
|    critic_loss     | 20.9      |
|    ent_coef        | 0.27      |
|    ent_coef_loss   | 0.111     |
|    learning_rate   | 0.0003    |
|    n_updates       | 127112    |
----------------------------------
----------------------------------
| rollout/           |           |
|    ep_len_mean     | 991       |
|    ep_rew_mean     | 1.98e+04  |
| time/              |           |
|    episodes        | 156       |
|    fps             | 65        |
|    time_elapsed    | 2022      |
|    total_timesteps | 132113    |
| train/             |           |
|    actor_loss      | -1.97e+03 |
|    critic_loss     | 9.26      |
|    ent_coef        | 0.261     |
|    ent_coef_loss   | -0.848    |
|    learning_rate   | 0.0003    |
|    n_updates       | 131112    |
----------------------------------
----------------------------------
| rollout/           |           |
|    ep_len_mean     | 991       |
|    ep_rew_mean     | 1.99e+04  |
| time/              |           |
|    episodes        | 160       |
|    fps             | 65        |
|    time_elapsed    | 2091      |
|    total_timesteps | 136113    |
| train/             |           |
|    actor_loss      | -2.01e+03 |
|    critic_loss     | 28.2      |
|    ent_coef        | 0.253     |
|    ent_coef_loss   | -0.476    |
|    learning_rate   | 0.0003    |
|    n_updates       | 135112    |
----------------------------------
----------------------------------
| rollout/           |           |
|    ep_len_mean     | 995       |
|    ep_rew_mean     | 2e+04     |
| time/              |           |
|    episodes        | 164       |
|    fps             | 65        |
|    time_elapsed    | 2155      |
|    total_timesteps | 140113    |
| train/             |           |
|    actor_loss      | -1.97e+03 |
|    critic_loss     | 10.2      |
|    ent_coef        | 0.249     |
|    ent_coef_loss   | -0.251    |
|    learning_rate   | 0.0003    |
|    n_updates       | 139112    |
----------------------------------
----------------------------------
| rollout/           |           |
|    ep_len_mean     | 995       |
|    ep_rew_mean     | 2.01e+04  |
| time/              |           |
|    episodes        | 168       |
|    fps             | 64        |
|    time_elapsed    | 2230      |
|    total_timesteps | 144113    |
| train/             |           |
|    actor_loss      | -2.01e+03 |
|    critic_loss     | 6.74      |
|    ent_coef        | 0.258     |
|    ent_coef_loss   | 0.041     |
|    learning_rate   | 0.0003    |
|    n_updates       | 143112    |
----------------------------------
----------------------------------
| rollout/           |           |
|    ep_len_mean     | 992       |
|    ep_rew_mean     | 2.01e+04  |
| time/              |           |
|    episodes        | 172       |
|    fps             | 64        |
|    time_elapsed    | 2297      |
|    total_timesteps | 147828    |
| train/             |           |
|    actor_loss      | -2.01e+03 |
|    critic_loss     | 11.9      |
|    ent_coef        | 0.24      |
|    ent_coef_loss   | 0.221     |
|    learning_rate   | 0.0003    |
|    n_updates       | 146827    |
----------------------------------
----------------------------------
| rollout/           |           |
|    ep_len_mean     | 992       |
|    ep_rew_mean     | 1.96e+04  |
| time/              |           |
|    episodes        | 176       |
|    fps             | 64        |
|    time_elapsed    | 2366      |
|    total_timesteps | 151828    |
| train/             |           |
|    actor_loss      | -2.04e+03 |
|    critic_loss     | 12.6      |
|    ent_coef        | 0.281     |
|    ent_coef_loss   | -0.142    |
|    learning_rate   | 0.0003    |
|    n_updates       | 150827    |
----------------------------------
----------------------------------
| rollout/           |           |
|    ep_len_mean     | 990       |
|    ep_rew_mean     | 1.96e+04  |
| time/              |           |
|    episodes        | 180       |
|    fps             | 63        |
|    time_elapsed    | 2437      |
|    total_timesteps | 155606    |
| train/             |           |
|    actor_loss      | -2.01e+03 |
|    critic_loss     | 50.7      |
|    ent_coef        | 0.284     |
|    ent_coef_loss   | -0.674    |
|    learning_rate   | 0.0003    |
|    n_updates       | 154605    |
----------------------------------
----------------------------------
| rollout/           |           |
|    ep_len_mean     | 990       |
|    ep_rew_mean     | 1.96e+04  |
| time/              |           |
|    episodes        | 184       |
|    fps             | 63        |
|    time_elapsed    | 2507      |
|    total_timesteps | 159606    |
| train/             |           |
|    actor_loss      | -2.03e+03 |
|    critic_loss     | 10.2      |
|    ent_coef        | 0.264     |
|    ent_coef_loss   | -0.0174   |
|    learning_rate   | 0.0003    |
|    n_updates       | 158605    |
----------------------------------
----------------------------------
| rollout/           |           |
|    ep_len_mean     | 990       |
|    ep_rew_mean     | 1.96e+04  |
| time/              |           |
|    episodes        | 188       |
|    fps             | 63        |
|    time_elapsed    | 2572      |
|    total_timesteps | 163606    |
| train/             |           |
|    actor_loss      | -2.03e+03 |
|    critic_loss     | 11.5      |
|    ent_coef        | 0.268     |
|    ent_coef_loss   | 0.124     |
|    learning_rate   | 0.0003    |
|    n_updates       | 162605    |
----------------------------------
---------------------------------
| rollout/           |          |
|    ep_len_mean     | 993      |
|    ep_rew_mean     | 1.97e+04 |
| time/              |          |
|    episodes        | 192      |
|    fps             | 63       |
|    time_elapsed    | 2635     |
|    total_timesteps | 167606   |
| train/             |          |
|    actor_loss      | -2e+03   |
|    critic_loss     | 1.46e+04 |
|    ent_coef        | 0.268    |
|    ent_coef_loss   | 0.413    |
|    learning_rate   | 0.0003   |
|    n_updates       | 166605   |
---------------------------------
----------------------------------
| rollout/           |           |
|    ep_len_mean     | 993       |
|    ep_rew_mean     | 1.97e+04  |
| time/              |           |
|    episodes        | 196       |
|    fps             | 63        |
|    time_elapsed    | 2695      |
|    total_timesteps | 171606    |
| train/             |           |
|    actor_loss      | -2.03e+03 |
|    critic_loss     | 20.3      |
|    ent_coef        | 0.256     |
|    ent_coef_loss   | 0.181     |
|    learning_rate   | 0.0003    |
|    n_updates       | 170605    |
----------------------------------
----------------------------------
| rollout/           |           |
|    ep_len_mean     | 993       |
|    ep_rew_mean     | 1.89e+04  |
| time/              |           |
|    episodes        | 200       |
|    fps             | 63        |
|    time_elapsed    | 2757      |
|    total_timesteps | 175606    |
| train/             |           |
|    actor_loss      | -2.05e+03 |
|    critic_loss     | 13.4      |
|    ent_coef        | 0.244     |
|    ent_coef_loss   | -0.312    |
|    learning_rate   | 0.0003    |
|    n_updates       | 174605    |
----------------------------------
----------------------------------
| rollout/           |           |
|    ep_len_mean     | 993       |
|    ep_rew_mean     | 1.87e+04  |
| time/              |           |
|    episodes        | 204       |
|    fps             | 63        |
|    time_elapsed    | 2819      |
|    total_timesteps | 179606    |
| train/             |           |
|    actor_loss      | -2.06e+03 |
|    critic_loss     | 51.8      |
|    ent_coef        | 0.246     |
|    ent_coef_loss   | 0.319     |
|    learning_rate   | 0.0003    |
|    n_updates       | 178605    |
----------------------------------
----------------------------------
| rollout/           |           |
|    ep_len_mean     | 993       |
|    ep_rew_mean     | 1.86e+04  |
| time/              |           |
|    episodes        | 208       |
|    fps             | 63        |
|    time_elapsed    | 2883      |
|    total_timesteps | 183606    |
| train/             |           |
|    actor_loss      | -2.02e+03 |
|    critic_loss     | 9.87      |
|    ent_coef        | 0.24      |
|    ent_coef_loss   | -0.198    |
|    learning_rate   | 0.0003    |
|    n_updates       | 182605    |
----------------------------------
----------------------------------
| rollout/           |           |
|    ep_len_mean     | 993       |
|    ep_rew_mean     | 1.87e+04  |
| time/              |           |
|    episodes        | 212       |
|    fps             | 63        |
|    time_elapsed    | 2947      |
|    total_timesteps | 187606    |
| train/             |           |
|    actor_loss      | -2.02e+03 |
|    critic_loss     | 17.1      |
|    ent_coef        | 0.244     |
|    ent_coef_loss   | 0.291     |
|    learning_rate   | 0.0003    |
|    n_updates       | 186605    |
----------------------------------
----------------------------------
| rollout/           |           |
|    ep_len_mean     | 993       |
|    ep_rew_mean     | 1.87e+04  |
| time/              |           |
|    episodes        | 216       |
|    fps             | 63        |
|    time_elapsed    | 3010      |
|    total_timesteps | 191606    |
| train/             |           |
|    actor_loss      | -2.04e+03 |
|    critic_loss     | 17.5      |
|    ent_coef        | 0.244     |
|    ent_coef_loss   | -0.094    |
|    learning_rate   | 0.0003    |
|    n_updates       | 190605    |
----------------------------------
----------------------------------
| rollout/           |           |
|    ep_len_mean     | 993       |
|    ep_rew_mean     | 1.87e+04  |
| time/              |           |
|    episodes        | 220       |
|    fps             | 63        |
|    time_elapsed    | 3074      |
|    total_timesteps | 195606    |
| train/             |           |
|    actor_loss      | -1.99e+03 |
|    critic_loss     | 13.9      |
|    ent_coef        | 0.262     |
|    ent_coef_loss   | 0.161     |
|    learning_rate   | 0.0003    |
|    n_updates       | 194605    |
----------------------------------
----------------------------------
| rollout/           |           |
|    ep_len_mean     | 993       |
|    ep_rew_mean     | 1.87e+04  |
| time/              |           |
|    episodes        | 224       |
|    fps             | 63        |
|    time_elapsed    | 3137      |
|    total_timesteps | 199606    |
| train/             |           |
|    actor_loss      | -1.96e+03 |
|    critic_loss     | 22.4      |
|    ent_coef        | 0.266     |
|    ent_coef_loss   | 0.623     |
|    learning_rate   | 0.0003    |
|    n_updates       | 198605    |
----------------------------------
----------------------------------
| rollout/           |           |
|    ep_len_mean     | 993       |
|    ep_rew_mean     | 1.87e+04  |
| time/              |           |
|    episodes        | 228       |
|    fps             | 63        |
|    time_elapsed    | 3199      |
|    total_timesteps | 203606    |
| train/             |           |
|    actor_loss      | -2.01e+03 |
|    critic_loss     | 12.4      |
|    ent_coef        | 0.262     |
|    ent_coef_loss   | -0.06     |
|    learning_rate   | 0.0003    |
|    n_updates       | 202605    |
----------------------------------
----------------------------------
| rollout/           |           |
|    ep_len_mean     | 993       |
|    ep_rew_mean     | 1.87e+04  |
| time/              |           |
|    episodes        | 232       |
|    fps             | 63        |
|    time_elapsed    | 3264      |
|    total_timesteps | 207606    |
| train/             |           |
|    actor_loss      | -2.09e+03 |
|    critic_loss     | 3.84      |
|    ent_coef        | 0.247     |
|    ent_coef_loss   | -0.0428   |
|    learning_rate   | 0.0003    |
|    n_updates       | 206605    |
----------------------------------
----------------------------------
| rollout/           |           |
|    ep_len_mean     | 995       |
|    ep_rew_mean     | 1.87e+04  |
| time/              |           |
|    episodes        | 236       |
|    fps             | 63        |
|    time_elapsed    | 3330      |
|    total_timesteps | 211606    |
| train/             |           |
|    actor_loss      | -2.11e+03 |
|    critic_loss     | 6.23      |
|    ent_coef        | 0.244     |
|    ent_coef_loss   | -0.275    |
|    learning_rate   | 0.0003    |
|    n_updates       | 210605    |
----------------------------------
----------------------------------
| rollout/           |           |
|    ep_len_mean     | 995       |
|    ep_rew_mean     | 1.87e+04  |
| time/              |           |
|    episodes        | 240       |
|    fps             | 63        |
|    time_elapsed    | 3403      |
|    total_timesteps | 215606    |
| train/             |           |
|    actor_loss      | -2.09e+03 |
|    critic_loss     | 10.7      |
|    ent_coef        | 0.233     |
|    ent_coef_loss   | -0.607    |
|    learning_rate   | 0.0003    |
|    n_updates       | 214605    |
----------------------------------
----------------------------------
| rollout/           |           |
|    ep_len_mean     | 995       |
|    ep_rew_mean     | 1.87e+04  |
| time/              |           |
|    episodes        | 244       |
|    fps             | 63        |
|    time_elapsed    | 3475      |
|    total_timesteps | 219606    |
| train/             |           |
|    actor_loss      | -2.08e+03 |
|    critic_loss     | 5.14      |
|    ent_coef        | 0.211     |
|    ent_coef_loss   | 0.164     |
|    learning_rate   | 0.0003    |
|    n_updates       | 218605    |
----------------------------------
----------------------------------
| rollout/           |           |
|    ep_len_mean     | 995       |
|    ep_rew_mean     | 1.88e+04  |
| time/              |           |
|    episodes        | 248       |
|    fps             | 63        |
|    time_elapsed    | 3546      |
|    total_timesteps | 223606    |
| train/             |           |
|    actor_loss      | -2.07e+03 |
|    critic_loss     | 4.3       |
|    ent_coef        | 0.202     |
|    ent_coef_loss   | -0.116    |
|    learning_rate   | 0.0003    |
|    n_updates       | 222605    |
----------------------------------
----------------------------------
| rollout/           |           |
|    ep_len_mean     | 995       |
|    ep_rew_mean     | 1.88e+04  |
| time/              |           |
|    episodes        | 252       |
|    fps             | 62        |
|    time_elapsed    | 3616      |
|    total_timesteps | 227606    |
| train/             |           |
|    actor_loss      | -2.12e+03 |
|    critic_loss     | 6.24      |
|    ent_coef        | 0.198     |
|    ent_coef_loss   | -0.0863   |
|    learning_rate   | 0.0003    |
|    n_updates       | 226605    |
----------------------------------
----------------------------------
| rollout/           |           |
|    ep_len_mean     | 995       |
|    ep_rew_mean     | 1.88e+04  |
| time/              |           |
|    episodes        | 256       |
|    fps             | 62        |
|    time_elapsed    | 3691      |
|    total_timesteps | 231606    |
| train/             |           |
|    actor_loss      | -2.11e+03 |
|    critic_loss     | 6.35      |
|    ent_coef        | 0.204     |
|    ent_coef_loss   | -0.694    |
|    learning_rate   | 0.0003    |
|    n_updates       | 230605    |
----------------------------------
----------------------------------
| rollout/           |           |
|    ep_len_mean     | 995       |
|    ep_rew_mean     | 1.88e+04  |
| time/              |           |
|    episodes        | 260       |
|    fps             | 62        |
|    time_elapsed    | 3766      |
|    total_timesteps | 235606    |
| train/             |           |
|    actor_loss      | -2.11e+03 |
|    critic_loss     | 8.41      |
|    ent_coef        | 0.207     |
|    ent_coef_loss   | 0.308     |
|    learning_rate   | 0.0003    |
|    n_updates       | 234605    |
----------------------------------
----------------------------------
| rollout/           |           |
|    ep_len_mean     | 995       |
|    ep_rew_mean     | 1.88e+04  |
| time/              |           |
|    episodes        | 264       |
|    fps             | 62        |
|    time_elapsed    | 3840      |
|    total_timesteps | 239606    |
| train/             |           |
|    actor_loss      | -2.11e+03 |
|    critic_loss     | 6.75      |
|    ent_coef        | 0.192     |
|    ent_coef_loss   | 0.14      |
|    learning_rate   | 0.0003    |
|    n_updates       | 238605    |
----------------------------------
----------------------------------
| rollout/           |           |
|    ep_len_mean     | 995       |
|    ep_rew_mean     | 1.88e+04  |
| time/              |           |
|    episodes        | 268       |
|    fps             | 62        |
|    time_elapsed    | 3914      |
|    total_timesteps | 243606    |
| train/             |           |
|    actor_loss      | -2.13e+03 |
|    critic_loss     | 4.63      |
|    ent_coef        | 0.19      |
|    ent_coef_loss   | -0.0244   |
|    learning_rate   | 0.0003    |
|    n_updates       | 242605    |
----------------------------------
----------------------------------
| rollout/           |           |
|    ep_len_mean     | 998       |
|    ep_rew_mean     | 1.89e+04  |
| time/              |           |
|    episodes        | 272       |
|    fps             | 62        |
|    time_elapsed    | 3986      |
|    total_timesteps | 247606    |
| train/             |           |
|    actor_loss      | -2.13e+03 |
|    critic_loss     | 1.58      |
|    ent_coef        | 0.181     |
|    ent_coef_loss   | 0.462     |
|    learning_rate   | 0.0003    |
|    n_updates       | 246605    |
----------------------------------
----------------------------------
| rollout/           |           |
|    ep_len_mean     | 998       |
|    ep_rew_mean     | 1.96e+04  |
| time/              |           |
|    episodes        | 276       |
|    fps             | 61        |
|    time_elapsed    | 4058      |
|    total_timesteps | 251606    |
| train/             |           |
|    actor_loss      | -2.12e+03 |
|    critic_loss     | 6.4       |
|    ent_coef        | 0.191     |
|    ent_coef_loss   | 0.101     |
|    learning_rate   | 0.0003    |
|    n_updates       | 250605    |
----------------------------------
----------------------------------
| rollout/           |           |
|    ep_len_mean     | 1e+03     |
|    ep_rew_mean     | 1.96e+04  |
| time/              |           |
|    episodes        | 280       |
|    fps             | 61        |
|    time_elapsed    | 4134      |
|    total_timesteps | 255606    |
| train/             |           |
|    actor_loss      | -2.14e+03 |
|    critic_loss     | 1.97      |
|    ent_coef        | 0.2       |
|    ent_coef_loss   | 0.206     |
|    learning_rate   | 0.0003    |
|    n_updates       | 254605    |
----------------------------------
----------------------------------
| rollout/           |           |
|    ep_len_mean     | 1e+03     |
|    ep_rew_mean     | 1.97e+04  |
| time/              |           |
|    episodes        | 284       |
|    fps             | 61        |
|    time_elapsed    | 4202      |
|    total_timesteps | 259606    |
| train/             |           |
|    actor_loss      | -2.13e+03 |
|    critic_loss     | 6.13      |
|    ent_coef        | 0.18      |
|    ent_coef_loss   | -0.533    |
|    learning_rate   | 0.0003    |
|    n_updates       | 258605    |
----------------------------------
----------------------------------
| rollout/           |           |
|    ep_len_mean     | 1e+03     |
|    ep_rew_mean     | 1.97e+04  |
| time/              |           |
|    episodes        | 288       |
|    fps             | 61        |
|    time_elapsed    | 4274      |
|    total_timesteps | 263606    |
| train/             |           |
|    actor_loss      | -2.12e+03 |
|    critic_loss     | 11.3      |
|    ent_coef        | 0.181     |
|    ent_coef_loss   | 0.453     |
|    learning_rate   | 0.0003    |
|    n_updates       | 262605    |
----------------------------------
----------------------------------
| rollout/           |           |
|    ep_len_mean     | 1e+03     |
|    ep_rew_mean     | 1.98e+04  |
| time/              |           |
|    episodes        | 292       |
|    fps             | 61        |
|    time_elapsed    | 4351      |
|    total_timesteps | 267606    |
| train/             |           |
|    actor_loss      | -2.15e+03 |
|    critic_loss     | 6.48      |
|    ent_coef        | 0.182     |
|    ent_coef_loss   | -0.29     |
|    learning_rate   | 0.0003    |
|    n_updates       | 266605    |
----------------------------------
----------------------------------
| rollout/           |           |
|    ep_len_mean     | 1e+03     |
|    ep_rew_mean     | 1.98e+04  |
| time/              |           |
|    episodes        | 296       |
|    fps             | 61        |
|    time_elapsed    | 4424      |
|    total_timesteps | 271606    |
| train/             |           |
|    actor_loss      | -2.15e+03 |
|    critic_loss     | 3.27      |
|    ent_coef        | 0.175     |
|    ent_coef_loss   | 0.195     |
|    learning_rate   | 0.0003    |
|    n_updates       | 270605    |
----------------------------------
----------------------------------
| rollout/           |           |
|    ep_len_mean     | 992       |
|    ep_rew_mean     | 2.04e+04  |
| time/              |           |
|    episodes        | 300       |
|    fps             | 61        |
|    time_elapsed    | 4481      |
|    total_timesteps | 274838    |
| train/             |           |
|    actor_loss      | -2.15e+03 |
|    critic_loss     | 3.61      |
|    ent_coef        | 0.173     |
|    ent_coef_loss   | -0.507    |
|    learning_rate   | 0.0003    |
|    n_updates       | 273837    |
----------------------------------
----------------------------------
| rollout/           |           |
|    ep_len_mean     | 992       |
|    ep_rew_mean     | 2.07e+04  |
| time/              |           |
|    episodes        | 304       |
|    fps             | 61        |
|    time_elapsed    | 4552      |
|    total_timesteps | 278838    |
| train/             |           |
|    actor_loss      | -2.14e+03 |
|    critic_loss     | 2.59      |
|    ent_coef        | 0.177     |
|    ent_coef_loss   | -0.429    |
|    learning_rate   | 0.0003    |
|    n_updates       | 277837    |
----------------------------------
---------------------------------
| rollout/           |          |
|    ep_len_mean     | 992      |
|    ep_rew_mean     | 2.08e+04 |
| time/              |          |
|    episodes        | 308      |
|    fps             | 61       |
|    time_elapsed    | 4624     |
|    total_timesteps | 282838   |
| train/             |          |
|    actor_loss      | -2.1e+03 |
|    critic_loss     | 2.23     |
|    ent_coef        | 0.165    |
|    ent_coef_loss   | 0.919    |
|    learning_rate   | 0.0003   |
|    n_updates       | 281837   |
---------------------------------
----------------------------------
| rollout/           |           |
|    ep_len_mean     | 992       |
|    ep_rew_mean     | 2.08e+04  |
| time/              |           |
|    episodes        | 312       |
|    fps             | 61        |
|    time_elapsed    | 4696      |
|    total_timesteps | 286838    |
| train/             |           |
|    actor_loss      | -2.13e+03 |
|    critic_loss     | 6.72      |
|    ent_coef        | 0.168     |
|    ent_coef_loss   | 0.587     |
|    learning_rate   | 0.0003    |
|    n_updates       | 285837    |
----------------------------------
----------------------------------
| rollout/           |           |
|    ep_len_mean     | 992       |
|    ep_rew_mean     | 2.08e+04  |
| time/              |           |
|    episodes        | 316       |
|    fps             | 61        |
|    time_elapsed    | 4765      |
|    total_timesteps | 290838    |
| train/             |           |
|    actor_loss      | -2.13e+03 |
|    critic_loss     | 4.77      |
|    ent_coef        | 0.167     |
|    ent_coef_loss   | -0.159    |
|    learning_rate   | 0.0003    |
|    n_updates       | 289837    |
----------------------------------
----------------------------------
| rollout/           |           |
|    ep_len_mean     | 992       |
|    ep_rew_mean     | 2.08e+04  |
| time/              |           |
|    episodes        | 320       |
|    fps             | 60        |
|    time_elapsed    | 4838      |
|    total_timesteps | 294838    |
| train/             |           |
|    actor_loss      | -2.17e+03 |
|    critic_loss     | 2.46      |
|    ent_coef        | 0.166     |
|    ent_coef_loss   | -0.268    |
|    learning_rate   | 0.0003    |
|    n_updates       | 293837    |
----------------------------------
----------------------------------
| rollout/           |           |
|    ep_len_mean     | 992       |
|    ep_rew_mean     | 2.08e+04  |
| time/              |           |
|    episodes        | 324       |
|    fps             | 60        |
|    time_elapsed    | 4911      |
|    total_timesteps | 298838    |
| train/             |           |
|    actor_loss      | -2.17e+03 |
|    critic_loss     | 1.37      |
|    ent_coef        | 0.153     |
|    ent_coef_loss   | 0.0305    |
|    learning_rate   | 0.0003    |
|    n_updates       | 297837    |
----------------------------------
----------------------------------
| rollout/           |           |
|    ep_len_mean     | 992       |
|    ep_rew_mean     | 2.09e+04  |
| time/              |           |
|    episodes        | 328       |
|    fps             | 60        |
|    time_elapsed    | 4986      |
|    total_timesteps | 302838    |
| train/             |           |
|    actor_loss      | -2.16e+03 |
|    critic_loss     | 3.63      |
|    ent_coef        | 0.157     |
|    ent_coef_loss   | -0.393    |
|    learning_rate   | 0.0003    |
|    n_updates       | 301837    |
----------------------------------
----------------------------------
| rollout/           |           |
|    ep_len_mean     | 992       |
|    ep_rew_mean     | 2.09e+04  |
| time/              |           |
|    episodes        | 332       |
|    fps             | 60        |
|    time_elapsed    | 5060      |
|    total_timesteps | 306838    |
| train/             |           |
|    actor_loss      | -2.15e+03 |
|    critic_loss     | 1.5       |
|    ent_coef        | 0.158     |
|    ent_coef_loss   | 0.42      |
|    learning_rate   | 0.0003    |
|    n_updates       | 305837    |
----------------------------------
----------------------------------
| rollout/           |           |
|    ep_len_mean     | 992       |
|    ep_rew_mean     | 2.09e+04  |
| time/              |           |
|    episodes        | 336       |
|    fps             | 60        |
|    time_elapsed    | 5134      |
|    total_timesteps | 310838    |
| train/             |           |
|    actor_loss      | -2.17e+03 |
|    critic_loss     | 2.66      |
|    ent_coef        | 0.165     |
|    ent_coef_loss   | -0.285    |
|    learning_rate   | 0.0003    |
|    n_updates       | 309837    |
----------------------------------
---------------------------------
| rollout/           |          |
|    ep_len_mean     | 992      |
|    ep_rew_mean     | 2.09e+04 |
| time/              |          |
|    episodes        | 340      |
|    fps             | 60       |
|    time_elapsed    | 5207     |
|    total_timesteps | 314838   |
| train/             |          |
|    actor_loss      | -2.1e+03 |
|    critic_loss     | 1.57     |
|    ent_coef        | 0.157    |
|    ent_coef_loss   | 0.23     |
|    learning_rate   | 0.0003   |
|    n_updates       | 313837   |
---------------------------------
----------------------------------
| rollout/           |           |
|    ep_len_mean     | 992       |
|    ep_rew_mean     | 2.1e+04   |
| time/              |           |
|    episodes        | 344       |
|    fps             | 60        |
|    time_elapsed    | 5281      |
|    total_timesteps | 318838    |
| train/             |           |
|    actor_loss      | -2.16e+03 |
|    critic_loss     | 1.19      |
|    ent_coef        | 0.154     |
|    ent_coef_loss   | -0.261    |
|    learning_rate   | 0.0003    |
|    n_updates       | 317837    |
----------------------------------
----------------------------------
| rollout/           |           |
|    ep_len_mean     | 992       |
|    ep_rew_mean     | 2.1e+04   |
| time/              |           |
|    episodes        | 348       |
|    fps             | 60        |
|    time_elapsed    | 5351      |
|    total_timesteps | 322838    |
| train/             |           |
|    actor_loss      | -2.16e+03 |
|    critic_loss     | 2.86      |
|    ent_coef        | 0.149     |
|    ent_coef_loss   | 0.262     |
|    learning_rate   | 0.0003    |
|    n_updates       | 321837    |
----------------------------------
----------------------------------
| rollout/           |           |
|    ep_len_mean     | 992       |
|    ep_rew_mean     | 2.1e+04   |
| time/              |           |
|    episodes        | 352       |
|    fps             | 60        |
|    time_elapsed    | 5428      |
|    total_timesteps | 326838    |
| train/             |           |
|    actor_loss      | -2.18e+03 |
|    critic_loss     | 4.84      |
|    ent_coef        | 0.163     |
|    ent_coef_loss   | 0.0918    |
|    learning_rate   | 0.0003    |
|    n_updates       | 325837    |
----------------------------------
----------------------------------
| rollout/           |           |
|    ep_len_mean     | 992       |
|    ep_rew_mean     | 2.1e+04   |
| time/              |           |
|    episodes        | 356       |
|    fps             | 60        |
|    time_elapsed    | 5501      |
|    total_timesteps | 330838    |
| train/             |           |
|    actor_loss      | -2.15e+03 |
|    critic_loss     | 2         |
|    ent_coef        | 0.16      |
|    ent_coef_loss   | 0.0825    |
|    learning_rate   | 0.0003    |
|    n_updates       | 329837    |
----------------------------------
----------------------------------
| rollout/           |           |
|    ep_len_mean     | 992       |
|    ep_rew_mean     | 2.1e+04   |
| time/              |           |
|    episodes        | 360       |
|    fps             | 60        |
|    time_elapsed    | 5576      |
|    total_timesteps | 334838    |
| train/             |           |
|    actor_loss      | -2.16e+03 |
|    critic_loss     | 11.2      |
|    ent_coef        | 0.171     |
|    ent_coef_loss   | 0.452     |
|    learning_rate   | 0.0003    |
|    n_updates       | 333837    |
----------------------------------
----------------------------------
| rollout/           |           |
|    ep_len_mean     | 992       |
|    ep_rew_mean     | 2.1e+04   |
| time/              |           |
|    episodes        | 364       |
|    fps             | 59        |
|    time_elapsed    | 5651      |
|    total_timesteps | 338838    |
| train/             |           |
|    actor_loss      | -2.17e+03 |
|    critic_loss     | 2.46      |
|    ent_coef        | 0.16      |
|    ent_coef_loss   | 0.154     |
|    learning_rate   | 0.0003    |
|    n_updates       | 337837    |
----------------------------------
----------------------------------
| rollout/           |           |
|    ep_len_mean     | 992       |
|    ep_rew_mean     | 2.11e+04  |
| time/              |           |
|    episodes        | 368       |
|    fps             | 59        |
|    time_elapsed    | 5725      |
|    total_timesteps | 342838    |
| train/             |           |
|    actor_loss      | -2.17e+03 |
|    critic_loss     | 1.82      |
|    ent_coef        | 0.16      |
|    ent_coef_loss   | -0.0653   |
|    learning_rate   | 0.0003    |
|    n_updates       | 341837    |
----------------------------------
----------------------------------
| rollout/           |           |
|    ep_len_mean     | 992       |
|    ep_rew_mean     | 2.11e+04  |
| time/              |           |
|    episodes        | 372       |
|    fps             | 59        |
|    time_elapsed    | 5801      |
|    total_timesteps | 346838    |
| train/             |           |
|    actor_loss      | -2.16e+03 |
|    critic_loss     | 3.38      |
|    ent_coef        | 0.153     |
|    ent_coef_loss   | 0.117     |
|    learning_rate   | 0.0003    |
|    n_updates       | 345837    |
----------------------------------
----------------------------------
| rollout/           |           |
|    ep_len_mean     | 992       |
|    ep_rew_mean     | 2.11e+04  |
| time/              |           |
|    episodes        | 376       |
|    fps             | 59        |
|    time_elapsed    | 5874      |
|    total_timesteps | 350838    |
| train/             |           |
|    actor_loss      | -2.19e+03 |
|    critic_loss     | 3.12      |
|    ent_coef        | 0.133     |
|    ent_coef_loss   | 0.179     |
|    learning_rate   | 0.0003    |
|    n_updates       | 349837    |
----------------------------------
----------------------------------
| rollout/           |           |
|    ep_len_mean     | 992       |
|    ep_rew_mean     | 2.11e+04  |
| time/              |           |
|    episodes        | 380       |
|    fps             | 59        |
|    time_elapsed    | 5947      |
|    total_timesteps | 354838    |
| train/             |           |
|    actor_loss      | -2.19e+03 |
|    critic_loss     | 2.67      |
|    ent_coef        | 0.136     |
|    ent_coef_loss   | 0.0777    |
|    learning_rate   | 0.0003    |
|    n_updates       | 353837    |
----------------------------------
----------------------------------
| rollout/           |           |
|    ep_len_mean     | 992       |
|    ep_rew_mean     | 2.11e+04  |
| time/              |           |
|    episodes        | 384       |
|    fps             | 59        |
|    time_elapsed    | 6029      |
|    total_timesteps | 358838    |
| train/             |           |
|    actor_loss      | -2.19e+03 |
|    critic_loss     | 1.5       |
|    ent_coef        | 0.113     |
|    ent_coef_loss   | 0.288     |
|    learning_rate   | 0.0003    |
|    n_updates       | 357837    |
----------------------------------
----------------------------------
| rollout/           |           |
|    ep_len_mean     | 989       |
|    ep_rew_mean     | 2.1e+04   |
| time/              |           |
|    episodes        | 388       |
|    fps             | 59        |
|    time_elapsed    | 6103      |
|    total_timesteps | 362498    |
| train/             |           |
|    actor_loss      | -2.22e+03 |
|    critic_loss     | 1.3       |
|    ent_coef        | 0.13      |
|    ent_coef_loss   | -1.02     |
|    learning_rate   | 0.0003    |
|    n_updates       | 361497    |
----------------------------------
---------------------------------
| rollout/           |          |
|    ep_len_mean     | 989      |
|    ep_rew_mean     | 2.11e+04 |
| time/              |          |
|    episodes        | 392      |
|    fps             | 59       |
|    time_elapsed    | 6188     |
|    total_timesteps | 366498   |
| train/             |          |
|    actor_loss      | -2.2e+03 |
|    critic_loss     | 2.11     |
|    ent_coef        | 0.134    |
|    ent_coef_loss   | -0.424   |
|    learning_rate   | 0.0003   |
|    n_updates       | 365497   |
---------------------------------
----------------------------------
| rollout/           |           |
|    ep_len_mean     | 989       |
|    ep_rew_mean     | 2.11e+04  |
| time/              |           |
|    episodes        | 396       |
|    fps             | 59        |
|    time_elapsed    | 6276      |
|    total_timesteps | 370498    |
| train/             |           |
|    actor_loss      | -2.23e+03 |
|    critic_loss     | 2.69      |
|    ent_coef        | 0.12      |
|    ent_coef_loss   | 0.415     |
|    learning_rate   | 0.0003    |
|    n_updates       | 369497    |
----------------------------------
----------------------------------
| rollout/           |           |
|    ep_len_mean     | 997       |
|    ep_rew_mean     | 2.13e+04  |
| time/              |           |
|    episodes        | 400       |
|    fps             | 58        |
|    time_elapsed    | 6357      |
|    total_timesteps | 374498    |
| train/             |           |
|    actor_loss      | -2.21e+03 |
|    critic_loss     | 5.87      |
|    ent_coef        | 0.112     |
|    ent_coef_loss   | 0.275     |
|    learning_rate   | 0.0003    |
|    n_updates       | 373497    |
----------------------------------
----------------------------------
| rollout/           |           |
|    ep_len_mean     | 991       |
|    ep_rew_mean     | 2.12e+04  |
| time/              |           |
|    episodes        | 404       |
|    fps             | 58        |
|    time_elapsed    | 6425      |
|    total_timesteps | 377902    |
| train/             |           |
|    actor_loss      | -2.22e+03 |
|    critic_loss     | 5         |
|    ent_coef        | 0.113     |
|    ent_coef_loss   | -0.268    |
|    learning_rate   | 0.0003    |
|    n_updates       | 376901    |
----------------------------------
----------------------------------
| rollout/           |           |
|    ep_len_mean     | 991       |
|    ep_rew_mean     | 2.12e+04  |
| time/              |           |
|    episodes        | 408       |
|    fps             | 58        |
|    time_elapsed    | 6501      |
|    total_timesteps | 381902    |
| train/             |           |
|    actor_loss      | -2.21e+03 |
|    critic_loss     | 1.29      |
|    ent_coef        | 0.105     |
|    ent_coef_loss   | 0.475     |
|    learning_rate   | 0.0003    |
|    n_updates       | 380901    |
----------------------------------
----------------------------------
| rollout/           |           |
|    ep_len_mean     | 991       |
|    ep_rew_mean     | 2.12e+04  |
| time/              |           |
|    episodes        | 412       |
|    fps             | 58        |
|    time_elapsed    | 6584      |
|    total_timesteps | 385902    |
| train/             |           |
|    actor_loss      | -2.21e+03 |
|    critic_loss     | 1.07      |
|    ent_coef        | 0.112     |
|    ent_coef_loss   | 0.529     |
|    learning_rate   | 0.0003    |
|    n_updates       | 384901    |
----------------------------------
----------------------------------
| rollout/           |           |
|    ep_len_mean     | 991       |
|    ep_rew_mean     | 2.13e+04  |
| time/              |           |
|    episodes        | 416       |
|    fps             | 58        |
|    time_elapsed    | 6672      |
|    total_timesteps | 389902    |
| train/             |           |
|    actor_loss      | -2.21e+03 |
|    critic_loss     | 0.646     |
|    ent_coef        | 0.122     |
|    ent_coef_loss   | 0.353     |
|    learning_rate   | 0.0003    |
|    n_updates       | 388901    |
----------------------------------
----------------------------------
| rollout/           |           |
|    ep_len_mean     | 983       |
|    ep_rew_mean     | 2.11e+04  |
| time/              |           |
|    episodes        | 420       |
|    fps             | 58        |
|    time_elapsed    | 6739      |
|    total_timesteps | 393134    |
| train/             |           |
|    actor_loss      | -2.23e+03 |
|    critic_loss     | 6.03      |
|    ent_coef        | 0.127     |
|    ent_coef_loss   | -0.284    |
|    learning_rate   | 0.0003    |
|    n_updates       | 392133    |
----------------------------------
----------------------------------
| rollout/           |           |
|    ep_len_mean     | 975       |
|    ep_rew_mean     | 2.09e+04  |
| time/              |           |
|    episodes        | 424       |
|    fps             | 58        |
|    time_elapsed    | 6806      |
|    total_timesteps | 396370    |
| train/             |           |
|    actor_loss      | -2.23e+03 |
|    critic_loss     | 0.985     |
|    ent_coef        | 0.13      |
|    ent_coef_loss   | -0.28     |
|    learning_rate   | 0.0003    |
|    n_updates       | 395369    |
----------------------------------
----------------------------------
| rollout/           |           |
|    ep_len_mean     | 967       |
|    ep_rew_mean     | 2.08e+04  |
| time/              |           |
|    episodes        | 428       |
|    fps             | 58        |
|    time_elapsed    | 6874      |
|    total_timesteps | 399564    |
| train/             |           |
|    actor_loss      | -2.22e+03 |
|    critic_loss     | 1.31      |
|    ent_coef        | 0.14      |
|    ent_coef_loss   | 0.0138    |
|    learning_rate   | 0.0003    |
|    n_updates       | 398563    |
----------------------------------
----------------------------------
| rollout/           |           |
|    ep_len_mean     | 967       |
|    ep_rew_mean     | 2.08e+04  |
| time/              |           |
|    episodes        | 432       |
|    fps             | 57        |
|    time_elapsed    | 6964      |
|    total_timesteps | 403564    |
| train/             |           |
|    actor_loss      | -2.21e+03 |
|    critic_loss     | 1.75      |
|    ent_coef        | 0.174     |
|    ent_coef_loss   | -0.274    |
|    learning_rate   | 0.0003    |
|    n_updates       | 402563    |
----------------------------------
---------------------------------
| rollout/           |          |
|    ep_len_mean     | 967      |
|    ep_rew_mean     | 2.08e+04 |
| time/              |          |
|    episodes        | 436      |
|    fps             | 57       |
|    time_elapsed    | 7040     |
|    total_timesteps | 407564   |
| train/             |          |
|    actor_loss      | -2.2e+03 |
|    critic_loss     | 2.97     |
|    ent_coef        | 0.136    |
|    ent_coef_loss   | -0.142   |
|    learning_rate   | 0.0003   |
|    n_updates       | 406563   |
---------------------------------
----------------------------------
| rollout/           |           |
|    ep_len_mean     | 967       |
|    ep_rew_mean     | 2.08e+04  |
| time/              |           |
|    episodes        | 440       |
|    fps             | 57        |
|    time_elapsed    | 7122      |
|    total_timesteps | 411564    |
| train/             |           |
|    actor_loss      | -2.24e+03 |
|    critic_loss     | 0.818     |
|    ent_coef        | 0.13      |
|    ent_coef_loss   | -0.814    |
|    learning_rate   | 0.0003    |
|    n_updates       | 410563    |
----------------------------------
----------------------------------
| rollout/           |           |
|    ep_len_mean     | 967       |
|    ep_rew_mean     | 2.08e+04  |
| time/              |           |
|    episodes        | 444       |
|    fps             | 57        |
|    time_elapsed    | 7206      |
|    total_timesteps | 415564    |
| train/             |           |
|    actor_loss      | -2.23e+03 |
|    critic_loss     | 10.1      |
|    ent_coef        | 0.165     |
|    ent_coef_loss   | 0.0663    |
|    learning_rate   | 0.0003    |
|    n_updates       | 414563    |
----------------------------------
----------------------------------
| rollout/           |           |
|    ep_len_mean     | 967       |
|    ep_rew_mean     | 2.08e+04  |
| time/              |           |
|    episodes        | 448       |
|    fps             | 57        |
|    time_elapsed    | 7290      |
|    total_timesteps | 419564    |
| train/             |           |
|    actor_loss      | -2.22e+03 |
|    critic_loss     | 3.53      |
|    ent_coef        | 0.15      |
|    ent_coef_loss   | -0.264    |
|    learning_rate   | 0.0003    |
|    n_updates       | 418563    |
----------------------------------
----------------------------------
| rollout/           |           |
|    ep_len_mean     | 967       |
|    ep_rew_mean     | 2.08e+04  |
| time/              |           |
|    episodes        | 452       |
|    fps             | 57        |
|    time_elapsed    | 7380      |
|    total_timesteps | 423564    |
| train/             |           |
|    actor_loss      | -2.21e+03 |
|    critic_loss     | 4.97      |
|    ent_coef        | 0.119     |
|    ent_coef_loss   | 1.07      |
|    learning_rate   | 0.0003    |
|    n_updates       | 422563    |
----------------------------------
---------------------------------
| rollout/           |          |
|    ep_len_mean     | 967      |
|    ep_rew_mean     | 2.08e+04 |
| time/              |          |
|    episodes        | 456      |
|    fps             | 57       |
|    time_elapsed    | 7466     |
|    total_timesteps | 427564   |
| train/             |          |
|    actor_loss      | -2.2e+03 |
|    critic_loss     | 1.05     |
|    ent_coef        | 0.137    |
|    ent_coef_loss   | -0.245   |
|    learning_rate   | 0.0003   |
|    n_updates       | 426563   |
---------------------------------
----------------------------------
| rollout/           |           |
|    ep_len_mean     | 967       |
|    ep_rew_mean     | 2.08e+04  |
| time/              |           |
|    episodes        | 460       |
|    fps             | 57        |
|    time_elapsed    | 7552      |
|    total_timesteps | 431564    |
| train/             |           |
|    actor_loss      | -2.21e+03 |
|    critic_loss     | 1.1       |
|    ent_coef        | 0.144     |
|    ent_coef_loss   | 0.034     |
|    learning_rate   | 0.0003    |
|    n_updates       | 430563    |
----------------------------------
----------------------------------
| rollout/           |           |
|    ep_len_mean     | 967       |
|    ep_rew_mean     | 2.08e+04  |
| time/              |           |
|    episodes        | 464       |
|    fps             | 57        |
|    time_elapsed    | 7635      |
|    total_timesteps | 435564    |
| train/             |           |
|    actor_loss      | -2.21e+03 |
|    critic_loss     | 19.9      |
|    ent_coef        | 0.126     |
|    ent_coef_loss   | 0.00788   |
|    learning_rate   | 0.0003    |
|    n_updates       | 434563    |
----------------------------------
----------------------------------
| rollout/           |           |
|    ep_len_mean     | 967       |
|    ep_rew_mean     | 2.09e+04  |
| time/              |           |
|    episodes        | 468       |
|    fps             | 56        |
|    time_elapsed    | 7713      |
|    total_timesteps | 439564    |
| train/             |           |
|    actor_loss      | -2.23e+03 |
|    critic_loss     | 1.94      |
|    ent_coef        | 0.132     |
|    ent_coef_loss   | 0.1       |
|    learning_rate   | 0.0003    |
|    n_updates       | 438563    |
----------------------------------
----------------------------------
| rollout/           |           |
|    ep_len_mean     | 967       |
|    ep_rew_mean     | 2.09e+04  |
| time/              |           |
|    episodes        | 472       |
|    fps             | 56        |
|    time_elapsed    | 7802      |
|    total_timesteps | 443564    |
| train/             |           |
|    actor_loss      | -2.24e+03 |
|    critic_loss     | 1.93      |
|    ent_coef        | 0.148     |
|    ent_coef_loss   | 1.32      |
|    learning_rate   | 0.0003    |
|    n_updates       | 442563    |
----------------------------------
----------------------------------
| rollout/           |           |
|    ep_len_mean     | 967       |
|    ep_rew_mean     | 2.09e+04  |
| time/              |           |
|    episodes        | 476       |
|    fps             | 56        |
|    time_elapsed    | 7899      |
|    total_timesteps | 447564    |
| train/             |           |
|    actor_loss      | -2.21e+03 |
|    critic_loss     | 3.01      |
|    ent_coef        | 0.137     |
|    ent_coef_loss   | 1.02      |
|    learning_rate   | 0.0003    |
|    n_updates       | 446563    |
----------------------------------
----------------------------------
| rollout/           |           |
|    ep_len_mean     | 967       |
|    ep_rew_mean     | 2.09e+04  |
| time/              |           |
|    episodes        | 480       |
|    fps             | 56        |
|    time_elapsed    | 7989      |
|    total_timesteps | 451564    |
| train/             |           |
|    actor_loss      | -2.23e+03 |
|    critic_loss     | 5.53      |
|    ent_coef        | 0.155     |
|    ent_coef_loss   | -0.179    |
|    learning_rate   | 0.0003    |
|    n_updates       | 450563    |
----------------------------------
----------------------------------
| rollout/           |           |
|    ep_len_mean     | 967       |
|    ep_rew_mean     | 2.09e+04  |
| time/              |           |
|    episodes        | 484       |
|    fps             | 56        |
|    time_elapsed    | 8072      |
|    total_timesteps | 455564    |
| train/             |           |
|    actor_loss      | -2.24e+03 |
|    critic_loss     | 1.73      |
|    ent_coef        | 0.162     |
|    ent_coef_loss   | -0.304    |
|    learning_rate   | 0.0003    |
|    n_updates       | 454563    |
----------------------------------
----------------------------------
| rollout/           |           |
|    ep_len_mean     | 971       |
|    ep_rew_mean     | 2.1e+04   |
| time/              |           |
|    episodes        | 488       |
|    fps             | 56        |
|    time_elapsed    | 8157      |
|    total_timesteps | 459564    |
| train/             |           |
|    actor_loss      | -2.24e+03 |
|    critic_loss     | 1.36      |
|    ent_coef        | 0.145     |
|    ent_coef_loss   | 0.265     |
|    learning_rate   | 0.0003    |
|    n_updates       | 458563    |
----------------------------------
----------------------------------
| rollout/           |           |
|    ep_len_mean     | 971       |
|    ep_rew_mean     | 2.1e+04   |
| time/              |           |
|    episodes        | 492       |
|    fps             | 56        |
|    time_elapsed    | 8238      |
|    total_timesteps | 463564    |
| train/             |           |
|    actor_loss      | -2.24e+03 |
|    critic_loss     | 1.07      |
|    ent_coef        | 0.141     |
|    ent_coef_loss   | -0.324    |
|    learning_rate   | 0.0003    |
|    n_updates       | 462563    |
----------------------------------
----------------------------------
| rollout/           |           |
|    ep_len_mean     | 971       |
|    ep_rew_mean     | 2.1e+04   |
| time/              |           |
|    episodes        | 496       |
|    fps             | 56        |
|    time_elapsed    | 8328      |
|    total_timesteps | 467564    |
| train/             |           |
|    actor_loss      | -2.22e+03 |
|    critic_loss     | 1.6       |
|    ent_coef        | 0.148     |
|    ent_coef_loss   | -0.135    |
|    learning_rate   | 0.0003    |
|    n_updates       | 466563    |
----------------------------------
----------------------------------
| rollout/           |           |
|    ep_len_mean     | 971       |
|    ep_rew_mean     | 2.1e+04   |
| time/              |           |
|    episodes        | 500       |
|    fps             | 56        |
|    time_elapsed    | 8417      |
|    total_timesteps | 471564    |
| train/             |           |
|    actor_loss      | -2.22e+03 |
|    critic_loss     | 9.27      |
|    ent_coef        | 0.14      |
|    ent_coef_loss   | 0.155     |
|    learning_rate   | 0.0003    |
|    n_updates       | 470563    |
----------------------------------
----------------------------------
| rollout/           |           |
|    ep_len_mean     | 977       |
|    ep_rew_mean     | 2.11e+04  |
| time/              |           |
|    episodes        | 504       |
|    fps             | 55        |
|    time_elapsed    | 8507      |
|    total_timesteps | 475564    |
| train/             |           |
|    actor_loss      | -2.22e+03 |
|    critic_loss     | 1.88      |
|    ent_coef        | 0.138     |
|    ent_coef_loss   | 0.164     |
|    learning_rate   | 0.0003    |
|    n_updates       | 474563    |
----------------------------------
----------------------------------
| rollout/           |           |
|    ep_len_mean     | 977       |
|    ep_rew_mean     | 2.11e+04  |
| time/              |           |
|    episodes        | 508       |
|    fps             | 55        |
|    time_elapsed    | 8598      |
|    total_timesteps | 479564    |
| train/             |           |
|    actor_loss      | -2.22e+03 |
|    critic_loss     | 2.13      |
|    ent_coef        | 0.151     |
|    ent_coef_loss   | 0.265     |
|    learning_rate   | 0.0003    |
|    n_updates       | 478563    |
----------------------------------
----------------------------------
| rollout/           |           |
|    ep_len_mean     | 977       |
|    ep_rew_mean     | 2.11e+04  |
| time/              |           |
|    episodes        | 512       |
|    fps             | 55        |
|    time_elapsed    | 8693      |
|    total_timesteps | 483564    |
| train/             |           |
|    actor_loss      | -2.22e+03 |
|    critic_loss     | 0.725     |
|    ent_coef        | 0.136     |
|    ent_coef_loss   | -0.5      |
|    learning_rate   | 0.0003    |
|    n_updates       | 482563    |
----------------------------------
----------------------------------
| rollout/           |           |
|    ep_len_mean     | 977       |
|    ep_rew_mean     | 2.11e+04  |
| time/              |           |
|    episodes        | 516       |
|    fps             | 55        |
|    time_elapsed    | 8777      |
|    total_timesteps | 487554    |
| train/             |           |
|    actor_loss      | -2.22e+03 |
|    critic_loss     | 4.08      |
|    ent_coef        | 0.158     |
|    ent_coef_loss   | -0.51     |
|    learning_rate   | 0.0003    |
|    n_updates       | 486553    |
----------------------------------
----------------------------------
| rollout/           |           |
|    ep_len_mean     | 984       |
|    ep_rew_mean     | 2.13e+04  |
| time/              |           |
|    episodes        | 520       |
|    fps             | 55        |
|    time_elapsed    | 8861      |
|    total_timesteps | 491554    |
| train/             |           |
|    actor_loss      | -2.22e+03 |
|    critic_loss     | 4.81      |
|    ent_coef        | 0.156     |
|    ent_coef_loss   | -0.128    |
|    learning_rate   | 0.0003    |
|    n_updates       | 490553    |
----------------------------------
----------------------------------
| rollout/           |           |
|    ep_len_mean     | 988       |
|    ep_rew_mean     | 2.14e+04  |
| time/              |           |
|    episodes        | 524       |
|    fps             | 55        |
|    time_elapsed    | 8946      |
|    total_timesteps | 495180    |
| train/             |           |
|    actor_loss      | -2.23e+03 |
|    critic_loss     | 5.63      |
|    ent_coef        | 0.152     |
|    ent_coef_loss   | -0.141    |
|    learning_rate   | 0.0003    |
|    n_updates       | 494179    |
----------------------------------
----------------------------------
| rollout/           |           |
|    ep_len_mean     | 996       |
|    ep_rew_mean     | 2.16e+04  |
| time/              |           |
|    episodes        | 528       |
|    fps             | 55        |
|    time_elapsed    | 9038      |
|    total_timesteps | 499180    |
| train/             |           |
|    actor_loss      | -2.23e+03 |
|    critic_loss     | 2.25      |
|    ent_coef        | 0.163     |
|    ent_coef_loss   | -0.0925   |
|    learning_rate   | 0.0003    |
|    n_updates       | 498179    |
----------------------------------
[2026-08-15T17:34:35] Training complete in 9056.5s
[2026-08-15T17:34:35] Episodes: 528
[2026-08-15T17:34:35] Best reward: 21843.87
[2026-08-15T17:34:35] Mean reward (100ep): 21563.62
[2026-08-15T17:34:35] Final goal tolerance: 0.6
[2026-08-15T17:34:35] Curriculum stage: 0
[2026-08-15T17:34:35] Saved: {'model': 'C:\\Users\\ranjo\\OneDrive\\Desktop\\ARM-Model\\project_assets\\outputs\\ActuationComparison\\muscle_500k_seed42\\sac_model', 'history': 'C:\\Users\\ranjo\\OneDrive\\Desktop\\ARM-Model\\project_assets\\outputs\\ActuationComparison\\muscle_500k_seed42\\training_history.csv', 'stats': 'C:\\Users\\ranjo\\OneDrive\\Desktop\\ARM-Model\\project_assets\\outputs\\ActuationComparison\\muscle_500k_seed42\\training_stats.json'}
[2026-08-15T17:34:35] Running Fitts' Law sweep (10 trials per condition)...
[2026-08-15T17:35:09] Fitts sweep complete in 33.1s
[2026-08-15T17:35:09] Fitts: MT = -0.0002 + +0.0405 * ID, R^2 = 0.6304 (n_conditions = 19, trials_per_condition = 10)
[2026-08-15T17:35:09] Saved: C:\Users\ranjo\OneDrive\Desktop\ARM-Model\project_assets\outputs\ActuationComparison\muscle_500k_seed42\fitts_law.json
[2026-08-15T17:35:09] Saved: C:\Users\ranjo\OneDrive\Desktop\ARM-Model\project_assets\outputs\ActuationComparison\muscle_500k_seed42\fitts_law.png
[2026-08-15T17:35:09] Running 2/3 Power Law sweep (20 trials)...
[2026-08-15T17:35:11] Power Law sweep complete in 2.3s
[2026-08-15T17:35:11] Power Law: log V = -0.0041 + -0.4196 * log C, R = -0.3789, R^2 = 0.1436 (n_samples = 3894, n_trials = 0/20)
[2026-08-15T17:35:12] Saved: C:\Users\ranjo\OneDrive\Desktop\ARM-Model\project_assets\outputs\ActuationComparison\muscle_500k_seed42\power_law.json
[2026-08-15T17:35:12] Saved: C:\Users\ranjo\OneDrive\Desktop\ARM-Model\project_assets\outputs\ActuationComparison\muscle_500k_seed42\power_law.png
[2026-08-15T17:35:12] Session complete. Total wall time: 2:31:34.186207
[2026-08-15T17:35:12] ============================================================
