[2026-06-24T16:02:48] Starting Fischer session: algorithm=SAC, timesteps=500,000, direction=EAST, actuation=muscle, waypoints=[[2.5, 0.8], [0.2, 1.1], [1.8, -1.3]]
[2026-06-24T16:02:48] Save dir: C:\Users\ranjo\OneDrive\Desktop\ARM-Model\project_assets\outputs\Parallel_Seeds\seed_008
[2026-06-24T16:02:48] Waypoint mode active: 3 waypoints, current_waypoint_index=0 at every episode reset
Using cpu device
Wrapping the env with a `Monitor` wrapper
Wrapping the env in a DummyVecEnv.
[HoldCurriculum] Initial hold requirement: 10 steps (ladder: [10, 15, 20], threshold: 60%)
---------------------------------
| rollout/           |          |
|    ep_len_mean     | 1e+03    |
|    ep_rew_mean     | -4.8e+03 |
| time/              |          |
|    episodes        | 4        |
|    fps             | 89       |
|    time_elapsed    | 44       |
|    total_timesteps | 4000     |
| train/             |          |
|    actor_loss      | 39       |
|    critic_loss     | 1.14     |
|    ent_coef        | 0.411    |
|    ent_coef_loss   | -5.33    |
|    learning_rate   | 0.0003   |
|    n_updates       | 2999     |
---------------------------------

Training interrupted by user
[2026-06-24T16:03:59] Training complete in 67.6s
[2026-06-24T16:03:59] Episodes: 5
[2026-06-24T16:03:59] Best reward: -3276.93
[2026-06-24T16:03:59] Mean reward (100ep): -4492.18
[2026-06-24T16:03:59] Final goal tolerance: 0.6
[2026-06-24T16:03:59] Curriculum stage: 0
[2026-06-24T16:03:59] Saved: {'model': 'C:\\Users\\ranjo\\OneDrive\\Desktop\\ARM-Model\\project_assets\\outputs\\Parallel_Seeds\\seed_008\\sac_model', 'history': 'C:\\Users\\ranjo\\OneDrive\\Desktop\\ARM-Model\\project_assets\\outputs\\Parallel_Seeds\\seed_008\\training_history.csv', 'stats': 'C:\\Users\\ranjo\\OneDrive\\Desktop\\ARM-Model\\project_assets\\outputs\\Parallel_Seeds\\seed_008\\training_stats.json'}
[2026-06-24T16:03:59] Running Fitts' Law sweep (10 trials per condition)...
[2026-06-24T16:04:29] Fitts sweep complete in 29.8s
[2026-06-24T16:04:29] Fitts: MT = -0.0106 + +0.0862 * ID, R^2 = 0.7550 (n_conditions = 12, trials_per_condition = 10)
[2026-06-24T16:04:29] Saved: C:\Users\ranjo\OneDrive\Desktop\ARM-Model\project_assets\outputs\Parallel_Seeds\seed_008\fitts_law.json
[2026-06-24T16:04:29] Saved: C:\Users\ranjo\OneDrive\Desktop\ARM-Model\project_assets\outputs\Parallel_Seeds\seed_008\fitts_law.png
[2026-06-24T16:04:29] Running 2/3 Power Law sweep (20 trials)...
[2026-06-24T16:04:31] Power Law sweep complete in 2.0s
[2026-06-24T16:04:31] Power Law: log V = -0.0933 + -0.1598 * log C, R = -0.1791, R^2 = 0.0321 (n_samples = 3827, n_trials = 0/20)
[2026-06-24T16:04:32] Saved: C:\Users\ranjo\OneDrive\Desktop\ARM-Model\project_assets\outputs\Parallel_Seeds\seed_008\power_law.json
[2026-06-24T16:04:32] Saved: C:\Users\ranjo\OneDrive\Desktop\ARM-Model\project_assets\outputs\Parallel_Seeds\seed_008\power_law.png
[2026-06-24T16:04:32] Session complete. Total wall time: 0:01:43.842149
[2026-06-24T16:04:32] ============================================================
