[2026-06-23T15:06:42] Starting Fischer session: algorithm=SAC, timesteps=500,000, direction=EAST, actuation=muscle, waypoints=[[2.5, 0.8], [0.2, 1.1], [1.8, -1.3]]
[2026-06-23T15:06:42] Save dir: C:\Users\ranjo\OneDrive\Desktop\ARM-Model\project_assets\outputs\Parallel_Seeds\seed_017
[2026-06-23T15:06:42] Waypoint mode active: 3 waypoints, current_waypoint_index=0 at every episode reset
Using cpu device
Wrapping the env with a `Monitor` wrapper
Wrapping the env in a DummyVecEnv.
[HoldCurriculum] Initial hold requirement: 10 steps (ladder: [10, 15, 20], threshold: 60%)
----------------------------------
| rollout/           |           |
|    ep_len_mean     | 1e+03     |
|    ep_rew_mean     | -5.88e+03 |
| time/              |           |
|    episodes        | 4         |
|    fps             | 120       |
|    time_elapsed    | 33        |
|    total_timesteps | 4000      |
| train/             |           |
|    actor_loss      | 59        |
|    critic_loss     | 7.81      |
|    ent_coef        | 0.41      |
|    ent_coef_loss   | -5.63     |
|    learning_rate   | 0.0003    |
|    n_updates       | 2999      |
----------------------------------
----------------------------------
| rollout/           |           |
|    ep_len_mean     | 1e+03     |
|    ep_rew_mean     | -4.61e+03 |
| time/              |           |
|    episodes        | 8         |
|    fps             | 103       |
|    time_elapsed    | 77        |
|    total_timesteps | 8000      |
| train/             |           |
|    actor_loss      | 97.2      |
|    critic_loss     | 4.23      |
|    ent_coef        | 0.149     |
|    ent_coef_loss   | -4.74     |
|    learning_rate   | 0.0003    |
|    n_updates       | 6999      |
----------------------------------
----------------------------------
| rollout/           |           |
|    ep_len_mean     | 995       |
|    ep_rew_mean     | -3.49e+03 |
| time/              |           |
|    episodes        | 12        |
|    fps             | 0         |
|    time_elapsed    | 21620     |
|    total_timesteps | 11937     |
| train/             |           |
|    actor_loss      | 66.6      |
|    critic_loss     | 8.12      |
|    ent_coef        | 0.227     |
|    ent_coef_loss   | 0.264     |
|    learning_rate   | 0.0003    |
|    n_updates       | 10936     |
----------------------------------
----------------------------------
| rollout/           |           |
|    ep_len_mean     | 996       |
|    ep_rew_mean     | -3.05e+03 |
| time/              |           |
|    episodes        | 16        |
|    fps             | 0         |
|    time_elapsed    | 21665     |
|    total_timesteps | 15937     |
| train/             |           |
|    actor_loss      | 58.6      |
|    critic_loss     | 214       |
|    ent_coef        | 0.334     |
|    ent_coef_loss   | -0.439    |
|    learning_rate   | 0.0003    |
|    n_updates       | 14936     |
----------------------------------
----------------------------------
| rollout/           |           |
|    ep_len_mean     | 997       |
|    ep_rew_mean     | -2.86e+03 |
| time/              |           |
|    episodes        | 20        |
|    fps             | 0         |
|    time_elapsed    | 21712     |
|    total_timesteps | 19937     |
| train/             |           |
|    actor_loss      | 56.9      |
|    critic_loss     | 20.9      |
|    ent_coef        | 0.295     |
|    ent_coef_loss   | -0.35     |
|    learning_rate   | 0.0003    |
|    n_updates       | 18936     |
----------------------------------
----------------------------------
| rollout/           |           |
|    ep_len_mean     | 997       |
|    ep_rew_mean     | -2.74e+03 |
| time/              |           |
|    episodes        | 24        |
|    fps             | 1         |
|    time_elapsed    | 21759     |
|    total_timesteps | 23937     |
| train/             |           |
|    actor_loss      | -19       |
|    critic_loss     | 64.3      |
|    ent_coef        | 0.33      |
|    ent_coef_loss   | -0.0632   |
|    learning_rate   | 0.0003    |
|    n_updates       | 22936     |
----------------------------------
----------------------------------
| rollout/           |           |
|    ep_len_mean     | 998       |
|    ep_rew_mean     | -2.52e+03 |
| time/              |           |
|    episodes        | 28        |
|    fps             | 1         |
|    time_elapsed    | 21806     |
|    total_timesteps | 27937     |
| train/             |           |
|    actor_loss      | -32.7     |
|    critic_loss     | 20.5      |
|    ent_coef        | 0.334     |
|    ent_coef_loss   | 0.0996    |
|    learning_rate   | 0.0003    |
|    n_updates       | 26936     |
----------------------------------
---------------------------------
| rollout/           |          |
|    ep_len_mean     | 998      |
|    ep_rew_mean     | -2.4e+03 |
| time/              |          |
|    episodes        | 32       |
|    fps             | 1        |
|    time_elapsed    | 21853    |
|    total_timesteps | 31937    |
| train/             |          |
|    actor_loss      | -75.5    |
|    critic_loss     | 16.3     |
|    ent_coef        | 0.37     |
|    ent_coef_loss   | 0.0144   |
|    learning_rate   | 0.0003   |
|    n_updates       | 30936    |
---------------------------------
----------------------------------
| rollout/           |           |
|    ep_len_mean     | 998       |
|    ep_rew_mean     | -2.33e+03 |
| time/              |           |
|    episodes        | 36        |
|    fps             | 1         |
|    time_elapsed    | 21900     |
|    total_timesteps | 35937     |
| train/             |           |
|    actor_loss      | -65.1     |
|    critic_loss     | 23.3      |
|    ent_coef        | 0.331     |
|    ent_coef_loss   | -0.406    |
|    learning_rate   | 0.0003    |
|    n_updates       | 34936     |
----------------------------------
----------------------------------
| rollout/           |           |
|    ep_len_mean     | 998       |
|    ep_rew_mean     | -2.25e+03 |
| time/              |           |
|    episodes        | 40        |
|    fps             | 1         |
|    time_elapsed    | 21948     |
|    total_timesteps | 39937     |
| train/             |           |
|    actor_loss      | -114      |
|    critic_loss     | 147       |
|    ent_coef        | 0.325     |
|    ent_coef_loss   | -0.25     |
|    learning_rate   | 0.0003    |
|    n_updates       | 38936     |
----------------------------------
----------------------------------
| rollout/           |           |
|    ep_len_mean     | 999       |
|    ep_rew_mean     | -2.16e+03 |
| time/              |           |
|    episodes        | 44        |
|    fps             | 1         |
|    time_elapsed    | 21991     |
|    total_timesteps | 43937     |
| train/             |           |
|    actor_loss      | -103      |
|    critic_loss     | 15.4      |
|    ent_coef        | 0.397     |
|    ent_coef_loss   | -0.218    |
|    learning_rate   | 0.0003    |
|    n_updates       | 42936     |
----------------------------------
----------------------------------
| rollout/           |           |
|    ep_len_mean     | 999       |
|    ep_rew_mean     | -2.14e+03 |
| time/              |           |
|    episodes        | 48        |
|    fps             | 2         |
|    time_elapsed    | 22033     |
|    total_timesteps | 47937     |
| train/             |           |
|    actor_loss      | -94.6     |
|    critic_loss     | 12.9      |
|    ent_coef        | 0.367     |
|    ent_coef_loss   | -0.195    |
|    learning_rate   | 0.0003    |
|    n_updates       | 46936     |
----------------------------------
----------------------------------
| rollout/           |           |
|    ep_len_mean     | 999       |
|    ep_rew_mean     | -2.08e+03 |
| time/              |           |
|    episodes        | 52        |
|    fps             | 2         |
|    time_elapsed    | 22075     |
|    total_timesteps | 51937     |
| train/             |           |
|    actor_loss      | -93.8     |
|    critic_loss     | 16.1      |
|    ent_coef        | 0.369     |
|    ent_coef_loss   | -0.0629   |
|    learning_rate   | 0.0003    |
|    n_updates       | 50936     |
----------------------------------
----------------------------------
| rollout/           |           |
|    ep_len_mean     | 999       |
|    ep_rew_mean     | -2.01e+03 |
| time/              |           |
|    episodes        | 56        |
|    fps             | 2         |
|    time_elapsed    | 22118     |
|    total_timesteps | 55937     |
| train/             |           |
|    actor_loss      | -122      |
|    critic_loss     | 23.8      |
|    ent_coef        | 0.359     |
|    ent_coef_loss   | 0.226     |
|    learning_rate   | 0.0003    |
|    n_updates       | 54936     |
----------------------------------
---------------------------------
| rollout/           |          |
|    ep_len_mean     | 999      |
|    ep_rew_mean     | -1.9e+03 |
| time/              |          |
|    episodes        | 60       |
|    fps             | 2        |
|    time_elapsed    | 22160    |
|    total_timesteps | 59937    |
| train/             |          |
|    actor_loss      | -117     |
|    critic_loss     | 11.7     |
|    ent_coef        | 0.337    |
|    ent_coef_loss   | -0.123   |
|    learning_rate   | 0.0003   |
|    n_updates       | 58936    |
---------------------------------
----------------------------------
| rollout/           |           |
|    ep_len_mean     | 999       |
|    ep_rew_mean     | -1.82e+03 |
| time/              |           |
|    episodes        | 64        |
|    fps             | 2         |
|    time_elapsed    | 22203     |
|    total_timesteps | 63937     |
| train/             |           |
|    actor_loss      | -104      |
|    critic_loss     | 9.21      |
|    ent_coef        | 0.335     |
|    ent_coef_loss   | 0.331     |
|    learning_rate   | 0.0003    |
|    n_updates       | 62936     |
----------------------------------
---------------------------------
| rollout/           |          |
|    ep_len_mean     | 999      |
|    ep_rew_mean     | -1.8e+03 |
| time/              |          |
|    episodes        | 68       |
|    fps             | 3        |
|    time_elapsed    | 22246    |
|    total_timesteps | 67937    |
| train/             |          |
|    actor_loss      | -112     |
|    critic_loss     | 10.3     |
|    ent_coef        | 0.286    |
|    ent_coef_loss   | -0.289   |
|    learning_rate   | 0.0003   |
|    n_updates       | 66936    |
---------------------------------
---------------------------------
| rollout/           |          |
|    ep_len_mean     | 999      |
|    ep_rew_mean     | -1.8e+03 |
| time/              |          |
|    episodes        | 72       |
|    fps             | 3        |
|    time_elapsed    | 22289    |
|    total_timesteps | 71937    |
| train/             |          |
|    actor_loss      | -102     |
|    critic_loss     | 9.85     |
|    ent_coef        | 0.323    |
|    ent_coef_loss   | -0.373   |
|    learning_rate   | 0.0003   |
|    n_updates       | 70936    |
---------------------------------
----------------------------------
| rollout/           |           |
|    ep_len_mean     | 999       |
|    ep_rew_mean     | -1.75e+03 |
| time/              |           |
|    episodes        | 76        |
|    fps             | 3         |
|    time_elapsed    | 22333     |
|    total_timesteps | 75937     |
| train/             |           |
|    actor_loss      | -82       |
|    critic_loss     | 13.8      |
|    ent_coef        | 0.276     |
|    ent_coef_loss   | 0.271     |
|    learning_rate   | 0.0003    |
|    n_updates       | 74936     |
----------------------------------
---------------------------------
| rollout/           |          |
|    ep_len_mean     | 999      |
|    ep_rew_mean     | -1.7e+03 |
| time/              |          |
|    episodes        | 80       |
|    fps             | 3        |
|    time_elapsed    | 22376    |
|    total_timesteps | 79937    |
| train/             |          |
|    actor_loss      | -134     |
|    critic_loss     | 10.1     |
|    ent_coef        | 0.304    |
|    ent_coef_loss   | 0.605    |
|    learning_rate   | 0.0003   |
|    n_updates       | 78936    |
---------------------------------
----------------------------------
| rollout/           |           |
|    ep_len_mean     | 999       |
|    ep_rew_mean     | -1.65e+03 |
| time/              |           |
|    episodes        | 84        |
|    fps             | 3         |
|    time_elapsed    | 22421     |
|    total_timesteps | 83937     |
| train/             |           |
|    actor_loss      | -123      |
|    critic_loss     | 11.6      |
|    ent_coef        | 0.269     |
|    ent_coef_loss   | -0.02     |
|    learning_rate   | 0.0003    |
|    n_updates       | 82936     |
----------------------------------
---------------------------------
| rollout/           |          |
|    ep_len_mean     | 999      |
|    ep_rew_mean     | -1.6e+03 |
| time/              |          |
|    episodes        | 88       |
|    fps             | 3        |
|    time_elapsed    | 22464    |
|    total_timesteps | 87937    |
| train/             |          |
|    actor_loss      | -124     |
|    critic_loss     | 8.01     |
|    ent_coef        | 0.276    |
|    ent_coef_loss   | 0.0351   |
|    learning_rate   | 0.0003   |
|    n_updates       | 86936    |
---------------------------------
----------------------------------
| rollout/           |           |
|    ep_len_mean     | 999       |
|    ep_rew_mean     | -1.58e+03 |
| time/              |           |
|    episodes        | 92        |
|    fps             | 4         |
|    time_elapsed    | 22507     |
|    total_timesteps | 91937     |
| train/             |           |
|    actor_loss      | -134      |
|    critic_loss     | 11        |
|    ent_coef        | 0.239     |
|    ent_coef_loss   | -0.556    |
|    learning_rate   | 0.0003    |
|    n_updates       | 90936     |
----------------------------------
----------------------------------
| rollout/           |           |
|    ep_len_mean     | 999       |
|    ep_rew_mean     | -1.52e+03 |
| time/              |           |
|    episodes        | 96        |
|    fps             | 4         |
|    time_elapsed    | 22551     |
|    total_timesteps | 95937     |
| train/             |           |
|    actor_loss      | -117      |
|    critic_loss     | 31.4      |
|    ent_coef        | 0.23      |
|    ent_coef_loss   | 0.138     |
|    learning_rate   | 0.0003    |
|    n_updates       | 94936     |
----------------------------------
----------------------------------
| rollout/           |           |
|    ep_len_mean     | 999       |
|    ep_rew_mean     | -1.49e+03 |
| time/              |           |
|    episodes        | 100       |
|    fps             | 4         |
|    time_elapsed    | 22594     |
|    total_timesteps | 99937     |
| train/             |           |
|    actor_loss      | -79.4     |
|    critic_loss     | 501       |
|    ent_coef        | 0.244     |
|    ent_coef_loss   | -0.214    |
|    learning_rate   | 0.0003    |
|    n_updates       | 98936     |
----------------------------------
----------------------------------
| rollout/           |           |
|    ep_len_mean     | 999       |
|    ep_rew_mean     | -1.29e+03 |
| time/              |           |
|    episodes        | 104       |
|    fps             | 4         |
|    time_elapsed    | 22637     |
|    total_timesteps | 103937    |
| train/             |           |
|    actor_loss      | -108      |
|    critic_loss     | 8.84      |
|    ent_coef        | 0.234     |
|    ent_coef_loss   | 0.0509    |
|    learning_rate   | 0.0003    |
|    n_updates       | 102936    |
----------------------------------
----------------------------------
| rollout/           |           |
|    ep_len_mean     | 999       |
|    ep_rew_mean     | -1.17e+03 |
| time/              |           |
|    episodes        | 108       |
|    fps             | 4         |
|    time_elapsed    | 22680     |
|    total_timesteps | 107937    |
| train/             |           |
|    actor_loss      | -92.2     |
|    critic_loss     | 7.59      |
|    ent_coef        | 0.219     |
|    ent_coef_loss   | -0.663    |
|    learning_rate   | 0.0003    |
|    n_updates       | 106936    |
----------------------------------
----------------------------------
| rollout/           |           |
|    ep_len_mean     | 1e+03     |
|    ep_rew_mean     | -1.14e+03 |
| time/              |           |
|    episodes        | 112       |
|    fps             | 4         |
|    time_elapsed    | 22723     |
|    total_timesteps | 111937    |
| train/             |           |
|    actor_loss      | -66.4     |
|    critic_loss     | 18.2      |
|    ent_coef        | 0.209     |
|    ent_coef_loss   | -0.185    |
|    learning_rate   | 0.0003    |
|    n_updates       | 110936    |
----------------------------------
----------------------------------
| rollout/           |           |
|    ep_len_mean     | 1e+03     |
|    ep_rew_mean     | -1.08e+03 |
| time/              |           |
|    episodes        | 116       |
|    fps             | 5         |
|    time_elapsed    | 22767     |
|    total_timesteps | 115937    |
| train/             |           |
|    actor_loss      | -59.5     |
|    critic_loss     | 4.18      |
|    ent_coef        | 0.188     |
|    ent_coef_loss   | 0.311     |
|    learning_rate   | 0.0003    |
|    n_updates       | 114936    |
----------------------------------
----------------------------------
| rollout/           |           |
|    ep_len_mean     | 1e+03     |
|    ep_rew_mean     | -1.01e+03 |
| time/              |           |
|    episodes        | 120       |
|    fps             | 5         |
|    time_elapsed    | 22810     |
|    total_timesteps | 119937    |
| train/             |           |
|    actor_loss      | -34.9     |
|    critic_loss     | 30.9      |
|    ent_coef        | 0.19      |
|    ent_coef_loss   | -0.183    |
|    learning_rate   | 0.0003    |
|    n_updates       | 118936    |
----------------------------------
---------------------------------
| rollout/           |          |
|    ep_len_mean     | 1e+03    |
|    ep_rew_mean     | -931     |
| time/              |          |
|    episodes        | 124      |
|    fps             | 5        |
|    time_elapsed    | 22854    |
|    total_timesteps | 123937   |
| train/             |          |
|    actor_loss      | -58.6    |
|    critic_loss     | 6.83     |
|    ent_coef        | 0.198    |
|    ent_coef_loss   | 0.0382   |
|    learning_rate   | 0.0003   |
|    n_updates       | 122936   |
---------------------------------
---------------------------------
| rollout/           |          |
|    ep_len_mean     | 1e+03    |
|    ep_rew_mean     | -919     |
| time/              |          |
|    episodes        | 128      |
|    fps             | 5        |
|    time_elapsed    | 22897    |
|    total_timesteps | 127937   |
| train/             |          |
|    actor_loss      | -59.4    |
|    critic_loss     | 4.71     |
|    ent_coef        | 0.188    |
|    ent_coef_loss   | -0.237   |
|    learning_rate   | 0.0003   |
|    n_updates       | 126936   |
---------------------------------
---------------------------------
| rollout/           |          |
|    ep_len_mean     | 1e+03    |
|    ep_rew_mean     | -897     |
| time/              |          |
|    episodes        | 132      |
|    fps             | 5        |
|    time_elapsed    | 22941    |
|    total_timesteps | 131937   |
| train/             |          |
|    actor_loss      | -37.7    |
|    critic_loss     | 5.88     |
|    ent_coef        | 0.164    |
|    ent_coef_loss   | 0.303    |
|    learning_rate   | 0.0003   |
|    n_updates       | 130936   |
---------------------------------
---------------------------------
| rollout/           |          |
|    ep_len_mean     | 1e+03    |
|    ep_rew_mean     | -852     |
| time/              |          |
|    episodes        | 136      |
|    fps             | 5        |
|    time_elapsed    | 22985    |
|    total_timesteps | 135937   |
| train/             |          |
|    actor_loss      | -79.7    |
|    critic_loss     | 17.6     |
|    ent_coef        | 0.165    |
|    ent_coef_loss   | 0.236    |
|    learning_rate   | 0.0003   |
|    n_updates       | 134936   |
---------------------------------
---------------------------------
| rollout/           |          |
|    ep_len_mean     | 1e+03    |
|    ep_rew_mean     | -819     |
| time/              |          |
|    episodes        | 140      |
|    fps             | 6        |
|    time_elapsed    | 23029    |
|    total_timesteps | 139937   |
| train/             |          |
|    actor_loss      | -73      |
|    critic_loss     | 9.77     |
|    ent_coef        | 0.171    |
|    ent_coef_loss   | -0.111   |
|    learning_rate   | 0.0003   |
|    n_updates       | 138936   |
---------------------------------
---------------------------------
| rollout/           |          |
|    ep_len_mean     | 1e+03    |
|    ep_rew_mean     | -783     |
| time/              |          |
|    episodes        | 144      |
|    fps             | 6        |
|    time_elapsed    | 23072    |
|    total_timesteps | 143937   |
| train/             |          |
|    actor_loss      | -64.4    |
|    critic_loss     | 3.93     |
|    ent_coef        | 0.169    |
|    ent_coef_loss   | 0.319    |
|    learning_rate   | 0.0003   |
|    n_updates       | 142936   |
---------------------------------
---------------------------------
| rollout/           |          |
|    ep_len_mean     | 1e+03    |
|    ep_rew_mean     | -710     |
| time/              |          |
|    episodes        | 148      |
|    fps             | 6        |
|    time_elapsed    | 23115    |
|    total_timesteps | 147937   |
| train/             |          |
|    actor_loss      | -69.2    |
|    critic_loss     | 5.83     |
|    ent_coef        | 0.187    |
|    ent_coef_loss   | 0.0924   |
|    learning_rate   | 0.0003   |
|    n_updates       | 146936   |
---------------------------------
---------------------------------
| rollout/           |          |
|    ep_len_mean     | 1e+03    |
|    ep_rew_mean     | -670     |
| time/              |          |
|    episodes        | 152      |
|    fps             | 6        |
|    time_elapsed    | 23159    |
|    total_timesteps | 151937   |
| train/             |          |
|    actor_loss      | -73.3    |
|    critic_loss     | 4.14     |
|    ent_coef        | 0.192    |
|    ent_coef_loss   | -0.488   |
|    learning_rate   | 0.0003   |
|    n_updates       | 150936   |
---------------------------------
---------------------------------
| rollout/           |          |
|    ep_len_mean     | 1e+03    |
|    ep_rew_mean     | -635     |
| time/              |          |
|    episodes        | 156      |
|    fps             | 6        |
|    time_elapsed    | 23202    |
|    total_timesteps | 155937   |
| train/             |          |
|    actor_loss      | -94      |
|    critic_loss     | 4.61     |
|    ent_coef        | 0.186    |
|    ent_coef_loss   | -0.222   |
|    learning_rate   | 0.0003   |
|    n_updates       | 154936   |
---------------------------------
---------------------------------
| rollout/           |          |
|    ep_len_mean     | 1e+03    |
|    ep_rew_mean     | -628     |
| time/              |          |
|    episodes        | 160      |
|    fps             | 6        |
|    time_elapsed    | 23246    |
|    total_timesteps | 159937   |
| train/             |          |
|    actor_loss      | -88      |
|    critic_loss     | 6.95     |
|    ent_coef        | 0.126    |
|    ent_coef_loss   | -0.515   |
|    learning_rate   | 0.0003   |
|    n_updates       | 158936   |
---------------------------------
---------------------------------
| rollout/           |          |
|    ep_len_mean     | 1e+03    |
|    ep_rew_mean     | -620     |
| time/              |          |
|    episodes        | 164      |
|    fps             | 7        |
|    time_elapsed    | 23290    |
|    total_timesteps | 163937   |
| train/             |          |
|    actor_loss      | -86.9    |
|    critic_loss     | 4.25     |
|    ent_coef        | 0.156    |
|    ent_coef_loss   | -0.00112 |
|    learning_rate   | 0.0003   |
|    n_updates       | 162936   |
---------------------------------
---------------------------------
| rollout/           |          |
|    ep_len_mean     | 1e+03    |
|    ep_rew_mean     | -565     |
| time/              |          |
|    episodes        | 168      |
|    fps             | 7        |
|    time_elapsed    | 23334    |
|    total_timesteps | 167937   |
| train/             |          |
|    actor_loss      | -79.6    |
|    critic_loss     | 16       |
|    ent_coef        | 0.146    |
|    ent_coef_loss   | -0.195   |
|    learning_rate   | 0.0003   |
|    n_updates       | 166936   |
---------------------------------
---------------------------------
| rollout/           |          |
|    ep_len_mean     | 1e+03    |
|    ep_rew_mean     | -491     |
| time/              |          |
|    episodes        | 172      |
|    fps             | 7        |
|    time_elapsed    | 23377    |
|    total_timesteps | 171937   |
| train/             |          |
|    actor_loss      | -97.5    |
|    critic_loss     | 4.88     |
|    ent_coef        | 0.142    |
|    ent_coef_loss   | 0.0382   |
|    learning_rate   | 0.0003   |
|    n_updates       | 170936   |
---------------------------------
---------------------------------
| rollout/           |          |
|    ep_len_mean     | 1e+03    |
|    ep_rew_mean     | -460     |
| time/              |          |
|    episodes        | 176      |
|    fps             | 7        |
|    time_elapsed    | 23421    |
|    total_timesteps | 175937   |
| train/             |          |
|    actor_loss      | -90      |
|    critic_loss     | 5.5      |
|    ent_coef        | 0.131    |
|    ent_coef_loss   | -0.279   |
|    learning_rate   | 0.0003   |
|    n_updates       | 174936   |
---------------------------------
---------------------------------
| rollout/           |          |
|    ep_len_mean     | 1e+03    |
|    ep_rew_mean     | -425     |
| time/              |          |
|    episodes        | 180      |
|    fps             | 7        |
|    time_elapsed    | 23465    |
|    total_timesteps | 179937   |
| train/             |          |
|    actor_loss      | -74      |
|    critic_loss     | 5.37     |
|    ent_coef        | 0.129    |
|    ent_coef_loss   | -0.556   |
|    learning_rate   | 0.0003   |
|    n_updates       | 178936   |
---------------------------------
---------------------------------
| rollout/           |          |
|    ep_len_mean     | 1e+03    |
|    ep_rew_mean     | -391     |
| time/              |          |
|    episodes        | 184      |
|    fps             | 7        |
|    time_elapsed    | 23509    |
|    total_timesteps | 183937   |
| train/             |          |
|    actor_loss      | -87.2    |
|    critic_loss     | 4.46     |
|    ent_coef        | 0.118    |
|    ent_coef_loss   | 0.281    |
|    learning_rate   | 0.0003   |
|    n_updates       | 182936   |
---------------------------------
---------------------------------
| rollout/           |          |
|    ep_len_mean     | 1e+03    |
|    ep_rew_mean     | -367     |
| time/              |          |
|    episodes        | 188      |
|    fps             | 7        |
|    time_elapsed    | 23552    |
|    total_timesteps | 187937   |
| train/             |          |
|    actor_loss      | -80.6    |
|    critic_loss     | 3.04     |
|    ent_coef        | 0.107    |
|    ent_coef_loss   | 1.26     |
|    learning_rate   | 0.0003   |
|    n_updates       | 186936   |
---------------------------------
---------------------------------
| rollout/           |          |
|    ep_len_mean     | 1e+03    |
|    ep_rew_mean     | -326     |
| time/              |          |
|    episodes        | 192      |
|    fps             | 8        |
|    time_elapsed    | 23596    |
|    total_timesteps | 191937   |
| train/             |          |
|    actor_loss      | -60.4    |
|    critic_loss     | 3.61     |
|    ent_coef        | 0.0909   |
|    ent_coef_loss   | 0.713    |
|    learning_rate   | 0.0003   |
|    n_updates       | 190936   |
---------------------------------
---------------------------------
| rollout/           |          |
|    ep_len_mean     | 1e+03    |
|    ep_rew_mean     | -315     |
| time/              |          |
|    episodes        | 196      |
|    fps             | 8        |
|    time_elapsed    | 23640    |
|    total_timesteps | 195937   |
| train/             |          |
|    actor_loss      | -67.2    |
|    critic_loss     | 3.74     |
|    ent_coef        | 0.0862   |
|    ent_coef_loss   | 0.261    |
|    learning_rate   | 0.0003   |
|    n_updates       | 194936   |
---------------------------------
---------------------------------
| rollout/           |          |
|    ep_len_mean     | 1e+03    |
|    ep_rew_mean     | -276     |
| time/              |          |
|    episodes        | 200      |
|    fps             | 8        |
|    time_elapsed    | 23684    |
|    total_timesteps | 199937   |
| train/             |          |
|    actor_loss      | -66.3    |
|    critic_loss     | 2.29     |
|    ent_coef        | 0.1      |
|    ent_coef_loss   | 0.662    |
|    learning_rate   | 0.0003   |
|    n_updates       | 198936   |
---------------------------------
---------------------------------
| rollout/           |          |
|    ep_len_mean     | 1e+03    |
|    ep_rew_mean     | -238     |
| time/              |          |
|    episodes        | 204      |
|    fps             | 8        |
|    time_elapsed    | 23728    |
|    total_timesteps | 203937   |
| train/             |          |
|    actor_loss      | -73.7    |
|    critic_loss     | 4.31     |
|    ent_coef        | 0.0885   |
|    ent_coef_loss   | -0.082   |
|    learning_rate   | 0.0003   |
|    n_updates       | 202936   |
---------------------------------
---------------------------------
| rollout/           |          |
|    ep_len_mean     | 1e+03    |
|    ep_rew_mean     | -261     |
| time/              |          |
|    episodes        | 208      |
|    fps             | 8        |
|    time_elapsed    | 23771    |
|    total_timesteps | 207937   |
| train/             |          |
|    actor_loss      | -84.9    |
|    critic_loss     | 2.91     |
|    ent_coef        | 0.0976   |
|    ent_coef_loss   | 0.208    |
|    learning_rate   | 0.0003   |
|    n_updates       | 206936   |
---------------------------------
---------------------------------
| rollout/           |          |
|    ep_len_mean     | 1e+03    |
|    ep_rew_mean     | -234     |
| time/              |          |
|    episodes        | 212      |
|    fps             | 8        |
|    time_elapsed    | 23815    |
|    total_timesteps | 211937   |
| train/             |          |
|    actor_loss      | -73.3    |
|    critic_loss     | 2.65     |
|    ent_coef        | 0.109    |
|    ent_coef_loss   | 0.0506   |
|    learning_rate   | 0.0003   |
|    n_updates       | 210936   |
---------------------------------
---------------------------------
| rollout/           |          |
|    ep_len_mean     | 1e+03    |
|    ep_rew_mean     | -199     |
| time/              |          |
|    episodes        | 216      |
|    fps             | 9        |
|    time_elapsed    | 23860    |
|    total_timesteps | 215937   |
| train/             |          |
|    actor_loss      | -81.1    |
|    critic_loss     | 2.93     |
|    ent_coef        | 0.106    |
|    ent_coef_loss   | -0.189   |
|    learning_rate   | 0.0003   |
|    n_updates       | 214936   |
---------------------------------
---------------------------------
| rollout/           |          |
|    ep_len_mean     | 1e+03    |
|    ep_rew_mean     | -172     |
| time/              |          |
|    episodes        | 220      |
|    fps             | 9        |
|    time_elapsed    | 23905    |
|    total_timesteps | 219937   |
| train/             |          |
|    actor_loss      | -74.6    |
|    critic_loss     | 2        |
|    ent_coef        | 0.103    |
|    ent_coef_loss   | -0.234   |
|    learning_rate   | 0.0003   |
|    n_updates       | 218936   |
---------------------------------
---------------------------------
| rollout/           |          |
|    ep_len_mean     | 1e+03    |
|    ep_rew_mean     | -146     |
| time/              |          |
|    episodes        | 224      |
|    fps             | 9        |
|    time_elapsed    | 23949    |
|    total_timesteps | 223937   |
| train/             |          |
|    actor_loss      | -79.8    |
|    critic_loss     | 1.77     |
|    ent_coef        | 0.0899   |
|    ent_coef_loss   | 0.356    |
|    learning_rate   | 0.0003   |
|    n_updates       | 222936   |
---------------------------------
---------------------------------
| rollout/           |          |
|    ep_len_mean     | 1e+03    |
|    ep_rew_mean     | -87.6    |
| time/              |          |
|    episodes        | 228      |
|    fps             | 9        |
|    time_elapsed    | 23994    |
|    total_timesteps | 227937   |
| train/             |          |
|    actor_loss      | -84.9    |
|    critic_loss     | 4.57     |
|    ent_coef        | 0.0935   |
|    ent_coef_loss   | 1.27     |
|    learning_rate   | 0.0003   |
|    n_updates       | 226936   |
---------------------------------
---------------------------------
| rollout/           |          |
|    ep_len_mean     | 1e+03    |
|    ep_rew_mean     | -30.6    |
| time/              |          |
|    episodes        | 232      |
|    fps             | 9        |
|    time_elapsed    | 24038    |
|    total_timesteps | 231937   |
| train/             |          |
|    actor_loss      | -79.6    |
|    critic_loss     | 2.79     |
|    ent_coef        | 0.0895   |
|    ent_coef_loss   | -1.33    |
|    learning_rate   | 0.0003   |
|    n_updates       | 230936   |
---------------------------------
---------------------------------
| rollout/           |          |
|    ep_len_mean     | 1e+03    |
|    ep_rew_mean     | 18.4     |
| time/              |          |
|    episodes        | 236      |
|    fps             | 9        |
|    time_elapsed    | 24083    |
|    total_timesteps | 235937   |
| train/             |          |
|    actor_loss      | -96.3    |
|    critic_loss     | 1.42     |
|    ent_coef        | 0.0921   |
|    ent_coef_loss   | -0.179   |
|    learning_rate   | 0.0003   |
|    n_updates       | 234936   |
---------------------------------
---------------------------------
| rollout/           |          |
|    ep_len_mean     | 1e+03    |
|    ep_rew_mean     | 61.1     |
| time/              |          |
|    episodes        | 240      |
|    fps             | 9        |
|    time_elapsed    | 24128    |
|    total_timesteps | 239937   |
| train/             |          |
|    actor_loss      | -101     |
|    critic_loss     | 2.03     |
|    ent_coef        | 0.0963   |
|    ent_coef_loss   | 0.626    |
|    learning_rate   | 0.0003   |
|    n_updates       | 238936   |
---------------------------------
---------------------------------
| rollout/           |          |
|    ep_len_mean     | 1e+03    |
|    ep_rew_mean     | 88.3     |
| time/              |          |
|    episodes        | 244      |
|    fps             | 10       |
|    time_elapsed    | 24173    |
|    total_timesteps | 243937   |
| train/             |          |
|    actor_loss      | -96.7    |
|    critic_loss     | 2.19     |
|    ent_coef        | 0.0973   |
|    ent_coef_loss   | 0.374    |
|    learning_rate   | 0.0003   |
|    n_updates       | 242936   |
---------------------------------
---------------------------------
| rollout/           |          |
|    ep_len_mean     | 1e+03    |
|    ep_rew_mean     | 96.7     |
| time/              |          |
|    episodes        | 248      |
|    fps             | 10       |
|    time_elapsed    | 24218    |
|    total_timesteps | 247937   |
| train/             |          |
|    actor_loss      | -109     |
|    critic_loss     | 1.7      |
|    ent_coef        | 0.0889   |
|    ent_coef_loss   | -0.143   |
|    learning_rate   | 0.0003   |
|    n_updates       | 246936   |
---------------------------------
---------------------------------
| rollout/           |          |
|    ep_len_mean     | 1e+03    |
|    ep_rew_mean     | 78.7     |
| time/              |          |
|    episodes        | 252      |
|    fps             | 10       |
|    time_elapsed    | 24263    |
|    total_timesteps | 251937   |
| train/             |          |
|    actor_loss      | -125     |
|    critic_loss     | 1.67     |
|    ent_coef        | 0.0676   |
|    ent_coef_loss   | 0.433    |
|    learning_rate   | 0.0003   |
|    n_updates       | 250936   |
---------------------------------
---------------------------------
| rollout/           |          |
|    ep_len_mean     | 1e+03    |
|    ep_rew_mean     | 87.7     |
| time/              |          |
|    episodes        | 256      |
|    fps             | 10       |
|    time_elapsed    | 24304    |
|    total_timesteps | 255937   |
| train/             |          |
|    actor_loss      | -116     |
|    critic_loss     | 1.84     |
|    ent_coef        | 0.072    |
|    ent_coef_loss   | 0.174    |
|    learning_rate   | 0.0003   |
|    n_updates       | 254936   |
---------------------------------
---------------------------------
| rollout/           |          |
|    ep_len_mean     | 997      |
|    ep_rew_mean     | 120      |
| time/              |          |
|    episodes        | 260      |
|    fps             | 10       |
|    time_elapsed    | 24335    |
|    total_timesteps | 259624   |
| train/             |          |
|    actor_loss      | -129     |
|    critic_loss     | 2.97     |
|    ent_coef        | 0.0527   |
|    ent_coef_loss   | 0.11     |
|    learning_rate   | 0.0003   |
|    n_updates       | 258623   |
---------------------------------
---------------------------------
| rollout/           |          |
|    ep_len_mean     | 997      |
|    ep_rew_mean     | 152      |
| time/              |          |
|    episodes        | 264      |
|    fps             | 10       |
|    time_elapsed    | 24368    |
|    total_timesteps | 263624   |
| train/             |          |
|    actor_loss      | -117     |
|    critic_loss     | 0.997    |
|    ent_coef        | 0.0477   |
|    ent_coef_loss   | -0.0312  |
|    learning_rate   | 0.0003   |
|    n_updates       | 262623   |
---------------------------------
---------------------------------
| rollout/           |          |
|    ep_len_mean     | 997      |
|    ep_rew_mean     | 181      |
| time/              |          |
|    episodes        | 268      |
|    fps             | 10       |
|    time_elapsed    | 24401    |
|    total_timesteps | 267624   |
| train/             |          |
|    actor_loss      | -111     |
|    critic_loss     | 5.95     |
|    ent_coef        | 0.0503   |
|    ent_coef_loss   | 0.695    |
|    learning_rate   | 0.0003   |
|    n_updates       | 266623   |
---------------------------------
---------------------------------
| rollout/           |          |
|    ep_len_mean     | 997      |
|    ep_rew_mean     | 204      |
| time/              |          |
|    episodes        | 272      |
|    fps             | 11       |
|    time_elapsed    | 24434    |
|    total_timesteps | 271624   |
| train/             |          |
|    actor_loss      | -128     |
|    critic_loss     | 6.45     |
|    ent_coef        | 0.0522   |
|    ent_coef_loss   | 0.244    |
|    learning_rate   | 0.0003   |
|    n_updates       | 270623   |
---------------------------------
---------------------------------
| rollout/           |          |
|    ep_len_mean     | 997      |
|    ep_rew_mean     | 220      |
| time/              |          |
|    episodes        | 276      |
|    fps             | 11       |
|    time_elapsed    | 24468    |
|    total_timesteps | 275624   |
| train/             |          |
|    actor_loss      | -118     |
|    critic_loss     | 2.48     |
|    ent_coef        | 0.0482   |
|    ent_coef_loss   | 0.724    |
|    learning_rate   | 0.0003   |
|    n_updates       | 274623   |
---------------------------------
---------------------------------
| rollout/           |          |
|    ep_len_mean     | 997      |
|    ep_rew_mean     | 233      |
| time/              |          |
|    episodes        | 280      |
|    fps             | 11       |
|    time_elapsed    | 24501    |
|    total_timesteps | 279624   |
| train/             |          |
|    actor_loss      | -123     |
|    critic_loss     | 2.01     |
|    ent_coef        | 0.0665   |
|    ent_coef_loss   | -0.753   |
|    learning_rate   | 0.0003   |
|    n_updates       | 278623   |
---------------------------------
---------------------------------
| rollout/           |          |
|    ep_len_mean     | 997      |
|    ep_rew_mean     | 218      |
| time/              |          |
|    episodes        | 284      |
|    fps             | 11       |
|    time_elapsed    | 24534    |
|    total_timesteps | 283624   |
| train/             |          |
|    actor_loss      | -117     |
|    critic_loss     | 0.851    |
|    ent_coef        | 0.0502   |
|    ent_coef_loss   | -0.585   |
|    learning_rate   | 0.0003   |
|    n_updates       | 282623   |
---------------------------------
---------------------------------
| rollout/           |          |
|    ep_len_mean     | 997      |
|    ep_rew_mean     | 237      |
| time/              |          |
|    episodes        | 288      |
|    fps             | 11       |
|    time_elapsed    | 24567    |
|    total_timesteps | 287624   |
| train/             |          |
|    actor_loss      | -125     |
|    critic_loss     | 0.957    |
|    ent_coef        | 0.0486   |
|    ent_coef_loss   | -0.304   |
|    learning_rate   | 0.0003   |
|    n_updates       | 286623   |
---------------------------------
---------------------------------
| rollout/           |          |
|    ep_len_mean     | 997      |
|    ep_rew_mean     | 247      |
| time/              |          |
|    episodes        | 292      |
|    fps             | 11       |
|    time_elapsed    | 24600    |
|    total_timesteps | 291624   |
| train/             |          |
|    actor_loss      | -121     |
|    critic_loss     | 1.17     |
|    ent_coef        | 0.0533   |
|    ent_coef_loss   | 0.422    |
|    learning_rate   | 0.0003   |
|    n_updates       | 290623   |
---------------------------------
---------------------------------
| rollout/           |          |
|    ep_len_mean     | 997      |
|    ep_rew_mean     | 253      |
| time/              |          |
|    episodes        | 296      |
|    fps             | 12       |
|    time_elapsed    | 24633    |
|    total_timesteps | 295624   |
| train/             |          |
|    actor_loss      | -108     |
|    critic_loss     | 1.47     |
|    ent_coef        | 0.0461   |
|    ent_coef_loss   | -0.452   |
|    learning_rate   | 0.0003   |
|    n_updates       | 294623   |
---------------------------------
---------------------------------
| rollout/           |          |
|    ep_len_mean     | 997      |
|    ep_rew_mean     | 261      |
| time/              |          |
|    episodes        | 300      |
|    fps             | 12       |
|    time_elapsed    | 24666    |
|    total_timesteps | 299624   |
| train/             |          |
|    actor_loss      | -113     |
|    critic_loss     | 3.63     |
|    ent_coef        | 0.0394   |
|    ent_coef_loss   | 0.717    |
|    learning_rate   | 0.0003   |
|    n_updates       | 298623   |
---------------------------------
---------------------------------
| rollout/           |          |
|    ep_len_mean     | 997      |
|    ep_rew_mean     | 266      |
| time/              |          |
|    episodes        | 304      |
|    fps             | 12       |
|    time_elapsed    | 24700    |
|    total_timesteps | 303624   |
| train/             |          |
|    actor_loss      | -114     |
|    critic_loss     | 0.804    |
|    ent_coef        | 0.0353   |
|    ent_coef_loss   | -0.0253  |
|    learning_rate   | 0.0003   |
|    n_updates       | 302623   |
---------------------------------
---------------------------------
| rollout/           |          |
|    ep_len_mean     | 997      |
|    ep_rew_mean     | 311      |
| time/              |          |
|    episodes        | 308      |
|    fps             | 12       |
|    time_elapsed    | 24733    |
|    total_timesteps | 307624   |
| train/             |          |
|    actor_loss      | -109     |
|    critic_loss     | 1.55     |
|    ent_coef        | 0.0344   |
|    ent_coef_loss   | -0.683   |
|    learning_rate   | 0.0003   |
|    n_updates       | 306623   |
---------------------------------
---------------------------------
| rollout/           |          |
|    ep_len_mean     | 997      |
|    ep_rew_mean     | 304      |
| time/              |          |
|    episodes        | 312      |
|    fps             | 12       |
|    time_elapsed    | 24766    |
|    total_timesteps | 311624   |
| train/             |          |
|    actor_loss      | -118     |
|    critic_loss     | 0.606    |
|    ent_coef        | 0.0366   |
|    ent_coef_loss   | 0.406    |
|    learning_rate   | 0.0003   |
|    n_updates       | 310623   |
---------------------------------
---------------------------------
| rollout/           |          |
|    ep_len_mean     | 997      |
|    ep_rew_mean     | 295      |
| time/              |          |
|    episodes        | 316      |
|    fps             | 12       |
|    time_elapsed    | 24799    |
|    total_timesteps | 315624   |
| train/             |          |
|    actor_loss      | -109     |
|    critic_loss     | 1.87     |
|    ent_coef        | 0.0352   |
|    ent_coef_loss   | 0.0368   |
|    learning_rate   | 0.0003   |
|    n_updates       | 314623   |
---------------------------------
---------------------------------
| rollout/           |          |
|    ep_len_mean     | 997      |
|    ep_rew_mean     | 297      |
| time/              |          |
|    episodes        | 320      |
|    fps             | 12       |
|    time_elapsed    | 24833    |
|    total_timesteps | 319624   |
| train/             |          |
|    actor_loss      | -106     |
|    critic_loss     | 1.29     |
|    ent_coef        | 0.0425   |
|    ent_coef_loss   | -1.32    |
|    learning_rate   | 0.0003   |
|    n_updates       | 318623   |
---------------------------------
---------------------------------
| rollout/           |          |
|    ep_len_mean     | 997      |
|    ep_rew_mean     | 300      |
| time/              |          |
|    episodes        | 324      |
|    fps             | 13       |
|    time_elapsed    | 24866    |
|    total_timesteps | 323624   |
| train/             |          |
|    actor_loss      | -102     |
|    critic_loss     | 1.06     |
|    ent_coef        | 0.0384   |
|    ent_coef_loss   | 0.755    |
|    learning_rate   | 0.0003   |
|    n_updates       | 322623   |
---------------------------------
---------------------------------
| rollout/           |          |
|    ep_len_mean     | 997      |
|    ep_rew_mean     | 299      |
| time/              |          |
|    episodes        | 328      |
|    fps             | 13       |
|    time_elapsed    | 24899    |
|    total_timesteps | 327624   |
| train/             |          |
|    actor_loss      | -111     |
|    critic_loss     | 0.764    |
|    ent_coef        | 0.0448   |
|    ent_coef_loss   | -0.142   |
|    learning_rate   | 0.0003   |
|    n_updates       | 326623   |
---------------------------------
---------------------------------
| rollout/           |          |
|    ep_len_mean     | 997      |
|    ep_rew_mean     | 313      |
| time/              |          |
|    episodes        | 332      |
|    fps             | 13       |
|    time_elapsed    | 24933    |
|    total_timesteps | 331624   |
| train/             |          |
|    actor_loss      | -95.7    |
|    critic_loss     | 0.849    |
|    ent_coef        | 0.0348   |
|    ent_coef_loss   | -0.99    |
|    learning_rate   | 0.0003   |
|    n_updates       | 330623   |
---------------------------------
---------------------------------
| rollout/           |          |
|    ep_len_mean     | 997      |
|    ep_rew_mean     | 317      |
| time/              |          |
|    episodes        | 336      |
|    fps             | 13       |
|    time_elapsed    | 24966    |
|    total_timesteps | 335624   |
| train/             |          |
|    actor_loss      | -103     |
|    critic_loss     | 2.64     |
|    ent_coef        | 0.0304   |
|    ent_coef_loss   | 0.793    |
|    learning_rate   | 0.0003   |
|    n_updates       | 334623   |
---------------------------------
---------------------------------
| rollout/           |          |
|    ep_len_mean     | 997      |
|    ep_rew_mean     | 320      |
| time/              |          |
|    episodes        | 340      |
|    fps             | 13       |
|    time_elapsed    | 25000    |
|    total_timesteps | 339624   |
| train/             |          |
|    actor_loss      | -112     |
|    critic_loss     | 1.11     |
|    ent_coef        | 0.0339   |
|    ent_coef_loss   | 1.43     |
|    learning_rate   | 0.0003   |
|    n_updates       | 338623   |
---------------------------------
---------------------------------
| rollout/           |          |
|    ep_len_mean     | 997      |
|    ep_rew_mean     | 342      |
| time/              |          |
|    episodes        | 344      |
|    fps             | 13       |
|    time_elapsed    | 25033    |
|    total_timesteps | 343624   |
| train/             |          |
|    actor_loss      | -99.8    |
|    critic_loss     | 7.93     |
|    ent_coef        | 0.0348   |
|    ent_coef_loss   | 0.0765   |
|    learning_rate   | 0.0003   |
|    n_updates       | 342623   |
---------------------------------
---------------------------------
| rollout/           |          |
|    ep_len_mean     | 997      |
|    ep_rew_mean     | 370      |
| time/              |          |
|    episodes        | 348      |
|    fps             | 13       |
|    time_elapsed    | 25067    |
|    total_timesteps | 347624   |
| train/             |          |
|    actor_loss      | -99.5    |
|    critic_loss     | 0.737    |
|    ent_coef        | 0.0357   |
|    ent_coef_loss   | 0.347    |
|    learning_rate   | 0.0003   |
|    n_updates       | 346623   |
---------------------------------
---------------------------------
| rollout/           |          |
|    ep_len_mean     | 997      |
|    ep_rew_mean     | 437      |
| time/              |          |
|    episodes        | 352      |
|    fps             | 14       |
|    time_elapsed    | 25101    |
|    total_timesteps | 351624   |
| train/             |          |
|    actor_loss      | -107     |
|    critic_loss     | 9.98     |
|    ent_coef        | 0.0362   |
|    ent_coef_loss   | 0.479    |
|    learning_rate   | 0.0003   |
|    n_updates       | 350623   |
---------------------------------
---------------------------------
| rollout/           |          |
|    ep_len_mean     | 997      |
|    ep_rew_mean     | 466      |
| time/              |          |
|    episodes        | 356      |
|    fps             | 14       |
|    time_elapsed    | 25134    |
|    total_timesteps | 355624   |
| train/             |          |
|    actor_loss      | -125     |
|    critic_loss     | 2.5      |
|    ent_coef        | 0.043    |
|    ent_coef_loss   | 0.844    |
|    learning_rate   | 0.0003   |
|    n_updates       | 354623   |
---------------------------------
---------------------------------
| rollout/           |          |
|    ep_len_mean     | 1e+03    |
|    ep_rew_mean     | 455      |
| time/              |          |
|    episodes        | 360      |
|    fps             | 14       |
|    time_elapsed    | 25168    |
|    total_timesteps | 359624   |
| train/             |          |
|    actor_loss      | -106     |
|    critic_loss     | 0.911    |
|    ent_coef        | 0.0394   |
|    ent_coef_loss   | 0.96     |
|    learning_rate   | 0.0003   |
|    n_updates       | 358623   |
---------------------------------
---------------------------------
| rollout/           |          |
|    ep_len_mean     | 1e+03    |
|    ep_rew_mean     | 442      |
| time/              |          |
|    episodes        | 364      |
|    fps             | 14       |
|    time_elapsed    | 25203    |
|    total_timesteps | 363624   |
| train/             |          |
|    actor_loss      | -104     |
|    critic_loss     | 1.28     |
|    ent_coef        | 0.0439   |
|    ent_coef_loss   | -0.577   |
|    learning_rate   | 0.0003   |
|    n_updates       | 362623   |
---------------------------------
---------------------------------
| rollout/           |          |
|    ep_len_mean     | 1e+03    |
|    ep_rew_mean     | 436      |
| time/              |          |
|    episodes        | 368      |
|    fps             | 14       |
|    time_elapsed    | 25236    |
|    total_timesteps | 367624   |
| train/             |          |
|    actor_loss      | -109     |
|    critic_loss     | 1.16     |
|    ent_coef        | 0.04     |
|    ent_coef_loss   | -2.32    |
|    learning_rate   | 0.0003   |
|    n_updates       | 366623   |
---------------------------------
---------------------------------
| rollout/           |          |
|    ep_len_mean     | 1e+03    |
|    ep_rew_mean     | 429      |
| time/              |          |
|    episodes        | 372      |
|    fps             | 14       |
|    time_elapsed    | 25268    |
|    total_timesteps | 371624   |
| train/             |          |
|    actor_loss      | -112     |
|    critic_loss     | 0.726    |
|    ent_coef        | 0.0294   |
|    ent_coef_loss   | -0.587   |
|    learning_rate   | 0.0003   |
|    n_updates       | 370623   |
---------------------------------
---------------------------------
| rollout/           |          |
|    ep_len_mean     | 1e+03    |
|    ep_rew_mean     | 439      |
| time/              |          |
|    episodes        | 376      |
|    fps             | 14       |
|    time_elapsed    | 25301    |
|    total_timesteps | 375624   |
| train/             |          |
|    actor_loss      | -123     |
|    critic_loss     | 1.25     |
|    ent_coef        | 0.0397   |
|    ent_coef_loss   | 1.73     |
|    learning_rate   | 0.0003   |
|    n_updates       | 374623   |
---------------------------------
---------------------------------
| rollout/           |          |
|    ep_len_mean     | 1e+03    |
|    ep_rew_mean     | 443      |
| time/              |          |
|    episodes        | 380      |
|    fps             | 14       |
|    time_elapsed    | 25333    |
|    total_timesteps | 379624   |
| train/             |          |
|    actor_loss      | -117     |
|    critic_loss     | 0.802    |
|    ent_coef        | 0.0487   |
|    ent_coef_loss   | -0.721   |
|    learning_rate   | 0.0003   |
|    n_updates       | 378623   |
---------------------------------
---------------------------------
| rollout/           |          |
|    ep_len_mean     | 1e+03    |
|    ep_rew_mean     | 443      |
| time/              |          |
|    episodes        | 384      |
|    fps             | 15       |
|    time_elapsed    | 25365    |
|    total_timesteps | 383624   |
| train/             |          |
|    actor_loss      | -134     |
|    critic_loss     | 1.6      |
|    ent_coef        | 0.043    |
|    ent_coef_loss   | 0.17     |
|    learning_rate   | 0.0003   |
|    n_updates       | 382623   |
---------------------------------
---------------------------------
| rollout/           |          |
|    ep_len_mean     | 1e+03    |
|    ep_rew_mean     | 441      |
| time/              |          |
|    episodes        | 388      |
|    fps             | 15       |
|    time_elapsed    | 25397    |
|    total_timesteps | 387624   |
| train/             |          |
|    actor_loss      | -121     |
|    critic_loss     | 0.681    |
|    ent_coef        | 0.035    |
|    ent_coef_loss   | -1.31    |
|    learning_rate   | 0.0003   |
|    n_updates       | 386623   |
---------------------------------
---------------------------------
| rollout/           |          |
|    ep_len_mean     | 1e+03    |
|    ep_rew_mean     | 443      |
| time/              |          |
|    episodes        | 392      |
|    fps             | 15       |
|    time_elapsed    | 25429    |
|    total_timesteps | 391624   |
| train/             |          |
|    actor_loss      | -131     |
|    critic_loss     | 0.827    |
|    ent_coef        | 0.0308   |
|    ent_coef_loss   | -1.59    |
|    learning_rate   | 0.0003   |
|    n_updates       | 390623   |
---------------------------------
---------------------------------
| rollout/           |          |
|    ep_len_mean     | 1e+03    |
|    ep_rew_mean     | 484      |
| time/              |          |
|    episodes        | 396      |
|    fps             | 15       |
|    time_elapsed    | 25461    |
|    total_timesteps | 395624   |
| train/             |          |
|    actor_loss      | -126     |
|    critic_loss     | 93.3     |
|    ent_coef        | 0.0258   |
|    ent_coef_loss   | -1.56    |
|    learning_rate   | 0.0003   |
|    n_updates       | 394623   |
---------------------------------
---------------------------------
| rollout/           |          |
|    ep_len_mean     | 1e+03    |
|    ep_rew_mean     | 488      |
| time/              |          |
|    episodes        | 400      |
|    fps             | 15       |
|    time_elapsed    | 25493    |
|    total_timesteps | 399624   |
| train/             |          |
|    actor_loss      | -123     |
|    critic_loss     | 1.08     |
|    ent_coef        | 0.036    |
|    ent_coef_loss   | 0.235    |
|    learning_rate   | 0.0003   |
|    n_updates       | 398623   |
---------------------------------
---------------------------------
| rollout/           |          |
|    ep_len_mean     | 1e+03    |
|    ep_rew_mean     | 486      |
| time/              |          |
|    episodes        | 404      |
|    fps             | 15       |
|    time_elapsed    | 25525    |
|    total_timesteps | 403624   |
| train/             |          |
|    actor_loss      | -145     |
|    critic_loss     | 188      |
|    ent_coef        | 0.0392   |
|    ent_coef_loss   | -0.981   |
|    learning_rate   | 0.0003   |
|    n_updates       | 402623   |
---------------------------------
---------------------------------
| rollout/           |          |
|    ep_len_mean     | 1e+03    |
|    ep_rew_mean     | 514      |
| time/              |          |
|    episodes        | 408      |
|    fps             | 15       |
|    time_elapsed    | 25557    |
|    total_timesteps | 407624   |
| train/             |          |
|    actor_loss      | -136     |
|    critic_loss     | 1.73     |
|    ent_coef        | 0.0401   |
|    ent_coef_loss   | 1.4      |
|    learning_rate   | 0.0003   |
|    n_updates       | 406623   |
---------------------------------
---------------------------------
| rollout/           |          |
|    ep_len_mean     | 1e+03    |
|    ep_rew_mean     | 544      |
| time/              |          |
|    episodes        | 412      |
|    fps             | 16       |
|    time_elapsed    | 25589    |
|    total_timesteps | 411624   |
| train/             |          |
|    actor_loss      | -122     |
|    critic_loss     | 1.33     |
|    ent_coef        | 0.0365   |
|    ent_coef_loss   | -0.889   |
|    learning_rate   | 0.0003   |
|    n_updates       | 410623   |
---------------------------------
---------------------------------
| rollout/           |          |
|    ep_len_mean     | 1e+03    |
|    ep_rew_mean     | 563      |
| time/              |          |
|    episodes        | 416      |
|    fps             | 16       |
|    time_elapsed    | 25621    |
|    total_timesteps | 415624   |
| train/             |          |
|    actor_loss      | -134     |
|    critic_loss     | 1.64     |
|    ent_coef        | 0.0361   |
|    ent_coef_loss   | 1.05     |
|    learning_rate   | 0.0003   |
|    n_updates       | 414623   |
---------------------------------
---------------------------------
| rollout/           |          |
|    ep_len_mean     | 1e+03    |
|    ep_rew_mean     | 560      |
| time/              |          |
|    episodes        | 420      |
|    fps             | 16       |
|    time_elapsed    | 25654    |
|    total_timesteps | 419624   |
| train/             |          |
|    actor_loss      | -127     |
|    critic_loss     | 0.925    |
|    ent_coef        | 0.0274   |
|    ent_coef_loss   | -0.147   |
|    learning_rate   | 0.0003   |
|    n_updates       | 418623   |
---------------------------------
---------------------------------
| rollout/           |          |
|    ep_len_mean     | 1e+03    |
|    ep_rew_mean     | 508      |
| time/              |          |
|    episodes        | 424      |
|    fps             | 16       |
|    time_elapsed    | 25686    |
|    total_timesteps | 423624   |
| train/             |          |
|    actor_loss      | -138     |
|    critic_loss     | 1.97     |
|    ent_coef        | 0.0336   |
|    ent_coef_loss   | -0.586   |
|    learning_rate   | 0.0003   |
|    n_updates       | 422623   |
---------------------------------
---------------------------------
| rollout/           |          |
|    ep_len_mean     | 1e+03    |
|    ep_rew_mean     | 508      |
| time/              |          |
|    episodes        | 428      |
|    fps             | 16       |
|    time_elapsed    | 25718    |
|    total_timesteps | 427624   |
| train/             |          |
|    actor_loss      | -131     |
|    critic_loss     | 8.22     |
|    ent_coef        | 0.0348   |
|    ent_coef_loss   | 0.655    |
|    learning_rate   | 0.0003   |
|    n_updates       | 426623   |
---------------------------------
---------------------------------
| rollout/           |          |
|    ep_len_mean     | 1e+03    |
|    ep_rew_mean     | 506      |
| time/              |          |
|    episodes        | 432      |
|    fps             | 16       |
|    time_elapsed    | 25750    |
|    total_timesteps | 431624   |
| train/             |          |
|    actor_loss      | -120     |
|    critic_loss     | 1.07     |
|    ent_coef        | 0.033    |
|    ent_coef_loss   | -0.323   |
|    learning_rate   | 0.0003   |
|    n_updates       | 430623   |
---------------------------------
---------------------------------
| rollout/           |          |
|    ep_len_mean     | 1e+03    |
|    ep_rew_mean     | 516      |
| time/              |          |
|    episodes        | 436      |
|    fps             | 16       |
|    time_elapsed    | 25783    |
|    total_timesteps | 435624   |
| train/             |          |
|    actor_loss      | -129     |
|    critic_loss     | 2.61     |
|    ent_coef        | 0.0368   |
|    ent_coef_loss   | 0.961    |
|    learning_rate   | 0.0003   |
|    n_updates       | 434623   |
---------------------------------
---------------------------------
| rollout/           |          |
|    ep_len_mean     | 1e+03    |
|    ep_rew_mean     | 528      |
| time/              |          |
|    episodes        | 440      |
|    fps             | 17       |
|    time_elapsed    | 25815    |
|    total_timesteps | 439624   |
| train/             |          |
|    actor_loss      | -118     |
|    critic_loss     | 43.1     |
|    ent_coef        | 0.0348   |
|    ent_coef_loss   | 0.722    |
|    learning_rate   | 0.0003   |
|    n_updates       | 438623   |
---------------------------------
---------------------------------
| rollout/           |          |
|    ep_len_mean     | 1e+03    |
|    ep_rew_mean     | 528      |
| time/              |          |
|    episodes        | 444      |
|    fps             | 17       |
|    time_elapsed    | 25848    |
|    total_timesteps | 443624   |
| train/             |          |
|    actor_loss      | -120     |
|    critic_loss     | 0.571    |
|    ent_coef        | 0.0279   |
|    ent_coef_loss   | -0.91    |
|    learning_rate   | 0.0003   |
|    n_updates       | 442623   |
---------------------------------
---------------------------------
| rollout/           |          |
|    ep_len_mean     | 1e+03    |
|    ep_rew_mean     | 528      |
| time/              |          |
|    episodes        | 448      |
|    fps             | 17       |
|    time_elapsed    | 25880    |
|    total_timesteps | 447624   |
| train/             |          |
|    actor_loss      | -105     |
|    critic_loss     | 0.897    |
|    ent_coef        | 0.0402   |
|    ent_coef_loss   | -0.734   |
|    learning_rate   | 0.0003   |
|    n_updates       | 446623   |
---------------------------------
---------------------------------
| rollout/           |          |
|    ep_len_mean     | 1e+03    |
|    ep_rew_mean     | 530      |
| time/              |          |
|    episodes        | 452      |
|    fps             | 17       |
|    time_elapsed    | 25912    |
|    total_timesteps | 451624   |
| train/             |          |
|    actor_loss      | -133     |
|    critic_loss     | 0.896    |
|    ent_coef        | 0.0373   |
|    ent_coef_loss   | -0.289   |
|    learning_rate   | 0.0003   |
|    n_updates       | 450623   |
---------------------------------
---------------------------------
| rollout/           |          |
|    ep_len_mean     | 1e+03    |
|    ep_rew_mean     | 531      |
| time/              |          |
|    episodes        | 456      |
|    fps             | 17       |
|    time_elapsed    | 25945    |
|    total_timesteps | 455624   |
| train/             |          |
|    actor_loss      | -123     |
|    critic_loss     | 1.4      |
|    ent_coef        | 0.03     |
|    ent_coef_loss   | -0.429   |
|    learning_rate   | 0.0003   |
|    n_updates       | 454623   |
---------------------------------
---------------------------------
| rollout/           |          |
|    ep_len_mean     | 1e+03    |
|    ep_rew_mean     | 540      |
| time/              |          |
|    episodes        | 460      |
|    fps             | 17       |
|    time_elapsed    | 25977    |
|    total_timesteps | 459624   |
| train/             |          |
|    actor_loss      | -113     |
|    critic_loss     | 0.752    |
|    ent_coef        | 0.0307   |
|    ent_coef_loss   | -1.11    |
|    learning_rate   | 0.0003   |
|    n_updates       | 458623   |
---------------------------------
---------------------------------
| rollout/           |          |
|    ep_len_mean     | 1e+03    |
|    ep_rew_mean     | 564      |
| time/              |          |
|    episodes        | 464      |
|    fps             | 17       |
|    time_elapsed    | 26009    |
|    total_timesteps | 463624   |
| train/             |          |
|    actor_loss      | -129     |
|    critic_loss     | 1.21     |
|    ent_coef        | 0.0328   |
|    ent_coef_loss   | 0.385    |
|    learning_rate   | 0.0003   |
|    n_updates       | 462623   |
---------------------------------
---------------------------------
| rollout/           |          |
|    ep_len_mean     | 1e+03    |
|    ep_rew_mean     | 581      |
| time/              |          |
|    episodes        | 468      |
|    fps             | 17       |
|    time_elapsed    | 26042    |
|    total_timesteps | 467624   |
| train/             |          |
|    actor_loss      | -123     |
|    critic_loss     | 0.573    |
|    ent_coef        | 0.0311   |
|    ent_coef_loss   | 1.23     |
|    learning_rate   | 0.0003   |
|    n_updates       | 466623   |
---------------------------------
---------------------------------
| rollout/           |          |
|    ep_len_mean     | 1e+03    |
|    ep_rew_mean     | 590      |
| time/              |          |
|    episodes        | 472      |
|    fps             | 18       |
|    time_elapsed    | 26074    |
|    total_timesteps | 471624   |
| train/             |          |
|    actor_loss      | -132     |
|    critic_loss     | 100      |
|    ent_coef        | 0.03     |
|    ent_coef_loss   | -0.2     |
|    learning_rate   | 0.0003   |
|    n_updates       | 470623   |
---------------------------------
---------------------------------
| rollout/           |          |
|    ep_len_mean     | 1e+03    |
|    ep_rew_mean     | 595      |
| time/              |          |
|    episodes        | 476      |
|    fps             | 18       |
|    time_elapsed    | 26107    |
|    total_timesteps | 475624   |
| train/             |          |
|    actor_loss      | -124     |
|    critic_loss     | 1.14     |
|    ent_coef        | 0.0301   |
|    ent_coef_loss   | 0.801    |
|    learning_rate   | 0.0003   |
|    n_updates       | 474623   |
---------------------------------
---------------------------------
| rollout/           |          |
|    ep_len_mean     | 1e+03    |
|    ep_rew_mean     | 607      |
| time/              |          |
|    episodes        | 480      |
|    fps             | 18       |
|    time_elapsed    | 26140    |
|    total_timesteps | 479624   |
| train/             |          |
|    actor_loss      | -116     |
|    critic_loss     | 1.54     |
|    ent_coef        | 0.0303   |
|    ent_coef_loss   | 0.185    |
|    learning_rate   | 0.0003   |
|    n_updates       | 478623   |
---------------------------------
---------------------------------
| rollout/           |          |
|    ep_len_mean     | 1e+03    |
|    ep_rew_mean     | 635      |
| time/              |          |
|    episodes        | 484      |
|    fps             | 18       |
|    time_elapsed    | 26173    |
|    total_timesteps | 483624   |
| train/             |          |
|    actor_loss      | -145     |
|    critic_loss     | 1.61     |
|    ent_coef        | 0.0533   |
|    ent_coef_loss   | -0.639   |
|    learning_rate   | 0.0003   |
|    n_updates       | 482623   |
---------------------------------
---------------------------------
| rollout/           |          |
|    ep_len_mean     | 1e+03    |
|    ep_rew_mean     | 656      |
| time/              |          |
|    episodes        | 488      |
|    fps             | 18       |
|    time_elapsed    | 26206    |
|    total_timesteps | 487624   |
| train/             |          |
|    actor_loss      | -144     |
|    critic_loss     | 1.7      |
|    ent_coef        | 0.0331   |
|    ent_coef_loss   | 1.29     |
|    learning_rate   | 0.0003   |
|    n_updates       | 486623   |
---------------------------------
---------------------------------
| rollout/           |          |
|    ep_len_mean     | 1e+03    |
|    ep_rew_mean     | 684      |
| time/              |          |
|    episodes        | 492      |
|    fps             | 18       |
|    time_elapsed    | 26238    |
|    total_timesteps | 491624   |
| train/             |          |
|    actor_loss      | -125     |
|    critic_loss     | 0.335    |
|    ent_coef        | 0.0337   |
|    ent_coef_loss   | 0.333    |
|    learning_rate   | 0.0003   |
|    n_updates       | 490623   |
---------------------------------
---------------------------------
| rollout/           |          |
|    ep_len_mean     | 1e+03    |
|    ep_rew_mean     | 671      |
| time/              |          |
|    episodes        | 496      |
|    fps             | 18       |
|    time_elapsed    | 26271    |
|    total_timesteps | 495624   |
| train/             |          |
|    actor_loss      | -128     |
|    critic_loss     | 1.15     |
|    ent_coef        | 0.0463   |
|    ent_coef_loss   | 1.78     |
|    learning_rate   | 0.0003   |
|    n_updates       | 494623   |
---------------------------------
---------------------------------
| rollout/           |          |
|    ep_len_mean     | 1e+03    |
|    ep_rew_mean     | 687      |
| time/              |          |
|    episodes        | 500      |
|    fps             | 18       |
|    time_elapsed    | 26304    |
|    total_timesteps | 499624   |
| train/             |          |
|    actor_loss      | -145     |
|    critic_loss     | 0.653    |
|    ent_coef        | 0.0627   |
|    ent_coef_loss   | -0.592   |
|    learning_rate   | 0.0003   |
|    n_updates       | 498623   |
---------------------------------
[2026-06-23T22:25:10] Training complete in 26307.7s
[2026-06-23T22:25:10] Episodes: 500
[2026-06-23T22:25:10] Best reward: 2675.34
[2026-06-23T22:25:10] Mean reward (100ep): 686.52
[2026-06-23T22:25:10] Final goal tolerance: 0.6
[2026-06-23T22:25:10] Curriculum stage: 0
[2026-06-23T22:25:10] Saved: {'model': 'C:\\Users\\ranjo\\OneDrive\\Desktop\\ARM-Model\\project_assets\\outputs\\Parallel_Seeds\\seed_017\\sac_model', 'history': 'C:\\Users\\ranjo\\OneDrive\\Desktop\\ARM-Model\\project_assets\\outputs\\Parallel_Seeds\\seed_017\\training_history.csv', 'stats': 'C:\\Users\\ranjo\\OneDrive\\Desktop\\ARM-Model\\project_assets\\outputs\\Parallel_Seeds\\seed_017\\training_stats.json'}
[2026-06-23T22:25:10] Running Fitts' Law sweep (10 trials per condition)...
[2026-06-23T22:25:25] Fitts sweep complete in 14.4s
[2026-06-23T22:25:25] Fitts: MT = +0.0011 + +0.0864 * ID, R^2 = 0.6968 (n_conditions = 21, trials_per_condition = 10)
[2026-06-23T22:25:25] Saved: C:\Users\ranjo\OneDrive\Desktop\ARM-Model\project_assets\outputs\Parallel_Seeds\seed_017\fitts_law.json
[2026-06-23T22:25:25] Saved: C:\Users\ranjo\OneDrive\Desktop\ARM-Model\project_assets\outputs\Parallel_Seeds\seed_017\fitts_law.png
[2026-06-23T22:25:25] Running 2/3 Power Law sweep (20 trials)...
[2026-06-23T22:25:26] Power Law sweep complete in 1.0s
[2026-06-23T22:25:26] Power Law: log V = -0.5686 + -1.2011 * log C, R = -0.3727, R^2 = 0.1389 (n_samples = 3813, n_trials = 0/20)
[2026-06-23T22:25:26] Saved: C:\Users\ranjo\OneDrive\Desktop\ARM-Model\project_assets\outputs\Parallel_Seeds\seed_017\power_law.json
[2026-06-23T22:25:26] Saved: C:\Users\ranjo\OneDrive\Desktop\ARM-Model\project_assets\outputs\Parallel_Seeds\seed_017\power_law.png
[2026-06-23T22:25:26] Session complete. Total wall time: 7:18:44.366473
[2026-06-23T22:25:26] ============================================================
