Traceback (most recent call last):
  File "C:\Program Files\WindowsApps\PythonSoftwareFoundation.Python.3.11_3.11.2544.0_x64__qbz5n2kfra8p0\Lib\multiprocessing\queues.py", line 246, in _feed
    send_bytes(obj)
  File "C:\Program Files\WindowsApps\PythonSoftwareFoundation.Python.3.11_3.11.2544.0_x64__qbz5n2kfra8p0\Lib\multiprocessing\connection.py", line 184, in send_bytes
    self._check_closed()
  File "C:\Program Files\WindowsApps\PythonSoftwareFoundation.Python.3.11_3.11.2544.0_x64__qbz5n2kfra8p0\Lib\multiprocessing\connection.py", line 137, in _check_closed
    raise OSError("handle is closed")
OSError: handle is closed
Traceback (most recent call last):
  File "C:\Program Files\WindowsApps\PythonSoftwareFoundation.Python.3.11_3.11.2544.0_x64__qbz5n2kfra8p0\Lib\multiprocessing\queues.py", line 246, in _feed
    send_bytes(obj)
  File "C:\Program Files\WindowsApps\PythonSoftwareFoundation.Python.3.11_3.11.2544.0_x64__qbz5n2kfra8p0\Lib\multiprocessing\connection.py", line 184, in send_bytes
    self._check_closed()
  File "C:\Program Files\WindowsApps\PythonSoftwareFoundation.Python.3.11_3.11.2544.0_x64__qbz5n2kfra8p0\Lib\multiprocessing\connection.py", line 137, in _check_closed
    raise OSError("handle is closed")
OSError: handle is closed
Traceback (most recent call last):
  File "C:\Program Files\WindowsApps\PythonSoftwareFoundation.Python.3.11_3.11.2544.0_x64__qbz5n2kfra8p0\Lib\multiprocessing\queues.py", line 246, in _feed
    send_bytes(obj)
  File "C:\Program Files\WindowsApps\PythonSoftwareFoundation.Python.3.11_3.11.2544.0_x64__qbz5n2kfra8p0\Lib\multiprocessing\connection.py", line 184, in send_bytes
    self._check_closed()
  File "C:\Program Files\WindowsApps\PythonSoftwareFoundation.Python.3.11_3.11.2544.0_x64__qbz5n2kfra8p0\Lib\multiprocessing\connection.py", line 137, in _check_closed
    raise OSError("handle is closed")
OSError: handle is closed
Traceback (most recent call last):
  File "C:\Program Files\WindowsApps\PythonSoftwareFoundation.Python.3.11_3.11.2544.0_x64__qbz5n2kfra8p0\Lib\multiprocessing\queues.py", line 246, in _feed
    send_bytes(obj)
  File "C:\Program Files\WindowsApps\PythonSoftwareFoundation.Python.3.11_3.11.2544.0_x64__qbz5n2kfra8p0\Lib\multiprocessing\connection.py", line 184, in send_bytes
    self._check_closed()
  File "C:\Program Files\WindowsApps\PythonSoftwareFoundation.Python.3.11_3.11.2544.0_x64__qbz5n2kfra8p0\Lib\multiprocessing\connection.py", line 137, in _check_closed
    raise OSError("handle is closed")
OSError: handle is closed
Traceback (most recent call last):
  File "C:\Users\ranjo\OneDrive\Desktop\ARM-Model\run_auto_search.py", line 329, in <module>
    main()
  File "C:\Users\ranjo\OneDrive\Desktop\ARM-Model\run_auto_search.py", line 302, in main
    future.result()
  File "C:\Program Files\WindowsApps\PythonSoftwareFoundation.Python.3.11_3.11.2544.0_x64__qbz5n2kfra8p0\Lib\concurrent\futures\_base.py", line 449, in result
    return self.__get_result()
           ^^^^^^^^^^^^^^^^^^^
  File "C:\Program Files\WindowsApps\PythonSoftwareFoundation.Python.3.11_3.11.2544.0_x64__qbz5n2kfra8p0\Lib\concurrent\futures\_base.py", line 401, in __get_result
    raise self._exception
concurrent.futures.process.BrokenProcessPool: A process in the process pool was terminated abruptly while the future was running or pending.
