[2026-08-14T19:51:34] Starting Fischer session: algorithm=SAC, timesteps=500,000, direction=EAST, actuation=muscle, waypoints=[[0.2, 1.2], [2.2, 0.5], [1.0, -1.6]], seed=103
[2026-08-14T19:51:34] Save dir: C:\Users\ranjo\OneDrive\Desktop\ARM-Model\project_assets\outputs\Ablation\decrement_5\seed_103
[2026-08-14T19:51:34] Waypoint mode active: 3 waypoints, current_waypoint_index=0 at every episode reset
[2026-08-14T19:51:34] Ablation config: hold_decrement=5, hold_curriculum=on, curriculum_mode=eval
[2026-08-14T19:51:34] Waypoint mode: tolerance curriculum floor raised to 0.2 m (eval standard is 0.6 m)
[2026-08-14T19:51:34] Best-model checkpointing active: deterministic eval every 25K steps, best snapshot saved to sac_model_best.zip
Using cpu device
Wrapping the env with a `Monitor` wrapper
Wrapping the env in a DummyVecEnv.
[EvalCheckpoint] Active: eval every 25,000 steps, 5 deterministic episodes at production standard (tol 0.6 m, hold 20). Training starts at tol 0.6 m, hold 10. Best model -> C:\Users\ranjo\OneDrive\Desktop\ARM-Model\project_assets\outputs\Ablation\decrement_5\seed_103\sac_model_best
----------------------------------
| rollout/           |           |
|    ep_len_mean     | 1e+03     |
|    ep_rew_mean     | -5.75e+03 |
| time/              |           |
|    episodes        | 4         |
|    fps             | 90        |
|    time_elapsed    | 44        |
|    total_timesteps | 4000      |
| train/             |           |
|    actor_loss      | 55.5      |
|    critic_loss     | 0.0733    |
|    ent_coef        | 0.408     |
|    ent_coef_loss   | -5.86     |
|    learning_rate   | 0.0003    |
|    n_updates       | 2999      |
----------------------------------
----------------------------------
| rollout/           |           |
|    ep_len_mean     | 1e+03     |
|    ep_rew_mean     | -4.93e+03 |
| time/              |           |
|    episodes        | 8         |
|    fps             | 76        |
|    time_elapsed    | 104       |
|    total_timesteps | 8000      |
| train/             |           |
|    actor_loss      | 122       |
|    critic_loss     | 0.16      |
|    ent_coef        | 0.128     |
|    ent_coef_loss   | -10.9     |
|    learning_rate   | 0.0003    |
|    n_updates       | 6999      |
----------------------------------
----------------------------------
| rollout/           |           |
|    ep_len_mean     | 1e+03     |
|    ep_rew_mean     | -4.63e+03 |
| time/              |           |
|    episodes        | 12        |
|    fps             | 72        |
|    time_elapsed    | 164       |
|    total_timesteps | 12000     |
| train/             |           |
|    actor_loss      | 155       |
|    critic_loss     | 0.633     |
|    ent_coef        | 0.043     |
|    ent_coef_loss   | -11.1     |
|    learning_rate   | 0.0003    |
|    n_updates       | 10999     |
----------------------------------
----------------------------------
| rollout/           |           |
|    ep_len_mean     | 1e+03     |
|    ep_rew_mean     | -4.57e+03 |
| time/              |           |
|    episodes        | 16        |
|    fps             | 71        |
|    time_elapsed    | 224       |
|    total_timesteps | 16000     |
| train/             |           |
|    actor_loss      | 153       |
|    critic_loss     | 6.56      |
|    ent_coef        | 0.0456    |
|    ent_coef_loss   | 5.98      |
|    learning_rate   | 0.0003    |
|    n_updates       | 14999     |
----------------------------------
----------------------------------
| rollout/           |           |
|    ep_len_mean     | 1e+03     |
|    ep_rew_mean     | -4.27e+03 |
| time/              |           |
|    episodes        | 20        |
|    fps             | 70        |
|    time_elapsed    | 284       |
|    total_timesteps | 20000     |
| train/             |           |
|    actor_loss      | 125       |
|    critic_loss     | 6.1       |
|    ent_coef        | 0.115     |
|    ent_coef_loss   | 0.603     |
|    learning_rate   | 0.0003    |
|    n_updates       | 18999     |
----------------------------------
----------------------------------
| rollout/           |           |
|    ep_len_mean     | 1e+03     |
|    ep_rew_mean     | -4.13e+03 |
| time/              |           |
|    episodes        | 24        |
|    fps             | 69        |
|    time_elapsed    | 345       |
|    total_timesteps | 24000     |
| train/             |           |
|    actor_loss      | 104       |
|    critic_loss     | 10.4      |
|    ent_coef        | 0.163     |
|    ent_coef_loss   | -1.14     |
|    learning_rate   | 0.0003    |
|    n_updates       | 22999     |
----------------------------------
[EvalCheckpoint] step 25,000: 0/5 success, mean waypoints 0.0, mean steps 800 (train tol 0.60 m, hold 10)
[EvalCheckpoint] New best model saved (score (0, 0.0, -800.0))
----------------------------------
| rollout/           |           |
|    ep_len_mean     | 1e+03     |
|    ep_rew_mean     | -4.52e+03 |
| time/              |           |
|    episodes        | 28        |
|    fps             | 68        |
|    time_elapsed    | 407       |
|    total_timesteps | 28000     |
| train/             |           |
|    actor_loss      | 109       |
|    critic_loss     | 19.2      |
|    ent_coef        | 0.277     |
|    ent_coef_loss   | 0.286     |
|    learning_rate   | 0.0003    |
|    n_updates       | 26999     |
----------------------------------
----------------------------------
| rollout/           |           |
|    ep_len_mean     | 1e+03     |
|    ep_rew_mean     | -4.57e+03 |
| time/              |           |
|    episodes        | 32        |
|    fps             | 68        |
|    time_elapsed    | 468       |
|    total_timesteps | 32000     |
| train/             |           |
|    actor_loss      | 86.8      |
|    critic_loss     | 7.83      |
|    ent_coef        | 0.174     |
|    ent_coef_loss   | 0.483     |
|    learning_rate   | 0.0003    |
|    n_updates       | 30999     |
----------------------------------
----------------------------------
| rollout/           |           |
|    ep_len_mean     | 1e+03     |
|    ep_rew_mean     | -4.45e+03 |
| time/              |           |
|    episodes        | 36        |
|    fps             | 68        |
|    time_elapsed    | 529       |
|    total_timesteps | 36000     |
| train/             |           |
|    actor_loss      | 104       |
|    critic_loss     | 10        |
|    ent_coef        | 0.124     |
|    ent_coef_loss   | -0.518    |
|    learning_rate   | 0.0003    |
|    n_updates       | 34999     |
----------------------------------
----------------------------------
| rollout/           |           |
|    ep_len_mean     | 1e+03     |
|    ep_rew_mean     | -4.21e+03 |
| time/              |           |
|    episodes        | 40        |
|    fps             | 67        |
|    time_elapsed    | 588       |
|    total_timesteps | 40000     |
| train/             |           |
|    actor_loss      | 90.5      |
|    critic_loss     | 7.3       |
|    ent_coef        | 0.0935    |
|    ent_coef_loss   | 0.373     |
|    learning_rate   | 0.0003    |
|    n_updates       | 38999     |
----------------------------------
----------------------------------
| rollout/           |           |
|    ep_len_mean     | 1e+03     |
|    ep_rew_mean     | -4.04e+03 |
| time/              |           |
|    episodes        | 44        |
|    fps             | 68        |
|    time_elapsed    | 645       |
|    total_timesteps | 44000     |
| train/             |           |
|    actor_loss      | 91.7      |
|    critic_loss     | 3.88      |
|    ent_coef        | 0.109     |
|    ent_coef_loss   | -0.238    |
|    learning_rate   | 0.0003    |
|    n_updates       | 42999     |
----------------------------------
----------------------------------
| rollout/           |           |
|    ep_len_mean     | 1e+03     |
|    ep_rew_mean     | -3.85e+03 |
| time/              |           |
|    episodes        | 48        |
|    fps             | 68        |
|    time_elapsed    | 701       |
|    total_timesteps | 48000     |
| train/             |           |
|    actor_loss      | 111       |
|    critic_loss     | 6.07      |
|    ent_coef        | 0.0894    |
|    ent_coef_loss   | 0.0581    |
|    learning_rate   | 0.0003    |
|    n_updates       | 46999     |
----------------------------------
[EvalCheckpoint] step 50,000: 0/5 success, mean waypoints 0.0, mean steps 800 (train tol 0.60 m, hold 10)
----------------------------------
| rollout/           |           |
|    ep_len_mean     | 1e+03     |
|    ep_rew_mean     | -3.67e+03 |
| time/              |           |
|    episodes        | 52        |
|    fps             | 68        |
|    time_elapsed    | 760       |
|    total_timesteps | 52000     |
| train/             |           |
|    actor_loss      | 121       |
|    critic_loss     | 1.91      |
|    ent_coef        | 0.0907    |
|    ent_coef_loss   | -0.203    |
|    learning_rate   | 0.0003    |
|    n_updates       | 50999     |
----------------------------------
---------------------------------
| rollout/           |          |
|    ep_len_mean     | 1e+03    |
|    ep_rew_mean     | -3.5e+03 |
| time/              |          |
|    episodes        | 56       |
|    fps             | 68       |
|    time_elapsed    | 818      |
|    total_timesteps | 56000    |
| train/             |          |
|    actor_loss      | 133      |
|    critic_loss     | 1.75     |
|    ent_coef        | 0.0994   |
|    ent_coef_loss   | -0.237   |
|    learning_rate   | 0.0003   |
|    n_updates       | 54999    |
---------------------------------
----------------------------------
| rollout/           |           |
|    ep_len_mean     | 1e+03     |
|    ep_rew_mean     | -3.44e+03 |
| time/              |           |
|    episodes        | 60        |
|    fps             | 68        |
|    time_elapsed    | 877       |
|    total_timesteps | 60000     |
| train/             |           |
|    actor_loss      | 149       |
|    critic_loss     | 53.2      |
|    ent_coef        | 0.0917    |
|    ent_coef_loss   | -0.533    |
|    learning_rate   | 0.0003    |
|    n_updates       | 58999     |
----------------------------------
----------------------------------
| rollout/           |           |
|    ep_len_mean     | 1e+03     |
|    ep_rew_mean     | -3.49e+03 |
| time/              |           |
|    episodes        | 64        |
|    fps             | 68        |
|    time_elapsed    | 939       |
|    total_timesteps | 64000     |
| train/             |           |
|    actor_loss      | 166       |
|    critic_loss     | 2.35      |
|    ent_coef        | 0.0929    |
|    ent_coef_loss   | -0.853    |
|    learning_rate   | 0.0003    |
|    n_updates       | 62999     |
----------------------------------
----------------------------------
| rollout/           |           |
|    ep_len_mean     | 1e+03     |
|    ep_rew_mean     | -3.52e+03 |
| time/              |           |
|    episodes        | 68        |
|    fps             | 68        |
|    time_elapsed    | 997       |
|    total_timesteps | 68000     |
| train/             |           |
|    actor_loss      | 171       |
|    critic_loss     | 2.12      |
|    ent_coef        | 0.0884    |
|    ent_coef_loss   | -0.0352   |
|    learning_rate   | 0.0003    |
|    n_updates       | 66999     |
----------------------------------
----------------------------------
| rollout/           |           |
|    ep_len_mean     | 1e+03     |
|    ep_rew_mean     | -3.44e+03 |
| time/              |           |
|    episodes        | 72        |
|    fps             | 68        |
|    time_elapsed    | 1052      |
|    total_timesteps | 72000     |
| train/             |           |
|    actor_loss      | 160       |
|    critic_loss     | 2.26      |
|    ent_coef        | 0.0855    |
|    ent_coef_loss   | 0.096     |
|    learning_rate   | 0.0003    |
|    n_updates       | 70999     |
----------------------------------
[EvalCheckpoint] step 75,000: 0/5 success, mean waypoints 0.0, mean steps 800 (train tol 0.60 m, hold 10)
----------------------------------
| rollout/           |           |
|    ep_len_mean     | 1e+03     |
|    ep_rew_mean     | -3.33e+03 |
| time/              |           |
|    episodes        | 76        |
|    fps             | 68        |
|    time_elapsed    | 1113      |
|    total_timesteps | 76000     |
| train/             |           |
|    actor_loss      | 144       |
|    critic_loss     | 2.35      |
|    ent_coef        | 0.0876    |
|    ent_coef_loss   | 1.2       |
|    learning_rate   | 0.0003    |
|    n_updates       | 74999     |
----------------------------------
----------------------------------
| rollout/           |           |
|    ep_len_mean     | 1e+03     |
|    ep_rew_mean     | -3.24e+03 |
| time/              |           |
|    episodes        | 80        |
|    fps             | 68        |
|    time_elapsed    | 1173      |
|    total_timesteps | 80000     |
| train/             |           |
|    actor_loss      | 172       |
|    critic_loss     | 4.72      |
|    ent_coef        | 0.0983    |
|    ent_coef_loss   | -0.987    |
|    learning_rate   | 0.0003    |
|    n_updates       | 78999     |
----------------------------------
----------------------------------
| rollout/           |           |
|    ep_len_mean     | 1e+03     |
|    ep_rew_mean     | -3.14e+03 |
| time/              |           |
|    episodes        | 84        |
|    fps             | 68        |
|    time_elapsed    | 1232      |
|    total_timesteps | 84000     |
| train/             |           |
|    actor_loss      | 128       |
|    critic_loss     | 2.23      |
|    ent_coef        | 0.105     |
|    ent_coef_loss   | -0.133    |
|    learning_rate   | 0.0003    |
|    n_updates       | 82999     |
----------------------------------
----------------------------------
| rollout/           |           |
|    ep_len_mean     | 1e+03     |
|    ep_rew_mean     | -3.05e+03 |
| time/              |           |
|    episodes        | 88        |
|    fps             | 68        |
|    time_elapsed    | 1289      |
|    total_timesteps | 88000     |
| train/             |           |
|    actor_loss      | 117       |
|    critic_loss     | 5.41      |
|    ent_coef        | 0.109     |
|    ent_coef_loss   | -0.546    |
|    learning_rate   | 0.0003    |
|    n_updates       | 86999     |
----------------------------------
----------------------------------
| rollout/           |           |
|    ep_len_mean     | 1e+03     |
|    ep_rew_mean     | -2.96e+03 |
| time/              |           |
|    episodes        | 92        |
|    fps             | 68        |
|    time_elapsed    | 1351      |
|    total_timesteps | 92000     |
| train/             |           |
|    actor_loss      | 78        |
|    critic_loss     | 2.64      |
|    ent_coef        | 0.113     |
|    ent_coef_loss   | 0.0806    |
|    learning_rate   | 0.0003    |
|    n_updates       | 90999     |
----------------------------------
----------------------------------
| rollout/           |           |
|    ep_len_mean     | 1e+03     |
|    ep_rew_mean     | -2.85e+03 |
| time/              |           |
|    episodes        | 96        |
|    fps             | 67        |
|    time_elapsed    | 1412      |
|    total_timesteps | 96000     |
| train/             |           |
|    actor_loss      | 61.7      |
|    critic_loss     | 2.56      |
|    ent_coef        | 0.109     |
|    ent_coef_loss   | 0.878     |
|    learning_rate   | 0.0003    |
|    n_updates       | 94999     |
----------------------------------
[EvalCheckpoint] step 100,000: 0/5 success, mean waypoints 1.0, mean steps 800 (train tol 0.60 m, hold 10)
[EvalCheckpoint] New best model saved (score (0, 1.0, -800.0))
----------------------------------
| rollout/           |           |
|    ep_len_mean     | 1e+03     |
|    ep_rew_mean     | -2.78e+03 |
| time/              |           |
|    episodes        | 100       |
|    fps             | 67        |
|    time_elapsed    | 1473      |
|    total_timesteps | 100000    |
| train/             |           |
|    actor_loss      | 35.5      |
|    critic_loss     | 5.71      |
|    ent_coef        | 0.0985    |
|    ent_coef_loss   | 1.31      |
|    learning_rate   | 0.0003    |
|    n_updates       | 98999     |
----------------------------------
----------------------------------
| rollout/           |           |
|    ep_len_mean     | 1e+03     |
|    ep_rew_mean     | -2.61e+03 |
| time/              |           |
|    episodes        | 104       |
|    fps             | 67        |
|    time_elapsed    | 1535      |
|    total_timesteps | 104000    |
| train/             |           |
|    actor_loss      | 45.4      |
|    critic_loss     | 2.13      |
|    ent_coef        | 0.0988    |
|    ent_coef_loss   | 0.0786    |
|    learning_rate   | 0.0003    |
|    n_updates       | 102999    |
----------------------------------
----------------------------------
| rollout/           |           |
|    ep_len_mean     | 1e+03     |
|    ep_rew_mean     | -2.48e+03 |
| time/              |           |
|    episodes        | 108       |
|    fps             | 67        |
|    time_elapsed    | 1595      |
|    total_timesteps | 108000    |
| train/             |           |
|    actor_loss      | 52.4      |
|    critic_loss     | 3.17      |
|    ent_coef        | 0.0881    |
|    ent_coef_loss   | 0.693     |
|    learning_rate   | 0.0003    |
|    n_updates       | 106999    |
----------------------------------
----------------------------------
| rollout/           |           |
|    ep_len_mean     | 1e+03     |
|    ep_rew_mean     | -2.35e+03 |
| time/              |           |
|    episodes        | 112       |
|    fps             | 67        |
|    time_elapsed    | 1655      |
|    total_timesteps | 112000    |
| train/             |           |
|    actor_loss      | 76.1      |
|    critic_loss     | 9.46      |
|    ent_coef        | 0.0813    |
|    ent_coef_loss   | 0.585     |
|    learning_rate   | 0.0003    |
|    n_updates       | 110999    |
----------------------------------
----------------------------------
| rollout/           |           |
|    ep_len_mean     | 1e+03     |
|    ep_rew_mean     | -2.18e+03 |
| time/              |           |
|    episodes        | 116       |
|    fps             | 67        |
|    time_elapsed    | 1714      |
|    total_timesteps | 116000    |
| train/             |           |
|    actor_loss      | 55.5      |
|    critic_loss     | 2.32      |
|    ent_coef        | 0.0867    |
|    ent_coef_loss   | 0.647     |
|    learning_rate   | 0.0003    |
|    n_updates       | 114999    |
----------------------------------
----------------------------------
| rollout/           |           |
|    ep_len_mean     | 1e+03     |
|    ep_rew_mean     | -2.08e+03 |
| time/              |           |
|    episodes        | 120       |
|    fps             | 67        |
|    time_elapsed    | 1775      |
|    total_timesteps | 120000    |
| train/             |           |
|    actor_loss      | 74.8      |
|    critic_loss     | 2.64      |
|    ent_coef        | 0.0793    |
|    ent_coef_loss   | 0.776     |
|    learning_rate   | 0.0003    |
|    n_updates       | 118999    |
----------------------------------
----------------------------------
| rollout/           |           |
|    ep_len_mean     | 1e+03     |
|    ep_rew_mean     | -1.98e+03 |
| time/              |           |
|    episodes        | 124       |
|    fps             | 67        |
|    time_elapsed    | 1837      |
|    total_timesteps | 124000    |
| train/             |           |
|    actor_loss      | 58.9      |
|    critic_loss     | 64.3      |
|    ent_coef        | 0.0744    |
|    ent_coef_loss   | -0.041    |
|    learning_rate   | 0.0003    |
|    n_updates       | 122999    |
----------------------------------
[EvalCheckpoint] step 125,000: 0/5 success, mean waypoints 1.0, mean steps 800 (train tol 0.60 m, hold 10)
----------------------------------
| rollout/           |           |
|    ep_len_mean     | 1e+03     |
|    ep_rew_mean     | -1.77e+03 |
| time/              |           |
|    episodes        | 128       |
|    fps             | 67        |
|    time_elapsed    | 1909      |
|    total_timesteps | 128000    |
| train/             |           |
|    actor_loss      | 59.7      |
|    critic_loss     | 1.67      |
|    ent_coef        | 0.0772    |
|    ent_coef_loss   | -0.368    |
|    learning_rate   | 0.0003    |
|    n_updates       | 126999    |
----------------------------------
----------------------------------
| rollout/           |           |
|    ep_len_mean     | 1e+03     |
|    ep_rew_mean     | -1.62e+03 |
| time/              |           |
|    episodes        | 132       |
|    fps             | 66        |
|    time_elapsed    | 1978      |
|    total_timesteps | 132000    |
| train/             |           |
|    actor_loss      | 58.4      |
|    critic_loss     | 1.44      |
|    ent_coef        | 0.0773    |
|    ent_coef_loss   | 0.844     |
|    learning_rate   | 0.0003    |
|    n_updates       | 130999    |
----------------------------------
----------------------------------
| rollout/           |           |
|    ep_len_mean     | 1e+03     |
|    ep_rew_mean     | -1.49e+03 |
| time/              |           |
|    episodes        | 136       |
|    fps             | 66        |
|    time_elapsed    | 2051      |
|    total_timesteps | 136000    |
| train/             |           |
|    actor_loss      | 63.8      |
|    critic_loss     | 2.06      |
|    ent_coef        | 0.0729    |
|    ent_coef_loss   | -0.0361   |
|    learning_rate   | 0.0003    |
|    n_updates       | 134999    |
----------------------------------
----------------------------------
| rollout/           |           |
|    ep_len_mean     | 1e+03     |
|    ep_rew_mean     | -1.43e+03 |
| time/              |           |
|    episodes        | 140       |
|    fps             | 66        |
|    time_elapsed    | 2116      |
|    total_timesteps | 140000    |
| train/             |           |
|    actor_loss      | 70.5      |
|    critic_loss     | 1.66      |
|    ent_coef        | 0.0874    |
|    ent_coef_loss   | 0.0751    |
|    learning_rate   | 0.0003    |
|    n_updates       | 138999    |
----------------------------------
----------------------------------
| rollout/           |           |
|    ep_len_mean     | 1e+03     |
|    ep_rew_mean     | -1.36e+03 |
| time/              |           |
|    episodes        | 144       |
|    fps             | 66        |
|    time_elapsed    | 2174      |
|    total_timesteps | 144000    |
| train/             |           |
|    actor_loss      | 57.7      |
|    critic_loss     | 2.85      |
|    ent_coef        | 0.074     |
|    ent_coef_loss   | 0.0173    |
|    learning_rate   | 0.0003    |
|    n_updates       | 142999    |
----------------------------------
---------------------------------
| rollout/           |          |
|    ep_len_mean     | 1e+03    |
|    ep_rew_mean     | -1.3e+03 |
| time/              |          |
|    episodes        | 148      |
|    fps             | 66       |
|    time_elapsed    | 2230     |
|    total_timesteps | 148000   |
| train/             |          |
|    actor_loss      | 67.3     |
|    critic_loss     | 1.63     |
|    ent_coef        | 0.0762   |
|    ent_coef_loss   | 0.0374   |
|    learning_rate   | 0.0003   |
|    n_updates       | 146999   |
---------------------------------
[EvalCheckpoint] step 150,000: 0/5 success, mean waypoints 0.0, mean steps 800 (train tol 0.60 m, hold 10)
----------------------------------
| rollout/           |           |
|    ep_len_mean     | 1e+03     |
|    ep_rew_mean     | -1.26e+03 |
| time/              |           |
|    episodes        | 152       |
|    fps             | 66        |
|    time_elapsed    | 2289      |
|    total_timesteps | 152000    |
| train/             |           |
|    actor_loss      | 75.3      |
|    critic_loss     | 1.55      |
|    ent_coef        | 0.084     |
|    ent_coef_loss   | 0.0543    |
|    learning_rate   | 0.0003    |
|    n_updates       | 150999    |
----------------------------------
----------------------------------
| rollout/           |           |
|    ep_len_mean     | 1e+03     |
|    ep_rew_mean     | -1.23e+03 |
| time/              |           |
|    episodes        | 156       |
|    fps             | 66        |
|    time_elapsed    | 2341      |
|    total_timesteps | 156000    |
| train/             |           |
|    actor_loss      | 35.5      |
|    critic_loss     | 1.82      |
|    ent_coef        | 0.0666    |
|    ent_coef_loss   | -0.839    |
|    learning_rate   | 0.0003    |
|    n_updates       | 154999    |
----------------------------------
----------------------------------
| rollout/           |           |
|    ep_len_mean     | 1e+03     |
|    ep_rew_mean     | -1.13e+03 |
| time/              |           |
|    episodes        | 160       |
|    fps             | 66        |
|    time_elapsed    | 2390      |
|    total_timesteps | 160000    |
| train/             |           |
|    actor_loss      | 35.7      |
|    critic_loss     | 1.18      |
|    ent_coef        | 0.0672    |
|    ent_coef_loss   | -0.139    |
|    learning_rate   | 0.0003    |
|    n_updates       | 158999    |
----------------------------------
---------------------------------
| rollout/           |          |
|    ep_len_mean     | 1e+03    |
|    ep_rew_mean     | -957     |
| time/              |          |
|    episodes        | 164      |
|    fps             | 67       |
|    time_elapsed    | 2444     |
|    total_timesteps | 164000   |
| train/             |          |
|    actor_loss      | 57.7     |
|    critic_loss     | 2.12     |
|    ent_coef        | 0.0666   |
|    ent_coef_loss   | 0.175    |
|    learning_rate   | 0.0003   |
|    n_updates       | 162999   |
---------------------------------
---------------------------------
| rollout/           |          |
|    ep_len_mean     | 1e+03    |
|    ep_rew_mean     | -797     |
| time/              |          |
|    episodes        | 168      |
|    fps             | 67       |
|    time_elapsed    | 2494     |
|    total_timesteps | 168000   |
| train/             |          |
|    actor_loss      | 26       |
|    critic_loss     | 0.902    |
|    ent_coef        | 0.0758   |
|    ent_coef_loss   | -0.657   |
|    learning_rate   | 0.0003   |
|    n_updates       | 166999   |
---------------------------------
---------------------------------
| rollout/           |          |
|    ep_len_mean     | 1e+03    |
|    ep_rew_mean     | -715     |
| time/              |          |
|    episodes        | 172      |
|    fps             | 67       |
|    time_elapsed    | 2545     |
|    total_timesteps | 172000   |
| train/             |          |
|    actor_loss      | 33.8     |
|    critic_loss     | 0.79     |
|    ent_coef        | 0.0655   |
|    ent_coef_loss   | -0.128   |
|    learning_rate   | 0.0003   |
|    n_updates       | 170999   |
---------------------------------
[EvalCheckpoint] step 175,000: 0/5 success, mean waypoints 0.0, mean steps 800 (train tol 0.60 m, hold 10)
---------------------------------
| rollout/           |          |
|    ep_len_mean     | 1e+03    |
|    ep_rew_mean     | -680     |
| time/              |          |
|    episodes        | 176      |
|    fps             | 67       |
|    time_elapsed    | 2598     |
|    total_timesteps | 176000   |
| train/             |          |
|    actor_loss      | 50.1     |
|    critic_loss     | 1.91     |
|    ent_coef        | 0.0628   |
|    ent_coef_loss   | 0.0711   |
|    learning_rate   | 0.0003   |
|    n_updates       | 174999   |
---------------------------------
---------------------------------
| rollout/           |          |
|    ep_len_mean     | 1e+03    |
|    ep_rew_mean     | -621     |
| time/              |          |
|    episodes        | 180      |
|    fps             | 67       |
|    time_elapsed    | 2649     |
|    total_timesteps | 180000   |
| train/             |          |
|    actor_loss      | 46.2     |
|    critic_loss     | 1.04     |
|    ent_coef        | 0.063    |
|    ent_coef_loss   | 0.699    |
|    learning_rate   | 0.0003   |
|    n_updates       | 178999   |
---------------------------------
---------------------------------
| rollout/           |          |
|    ep_len_mean     | 1e+03    |
|    ep_rew_mean     | -565     |
| time/              |          |
|    episodes        | 184      |
|    fps             | 68       |
|    time_elapsed    | 2702     |
|    total_timesteps | 184000   |
| train/             |          |
|    actor_loss      | 24.4     |
|    critic_loss     | 0.942    |
|    ent_coef        | 0.0614   |
|    ent_coef_loss   | 1.4      |
|    learning_rate   | 0.0003   |
|    n_updates       | 182999   |
---------------------------------
---------------------------------
| rollout/           |          |
|    ep_len_mean     | 1e+03    |
|    ep_rew_mean     | -515     |
| time/              |          |
|    episodes        | 188      |
|    fps             | 68       |
|    time_elapsed    | 2754     |
|    total_timesteps | 188000   |
| train/             |          |
|    actor_loss      | 49.5     |
|    critic_loss     | 0.694    |
|    ent_coef        | 0.0576   |
|    ent_coef_loss   | -1.73    |
|    learning_rate   | 0.0003   |
|    n_updates       | 186999   |
---------------------------------
---------------------------------
| rollout/           |          |
|    ep_len_mean     | 1e+03    |
|    ep_rew_mean     | -474     |
| time/              |          |
|    episodes        | 192      |
|    fps             | 68       |
|    time_elapsed    | 2803     |
|    total_timesteps | 192000   |
| train/             |          |
|    actor_loss      | 34.5     |
|    critic_loss     | 2.49     |
|    ent_coef        | 0.0551   |
|    ent_coef_loss   | 0.177    |
|    learning_rate   | 0.0003   |
|    n_updates       | 190999   |
---------------------------------
---------------------------------
| rollout/           |          |
|    ep_len_mean     | 1e+03    |
|    ep_rew_mean     | -458     |
| time/              |          |
|    episodes        | 196      |
|    fps             | 68       |
|    time_elapsed    | 2851     |
|    total_timesteps | 196000   |
| train/             |          |
|    actor_loss      | 48.8     |
|    critic_loss     | 0.639    |
|    ent_coef        | 0.0538   |
|    ent_coef_loss   | -0.421   |
|    learning_rate   | 0.0003   |
|    n_updates       | 194999   |
---------------------------------
[EvalCheckpoint] step 200,000: 0/5 success, mean waypoints 0.0, mean steps 800 (train tol 0.60 m, hold 10)
---------------------------------
| rollout/           |          |
|    ep_len_mean     | 1e+03    |
|    ep_rew_mean     | -402     |
| time/              |          |
|    episodes        | 200      |
|    fps             | 68       |
|    time_elapsed    | 2901     |
|    total_timesteps | 200000   |
| train/             |          |
|    actor_loss      | 35.6     |
|    critic_loss     | 1.55     |
|    ent_coef        | 0.0524   |
|    ent_coef_loss   | -0.491   |
|    learning_rate   | 0.0003   |
|    n_updates       | 198999   |
---------------------------------
---------------------------------
| rollout/           |          |
|    ep_len_mean     | 1e+03    |
|    ep_rew_mean     | -338     |
| time/              |          |
|    episodes        | 204      |
|    fps             | 69       |
|    time_elapsed    | 2953     |
|    total_timesteps | 204000   |
| train/             |          |
|    actor_loss      | 16.6     |
|    critic_loss     | 0.846    |
|    ent_coef        | 0.0485   |
|    ent_coef_loss   | -0.738   |
|    learning_rate   | 0.0003   |
|    n_updates       | 202999   |
---------------------------------
---------------------------------
| rollout/           |          |
|    ep_len_mean     | 1e+03    |
|    ep_rew_mean     | -299     |
| time/              |          |
|    episodes        | 208      |
|    fps             | 69       |
|    time_elapsed    | 3004     |
|    total_timesteps | 208000   |
| train/             |          |
|    actor_loss      | 26.8     |
|    critic_loss     | 0.968    |
|    ent_coef        | 0.0515   |
|    ent_coef_loss   | 0.0109   |
|    learning_rate   | 0.0003   |
|    n_updates       | 206999   |
---------------------------------
---------------------------------
| rollout/           |          |
|    ep_len_mean     | 1e+03    |
|    ep_rew_mean     | -260     |
| time/              |          |
|    episodes        | 212      |
|    fps             | 69       |
|    time_elapsed    | 3055     |
|    total_timesteps | 212000   |
| train/             |          |
|    actor_loss      | -9.84    |
|    critic_loss     | 1.28     |
|    ent_coef        | 0.049    |
|    ent_coef_loss   | 1.5      |
|    learning_rate   | 0.0003   |
|    n_updates       | 210999   |
---------------------------------
---------------------------------
| rollout/           |          |
|    ep_len_mean     | 1e+03    |
|    ep_rew_mean     | -240     |
| time/              |          |
|    episodes        | 216      |
|    fps             | 69       |
|    time_elapsed    | 3107     |
|    total_timesteps | 216000   |
| train/             |          |
|    actor_loss      | -13.5    |
|    critic_loss     | 1.16     |
|    ent_coef        | 0.0489   |
|    ent_coef_loss   | -0.109   |
|    learning_rate   | 0.0003   |
|    n_updates       | 214999   |
---------------------------------
---------------------------------
| rollout/           |          |
|    ep_len_mean     | 1e+03    |
|    ep_rew_mean     | -213     |
| time/              |          |
|    episodes        | 220      |
|    fps             | 69       |
|    time_elapsed    | 3156     |
|    total_timesteps | 220000   |
| train/             |          |
|    actor_loss      | -9.12    |
|    critic_loss     | 0.516    |
|    ent_coef        | 0.0485   |
|    ent_coef_loss   | -0.687   |
|    learning_rate   | 0.0003   |
|    n_updates       | 218999   |
---------------------------------
---------------------------------
| rollout/           |          |
|    ep_len_mean     | 1e+03    |
|    ep_rew_mean     | -180     |
| time/              |          |
|    episodes        | 224      |
|    fps             | 69       |
|    time_elapsed    | 3206     |
|    total_timesteps | 224000   |
| train/             |          |
|    actor_loss      | -9.04    |
|    critic_loss     | 1.38     |
|    ent_coef        | 0.0483   |
|    ent_coef_loss   | 0.0118   |
|    learning_rate   | 0.0003   |
|    n_updates       | 222999   |
---------------------------------
[EvalCheckpoint] step 225,000: 0/5 success, mean waypoints 0.0, mean steps 800 (train tol 0.60 m, hold 10)
---------------------------------
| rollout/           |          |
|    ep_len_mean     | 1e+03    |
|    ep_rew_mean     | -111     |
| time/              |          |
|    episodes        | 228      |
|    fps             | 69       |
|    time_elapsed    | 3260     |
|    total_timesteps | 228000   |
| train/             |          |
|    actor_loss      | -17.2    |
|    critic_loss     | 0.879    |
|    ent_coef        | 0.0469   |
|    ent_coef_loss   | 0.84     |
|    learning_rate   | 0.0003   |
|    n_updates       | 226999   |
---------------------------------
---------------------------------
| rollout/           |          |
|    ep_len_mean     | 1e+03    |
|    ep_rew_mean     | -47.7    |
| time/              |          |
|    episodes        | 232      |
|    fps             | 70       |
|    time_elapsed    | 3309     |
|    total_timesteps | 232000   |
| train/             |          |
|    actor_loss      | -12.9    |
|    critic_loss     | 0.571    |
|    ent_coef        | 0.046    |
|    ent_coef_loss   | 0.117    |
|    learning_rate   | 0.0003   |
|    n_updates       | 230999   |
---------------------------------
---------------------------------
| rollout/           |          |
|    ep_len_mean     | 1e+03    |
|    ep_rew_mean     | -23.7    |
| time/              |          |
|    episodes        | 236      |
|    fps             | 70       |
|    time_elapsed    | 3360     |
|    total_timesteps | 236000   |
| train/             |          |
|    actor_loss      | -24.3    |
|    critic_loss     | 1.08     |
|    ent_coef        | 0.0447   |
|    ent_coef_loss   | 0.279    |
|    learning_rate   | 0.0003   |
|    n_updates       | 234999   |
---------------------------------
---------------------------------
| rollout/           |          |
|    ep_len_mean     | 1e+03    |
|    ep_rew_mean     | 4.34     |
| time/              |          |
|    episodes        | 240      |
|    fps             | 70       |
|    time_elapsed    | 3414     |
|    total_timesteps | 240000   |
| train/             |          |
|    actor_loss      | -43.4    |
|    critic_loss     | 0.27     |
|    ent_coef        | 0.0409   |
|    ent_coef_loss   | -1.21    |
|    learning_rate   | 0.0003   |
|    n_updates       | 238999   |
---------------------------------
---------------------------------
| rollout/           |          |
|    ep_len_mean     | 1e+03    |
|    ep_rew_mean     | 34.8     |
| time/              |          |
|    episodes        | 244      |
|    fps             | 70       |
|    time_elapsed    | 3466     |
|    total_timesteps | 244000   |
| train/             |          |
|    actor_loss      | -38.7    |
|    critic_loss     | 0.324    |
|    ent_coef        | 0.0371   |
|    ent_coef_loss   | 0.418    |
|    learning_rate   | 0.0003   |
|    n_updates       | 242999   |
---------------------------------
---------------------------------
| rollout/           |          |
|    ep_len_mean     | 1e+03    |
|    ep_rew_mean     | 58.7     |
| time/              |          |
|    episodes        | 248      |
|    fps             | 70       |
|    time_elapsed    | 3521     |
|    total_timesteps | 248000   |
| train/             |          |
|    actor_loss      | -33.9    |
|    critic_loss     | 1.64     |
|    ent_coef        | 0.0372   |
|    ent_coef_loss   | -1.46    |
|    learning_rate   | 0.0003   |
|    n_updates       | 246999   |
---------------------------------
[EvalCheckpoint] step 250,000: 0/5 success, mean waypoints 0.0, mean steps 800 (train tol 0.60 m, hold 10)
---------------------------------
| rollout/           |          |
|    ep_len_mean     | 1e+03    |
|    ep_rew_mean     | 90.3     |
| time/              |          |
|    episodes        | 252      |
|    fps             | 70       |
|    time_elapsed    | 3575     |
|    total_timesteps | 252000   |
| train/             |          |
|    actor_loss      | -27.8    |
|    critic_loss     | 0.525    |
|    ent_coef        | 0.036    |
|    ent_coef_loss   | 0.162    |
|    learning_rate   | 0.0003   |
|    n_updates       | 250999   |
---------------------------------
---------------------------------
| rollout/           |          |
|    ep_len_mean     | 1e+03    |
|    ep_rew_mean     | 121      |
| time/              |          |
|    episodes        | 256      |
|    fps             | 70       |
|    time_elapsed    | 3626     |
|    total_timesteps | 256000   |
| train/             |          |
|    actor_loss      | -18.4    |
|    critic_loss     | 1.17     |
|    ent_coef        | 0.032    |
|    ent_coef_loss   | -0.143   |
|    learning_rate   | 0.0003   |
|    n_updates       | 254999   |
---------------------------------
---------------------------------
| rollout/           |          |
|    ep_len_mean     | 1e+03    |
|    ep_rew_mean     | 131      |
| time/              |          |
|    episodes        | 260      |
|    fps             | 70       |
|    time_elapsed    | 3679     |
|    total_timesteps | 260000   |
| train/             |          |
|    actor_loss      | -53.5    |
|    critic_loss     | 0.487    |
|    ent_coef        | 0.0297   |
|    ent_coef_loss   | 0.0839   |
|    learning_rate   | 0.0003   |
|    n_updates       | 258999   |
---------------------------------
---------------------------------
| rollout/           |          |
|    ep_len_mean     | 1e+03    |
|    ep_rew_mean     | 139      |
| time/              |          |
|    episodes        | 264      |
|    fps             | 70       |
|    time_elapsed    | 3728     |
|    total_timesteps | 264000   |
| train/             |          |
|    actor_loss      | -64.6    |
|    critic_loss     | 0.332    |
|    ent_coef        | 0.0287   |
|    ent_coef_loss   | -1.3     |
|    learning_rate   | 0.0003   |
|    n_updates       | 262999   |
---------------------------------
---------------------------------
| rollout/           |          |
|    ep_len_mean     | 1e+03    |
|    ep_rew_mean     | 137      |
| time/              |          |
|    episodes        | 268      |
|    fps             | 70       |
|    time_elapsed    | 3780     |
|    total_timesteps | 268000   |
| train/             |          |
|    actor_loss      | -66.4    |
|    critic_loss     | 2.59     |
|    ent_coef        | 0.0307   |
|    ent_coef_loss   | 0.099    |
|    learning_rate   | 0.0003   |
|    n_updates       | 266999   |
---------------------------------
---------------------------------
| rollout/           |          |
|    ep_len_mean     | 1e+03    |
|    ep_rew_mean     | 151      |
| time/              |          |
|    episodes        | 272      |
|    fps             | 71       |
|    time_elapsed    | 3828     |
|    total_timesteps | 272000   |
| train/             |          |
|    actor_loss      | -54.5    |
|    critic_loss     | 2.33     |
|    ent_coef        | 0.0308   |
|    ent_coef_loss   | 0.0349   |
|    learning_rate   | 0.0003   |
|    n_updates       | 270999   |
---------------------------------
[EvalCheckpoint] step 275,000: 0/5 success, mean waypoints 0.0, mean steps 800 (train tol 0.60 m, hold 10)
---------------------------------
| rollout/           |          |
|    ep_len_mean     | 1e+03    |
|    ep_rew_mean     | 188      |
| time/              |          |
|    episodes        | 276      |
|    fps             | 71       |
|    time_elapsed    | 3881     |
|    total_timesteps | 276000   |
| train/             |          |
|    actor_loss      | -71.2    |
|    critic_loss     | 1.04     |
|    ent_coef        | 0.0284   |
|    ent_coef_loss   | -0.613   |
|    learning_rate   | 0.0003   |
|    n_updates       | 274999   |
---------------------------------
---------------------------------
| rollout/           |          |
|    ep_len_mean     | 1e+03    |
|    ep_rew_mean     | 201      |
| time/              |          |
|    episodes        | 280      |
|    fps             | 71       |
|    time_elapsed    | 3942     |
|    total_timesteps | 280000   |
| train/             |          |
|    actor_loss      | -67.8    |
|    critic_loss     | 0.401    |
|    ent_coef        | 0.0283   |
|    ent_coef_loss   | 0.829    |
|    learning_rate   | 0.0003   |
|    n_updates       | 278999   |
---------------------------------
---------------------------------
| rollout/           |          |
|    ep_len_mean     | 1e+03    |
|    ep_rew_mean     | 208      |
| time/              |          |
|    episodes        | 284      |
|    fps             | 70       |
|    time_elapsed    | 4010     |
|    total_timesteps | 284000   |
| train/             |          |
|    actor_loss      | -87.3    |
|    critic_loss     | 0.201    |
|    ent_coef        | 0.0261   |
|    ent_coef_loss   | 0.966    |
|    learning_rate   | 0.0003   |
|    n_updates       | 282999   |
---------------------------------
---------------------------------
| rollout/           |          |
|    ep_len_mean     | 1e+03    |
|    ep_rew_mean     | 216      |
| time/              |          |
|    episodes        | 288      |
|    fps             | 70       |
|    time_elapsed    | 4077     |
|    total_timesteps | 288000   |
| train/             |          |
|    actor_loss      | -71.6    |
|    critic_loss     | 0.44     |
|    ent_coef        | 0.0259   |
|    ent_coef_loss   | -0.756   |
|    learning_rate   | 0.0003   |
|    n_updates       | 286999   |
---------------------------------
---------------------------------
| rollout/           |          |
|    ep_len_mean     | 1e+03    |
|    ep_rew_mean     | 190      |
| time/              |          |
|    episodes        | 292      |
|    fps             | 70       |
|    time_elapsed    | 4153     |
|    total_timesteps | 292000   |
| train/             |          |
|    actor_loss      | -97.1    |
|    critic_loss     | 0.239    |
|    ent_coef        | 0.0228   |
|    ent_coef_loss   | 0.294    |
|    learning_rate   | 0.0003   |
|    n_updates       | 290999   |
---------------------------------
---------------------------------
| rollout/           |          |
|    ep_len_mean     | 1e+03    |
|    ep_rew_mean     | 188      |
| time/              |          |
|    episodes        | 296      |
|    fps             | 69       |
|    time_elapsed    | 4231     |
|    total_timesteps | 296000   |
| train/             |          |
|    actor_loss      | -80.9    |
|    critic_loss     | 0.392    |
|    ent_coef        | 0.0233   |
|    ent_coef_loss   | 1.73     |
|    learning_rate   | 0.0003   |
|    n_updates       | 294999   |
---------------------------------
[EvalCheckpoint] step 300,000: 0/5 success, mean waypoints 0.0, mean steps 800 (train tol 0.60 m, hold 10)
---------------------------------
| rollout/           |          |
|    ep_len_mean     | 1e+03    |
|    ep_rew_mean     | 196      |
| time/              |          |
|    episodes        | 300      |
|    fps             | 69       |
|    time_elapsed    | 4310     |
|    total_timesteps | 300000   |
| train/             |          |
|    actor_loss      | -82      |
|    critic_loss     | 0.365    |
|    ent_coef        | 0.0204   |
|    ent_coef_loss   | 0.217    |
|    learning_rate   | 0.0003   |
|    n_updates       | 298999   |
---------------------------------
---------------------------------
| rollout/           |          |
|    ep_len_mean     | 1e+03    |
|    ep_rew_mean     | 196      |
| time/              |          |
|    episodes        | 304      |
|    fps             | 69       |
|    time_elapsed    | 4386     |
|    total_timesteps | 304000   |
| train/             |          |
|    actor_loss      | -63.2    |
|    critic_loss     | 0.73     |
|    ent_coef        | 0.0214   |
|    ent_coef_loss   | 0.46     |
|    learning_rate   | 0.0003   |
|    n_updates       | 302999   |
---------------------------------
---------------------------------
| rollout/           |          |
|    ep_len_mean     | 1e+03    |
|    ep_rew_mean     | 199      |
| time/              |          |
|    episodes        | 308      |
|    fps             | 69       |
|    time_elapsed    | 4463     |
|    total_timesteps | 308000   |
| train/             |          |
|    actor_loss      | -63.3    |
|    critic_loss     | 0.128    |
|    ent_coef        | 0.019    |
|    ent_coef_loss   | 0.811    |
|    learning_rate   | 0.0003   |
|    n_updates       | 306999   |
---------------------------------
---------------------------------
| rollout/           |          |
|    ep_len_mean     | 1e+03    |
|    ep_rew_mean     | 198      |
| time/              |          |
|    episodes        | 312      |
|    fps             | 68       |
|    time_elapsed    | 4534     |
|    total_timesteps | 312000   |
| train/             |          |
|    actor_loss      | -71.7    |
|    critic_loss     | 0.0867   |
|    ent_coef        | 0.0218   |
|    ent_coef_loss   | 0.641    |
|    learning_rate   | 0.0003   |
|    n_updates       | 310999   |
---------------------------------
---------------------------------
| rollout/           |          |
|    ep_len_mean     | 1e+03    |
|    ep_rew_mean     | 203      |
| time/              |          |
|    episodes        | 316      |
|    fps             | 68       |
|    time_elapsed    | 4614     |
|    total_timesteps | 316000   |
| train/             |          |
|    actor_loss      | -80      |
|    critic_loss     | 109      |
|    ent_coef        | 0.0209   |
|    ent_coef_loss   | -0.117   |
|    learning_rate   | 0.0003   |
|    n_updates       | 314999   |
---------------------------------
---------------------------------
| rollout/           |          |
|    ep_len_mean     | 1e+03    |
|    ep_rew_mean     | 203      |
| time/              |          |
|    episodes        | 320      |
|    fps             | 68       |
|    time_elapsed    | 4694     |
|    total_timesteps | 320000   |
| train/             |          |
|    actor_loss      | -85.2    |
|    critic_loss     | 0.158    |
|    ent_coef        | 0.0186   |
|    ent_coef_loss   | -0.117   |
|    learning_rate   | 0.0003   |
|    n_updates       | 318999   |
---------------------------------
---------------------------------
| rollout/           |          |
|    ep_len_mean     | 1e+03    |
|    ep_rew_mean     | 225      |
| time/              |          |
|    episodes        | 324      |
|    fps             | 67       |
|    time_elapsed    | 4774     |
|    total_timesteps | 324000   |
| train/             |          |
|    actor_loss      | -88.5    |
|    critic_loss     | 0.435    |
|    ent_coef        | 0.0201   |
|    ent_coef_loss   | -0.905   |
|    learning_rate   | 0.0003   |
|    n_updates       | 322999   |
---------------------------------
[EvalCheckpoint] step 325,000: 0/5 success, mean waypoints 0.0, mean steps 800 (train tol 0.60 m, hold 10)
---------------------------------
| rollout/           |          |
|    ep_len_mean     | 1e+03    |
|    ep_rew_mean     | 231      |
| time/              |          |
|    episodes        | 328      |
|    fps             | 67       |
|    time_elapsed    | 4853     |
|    total_timesteps | 328000   |
| train/             |          |
|    actor_loss      | -77.8    |
|    critic_loss     | 0.101    |
|    ent_coef        | 0.0196   |
|    ent_coef_loss   | 0.225    |
|    learning_rate   | 0.0003   |
|    n_updates       | 326999   |
---------------------------------
---------------------------------
| rollout/           |          |
|    ep_len_mean     | 1e+03    |
|    ep_rew_mean     | 234      |
| time/              |          |
|    episodes        | 332      |
|    fps             | 67       |
|    time_elapsed    | 4925     |
|    total_timesteps | 332000   |
| train/             |          |
|    actor_loss      | -92.8    |
|    critic_loss     | 0.448    |
|    ent_coef        | 0.0149   |
|    ent_coef_loss   | -0.237   |
|    learning_rate   | 0.0003   |
|    n_updates       | 330999   |
---------------------------------
---------------------------------
| rollout/           |          |
|    ep_len_mean     | 1e+03    |
|    ep_rew_mean     | 238      |
| time/              |          |
|    episodes        | 336      |
|    fps             | 67       |
|    time_elapsed    | 4994     |
|    total_timesteps | 336000   |
| train/             |          |
|    actor_loss      | -100     |
|    critic_loss     | 0.0542   |
|    ent_coef        | 0.0165   |
|    ent_coef_loss   | 0.133    |
|    learning_rate   | 0.0003   |
|    n_updates       | 334999   |
---------------------------------
---------------------------------
| rollout/           |          |
|    ep_len_mean     | 1e+03    |
|    ep_rew_mean     | 226      |
| time/              |          |
|    episodes        | 340      |
|    fps             | 66       |
|    time_elapsed    | 5079     |
|    total_timesteps | 340000   |
| train/             |          |
|    actor_loss      | -93      |
|    critic_loss     | 0.113    |
|    ent_coef        | 0.0147   |
|    ent_coef_loss   | 0.454    |
|    learning_rate   | 0.0003   |
|    n_updates       | 338999   |
---------------------------------
---------------------------------
| rollout/           |          |
|    ep_len_mean     | 1e+03    |
|    ep_rew_mean     | 225      |
| time/              |          |
|    episodes        | 344      |
|    fps             | 66       |
|    time_elapsed    | 5162     |
|    total_timesteps | 344000   |
| train/             |          |
|    actor_loss      | -89.7    |
|    critic_loss     | 0.104    |
|    ent_coef        | 0.0165   |
|    ent_coef_loss   | -0.301   |
|    learning_rate   | 0.0003   |
|    n_updates       | 342999   |
---------------------------------
---------------------------------
| rollout/           |          |
|    ep_len_mean     | 1e+03    |
|    ep_rew_mean     | 230      |
| time/              |          |
|    episodes        | 348      |
|    fps             | 66       |
|    time_elapsed    | 5247     |
|    total_timesteps | 348000   |
| train/             |          |
|    actor_loss      | -70.3    |
|    critic_loss     | 0.105    |
|    ent_coef        | 0.0172   |
|    ent_coef_loss   | -0.185   |
|    learning_rate   | 0.0003   |
|    n_updates       | 346999   |
---------------------------------
[EvalCheckpoint] step 350,000: 0/5 success, mean waypoints 0.0, mean steps 800 (train tol 0.60 m, hold 10)
---------------------------------
| rollout/           |          |
|    ep_len_mean     | 1e+03    |
|    ep_rew_mean     | 234      |
| time/              |          |
|    episodes        | 352      |
|    fps             | 65       |
|    time_elapsed    | 5335     |
|    total_timesteps | 352000   |
| train/             |          |
|    actor_loss      | -90.6    |
|    critic_loss     | 0.0759   |
|    ent_coef        | 0.0171   |
|    ent_coef_loss   | 1.21     |
|    learning_rate   | 0.0003   |
|    n_updates       | 350999   |
---------------------------------
---------------------------------
| rollout/           |          |
|    ep_len_mean     | 1e+03    |
|    ep_rew_mean     | 239      |
| time/              |          |
|    episodes        | 356      |
|    fps             | 65       |
|    time_elapsed    | 5416     |
|    total_timesteps | 356000   |
| train/             |          |
|    actor_loss      | -90.3    |
|    critic_loss     | 0.156    |
|    ent_coef        | 0.0153   |
|    ent_coef_loss   | -0.61    |
|    learning_rate   | 0.0003   |
|    n_updates       | 354999   |
---------------------------------
---------------------------------
| rollout/           |          |
|    ep_len_mean     | 1e+03    |
|    ep_rew_mean     | 247      |
| time/              |          |
|    episodes        | 360      |
|    fps             | 65       |
|    time_elapsed    | 5499     |
|    total_timesteps | 360000   |
| train/             |          |
|    actor_loss      | -102     |
|    critic_loss     | 0.0635   |
|    ent_coef        | 0.0168   |
|    ent_coef_loss   | 0.671    |
|    learning_rate   | 0.0003   |
|    n_updates       | 358999   |
---------------------------------
---------------------------------
| rollout/           |          |
|    ep_len_mean     | 1e+03    |
|    ep_rew_mean     | 254      |
| time/              |          |
|    episodes        | 364      |
|    fps             | 65       |
|    time_elapsed    | 5582     |
|    total_timesteps | 364000   |
| train/             |          |
|    actor_loss      | -96.1    |
|    critic_loss     | 0.104    |
|    ent_coef        | 0.0146   |
|    ent_coef_loss   | -1.07    |
|    learning_rate   | 0.0003   |
|    n_updates       | 362999   |
---------------------------------
---------------------------------
| rollout/           |          |
|    ep_len_mean     | 1e+03    |
|    ep_rew_mean     | 270      |
| time/              |          |
|    episodes        | 368      |
|    fps             | 64       |
|    time_elapsed    | 5664     |
|    total_timesteps | 368000   |
| train/             |          |
|    actor_loss      | -100     |
|    critic_loss     | 0.113    |
|    ent_coef        | 0.0135   |
|    ent_coef_loss   | -0.334   |
|    learning_rate   | 0.0003   |
|    n_updates       | 366999   |
---------------------------------
---------------------------------
| rollout/           |          |
|    ep_len_mean     | 1e+03    |
|    ep_rew_mean     | 273      |
| time/              |          |
|    episodes        | 372      |
|    fps             | 64       |
|    time_elapsed    | 5746     |
|    total_timesteps | 372000   |
| train/             |          |
|    actor_loss      | -103     |
|    critic_loss     | 0.117    |
|    ent_coef        | 0.014    |
|    ent_coef_loss   | 0.087    |
|    learning_rate   | 0.0003   |
|    n_updates       | 370999   |
---------------------------------
[EvalCheckpoint] step 375,000: 0/5 success, mean waypoints 0.0, mean steps 800 (train tol 0.60 m, hold 10)
---------------------------------
| rollout/           |          |
|    ep_len_mean     | 1e+03    |
|    ep_rew_mean     | 273      |
| time/              |          |
|    episodes        | 376      |
|    fps             | 64       |
|    time_elapsed    | 5832     |
|    total_timesteps | 376000   |
| train/             |          |
|    actor_loss      | -104     |
|    critic_loss     | 0.07     |
|    ent_coef        | 0.0116   |
|    ent_coef_loss   | 2.01     |
|    learning_rate   | 0.0003   |
|    n_updates       | 374999   |
---------------------------------
---------------------------------
| rollout/           |          |
|    ep_len_mean     | 1e+03    |
|    ep_rew_mean     | 273      |
| time/              |          |
|    episodes        | 380      |
|    fps             | 64       |
|    time_elapsed    | 5911     |
|    total_timesteps | 380000   |
| train/             |          |
|    actor_loss      | -100     |
|    critic_loss     | 0.0277   |
|    ent_coef        | 0.0134   |
|    ent_coef_loss   | -0.734   |
|    learning_rate   | 0.0003   |
|    n_updates       | 378999   |
---------------------------------
---------------------------------
| rollout/           |          |
|    ep_len_mean     | 1e+03    |
|    ep_rew_mean     | 272      |
| time/              |          |
|    episodes        | 384      |
|    fps             | 64       |
|    time_elapsed    | 5988     |
|    total_timesteps | 384000   |
| train/             |          |
|    actor_loss      | -97.1    |
|    critic_loss     | 0.0853   |
|    ent_coef        | 0.0133   |
|    ent_coef_loss   | -3.36    |
|    learning_rate   | 0.0003   |
|    n_updates       | 382999   |
---------------------------------
---------------------------------
| rollout/           |          |
|    ep_len_mean     | 1e+03    |
|    ep_rew_mean     | 245      |
| time/              |          |
|    episodes        | 388      |
|    fps             | 64       |
|    time_elapsed    | 6062     |
|    total_timesteps | 388000   |
| train/             |          |
|    actor_loss      | -93.8    |
|    critic_loss     | 0.145    |
|    ent_coef        | 0.00894  |
|    ent_coef_loss   | 0.375    |
|    learning_rate   | 0.0003   |
|    n_updates       | 386999   |
---------------------------------
---------------------------------
| rollout/           |          |
|    ep_len_mean     | 1e+03    |
|    ep_rew_mean     | 266      |
| time/              |          |
|    episodes        | 392      |
|    fps             | 63       |
|    time_elapsed    | 6134     |
|    total_timesteps | 392000   |
| train/             |          |
|    actor_loss      | -93.3    |
|    critic_loss     | 0.0582   |
|    ent_coef        | 0.00829  |
|    ent_coef_loss   | 1.54     |
|    learning_rate   | 0.0003   |
|    n_updates       | 390999   |
---------------------------------
---------------------------------
| rollout/           |          |
|    ep_len_mean     | 1e+03    |
|    ep_rew_mean     | 280      |
| time/              |          |
|    episodes        | 396      |
|    fps             | 63       |
|    time_elapsed    | 6218     |
|    total_timesteps | 396000   |
| train/             |          |
|    actor_loss      | -94.9    |
|    critic_loss     | 0.0526   |
|    ent_coef        | 0.00931  |
|    ent_coef_loss   | 0.647    |
|    learning_rate   | 0.0003   |
|    n_updates       | 394999   |
---------------------------------
[EvalCheckpoint] step 400,000: 0/5 success, mean waypoints 0.0, mean steps 800 (train tol 0.60 m, hold 10)
---------------------------------
| rollout/           |          |
|    ep_len_mean     | 1e+03    |
|    ep_rew_mean     | 282      |
| time/              |          |
|    episodes        | 400      |
|    fps             | 63       |
|    time_elapsed    | 6307     |
|    total_timesteps | 400000   |
| train/             |          |
|    actor_loss      | -89.4    |
|    critic_loss     | 0.868    |
|    ent_coef        | 0.0104   |
|    ent_coef_loss   | 2.23     |
|    learning_rate   | 0.0003   |
|    n_updates       | 398999   |
---------------------------------
---------------------------------
| rollout/           |          |
|    ep_len_mean     | 1e+03    |
|    ep_rew_mean     | 291      |
| time/              |          |
|    episodes        | 404      |
|    fps             | 63       |
|    time_elapsed    | 6394     |
|    total_timesteps | 404000   |
| train/             |          |
|    actor_loss      | -101     |
|    critic_loss     | 1.18     |
|    ent_coef        | 0.0106   |
|    ent_coef_loss   | 0.518    |
|    learning_rate   | 0.0003   |
|    n_updates       | 402999   |
---------------------------------
---------------------------------
| rollout/           |          |
|    ep_len_mean     | 1e+03    |
|    ep_rew_mean     | 295      |
| time/              |          |
|    episodes        | 408      |
|    fps             | 62       |
|    time_elapsed    | 6480     |
|    total_timesteps | 408000   |
| train/             |          |
|    actor_loss      | -88.8    |
|    critic_loss     | 79.2     |
|    ent_coef        | 0.0114   |
|    ent_coef_loss   | 0.982    |
|    learning_rate   | 0.0003   |
|    n_updates       | 406999   |
---------------------------------
---------------------------------
| rollout/           |          |
|    ep_len_mean     | 1e+03    |
|    ep_rew_mean     | 301      |
| time/              |          |
|    episodes        | 412      |
|    fps             | 62       |
|    time_elapsed    | 6567     |
|    total_timesteps | 412000   |
| train/             |          |
|    actor_loss      | -102     |
|    critic_loss     | 1.27     |
|    ent_coef        | 0.00945  |
|    ent_coef_loss   | -2.05    |
|    learning_rate   | 0.0003   |
|    n_updates       | 410999   |
---------------------------------
---------------------------------
| rollout/           |          |
|    ep_len_mean     | 1e+03    |
|    ep_rew_mean     | 301      |
| time/              |          |
|    episodes        | 416      |
|    fps             | 62       |
|    time_elapsed    | 6655     |
|    total_timesteps | 416000   |
| train/             |          |
|    actor_loss      | -91.2    |
|    critic_loss     | 0.0337   |
|    ent_coef        | 0.00933  |
|    ent_coef_loss   | 0.62     |
|    learning_rate   | 0.0003   |
|    n_updates       | 414999   |
---------------------------------
---------------------------------
| rollout/           |          |
|    ep_len_mean     | 1e+03    |
|    ep_rew_mean     | 296      |
| time/              |          |
|    episodes        | 420      |
|    fps             | 62       |
|    time_elapsed    | 6736     |
|    total_timesteps | 420000   |
| train/             |          |
|    actor_loss      | -98.8    |
|    critic_loss     | 0.24     |
|    ent_coef        | 0.00989  |
|    ent_coef_loss   | -0.0993  |
|    learning_rate   | 0.0003   |
|    n_updates       | 418999   |
---------------------------------
---------------------------------
| rollout/           |          |
|    ep_len_mean     | 1e+03    |
|    ep_rew_mean     | 296      |
| time/              |          |
|    episodes        | 424      |
|    fps             | 62       |
|    time_elapsed    | 6824     |
|    total_timesteps | 424000   |
| train/             |          |
|    actor_loss      | -94.1    |
|    critic_loss     | 0.09     |
|    ent_coef        | 0.00896  |
|    ent_coef_loss   | -2.16    |
|    learning_rate   | 0.0003   |
|    n_updates       | 422999   |
---------------------------------
[EvalCheckpoint] step 425,000: 0/5 success, mean waypoints 0.0, mean steps 800 (train tol 0.60 m, hold 10)
---------------------------------
| rollout/           |          |
|    ep_len_mean     | 1e+03    |
|    ep_rew_mean     | 285      |
| time/              |          |
|    episodes        | 428      |
|    fps             | 61       |
|    time_elapsed    | 6914     |
|    total_timesteps | 428000   |
| train/             |          |
|    actor_loss      | -92.6    |
|    critic_loss     | 0.0314   |
|    ent_coef        | 0.00929  |
|    ent_coef_loss   | 2.2      |
|    learning_rate   | 0.0003   |
|    n_updates       | 426999   |
---------------------------------
---------------------------------
| rollout/           |          |
|    ep_len_mean     | 1e+03    |
|    ep_rew_mean     | 278      |
| time/              |          |
|    episodes        | 432      |
|    fps             | 61       |
|    time_elapsed    | 7000     |
|    total_timesteps | 432000   |
| train/             |          |
|    actor_loss      | -94.1    |
|    critic_loss     | 0.0497   |
|    ent_coef        | 0.012    |
|    ent_coef_loss   | -4.85    |
|    learning_rate   | 0.0003   |
|    n_updates       | 430999   |
---------------------------------
---------------------------------
| rollout/           |          |
|    ep_len_mean     | 1e+03    |
|    ep_rew_mean     | 277      |
| time/              |          |
|    episodes        | 436      |
|    fps             | 61       |
|    time_elapsed    | 7087     |
|    total_timesteps | 436000   |
| train/             |          |
|    actor_loss      | -88.4    |
|    critic_loss     | 0.0823   |
|    ent_coef        | 0.0143   |
|    ent_coef_loss   | 2.45     |
|    learning_rate   | 0.0003   |
|    n_updates       | 434999   |
---------------------------------
---------------------------------
| rollout/           |          |
|    ep_len_mean     | 1e+03    |
|    ep_rew_mean     | 294      |
| time/              |          |
|    episodes        | 440      |
|    fps             | 61       |
|    time_elapsed    | 7175     |
|    total_timesteps | 440000   |
| train/             |          |
|    actor_loss      | -95.1    |
|    critic_loss     | 0.119    |
|    ent_coef        | 0.0132   |
|    ent_coef_loss   | 0.0917   |
|    learning_rate   | 0.0003   |
|    n_updates       | 438999   |
---------------------------------
---------------------------------
| rollout/           |          |
|    ep_len_mean     | 1e+03    |
|    ep_rew_mean     | 300      |
| time/              |          |
|    episodes        | 444      |
|    fps             | 61       |
|    time_elapsed    | 7253     |
|    total_timesteps | 444000   |
| train/             |          |
|    actor_loss      | -90.5    |
|    critic_loss     | 0.0888   |
|    ent_coef        | 0.0128   |
|    ent_coef_loss   | 1.39     |
|    learning_rate   | 0.0003   |
|    n_updates       | 442999   |
---------------------------------
---------------------------------
| rollout/           |          |
|    ep_len_mean     | 1e+03    |
|    ep_rew_mean     | 300      |
| time/              |          |
|    episodes        | 448      |
|    fps             | 61       |
|    time_elapsed    | 7328     |
|    total_timesteps | 448000   |
| train/             |          |
|    actor_loss      | -107     |
|    critic_loss     | 0.154    |
|    ent_coef        | 0.0127   |
|    ent_coef_loss   | 0.433    |
|    learning_rate   | 0.0003   |
|    n_updates       | 446999   |
---------------------------------
[EvalCheckpoint] step 450,000: 0/5 success, mean waypoints 0.0, mean steps 800 (train tol 0.60 m, hold 10)
---------------------------------
| rollout/           |          |
|    ep_len_mean     | 1e+03    |
|    ep_rew_mean     | 293      |
| time/              |          |
|    episodes        | 452      |
|    fps             | 60       |
|    time_elapsed    | 7416     |
|    total_timesteps | 452000   |
| train/             |          |
|    actor_loss      | -93.1    |
|    critic_loss     | 0.0766   |
|    ent_coef        | 0.0138   |
|    ent_coef_loss   | 0.00332  |
|    learning_rate   | 0.0003   |
|    n_updates       | 450999   |
---------------------------------
---------------------------------
| rollout/           |          |
|    ep_len_mean     | 1e+03    |
|    ep_rew_mean     | 294      |
| time/              |          |
|    episodes        | 456      |
|    fps             | 60       |
|    time_elapsed    | 7502     |
|    total_timesteps | 456000   |
| train/             |          |
|    actor_loss      | -103     |
|    critic_loss     | 0.391    |
|    ent_coef        | 0.0142   |
|    ent_coef_loss   | -0.582   |
|    learning_rate   | 0.0003   |
|    n_updates       | 454999   |
---------------------------------
---------------------------------
| rollout/           |          |
|    ep_len_mean     | 1e+03    |
|    ep_rew_mean     | 295      |
| time/              |          |
|    episodes        | 460      |
|    fps             | 60       |
|    time_elapsed    | 7588     |
|    total_timesteps | 460000   |
| train/             |          |
|    actor_loss      | -99.9    |
|    critic_loss     | 0.0962   |
|    ent_coef        | 0.012    |
|    ent_coef_loss   | -0.698   |
|    learning_rate   | 0.0003   |
|    n_updates       | 458999   |
---------------------------------
---------------------------------
| rollout/           |          |
|    ep_len_mean     | 1e+03    |
|    ep_rew_mean     | 294      |
| time/              |          |
|    episodes        | 464      |
|    fps             | 60       |
|    time_elapsed    | 7673     |
|    total_timesteps | 464000   |
| train/             |          |
|    actor_loss      | -91.5    |
|    critic_loss     | 0.117    |
|    ent_coef        | 0.01     |
|    ent_coef_loss   | 0.713    |
|    learning_rate   | 0.0003   |
|    n_updates       | 462999   |
---------------------------------
---------------------------------
| rollout/           |          |
|    ep_len_mean     | 1e+03    |
|    ep_rew_mean     | 294      |
| time/              |          |
|    episodes        | 468      |
|    fps             | 60       |
|    time_elapsed    | 7760     |
|    total_timesteps | 468000   |
| train/             |          |
|    actor_loss      | -99.3    |
|    critic_loss     | 0.371    |
|    ent_coef        | 0.0101   |
|    ent_coef_loss   | 3.2      |
|    learning_rate   | 0.0003   |
|    n_updates       | 466999   |
---------------------------------
---------------------------------
| rollout/           |          |
|    ep_len_mean     | 1e+03    |
|    ep_rew_mean     | 272      |
| time/              |          |
|    episodes        | 472      |
|    fps             | 60       |
|    time_elapsed    | 7846     |
|    total_timesteps | 472000   |
| train/             |          |
|    actor_loss      | -98.3    |
|    critic_loss     | 101      |
|    ent_coef        | 0.0107   |
|    ent_coef_loss   | -0.255   |
|    learning_rate   | 0.0003   |
|    n_updates       | 470999   |
---------------------------------
[EvalCheckpoint] step 475,000: 0/5 success, mean waypoints 1.0, mean steps 800 (train tol 0.60 m, hold 10)
---------------------------------
| rollout/           |          |
|    ep_len_mean     | 1e+03    |
|    ep_rew_mean     | 251      |
| time/              |          |
|    episodes        | 476      |
|    fps             | 59       |
|    time_elapsed    | 7936     |
|    total_timesteps | 476000   |
| train/             |          |
|    actor_loss      | -98.6    |
|    critic_loss     | 0.139    |
|    ent_coef        | 0.00903  |
|    ent_coef_loss   | 1.24     |
|    learning_rate   | 0.0003   |
|    n_updates       | 474999   |
---------------------------------
---------------------------------
| rollout/           |          |
|    ep_len_mean     | 1e+03    |
|    ep_rew_mean     | 252      |
| time/              |          |
|    episodes        | 480      |
|    fps             | 59       |
|    time_elapsed    | 8017     |
|    total_timesteps | 480000   |
| train/             |          |
|    actor_loss      | -98      |
|    critic_loss     | 0.0515   |
|    ent_coef        | 0.00883  |
|    ent_coef_loss   | -3.49    |
|    learning_rate   | 0.0003   |
|    n_updates       | 478999   |
---------------------------------
---------------------------------
| rollout/           |          |
|    ep_len_mean     | 1e+03    |
|    ep_rew_mean     | 256      |
| time/              |          |
|    episodes        | 484      |
|    fps             | 59       |
|    time_elapsed    | 8095     |
|    total_timesteps | 484000   |
| train/             |          |
|    actor_loss      | -90.6    |
|    critic_loss     | 0.0427   |
|    ent_coef        | 0.0113   |
|    ent_coef_loss   | 1.48     |
|    learning_rate   | 0.0003   |
|    n_updates       | 482999   |
---------------------------------
---------------------------------
| rollout/           |          |
|    ep_len_mean     | 1e+03    |
|    ep_rew_mean     | 286      |
| time/              |          |
|    episodes        | 488      |
|    fps             | 59       |
|    time_elapsed    | 8168     |
|    total_timesteps | 488000   |
| train/             |          |
|    actor_loss      | -82      |
|    critic_loss     | 0.311    |
|    ent_coef        | 0.0118   |
|    ent_coef_loss   | -2.21    |
|    learning_rate   | 0.0003   |
|    n_updates       | 486999   |
---------------------------------
---------------------------------
| rollout/           |          |
|    ep_len_mean     | 1e+03    |
|    ep_rew_mean     | 302      |
| time/              |          |
|    episodes        | 492      |
|    fps             | 59       |
|    time_elapsed    | 8240     |
|    total_timesteps | 492000   |
| train/             |          |
|    actor_loss      | -90.8    |
|    critic_loss     | 0.217    |
|    ent_coef        | 0.0105   |
|    ent_coef_loss   | -0.724   |
|    learning_rate   | 0.0003   |
|    n_updates       | 490999   |
---------------------------------
---------------------------------
| rollout/           |          |
|    ep_len_mean     | 1e+03    |
|    ep_rew_mean     | 299      |
| time/              |          |
|    episodes        | 496      |
|    fps             | 59       |
|    time_elapsed    | 8315     |
|    total_timesteps | 496000   |
| train/             |          |
|    actor_loss      | -94.5    |
|    critic_loss     | 0.029    |
|    ent_coef        | 0.0109   |
|    ent_coef_loss   | -1.44    |
|    learning_rate   | 0.0003   |
|    n_updates       | 494999   |
---------------------------------
[EvalCheckpoint] step 500,000: 0/5 success, mean waypoints 0.0, mean steps 800 (train tol 0.60 m, hold 10)
---------------------------------
| rollout/           |          |
|    ep_len_mean     | 1e+03    |
|    ep_rew_mean     | 299      |
| time/              |          |
|    episodes        | 500      |
|    fps             | 59       |
|    time_elapsed    | 8396     |
|    total_timesteps | 500000   |
| train/             |          |
|    actor_loss      | -98.7    |
|    critic_loss     | 0.0871   |
|    ent_coef        | 0.00964  |
|    ent_coef_loss   | 0.437    |
|    learning_rate   | 0.0003   |
|    n_updates       | 498999   |
---------------------------------
[2026-08-14T22:11:32] Training complete in 8396.9s
[2026-08-14T22:11:32] Episodes: 500
[2026-08-14T22:11:32] Best reward: 426.37
[2026-08-14T22:11:32] Mean reward (100ep): 299.39
[2026-08-14T22:11:32] Final goal tolerance: 0.6
[2026-08-14T22:11:32] Curriculum stage: 0
[2026-08-14T22:11:32] Saved: {'model': 'C:\\Users\\ranjo\\OneDrive\\Desktop\\ARM-Model\\project_assets\\outputs\\Ablation\\decrement_5\\seed_103\\sac_model', 'history': 'C:\\Users\\ranjo\\OneDrive\\Desktop\\ARM-Model\\project_assets\\outputs\\Ablation\\decrement_5\\seed_103\\training_history.csv', 'stats': 'C:\\Users\\ranjo\\OneDrive\\Desktop\\ARM-Model\\project_assets\\outputs\\Ablation\\decrement_5\\seed_103\\training_stats.json'}
[2026-08-14T22:11:32] Best checkpoint: score=(0, 1.0, -800.0) at step 100000 -> C:\Users\ranjo\OneDrive\Desktop\ARM-Model\project_assets\outputs\Ablation\decrement_5\seed_103\sac_model_best.zip
[2026-08-14T22:11:32] Running Fitts' Law sweep (1 trials per condition)...
[2026-08-14T22:11:34] Fitts sweep complete in 2.3s
[2026-08-14T22:11:34] Fitts: MT = +0.0147 + +0.0384 * ID, R^2 = 0.3911 (n_conditions = 16, trials_per_condition = 1)
[2026-08-14T22:11:35] Saved: C:\Users\ranjo\OneDrive\Desktop\ARM-Model\project_assets\outputs\Ablation\decrement_5\seed_103\fitts_law.json
[2026-08-14T22:11:35] Saved: C:\Users\ranjo\OneDrive\Desktop\ARM-Model\project_assets\outputs\Ablation\decrement_5\seed_103\fitts_law.png
[2026-08-14T22:11:35] Running 2/3 Power Law sweep (1 trials)...
[2026-08-14T22:11:35] Power Law sweep complete in 0.1s
[2026-08-14T22:11:35] Power Law: log V = +0.3559 + -0.3984 * log C, R = -0.8510, R^2 = 0.7242 (n_samples = 199, n_trials = 0/1)
[2026-08-14T22:11:35] Saved: C:\Users\ranjo\OneDrive\Desktop\ARM-Model\project_assets\outputs\Ablation\decrement_5\seed_103\power_law.json
[2026-08-14T22:11:35] Saved: C:\Users\ranjo\OneDrive\Desktop\ARM-Model\project_assets\outputs\Ablation\decrement_5\seed_103\power_law.png
[2026-08-14T22:11:35] Session complete. Total wall time: 2:20:01.299453
[2026-08-14T22:11:35] ============================================================
