[2026-08-14T15:57:09] Starting Fischer session: algorithm=SAC, timesteps=500,000, direction=EAST, actuation=muscle, waypoints=[[0.2, 1.2], [2.2, 0.5], [1.0, -1.6]], seed=101
[2026-08-14T15:57:09] Save dir: C:\Users\ranjo\OneDrive\Desktop\ARM-Model\project_assets\outputs\Ablation\stochastic\seed_101
[2026-08-14T15:57:09] Waypoint mode active: 3 waypoints, current_waypoint_index=0 at every episode reset
[2026-08-14T15:57:09] Ablation config: hold_decrement=3, hold_curriculum=on, curriculum_mode=stochastic
[2026-08-14T15:57:09] Waypoint mode: tolerance curriculum floor raised to 0.2 m (eval standard is 0.6 m)
[2026-08-14T15:57:09] Curriculum mode 'stochastic': using training-policy success rate, no best-model checkpointing (ablation condition)
Using cpu device
Wrapping the env with a `Monitor` wrapper
Wrapping the env in a DummyVecEnv.
[HoldCurriculum] Initial hold requirement: 10 steps (ladder: [10, 15, 20], threshold: 60%)
---------------------------------
| rollout/           |          |
|    ep_len_mean     | 1e+03    |
|    ep_rew_mean     | -5.2e+03 |
| time/              |          |
|    episodes        | 4        |
|    fps             | 105      |
|    time_elapsed    | 37       |
|    total_timesteps | 4000     |
| train/             |          |
|    actor_loss      | 46       |
|    critic_loss     | 0.604    |
|    ent_coef        | 0.41     |
|    ent_coef_loss   | -5.55    |
|    learning_rate   | 0.0003   |
|    n_updates       | 2999     |
---------------------------------
----------------------------------
| rollout/           |           |
|    ep_len_mean     | 1e+03     |
|    ep_rew_mean     | -4.72e+03 |
| time/              |           |
|    episodes        | 8         |
|    fps             | 94        |
|    time_elapsed    | 85        |
|    total_timesteps | 8000      |
| train/             |           |
|    actor_loss      | 101       |
|    critic_loss     | 0.665     |
|    ent_coef        | 0.134     |
|    ent_coef_loss   | -8.33     |
|    learning_rate   | 0.0003    |
|    n_updates       | 6999      |
----------------------------------
----------------------------------
| rollout/           |           |
|    ep_len_mean     | 1e+03     |
|    ep_rew_mean     | -4.51e+03 |
| time/              |           |
|    episodes        | 12        |
|    fps             | 90        |
|    time_elapsed    | 132       |
|    total_timesteps | 12000     |
| train/             |           |
|    actor_loss      | 143       |
|    critic_loss     | 0.427     |
|    ent_coef        | 0.0464    |
|    ent_coef_loss   | -7.91     |
|    learning_rate   | 0.0003    |
|    n_updates       | 10999     |
----------------------------------
----------------------------------
| rollout/           |           |
|    ep_len_mean     | 1e+03     |
|    ep_rew_mean     | -4.94e+03 |
| time/              |           |
|    episodes        | 16        |
|    fps             | 89        |
|    time_elapsed    | 179       |
|    total_timesteps | 16000     |
| train/             |           |
|    actor_loss      | 165       |
|    critic_loss     | 0.632     |
|    ent_coef        | 0.0578    |
|    ent_coef_loss   | 3.45      |
|    learning_rate   | 0.0003    |
|    n_updates       | 14999     |
----------------------------------
----------------------------------
| rollout/           |           |
|    ep_len_mean     | 1e+03     |
|    ep_rew_mean     | -4.41e+03 |
| time/              |           |
|    episodes        | 20        |
|    fps             | 87        |
|    time_elapsed    | 227       |
|    total_timesteps | 20000     |
| train/             |           |
|    actor_loss      | 112       |
|    critic_loss     | 2.57      |
|    ent_coef        | 0.098     |
|    ent_coef_loss   | -1.76     |
|    learning_rate   | 0.0003    |
|    n_updates       | 18999     |
----------------------------------
----------------------------------
| rollout/           |           |
|    ep_len_mean     | 1e+03     |
|    ep_rew_mean     | -4.18e+03 |
| time/              |           |
|    episodes        | 24        |
|    fps             | 87        |
|    time_elapsed    | 274       |
|    total_timesteps | 24000     |
| train/             |           |
|    actor_loss      | 113       |
|    critic_loss     | 1.93      |
|    ent_coef        | 0.076     |
|    ent_coef_loss   | -0.289    |
|    learning_rate   | 0.0003    |
|    n_updates       | 22999     |
----------------------------------
----------------------------------
| rollout/           |           |
|    ep_len_mean     | 1e+03     |
|    ep_rew_mean     | -4.15e+03 |
| time/              |           |
|    episodes        | 28        |
|    fps             | 86        |
|    time_elapsed    | 324       |
|    total_timesteps | 28000     |
| train/             |           |
|    actor_loss      | 145       |
|    critic_loss     | 1.82      |
|    ent_coef        | 0.0594    |
|    ent_coef_loss   | 1.03      |
|    learning_rate   | 0.0003    |
|    n_updates       | 26999     |
----------------------------------
----------------------------------
| rollout/           |           |
|    ep_len_mean     | 1e+03     |
|    ep_rew_mean     | -4.43e+03 |
| time/              |           |
|    episodes        | 32        |
|    fps             | 86        |
|    time_elapsed    | 370       |
|    total_timesteps | 32000     |
| train/             |           |
|    actor_loss      | 154       |
|    critic_loss     | 4.73      |
|    ent_coef        | 0.0884    |
|    ent_coef_loss   | 0.265     |
|    learning_rate   | 0.0003    |
|    n_updates       | 30999     |
----------------------------------
----------------------------------
| rollout/           |           |
|    ep_len_mean     | 1e+03     |
|    ep_rew_mean     | -4.06e+03 |
| time/              |           |
|    episodes        | 36        |
|    fps             | 86        |
|    time_elapsed    | 417       |
|    total_timesteps | 36000     |
| train/             |           |
|    actor_loss      | 126       |
|    critic_loss     | 6.37      |
|    ent_coef        | 0.0826    |
|    ent_coef_loss   | 1.33      |
|    learning_rate   | 0.0003    |
|    n_updates       | 34999     |
----------------------------------
----------------------------------
| rollout/           |           |
|    ep_len_mean     | 992       |
|    ep_rew_mean     | -3.91e+03 |
| time/              |           |
|    episodes        | 40        |
|    fps             | 86        |
|    time_elapsed    | 460       |
|    total_timesteps | 39662     |
| train/             |           |
|    actor_loss      | 136       |
|    critic_loss     | 3.14      |
|    ent_coef        | 0.103     |
|    ent_coef_loss   | 1.08      |
|    learning_rate   | 0.0003    |
|    n_updates       | 38661     |
----------------------------------
----------------------------------
| rollout/           |           |
|    ep_len_mean     | 992       |
|    ep_rew_mean     | -3.68e+03 |
| time/              |           |
|    episodes        | 44        |
|    fps             | 86        |
|    time_elapsed    | 507       |
|    total_timesteps | 43662     |
| train/             |           |
|    actor_loss      | 145       |
|    critic_loss     | 78        |
|    ent_coef        | 0.0873    |
|    ent_coef_loss   | -0.359    |
|    learning_rate   | 0.0003    |
|    n_updates       | 42661     |
----------------------------------
----------------------------------
| rollout/           |           |
|    ep_len_mean     | 993       |
|    ep_rew_mean     | -3.49e+03 |
| time/              |           |
|    episodes        | 48        |
|    fps             | 85        |
|    time_elapsed    | 554       |
|    total_timesteps | 47662     |
| train/             |           |
|    actor_loss      | 118       |
|    critic_loss     | 5.11      |
|    ent_coef        | 0.0961    |
|    ent_coef_loss   | 0.236     |
|    learning_rate   | 0.0003    |
|    n_updates       | 46661     |
----------------------------------
----------------------------------
| rollout/           |           |
|    ep_len_mean     | 994       |
|    ep_rew_mean     | -3.29e+03 |
| time/              |           |
|    episodes        | 52        |
|    fps             | 85        |
|    time_elapsed    | 603       |
|    total_timesteps | 51662     |
| train/             |           |
|    actor_loss      | 114       |
|    critic_loss     | 2.26      |
|    ent_coef        | 0.0864    |
|    ent_coef_loss   | -0.67     |
|    learning_rate   | 0.0003    |
|    n_updates       | 50661     |
----------------------------------
---------------------------------
| rollout/           |          |
|    ep_len_mean     | 994      |
|    ep_rew_mean     | -3.2e+03 |
| time/              |          |
|    episodes        | 56       |
|    fps             | 85       |
|    time_elapsed    | 654      |
|    total_timesteps | 55662    |
| train/             |          |
|    actor_loss      | 98.7     |
|    critic_loss     | 296      |
|    ent_coef        | 0.094    |
|    ent_coef_loss   | 0.921    |
|    learning_rate   | 0.0003   |
|    n_updates       | 54661    |
---------------------------------
----------------------------------
| rollout/           |           |
|    ep_len_mean     | 994       |
|    ep_rew_mean     | -3.03e+03 |
| time/              |           |
|    episodes        | 60        |
|    fps             | 84        |
|    time_elapsed    | 703       |
|    total_timesteps | 59662     |
| train/             |           |
|    actor_loss      | 92.8      |
|    critic_loss     | 262       |
|    ent_coef        | 0.0795    |
|    ent_coef_loss   | 0.109     |
|    learning_rate   | 0.0003    |
|    n_updates       | 58661     |
----------------------------------
----------------------------------
| rollout/           |           |
|    ep_len_mean     | 987       |
|    ep_rew_mean     | -2.83e+03 |
| time/              |           |
|    episodes        | 64        |
|    fps             | 84        |
|    time_elapsed    | 745       |
|    total_timesteps | 63155     |
| train/             |           |
|    actor_loss      | 78.4      |
|    critic_loss     | 2.02      |
|    ent_coef        | 0.0965    |
|    ent_coef_loss   | 1.18      |
|    learning_rate   | 0.0003    |
|    n_updates       | 62154     |
----------------------------------
----------------------------------
| rollout/           |           |
|    ep_len_mean     | 986       |
|    ep_rew_mean     | -2.71e+03 |
| time/              |           |
|    episodes        | 68        |
|    fps             | 84        |
|    time_elapsed    | 794       |
|    total_timesteps | 67081     |
| train/             |           |
|    actor_loss      | 80.7      |
|    critic_loss     | 6.61      |
|    ent_coef        | 0.0963    |
|    ent_coef_loss   | 0.252     |
|    learning_rate   | 0.0003    |
|    n_updates       | 66080     |
----------------------------------
----------------------------------
| rollout/           |           |
|    ep_len_mean     | 987       |
|    ep_rew_mean     | -2.61e+03 |
| time/              |           |
|    episodes        | 72        |
|    fps             | 84        |
|    time_elapsed    | 844       |
|    total_timesteps | 71081     |
| train/             |           |
|    actor_loss      | 64.2      |
|    critic_loss     | 3.73      |
|    ent_coef        | 0.0831    |
|    ent_coef_loss   | -0.757    |
|    learning_rate   | 0.0003    |
|    n_updates       | 70080     |
----------------------------------
----------------------------------
| rollout/           |           |
|    ep_len_mean     | 988       |
|    ep_rew_mean     | -2.52e+03 |
| time/              |           |
|    episodes        | 76        |
|    fps             | 83        |
|    time_elapsed    | 893       |
|    total_timesteps | 75081     |
| train/             |           |
|    actor_loss      | 69.6      |
|    critic_loss     | 5.11      |
|    ent_coef        | 0.101     |
|    ent_coef_loss   | 0.191     |
|    learning_rate   | 0.0003    |
|    n_updates       | 74080     |
----------------------------------
----------------------------------
| rollout/           |           |
|    ep_len_mean     | 989       |
|    ep_rew_mean     | -2.42e+03 |
| time/              |           |
|    episodes        | 80        |
|    fps             | 83        |
|    time_elapsed    | 943       |
|    total_timesteps | 79081     |
| train/             |           |
|    actor_loss      | 57.5      |
|    critic_loss     | 5.31      |
|    ent_coef        | 0.0845    |
|    ent_coef_loss   | -0.0506   |
|    learning_rate   | 0.0003    |
|    n_updates       | 78080     |
----------------------------------
----------------------------------
| rollout/           |           |
|    ep_len_mean     | 989       |
|    ep_rew_mean     | -2.33e+03 |
| time/              |           |
|    episodes        | 84        |
|    fps             | 83        |
|    time_elapsed    | 993       |
|    total_timesteps | 83081     |
| train/             |           |
|    actor_loss      | 46.8      |
|    critic_loss     | 3.51      |
|    ent_coef        | 0.0829    |
|    ent_coef_loss   | -0.287    |
|    learning_rate   | 0.0003    |
|    n_updates       | 82080     |
----------------------------------
----------------------------------
| rollout/           |           |
|    ep_len_mean     | 990       |
|    ep_rew_mean     | -2.28e+03 |
| time/              |           |
|    episodes        | 88        |
|    fps             | 83        |
|    time_elapsed    | 1048      |
|    total_timesteps | 87081     |
| train/             |           |
|    actor_loss      | 4.86      |
|    critic_loss     | 6.12      |
|    ent_coef        | 0.0956    |
|    ent_coef_loss   | -0.666    |
|    learning_rate   | 0.0003    |
|    n_updates       | 86080     |
----------------------------------
----------------------------------
| rollout/           |           |
|    ep_len_mean     | 990       |
|    ep_rew_mean     | -2.21e+03 |
| time/              |           |
|    episodes        | 92        |
|    fps             | 82        |
|    time_elapsed    | 1105      |
|    total_timesteps | 91081     |
| train/             |           |
|    actor_loss      | 21.2      |
|    critic_loss     | 3.88      |
|    ent_coef        | 0.106     |
|    ent_coef_loss   | -0.653    |
|    learning_rate   | 0.0003    |
|    n_updates       | 90080     |
----------------------------------
----------------------------------
| rollout/           |           |
|    ep_len_mean     | 990       |
|    ep_rew_mean     | -2.22e+03 |
| time/              |           |
|    episodes        | 96        |
|    fps             | 81        |
|    time_elapsed    | 1161      |
|    total_timesteps | 95081     |
| train/             |           |
|    actor_loss      | 19.9      |
|    critic_loss     | 17.8      |
|    ent_coef        | 0.136     |
|    ent_coef_loss   | 0.235     |
|    learning_rate   | 0.0003    |
|    n_updates       | 94080     |
----------------------------------
----------------------------------
| rollout/           |           |
|    ep_len_mean     | 991       |
|    ep_rew_mean     | -2.33e+03 |
| time/              |           |
|    episodes        | 100       |
|    fps             | 81        |
|    time_elapsed    | 1218      |
|    total_timesteps | 99081     |
| train/             |           |
|    actor_loss      | 33.9      |
|    critic_loss     | 3.74      |
|    ent_coef        | 0.143     |
|    ent_coef_loss   | 0.0147    |
|    learning_rate   | 0.0003    |
|    n_updates       | 98080     |
----------------------------------
---------------------------------
| rollout/           |          |
|    ep_len_mean     | 991      |
|    ep_rew_mean     | -2.2e+03 |
| time/              |          |
|    episodes        | 104      |
|    fps             | 80       |
|    time_elapsed    | 1273     |
|    total_timesteps | 103081   |
| train/             |          |
|    actor_loss      | 15.2     |
|    critic_loss     | 4.84     |
|    ent_coef        | 0.122    |
|    ent_coef_loss   | 0.392    |
|    learning_rate   | 0.0003   |
|    n_updates       | 102080   |
---------------------------------
----------------------------------
| rollout/           |           |
|    ep_len_mean     | 991       |
|    ep_rew_mean     | -2.12e+03 |
| time/              |           |
|    episodes        | 108       |
|    fps             | 80        |
|    time_elapsed    | 1326      |
|    total_timesteps | 107081    |
| train/             |           |
|    actor_loss      | 5.74      |
|    critic_loss     | 46        |
|    ent_coef        | 0.103     |
|    ent_coef_loss   | -1.3      |
|    learning_rate   | 0.0003    |
|    n_updates       | 106080    |
----------------------------------
----------------------------------
| rollout/           |           |
|    ep_len_mean     | 991       |
|    ep_rew_mean     | -2.01e+03 |
| time/              |           |
|    episodes        | 112       |
|    fps             | 80        |
|    time_elapsed    | 1379      |
|    total_timesteps | 111081    |
| train/             |           |
|    actor_loss      | 1.48      |
|    critic_loss     | 14.9      |
|    ent_coef        | 0.115     |
|    ent_coef_loss   | 1.06      |
|    learning_rate   | 0.0003    |
|    n_updates       | 110080    |
----------------------------------
----------------------------------
| rollout/           |           |
|    ep_len_mean     | 991       |
|    ep_rew_mean     | -1.77e+03 |
| time/              |           |
|    episodes        | 116       |
|    fps             | 80        |
|    time_elapsed    | 1432      |
|    total_timesteps | 115081    |
| train/             |           |
|    actor_loss      | -27       |
|    critic_loss     | 7.15      |
|    ent_coef        | 0.111     |
|    ent_coef_loss   | -1.25     |
|    learning_rate   | 0.0003    |
|    n_updates       | 114080    |
----------------------------------
----------------------------------
| rollout/           |           |
|    ep_len_mean     | 991       |
|    ep_rew_mean     | -1.81e+03 |
| time/              |           |
|    episodes        | 120       |
|    fps             | 80        |
|    time_elapsed    | 1484      |
|    total_timesteps | 119081    |
| train/             |           |
|    actor_loss      | -6.73     |
|    critic_loss     | 23.7      |
|    ent_coef        | 0.0834    |
|    ent_coef_loss   | 0.0229    |
|    learning_rate   | 0.0003    |
|    n_updates       | 118080    |
----------------------------------
----------------------------------
| rollout/           |           |
|    ep_len_mean     | 991       |
|    ep_rew_mean     | -1.72e+03 |
| time/              |           |
|    episodes        | 124       |
|    fps             | 80        |
|    time_elapsed    | 1538      |
|    total_timesteps | 123081    |
| train/             |           |
|    actor_loss      | 11.9      |
|    critic_loss     | 6.89      |
|    ent_coef        | 0.0913    |
|    ent_coef_loss   | 0.922     |
|    learning_rate   | 0.0003    |
|    n_updates       | 122080    |
----------------------------------
---------------------------------
| rollout/           |          |
|    ep_len_mean     | 991      |
|    ep_rew_mean     | -1.5e+03 |
| time/              |          |
|    episodes        | 128      |
|    fps             | 79       |
|    time_elapsed    | 1590     |
|    total_timesteps | 127081   |
| train/             |          |
|    actor_loss      | -27.4    |
|    critic_loss     | 8.02     |
|    ent_coef        | 0.103    |
|    ent_coef_loss   | 0.758    |
|    learning_rate   | 0.0003   |
|    n_updates       | 126080   |
---------------------------------
----------------------------------
| rollout/           |           |
|    ep_len_mean     | 991       |
|    ep_rew_mean     | -1.29e+03 |
| time/              |           |
|    episodes        | 132       |
|    fps             | 79        |
|    time_elapsed    | 1643      |
|    total_timesteps | 131081    |
| train/             |           |
|    actor_loss      | 8.04      |
|    critic_loss     | 18.6      |
|    ent_coef        | 0.0921    |
|    ent_coef_loss   | -0.441    |
|    learning_rate   | 0.0003    |
|    n_updates       | 130080    |
----------------------------------
----------------------------------
| rollout/           |           |
|    ep_len_mean     | 991       |
|    ep_rew_mean     | -1.28e+03 |
| time/              |           |
|    episodes        | 136       |
|    fps             | 79        |
|    time_elapsed    | 1696      |
|    total_timesteps | 135081    |
| train/             |           |
|    actor_loss      | 23.4      |
|    critic_loss     | 27.5      |
|    ent_coef        | 0.106     |
|    ent_coef_loss   | -0.291    |
|    learning_rate   | 0.0003    |
|    n_updates       | 134080    |
----------------------------------
----------------------------------
| rollout/           |           |
|    ep_len_mean     | 994       |
|    ep_rew_mean     | -1.08e+03 |
| time/              |           |
|    episodes        | 140       |
|    fps             | 79        |
|    time_elapsed    | 1749      |
|    total_timesteps | 139081    |
| train/             |           |
|    actor_loss      | -43       |
|    critic_loss     | 6.81      |
|    ent_coef        | 0.0987    |
|    ent_coef_loss   | 0.225     |
|    learning_rate   | 0.0003    |
|    n_updates       | 138080    |
----------------------------------
---------------------------------
| rollout/           |          |
|    ep_len_mean     | 994      |
|    ep_rew_mean     | -809     |
| time/              |          |
|    episodes        | 144      |
|    fps             | 79       |
|    time_elapsed    | 1802     |
|    total_timesteps | 143081   |
| train/             |          |
|    actor_loss      | -13.3    |
|    critic_loss     | 12.9     |
|    ent_coef        | 0.127    |
|    ent_coef_loss   | -0.218   |
|    learning_rate   | 0.0003   |
|    n_updates       | 142080   |
---------------------------------
---------------------------------
| rollout/           |          |
|    ep_len_mean     | 994      |
|    ep_rew_mean     | -582     |
| time/              |          |
|    episodes        | 148      |
|    fps             | 79       |
|    time_elapsed    | 1854     |
|    total_timesteps | 147081   |
| train/             |          |
|    actor_loss      | -154     |
|    critic_loss     | 12.4     |
|    ent_coef        | 0.121    |
|    ent_coef_loss   | -0.47    |
|    learning_rate   | 0.0003   |
|    n_updates       | 146080   |
---------------------------------
---------------------------------
| rollout/           |          |
|    ep_len_mean     | 994      |
|    ep_rew_mean     | -373     |
| time/              |          |
|    episodes        | 152      |
|    fps             | 79       |
|    time_elapsed    | 1908     |
|    total_timesteps | 151081   |
| train/             |          |
|    actor_loss      | -134     |
|    critic_loss     | 127      |
|    ent_coef        | 0.139    |
|    ent_coef_loss   | -0.02    |
|    learning_rate   | 0.0003   |
|    n_updates       | 150080   |
---------------------------------
---------------------------------
| rollout/           |          |
|    ep_len_mean     | 994      |
|    ep_rew_mean     | -125     |
| time/              |          |
|    episodes        | 156      |
|    fps             | 79       |
|    time_elapsed    | 1961     |
|    total_timesteps | 155081   |
| train/             |          |
|    actor_loss      | -186     |
|    critic_loss     | 85       |
|    ent_coef        | 0.114    |
|    ent_coef_loss   | -1.05    |
|    learning_rate   | 0.0003   |
|    n_updates       | 154080   |
---------------------------------
---------------------------------
| rollout/           |          |
|    ep_len_mean     | 994      |
|    ep_rew_mean     | -35.7    |
| time/              |          |
|    episodes        | 160      |
|    fps             | 78       |
|    time_elapsed    | 2014     |
|    total_timesteps | 159081   |
| train/             |          |
|    actor_loss      | -163     |
|    critic_loss     | 11.4     |
|    ent_coef        | 0.106    |
|    ent_coef_loss   | -0.429   |
|    learning_rate   | 0.0003   |
|    n_updates       | 158080   |
---------------------------------
---------------------------------
| rollout/           |          |
|    ep_len_mean     | 999      |
|    ep_rew_mean     | -65.4    |
| time/              |          |
|    episodes        | 164      |
|    fps             | 78       |
|    time_elapsed    | 2070     |
|    total_timesteps | 163081   |
| train/             |          |
|    actor_loss      | -148     |
|    critic_loss     | 14.8     |
|    ent_coef        | 0.103    |
|    ent_coef_loss   | 0.336    |
|    learning_rate   | 0.0003   |
|    n_updates       | 162080   |
---------------------------------
---------------------------------
| rollout/           |          |
|    ep_len_mean     | 1e+03    |
|    ep_rew_mean     | -162     |
| time/              |          |
|    episodes        | 168      |
|    fps             | 78       |
|    time_elapsed    | 2129     |
|    total_timesteps | 167081   |
| train/             |          |
|    actor_loss      | -160     |
|    critic_loss     | 6.32     |
|    ent_coef        | 0.0939   |
|    ent_coef_loss   | -0.317   |
|    learning_rate   | 0.0003   |
|    n_updates       | 166080   |
---------------------------------
---------------------------------
| rollout/           |          |
|    ep_len_mean     | 1e+03    |
|    ep_rew_mean     | -289     |
| time/              |          |
|    episodes        | 172      |
|    fps             | 78       |
|    time_elapsed    | 2185     |
|    total_timesteps | 171081   |
| train/             |          |
|    actor_loss      | -146     |
|    critic_loss     | 7.88     |
|    ent_coef        | 0.0998   |
|    ent_coef_loss   | -0.15    |
|    learning_rate   | 0.0003   |
|    n_updates       | 170080   |
---------------------------------
---------------------------------
| rollout/           |          |
|    ep_len_mean     | 1e+03    |
|    ep_rew_mean     | -311     |
| time/              |          |
|    episodes        | 176      |
|    fps             | 78       |
|    time_elapsed    | 2239     |
|    total_timesteps | 175081   |
| train/             |          |
|    actor_loss      | -152     |
|    critic_loss     | 7.76     |
|    ent_coef        | 0.0889   |
|    ent_coef_loss   | 0.391    |
|    learning_rate   | 0.0003   |
|    n_updates       | 174080   |
---------------------------------
---------------------------------
| rollout/           |          |
|    ep_len_mean     | 1e+03    |
|    ep_rew_mean     | -309     |
| time/              |          |
|    episodes        | 180      |
|    fps             | 78       |
|    time_elapsed    | 2293     |
|    total_timesteps | 179081   |
| train/             |          |
|    actor_loss      | -125     |
|    critic_loss     | 10.7     |
|    ent_coef        | 0.0971   |
|    ent_coef_loss   | 0.364    |
|    learning_rate   | 0.0003   |
|    n_updates       | 178080   |
---------------------------------
---------------------------------
| rollout/           |          |
|    ep_len_mean     | 1e+03    |
|    ep_rew_mean     | -315     |
| time/              |          |
|    episodes        | 184      |
|    fps             | 77       |
|    time_elapsed    | 2350     |
|    total_timesteps | 183081   |
| train/             |          |
|    actor_loss      | -130     |
|    critic_loss     | 8.6      |
|    ent_coef        | 0.0878   |
|    ent_coef_loss   | 0.704    |
|    learning_rate   | 0.0003   |
|    n_updates       | 182080   |
---------------------------------
---------------------------------
| rollout/           |          |
|    ep_len_mean     | 1e+03    |
|    ep_rew_mean     | -248     |
| time/              |          |
|    episodes        | 188      |
|    fps             | 77       |
|    time_elapsed    | 2406     |
|    total_timesteps | 187081   |
| train/             |          |
|    actor_loss      | -117     |
|    critic_loss     | 12.3     |
|    ent_coef        | 0.0896   |
|    ent_coef_loss   | -0.674   |
|    learning_rate   | 0.0003   |
|    n_updates       | 186080   |
---------------------------------
---------------------------------
| rollout/           |          |
|    ep_len_mean     | 1e+03    |
|    ep_rew_mean     | -470     |
| time/              |          |
|    episodes        | 192      |
|    fps             | 77       |
|    time_elapsed    | 2462     |
|    total_timesteps | 191081   |
| train/             |          |
|    actor_loss      | -105     |
|    critic_loss     | 11       |
|    ent_coef        | 0.131    |
|    ent_coef_loss   | -0.536   |
|    learning_rate   | 0.0003   |
|    n_updates       | 190080   |
---------------------------------
---------------------------------
| rollout/           |          |
|    ep_len_mean     | 1e+03    |
|    ep_rew_mean     | -401     |
| time/              |          |
|    episodes        | 196      |
|    fps             | 77       |
|    time_elapsed    | 2517     |
|    total_timesteps | 195051   |
| train/             |          |
|    actor_loss      | -138     |
|    critic_loss     | 11.4     |
|    ent_coef        | 0.101    |
|    ent_coef_loss   | 0.274    |
|    learning_rate   | 0.0003   |
|    n_updates       | 194050   |
---------------------------------
---------------------------------
| rollout/           |          |
|    ep_len_mean     | 1e+03    |
|    ep_rew_mean     | 212      |
| time/              |          |
|    episodes        | 200      |
|    fps             | 77       |
|    time_elapsed    | 2571     |
|    total_timesteps | 199051   |
| train/             |          |
|    actor_loss      | -181     |
|    critic_loss     | 16.2     |
|    ent_coef        | 0.111    |
|    ent_coef_loss   | 1.47     |
|    learning_rate   | 0.0003   |
|    n_updates       | 198050   |
---------------------------------
---------------------------------
| rollout/           |          |
|    ep_len_mean     | 1e+03    |
|    ep_rew_mean     | 713      |
| time/              |          |
|    episodes        | 204      |
|    fps             | 77       |
|    time_elapsed    | 2624     |
|    total_timesteps | 203051   |
| train/             |          |
|    actor_loss      | -207     |
|    critic_loss     | 33       |
|    ent_coef        | 0.129    |
|    ent_coef_loss   | 0.422    |
|    learning_rate   | 0.0003   |
|    n_updates       | 202050   |
---------------------------------
---------------------------------
| rollout/           |          |
|    ep_len_mean     | 1e+03    |
|    ep_rew_mean     | 1.22e+03 |
| time/              |          |
|    episodes        | 208      |
|    fps             | 77       |
|    time_elapsed    | 2681     |
|    total_timesteps | 207051   |
| train/             |          |
|    actor_loss      | -164     |
|    critic_loss     | 9.26     |
|    ent_coef        | 0.141    |
|    ent_coef_loss   | 0.306    |
|    learning_rate   | 0.0003   |
|    n_updates       | 206050   |
---------------------------------
---------------------------------
| rollout/           |          |
|    ep_len_mean     | 1e+03    |
|    ep_rew_mean     | 1.68e+03 |
| time/              |          |
|    episodes        | 212      |
|    fps             | 77       |
|    time_elapsed    | 2736     |
|    total_timesteps | 211051   |
| train/             |          |
|    actor_loss      | -247     |
|    critic_loss     | 20.9     |
|    ent_coef        | 0.132    |
|    ent_coef_loss   | 0.814    |
|    learning_rate   | 0.0003   |
|    n_updates       | 210050   |
---------------------------------
---------------------------------
| rollout/           |          |
|    ep_len_mean     | 1e+03    |
|    ep_rew_mean     | 2.13e+03 |
| time/              |          |
|    episodes        | 216      |
|    fps             | 77       |
|    time_elapsed    | 2790     |
|    total_timesteps | 215051   |
| train/             |          |
|    actor_loss      | -303     |
|    critic_loss     | 14.2     |
|    ent_coef        | 0.112    |
|    ent_coef_loss   | -0.764   |
|    learning_rate   | 0.0003   |
|    n_updates       | 214050   |
---------------------------------
---------------------------------
| rollout/           |          |
|    ep_len_mean     | 1e+03    |
|    ep_rew_mean     | 2.54e+03 |
| time/              |          |
|    episodes        | 220      |
|    fps             | 77       |
|    time_elapsed    | 2842     |
|    total_timesteps | 219051   |
| train/             |          |
|    actor_loss      | -344     |
|    critic_loss     | 5.5      |
|    ent_coef        | 0.1      |
|    ent_coef_loss   | 0.809    |
|    learning_rate   | 0.0003   |
|    n_updates       | 218050   |
---------------------------------
---------------------------------
| rollout/           |          |
|    ep_len_mean     | 1e+03    |
|    ep_rew_mean     | 2.55e+03 |
| time/              |          |
|    episodes        | 224      |
|    fps             | 77       |
|    time_elapsed    | 2895     |
|    total_timesteps | 223051   |
| train/             |          |
|    actor_loss      | -256     |
|    critic_loss     | 11.9     |
|    ent_coef        | 0.0898   |
|    ent_coef_loss   | -1.01    |
|    learning_rate   | 0.0003   |
|    n_updates       | 222050   |
---------------------------------
---------------------------------
| rollout/           |          |
|    ep_len_mean     | 1e+03    |
|    ep_rew_mean     | 2.47e+03 |
| time/              |          |
|    episodes        | 228      |
|    fps             | 77       |
|    time_elapsed    | 2948     |
|    total_timesteps | 227051   |
| train/             |          |
|    actor_loss      | -248     |
|    critic_loss     | 5.91     |
|    ent_coef        | 0.0802   |
|    ent_coef_loss   | -0.704   |
|    learning_rate   | 0.0003   |
|    n_updates       | 226050   |
---------------------------------
---------------------------------
| rollout/           |          |
|    ep_len_mean     | 1e+03    |
|    ep_rew_mean     | 2.45e+03 |
| time/              |          |
|    episodes        | 232      |
|    fps             | 77       |
|    time_elapsed    | 3000     |
|    total_timesteps | 231051   |
| train/             |          |
|    actor_loss      | -336     |
|    critic_loss     | 40.6     |
|    ent_coef        | 0.0736   |
|    ent_coef_loss   | 0.619    |
|    learning_rate   | 0.0003   |
|    n_updates       | 230050   |
---------------------------------
---------------------------------
| rollout/           |          |
|    ep_len_mean     | 1e+03    |
|    ep_rew_mean     | 2.31e+03 |
| time/              |          |
|    episodes        | 236      |
|    fps             | 77       |
|    time_elapsed    | 3052     |
|    total_timesteps | 235051   |
| train/             |          |
|    actor_loss      | -333     |
|    critic_loss     | 5.83     |
|    ent_coef        | 0.0768   |
|    ent_coef_loss   | 0.465    |
|    learning_rate   | 0.0003   |
|    n_updates       | 234050   |
---------------------------------
---------------------------------
| rollout/           |          |
|    ep_len_mean     | 1e+03    |
|    ep_rew_mean     | 2.05e+03 |
| time/              |          |
|    episodes        | 240      |
|    fps             | 77       |
|    time_elapsed    | 3104     |
|    total_timesteps | 239051   |
| train/             |          |
|    actor_loss      | -254     |
|    critic_loss     | 22.1     |
|    ent_coef        | 0.0805   |
|    ent_coef_loss   | 0.625    |
|    learning_rate   | 0.0003   |
|    n_updates       | 238050   |
---------------------------------
---------------------------------
| rollout/           |          |
|    ep_len_mean     | 1e+03    |
|    ep_rew_mean     | 1.65e+03 |
| time/              |          |
|    episodes        | 244      |
|    fps             | 76       |
|    time_elapsed    | 3156     |
|    total_timesteps | 243051   |
| train/             |          |
|    actor_loss      | -220     |
|    critic_loss     | 2.22e+03 |
|    ent_coef        | 0.0841   |
|    ent_coef_loss   | -1.28    |
|    learning_rate   | 0.0003   |
|    n_updates       | 242050   |
---------------------------------
---------------------------------
| rollout/           |          |
|    ep_len_mean     | 1e+03    |
|    ep_rew_mean     | 1.33e+03 |
| time/              |          |
|    episodes        | 248      |
|    fps             | 76       |
|    time_elapsed    | 3210     |
|    total_timesteps | 247051   |
| train/             |          |
|    actor_loss      | -199     |
|    critic_loss     | 7.95     |
|    ent_coef        | 0.0846   |
|    ent_coef_loss   | -1.2     |
|    learning_rate   | 0.0003   |
|    n_updates       | 246050   |
---------------------------------
---------------------------------
| rollout/           |          |
|    ep_len_mean     | 1e+03    |
|    ep_rew_mean     | 1.08e+03 |
| time/              |          |
|    episodes        | 252      |
|    fps             | 76       |
|    time_elapsed    | 3266     |
|    total_timesteps | 251051   |
| train/             |          |
|    actor_loss      | -252     |
|    critic_loss     | 6.72     |
|    ent_coef        | 0.0728   |
|    ent_coef_loss   | 0.0153   |
|    learning_rate   | 0.0003   |
|    n_updates       | 250050   |
---------------------------------
---------------------------------
| rollout/           |          |
|    ep_len_mean     | 1e+03    |
|    ep_rew_mean     | 874      |
| time/              |          |
|    episodes        | 256      |
|    fps             | 76       |
|    time_elapsed    | 3319     |
|    total_timesteps | 255051   |
| train/             |          |
|    actor_loss      | -257     |
|    critic_loss     | 10.9     |
|    ent_coef        | 0.0715   |
|    ent_coef_loss   | -0.774   |
|    learning_rate   | 0.0003   |
|    n_updates       | 254050   |
---------------------------------
---------------------------------
| rollout/           |          |
|    ep_len_mean     | 1e+03    |
|    ep_rew_mean     | 1.09e+03 |
| time/              |          |
|    episodes        | 260      |
|    fps             | 76       |
|    time_elapsed    | 3372     |
|    total_timesteps | 259051   |
| train/             |          |
|    actor_loss      | -265     |
|    critic_loss     | 4.61     |
|    ent_coef        | 0.0699   |
|    ent_coef_loss   | 0.461    |
|    learning_rate   | 0.0003   |
|    n_updates       | 258050   |
---------------------------------
---------------------------------
| rollout/           |          |
|    ep_len_mean     | 1e+03    |
|    ep_rew_mean     | 1.48e+03 |
| time/              |          |
|    episodes        | 264      |
|    fps             | 76       |
|    time_elapsed    | 3424     |
|    total_timesteps | 263051   |
| train/             |          |
|    actor_loss      | -251     |
|    critic_loss     | 14.1     |
|    ent_coef        | 0.0759   |
|    ent_coef_loss   | -0.854   |
|    learning_rate   | 0.0003   |
|    n_updates       | 262050   |
---------------------------------
---------------------------------
| rollout/           |          |
|    ep_len_mean     | 1e+03    |
|    ep_rew_mean     | 1.66e+03 |
| time/              |          |
|    episodes        | 268      |
|    fps             | 76       |
|    time_elapsed    | 3477     |
|    total_timesteps | 267051   |
| train/             |          |
|    actor_loss      | -365     |
|    critic_loss     | 9.22     |
|    ent_coef        | 0.08     |
|    ent_coef_loss   | 0.823    |
|    learning_rate   | 0.0003   |
|    n_updates       | 266050   |
---------------------------------
---------------------------------
| rollout/           |          |
|    ep_len_mean     | 1e+03    |
|    ep_rew_mean     | 1.74e+03 |
| time/              |          |
|    episodes        | 272      |
|    fps             | 76       |
|    time_elapsed    | 3530     |
|    total_timesteps | 271051   |
| train/             |          |
|    actor_loss      | -306     |
|    critic_loss     | 3.43     |
|    ent_coef        | 0.0789   |
|    ent_coef_loss   | 0.0129   |
|    learning_rate   | 0.0003   |
|    n_updates       | 270050   |
---------------------------------
---------------------------------
| rollout/           |          |
|    ep_len_mean     | 1e+03    |
|    ep_rew_mean     | 2.07e+03 |
| time/              |          |
|    episodes        | 276      |
|    fps             | 76       |
|    time_elapsed    | 3583     |
|    total_timesteps | 275051   |
| train/             |          |
|    actor_loss      | -222     |
|    critic_loss     | 4.13     |
|    ent_coef        | 0.079    |
|    ent_coef_loss   | -1.46    |
|    learning_rate   | 0.0003   |
|    n_updates       | 274050   |
---------------------------------
---------------------------------
| rollout/           |          |
|    ep_len_mean     | 1e+03    |
|    ep_rew_mean     | 2.39e+03 |
| time/              |          |
|    episodes        | 280      |
|    fps             | 76       |
|    time_elapsed    | 3636     |
|    total_timesteps | 279051   |
| train/             |          |
|    actor_loss      | -364     |
|    critic_loss     | 17.1     |
|    ent_coef        | 0.093    |
|    ent_coef_loss   | -0.187   |
|    learning_rate   | 0.0003   |
|    n_updates       | 278050   |
---------------------------------
---------------------------------
| rollout/           |          |
|    ep_len_mean     | 1e+03    |
|    ep_rew_mean     | 2.87e+03 |
| time/              |          |
|    episodes        | 284      |
|    fps             | 76       |
|    time_elapsed    | 3688     |
|    total_timesteps | 283051   |
| train/             |          |
|    actor_loss      | -303     |
|    critic_loss     | 4.7      |
|    ent_coef        | 0.109    |
|    ent_coef_loss   | 0.852    |
|    learning_rate   | 0.0003   |
|    n_updates       | 282050   |
---------------------------------
---------------------------------
| rollout/           |          |
|    ep_len_mean     | 1e+03    |
|    ep_rew_mean     | 3.31e+03 |
| time/              |          |
|    episodes        | 288      |
|    fps             | 76       |
|    time_elapsed    | 3740     |
|    total_timesteps | 287051   |
| train/             |          |
|    actor_loss      | -501     |
|    critic_loss     | 9.78     |
|    ent_coef        | 0.0935   |
|    ent_coef_loss   | 0.706    |
|    learning_rate   | 0.0003   |
|    n_updates       | 286050   |
---------------------------------
---------------------------------
| rollout/           |          |
|    ep_len_mean     | 1e+03    |
|    ep_rew_mean     | 3.76e+03 |
| time/              |          |
|    episodes        | 292      |
|    fps             | 76       |
|    time_elapsed    | 3793     |
|    total_timesteps | 291051   |
| train/             |          |
|    actor_loss      | -408     |
|    critic_loss     | 7.92     |
|    ent_coef        | 0.0883   |
|    ent_coef_loss   | 0.0628   |
|    learning_rate   | 0.0003   |
|    n_updates       | 290050   |
---------------------------------
---------------------------------
| rollout/           |          |
|    ep_len_mean     | 1e+03    |
|    ep_rew_mean     | 3.77e+03 |
| time/              |          |
|    episodes        | 296      |
|    fps             | 76       |
|    time_elapsed    | 3846     |
|    total_timesteps | 295051   |
| train/             |          |
|    actor_loss      | -422     |
|    critic_loss     | 8.65     |
|    ent_coef        | 0.0677   |
|    ent_coef_loss   | 0.457    |
|    learning_rate   | 0.0003   |
|    n_updates       | 294050   |
---------------------------------
---------------------------------
| rollout/           |          |
|    ep_len_mean     | 1e+03    |
|    ep_rew_mean     | 3.32e+03 |
| time/              |          |
|    episodes        | 300      |
|    fps             | 76       |
|    time_elapsed    | 3898     |
|    total_timesteps | 299051   |
| train/             |          |
|    actor_loss      | -472     |
|    critic_loss     | 6.29     |
|    ent_coef        | 0.074    |
|    ent_coef_loss   | 0.957    |
|    learning_rate   | 0.0003   |
|    n_updates       | 298050   |
---------------------------------
---------------------------------
| rollout/           |          |
|    ep_len_mean     | 1e+03    |
|    ep_rew_mean     | 2.88e+03 |
| time/              |          |
|    episodes        | 304      |
|    fps             | 76       |
|    time_elapsed    | 3951     |
|    total_timesteps | 303051   |
| train/             |          |
|    actor_loss      | -400     |
|    critic_loss     | 4.56     |
|    ent_coef        | 0.078    |
|    ent_coef_loss   | 0.311    |
|    learning_rate   | 0.0003   |
|    n_updates       | 302050   |
---------------------------------
---------------------------------
| rollout/           |          |
|    ep_len_mean     | 1e+03    |
|    ep_rew_mean     | 2.45e+03 |
| time/              |          |
|    episodes        | 308      |
|    fps             | 76       |
|    time_elapsed    | 4004     |
|    total_timesteps | 307051   |
| train/             |          |
|    actor_loss      | -347     |
|    critic_loss     | 3.79     |
|    ent_coef        | 0.0844   |
|    ent_coef_loss   | -0.808   |
|    learning_rate   | 0.0003   |
|    n_updates       | 306050   |
---------------------------------
---------------------------------
| rollout/           |          |
|    ep_len_mean     | 1e+03    |
|    ep_rew_mean     | 2e+03    |
| time/              |          |
|    episodes        | 312      |
|    fps             | 76       |
|    time_elapsed    | 4057     |
|    total_timesteps | 311051   |
| train/             |          |
|    actor_loss      | -398     |
|    critic_loss     | 5.16     |
|    ent_coef        | 0.0735   |
|    ent_coef_loss   | -0.0554  |
|    learning_rate   | 0.0003   |
|    n_updates       | 310050   |
---------------------------------
---------------------------------
| rollout/           |          |
|    ep_len_mean     | 1e+03    |
|    ep_rew_mean     | 1.56e+03 |
| time/              |          |
|    episodes        | 316      |
|    fps             | 76       |
|    time_elapsed    | 4110     |
|    total_timesteps | 315051   |
| train/             |          |
|    actor_loss      | -465     |
|    critic_loss     | 11       |
|    ent_coef        | 0.076    |
|    ent_coef_loss   | -0.203   |
|    learning_rate   | 0.0003   |
|    n_updates       | 314050   |
---------------------------------
---------------------------------
| rollout/           |          |
|    ep_len_mean     | 1e+03    |
|    ep_rew_mean     | 1.27e+03 |
| time/              |          |
|    episodes        | 320      |
|    fps             | 76       |
|    time_elapsed    | 4163     |
|    total_timesteps | 319051   |
| train/             |          |
|    actor_loss      | -433     |
|    critic_loss     | 23.2     |
|    ent_coef        | 0.074    |
|    ent_coef_loss   | -0.269   |
|    learning_rate   | 0.0003   |
|    n_updates       | 318050   |
---------------------------------
---------------------------------
| rollout/           |          |
|    ep_len_mean     | 1e+03    |
|    ep_rew_mean     | 1.27e+03 |
| time/              |          |
|    episodes        | 324      |
|    fps             | 76       |
|    time_elapsed    | 4217     |
|    total_timesteps | 323051   |
| train/             |          |
|    actor_loss      | -339     |
|    critic_loss     | 2.2      |
|    ent_coef        | 0.0631   |
|    ent_coef_loss   | -0.556   |
|    learning_rate   | 0.0003   |
|    n_updates       | 322050   |
---------------------------------
---------------------------------
| rollout/           |          |
|    ep_len_mean     | 1e+03    |
|    ep_rew_mean     | 1.37e+03 |
| time/              |          |
|    episodes        | 328      |
|    fps             | 76       |
|    time_elapsed    | 4270     |
|    total_timesteps | 327051   |
| train/             |          |
|    actor_loss      | -421     |
|    critic_loss     | 12       |
|    ent_coef        | 0.0638   |
|    ent_coef_loss   | -0.813   |
|    learning_rate   | 0.0003   |
|    n_updates       | 326050   |
---------------------------------
---------------------------------
| rollout/           |          |
|    ep_len_mean     | 1e+03    |
|    ep_rew_mean     | 1.42e+03 |
| time/              |          |
|    episodes        | 332      |
|    fps             | 76       |
|    time_elapsed    | 4324     |
|    total_timesteps | 331051   |
| train/             |          |
|    actor_loss      | -411     |
|    critic_loss     | 7.96     |
|    ent_coef        | 0.0561   |
|    ent_coef_loss   | -0.701   |
|    learning_rate   | 0.0003   |
|    n_updates       | 330050   |
---------------------------------
---------------------------------
| rollout/           |          |
|    ep_len_mean     | 1e+03    |
|    ep_rew_mean     | 1.57e+03 |
| time/              |          |
|    episodes        | 336      |
|    fps             | 76       |
|    time_elapsed    | 4380     |
|    total_timesteps | 335051   |
| train/             |          |
|    actor_loss      | -418     |
|    critic_loss     | 6.88     |
|    ent_coef        | 0.0616   |
|    ent_coef_loss   | 0.298    |
|    learning_rate   | 0.0003   |
|    n_updates       | 334050   |
---------------------------------
---------------------------------
| rollout/           |          |
|    ep_len_mean     | 1e+03    |
|    ep_rew_mean     | 2.07e+03 |
| time/              |          |
|    episodes        | 340      |
|    fps             | 76       |
|    time_elapsed    | 4434     |
|    total_timesteps | 339051   |
| train/             |          |
|    actor_loss      | -467     |
|    critic_loss     | 2.76     |
|    ent_coef        | 0.0633   |
|    ent_coef_loss   | 0.286    |
|    learning_rate   | 0.0003   |
|    n_updates       | 338050   |
---------------------------------
---------------------------------
| rollout/           |          |
|    ep_len_mean     | 1e+03    |
|    ep_rew_mean     | 2.68e+03 |
| time/              |          |
|    episodes        | 344      |
|    fps             | 76       |
|    time_elapsed    | 4488     |
|    total_timesteps | 343051   |
| train/             |          |
|    actor_loss      | -406     |
|    critic_loss     | 2.82     |
|    ent_coef        | 0.0597   |
|    ent_coef_loss   | -0.7     |
|    learning_rate   | 0.0003   |
|    n_updates       | 342050   |
---------------------------------
---------------------------------
| rollout/           |          |
|    ep_len_mean     | 1e+03    |
|    ep_rew_mean     | 3.26e+03 |
| time/              |          |
|    episodes        | 348      |
|    fps             | 76       |
|    time_elapsed    | 4541     |
|    total_timesteps | 347051   |
| train/             |          |
|    actor_loss      | -369     |
|    critic_loss     | 2.41     |
|    ent_coef        | 0.0625   |
|    ent_coef_loss   | -0.788   |
|    learning_rate   | 0.0003   |
|    n_updates       | 346050   |
---------------------------------
---------------------------------
| rollout/           |          |
|    ep_len_mean     | 1e+03    |
|    ep_rew_mean     | 3.53e+03 |
| time/              |          |
|    episodes        | 352      |
|    fps             | 76       |
|    time_elapsed    | 4595     |
|    total_timesteps | 351051   |
| train/             |          |
|    actor_loss      | -368     |
|    critic_loss     | 3.1      |
|    ent_coef        | 0.0584   |
|    ent_coef_loss   | -1.09    |
|    learning_rate   | 0.0003   |
|    n_updates       | 350050   |
---------------------------------
---------------------------------
| rollout/           |          |
|    ep_len_mean     | 1e+03    |
|    ep_rew_mean     | 3.78e+03 |
| time/              |          |
|    episodes        | 356      |
|    fps             | 76       |
|    time_elapsed    | 4648     |
|    total_timesteps | 355051   |
| train/             |          |
|    actor_loss      | -361     |
|    critic_loss     | 5.78     |
|    ent_coef        | 0.0583   |
|    ent_coef_loss   | -0.913   |
|    learning_rate   | 0.0003   |
|    n_updates       | 354050   |
---------------------------------
---------------------------------
| rollout/           |          |
|    ep_len_mean     | 1e+03    |
|    ep_rew_mean     | 3.34e+03 |
| time/              |          |
|    episodes        | 360      |
|    fps             | 76       |
|    time_elapsed    | 4699     |
|    total_timesteps | 359051   |
| train/             |          |
|    actor_loss      | -448     |
|    critic_loss     | 2        |
|    ent_coef        | 0.0567   |
|    ent_coef_loss   | -0.217   |
|    learning_rate   | 0.0003   |
|    n_updates       | 358050   |
---------------------------------
---------------------------------
| rollout/           |          |
|    ep_len_mean     | 1e+03    |
|    ep_rew_mean     | 2.81e+03 |
| time/              |          |
|    episodes        | 364      |
|    fps             | 76       |
|    time_elapsed    | 4751     |
|    total_timesteps | 363051   |
| train/             |          |
|    actor_loss      | -367     |
|    critic_loss     | 2.87     |
|    ent_coef        | 0.0505   |
|    ent_coef_loss   | -0.692   |
|    learning_rate   | 0.0003   |
|    n_updates       | 362050   |
---------------------------------
---------------------------------
| rollout/           |          |
|    ep_len_mean     | 1e+03    |
|    ep_rew_mean     | 2.6e+03  |
| time/              |          |
|    episodes        | 368      |
|    fps             | 76       |
|    time_elapsed    | 4802     |
|    total_timesteps | 367051   |
| train/             |          |
|    actor_loss      | -351     |
|    critic_loss     | 1.53     |
|    ent_coef        | 0.0522   |
|    ent_coef_loss   | -0.704   |
|    learning_rate   | 0.0003   |
|    n_updates       | 366050   |
---------------------------------
---------------------------------
| rollout/           |          |
|    ep_len_mean     | 1e+03    |
|    ep_rew_mean     | 2.81e+03 |
| time/              |          |
|    episodes        | 372      |
|    fps             | 76       |
|    time_elapsed    | 4857     |
|    total_timesteps | 371051   |
| train/             |          |
|    actor_loss      | -439     |
|    critic_loss     | 5.09     |
|    ent_coef        | 0.0529   |
|    ent_coef_loss   | 0.97     |
|    learning_rate   | 0.0003   |
|    n_updates       | 370050   |
---------------------------------
---------------------------------
| rollout/           |          |
|    ep_len_mean     | 1e+03    |
|    ep_rew_mean     | 2.54e+03 |
| time/              |          |
|    episodes        | 376      |
|    fps             | 76       |
|    time_elapsed    | 4913     |
|    total_timesteps | 375051   |
| train/             |          |
|    actor_loss      | -527     |
|    critic_loss     | 2.22     |
|    ent_coef        | 0.056    |
|    ent_coef_loss   | 0.745    |
|    learning_rate   | 0.0003   |
|    n_updates       | 374050   |
---------------------------------
---------------------------------
| rollout/           |          |
|    ep_len_mean     | 1e+03    |
|    ep_rew_mean     | 2.24e+03 |
| time/              |          |
|    episodes        | 380      |
|    fps             | 76       |
|    time_elapsed    | 4966     |
|    total_timesteps | 379051   |
| train/             |          |
|    actor_loss      | -349     |
|    critic_loss     | 1.75     |
|    ent_coef        | 0.0516   |
|    ent_coef_loss   | -1.52    |
|    learning_rate   | 0.0003   |
|    n_updates       | 378050   |
---------------------------------
---------------------------------
| rollout/           |          |
|    ep_len_mean     | 1e+03    |
|    ep_rew_mean     | 1.79e+03 |
| time/              |          |
|    episodes        | 384      |
|    fps             | 76       |
|    time_elapsed    | 5020     |
|    total_timesteps | 383051   |
| train/             |          |
|    actor_loss      | -415     |
|    critic_loss     | 1.67     |
|    ent_coef        | 0.0526   |
|    ent_coef_loss   | -0.26    |
|    learning_rate   | 0.0003   |
|    n_updates       | 382050   |
---------------------------------
---------------------------------
| rollout/           |          |
|    ep_len_mean     | 1e+03    |
|    ep_rew_mean     | 1.2e+03  |
| time/              |          |
|    episodes        | 388      |
|    fps             | 76       |
|    time_elapsed    | 5074     |
|    total_timesteps | 387051   |
| train/             |          |
|    actor_loss      | -399     |
|    critic_loss     | 1.31     |
|    ent_coef        | 0.0514   |
|    ent_coef_loss   | -0.201   |
|    learning_rate   | 0.0003   |
|    n_updates       | 386050   |
---------------------------------
---------------------------------
| rollout/           |          |
|    ep_len_mean     | 1e+03    |
|    ep_rew_mean     | 829      |
| time/              |          |
|    episodes        | 392      |
|    fps             | 76       |
|    time_elapsed    | 5129     |
|    total_timesteps | 391051   |
| train/             |          |
|    actor_loss      | -409     |
|    critic_loss     | 2.08     |
|    ent_coef        | 0.0449   |
|    ent_coef_loss   | 1.15     |
|    learning_rate   | 0.0003   |
|    n_updates       | 390050   |
---------------------------------
---------------------------------
| rollout/           |          |
|    ep_len_mean     | 1e+03    |
|    ep_rew_mean     | 806      |
| time/              |          |
|    episodes        | 396      |
|    fps             | 75       |
|    time_elapsed    | 5201     |
|    total_timesteps | 395051   |
| train/             |          |
|    actor_loss      | -356     |
|    critic_loss     | 3.52     |
|    ent_coef        | 0.0414   |
|    ent_coef_loss   | -0.469   |
|    learning_rate   | 0.0003   |
|    n_updates       | 394050   |
---------------------------------
---------------------------------
| rollout/           |          |
|    ep_len_mean     | 1e+03    |
|    ep_rew_mean     | 823      |
| time/              |          |
|    episodes        | 400      |
|    fps             | 75       |
|    time_elapsed    | 5260     |
|    total_timesteps | 399051   |
| train/             |          |
|    actor_loss      | -370     |
|    critic_loss     | 1.9      |
|    ent_coef        | 0.0395   |
|    ent_coef_loss   | -0.158   |
|    learning_rate   | 0.0003   |
|    n_updates       | 398050   |
---------------------------------
---------------------------------
| rollout/           |          |
|    ep_len_mean     | 1e+03    |
|    ep_rew_mean     | 839      |
| time/              |          |
|    episodes        | 404      |
|    fps             | 75       |
|    time_elapsed    | 5318     |
|    total_timesteps | 403051   |
| train/             |          |
|    actor_loss      | -384     |
|    critic_loss     | 3.67     |
|    ent_coef        | 0.0392   |
|    ent_coef_loss   | -0.338   |
|    learning_rate   | 0.0003   |
|    n_updates       | 402050   |
---------------------------------
---------------------------------
| rollout/           |          |
|    ep_len_mean     | 1e+03    |
|    ep_rew_mean     | 895      |
| time/              |          |
|    episodes        | 408      |
|    fps             | 75       |
|    time_elapsed    | 5379     |
|    total_timesteps | 407051   |
| train/             |          |
|    actor_loss      | -239     |
|    critic_loss     | 1.39     |
|    ent_coef        | 0.0368   |
|    ent_coef_loss   | 0.639    |
|    learning_rate   | 0.0003   |
|    n_updates       | 406050   |
---------------------------------
---------------------------------
| rollout/           |          |
|    ep_len_mean     | 1e+03    |
|    ep_rew_mean     | 830      |
| time/              |          |
|    episodes        | 412      |
|    fps             | 75       |
|    time_elapsed    | 5437     |
|    total_timesteps | 411051   |
| train/             |          |
|    actor_loss      | -285     |
|    critic_loss     | 1.42     |
|    ent_coef        | 0.0377   |
|    ent_coef_loss   | -0.502   |
|    learning_rate   | 0.0003   |
|    n_updates       | 410050   |
---------------------------------
---------------------------------
| rollout/           |          |
|    ep_len_mean     | 1e+03    |
|    ep_rew_mean     | 1.32e+03 |
| time/              |          |
|    episodes        | 416      |
|    fps             | 75       |
|    time_elapsed    | 5495     |
|    total_timesteps | 415051   |
| train/             |          |
|    actor_loss      | -257     |
|    critic_loss     | 3.55     |
|    ent_coef        | 0.0333   |
|    ent_coef_loss   | -0.917   |
|    learning_rate   | 0.0003   |
|    n_updates       | 414050   |
---------------------------------
---------------------------------
| rollout/           |          |
|    ep_len_mean     | 1e+03    |
|    ep_rew_mean     | 1.86e+03 |
| time/              |          |
|    episodes        | 420      |
|    fps             | 75       |
|    time_elapsed    | 5553     |
|    total_timesteps | 419051   |
| train/             |          |
|    actor_loss      | -287     |
|    critic_loss     | 2.07     |
|    ent_coef        | 0.0398   |
|    ent_coef_loss   | 0.987    |
|    learning_rate   | 0.0003   |
|    n_updates       | 418050   |
---------------------------------
---------------------------------
| rollout/           |          |
|    ep_len_mean     | 1e+03    |
|    ep_rew_mean     | 2.41e+03 |
| time/              |          |
|    episodes        | 424      |
|    fps             | 75       |
|    time_elapsed    | 5611     |
|    total_timesteps | 423051   |
| train/             |          |
|    actor_loss      | -358     |
|    critic_loss     | 1.89     |
|    ent_coef        | 0.0401   |
|    ent_coef_loss   | -0.364   |
|    learning_rate   | 0.0003   |
|    n_updates       | 422050   |
---------------------------------
---------------------------------
| rollout/           |          |
|    ep_len_mean     | 1e+03    |
|    ep_rew_mean     | 2.86e+03 |
| time/              |          |
|    episodes        | 428      |
|    fps             | 75       |
|    time_elapsed    | 5668     |
|    total_timesteps | 427051   |
| train/             |          |
|    actor_loss      | -372     |
|    critic_loss     | 1.08     |
|    ent_coef        | 0.0352   |
|    ent_coef_loss   | -0.296   |
|    learning_rate   | 0.0003   |
|    n_updates       | 426050   |
---------------------------------
---------------------------------
| rollout/           |          |
|    ep_len_mean     | 1e+03    |
|    ep_rew_mean     | 3.41e+03 |
| time/              |          |
|    episodes        | 432      |
|    fps             | 75       |
|    time_elapsed    | 5723     |
|    total_timesteps | 431051   |
| train/             |          |
|    actor_loss      | -449     |
|    critic_loss     | 1.1      |
|    ent_coef        | 0.0398   |
|    ent_coef_loss   | 0.392    |
|    learning_rate   | 0.0003   |
|    n_updates       | 430050   |
---------------------------------
---------------------------------
| rollout/           |          |
|    ep_len_mean     | 1e+03    |
|    ep_rew_mean     | 3.96e+03 |
| time/              |          |
|    episodes        | 436      |
|    fps             | 75       |
|    time_elapsed    | 5781     |
|    total_timesteps | 435051   |
| train/             |          |
|    actor_loss      | -412     |
|    critic_loss     | 2.28     |
|    ent_coef        | 0.0491   |
|    ent_coef_loss   | 0.122    |
|    learning_rate   | 0.0003   |
|    n_updates       | 434050   |
---------------------------------
---------------------------------
| rollout/           |          |
|    ep_len_mean     | 1e+03    |
|    ep_rew_mean     | 4.15e+03 |
| time/              |          |
|    episodes        | 440      |
|    fps             | 75       |
|    time_elapsed    | 5846     |
|    total_timesteps | 439051   |
| train/             |          |
|    actor_loss      | -475     |
|    critic_loss     | 23.5     |
|    ent_coef        | 0.0481   |
|    ent_coef_loss   | 0.925    |
|    learning_rate   | 0.0003   |
|    n_updates       | 438050   |
---------------------------------
---------------------------------
| rollout/           |          |
|    ep_len_mean     | 1e+03    |
|    ep_rew_mean     | 4.2e+03  |
| time/              |          |
|    episodes        | 444      |
|    fps             | 75       |
|    time_elapsed    | 5905     |
|    total_timesteps | 443051   |
| train/             |          |
|    actor_loss      | -520     |
|    critic_loss     | 1.81     |
|    ent_coef        | 0.04     |
|    ent_coef_loss   | 0.231    |
|    learning_rate   | 0.0003   |
|    n_updates       | 442050   |
---------------------------------
---------------------------------
| rollout/           |          |
|    ep_len_mean     | 1e+03    |
|    ep_rew_mean     | 4.16e+03 |
| time/              |          |
|    episodes        | 448      |
|    fps             | 74       |
|    time_elapsed    | 5965     |
|    total_timesteps | 447051   |
| train/             |          |
|    actor_loss      | -526     |
|    critic_loss     | 2.35     |
|    ent_coef        | 0.0427   |
|    ent_coef_loss   | -0.529   |
|    learning_rate   | 0.0003   |
|    n_updates       | 446050   |
---------------------------------
---------------------------------
| rollout/           |          |
|    ep_len_mean     | 1e+03    |
|    ep_rew_mean     | 4.5e+03  |
| time/              |          |
|    episodes        | 452      |
|    fps             | 74       |
|    time_elapsed    | 6020     |
|    total_timesteps | 451051   |
| train/             |          |
|    actor_loss      | -612     |
|    critic_loss     | 2.16     |
|    ent_coef        | 0.0526   |
|    ent_coef_loss   | -0.538   |
|    learning_rate   | 0.0003   |
|    n_updates       | 450050   |
---------------------------------
---------------------------------
| rollout/           |          |
|    ep_len_mean     | 1e+03    |
|    ep_rew_mean     | 4.83e+03 |
| time/              |          |
|    episodes        | 456      |
|    fps             | 74       |
|    time_elapsed    | 6083     |
|    total_timesteps | 455051   |
| train/             |          |
|    actor_loss      | -664     |
|    critic_loss     | 2.63     |
|    ent_coef        | 0.0547   |
|    ent_coef_loss   | -0.369   |
|    learning_rate   | 0.0003   |
|    n_updates       | 454050   |
---------------------------------
---------------------------------
| rollout/           |          |
|    ep_len_mean     | 1e+03    |
|    ep_rew_mean     | 5.55e+03 |
| time/              |          |
|    episodes        | 460      |
|    fps             | 74       |
|    time_elapsed    | 6144     |
|    total_timesteps | 459051   |
| train/             |          |
|    actor_loss      | -612     |
|    critic_loss     | 2.37     |
|    ent_coef        | 0.0565   |
|    ent_coef_loss   | 0.469    |
|    learning_rate   | 0.0003   |
|    n_updates       | 458050   |
---------------------------------
---------------------------------
| rollout/           |          |
|    ep_len_mean     | 1e+03    |
|    ep_rew_mean     | 6.29e+03 |
| time/              |          |
|    episodes        | 464      |
|    fps             | 74       |
|    time_elapsed    | 6201     |
|    total_timesteps | 463051   |
| train/             |          |
|    actor_loss      | -597     |
|    critic_loss     | 1.93     |
|    ent_coef        | 0.0564   |
|    ent_coef_loss   | -0.398   |
|    learning_rate   | 0.0003   |
|    n_updates       | 462050   |
---------------------------------
---------------------------------
| rollout/           |          |
|    ep_len_mean     | 986      |
|    ep_rew_mean     | 6.73e+03 |
| time/              |          |
|    episodes        | 468      |
|    fps             | 74       |
|    time_elapsed    | 6237     |
|    total_timesteps | 465633   |
| train/             |          |
|    actor_loss      | -694     |
|    critic_loss     | 2.84     |
|    ent_coef        | 0.0554   |
|    ent_coef_loss   | -0.192   |
|    learning_rate   | 0.0003   |
|    n_updates       | 464632   |
---------------------------------
---------------------------------
| rollout/           |          |
|    ep_len_mean     | 986      |
|    ep_rew_mean     | 7.16e+03 |
| time/              |          |
|    episodes        | 472      |
|    fps             | 74       |
|    time_elapsed    | 6296     |
|    total_timesteps | 469633   |
| train/             |          |
|    actor_loss      | -653     |
|    critic_loss     | 1.45     |
|    ent_coef        | 0.0531   |
|    ent_coef_loss   | 0.0666   |
|    learning_rate   | 0.0003   |
|    n_updates       | 468632   |
---------------------------------
---------------------------------
| rollout/           |          |
|    ep_len_mean     | 986      |
|    ep_rew_mean     | 7.37e+03 |
| time/              |          |
|    episodes        | 476      |
|    fps             | 74       |
|    time_elapsed    | 6358     |
|    total_timesteps | 473633   |
| train/             |          |
|    actor_loss      | -714     |
|    critic_loss     | 2.44     |
|    ent_coef        | 0.0514   |
|    ent_coef_loss   | -0.2     |
|    learning_rate   | 0.0003   |
|    n_updates       | 472632   |
---------------------------------
---------------------------------
| rollout/           |          |
|    ep_len_mean     | 986      |
|    ep_rew_mean     | 7.39e+03 |
| time/              |          |
|    episodes        | 480      |
|    fps             | 74       |
|    time_elapsed    | 6418     |
|    total_timesteps | 477633   |
| train/             |          |
|    actor_loss      | -685     |
|    critic_loss     | 1.97     |
|    ent_coef        | 0.0542   |
|    ent_coef_loss   | 0.435    |
|    learning_rate   | 0.0003   |
|    n_updates       | 476632   |
---------------------------------
---------------------------------
| rollout/           |          |
|    ep_len_mean     | 986      |
|    ep_rew_mean     | 7.98e+03 |
| time/              |          |
|    episodes        | 484      |
|    fps             | 74       |
|    time_elapsed    | 6480     |
|    total_timesteps | 481633   |
| train/             |          |
|    actor_loss      | -674     |
|    critic_loss     | 2.08     |
|    ent_coef        | 0.0645   |
|    ent_coef_loss   | -1.15    |
|    learning_rate   | 0.0003   |
|    n_updates       | 480632   |
---------------------------------
---------------------------------
| rollout/           |          |
|    ep_len_mean     | 986      |
|    ep_rew_mean     | 8.7e+03  |
| time/              |          |
|    episodes        | 488      |
|    fps             | 74       |
|    time_elapsed    | 6542     |
|    total_timesteps | 485633   |
| train/             |          |
|    actor_loss      | -599     |
|    critic_loss     | 1.27     |
|    ent_coef        | 0.0753   |
|    ent_coef_loss   | -1.18    |
|    learning_rate   | 0.0003   |
|    n_updates       | 484632   |
---------------------------------
---------------------------------
| rollout/           |          |
|    ep_len_mean     | 986      |
|    ep_rew_mean     | 9.45e+03 |
| time/              |          |
|    episodes        | 492      |
|    fps             | 74       |
|    time_elapsed    | 6605     |
|    total_timesteps | 489633   |
| train/             |          |
|    actor_loss      | -752     |
|    critic_loss     | 2.7      |
|    ent_coef        | 0.0797   |
|    ent_coef_loss   | 0.214    |
|    learning_rate   | 0.0003   |
|    n_updates       | 488632   |
---------------------------------
---------------------------------
| rollout/           |          |
|    ep_len_mean     | 986      |
|    ep_rew_mean     | 1e+04    |
| time/              |          |
|    episodes        | 496      |
|    fps             | 74       |
|    time_elapsed    | 6667     |
|    total_timesteps | 493633   |
| train/             |          |
|    actor_loss      | -663     |
|    critic_loss     | 3.62     |
|    ent_coef        | 0.0844   |
|    ent_coef_loss   | -1.07    |
|    learning_rate   | 0.0003   |
|    n_updates       | 492632   |
---------------------------------
---------------------------------
| rollout/           |          |
|    ep_len_mean     | 986      |
|    ep_rew_mean     | 1.06e+04 |
| time/              |          |
|    episodes        | 500      |
|    fps             | 73       |
|    time_elapsed    | 6731     |
|    total_timesteps | 497633   |
| train/             |          |
|    actor_loss      | -691     |
|    critic_loss     | 1.85     |
|    ent_coef        | 0.0957   |
|    ent_coef_loss   | 0.222    |
|    learning_rate   | 0.0003   |
|    n_updates       | 496632   |
---------------------------------
[2026-08-14T17:49:58] Training complete in 6768.1s
[2026-08-14T17:49:58] Episodes: 502
[2026-08-14T17:49:58] Best reward: 15055.90
[2026-08-14T17:49:58] Mean reward (100ep): 10948.99
[2026-08-14T17:49:58] Final goal tolerance: 0.6
[2026-08-14T17:49:58] Curriculum stage: 0
[2026-08-14T17:49:58] Saved: {'model': 'C:\\Users\\ranjo\\OneDrive\\Desktop\\ARM-Model\\project_assets\\outputs\\Ablation\\stochastic\\seed_101\\sac_model', 'history': 'C:\\Users\\ranjo\\OneDrive\\Desktop\\ARM-Model\\project_assets\\outputs\\Ablation\\stochastic\\seed_101\\training_history.csv', 'stats': 'C:\\Users\\ranjo\\OneDrive\\Desktop\\ARM-Model\\project_assets\\outputs\\Ablation\\stochastic\\seed_101\\training_stats.json'}
[2026-08-14T17:49:58] Running Fitts' Law sweep (1 trials per condition)...
[2026-08-14T17:50:00] Fitts sweep complete in 2.1s
[2026-08-14T17:50:00] Fitts: MT = -0.0040 + +0.1382 * ID, R^2 = 0.4029 (n_conditions = 13, trials_per_condition = 1)
[2026-08-14T17:50:00] Saved: C:\Users\ranjo\OneDrive\Desktop\ARM-Model\project_assets\outputs\Ablation\stochastic\seed_101\fitts_law.json
[2026-08-14T17:50:00] Saved: C:\Users\ranjo\OneDrive\Desktop\ARM-Model\project_assets\outputs\Ablation\stochastic\seed_101\fitts_law.png
[2026-08-14T17:50:00] Running 2/3 Power Law sweep (1 trials)...
[2026-08-14T17:50:00] Power Law sweep complete in 0.1s
[2026-08-14T17:50:00] Power Law: log V = -0.7082 + -0.5945 * log C, R = -0.3612, R^2 = 0.1305 (n_samples = 194, n_trials = 0/1)
[2026-08-14T17:50:01] Saved: C:\Users\ranjo\OneDrive\Desktop\ARM-Model\project_assets\outputs\Ablation\stochastic\seed_101\power_law.json
[2026-08-14T17:50:01] Saved: C:\Users\ranjo\OneDrive\Desktop\ARM-Model\project_assets\outputs\Ablation\stochastic\seed_101\power_law.png
[2026-08-14T17:50:01] Session complete. Total wall time: 1:52:51.783106
[2026-08-14T17:50:01] ============================================================
