[2026-08-16T11:27:13] Starting Fischer session: algorithm=SAC, timesteps=500,000, direction=EAST, actuation=muscle, seed=202
[2026-08-16T11:27:13] Save dir: C:\Users\ranjo\OneDrive\Desktop\ARM-Model\project_assets\outputs\ActuationComparison\muscle_500k_seed202
[2026-08-16T11:27:13] Ablation config: hold_decrement=3, hold_curriculum=on, curriculum_mode=eval
Using cpu device
Wrapping the env with a `Monitor` wrapper
Wrapping the env in a DummyVecEnv.
[HoldCurriculum] Initial hold requirement: 10 steps (ladder: [10, 15, 20], threshold: 60%)
---------------------------------
| rollout/           |          |
|    ep_len_mean     | 1e+03    |
|    ep_rew_mean     | -4.9e+03 |
| time/              |          |
|    episodes        | 4        |
|    fps             | 104      |
|    time_elapsed    | 38       |
|    total_timesteps | 4000     |
| train/             |          |
|    actor_loss      | 43.1     |
|    critic_loss     | 0.871    |
|    ent_coef        | 0.411    |
|    ent_coef_loss   | -5.27    |
|    learning_rate   | 0.0003   |
|    n_updates       | 2999     |
---------------------------------
---------------------------------
| rollout/           |          |
|    ep_len_mean     | 623      |
|    ep_rew_mean     | -2e+03   |
| time/              |          |
|    episodes        | 8        |
|    fps             | 96       |
|    time_elapsed    | 51       |
|    total_timesteps | 4982     |
| train/             |          |
|    actor_loss      | 37.5     |
|    critic_loss     | 36.2     |
|    ent_coef        | 0.315    |
|    ent_coef_loss   | -5.34    |
|    learning_rate   | 0.0003   |
|    n_updates       | 3981     |
---------------------------------
----------------------------------
| rollout/           |           |
|    ep_len_mean     | 461       |
|    ep_rew_mean     | -1.19e+03 |
| time/              |           |
|    episodes        | 12        |
|    fps             | 93        |
|    time_elapsed    | 58        |
|    total_timesteps | 5528      |
| train/             |           |
|    actor_loss      | 42.7      |
|    critic_loss     | 6.8       |
|    ent_coef        | 0.277     |
|    ent_coef_loss   | -5.03     |
|    learning_rate   | 0.0003    |
|    n_updates       | 4527      |
----------------------------------
---------------------------------
| rollout/           |          |
|    ep_len_mean     | 380      |
|    ep_rew_mean     | -800     |
| time/              |          |
|    episodes        | 16       |
|    fps             | 91       |
|    time_elapsed    | 66       |
|    total_timesteps | 6082     |
| train/             |          |
|    actor_loss      | 12.9     |
|    critic_loss     | 59       |
|    ent_coef        | 0.247    |
|    ent_coef_loss   | -4.97    |
|    learning_rate   | 0.0003   |
|    n_updates       | 5081     |
---------------------------------
---------------------------------
| rollout/           |          |
|    ep_len_mean     | 324      |
|    ep_rew_mean     | -558     |
| time/              |          |
|    episodes        | 20       |
|    fps             | 89       |
|    time_elapsed    | 72       |
|    total_timesteps | 6489     |
| train/             |          |
|    actor_loss      | 7.35     |
|    critic_loss     | 66.7     |
|    ent_coef        | 0.227    |
|    ent_coef_loss   | -3.66    |
|    learning_rate   | 0.0003   |
|    n_updates       | 5488     |
---------------------------------
---------------------------------
| rollout/           |          |
|    ep_len_mean     | 330      |
|    ep_rew_mean     | -91.6    |
| time/              |          |
|    episodes        | 24       |
|    fps             | 86       |
|    time_elapsed    | 91       |
|    total_timesteps | 7914     |
| train/             |          |
|    actor_loss      | -33.2    |
|    critic_loss     | 241      |
|    ent_coef        | 0.185    |
|    ent_coef_loss   | -0.92    |
|    learning_rate   | 0.0003   |
|    n_updates       | 6913     |
---------------------------------
---------------------------------
| rollout/           |          |
|    ep_len_mean     | 301      |
|    ep_rew_mean     | -18.9    |
| time/              |          |
|    episodes        | 28       |
|    fps             | 85       |
|    time_elapsed    | 97       |
|    total_timesteps | 8415     |
| train/             |          |
|    actor_loss      | -38.1    |
|    critic_loss     | 146      |
|    ent_coef        | 0.184    |
|    ent_coef_loss   | 0.15     |
|    learning_rate   | 0.0003   |
|    n_updates       | 7414     |
---------------------------------
---------------------------------
| rollout/           |          |
|    ep_len_mean     | 361      |
|    ep_rew_mean     | 1.45e+03 |
| time/              |          |
|    episodes        | 32       |
|    fps             | 81       |
|    time_elapsed    | 142      |
|    total_timesteps | 11538    |
| train/             |          |
|    actor_loss      | -227     |
|    critic_loss     | 76.2     |
|    ent_coef        | 0.274    |
|    ent_coef_loss   | -0.0896  |
|    learning_rate   | 0.0003   |
|    n_updates       | 10537    |
---------------------------------
---------------------------------
| rollout/           |          |
|    ep_len_mean     | 432      |
|    ep_rew_mean     | 3.1e+03  |
| time/              |          |
|    episodes        | 36       |
|    fps             | 78       |
|    time_elapsed    | 197      |
|    total_timesteps | 15538    |
| train/             |          |
|    actor_loss      | -441     |
|    critic_loss     | 365      |
|    ent_coef        | 0.388    |
|    ent_coef_loss   | 0.109    |
|    learning_rate   | 0.0003   |
|    n_updates       | 14537    |
---------------------------------
---------------------------------
| rollout/           |          |
|    ep_len_mean     | 488      |
|    ep_rew_mean     | 4.37e+03 |
| time/              |          |
|    episodes        | 40       |
|    fps             | 76       |
|    time_elapsed    | 254      |
|    total_timesteps | 19538    |
| train/             |          |
|    actor_loss      | -686     |
|    critic_loss     | 30.7     |
|    ent_coef        | 0.436    |
|    ent_coef_loss   | -0.0842  |
|    learning_rate   | 0.0003   |
|    n_updates       | 18537    |
---------------------------------
---------------------------------
| rollout/           |          |
|    ep_len_mean     | 535      |
|    ep_rew_mean     | 5.5e+03  |
| time/              |          |
|    episodes        | 44       |
|    fps             | 74       |
|    time_elapsed    | 315      |
|    total_timesteps | 23538    |
| train/             |          |
|    actor_loss      | -823     |
|    critic_loss     | 160      |
|    ent_coef        | 0.477    |
|    ent_coef_loss   | 0.126    |
|    learning_rate   | 0.0003   |
|    n_updates       | 22537    |
---------------------------------
---------------------------------
| rollout/           |          |
|    ep_len_mean     | 570      |
|    ep_rew_mean     | 6.43e+03 |
| time/              |          |
|    episodes        | 48       |
|    fps             | 73       |
|    time_elapsed    | 371      |
|    total_timesteps | 27338    |
| train/             |          |
|    actor_loss      | -980     |
|    critic_loss     | 1.18e+03 |
|    ent_coef        | 0.57     |
|    ent_coef_loss   | 0.266    |
|    learning_rate   | 0.0003   |
|    n_updates       | 26337    |
---------------------------------
----------------------------------
| rollout/           |           |
|    ep_len_mean     | 590       |
|    ep_rew_mean     | 7.06e+03  |
| time/              |           |
|    episodes        | 52        |
|    fps             | 73        |
|    time_elapsed    | 418       |
|    total_timesteps | 30705     |
| train/             |           |
|    actor_loss      | -1.09e+03 |
|    critic_loss     | 46.8      |
|    ent_coef        | 0.646     |
|    ent_coef_loss   | -0.202    |
|    learning_rate   | 0.0003    |
|    n_updates       | 29704     |
----------------------------------
----------------------------------
| rollout/           |           |
|    ep_len_mean     | 607       |
|    ep_rew_mean     | 6.97e+03  |
| time/              |           |
|    episodes        | 56        |
|    fps             | 73        |
|    time_elapsed    | 464       |
|    total_timesteps | 34016     |
| train/             |           |
|    actor_loss      | -1.15e+03 |
|    critic_loss     | 30.5      |
|    ent_coef        | 0.655     |
|    ent_coef_loss   | -0.0345   |
|    learning_rate   | 0.0003    |
|    n_updates       | 33015     |
----------------------------------
----------------------------------
| rollout/           |           |
|    ep_len_mean     | 622       |
|    ep_rew_mean     | 7.22e+03  |
| time/              |           |
|    episodes        | 60        |
|    fps             | 73        |
|    time_elapsed    | 509       |
|    total_timesteps | 37347     |
| train/             |           |
|    actor_loss      | -1.23e+03 |
|    critic_loss     | 160       |
|    ent_coef        | 0.603     |
|    ent_coef_loss   | -0.0224   |
|    learning_rate   | 0.0003    |
|    n_updates       | 36346     |
----------------------------------
----------------------------------
| rollout/           |           |
|    ep_len_mean     | 646       |
|    ep_rew_mean     | 7.8e+03   |
| time/              |           |
|    episodes        | 64        |
|    fps             | 73        |
|    time_elapsed    | 565       |
|    total_timesteps | 41347     |
| train/             |           |
|    actor_loss      | -1.24e+03 |
|    critic_loss     | 1.17e+03  |
|    ent_coef        | 0.489     |
|    ent_coef_loss   | -0.0536   |
|    learning_rate   | 0.0003    |
|    n_updates       | 40346     |
----------------------------------
----------------------------------
| rollout/           |           |
|    ep_len_mean     | 667       |
|    ep_rew_mean     | 8.37e+03  |
| time/              |           |
|    episodes        | 68        |
|    fps             | 73        |
|    time_elapsed    | 619       |
|    total_timesteps | 45347     |
| train/             |           |
|    actor_loss      | -1.31e+03 |
|    critic_loss     | 33.6      |
|    ent_coef        | 0.482     |
|    ent_coef_loss   | 0.138     |
|    learning_rate   | 0.0003    |
|    n_updates       | 44346     |
----------------------------------
----------------------------------
| rollout/           |           |
|    ep_len_mean     | 685       |
|    ep_rew_mean     | 8.91e+03  |
| time/              |           |
|    episodes        | 72        |
|    fps             | 72        |
|    time_elapsed    | 679       |
|    total_timesteps | 49347     |
| train/             |           |
|    actor_loss      | -1.38e+03 |
|    critic_loss     | 35.8      |
|    ent_coef        | 0.469     |
|    ent_coef_loss   | -0.086    |
|    learning_rate   | 0.0003    |
|    n_updates       | 48346     |
----------------------------------
----------------------------------
| rollout/           |           |
|    ep_len_mean     | 702       |
|    ep_rew_mean     | 9.4e+03   |
| time/              |           |
|    episodes        | 76        |
|    fps             | 72        |
|    time_elapsed    | 737       |
|    total_timesteps | 53347     |
| train/             |           |
|    actor_loss      | -1.42e+03 |
|    critic_loss     | 41.1      |
|    ent_coef        | 0.477     |
|    ent_coef_loss   | 0.00902   |
|    learning_rate   | 0.0003    |
|    n_updates       | 52346     |
----------------------------------
----------------------------------
| rollout/           |           |
|    ep_len_mean     | 717       |
|    ep_rew_mean     | 9.85e+03  |
| time/              |           |
|    episodes        | 80        |
|    fps             | 72        |
|    time_elapsed    | 791       |
|    total_timesteps | 57347     |
| train/             |           |
|    actor_loss      | -1.45e+03 |
|    critic_loss     | 30.1      |
|    ent_coef        | 0.467     |
|    ent_coef_loss   | -0.105    |
|    learning_rate   | 0.0003    |
|    n_updates       | 56346     |
----------------------------------
----------------------------------
| rollout/           |           |
|    ep_len_mean     | 730       |
|    ep_rew_mean     | 1.03e+04  |
| time/              |           |
|    episodes        | 84        |
|    fps             | 72        |
|    time_elapsed    | 843       |
|    total_timesteps | 61347     |
| train/             |           |
|    actor_loss      | -1.51e+03 |
|    critic_loss     | 27        |
|    ent_coef        | 0.466     |
|    ent_coef_loss   | -0.197    |
|    learning_rate   | 0.0003    |
|    n_updates       | 60346     |
----------------------------------
----------------------------------
| rollout/           |           |
|    ep_len_mean     | 743       |
|    ep_rew_mean     | 1.06e+04  |
| time/              |           |
|    episodes        | 88        |
|    fps             | 72        |
|    time_elapsed    | 898       |
|    total_timesteps | 65347     |
| train/             |           |
|    actor_loss      | -1.56e+03 |
|    critic_loss     | 64.7      |
|    ent_coef        | 0.506     |
|    ent_coef_loss   | -0.0179   |
|    learning_rate   | 0.0003    |
|    n_updates       | 64346     |
----------------------------------
---------------------------------
| rollout/           |          |
|    ep_len_mean     | 754      |
|    ep_rew_mean     | 1.1e+04  |
| time/              |          |
|    episodes        | 92       |
|    fps             | 72       |
|    time_elapsed    | 958      |
|    total_timesteps | 69347    |
| train/             |          |
|    actor_loss      | -1.6e+03 |
|    critic_loss     | 31.6     |
|    ent_coef        | 0.475    |
|    ent_coef_loss   | 0.23     |
|    learning_rate   | 0.0003   |
|    n_updates       | 68346    |
---------------------------------
---------------------------------
| rollout/           |          |
|    ep_len_mean     | 764      |
|    ep_rew_mean     | 1.13e+04 |
| time/              |          |
|    episodes        | 96       |
|    fps             | 71       |
|    time_elapsed    | 1019     |
|    total_timesteps | 73347    |
| train/             |          |
|    actor_loss      | -1.6e+03 |
|    critic_loss     | 19.7     |
|    ent_coef        | 0.47     |
|    ent_coef_loss   | -0.233   |
|    learning_rate   | 0.0003   |
|    n_updates       | 72346    |
---------------------------------
----------------------------------
| rollout/           |           |
|    ep_len_mean     | 773       |
|    ep_rew_mean     | 1.17e+04  |
| time/              |           |
|    episodes        | 100       |
|    fps             | 71        |
|    time_elapsed    | 1074      |
|    total_timesteps | 77347     |
| train/             |           |
|    actor_loss      | -1.63e+03 |
|    critic_loss     | 207       |
|    ent_coef        | 0.47      |
|    ent_coef_loss   | -0.0674   |
|    learning_rate   | 0.0003    |
|    n_updates       | 76346     |
----------------------------------
----------------------------------
| rollout/           |           |
|    ep_len_mean     | 773       |
|    ep_rew_mean     | 1.26e+04  |
| time/              |           |
|    episodes        | 104       |
|    fps             | 72        |
|    time_elapsed    | 1128      |
|    total_timesteps | 81347     |
| train/             |           |
|    actor_loss      | -1.65e+03 |
|    critic_loss     | 35.1      |
|    ent_coef        | 0.489     |
|    ent_coef_loss   | -0.038    |
|    learning_rate   | 0.0003    |
|    n_updates       | 80346     |
----------------------------------
----------------------------------
| rollout/           |           |
|    ep_len_mean     | 804       |
|    ep_rew_mean     | 1.34e+04  |
| time/              |           |
|    episodes        | 108       |
|    fps             | 72        |
|    time_elapsed    | 1185      |
|    total_timesteps | 85347     |
| train/             |           |
|    actor_loss      | -1.68e+03 |
|    critic_loss     | 126       |
|    ent_coef        | 0.477     |
|    ent_coef_loss   | 0.166     |
|    learning_rate   | 0.0003    |
|    n_updates       | 84346     |
----------------------------------
---------------------------------
| rollout/           |          |
|    ep_len_mean     | 838      |
|    ep_rew_mean     | 1.41e+04 |
| time/              |          |
|    episodes        | 112      |
|    fps             | 71       |
|    time_elapsed    | 1241     |
|    total_timesteps | 89347    |
| train/             |          |
|    actor_loss      | -1.7e+03 |
|    critic_loss     | 17.7     |
|    ent_coef        | 0.477    |
|    ent_coef_loss   | 0.313    |
|    learning_rate   | 0.0003   |
|    n_updates       | 88346    |
---------------------------------
----------------------------------
| rollout/           |           |
|    ep_len_mean     | 873       |
|    ep_rew_mean     | 1.49e+04  |
| time/              |           |
|    episodes        | 116       |
|    fps             | 71        |
|    time_elapsed    | 1298      |
|    total_timesteps | 93347     |
| train/             |           |
|    actor_loss      | -1.74e+03 |
|    critic_loss     | 21.1      |
|    ent_coef        | 0.465     |
|    ent_coef_loss   | -0.0713   |
|    learning_rate   | 0.0003    |
|    n_updates       | 92346     |
----------------------------------
----------------------------------
| rollout/           |           |
|    ep_len_mean     | 909       |
|    ep_rew_mean     | 1.57e+04  |
| time/              |           |
|    episodes        | 120       |
|    fps             | 71        |
|    time_elapsed    | 1355      |
|    total_timesteps | 97347     |
| train/             |           |
|    actor_loss      | -1.73e+03 |
|    critic_loss     | 11.7      |
|    ent_coef        | 0.462     |
|    ent_coef_loss   | 0.00464   |
|    learning_rate   | 0.0003    |
|    n_updates       | 96346     |
----------------------------------
----------------------------------
| rollout/           |           |
|    ep_len_mean     | 934       |
|    ep_rew_mean     | 1.64e+04  |
| time/              |           |
|    episodes        | 124       |
|    fps             | 71        |
|    time_elapsed    | 1414      |
|    total_timesteps | 101347    |
| train/             |           |
|    actor_loss      | -1.78e+03 |
|    critic_loss     | 21.2      |
|    ent_coef        | 0.473     |
|    ent_coef_loss   | 0.109     |
|    learning_rate   | 0.0003    |
|    n_updates       | 100346    |
----------------------------------
----------------------------------
| rollout/           |           |
|    ep_len_mean     | 969       |
|    ep_rew_mean     | 1.72e+04  |
| time/              |           |
|    episodes        | 128       |
|    fps             | 71        |
|    time_elapsed    | 1467      |
|    total_timesteps | 105347    |
| train/             |           |
|    actor_loss      | -1.77e+03 |
|    critic_loss     | 25.1      |
|    ent_coef        | 0.451     |
|    ent_coef_loss   | 0.029     |
|    learning_rate   | 0.0003    |
|    n_updates       | 104346    |
----------------------------------
---------------------------------
| rollout/           |          |
|    ep_len_mean     | 978      |
|    ep_rew_mean     | 1.75e+04 |
| time/              |          |
|    episodes        | 132      |
|    fps             | 71       |
|    time_elapsed    | 1527     |
|    total_timesteps | 109347   |
| train/             |          |
|    actor_loss      | -1.8e+03 |
|    critic_loss     | 38.8     |
|    ent_coef        | 0.432    |
|    ent_coef_loss   | -0.349   |
|    learning_rate   | 0.0003   |
|    n_updates       | 108346   |
---------------------------------
----------------------------------
| rollout/           |           |
|    ep_len_mean     | 978       |
|    ep_rew_mean     | 1.77e+04  |
| time/              |           |
|    episodes        | 136       |
|    fps             | 71        |
|    time_elapsed    | 1580      |
|    total_timesteps | 113347    |
| train/             |           |
|    actor_loss      | -1.77e+03 |
|    critic_loss     | 20.2      |
|    ent_coef        | 0.424     |
|    ent_coef_loss   | 0.127     |
|    learning_rate   | 0.0003    |
|    n_updates       | 112346    |
----------------------------------
----------------------------------
| rollout/           |           |
|    ep_len_mean     | 978       |
|    ep_rew_mean     | 1.78e+04  |
| time/              |           |
|    episodes        | 140       |
|    fps             | 71        |
|    time_elapsed    | 1633      |
|    total_timesteps | 117347    |
| train/             |           |
|    actor_loss      | -1.81e+03 |
|    critic_loss     | 17.4      |
|    ent_coef        | 0.414     |
|    ent_coef_loss   | -0.136    |
|    learning_rate   | 0.0003    |
|    n_updates       | 116346    |
----------------------------------
----------------------------------
| rollout/           |           |
|    ep_len_mean     | 978       |
|    ep_rew_mean     | 1.79e+04  |
| time/              |           |
|    episodes        | 144       |
|    fps             | 71        |
|    time_elapsed    | 1688      |
|    total_timesteps | 121347    |
| train/             |           |
|    actor_loss      | -1.84e+03 |
|    critic_loss     | 15.7      |
|    ent_coef        | 0.401     |
|    ent_coef_loss   | -0.0589   |
|    learning_rate   | 0.0003    |
|    n_updates       | 120346    |
----------------------------------
----------------------------------
| rollout/           |           |
|    ep_len_mean     | 980       |
|    ep_rew_mean     | 1.81e+04  |
| time/              |           |
|    episodes        | 148       |
|    fps             | 71        |
|    time_elapsed    | 1743      |
|    total_timesteps | 125347    |
| train/             |           |
|    actor_loss      | -1.87e+03 |
|    critic_loss     | 18.7      |
|    ent_coef        | 0.395     |
|    ent_coef_loss   | 0.0121    |
|    learning_rate   | 0.0003    |
|    n_updates       | 124346    |
----------------------------------
----------------------------------
| rollout/           |           |
|    ep_len_mean     | 986       |
|    ep_rew_mean     | 1.81e+04  |
| time/              |           |
|    episodes        | 152       |
|    fps             | 71        |
|    time_elapsed    | 1799      |
|    total_timesteps | 129347    |
| train/             |           |
|    actor_loss      | -1.85e+03 |
|    critic_loss     | 16        |
|    ent_coef        | 0.4       |
|    ent_coef_loss   | 0.23      |
|    learning_rate   | 0.0003    |
|    n_updates       | 128346    |
----------------------------------
----------------------------------
| rollout/           |           |
|    ep_len_mean     | 993       |
|    ep_rew_mean     | 1.78e+04  |
| time/              |           |
|    episodes        | 156       |
|    fps             | 71        |
|    time_elapsed    | 1854      |
|    total_timesteps | 133347    |
| train/             |           |
|    actor_loss      | -1.86e+03 |
|    critic_loss     | 46.5      |
|    ent_coef        | 0.371     |
|    ent_coef_loss   | 0.08      |
|    learning_rate   | 0.0003    |
|    n_updates       | 132346    |
----------------------------------
----------------------------------
| rollout/           |           |
|    ep_len_mean     | 1e+03     |
|    ep_rew_mean     | 1.81e+04  |
| time/              |           |
|    episodes        | 160       |
|    fps             | 71        |
|    time_elapsed    | 1907      |
|    total_timesteps | 137347    |
| train/             |           |
|    actor_loss      | -1.87e+03 |
|    critic_loss     | 28.1      |
|    ent_coef        | 0.374     |
|    ent_coef_loss   | -0.00495  |
|    learning_rate   | 0.0003    |
|    n_updates       | 136346    |
----------------------------------
----------------------------------
| rollout/           |           |
|    ep_len_mean     | 1e+03     |
|    ep_rew_mean     | 1.82e+04  |
| time/              |           |
|    episodes        | 164       |
|    fps             | 72        |
|    time_elapsed    | 1960      |
|    total_timesteps | 141347    |
| train/             |           |
|    actor_loss      | -1.86e+03 |
|    critic_loss     | 33.9      |
|    ent_coef        | 0.361     |
|    ent_coef_loss   | -0.182    |
|    learning_rate   | 0.0003    |
|    n_updates       | 140346    |
----------------------------------
----------------------------------
| rollout/           |           |
|    ep_len_mean     | 1e+03     |
|    ep_rew_mean     | 1.83e+04  |
| time/              |           |
|    episodes        | 168       |
|    fps             | 72        |
|    time_elapsed    | 2012      |
|    total_timesteps | 145347    |
| train/             |           |
|    actor_loss      | -1.88e+03 |
|    critic_loss     | 21.2      |
|    ent_coef        | 0.362     |
|    ent_coef_loss   | -0.161    |
|    learning_rate   | 0.0003    |
|    n_updates       | 144346    |
----------------------------------
----------------------------------
| rollout/           |           |
|    ep_len_mean     | 1e+03     |
|    ep_rew_mean     | 1.84e+04  |
| time/              |           |
|    episodes        | 172       |
|    fps             | 72        |
|    time_elapsed    | 2063      |
|    total_timesteps | 149347    |
| train/             |           |
|    actor_loss      | -1.86e+03 |
|    critic_loss     | 21.9      |
|    ent_coef        | 0.359     |
|    ent_coef_loss   | -0.28     |
|    learning_rate   | 0.0003    |
|    n_updates       | 148346    |
----------------------------------
----------------------------------
| rollout/           |           |
|    ep_len_mean     | 1e+03     |
|    ep_rew_mean     | 1.84e+04  |
| time/              |           |
|    episodes        | 176       |
|    fps             | 72        |
|    time_elapsed    | 2114      |
|    total_timesteps | 153347    |
| train/             |           |
|    actor_loss      | -1.84e+03 |
|    critic_loss     | 26.3      |
|    ent_coef        | 0.359     |
|    ent_coef_loss   | 0.114     |
|    learning_rate   | 0.0003    |
|    n_updates       | 152346    |
----------------------------------
----------------------------------
| rollout/           |           |
|    ep_len_mean     | 1e+03     |
|    ep_rew_mean     | 1.85e+04  |
| time/              |           |
|    episodes        | 180       |
|    fps             | 72        |
|    time_elapsed    | 2172      |
|    total_timesteps | 157347    |
| train/             |           |
|    actor_loss      | -1.88e+03 |
|    critic_loss     | 843       |
|    ent_coef        | 0.349     |
|    ent_coef_loss   | 0.245     |
|    learning_rate   | 0.0003    |
|    n_updates       | 156346    |
----------------------------------
----------------------------------
| rollout/           |           |
|    ep_len_mean     | 1e+03     |
|    ep_rew_mean     | 1.86e+04  |
| time/              |           |
|    episodes        | 184       |
|    fps             | 72        |
|    time_elapsed    | 2238      |
|    total_timesteps | 161347    |
| train/             |           |
|    actor_loss      | -1.87e+03 |
|    critic_loss     | 11.1      |
|    ent_coef        | 0.354     |
|    ent_coef_loss   | -0.33     |
|    learning_rate   | 0.0003    |
|    n_updates       | 160346    |
----------------------------------
---------------------------------
| rollout/           |          |
|    ep_len_mean     | 1e+03    |
|    ep_rew_mean     | 1.86e+04 |
| time/              |          |
|    episodes        | 188      |
|    fps             | 71       |
|    time_elapsed    | 2316     |
|    total_timesteps | 165347   |
| train/             |          |
|    actor_loss      | -1.9e+03 |
|    critic_loss     | 10.9     |
|    ent_coef        | 0.352    |
|    ent_coef_loss   | 0.0793   |
|    learning_rate   | 0.0003   |
|    n_updates       | 164346   |
---------------------------------
----------------------------------
| rollout/           |           |
|    ep_len_mean     | 1e+03     |
|    ep_rew_mean     | 1.87e+04  |
| time/              |           |
|    episodes        | 192       |
|    fps             | 70        |
|    time_elapsed    | 2390      |
|    total_timesteps | 169347    |
| train/             |           |
|    actor_loss      | -1.89e+03 |
|    critic_loss     | 16.7      |
|    ent_coef        | 0.336     |
|    ent_coef_loss   | 0.277     |
|    learning_rate   | 0.0003    |
|    n_updates       | 168346    |
----------------------------------
----------------------------------
| rollout/           |           |
|    ep_len_mean     | 1e+03     |
|    ep_rew_mean     | 1.87e+04  |
| time/              |           |
|    episodes        | 196       |
|    fps             | 70        |
|    time_elapsed    | 2461      |
|    total_timesteps | 173347    |
| train/             |           |
|    actor_loss      | -1.91e+03 |
|    critic_loss     | 13        |
|    ent_coef        | 0.323     |
|    ent_coef_loss   | 0.224     |
|    learning_rate   | 0.0003    |
|    n_updates       | 172346    |
----------------------------------
---------------------------------
| rollout/           |          |
|    ep_len_mean     | 1e+03    |
|    ep_rew_mean     | 1.88e+04 |
| time/              |          |
|    episodes        | 200      |
|    fps             | 70       |
|    time_elapsed    | 2531     |
|    total_timesteps | 177347   |
| train/             |          |
|    actor_loss      | -1.9e+03 |
|    critic_loss     | 17.1     |
|    ent_coef        | 0.345    |
|    ent_coef_loss   | 0.231    |
|    learning_rate   | 0.0003   |
|    n_updates       | 176346   |
---------------------------------
---------------------------------
| rollout/           |          |
|    ep_len_mean     | 1e+03    |
|    ep_rew_mean     | 1.88e+04 |
| time/              |          |
|    episodes        | 204      |
|    fps             | 69       |
|    time_elapsed    | 2606     |
|    total_timesteps | 181347   |
| train/             |          |
|    actor_loss      | -1.9e+03 |
|    critic_loss     | 13.1     |
|    ent_coef        | 0.322    |
|    ent_coef_loss   | -0.0923  |
|    learning_rate   | 0.0003   |
|    n_updates       | 180346   |
---------------------------------
----------------------------------
| rollout/           |           |
|    ep_len_mean     | 1e+03     |
|    ep_rew_mean     | 1.88e+04  |
| time/              |           |
|    episodes        | 208       |
|    fps             | 69        |
|    time_elapsed    | 2681      |
|    total_timesteps | 185347    |
| train/             |           |
|    actor_loss      | -1.94e+03 |
|    critic_loss     | 16.7      |
|    ent_coef        | 0.33      |
|    ent_coef_loss   | -0.559    |
|    learning_rate   | 0.0003    |
|    n_updates       | 184346    |
----------------------------------
----------------------------------
| rollout/           |           |
|    ep_len_mean     | 1e+03     |
|    ep_rew_mean     | 1.89e+04  |
| time/              |           |
|    episodes        | 212       |
|    fps             | 68        |
|    time_elapsed    | 2759      |
|    total_timesteps | 189347    |
| train/             |           |
|    actor_loss      | -1.93e+03 |
|    critic_loss     | 8.77      |
|    ent_coef        | 0.352     |
|    ent_coef_loss   | -0.0223   |
|    learning_rate   | 0.0003    |
|    n_updates       | 188346    |
----------------------------------
---------------------------------
| rollout/           |          |
|    ep_len_mean     | 1e+03    |
|    ep_rew_mean     | 1.89e+04 |
| time/              |          |
|    episodes        | 216      |
|    fps             | 68       |
|    time_elapsed    | 2838     |
|    total_timesteps | 193347   |
| train/             |          |
|    actor_loss      | -1.9e+03 |
|    critic_loss     | 16.2     |
|    ent_coef        | 0.341    |
|    ent_coef_loss   | 0.0874   |
|    learning_rate   | 0.0003   |
|    n_updates       | 192346   |
---------------------------------
----------------------------------
| rollout/           |           |
|    ep_len_mean     | 1e+03     |
|    ep_rew_mean     | 1.89e+04  |
| time/              |           |
|    episodes        | 220       |
|    fps             | 67        |
|    time_elapsed    | 2914      |
|    total_timesteps | 197347    |
| train/             |           |
|    actor_loss      | -1.93e+03 |
|    critic_loss     | 10.7      |
|    ent_coef        | 0.336     |
|    ent_coef_loss   | -0.0304   |
|    learning_rate   | 0.0003    |
|    n_updates       | 196346    |
----------------------------------
----------------------------------
| rollout/           |           |
|    ep_len_mean     | 1e+03     |
|    ep_rew_mean     | 1.9e+04   |
| time/              |           |
|    episodes        | 224       |
|    fps             | 67        |
|    time_elapsed    | 2992      |
|    total_timesteps | 201347    |
| train/             |           |
|    actor_loss      | -1.96e+03 |
|    critic_loss     | 7.08      |
|    ent_coef        | 0.32      |
|    ent_coef_loss   | -0.121    |
|    learning_rate   | 0.0003    |
|    n_updates       | 200346    |
----------------------------------
----------------------------------
| rollout/           |           |
|    ep_len_mean     | 1e+03     |
|    ep_rew_mean     | 1.9e+04   |
| time/              |           |
|    episodes        | 228       |
|    fps             | 66        |
|    time_elapsed    | 3071      |
|    total_timesteps | 205347    |
| train/             |           |
|    actor_loss      | -1.98e+03 |
|    critic_loss     | 8.73      |
|    ent_coef        | 0.319     |
|    ent_coef_loss   | -0.0902   |
|    learning_rate   | 0.0003    |
|    n_updates       | 204346    |
----------------------------------
----------------------------------
| rollout/           |           |
|    ep_len_mean     | 1e+03     |
|    ep_rew_mean     | 1.9e+04   |
| time/              |           |
|    episodes        | 232       |
|    fps             | 66        |
|    time_elapsed    | 3151      |
|    total_timesteps | 209347    |
| train/             |           |
|    actor_loss      | -1.98e+03 |
|    critic_loss     | 4.44      |
|    ent_coef        | 0.306     |
|    ent_coef_loss   | 0.011     |
|    learning_rate   | 0.0003    |
|    n_updates       | 208346    |
----------------------------------
----------------------------------
| rollout/           |           |
|    ep_len_mean     | 1e+03     |
|    ep_rew_mean     | 1.91e+04  |
| time/              |           |
|    episodes        | 236       |
|    fps             | 65        |
|    time_elapsed    | 3232      |
|    total_timesteps | 213347    |
| train/             |           |
|    actor_loss      | -1.99e+03 |
|    critic_loss     | 7.48      |
|    ent_coef        | 0.302     |
|    ent_coef_loss   | -0.372    |
|    learning_rate   | 0.0003    |
|    n_updates       | 212346    |
----------------------------------
----------------------------------
| rollout/           |           |
|    ep_len_mean     | 994       |
|    ep_rew_mean     | 1.9e+04   |
| time/              |           |
|    episodes        | 240       |
|    fps             | 65        |
|    time_elapsed    | 3301      |
|    total_timesteps | 216795    |
| train/             |           |
|    actor_loss      | -2.02e+03 |
|    critic_loss     | 5.59      |
|    ent_coef        | 0.3       |
|    ent_coef_loss   | -0.152    |
|    learning_rate   | 0.0003    |
|    n_updates       | 215794    |
----------------------------------
----------------------------------
| rollout/           |           |
|    ep_len_mean     | 994       |
|    ep_rew_mean     | 1.9e+04   |
| time/              |           |
|    episodes        | 244       |
|    fps             | 65        |
|    time_elapsed    | 3382      |
|    total_timesteps | 220795    |
| train/             |           |
|    actor_loss      | -1.96e+03 |
|    critic_loss     | 1.52e+03  |
|    ent_coef        | 0.297     |
|    ent_coef_loss   | 1         |
|    learning_rate   | 0.0003    |
|    n_updates       | 219794    |
----------------------------------
----------------------------------
| rollout/           |           |
|    ep_len_mean     | 994       |
|    ep_rew_mean     | 1.91e+04  |
| time/              |           |
|    episodes        | 248       |
|    fps             | 64        |
|    time_elapsed    | 3463      |
|    total_timesteps | 224795    |
| train/             |           |
|    actor_loss      | -2.02e+03 |
|    critic_loss     | 5.34      |
|    ent_coef        | 0.282     |
|    ent_coef_loss   | -0.175    |
|    learning_rate   | 0.0003    |
|    n_updates       | 223794    |
----------------------------------
---------------------------------
| rollout/           |          |
|    ep_len_mean     | 994      |
|    ep_rew_mean     | 1.93e+04 |
| time/              |          |
|    episodes        | 252      |
|    fps             | 64       |
|    time_elapsed    | 3543     |
|    total_timesteps | 228795   |
| train/             |          |
|    actor_loss      | -2e+03   |
|    critic_loss     | 5.9      |
|    ent_coef        | 0.29     |
|    ent_coef_loss   | 0.0756   |
|    learning_rate   | 0.0003   |
|    n_updates       | 227794   |
---------------------------------
----------------------------------
| rollout/           |           |
|    ep_len_mean     | 994       |
|    ep_rew_mean     | 2.03e+04  |
| time/              |           |
|    episodes        | 256       |
|    fps             | 64        |
|    time_elapsed    | 3625      |
|    total_timesteps | 232795    |
| train/             |           |
|    actor_loss      | -2.03e+03 |
|    critic_loss     | 8.08      |
|    ent_coef        | 0.291     |
|    ent_coef_loss   | -0.187    |
|    learning_rate   | 0.0003    |
|    n_updates       | 231794    |
----------------------------------
----------------------------------
| rollout/           |           |
|    ep_len_mean     | 976       |
|    ep_rew_mean     | 2e+04     |
| time/              |           |
|    episodes        | 260       |
|    fps             | 64        |
|    time_elapsed    | 3670      |
|    total_timesteps | 234948    |
| train/             |           |
|    actor_loss      | -2.03e+03 |
|    critic_loss     | 6.76      |
|    ent_coef        | 0.29      |
|    ent_coef_loss   | 0.0627    |
|    learning_rate   | 0.0003    |
|    n_updates       | 233947    |
----------------------------------
----------------------------------
| rollout/           |           |
|    ep_len_mean     | 976       |
|    ep_rew_mean     | 2e+04     |
| time/              |           |
|    episodes        | 264       |
|    fps             | 63        |
|    time_elapsed    | 3749      |
|    total_timesteps | 238948    |
| train/             |           |
|    actor_loss      | -2.05e+03 |
|    critic_loss     | 14.2      |
|    ent_coef        | 0.279     |
|    ent_coef_loss   | 0.257     |
|    learning_rate   | 0.0003    |
|    n_updates       | 237947    |
----------------------------------
----------------------------------
| rollout/           |           |
|    ep_len_mean     | 976       |
|    ep_rew_mean     | 2.01e+04  |
| time/              |           |
|    episodes        | 268       |
|    fps             | 63        |
|    time_elapsed    | 3826      |
|    total_timesteps | 242948    |
| train/             |           |
|    actor_loss      | -2.05e+03 |
|    critic_loss     | 6.43      |
|    ent_coef        | 0.275     |
|    ent_coef_loss   | 0.103     |
|    learning_rate   | 0.0003    |
|    n_updates       | 241947    |
----------------------------------
----------------------------------
| rollout/           |           |
|    ep_len_mean     | 976       |
|    ep_rew_mean     | 2.02e+04  |
| time/              |           |
|    episodes        | 272       |
|    fps             | 63        |
|    time_elapsed    | 3907      |
|    total_timesteps | 246948    |
| train/             |           |
|    actor_loss      | -2.07e+03 |
|    critic_loss     | 4.32      |
|    ent_coef        | 0.277     |
|    ent_coef_loss   | -0.0835   |
|    learning_rate   | 0.0003    |
|    n_updates       | 245947    |
----------------------------------
----------------------------------
| rollout/           |           |
|    ep_len_mean     | 976       |
|    ep_rew_mean     | 2.02e+04  |
| time/              |           |
|    episodes        | 276       |
|    fps             | 62        |
|    time_elapsed    | 3993      |
|    total_timesteps | 250948    |
| train/             |           |
|    actor_loss      | -2.07e+03 |
|    critic_loss     | 3.52      |
|    ent_coef        | 0.271     |
|    ent_coef_loss   | -0.202    |
|    learning_rate   | 0.0003    |
|    n_updates       | 249947    |
----------------------------------
----------------------------------
| rollout/           |           |
|    ep_len_mean     | 976       |
|    ep_rew_mean     | 2.03e+04  |
| time/              |           |
|    episodes        | 280       |
|    fps             | 62        |
|    time_elapsed    | 4079      |
|    total_timesteps | 254948    |
| train/             |           |
|    actor_loss      | -2.08e+03 |
|    critic_loss     | 3.93      |
|    ent_coef        | 0.256     |
|    ent_coef_loss   | -0.0224   |
|    learning_rate   | 0.0003    |
|    n_updates       | 253947    |
----------------------------------
----------------------------------
| rollout/           |           |
|    ep_len_mean     | 976       |
|    ep_rew_mean     | 2.03e+04  |
| time/              |           |
|    episodes        | 284       |
|    fps             | 62        |
|    time_elapsed    | 4155      |
|    total_timesteps | 258948    |
| train/             |           |
|    actor_loss      | -2.08e+03 |
|    critic_loss     | 2.13      |
|    ent_coef        | 0.265     |
|    ent_coef_loss   | 0.0445    |
|    learning_rate   | 0.0003    |
|    n_updates       | 257947    |
----------------------------------
----------------------------------
| rollout/           |           |
|    ep_len_mean     | 968       |
|    ep_rew_mean     | 2.02e+04  |
| time/              |           |
|    episodes        | 288       |
|    fps             | 62        |
|    time_elapsed    | 4214      |
|    total_timesteps | 262119    |
| train/             |           |
|    actor_loss      | -2.08e+03 |
|    critic_loss     | 4.34      |
|    ent_coef        | 0.28      |
|    ent_coef_loss   | -0.127    |
|    learning_rate   | 0.0003    |
|    n_updates       | 261118    |
----------------------------------
---------------------------------
| rollout/           |          |
|    ep_len_mean     | 968      |
|    ep_rew_mean     | 2.02e+04 |
| time/              |          |
|    episodes        | 292      |
|    fps             | 62       |
|    time_elapsed    | 4291     |
|    total_timesteps | 266119   |
| train/             |          |
|    actor_loss      | -2.1e+03 |
|    critic_loss     | 5.41     |
|    ent_coef        | 0.266    |
|    ent_coef_loss   | -0.0404  |
|    learning_rate   | 0.0003   |
|    n_updates       | 265118   |
---------------------------------
----------------------------------
| rollout/           |           |
|    ep_len_mean     | 968       |
|    ep_rew_mean     | 2.03e+04  |
| time/              |           |
|    episodes        | 296       |
|    fps             | 61        |
|    time_elapsed    | 4367      |
|    total_timesteps | 270119    |
| train/             |           |
|    actor_loss      | -2.09e+03 |
|    critic_loss     | 4.17      |
|    ent_coef        | 0.251     |
|    ent_coef_loss   | -0.294    |
|    learning_rate   | 0.0003    |
|    n_updates       | 269118    |
----------------------------------
---------------------------------
| rollout/           |          |
|    ep_len_mean     | 968      |
|    ep_rew_mean     | 2.03e+04 |
| time/              |          |
|    episodes        | 300      |
|    fps             | 61       |
|    time_elapsed    | 4451     |
|    total_timesteps | 274119   |
| train/             |          |
|    actor_loss      | -2.1e+03 |
|    critic_loss     | 3.2      |
|    ent_coef        | 0.265    |
|    ent_coef_loss   | -0.234   |
|    learning_rate   | 0.0003   |
|    n_updates       | 273118   |
---------------------------------
----------------------------------
| rollout/           |           |
|    ep_len_mean     | 968       |
|    ep_rew_mean     | 2.04e+04  |
| time/              |           |
|    episodes        | 304       |
|    fps             | 61        |
|    time_elapsed    | 4536      |
|    total_timesteps | 278119    |
| train/             |           |
|    actor_loss      | -2.12e+03 |
|    critic_loss     | 4.45      |
|    ent_coef        | 0.258     |
|    ent_coef_loss   | -0.012    |
|    learning_rate   | 0.0003    |
|    n_updates       | 277118    |
----------------------------------
----------------------------------
| rollout/           |           |
|    ep_len_mean     | 968       |
|    ep_rew_mean     | 2.04e+04  |
| time/              |           |
|    episodes        | 308       |
|    fps             | 61        |
|    time_elapsed    | 4621      |
|    total_timesteps | 282119    |
| train/             |           |
|    actor_loss      | -2.14e+03 |
|    critic_loss     | 2.14      |
|    ent_coef        | 0.249     |
|    ent_coef_loss   | -0.141    |
|    learning_rate   | 0.0003    |
|    n_updates       | 281118    |
----------------------------------
---------------------------------
| rollout/           |          |
|    ep_len_mean     | 968      |
|    ep_rew_mean     | 2.05e+04 |
| time/              |          |
|    episodes        | 312      |
|    fps             | 60       |
|    time_elapsed    | 4705     |
|    total_timesteps | 286119   |
| train/             |          |
|    actor_loss      | -2.1e+03 |
|    critic_loss     | 8.31     |
|    ent_coef        | 0.224    |
|    ent_coef_loss   | 0.284    |
|    learning_rate   | 0.0003   |
|    n_updates       | 285118   |
---------------------------------
----------------------------------
| rollout/           |           |
|    ep_len_mean     | 956       |
|    ep_rew_mean     | 2.02e+04  |
| time/              |           |
|    episodes        | 316       |
|    fps             | 60        |
|    time_elapsed    | 4762      |
|    total_timesteps | 288979    |
| train/             |           |
|    actor_loss      | -2.11e+03 |
|    critic_loss     | 2.4       |
|    ent_coef        | 0.233     |
|    ent_coef_loss   | 0.172     |
|    learning_rate   | 0.0003    |
|    n_updates       | 287978    |
----------------------------------
----------------------------------
| rollout/           |           |
|    ep_len_mean     | 956       |
|    ep_rew_mean     | 2.03e+04  |
| time/              |           |
|    episodes        | 320       |
|    fps             | 60        |
|    time_elapsed    | 4842      |
|    total_timesteps | 292979    |
| train/             |           |
|    actor_loss      | -2.12e+03 |
|    critic_loss     | 3.08      |
|    ent_coef        | 0.238     |
|    ent_coef_loss   | 0.0597    |
|    learning_rate   | 0.0003    |
|    n_updates       | 291978    |
----------------------------------
----------------------------------
| rollout/           |           |
|    ep_len_mean     | 956       |
|    ep_rew_mean     | 2.03e+04  |
| time/              |           |
|    episodes        | 324       |
|    fps             | 60        |
|    time_elapsed    | 4923      |
|    total_timesteps | 296979    |
| train/             |           |
|    actor_loss      | -2.12e+03 |
|    critic_loss     | 4.61      |
|    ent_coef        | 0.3       |
|    ent_coef_loss   | 0.431     |
|    learning_rate   | 0.0003    |
|    n_updates       | 295978    |
----------------------------------
----------------------------------
| rollout/           |           |
|    ep_len_mean     | 956       |
|    ep_rew_mean     | 2.03e+04  |
| time/              |           |
|    episodes        | 328       |
|    fps             | 60        |
|    time_elapsed    | 4999      |
|    total_timesteps | 300979    |
| train/             |           |
|    actor_loss      | -2.11e+03 |
|    critic_loss     | 28.6      |
|    ent_coef        | 0.262     |
|    ent_coef_loss   | 0.0392    |
|    learning_rate   | 0.0003    |
|    n_updates       | 299978    |
----------------------------------
----------------------------------
| rollout/           |           |
|    ep_len_mean     | 956       |
|    ep_rew_mean     | 2.04e+04  |
| time/              |           |
|    episodes        | 332       |
|    fps             | 60        |
|    time_elapsed    | 5076      |
|    total_timesteps | 304979    |
| train/             |           |
|    actor_loss      | -2.13e+03 |
|    critic_loss     | 4.48      |
|    ent_coef        | 0.268     |
|    ent_coef_loss   | 0.312     |
|    learning_rate   | 0.0003    |
|    n_updates       | 303978    |
----------------------------------
----------------------------------
| rollout/           |           |
|    ep_len_mean     | 956       |
|    ep_rew_mean     | 2.04e+04  |
| time/              |           |
|    episodes        | 336       |
|    fps             | 59        |
|    time_elapsed    | 5153      |
|    total_timesteps | 308979    |
| train/             |           |
|    actor_loss      | -2.14e+03 |
|    critic_loss     | 7.39      |
|    ent_coef        | 0.259     |
|    ent_coef_loss   | 0.0509    |
|    learning_rate   | 0.0003    |
|    n_updates       | 307978    |
----------------------------------
----------------------------------
| rollout/           |           |
|    ep_len_mean     | 962       |
|    ep_rew_mean     | 2.06e+04  |
| time/              |           |
|    episodes        | 340       |
|    fps             | 59        |
|    time_elapsed    | 5230      |
|    total_timesteps | 312979    |
| train/             |           |
|    actor_loss      | -2.13e+03 |
|    critic_loss     | 27.7      |
|    ent_coef        | 0.278     |
|    ent_coef_loss   | 0.0214    |
|    learning_rate   | 0.0003    |
|    n_updates       | 311978    |
----------------------------------
----------------------------------
| rollout/           |           |
|    ep_len_mean     | 962       |
|    ep_rew_mean     | 2.06e+04  |
| time/              |           |
|    episodes        | 344       |
|    fps             | 59        |
|    time_elapsed    | 5306      |
|    total_timesteps | 316979    |
| train/             |           |
|    actor_loss      | -2.14e+03 |
|    critic_loss     | 2.41      |
|    ent_coef        | 0.258     |
|    ent_coef_loss   | 0.173     |
|    learning_rate   | 0.0003    |
|    n_updates       | 315978    |
----------------------------------
----------------------------------
| rollout/           |           |
|    ep_len_mean     | 962       |
|    ep_rew_mean     | 2.06e+04  |
| time/              |           |
|    episodes        | 348       |
|    fps             | 59        |
|    time_elapsed    | 5383      |
|    total_timesteps | 320979    |
| train/             |           |
|    actor_loss      | -2.14e+03 |
|    critic_loss     | 8.94      |
|    ent_coef        | 0.256     |
|    ent_coef_loss   | -0.0791   |
|    learning_rate   | 0.0003    |
|    n_updates       | 319978    |
----------------------------------
----------------------------------
| rollout/           |           |
|    ep_len_mean     | 962       |
|    ep_rew_mean     | 2.06e+04  |
| time/              |           |
|    episodes        | 352       |
|    fps             | 59        |
|    time_elapsed    | 5460      |
|    total_timesteps | 324979    |
| train/             |           |
|    actor_loss      | -2.14e+03 |
|    critic_loss     | 6.45      |
|    ent_coef        | 0.261     |
|    ent_coef_loss   | 0.0609    |
|    learning_rate   | 0.0003    |
|    n_updates       | 323978    |
----------------------------------
----------------------------------
| rollout/           |           |
|    ep_len_mean     | 962       |
|    ep_rew_mean     | 2.06e+04  |
| time/              |           |
|    episodes        | 356       |
|    fps             | 59        |
|    time_elapsed    | 5537      |
|    total_timesteps | 328979    |
| train/             |           |
|    actor_loss      | -2.14e+03 |
|    critic_loss     | 20.2      |
|    ent_coef        | 0.252     |
|    ent_coef_loss   | -0.473    |
|    learning_rate   | 0.0003    |
|    n_updates       | 327978    |
----------------------------------
----------------------------------
| rollout/           |           |
|    ep_len_mean     | 980       |
|    ep_rew_mean     | 2.1e+04   |
| time/              |           |
|    episodes        | 360       |
|    fps             | 59        |
|    time_elapsed    | 5614      |
|    total_timesteps | 332979    |
| train/             |           |
|    actor_loss      | -2.15e+03 |
|    critic_loss     | 6.34      |
|    ent_coef        | 0.27      |
|    ent_coef_loss   | -0.0357   |
|    learning_rate   | 0.0003    |
|    n_updates       | 331978    |
----------------------------------
----------------------------------
| rollout/           |           |
|    ep_len_mean     | 980       |
|    ep_rew_mean     | 2.11e+04  |
| time/              |           |
|    episodes        | 364       |
|    fps             | 59        |
|    time_elapsed    | 5692      |
|    total_timesteps | 336979    |
| train/             |           |
|    actor_loss      | -2.15e+03 |
|    critic_loss     | 1.6       |
|    ent_coef        | 0.236     |
|    ent_coef_loss   | -0.372    |
|    learning_rate   | 0.0003    |
|    n_updates       | 335978    |
----------------------------------
----------------------------------
| rollout/           |           |
|    ep_len_mean     | 980       |
|    ep_rew_mean     | 2.11e+04  |
| time/              |           |
|    episodes        | 368       |
|    fps             | 59        |
|    time_elapsed    | 5770      |
|    total_timesteps | 340979    |
| train/             |           |
|    actor_loss      | -2.17e+03 |
|    critic_loss     | 1.63      |
|    ent_coef        | 0.224     |
|    ent_coef_loss   | -0.32     |
|    learning_rate   | 0.0003    |
|    n_updates       | 339978    |
----------------------------------
----------------------------------
| rollout/           |           |
|    ep_len_mean     | 980       |
|    ep_rew_mean     | 2.11e+04  |
| time/              |           |
|    episodes        | 372       |
|    fps             | 58        |
|    time_elapsed    | 5849      |
|    total_timesteps | 344979    |
| train/             |           |
|    actor_loss      | -2.16e+03 |
|    critic_loss     | 1.65      |
|    ent_coef        | 0.222     |
|    ent_coef_loss   | -0.667    |
|    learning_rate   | 0.0003    |
|    n_updates       | 343978    |
----------------------------------
----------------------------------
| rollout/           |           |
|    ep_len_mean     | 980       |
|    ep_rew_mean     | 2.11e+04  |
| time/              |           |
|    episodes        | 376       |
|    fps             | 58        |
|    time_elapsed    | 5928      |
|    total_timesteps | 348979    |
| train/             |           |
|    actor_loss      | -2.15e+03 |
|    critic_loss     | 2.72      |
|    ent_coef        | 0.229     |
|    ent_coef_loss   | -0.124    |
|    learning_rate   | 0.0003    |
|    n_updates       | 347978    |
----------------------------------
----------------------------------
| rollout/           |           |
|    ep_len_mean     | 980       |
|    ep_rew_mean     | 2.11e+04  |
| time/              |           |
|    episodes        | 380       |
|    fps             | 58        |
|    time_elapsed    | 6008      |
|    total_timesteps | 352979    |
| train/             |           |
|    actor_loss      | -2.16e+03 |
|    critic_loss     | 3.08      |
|    ent_coef        | 0.235     |
|    ent_coef_loss   | 0.0188    |
|    learning_rate   | 0.0003    |
|    n_updates       | 351978    |
----------------------------------
----------------------------------
| rollout/           |           |
|    ep_len_mean     | 972       |
|    ep_rew_mean     | 2.09e+04  |
| time/              |           |
|    episodes        | 384       |
|    fps             | 58        |
|    time_elapsed    | 6072      |
|    total_timesteps | 356185    |
| train/             |           |
|    actor_loss      | -2.17e+03 |
|    critic_loss     | 2.54      |
|    ent_coef        | 0.217     |
|    ent_coef_loss   | 0.244     |
|    learning_rate   | 0.0003    |
|    n_updates       | 355184    |
----------------------------------
----------------------------------
| rollout/           |           |
|    ep_len_mean     | 981       |
|    ep_rew_mean     | 2.11e+04  |
| time/              |           |
|    episodes        | 388       |
|    fps             | 58        |
|    time_elapsed    | 6151      |
|    total_timesteps | 360185    |
| train/             |           |
|    actor_loss      | -2.16e+03 |
|    critic_loss     | 10.2      |
|    ent_coef        | 0.239     |
|    ent_coef_loss   | -0.323    |
|    learning_rate   | 0.0003    |
|    n_updates       | 359184    |
----------------------------------
----------------------------------
| rollout/           |           |
|    ep_len_mean     | 981       |
|    ep_rew_mean     | 2.11e+04  |
| time/              |           |
|    episodes        | 392       |
|    fps             | 58        |
|    time_elapsed    | 6231      |
|    total_timesteps | 364185    |
| train/             |           |
|    actor_loss      | -2.17e+03 |
|    critic_loss     | 1.4       |
|    ent_coef        | 0.23      |
|    ent_coef_loss   | -0.187    |
|    learning_rate   | 0.0003    |
|    n_updates       | 363184    |
----------------------------------
----------------------------------
| rollout/           |           |
|    ep_len_mean     | 981       |
|    ep_rew_mean     | 2.11e+04  |
| time/              |           |
|    episodes        | 396       |
|    fps             | 58        |
|    time_elapsed    | 6311      |
|    total_timesteps | 368185    |
| train/             |           |
|    actor_loss      | -2.17e+03 |
|    critic_loss     | 2.4       |
|    ent_coef        | 0.223     |
|    ent_coef_loss   | 0.359     |
|    learning_rate   | 0.0003    |
|    n_updates       | 367184    |
----------------------------------
----------------------------------
| rollout/           |           |
|    ep_len_mean     | 981       |
|    ep_rew_mean     | 2.11e+04  |
| time/              |           |
|    episodes        | 400       |
|    fps             | 58        |
|    time_elapsed    | 6390      |
|    total_timesteps | 372185    |
| train/             |           |
|    actor_loss      | -2.18e+03 |
|    critic_loss     | 1.72      |
|    ent_coef        | 0.223     |
|    ent_coef_loss   | 0.261     |
|    learning_rate   | 0.0003    |
|    n_updates       | 371184    |
----------------------------------
----------------------------------
| rollout/           |           |
|    ep_len_mean     | 981       |
|    ep_rew_mean     | 2.11e+04  |
| time/              |           |
|    episodes        | 404       |
|    fps             | 58        |
|    time_elapsed    | 6469      |
|    total_timesteps | 376185    |
| train/             |           |
|    actor_loss      | -2.19e+03 |
|    critic_loss     | 1.37      |
|    ent_coef        | 0.204     |
|    ent_coef_loss   | -0.0992   |
|    learning_rate   | 0.0003    |
|    n_updates       | 375184    |
----------------------------------
----------------------------------
| rollout/           |           |
|    ep_len_mean     | 981       |
|    ep_rew_mean     | 2.12e+04  |
| time/              |           |
|    episodes        | 408       |
|    fps             | 58        |
|    time_elapsed    | 6548      |
|    total_timesteps | 380185    |
| train/             |           |
|    actor_loss      | -2.17e+03 |
|    critic_loss     | 9.14      |
|    ent_coef        | 0.236     |
|    ent_coef_loss   | -0.0615   |
|    learning_rate   | 0.0003    |
|    n_updates       | 379184    |
----------------------------------
----------------------------------
| rollout/           |           |
|    ep_len_mean     | 981       |
|    ep_rew_mean     | 2.12e+04  |
| time/              |           |
|    episodes        | 412       |
|    fps             | 57        |
|    time_elapsed    | 6627      |
|    total_timesteps | 384185    |
| train/             |           |
|    actor_loss      | -2.18e+03 |
|    critic_loss     | 6.41      |
|    ent_coef        | 0.206     |
|    ent_coef_loss   | -0.0624   |
|    learning_rate   | 0.0003    |
|    n_updates       | 383184    |
----------------------------------
----------------------------------
| rollout/           |           |
|    ep_len_mean     | 992       |
|    ep_rew_mean     | 2.14e+04  |
| time/              |           |
|    episodes        | 416       |
|    fps             | 57        |
|    time_elapsed    | 6707      |
|    total_timesteps | 388185    |
| train/             |           |
|    actor_loss      | -2.18e+03 |
|    critic_loss     | 3.28      |
|    ent_coef        | 0.204     |
|    ent_coef_loss   | 0.0388    |
|    learning_rate   | 0.0003    |
|    n_updates       | 387184    |
----------------------------------
----------------------------------
| rollout/           |           |
|    ep_len_mean     | 992       |
|    ep_rew_mean     | 2.14e+04  |
| time/              |           |
|    episodes        | 420       |
|    fps             | 57        |
|    time_elapsed    | 6787      |
|    total_timesteps | 392185    |
| train/             |           |
|    actor_loss      | -2.19e+03 |
|    critic_loss     | 1.51      |
|    ent_coef        | 0.186     |
|    ent_coef_loss   | -0.24     |
|    learning_rate   | 0.0003    |
|    n_updates       | 391184    |
----------------------------------
----------------------------------
| rollout/           |           |
|    ep_len_mean     | 992       |
|    ep_rew_mean     | 2.14e+04  |
| time/              |           |
|    episodes        | 424       |
|    fps             | 57        |
|    time_elapsed    | 6869      |
|    total_timesteps | 396185    |
| train/             |           |
|    actor_loss      | -2.17e+03 |
|    critic_loss     | 1.25      |
|    ent_coef        | 0.235     |
|    ent_coef_loss   | -0.0956   |
|    learning_rate   | 0.0003    |
|    n_updates       | 395184    |
----------------------------------
----------------------------------
| rollout/           |           |
|    ep_len_mean     | 992       |
|    ep_rew_mean     | 2.14e+04  |
| time/              |           |
|    episodes        | 428       |
|    fps             | 57        |
|    time_elapsed    | 6955      |
|    total_timesteps | 400185    |
| train/             |           |
|    actor_loss      | -2.19e+03 |
|    critic_loss     | 7.95      |
|    ent_coef        | 0.213     |
|    ent_coef_loss   | -0.0364   |
|    learning_rate   | 0.0003    |
|    n_updates       | 399184    |
----------------------------------
----------------------------------
| rollout/           |           |
|    ep_len_mean     | 992       |
|    ep_rew_mean     | 2.14e+04  |
| time/              |           |
|    episodes        | 432       |
|    fps             | 57        |
|    time_elapsed    | 7037      |
|    total_timesteps | 404185    |
| train/             |           |
|    actor_loss      | -2.18e+03 |
|    critic_loss     | 10.7      |
|    ent_coef        | 0.197     |
|    ent_coef_loss   | -0.409    |
|    learning_rate   | 0.0003    |
|    n_updates       | 403184    |
----------------------------------
----------------------------------
| rollout/           |           |
|    ep_len_mean     | 992       |
|    ep_rew_mean     | 2.14e+04  |
| time/              |           |
|    episodes        | 436       |
|    fps             | 57        |
|    time_elapsed    | 7116      |
|    total_timesteps | 408185    |
| train/             |           |
|    actor_loss      | -2.19e+03 |
|    critic_loss     | 3.18      |
|    ent_coef        | 0.209     |
|    ent_coef_loss   | 0.0924    |
|    learning_rate   | 0.0003    |
|    n_updates       | 407184    |
----------------------------------
----------------------------------
| rollout/           |           |
|    ep_len_mean     | 992       |
|    ep_rew_mean     | 2.14e+04  |
| time/              |           |
|    episodes        | 440       |
|    fps             | 57        |
|    time_elapsed    | 7194      |
|    total_timesteps | 412185    |
| train/             |           |
|    actor_loss      | -2.19e+03 |
|    critic_loss     | 10.4      |
|    ent_coef        | 0.201     |
|    ent_coef_loss   | -0.827    |
|    learning_rate   | 0.0003    |
|    n_updates       | 411184    |
----------------------------------
----------------------------------
| rollout/           |           |
|    ep_len_mean     | 992       |
|    ep_rew_mean     | 2.14e+04  |
| time/              |           |
|    episodes        | 444       |
|    fps             | 57        |
|    time_elapsed    | 7253      |
|    total_timesteps | 416185    |
| train/             |           |
|    actor_loss      | -2.18e+03 |
|    critic_loss     | 1.18      |
|    ent_coef        | 0.166     |
|    ent_coef_loss   | -0.231    |
|    learning_rate   | 0.0003    |
|    n_updates       | 415184    |
----------------------------------
----------------------------------
| rollout/           |           |
|    ep_len_mean     | 992       |
|    ep_rew_mean     | 2.14e+04  |
| time/              |           |
|    episodes        | 448       |
|    fps             | 57        |
|    time_elapsed    | 7310      |
|    total_timesteps | 420185    |
| train/             |           |
|    actor_loss      | -2.21e+03 |
|    critic_loss     | 1.05      |
|    ent_coef        | 0.177     |
|    ent_coef_loss   | 0.783     |
|    learning_rate   | 0.0003    |
|    n_updates       | 419184    |
----------------------------------
----------------------------------
| rollout/           |           |
|    ep_len_mean     | 992       |
|    ep_rew_mean     | 2.15e+04  |
| time/              |           |
|    episodes        | 452       |
|    fps             | 57        |
|    time_elapsed    | 7369      |
|    total_timesteps | 424185    |
| train/             |           |
|    actor_loss      | -2.18e+03 |
|    critic_loss     | 3.38      |
|    ent_coef        | 0.18      |
|    ent_coef_loss   | -0.137    |
|    learning_rate   | 0.0003    |
|    n_updates       | 423184    |
----------------------------------
---------------------------------
| rollout/           |          |
|    ep_len_mean     | 992      |
|    ep_rew_mean     | 2.15e+04 |
| time/              |          |
|    episodes        | 456      |
|    fps             | 57       |
|    time_elapsed    | 7429     |
|    total_timesteps | 428185   |
| train/             |          |
|    actor_loss      | -2.2e+03 |
|    critic_loss     | 2.73     |
|    ent_coef        | 0.187    |
|    ent_coef_loss   | -0.127   |
|    learning_rate   | 0.0003   |
|    n_updates       | 427184   |
---------------------------------
----------------------------------
| rollout/           |           |
|    ep_len_mean     | 992       |
|    ep_rew_mean     | 2.15e+04  |
| time/              |           |
|    episodes        | 460       |
|    fps             | 57        |
|    time_elapsed    | 7487      |
|    total_timesteps | 432185    |
| train/             |           |
|    actor_loss      | -2.21e+03 |
|    critic_loss     | 3.47      |
|    ent_coef        | 0.199     |
|    ent_coef_loss   | 0.95      |
|    learning_rate   | 0.0003    |
|    n_updates       | 431184    |
----------------------------------
----------------------------------
| rollout/           |           |
|    ep_len_mean     | 992       |
|    ep_rew_mean     | 2.15e+04  |
| time/              |           |
|    episodes        | 464       |
|    fps             | 57        |
|    time_elapsed    | 7546      |
|    total_timesteps | 436185    |
| train/             |           |
|    actor_loss      | -2.19e+03 |
|    critic_loss     | 6.59      |
|    ent_coef        | 0.17      |
|    ent_coef_loss   | 0.126     |
|    learning_rate   | 0.0003    |
|    n_updates       | 435184    |
----------------------------------
----------------------------------
| rollout/           |           |
|    ep_len_mean     | 992       |
|    ep_rew_mean     | 2.15e+04  |
| time/              |           |
|    episodes        | 468       |
|    fps             | 57        |
|    time_elapsed    | 7605      |
|    total_timesteps | 440185    |
| train/             |           |
|    actor_loss      | -2.19e+03 |
|    critic_loss     | 2.31      |
|    ent_coef        | 0.159     |
|    ent_coef_loss   | -0.452    |
|    learning_rate   | 0.0003    |
|    n_updates       | 439184    |
----------------------------------
----------------------------------
| rollout/           |           |
|    ep_len_mean     | 992       |
|    ep_rew_mean     | 2.15e+04  |
| time/              |           |
|    episodes        | 472       |
|    fps             | 57        |
|    time_elapsed    | 7663      |
|    total_timesteps | 444185    |
| train/             |           |
|    actor_loss      | -2.21e+03 |
|    critic_loss     | 0.777     |
|    ent_coef        | 0.184     |
|    ent_coef_loss   | 0.23      |
|    learning_rate   | 0.0003    |
|    n_updates       | 443184    |
----------------------------------
---------------------------------
| rollout/           |          |
|    ep_len_mean     | 992      |
|    ep_rew_mean     | 2.15e+04 |
| time/              |          |
|    episodes        | 476      |
|    fps             | 58       |
|    time_elapsed    | 7719     |
|    total_timesteps | 448185   |
| train/             |          |
|    actor_loss      | -2.2e+03 |
|    critic_loss     | 15.9     |
|    ent_coef        | 0.192    |
|    ent_coef_loss   | -0.351   |
|    learning_rate   | 0.0003   |
|    n_updates       | 447184   |
---------------------------------
---------------------------------
| rollout/           |          |
|    ep_len_mean     | 992      |
|    ep_rew_mean     | 2.15e+04 |
| time/              |          |
|    episodes        | 480      |
|    fps             | 58       |
|    time_elapsed    | 7774     |
|    total_timesteps | 452185   |
| train/             |          |
|    actor_loss      | -2.2e+03 |
|    critic_loss     | 0.779    |
|    ent_coef        | 0.151    |
|    ent_coef_loss   | -0.0806  |
|    learning_rate   | 0.0003   |
|    n_updates       | 451184   |
---------------------------------
----------------------------------
| rollout/           |           |
|    ep_len_mean     | 1e+03     |
|    ep_rew_mean     | 2.17e+04  |
| time/              |           |
|    episodes        | 484       |
|    fps             | 58        |
|    time_elapsed    | 7830      |
|    total_timesteps | 456185    |
| train/             |           |
|    actor_loss      | -2.19e+03 |
|    critic_loss     | 1.01      |
|    ent_coef        | 0.163     |
|    ent_coef_loss   | -0.255    |
|    learning_rate   | 0.0003    |
|    n_updates       | 455184    |
----------------------------------
----------------------------------
| rollout/           |           |
|    ep_len_mean     | 1e+03     |
|    ep_rew_mean     | 2.17e+04  |
| time/              |           |
|    episodes        | 488       |
|    fps             | 58        |
|    time_elapsed    | 7883      |
|    total_timesteps | 460185    |
| train/             |           |
|    actor_loss      | -2.21e+03 |
|    critic_loss     | 304       |
|    ent_coef        | 0.175     |
|    ent_coef_loss   | 0.057     |
|    learning_rate   | 0.0003    |
|    n_updates       | 459184    |
----------------------------------
----------------------------------
| rollout/           |           |
|    ep_len_mean     | 1e+03     |
|    ep_rew_mean     | 2.17e+04  |
| time/              |           |
|    episodes        | 492       |
|    fps             | 58        |
|    time_elapsed    | 7938      |
|    total_timesteps | 464185    |
| train/             |           |
|    actor_loss      | -2.21e+03 |
|    critic_loss     | 0.82      |
|    ent_coef        | 0.149     |
|    ent_coef_loss   | -0.162    |
|    learning_rate   | 0.0003    |
|    n_updates       | 463184    |
----------------------------------
---------------------------------
| rollout/           |          |
|    ep_len_mean     | 1e+03    |
|    ep_rew_mean     | 2.17e+04 |
| time/              |          |
|    episodes        | 496      |
|    fps             | 58       |
|    time_elapsed    | 7994     |
|    total_timesteps | 468185   |
| train/             |          |
|    actor_loss      | -2.2e+03 |
|    critic_loss     | 4.71     |
|    ent_coef        | 0.163    |
|    ent_coef_loss   | -0.28    |
|    learning_rate   | 0.0003   |
|    n_updates       | 467184   |
---------------------------------
----------------------------------
| rollout/           |           |
|    ep_len_mean     | 1e+03     |
|    ep_rew_mean     | 2.17e+04  |
| time/              |           |
|    episodes        | 500       |
|    fps             | 58        |
|    time_elapsed    | 8053      |
|    total_timesteps | 472185    |
| train/             |           |
|    actor_loss      | -2.21e+03 |
|    critic_loss     | 1.82      |
|    ent_coef        | 0.158     |
|    ent_coef_loss   | 0.664     |
|    learning_rate   | 0.0003    |
|    n_updates       | 471184    |
----------------------------------
----------------------------------
| rollout/           |           |
|    ep_len_mean     | 1e+03     |
|    ep_rew_mean     | 2.17e+04  |
| time/              |           |
|    episodes        | 504       |
|    fps             | 58        |
|    time_elapsed    | 8113      |
|    total_timesteps | 476185    |
| train/             |           |
|    actor_loss      | -2.22e+03 |
|    critic_loss     | 0.706     |
|    ent_coef        | 0.155     |
|    ent_coef_loss   | 0.0664    |
|    learning_rate   | 0.0003    |
|    n_updates       | 475184    |
----------------------------------
----------------------------------
| rollout/           |           |
|    ep_len_mean     | 1e+03     |
|    ep_rew_mean     | 2.17e+04  |
| time/              |           |
|    episodes        | 508       |
|    fps             | 58        |
|    time_elapsed    | 8173      |
|    total_timesteps | 480185    |
| train/             |           |
|    actor_loss      | -2.21e+03 |
|    critic_loss     | 1.47      |
|    ent_coef        | 0.166     |
|    ent_coef_loss   | 0.341     |
|    learning_rate   | 0.0003    |
|    n_updates       | 479184    |
----------------------------------
----------------------------------
| rollout/           |           |
|    ep_len_mean     | 1e+03     |
|    ep_rew_mean     | 2.17e+04  |
| time/              |           |
|    episodes        | 512       |
|    fps             | 58        |
|    time_elapsed    | 8227      |
|    total_timesteps | 484185    |
| train/             |           |
|    actor_loss      | -2.22e+03 |
|    critic_loss     | 0.66      |
|    ent_coef        | 0.148     |
|    ent_coef_loss   | 0.254     |
|    learning_rate   | 0.0003    |
|    n_updates       | 483184    |
----------------------------------
----------------------------------
| rollout/           |           |
|    ep_len_mean     | 1e+03     |
|    ep_rew_mean     | 2.17e+04  |
| time/              |           |
|    episodes        | 516       |
|    fps             | 58        |
|    time_elapsed    | 8284      |
|    total_timesteps | 488185    |
| train/             |           |
|    actor_loss      | -2.21e+03 |
|    critic_loss     | 1.47      |
|    ent_coef        | 0.148     |
|    ent_coef_loss   | -0.107    |
|    learning_rate   | 0.0003    |
|    n_updates       | 487184    |
----------------------------------
----------------------------------
| rollout/           |           |
|    ep_len_mean     | 1e+03     |
|    ep_rew_mean     | 2.17e+04  |
| time/              |           |
|    episodes        | 520       |
|    fps             | 59        |
|    time_elapsed    | 8341      |
|    total_timesteps | 492185    |
| train/             |           |
|    actor_loss      | -2.22e+03 |
|    critic_loss     | 1.08      |
|    ent_coef        | 0.154     |
|    ent_coef_loss   | -0.328    |
|    learning_rate   | 0.0003    |
|    n_updates       | 491184    |
----------------------------------
----------------------------------
| rollout/           |           |
|    ep_len_mean     | 1e+03     |
|    ep_rew_mean     | 2.17e+04  |
| time/              |           |
|    episodes        | 524       |
|    fps             | 59        |
|    time_elapsed    | 8399      |
|    total_timesteps | 496185    |
| train/             |           |
|    actor_loss      | -2.23e+03 |
|    critic_loss     | 0.658     |
|    ent_coef        | 0.135     |
|    ent_coef_loss   | 0.168     |
|    learning_rate   | 0.0003    |
|    n_updates       | 495184    |
----------------------------------
[2026-08-16T13:48:09] Training complete in 8454.6s
[2026-08-16T13:48:09] Episodes: 527
[2026-08-16T13:48:09] Best reward: 21852.27
[2026-08-16T13:48:09] Mean reward (100ep): 21750.10
[2026-08-16T13:48:09] Final goal tolerance: 0.6
[2026-08-16T13:48:09] Curriculum stage: 0
[2026-08-16T13:48:09] Saved: {'model': 'C:\\Users\\ranjo\\OneDrive\\Desktop\\ARM-Model\\project_assets\\outputs\\ActuationComparison\\muscle_500k_seed202\\sac_model', 'history': 'C:\\Users\\ranjo\\OneDrive\\Desktop\\ARM-Model\\project_assets\\outputs\\ActuationComparison\\muscle_500k_seed202\\training_history.csv', 'stats': 'C:\\Users\\ranjo\\OneDrive\\Desktop\\ARM-Model\\project_assets\\outputs\\ActuationComparison\\muscle_500k_seed202\\training_stats.json'}
[2026-08-16T13:48:09] Running Fitts' Law sweep (10 trials per condition)...
[2026-08-16T13:48:29] Fitts sweep complete in 19.6s
[2026-08-16T13:48:29] Fitts: MT = +0.0691 + +0.0436 * ID, R^2 = 0.1787 (n_conditions = 21, trials_per_condition = 10)
[2026-08-16T13:48:29] Saved: C:\Users\ranjo\OneDrive\Desktop\ARM-Model\project_assets\outputs\ActuationComparison\muscle_500k_seed202\fitts_law.json
[2026-08-16T13:48:29] Saved: C:\Users\ranjo\OneDrive\Desktop\ARM-Model\project_assets\outputs\ActuationComparison\muscle_500k_seed202\fitts_law.png
[2026-08-16T13:48:29] Running 2/3 Power Law sweep (20 trials)...
[2026-08-16T13:48:31] Power Law sweep complete in 1.3s
[2026-08-16T13:48:31] Power Law: log V = -0.3456 + -0.3518 * log C, R = -0.6439, R^2 = 0.4146 (n_samples = 3103, n_trials = 0/20)
[2026-08-16T13:48:31] Saved: C:\Users\ranjo\OneDrive\Desktop\ARM-Model\project_assets\outputs\ActuationComparison\muscle_500k_seed202\power_law.json
[2026-08-16T13:48:31] Saved: C:\Users\ranjo\OneDrive\Desktop\ARM-Model\project_assets\outputs\ActuationComparison\muscle_500k_seed202\power_law.png
[2026-08-16T13:48:31] Session complete. Total wall time: 2:21:18.090137
[2026-08-16T13:48:31] ============================================================
