[2026-06-22T12:19:08] Starting Fischer session: algorithm=SAC, timesteps=500,000, direction=EAST, actuation=muscle, waypoints=[[2.3, -1.0], [1.0, 1.5], [2.5, 0.0]]
[2026-06-22T12:19:08] Save dir: C:\Users\ranjo\OneDrive\Desktop\ARM-Model\project_assets\outputs\Parallel_Seeds\seed_001
[2026-06-22T12:19:08] Waypoint mode active: 3 waypoints, current_waypoint_index=0 at every episode reset
Using cpu device
Wrapping the env with a `Monitor` wrapper
Wrapping the env in a DummyVecEnv.
----------------------------------
| rollout/           |           |
|    ep_len_mean     | 1e+03     |
|    ep_rew_mean     | -4.05e+03 |
| time/              |           |
|    episodes        | 4         |
|    fps             | 96        |
|    time_elapsed    | 41        |
|    total_timesteps | 4000      |
| train/             |           |
|    actor_loss      | 31.2      |
|    critic_loss     | 19.5      |
|    ent_coef        | 0.415     |
|    ent_coef_loss   | -5.11     |
|    learning_rate   | 0.0003    |
|    n_updates       | 2999      |
----------------------------------
----------------------------------
| rollout/           |           |
|    ep_len_mean     | 852       |
|    ep_rew_mean     | -1.79e+03 |
| time/              |           |
|    episodes        | 8         |
|    fps             | 81        |
|    time_elapsed    | 83        |
|    total_timesteps | 6814      |
| train/             |           |
|    actor_loss      | 30.1      |
|    critic_loss     | 190       |
|    ent_coef        | 0.216     |
|    ent_coef_loss   | -3.32     |
|    learning_rate   | 0.0003    |
|    n_updates       | 5813      |
----------------------------------
---------------------------------
| rollout/           |          |
|    ep_len_mean     | 863      |
|    ep_rew_mean     | 154      |
| time/              |          |
|    episodes        | 12       |
|    fps             | 76       |
|    time_elapsed    | 136      |
|    total_timesteps | 10357    |
| train/             |          |
|    actor_loss      | -102     |
|    critic_loss     | 879      |
|    ent_coef        | 0.296    |
|    ent_coef_loss   | 0.97     |
|    learning_rate   | 0.0003   |
|    n_updates       | 9356     |
---------------------------------
---------------------------------
| rollout/           |          |
|    ep_len_mean     | 854      |
|    ep_rew_mean     | 870      |
| time/              |          |
|    episodes        | 16       |
|    fps             | 73       |
|    time_elapsed    | 184      |
|    total_timesteps | 13660    |
| train/             |          |
|    actor_loss      | -284     |
|    critic_loss     | 555      |
|    ent_coef        | 0.562    |
|    ent_coef_loss   | 0.0575   |
|    learning_rate   | 0.0003   |
|    n_updates       | 12659    |
---------------------------------
---------------------------------
| rollout/           |          |
|    ep_len_mean     | 883      |
|    ep_rew_mean     | 274      |
| time/              |          |
|    episodes        | 20       |
|    fps             | 72       |
|    time_elapsed    | 244      |
|    total_timesteps | 17660    |
| train/             |          |
|    actor_loss      | -421     |
|    critic_loss     | 390      |
|    ent_coef        | 0.722    |
|    ent_coef_loss   | -0.0572  |
|    learning_rate   | 0.0003   |
|    n_updates       | 16659    |
---------------------------------
---------------------------------
| rollout/           |          |
|    ep_len_mean     | 902      |
|    ep_rew_mean     | 584      |
| time/              |          |
|    episodes        | 24       |
|    fps             | 71       |
|    time_elapsed    | 300      |
|    total_timesteps | 21660    |
| train/             |          |
|    actor_loss      | -578     |
|    critic_loss     | 499      |
|    ent_coef        | 0.809    |
|    ent_coef_loss   | -0.0645  |
|    learning_rate   | 0.0003   |
|    n_updates       | 20659    |
---------------------------------
---------------------------------
| rollout/           |          |
|    ep_len_mean     | 916      |
|    ep_rew_mean     | 392      |
| time/              |          |
|    episodes        | 28       |
|    fps             | 71       |
|    time_elapsed    | 359      |
|    total_timesteps | 25660    |
| train/             |          |
|    actor_loss      | -771     |
|    critic_loss     | 168      |
|    ent_coef        | 0.855    |
|    ent_coef_loss   | 0.00315  |
|    learning_rate   | 0.0003   |
|    n_updates       | 24659    |
---------------------------------
---------------------------------
| rollout/           |          |
|    ep_len_mean     | 927      |
|    ep_rew_mean     | 366      |
| time/              |          |
|    episodes        | 32       |
|    fps             | 70       |
|    time_elapsed    | 419      |
|    total_timesteps | 29660    |
| train/             |          |
|    actor_loss      | -811     |
|    critic_loss     | 414      |
|    ent_coef        | 1.07     |
|    ent_coef_loss   | -0.0201  |
|    learning_rate   | 0.0003   |
|    n_updates       | 28659    |
---------------------------------
---------------------------------
| rollout/           |          |
|    ep_len_mean     | 935      |
|    ep_rew_mean     | 1.68e+03 |
| time/              |          |
|    episodes        | 36       |
|    fps             | 70       |
|    time_elapsed    | 478      |
|    total_timesteps | 33660    |
| train/             |          |
|    actor_loss      | -970     |
|    critic_loss     | 8.46e+03 |
|    ent_coef        | 1.1      |
|    ent_coef_loss   | -0.00553 |
|    learning_rate   | 0.0003   |
|    n_updates       | 32659    |
---------------------------------
---------------------------------
| rollout/           |          |
|    ep_len_mean     | 942      |
|    ep_rew_mean     | 1.51e+03 |
| time/              |          |
|    episodes        | 40       |
|    fps             | 69       |
|    time_elapsed    | 541      |
|    total_timesteps | 37660    |
| train/             |          |
|    actor_loss      | -983     |
|    critic_loss     | 186      |
|    ent_coef        | 0.896    |
|    ent_coef_loss   | 0.0286   |
|    learning_rate   | 0.0003   |
|    n_updates       | 36659    |
---------------------------------
---------------------------------
| rollout/           |          |
|    ep_len_mean     | 947      |
|    ep_rew_mean     | 1.38e+03 |
| time/              |          |
|    episodes        | 44       |
|    fps             | 69       |
|    time_elapsed    | 600      |
|    total_timesteps | 41660    |
| train/             |          |
|    actor_loss      | -975     |
|    critic_loss     | 319      |
|    ent_coef        | 0.862    |
|    ent_coef_loss   | -0.0405  |
|    learning_rate   | 0.0003   |
|    n_updates       | 40659    |
---------------------------------
---------------------------------
| rollout/           |          |
|    ep_len_mean     | 951      |
|    ep_rew_mean     | 1.28e+03 |
| time/              |          |
|    episodes        | 48       |
|    fps             | 69       |
|    time_elapsed    | 656      |
|    total_timesteps | 45660    |
| train/             |          |
|    actor_loss      | -940     |
|    critic_loss     | 118      |
|    ent_coef        | 0.762    |
|    ent_coef_loss   | -0.0279  |
|    learning_rate   | 0.0003   |
|    n_updates       | 44659    |
---------------------------------
---------------------------------
| rollout/           |          |
|    ep_len_mean     | 955      |
|    ep_rew_mean     | 1.53e+03 |
| time/              |          |
|    episodes        | 52       |
|    fps             | 69       |
|    time_elapsed    | 709      |
|    total_timesteps | 49660    |
| train/             |          |
|    actor_loss      | -912     |
|    critic_loss     | 441      |
|    ent_coef        | 0.697    |
|    ent_coef_loss   | -0.0589  |
|    learning_rate   | 0.0003   |
|    n_updates       | 48659    |
---------------------------------
---------------------------------
| rollout/           |          |
|    ep_len_mean     | 958      |
|    ep_rew_mean     | 2.2e+03  |
| time/              |          |
|    episodes        | 56       |
|    fps             | 70       |
|    time_elapsed    | 763      |
|    total_timesteps | 53660    |
| train/             |          |
|    actor_loss      | -975     |
|    critic_loss     | 116      |
|    ent_coef        | 0.747    |
|    ent_coef_loss   | -0.0312  |
|    learning_rate   | 0.0003   |
|    n_updates       | 52659    |
---------------------------------
---------------------------------
| rollout/           |          |
|    ep_len_mean     | 961      |
|    ep_rew_mean     | 2.03e+03 |
| time/              |          |
|    episodes        | 60       |
|    fps             | 70       |
|    time_elapsed    | 818      |
|    total_timesteps | 57660    |
| train/             |          |
|    actor_loss      | -872     |
|    critic_loss     | 719      |
|    ent_coef        | 0.643    |
|    ent_coef_loss   | -0.0937  |
|    learning_rate   | 0.0003   |
|    n_updates       | 56659    |
---------------------------------
---------------------------------
| rollout/           |          |
|    ep_len_mean     | 963      |
|    ep_rew_mean     | 2.04e+03 |
| time/              |          |
|    episodes        | 64       |
|    fps             | 70       |
|    time_elapsed    | 879      |
|    total_timesteps | 61660    |
| train/             |          |
|    actor_loss      | -825     |
|    critic_loss     | 68.5     |
|    ent_coef        | 0.547    |
|    ent_coef_loss   | -0.153   |
|    learning_rate   | 0.0003   |
|    n_updates       | 60659    |
---------------------------------
---------------------------------
| rollout/           |          |
|    ep_len_mean     | 966      |
|    ep_rew_mean     | 3.16e+03 |
| time/              |          |
|    episodes        | 68       |
|    fps             | 69       |
|    time_elapsed    | 940      |
|    total_timesteps | 65660    |
| train/             |          |
|    actor_loss      | -962     |
|    critic_loss     | 188      |
|    ent_coef        | 0.436    |
|    ent_coef_loss   | 0.0833   |
|    learning_rate   | 0.0003   |
|    n_updates       | 64659    |
---------------------------------
----------------------------------
| rollout/           |           |
|    ep_len_mean     | 958       |
|    ep_rew_mean     | 3.84e+03  |
| time/              |           |
|    episodes        | 72        |
|    fps             | 69        |
|    time_elapsed    | 990       |
|    total_timesteps | 68948     |
| train/             |           |
|    actor_loss      | -1.01e+03 |
|    critic_loss     | 76.2      |
|    ent_coef        | 0.502     |
|    ent_coef_loss   | -0.0328   |
|    learning_rate   | 0.0003    |
|    n_updates       | 67947     |
----------------------------------
----------------------------------
| rollout/           |           |
|    ep_len_mean     | 943       |
|    ep_rew_mean     | 4.32e+03  |
| time/              |           |
|    episodes        | 76        |
|    fps             | 69        |
|    time_elapsed    | 1031      |
|    total_timesteps | 71641     |
| train/             |           |
|    actor_loss      | -1.11e+03 |
|    critic_loss     | 2.34e+04  |
|    ent_coef        | 0.483     |
|    ent_coef_loss   | -0.0374   |
|    learning_rate   | 0.0003    |
|    n_updates       | 70640     |
----------------------------------
----------------------------------
| rollout/           |           |
|    ep_len_mean     | 946       |
|    ep_rew_mean     | 5.2e+03   |
| time/              |           |
|    episodes        | 80        |
|    fps             | 69        |
|    time_elapsed    | 1090      |
|    total_timesteps | 75641     |
| train/             |           |
|    actor_loss      | -1.14e+03 |
|    critic_loss     | 127       |
|    ent_coef        | 0.614     |
|    ent_coef_loss   | 0.028     |
|    learning_rate   | 0.0003    |
|    n_updates       | 74640     |
----------------------------------
----------------------------------
| rollout/           |           |
|    ep_len_mean     | 936       |
|    ep_rew_mean     | 5.77e+03  |
| time/              |           |
|    episodes        | 84        |
|    fps             | 68        |
|    time_elapsed    | 1141      |
|    total_timesteps | 78641     |
| train/             |           |
|    actor_loss      | -1.19e+03 |
|    critic_loss     | 775       |
|    ent_coef        | 0.563     |
|    ent_coef_loss   | 0.00337   |
|    learning_rate   | 0.0003    |
|    n_updates       | 77640     |
----------------------------------
----------------------------------
| rollout/           |           |
|    ep_len_mean     | 939       |
|    ep_rew_mean     | 6.47e+03  |
| time/              |           |
|    episodes        | 88        |
|    fps             | 68        |
|    time_elapsed    | 1204      |
|    total_timesteps | 82641     |
| train/             |           |
|    actor_loss      | -1.24e+03 |
|    critic_loss     | 63.2      |
|    ent_coef        | 0.584     |
|    ent_coef_loss   | 0.0452    |
|    learning_rate   | 0.0003    |
|    n_updates       | 81640     |
----------------------------------
----------------------------------
| rollout/           |           |
|    ep_len_mean     | 942       |
|    ep_rew_mean     | 7.25e+03  |
| time/              |           |
|    episodes        | 92        |
|    fps             | 68        |
|    time_elapsed    | 1261      |
|    total_timesteps | 86641     |
| train/             |           |
|    actor_loss      | -1.25e+03 |
|    critic_loss     | 80        |
|    ent_coef        | 0.557     |
|    ent_coef_loss   | -0.0201   |
|    learning_rate   | 0.0003    |
|    n_updates       | 85640     |
----------------------------------
----------------------------------
| rollout/           |           |
|    ep_len_mean     | 944       |
|    ep_rew_mean     | 7.98e+03  |
| time/              |           |
|    episodes        | 96        |
|    fps             | 68        |
|    time_elapsed    | 1318      |
|    total_timesteps | 90641     |
| train/             |           |
|    actor_loss      | -1.38e+03 |
|    critic_loss     | 108       |
|    ent_coef        | 0.613     |
|    ent_coef_loss   | 0.0135    |
|    learning_rate   | 0.0003    |
|    n_updates       | 89640     |
----------------------------------
----------------------------------
| rollout/           |           |
|    ep_len_mean     | 946       |
|    ep_rew_mean     | 8.64e+03  |
| time/              |           |
|    episodes        | 100       |
|    fps             | 68        |
|    time_elapsed    | 1376      |
|    total_timesteps | 94641     |
| train/             |           |
|    actor_loss      | -1.39e+03 |
|    critic_loss     | 2.25e+04  |
|    ent_coef        | 0.532     |
|    ent_coef_loss   | 0.111     |
|    learning_rate   | 0.0003    |
|    n_updates       | 93640     |
----------------------------------
----------------------------------
| rollout/           |           |
|    ep_len_mean     | 946       |
|    ep_rew_mean     | 9.58e+03  |
| time/              |           |
|    episodes        | 104       |
|    fps             | 68        |
|    time_elapsed    | 1435      |
|    total_timesteps | 98641     |
| train/             |           |
|    actor_loss      | -1.42e+03 |
|    critic_loss     | 418       |
|    ent_coef        | 0.687     |
|    ent_coef_loss   | -0.00641  |
|    learning_rate   | 0.0003    |
|    n_updates       | 97640     |
----------------------------------
----------------------------------
| rollout/           |           |
|    ep_len_mean     | 958       |
|    ep_rew_mean     | 1.04e+04  |
| time/              |           |
|    episodes        | 108       |
|    fps             | 68        |
|    time_elapsed    | 1495      |
|    total_timesteps | 102641    |
| train/             |           |
|    actor_loss      | -1.44e+03 |
|    critic_loss     | 152       |
|    ent_coef        | 0.598     |
|    ent_coef_loss   | -0.262    |
|    learning_rate   | 0.0003    |
|    n_updates       | 101640    |
----------------------------------
----------------------------------
| rollout/           |           |
|    ep_len_mean     | 963       |
|    ep_rew_mean     | 1.12e+04  |
| time/              |           |
|    episodes        | 112       |
|    fps             | 68        |
|    time_elapsed    | 1553      |
|    total_timesteps | 106641    |
| train/             |           |
|    actor_loss      | -1.58e+03 |
|    critic_loss     | 170       |
|    ent_coef        | 0.619     |
|    ent_coef_loss   | -0.131    |
|    learning_rate   | 0.0003    |
|    n_updates       | 105640    |
----------------------------------
----------------------------------
| rollout/           |           |
|    ep_len_mean     | 970       |
|    ep_rew_mean     | 1.21e+04  |
| time/              |           |
|    episodes        | 116       |
|    fps             | 68        |
|    time_elapsed    | 1614      |
|    total_timesteps | 110641    |
| train/             |           |
|    actor_loss      | -1.65e+03 |
|    critic_loss     | 59.1      |
|    ent_coef        | 0.646     |
|    ent_coef_loss   | 0.0897    |
|    learning_rate   | 0.0003    |
|    n_updates       | 109640    |
----------------------------------
----------------------------------
| rollout/           |           |
|    ep_len_mean     | 970       |
|    ep_rew_mean     | 1.33e+04  |
| time/              |           |
|    episodes        | 120       |
|    fps             | 67        |
|    time_elapsed    | 1691      |
|    total_timesteps | 114641    |
| train/             |           |
|    actor_loss      | -1.64e+03 |
|    critic_loss     | 76.9      |
|    ent_coef        | 0.641     |
|    ent_coef_loss   | -0.096    |
|    learning_rate   | 0.0003    |
|    n_updates       | 113640    |
----------------------------------
----------------------------------
| rollout/           |           |
|    ep_len_mean     | 970       |
|    ep_rew_mean     | 1.4e+04   |
| time/              |           |
|    episodes        | 124       |
|    fps             | 67        |
|    time_elapsed    | 1747      |
|    total_timesteps | 118641    |
| train/             |           |
|    actor_loss      | -1.55e+03 |
|    critic_loss     | 136       |
|    ent_coef        | 0.626     |
|    ent_coef_loss   | 0.0862    |
|    learning_rate   | 0.0003    |
|    n_updates       | 117640    |
----------------------------------
----------------------------------
| rollout/           |           |
|    ep_len_mean     | 970       |
|    ep_rew_mean     | 1.4e+04   |
| time/              |           |
|    episodes        | 128       |
|    fps             | 67        |
|    time_elapsed    | 1808      |
|    total_timesteps | 122641    |
| train/             |           |
|    actor_loss      | -1.52e+03 |
|    critic_loss     | 172       |
|    ent_coef        | 0.488     |
|    ent_coef_loss   | -0.0147   |
|    learning_rate   | 0.0003    |
|    n_updates       | 121640    |
----------------------------------
---------------------------------
| rollout/           |          |
|    ep_len_mean     | 970      |
|    ep_rew_mean     | 1.42e+04 |
| time/              |          |
|    episodes        | 132      |
|    fps             | 67       |
|    time_elapsed    | 1868     |
|    total_timesteps | 126641   |
| train/             |          |
|    actor_loss      | -1.5e+03 |
|    critic_loss     | 54.8     |
|    ent_coef        | 0.474    |
|    ent_coef_loss   | -0.0809  |
|    learning_rate   | 0.0003   |
|    n_updates       | 125640   |
---------------------------------
----------------------------------
| rollout/           |           |
|    ep_len_mean     | 970       |
|    ep_rew_mean     | 1.37e+04  |
| time/              |           |
|    episodes        | 136       |
|    fps             | 67        |
|    time_elapsed    | 1930      |
|    total_timesteps | 130641    |
| train/             |           |
|    actor_loss      | -1.51e+03 |
|    critic_loss     | 67.8      |
|    ent_coef        | 0.504     |
|    ent_coef_loss   | -0.103    |
|    learning_rate   | 0.0003    |
|    n_updates       | 129640    |
----------------------------------
----------------------------------
| rollout/           |           |
|    ep_len_mean     | 970       |
|    ep_rew_mean     | 1.42e+04  |
| time/              |           |
|    episodes        | 140       |
|    fps             | 67        |
|    time_elapsed    | 1986      |
|    total_timesteps | 134641    |
| train/             |           |
|    actor_loss      | -1.56e+03 |
|    critic_loss     | 53.5      |
|    ent_coef        | 0.574     |
|    ent_coef_loss   | 0.00692   |
|    learning_rate   | 0.0003    |
|    n_updates       | 133640    |
----------------------------------
----------------------------------
| rollout/           |           |
|    ep_len_mean     | 970       |
|    ep_rew_mean     | 1.54e+04  |
| time/              |           |
|    episodes        | 144       |
|    fps             | 67        |
|    time_elapsed    | 2046      |
|    total_timesteps | 138641    |
| train/             |           |
|    actor_loss      | -1.66e+03 |
|    critic_loss     | 170       |
|    ent_coef        | 0.63      |
|    ent_coef_loss   | -0.121    |
|    learning_rate   | 0.0003    |
|    n_updates       | 137640    |
----------------------------------
----------------------------------
| rollout/           |           |
|    ep_len_mean     | 970       |
|    ep_rew_mean     | 1.66e+04  |
| time/              |           |
|    episodes        | 148       |
|    fps             | 67        |
|    time_elapsed    | 2106      |
|    total_timesteps | 142641    |
| train/             |           |
|    actor_loss      | -1.68e+03 |
|    critic_loss     | 52.5      |
|    ent_coef        | 0.484     |
|    ent_coef_loss   | -0.135    |
|    learning_rate   | 0.0003    |
|    n_updates       | 141640    |
----------------------------------
---------------------------------
| rollout/           |          |
|    ep_len_mean     | 970      |
|    ep_rew_mean     | 1.76e+04 |
| time/              |          |
|    episodes        | 152      |
|    fps             | 67       |
|    time_elapsed    | 2167     |
|    total_timesteps | 146641   |
| train/             |          |
|    actor_loss      | -1.7e+03 |
|    critic_loss     | 48.5     |
|    ent_coef        | 0.518    |
|    ent_coef_loss   | 0.0447   |
|    learning_rate   | 0.0003   |
|    n_updates       | 145640   |
---------------------------------
---------------------------------
| rollout/           |          |
|    ep_len_mean     | 970      |
|    ep_rew_mean     | 1.83e+04 |
| time/              |          |
|    episodes        | 156      |
|    fps             | 67       |
|    time_elapsed    | 2227     |
|    total_timesteps | 150641   |
| train/             |          |
|    actor_loss      | -1.8e+03 |
|    critic_loss     | 60.4     |
|    ent_coef        | 0.528    |
|    ent_coef_loss   | 0.0368   |
|    learning_rate   | 0.0003   |
|    n_updates       | 149640   |
---------------------------------
----------------------------------
| rollout/           |           |
|    ep_len_mean     | 969       |
|    ep_rew_mean     | 1.95e+04  |
| time/              |           |
|    episodes        | 160       |
|    fps             | 67        |
|    time_elapsed    | 2285      |
|    total_timesteps | 154601    |
| train/             |           |
|    actor_loss      | -1.81e+03 |
|    critic_loss     | 71.7      |
|    ent_coef        | 0.562     |
|    ent_coef_loss   | 0.237     |
|    learning_rate   | 0.0003    |
|    n_updates       | 153600    |
----------------------------------
----------------------------------
| rollout/           |           |
|    ep_len_mean     | 969       |
|    ep_rew_mean     | 2.06e+04  |
| time/              |           |
|    episodes        | 164       |
|    fps             | 67        |
|    time_elapsed    | 2346      |
|    total_timesteps | 158601    |
| train/             |           |
|    actor_loss      | -1.81e+03 |
|    critic_loss     | 88.3      |
|    ent_coef        | 0.56      |
|    ent_coef_loss   | -0.0701   |
|    learning_rate   | 0.0003    |
|    n_updates       | 157600    |
----------------------------------
----------------------------------
| rollout/           |           |
|    ep_len_mean     | 969       |
|    ep_rew_mean     | 2.1e+04   |
| time/              |           |
|    episodes        | 168       |
|    fps             | 67        |
|    time_elapsed    | 2405      |
|    total_timesteps | 162601    |
| train/             |           |
|    actor_loss      | -1.92e+03 |
|    critic_loss     | 73.1      |
|    ent_coef        | 0.604     |
|    ent_coef_loss   | 0.0614    |
|    learning_rate   | 0.0003    |
|    n_updates       | 161600    |
----------------------------------
----------------------------------
| rollout/           |           |
|    ep_len_mean     | 977       |
|    ep_rew_mean     | 2.16e+04  |
| time/              |           |
|    episodes        | 172       |
|    fps             | 67        |
|    time_elapsed    | 2465      |
|    total_timesteps | 166601    |
| train/             |           |
|    actor_loss      | -1.99e+03 |
|    critic_loss     | 44.3      |
|    ent_coef        | 0.598     |
|    ent_coef_loss   | -0.126    |
|    learning_rate   | 0.0003    |
|    n_updates       | 165600    |
----------------------------------
----------------------------------
| rollout/           |           |
|    ep_len_mean     | 990       |
|    ep_rew_mean     | 2.22e+04  |
| time/              |           |
|    episodes        | 176       |
|    fps             | 67        |
|    time_elapsed    | 2525      |
|    total_timesteps | 170601    |
| train/             |           |
|    actor_loss      | -1.95e+03 |
|    critic_loss     | 42.8      |
|    ent_coef        | 0.76      |
|    ent_coef_loss   | -0.0541   |
|    learning_rate   | 0.0003    |
|    n_updates       | 169600    |
----------------------------------
----------------------------------
| rollout/           |           |
|    ep_len_mean     | 990       |
|    ep_rew_mean     | 2.25e+04  |
| time/              |           |
|    episodes        | 180       |
|    fps             | 67        |
|    time_elapsed    | 2579      |
|    total_timesteps | 174601    |
| train/             |           |
|    actor_loss      | -1.93e+03 |
|    critic_loss     | 82.8      |
|    ent_coef        | 0.674     |
|    ent_coef_loss   | -0.0676   |
|    learning_rate   | 0.0003    |
|    n_updates       | 173600    |
----------------------------------
----------------------------------
| rollout/           |           |
|    ep_len_mean     | 1e+03     |
|    ep_rew_mean     | 2.29e+04  |
| time/              |           |
|    episodes        | 184       |
|    fps             | 67        |
|    time_elapsed    | 2629      |
|    total_timesteps | 178601    |
| train/             |           |
|    actor_loss      | -2.02e+03 |
|    critic_loss     | 67.1      |
|    ent_coef        | 0.689     |
|    ent_coef_loss   | -0.0111   |
|    learning_rate   | 0.0003    |
|    n_updates       | 177600    |
----------------------------------
----------------------------------
| rollout/           |           |
|    ep_len_mean     | 994       |
|    ep_rew_mean     | 2.3e+04   |
| time/              |           |
|    episodes        | 188       |
|    fps             | 68        |
|    time_elapsed    | 2671      |
|    total_timesteps | 182069    |
| train/             |           |
|    actor_loss      | -1.93e+03 |
|    critic_loss     | 3.45e+04  |
|    ent_coef        | 0.572     |
|    ent_coef_loss   | -0.0284   |
|    learning_rate   | 0.0003    |
|    n_updates       | 181068    |
----------------------------------
----------------------------------
| rollout/           |           |
|    ep_len_mean     | 994       |
|    ep_rew_mean     | 2.32e+04  |
| time/              |           |
|    episodes        | 192       |
|    fps             | 68        |
|    time_elapsed    | 2720      |
|    total_timesteps | 186069    |
| train/             |           |
|    actor_loss      | -2.05e+03 |
|    critic_loss     | 71.8      |
|    ent_coef        | 0.554     |
|    ent_coef_loss   | 0.0697    |
|    learning_rate   | 0.0003    |
|    n_updates       | 185068    |
----------------------------------
----------------------------------
| rollout/           |           |
|    ep_len_mean     | 994       |
|    ep_rew_mean     | 2.34e+04  |
| time/              |           |
|    episodes        | 196       |
|    fps             | 68        |
|    time_elapsed    | 2769      |
|    total_timesteps | 190069    |
| train/             |           |
|    actor_loss      | -2.13e+03 |
|    critic_loss     | 42.6      |
|    ent_coef        | 0.572     |
|    ent_coef_loss   | -0.146    |
|    learning_rate   | 0.0003    |
|    n_updates       | 189068    |
----------------------------------
----------------------------------
| rollout/           |           |
|    ep_len_mean     | 985       |
|    ep_rew_mean     | 2.33e+04  |
| time/              |           |
|    episodes        | 200       |
|    fps             | 68        |
|    time_elapsed    | 2806      |
|    total_timesteps | 193145    |
| train/             |           |
|    actor_loss      | -2.07e+03 |
|    critic_loss     | 39.6      |
|    ent_coef        | 0.597     |
|    ent_coef_loss   | -0.0246   |
|    learning_rate   | 0.0003    |
|    n_updates       | 192144    |
----------------------------------
----------------------------------
| rollout/           |           |
|    ep_len_mean     | 984       |
|    ep_rew_mean     | 2.37e+04  |
| time/              |           |
|    episodes        | 204       |
|    fps             | 69        |
|    time_elapsed    | 2855      |
|    total_timesteps | 197067    |
| train/             |           |
|    actor_loss      | -2.14e+03 |
|    critic_loss     | 72.4      |
|    ent_coef        | 0.623     |
|    ent_coef_loss   | 0.0226    |
|    learning_rate   | 0.0003    |
|    n_updates       | 196066    |
----------------------------------
----------------------------------
| rollout/           |           |
|    ep_len_mean     | 984       |
|    ep_rew_mean     | 2.4e+04   |
| time/              |           |
|    episodes        | 208       |
|    fps             | 69        |
|    time_elapsed    | 2903      |
|    total_timesteps | 201067    |
| train/             |           |
|    actor_loss      | -2.21e+03 |
|    critic_loss     | 60.8      |
|    ent_coef        | 0.666     |
|    ent_coef_loss   | 0.152     |
|    learning_rate   | 0.0003    |
|    n_updates       | 200066    |
----------------------------------
----------------------------------
| rollout/           |           |
|    ep_len_mean     | 984       |
|    ep_rew_mean     | 2.43e+04  |
| time/              |           |
|    episodes        | 212       |
|    fps             | 69        |
|    time_elapsed    | 2952      |
|    total_timesteps | 205067    |
| train/             |           |
|    actor_loss      | -2.09e+03 |
|    critic_loss     | 50.9      |
|    ent_coef        | 0.638     |
|    ent_coef_loss   | 0.112     |
|    learning_rate   | 0.0003    |
|    n_updates       | 204066    |
----------------------------------
---------------------------------
| rollout/           |          |
|    ep_len_mean     | 984      |
|    ep_rew_mean     | 2.44e+04 |
| time/              |          |
|    episodes        | 216      |
|    fps             | 69       |
|    time_elapsed    | 3001     |
|    total_timesteps | 209067   |
| train/             |          |
|    actor_loss      | -2.2e+03 |
|    critic_loss     | 105      |
|    ent_coef        | 0.613    |
|    ent_coef_loss   | 0.0635   |
|    learning_rate   | 0.0003   |
|    n_updates       | 208066   |
---------------------------------
----------------------------------
| rollout/           |           |
|    ep_len_mean     | 984       |
|    ep_rew_mean     | 2.45e+04  |
| time/              |           |
|    episodes        | 220       |
|    fps             | 69        |
|    time_elapsed    | 3050      |
|    total_timesteps | 213067    |
| train/             |           |
|    actor_loss      | -2.15e+03 |
|    critic_loss     | 50.6      |
|    ent_coef        | 0.579     |
|    ent_coef_loss   | -0.0186   |
|    learning_rate   | 0.0003    |
|    n_updates       | 212066    |
----------------------------------
----------------------------------
| rollout/           |           |
|    ep_len_mean     | 979       |
|    ep_rew_mean     | 2.48e+04  |
| time/              |           |
|    episodes        | 224       |
|    fps             | 70        |
|    time_elapsed    | 3092      |
|    total_timesteps | 216545    |
| train/             |           |
|    actor_loss      | -2.15e+03 |
|    critic_loss     | 35.5      |
|    ent_coef        | 0.598     |
|    ent_coef_loss   | -0.161    |
|    learning_rate   | 0.0003    |
|    n_updates       | 215544    |
----------------------------------
----------------------------------
| rollout/           |           |
|    ep_len_mean     | 979       |
|    ep_rew_mean     | 2.6e+04   |
| time/              |           |
|    episodes        | 228       |
|    fps             | 70        |
|    time_elapsed    | 3141      |
|    total_timesteps | 220545    |
| train/             |           |
|    actor_loss      | -2.23e+03 |
|    critic_loss     | 264       |
|    ent_coef        | 0.594     |
|    ent_coef_loss   | 0.0607    |
|    learning_rate   | 0.0003    |
|    n_updates       | 219544    |
----------------------------------
----------------------------------
| rollout/           |           |
|    ep_len_mean     | 979       |
|    ep_rew_mean     | 2.7e+04   |
| time/              |           |
|    episodes        | 232       |
|    fps             | 70        |
|    time_elapsed    | 3190      |
|    total_timesteps | 224545    |
| train/             |           |
|    actor_loss      | -2.29e+03 |
|    critic_loss     | 99.4      |
|    ent_coef        | 0.518     |
|    ent_coef_loss   | 0.202     |
|    learning_rate   | 0.0003    |
|    n_updates       | 223544    |
----------------------------------
----------------------------------
| rollout/           |           |
|    ep_len_mean     | 979       |
|    ep_rew_mean     | 2.83e+04  |
| time/              |           |
|    episodes        | 236       |
|    fps             | 70        |
|    time_elapsed    | 3239      |
|    total_timesteps | 228545    |
| train/             |           |
|    actor_loss      | -2.29e+03 |
|    critic_loss     | 38.1      |
|    ent_coef        | 0.543     |
|    ent_coef_loss   | 0.0201    |
|    learning_rate   | 0.0003    |
|    n_updates       | 227544    |
----------------------------------
---------------------------------
| rollout/           |          |
|    ep_len_mean     | 979      |
|    ep_rew_mean     | 2.9e+04  |
| time/              |          |
|    episodes        | 240      |
|    fps             | 70       |
|    time_elapsed    | 3288     |
|    total_timesteps | 232545   |
| train/             |          |
|    actor_loss      | -2.6e+03 |
|    critic_loss     | 27.9     |
|    ent_coef        | 0.574    |
|    ent_coef_loss   | 0.132    |
|    learning_rate   | 0.0003   |
|    n_updates       | 231544   |
---------------------------------
----------------------------------
| rollout/           |           |
|    ep_len_mean     | 979       |
|    ep_rew_mean     | 2.9e+04   |
| time/              |           |
|    episodes        | 244       |
|    fps             | 70        |
|    time_elapsed    | 3338      |
|    total_timesteps | 236545    |
| train/             |           |
|    actor_loss      | -2.68e+03 |
|    critic_loss     | 36.9      |
|    ent_coef        | 0.728     |
|    ent_coef_loss   | 0.029     |
|    learning_rate   | 0.0003    |
|    n_updates       | 235544    |
----------------------------------
----------------------------------
| rollout/           |           |
|    ep_len_mean     | 979       |
|    ep_rew_mean     | 2.87e+04  |
| time/              |           |
|    episodes        | 248       |
|    fps             | 71        |
|    time_elapsed    | 3387      |
|    total_timesteps | 240545    |
| train/             |           |
|    actor_loss      | -2.51e+03 |
|    critic_loss     | 73.4      |
|    ent_coef        | 0.599     |
|    ent_coef_loss   | 0.0704    |
|    learning_rate   | 0.0003    |
|    n_updates       | 239544    |
----------------------------------
----------------------------------
| rollout/           |           |
|    ep_len_mean     | 979       |
|    ep_rew_mean     | 2.85e+04  |
| time/              |           |
|    episodes        | 252       |
|    fps             | 71        |
|    time_elapsed    | 3436      |
|    total_timesteps | 244545    |
| train/             |           |
|    actor_loss      | -2.69e+03 |
|    critic_loss     | 63.7      |
|    ent_coef        | 0.595     |
|    ent_coef_loss   | 0.124     |
|    learning_rate   | 0.0003    |
|    n_updates       | 243544    |
----------------------------------
----------------------------------
| rollout/           |           |
|    ep_len_mean     | 979       |
|    ep_rew_mean     | 2.76e+04  |
| time/              |           |
|    episodes        | 256       |
|    fps             | 71        |
|    time_elapsed    | 3484      |
|    total_timesteps | 248545    |
| train/             |           |
|    actor_loss      | -2.42e+03 |
|    critic_loss     | 42.2      |
|    ent_coef        | 0.545     |
|    ent_coef_loss   | -0.0305   |
|    learning_rate   | 0.0003    |
|    n_updates       | 247544    |
----------------------------------
---------------------------------
| rollout/           |          |
|    ep_len_mean     | 979      |
|    ep_rew_mean     | 2.64e+04 |
| time/              |          |
|    episodes        | 260      |
|    fps             | 71       |
|    time_elapsed    | 3534     |
|    total_timesteps | 252545   |
| train/             |          |
|    actor_loss      | -2.5e+03 |
|    critic_loss     | 62.7     |
|    ent_coef        | 0.551    |
|    ent_coef_loss   | 0.0625   |
|    learning_rate   | 0.0003   |
|    n_updates       | 251544   |
---------------------------------
----------------------------------
| rollout/           |           |
|    ep_len_mean     | 979       |
|    ep_rew_mean     | 2.54e+04  |
| time/              |           |
|    episodes        | 264       |
|    fps             | 71        |
|    time_elapsed    | 3583      |
|    total_timesteps | 256545    |
| train/             |           |
|    actor_loss      | -2.67e+03 |
|    critic_loss     | 91.9      |
|    ent_coef        | 0.569     |
|    ent_coef_loss   | -0.00878  |
|    learning_rate   | 0.0003    |
|    n_updates       | 255544    |
----------------------------------
----------------------------------
| rollout/           |           |
|    ep_len_mean     | 979       |
|    ep_rew_mean     | 2.54e+04  |
| time/              |           |
|    episodes        | 268       |
|    fps             | 71        |
|    time_elapsed    | 3633      |
|    total_timesteps | 260545    |
| train/             |           |
|    actor_loss      | -2.62e+03 |
|    critic_loss     | 163       |
|    ent_coef        | 0.618     |
|    ent_coef_loss   | -0.238    |
|    learning_rate   | 0.0003    |
|    n_updates       | 259544    |
----------------------------------
----------------------------------
| rollout/           |           |
|    ep_len_mean     | 972       |
|    ep_rew_mean     | 2.51e+04  |
| time/              |           |
|    episodes        | 272       |
|    fps             | 71        |
|    time_elapsed    | 3673      |
|    total_timesteps | 263765    |
| train/             |           |
|    actor_loss      | -2.75e+03 |
|    critic_loss     | 43.6      |
|    ent_coef        | 0.645     |
|    ent_coef_loss   | -0.0404   |
|    learning_rate   | 0.0003    |
|    n_updates       | 262764    |
----------------------------------
---------------------------------
| rollout/           |          |
|    ep_len_mean     | 972      |
|    ep_rew_mean     | 2.51e+04 |
| time/              |          |
|    episodes        | 276      |
|    fps             | 71       |
|    time_elapsed    | 3724     |
|    total_timesteps | 267765   |
| train/             |          |
|    actor_loss      | -2.7e+03 |
|    critic_loss     | 43.3     |
|    ent_coef        | 0.632    |
|    ent_coef_loss   | 0.0874   |
|    learning_rate   | 0.0003   |
|    n_updates       | 266764   |
---------------------------------
----------------------------------
| rollout/           |           |
|    ep_len_mean     | 972       |
|    ep_rew_mean     | 2.53e+04  |
| time/              |           |
|    episodes        | 280       |
|    fps             | 72        |
|    time_elapsed    | 3773      |
|    total_timesteps | 271765    |
| train/             |           |
|    actor_loss      | -2.52e+03 |
|    critic_loss     | 27.1      |
|    ent_coef        | 0.591     |
|    ent_coef_loss   | -0.0483   |
|    learning_rate   | 0.0003    |
|    n_updates       | 270764    |
----------------------------------
----------------------------------
| rollout/           |           |
|    ep_len_mean     | 972       |
|    ep_rew_mean     | 2.54e+04  |
| time/              |           |
|    episodes        | 284       |
|    fps             | 72        |
|    time_elapsed    | 3823      |
|    total_timesteps | 275765    |
| train/             |           |
|    actor_loss      | -2.63e+03 |
|    critic_loss     | 31.6      |
|    ent_coef        | 0.601     |
|    ent_coef_loss   | -0.00398  |
|    learning_rate   | 0.0003    |
|    n_updates       | 274764    |
----------------------------------
----------------------------------
| rollout/           |           |
|    ep_len_mean     | 977       |
|    ep_rew_mean     | 2.56e+04  |
| time/              |           |
|    episodes        | 288       |
|    fps             | 72        |
|    time_elapsed    | 3873      |
|    total_timesteps | 279765    |
| train/             |           |
|    actor_loss      | -2.65e+03 |
|    critic_loss     | 23.1      |
|    ent_coef        | 0.641     |
|    ent_coef_loss   | -0.00509  |
|    learning_rate   | 0.0003    |
|    n_updates       | 278764    |
----------------------------------
----------------------------------
| rollout/           |           |
|    ep_len_mean     | 977       |
|    ep_rew_mean     | 2.57e+04  |
| time/              |           |
|    episodes        | 292       |
|    fps             | 72        |
|    time_elapsed    | 3924      |
|    total_timesteps | 283765    |
| train/             |           |
|    actor_loss      | -2.56e+03 |
|    critic_loss     | 97.2      |
|    ent_coef        | 0.598     |
|    ent_coef_loss   | -0.0621   |
|    learning_rate   | 0.0003    |
|    n_updates       | 282764    |
----------------------------------
----------------------------------
| rollout/           |           |
|    ep_len_mean     | 977       |
|    ep_rew_mean     | 2.58e+04  |
| time/              |           |
|    episodes        | 296       |
|    fps             | 72        |
|    time_elapsed    | 3974      |
|    total_timesteps | 287765    |
| train/             |           |
|    actor_loss      | -2.51e+03 |
|    critic_loss     | 118       |
|    ent_coef        | 0.587     |
|    ent_coef_loss   | 0.0499    |
|    learning_rate   | 0.0003    |
|    n_updates       | 286764    |
----------------------------------
----------------------------------
| rollout/           |           |
|    ep_len_mean     | 986       |
|    ep_rew_mean     | 2.63e+04  |
| time/              |           |
|    episodes        | 300       |
|    fps             | 72        |
|    time_elapsed    | 4024      |
|    total_timesteps | 291765    |
| train/             |           |
|    actor_loss      | -2.66e+03 |
|    critic_loss     | 15.8      |
|    ent_coef        | 0.516     |
|    ent_coef_loss   | 0.103     |
|    learning_rate   | 0.0003    |
|    n_updates       | 290764    |
----------------------------------
----------------------------------
| rollout/           |           |
|    ep_len_mean     | 987       |
|    ep_rew_mean     | 2.63e+04  |
| time/              |           |
|    episodes        | 304       |
|    fps             | 72        |
|    time_elapsed    | 4075      |
|    total_timesteps | 295765    |
| train/             |           |
|    actor_loss      | -2.71e+03 |
|    critic_loss     | 12.2      |
|    ent_coef        | 0.545     |
|    ent_coef_loss   | -0.0547   |
|    learning_rate   | 0.0003    |
|    n_updates       | 294764    |
----------------------------------
----------------------------------
| rollout/           |           |
|    ep_len_mean     | 987       |
|    ep_rew_mean     | 2.63e+04  |
| time/              |           |
|    episodes        | 308       |
|    fps             | 72        |
|    time_elapsed    | 4126      |
|    total_timesteps | 299765    |
| train/             |           |
|    actor_loss      | -2.74e+03 |
|    critic_loss     | 117       |
|    ent_coef        | 0.495     |
|    ent_coef_loss   | -0.0546   |
|    learning_rate   | 0.0003    |
|    n_updates       | 298764    |
----------------------------------
----------------------------------
| rollout/           |           |
|    ep_len_mean     | 987       |
|    ep_rew_mean     | 2.64e+04  |
| time/              |           |
|    episodes        | 312       |
|    fps             | 72        |
|    time_elapsed    | 4175      |
|    total_timesteps | 303765    |
| train/             |           |
|    actor_loss      | -2.86e+03 |
|    critic_loss     | 10.9      |
|    ent_coef        | 0.496     |
|    ent_coef_loss   | 0.0829    |
|    learning_rate   | 0.0003    |
|    n_updates       | 302764    |
----------------------------------
----------------------------------
| rollout/           |           |
|    ep_len_mean     | 987       |
|    ep_rew_mean     | 2.65e+04  |
| time/              |           |
|    episodes        | 316       |
|    fps             | 72        |
|    time_elapsed    | 4225      |
|    total_timesteps | 307765    |
| train/             |           |
|    actor_loss      | -2.71e+03 |
|    critic_loss     | 15.7      |
|    ent_coef        | 0.495     |
|    ent_coef_loss   | -0.0897   |
|    learning_rate   | 0.0003    |
|    n_updates       | 306764    |
----------------------------------
----------------------------------
| rollout/           |           |
|    ep_len_mean     | 987       |
|    ep_rew_mean     | 2.65e+04  |
| time/              |           |
|    episodes        | 320       |
|    fps             | 72        |
|    time_elapsed    | 4277      |
|    total_timesteps | 311765    |
| train/             |           |
|    actor_loss      | -2.87e+03 |
|    critic_loss     | 41.6      |
|    ent_coef        | 0.496     |
|    ent_coef_loss   | 0.0718    |
|    learning_rate   | 0.0003    |
|    n_updates       | 310764    |
----------------------------------
----------------------------------
| rollout/           |           |
|    ep_len_mean     | 992       |
|    ep_rew_mean     | 2.67e+04  |
| time/              |           |
|    episodes        | 324       |
|    fps             | 72        |
|    time_elapsed    | 4327      |
|    total_timesteps | 315765    |
| train/             |           |
|    actor_loss      | -2.78e+03 |
|    critic_loss     | 20.7      |
|    ent_coef        | 0.521     |
|    ent_coef_loss   | -0.25     |
|    learning_rate   | 0.0003    |
|    n_updates       | 314764    |
----------------------------------
----------------------------------
| rollout/           |           |
|    ep_len_mean     | 992       |
|    ep_rew_mean     | 2.68e+04  |
| time/              |           |
|    episodes        | 328       |
|    fps             | 73        |
|    time_elapsed    | 4377      |
|    total_timesteps | 319765    |
| train/             |           |
|    actor_loss      | -2.73e+03 |
|    critic_loss     | 53.3      |
|    ent_coef        | 0.528     |
|    ent_coef_loss   | -0.0843   |
|    learning_rate   | 0.0003    |
|    n_updates       | 318764    |
----------------------------------
----------------------------------
| rollout/           |           |
|    ep_len_mean     | 992       |
|    ep_rew_mean     | 2.68e+04  |
| time/              |           |
|    episodes        | 332       |
|    fps             | 73        |
|    time_elapsed    | 4429      |
|    total_timesteps | 323765    |
| train/             |           |
|    actor_loss      | -2.89e+03 |
|    critic_loss     | 13.9      |
|    ent_coef        | 0.502     |
|    ent_coef_loss   | 0.0236    |
|    learning_rate   | 0.0003    |
|    n_updates       | 322764    |
----------------------------------
---------------------------------
| rollout/           |          |
|    ep_len_mean     | 992      |
|    ep_rew_mean     | 2.69e+04 |
| time/              |          |
|    episodes        | 336      |
|    fps             | 73       |
|    time_elapsed    | 4479     |
|    total_timesteps | 327765   |
| train/             |          |
|    actor_loss      | -3e+03   |
|    critic_loss     | 21.5     |
|    ent_coef        | 0.487    |
|    ent_coef_loss   | 0.198    |
|    learning_rate   | 0.0003   |
|    n_updates       | 326764   |
---------------------------------
----------------------------------
| rollout/           |           |
|    ep_len_mean     | 986       |
|    ep_rew_mean     | 2.67e+04  |
| time/              |           |
|    episodes        | 340       |
|    fps             | 73        |
|    time_elapsed    | 4522      |
|    total_timesteps | 331142    |
| train/             |           |
|    actor_loss      | -2.94e+03 |
|    critic_loss     | 16.5      |
|    ent_coef        | 0.492     |
|    ent_coef_loss   | -0.318    |
|    learning_rate   | 0.0003    |
|    n_updates       | 330141    |
----------------------------------
----------------------------------
| rollout/           |           |
|    ep_len_mean     | 986       |
|    ep_rew_mean     | 2.67e+04  |
| time/              |           |
|    episodes        | 344       |
|    fps             | 73        |
|    time_elapsed    | 4573      |
|    total_timesteps | 335117    |
| train/             |           |
|    actor_loss      | -3.01e+03 |
|    critic_loss     | 28.8      |
|    ent_coef        | 0.457     |
|    ent_coef_loss   | -0.263    |
|    learning_rate   | 0.0003    |
|    n_updates       | 334116    |
----------------------------------
----------------------------------
| rollout/           |           |
|    ep_len_mean     | 986       |
|    ep_rew_mean     | 2.71e+04  |
| time/              |           |
|    episodes        | 348       |
|    fps             | 73        |
|    time_elapsed    | 4625      |
|    total_timesteps | 339117    |
| train/             |           |
|    actor_loss      | -3.05e+03 |
|    critic_loss     | 73.7      |
|    ent_coef        | 0.439     |
|    ent_coef_loss   | 0.0893    |
|    learning_rate   | 0.0003    |
|    n_updates       | 338116    |
----------------------------------
----------------------------------
| rollout/           |           |
|    ep_len_mean     | 986       |
|    ep_rew_mean     | 2.75e+04  |
| time/              |           |
|    episodes        | 352       |
|    fps             | 73        |
|    time_elapsed    | 4676      |
|    total_timesteps | 343117    |
| train/             |           |
|    actor_loss      | -2.99e+03 |
|    critic_loss     | 6.59      |
|    ent_coef        | 0.426     |
|    ent_coef_loss   | -0.0932   |
|    learning_rate   | 0.0003    |
|    n_updates       | 342116    |
----------------------------------
----------------------------------
| rollout/           |           |
|    ep_len_mean     | 986       |
|    ep_rew_mean     | 2.84e+04  |
| time/              |           |
|    episodes        | 356       |
|    fps             | 73        |
|    time_elapsed    | 4727      |
|    total_timesteps | 347117    |
| train/             |           |
|    actor_loss      | -3.03e+03 |
|    critic_loss     | 6.24      |
|    ent_coef        | 0.452     |
|    ent_coef_loss   | 0.124     |
|    learning_rate   | 0.0003    |
|    n_updates       | 346116    |
----------------------------------
----------------------------------
| rollout/           |           |
|    ep_len_mean     | 980       |
|    ep_rew_mean     | 2.95e+04  |
| time/              |           |
|    episodes        | 360       |
|    fps             | 73        |
|    time_elapsed    | 4772      |
|    total_timesteps | 350588    |
| train/             |           |
|    actor_loss      | -3.12e+03 |
|    critic_loss     | 6.89      |
|    ent_coef        | 0.443     |
|    ent_coef_loss   | 0.0353    |
|    learning_rate   | 0.0003    |
|    n_updates       | 349587    |
----------------------------------
----------------------------------
| rollout/           |           |
|    ep_len_mean     | 980       |
|    ep_rew_mean     | 3.06e+04  |
| time/              |           |
|    episodes        | 364       |
|    fps             | 73        |
|    time_elapsed    | 4824      |
|    total_timesteps | 354588    |
| train/             |           |
|    actor_loss      | -3.11e+03 |
|    critic_loss     | 5.9       |
|    ent_coef        | 0.397     |
|    ent_coef_loss   | 0.113     |
|    learning_rate   | 0.0003    |
|    n_updates       | 353587    |
----------------------------------
----------------------------------
| rollout/           |           |
|    ep_len_mean     | 973       |
|    ep_rew_mean     | 3.04e+04  |
| time/              |           |
|    episodes        | 368       |
|    fps             | 73        |
|    time_elapsed    | 4867      |
|    total_timesteps | 357868    |
| train/             |           |
|    actor_loss      | -3.06e+03 |
|    critic_loss     | 10.3      |
|    ent_coef        | 0.417     |
|    ent_coef_loss   | -0.1      |
|    learning_rate   | 0.0003    |
|    n_updates       | 356867    |
----------------------------------
----------------------------------
| rollout/           |           |
|    ep_len_mean     | 981       |
|    ep_rew_mean     | 3.07e+04  |
| time/              |           |
|    episodes        | 372       |
|    fps             | 73        |
|    time_elapsed    | 4918      |
|    total_timesteps | 361868    |
| train/             |           |
|    actor_loss      | -3.09e+03 |
|    critic_loss     | 10.1      |
|    ent_coef        | 0.408     |
|    ent_coef_loss   | -0.21     |
|    learning_rate   | 0.0003    |
|    n_updates       | 360867    |
----------------------------------
----------------------------------
| rollout/           |           |
|    ep_len_mean     | 981       |
|    ep_rew_mean     | 3.08e+04  |
| time/              |           |
|    episodes        | 376       |
|    fps             | 73        |
|    time_elapsed    | 4970      |
|    total_timesteps | 365868    |
| train/             |           |
|    actor_loss      | -3.09e+03 |
|    critic_loss     | 10.3      |
|    ent_coef        | 0.415     |
|    ent_coef_loss   | -0.0519   |
|    learning_rate   | 0.0003    |
|    n_updates       | 364867    |
----------------------------------
----------------------------------
| rollout/           |           |
|    ep_len_mean     | 981       |
|    ep_rew_mean     | 3.08e+04  |
| time/              |           |
|    episodes        | 380       |
|    fps             | 73        |
|    time_elapsed    | 5021      |
|    total_timesteps | 369868    |
| train/             |           |
|    actor_loss      | -3.04e+03 |
|    critic_loss     | 6.15      |
|    ent_coef        | 0.43      |
|    ent_coef_loss   | -0.307    |
|    learning_rate   | 0.0003    |
|    n_updates       | 368867    |
----------------------------------
----------------------------------
| rollout/           |           |
|    ep_len_mean     | 981       |
|    ep_rew_mean     | 3.08e+04  |
| time/              |           |
|    episodes        | 384       |
|    fps             | 73        |
|    time_elapsed    | 5072      |
|    total_timesteps | 373868    |
| train/             |           |
|    actor_loss      | -3.05e+03 |
|    critic_loss     | 5.91      |
|    ent_coef        | 0.385     |
|    ent_coef_loss   | -0.165    |
|    learning_rate   | 0.0003    |
|    n_updates       | 372867    |
----------------------------------
----------------------------------
| rollout/           |           |
|    ep_len_mean     | 981       |
|    ep_rew_mean     | 3.09e+04  |
| time/              |           |
|    episodes        | 388       |
|    fps             | 73        |
|    time_elapsed    | 5124      |
|    total_timesteps | 377868    |
| train/             |           |
|    actor_loss      | -3.13e+03 |
|    critic_loss     | 13.9      |
|    ent_coef        | 0.362     |
|    ent_coef_loss   | -0.128    |
|    learning_rate   | 0.0003    |
|    n_updates       | 376867    |
----------------------------------
----------------------------------
| rollout/           |           |
|    ep_len_mean     | 974       |
|    ep_rew_mean     | 3.06e+04  |
| time/              |           |
|    episodes        | 392       |
|    fps             | 73        |
|    time_elapsed    | 5167      |
|    total_timesteps | 381122    |
| train/             |           |
|    actor_loss      | -3.18e+03 |
|    critic_loss     | 9.79      |
|    ent_coef        | 0.377     |
|    ent_coef_loss   | -0.394    |
|    learning_rate   | 0.0003    |
|    n_updates       | 380121    |
----------------------------------
----------------------------------
| rollout/           |           |
|    ep_len_mean     | 974       |
|    ep_rew_mean     | 3.06e+04  |
| time/              |           |
|    episodes        | 396       |
|    fps             | 73        |
|    time_elapsed    | 5218      |
|    total_timesteps | 385122    |
| train/             |           |
|    actor_loss      | -3.16e+03 |
|    critic_loss     | 34.1      |
|    ent_coef        | 0.349     |
|    ent_coef_loss   | 0.451     |
|    learning_rate   | 0.0003    |
|    n_updates       | 384121    |
----------------------------------
----------------------------------
| rollout/           |           |
|    ep_len_mean     | 974       |
|    ep_rew_mean     | 3.06e+04  |
| time/              |           |
|    episodes        | 400       |
|    fps             | 73        |
|    time_elapsed    | 5269      |
|    total_timesteps | 389122    |
| train/             |           |
|    actor_loss      | -3.09e+03 |
|    critic_loss     | 24.7      |
|    ent_coef        | 0.317     |
|    ent_coef_loss   | 0.135     |
|    learning_rate   | 0.0003    |
|    n_updates       | 388121    |
----------------------------------
----------------------------------
| rollout/           |           |
|    ep_len_mean     | 974       |
|    ep_rew_mean     | 3.07e+04  |
| time/              |           |
|    episodes        | 404       |
|    fps             | 73        |
|    time_elapsed    | 5321      |
|    total_timesteps | 393122    |
| train/             |           |
|    actor_loss      | -3.12e+03 |
|    critic_loss     | 12.2      |
|    ent_coef        | 0.365     |
|    ent_coef_loss   | -0.0357   |
|    learning_rate   | 0.0003    |
|    n_updates       | 392121    |
----------------------------------
----------------------------------
| rollout/           |           |
|    ep_len_mean     | 974       |
|    ep_rew_mean     | 3.07e+04  |
| time/              |           |
|    episodes        | 408       |
|    fps             | 73        |
|    time_elapsed    | 5374      |
|    total_timesteps | 397122    |
| train/             |           |
|    actor_loss      | -3.07e+03 |
|    critic_loss     | 9.79      |
|    ent_coef        | 0.334     |
|    ent_coef_loss   | 0.187     |
|    learning_rate   | 0.0003    |
|    n_updates       | 396121    |
----------------------------------
----------------------------------
| rollout/           |           |
|    ep_len_mean     | 974       |
|    ep_rew_mean     | 3.07e+04  |
| time/              |           |
|    episodes        | 412       |
|    fps             | 73        |
|    time_elapsed    | 5425      |
|    total_timesteps | 401122    |
| train/             |           |
|    actor_loss      | -3.34e+03 |
|    critic_loss     | 13.4      |
|    ent_coef        | 0.357     |
|    ent_coef_loss   | 0.273     |
|    learning_rate   | 0.0003    |
|    n_updates       | 400121    |
----------------------------------
----------------------------------
| rollout/           |           |
|    ep_len_mean     | 974       |
|    ep_rew_mean     | 3.07e+04  |
| time/              |           |
|    episodes        | 416       |
|    fps             | 73        |
|    time_elapsed    | 5477      |
|    total_timesteps | 405122    |
| train/             |           |
|    actor_loss      | -3.17e+03 |
|    critic_loss     | 92.9      |
|    ent_coef        | 0.343     |
|    ent_coef_loss   | 0.253     |
|    learning_rate   | 0.0003    |
|    n_updates       | 404121    |
----------------------------------
----------------------------------
| rollout/           |           |
|    ep_len_mean     | 974       |
|    ep_rew_mean     | 3.08e+04  |
| time/              |           |
|    episodes        | 420       |
|    fps             | 73        |
|    time_elapsed    | 5530      |
|    total_timesteps | 409122    |
| train/             |           |
|    actor_loss      | -3.21e+03 |
|    critic_loss     | 7.96      |
|    ent_coef        | 0.34      |
|    ent_coef_loss   | 0.467     |
|    learning_rate   | 0.0003    |
|    n_updates       | 408121    |
----------------------------------
----------------------------------
| rollout/           |           |
|    ep_len_mean     | 974       |
|    ep_rew_mean     | 3.08e+04  |
| time/              |           |
|    episodes        | 424       |
|    fps             | 74        |
|    time_elapsed    | 5582      |
|    total_timesteps | 413122    |
| train/             |           |
|    actor_loss      | -3.24e+03 |
|    critic_loss     | 12.2      |
|    ent_coef        | 0.332     |
|    ent_coef_loss   | -0.235    |
|    learning_rate   | 0.0003    |
|    n_updates       | 412121    |
----------------------------------
----------------------------------
| rollout/           |           |
|    ep_len_mean     | 974       |
|    ep_rew_mean     | 3.08e+04  |
| time/              |           |
|    episodes        | 428       |
|    fps             | 74        |
|    time_elapsed    | 5633      |
|    total_timesteps | 417122    |
| train/             |           |
|    actor_loss      | -3.22e+03 |
|    critic_loss     | 8.22      |
|    ent_coef        | 0.34      |
|    ent_coef_loss   | -0.4      |
|    learning_rate   | 0.0003    |
|    n_updates       | 416121    |
----------------------------------
----------------------------------
| rollout/           |           |
|    ep_len_mean     | 966       |
|    ep_rew_mean     | 3.05e+04  |
| time/              |           |
|    episodes        | 432       |
|    fps             | 74        |
|    time_elapsed    | 5676      |
|    total_timesteps | 420326    |
| train/             |           |
|    actor_loss      | -3.07e+03 |
|    critic_loss     | 6.84      |
|    ent_coef        | 0.329     |
|    ent_coef_loss   | -0.135    |
|    learning_rate   | 0.0003    |
|    n_updates       | 419325    |
----------------------------------
----------------------------------
| rollout/           |           |
|    ep_len_mean     | 966       |
|    ep_rew_mean     | 3.04e+04  |
| time/              |           |
|    episodes        | 436       |
|    fps             | 74        |
|    time_elapsed    | 5730      |
|    total_timesteps | 424326    |
| train/             |           |
|    actor_loss      | -3.32e+03 |
|    critic_loss     | 7.87      |
|    ent_coef        | 0.302     |
|    ent_coef_loss   | 0.0943    |
|    learning_rate   | 0.0003    |
|    n_updates       | 423325    |
----------------------------------
----------------------------------
| rollout/           |           |
|    ep_len_mean     | 972       |
|    ep_rew_mean     | 3.07e+04  |
| time/              |           |
|    episodes        | 440       |
|    fps             | 74        |
|    time_elapsed    | 5784      |
|    total_timesteps | 428326    |
| train/             |           |
|    actor_loss      | -3.22e+03 |
|    critic_loss     | 7.69      |
|    ent_coef        | 0.311     |
|    ent_coef_loss   | -0.247    |
|    learning_rate   | 0.0003    |
|    n_updates       | 427325    |
----------------------------------
----------------------------------
| rollout/           |           |
|    ep_len_mean     | 972       |
|    ep_rew_mean     | 3.07e+04  |
| time/              |           |
|    episodes        | 444       |
|    fps             | 74        |
|    time_elapsed    | 5837      |
|    total_timesteps | 432326    |
| train/             |           |
|    actor_loss      | -3.26e+03 |
|    critic_loss     | 4.69      |
|    ent_coef        | 0.312     |
|    ent_coef_loss   | -0.0896   |
|    learning_rate   | 0.0003    |
|    n_updates       | 431325    |
----------------------------------
----------------------------------
| rollout/           |           |
|    ep_len_mean     | 972       |
|    ep_rew_mean     | 3.07e+04  |
| time/              |           |
|    episodes        | 448       |
|    fps             | 74        |
|    time_elapsed    | 5893      |
|    total_timesteps | 436326    |
| train/             |           |
|    actor_loss      | -3.11e+03 |
|    critic_loss     | 12.3      |
|    ent_coef        | 0.313     |
|    ent_coef_loss   | 0.0654    |
|    learning_rate   | 0.0003    |
|    n_updates       | 435325    |
----------------------------------
----------------------------------
| rollout/           |           |
|    ep_len_mean     | 972       |
|    ep_rew_mean     | 3.07e+04  |
| time/              |           |
|    episodes        | 452       |
|    fps             | 74        |
|    time_elapsed    | 5946      |
|    total_timesteps | 440326    |
| train/             |           |
|    actor_loss      | -3.21e+03 |
|    critic_loss     | 8.99      |
|    ent_coef        | 0.317     |
|    ent_coef_loss   | -0.287    |
|    learning_rate   | 0.0003    |
|    n_updates       | 439325    |
----------------------------------
----------------------------------
| rollout/           |           |
|    ep_len_mean     | 972       |
|    ep_rew_mean     | 3.07e+04  |
| time/              |           |
|    episodes        | 456       |
|    fps             | 73        |
|    time_elapsed    | 6006      |
|    total_timesteps | 444326    |
| train/             |           |
|    actor_loss      | -3.16e+03 |
|    critic_loss     | 155       |
|    ent_coef        | 0.311     |
|    ent_coef_loss   | 0.336     |
|    learning_rate   | 0.0003    |
|    n_updates       | 443325    |
----------------------------------
----------------------------------
| rollout/           |           |
|    ep_len_mean     | 977       |
|    ep_rew_mean     | 3.09e+04  |
| time/              |           |
|    episodes        | 460       |
|    fps             | 73        |
|    time_elapsed    | 6078      |
|    total_timesteps | 448326    |
| train/             |           |
|    actor_loss      | -3.29e+03 |
|    critic_loss     | 4.44      |
|    ent_coef        | 0.31      |
|    ent_coef_loss   | -0.293    |
|    learning_rate   | 0.0003    |
|    n_updates       | 447325    |
----------------------------------
----------------------------------
| rollout/           |           |
|    ep_len_mean     | 977       |
|    ep_rew_mean     | 3.09e+04  |
| time/              |           |
|    episodes        | 464       |
|    fps             | 73        |
|    time_elapsed    | 6153      |
|    total_timesteps | 452326    |
| train/             |           |
|    actor_loss      | -3.35e+03 |
|    critic_loss     | 5.19      |
|    ent_coef        | 0.316     |
|    ent_coef_loss   | -0.2      |
|    learning_rate   | 0.0003    |
|    n_updates       | 451325    |
----------------------------------
----------------------------------
| rollout/           |           |
|    ep_len_mean     | 985       |
|    ep_rew_mean     | 3.12e+04  |
| time/              |           |
|    episodes        | 468       |
|    fps             | 73        |
|    time_elapsed    | 6227      |
|    total_timesteps | 456326    |
| train/             |           |
|    actor_loss      | -3.39e+03 |
|    critic_loss     | 5.45      |
|    ent_coef        | 0.304     |
|    ent_coef_loss   | -0.0762   |
|    learning_rate   | 0.0003    |
|    n_updates       | 455325    |
----------------------------------
----------------------------------
| rollout/           |           |
|    ep_len_mean     | 985       |
|    ep_rew_mean     | 3.12e+04  |
| time/              |           |
|    episodes        | 472       |
|    fps             | 73        |
|    time_elapsed    | 6303      |
|    total_timesteps | 460326    |
| train/             |           |
|    actor_loss      | -3.42e+03 |
|    critic_loss     | 28.5      |
|    ent_coef        | 0.291     |
|    ent_coef_loss   | -0.0974   |
|    learning_rate   | 0.0003    |
|    n_updates       | 459325    |
----------------------------------
----------------------------------
| rollout/           |           |
|    ep_len_mean     | 985       |
|    ep_rew_mean     | 3.12e+04  |
| time/              |           |
|    episodes        | 476       |
|    fps             | 72        |
|    time_elapsed    | 6378      |
|    total_timesteps | 464326    |
| train/             |           |
|    actor_loss      | -3.41e+03 |
|    critic_loss     | 2.95      |
|    ent_coef        | 0.268     |
|    ent_coef_loss   | -0.345    |
|    learning_rate   | 0.0003    |
|    n_updates       | 463325    |
----------------------------------
----------------------------------
| rollout/           |           |
|    ep_len_mean     | 985       |
|    ep_rew_mean     | 3.12e+04  |
| time/              |           |
|    episodes        | 480       |
|    fps             | 72        |
|    time_elapsed    | 6453      |
|    total_timesteps | 468326    |
| train/             |           |
|    actor_loss      | -3.35e+03 |
|    critic_loss     | 3.43      |
|    ent_coef        | 0.237     |
|    ent_coef_loss   | -0.434    |
|    learning_rate   | 0.0003    |
|    n_updates       | 467325    |
----------------------------------
----------------------------------
| rollout/           |           |
|    ep_len_mean     | 985       |
|    ep_rew_mean     | 3.13e+04  |
| time/              |           |
|    episodes        | 484       |
|    fps             | 72        |
|    time_elapsed    | 6527      |
|    total_timesteps | 472326    |
| train/             |           |
|    actor_loss      | -3.41e+03 |
|    critic_loss     | 6.42      |
|    ent_coef        | 0.239     |
|    ent_coef_loss   | 0.159     |
|    learning_rate   | 0.0003    |
|    n_updates       | 471325    |
----------------------------------
----------------------------------
| rollout/           |           |
|    ep_len_mean     | 985       |
|    ep_rew_mean     | 3.13e+04  |
| time/              |           |
|    episodes        | 488       |
|    fps             | 72        |
|    time_elapsed    | 6602      |
|    total_timesteps | 476326    |
| train/             |           |
|    actor_loss      | -3.41e+03 |
|    critic_loss     | 9.79      |
|    ent_coef        | 0.254     |
|    ent_coef_loss   | 0.015     |
|    learning_rate   | 0.0003    |
|    n_updates       | 475325    |
----------------------------------
----------------------------------
| rollout/           |           |
|    ep_len_mean     | 992       |
|    ep_rew_mean     | 3.16e+04  |
| time/              |           |
|    episodes        | 492       |
|    fps             | 71        |
|    time_elapsed    | 6677      |
|    total_timesteps | 480326    |
| train/             |           |
|    actor_loss      | -3.41e+03 |
|    critic_loss     | 2.47      |
|    ent_coef        | 0.231     |
|    ent_coef_loss   | -0.0246   |
|    learning_rate   | 0.0003    |
|    n_updates       | 479325    |
----------------------------------
----------------------------------
| rollout/           |           |
|    ep_len_mean     | 992       |
|    ep_rew_mean     | 3.16e+04  |
| time/              |           |
|    episodes        | 496       |
|    fps             | 71        |
|    time_elapsed    | 6752      |
|    total_timesteps | 484326    |
| train/             |           |
|    actor_loss      | -3.33e+03 |
|    critic_loss     | 325       |
|    ent_coef        | 0.24      |
|    ent_coef_loss   | 0.965     |
|    learning_rate   | 0.0003    |
|    n_updates       | 483325    |
----------------------------------
----------------------------------
| rollout/           |           |
|    ep_len_mean     | 992       |
|    ep_rew_mean     | 3.16e+04  |
| time/              |           |
|    episodes        | 500       |
|    fps             | 71        |
|    time_elapsed    | 6827      |
|    total_timesteps | 488326    |
| train/             |           |
|    actor_loss      | -3.43e+03 |
|    critic_loss     | 9.58      |
|    ent_coef        | 0.227     |
|    ent_coef_loss   | -0.606    |
|    learning_rate   | 0.0003    |
|    n_updates       | 487325    |
----------------------------------
----------------------------------
| rollout/           |           |
|    ep_len_mean     | 992       |
|    ep_rew_mean     | 3.16e+04  |
| time/              |           |
|    episodes        | 504       |
|    fps             | 71        |
|    time_elapsed    | 6901      |
|    total_timesteps | 492326    |
| train/             |           |
|    actor_loss      | -3.45e+03 |
|    critic_loss     | 2.5       |
|    ent_coef        | 0.247     |
|    ent_coef_loss   | -0.486    |
|    learning_rate   | 0.0003    |
|    n_updates       | 491325    |
----------------------------------
----------------------------------
| rollout/           |           |
|    ep_len_mean     | 992       |
|    ep_rew_mean     | 3.16e+04  |
| time/              |           |
|    episodes        | 508       |
|    fps             | 71        |
|    time_elapsed    | 6976      |
|    total_timesteps | 496326    |
| train/             |           |
|    actor_loss      | -3.44e+03 |
|    critic_loss     | 9.97      |
|    ent_coef        | 0.261     |
|    ent_coef_loss   | 0.0641    |
|    learning_rate   | 0.0003    |
|    n_updates       | 495325    |
----------------------------------
[2026-06-22T14:16:33] Training complete in 7043.4s
[2026-06-22T14:16:33] Episodes: 511
[2026-06-22T14:16:33] Best reward: 32201.88
[2026-06-22T14:16:33] Mean reward (100ep): 31565.23
[2026-06-22T14:16:33] Final goal tolerance: 0.6
[2026-06-22T14:16:33] Curriculum stage: 0
[2026-06-22T14:16:33] Saved: {'model': 'C:\\Users\\ranjo\\OneDrive\\Desktop\\ARM-Model\\project_assets\\outputs\\Parallel_Seeds\\seed_001\\sac_model', 'history': 'C:\\Users\\ranjo\\OneDrive\\Desktop\\ARM-Model\\project_assets\\outputs\\Parallel_Seeds\\seed_001\\training_history.csv', 'stats': 'C:\\Users\\ranjo\\OneDrive\\Desktop\\ARM-Model\\project_assets\\outputs\\Parallel_Seeds\\seed_001\\training_stats.json'}
[2026-06-22T14:16:33] Running Fitts' Law sweep (10 trials per condition)...
[2026-06-22T14:17:02] Fitts sweep complete in 29.3s
[2026-06-22T14:17:02] Fitts: MT = +0.0079 + +0.0411 * ID, R^2 = 0.5291 (n_conditions = 20, trials_per_condition = 10)
[2026-06-22T14:17:03] Saved: C:\Users\ranjo\OneDrive\Desktop\ARM-Model\project_assets\outputs\Parallel_Seeds\seed_001\fitts_law.json
[2026-06-22T14:17:03] Saved: C:\Users\ranjo\OneDrive\Desktop\ARM-Model\project_assets\outputs\Parallel_Seeds\seed_001\fitts_law.png
[2026-06-22T14:17:03] Running 2/3 Power Law sweep (20 trials)...
[2026-06-22T14:17:04] Power Law sweep complete in 1.9s
[2026-06-22T14:17:04] Power Law: log V = +0.2317 + -0.5780 * log C, R = -0.7014, R^2 = 0.4920 (n_samples = 3914, n_trials = 0/20)
[2026-06-22T14:17:05] Saved: C:\Users\ranjo\OneDrive\Desktop\ARM-Model\project_assets\outputs\Parallel_Seeds\seed_001\power_law.json
[2026-06-22T14:17:05] Saved: C:\Users\ranjo\OneDrive\Desktop\ARM-Model\project_assets\outputs\Parallel_Seeds\seed_001\power_law.png
[2026-06-22T14:17:05] Session complete. Total wall time: 1:57:57.039939
[2026-06-22T14:17:05] ============================================================
