[2026-06-20T20:01:06] Starting Fischer session: algorithm=SAC, timesteps=500,000, direction=EAST, actuation=muscle, waypoints=[[2.3, -1.0], [1.0, 1.5], [2.5, 0.0]]
[2026-06-20T20:01:06] Save dir: /Users/ranjotsandhu/Documents/Project/project_assets/outputs/multiseed_run_5
[2026-06-20T20:01:06] Waypoint mode active: 3 waypoints, current_waypoint_index=0 at every episode reset
[2026-06-20T23:19:04] Training complete in 11876.7s
[2026-06-20T23:19:04] Episodes: 507
[2026-06-20T23:19:04] Best reward: 31937.15
[2026-06-20T23:19:04] Mean reward (100ep): 31351.73
[2026-06-20T23:19:04] Final goal tolerance: 0.6
[2026-06-20T23:19:04] Curriculum stage: 0
[2026-06-20T23:19:04] Saved: {'model': '/Users/ranjotsandhu/Documents/Project/project_assets/outputs/multiseed_run_5/sac_model', 'history': '/Users/ranjotsandhu/Documents/Project/project_assets/outputs/multiseed_run_5/training_history.csv', 'stats': '/Users/ranjotsandhu/Documents/Project/project_assets/outputs/multiseed_run_5/training_stats.json'}
[2026-06-20T23:19:04] Running Fitts' Law sweep (10 trials per condition)...
[2026-06-20T23:19:16] Fitts sweep complete in 11.9s
[2026-06-20T23:19:16] Fitts: MT = +0.0168 + +0.0350 * ID, R^2 = 0.5579 (n_conditions = 20, trials_per_condition = 10)
[2026-06-20T23:19:16] Saved: /Users/ranjotsandhu/Documents/Project/project_assets/outputs/multiseed_run_5/fitts_law.json
[2026-06-20T23:19:16] Saved: /Users/ranjotsandhu/Documents/Project/project_assets/outputs/multiseed_run_5/fitts_law.png
[2026-06-20T23:19:16] Running 2/3 Power Law sweep (20 trials)...
[2026-06-20T23:19:17] Power Law sweep complete in 0.8s
[2026-06-20T23:19:17] Power Law: log V = -0.4273 + -0.3335 * log C, R = -0.4464, R^2 = 0.1993 (n_samples = 3788, n_trials = 0/20)
[2026-06-20T23:19:17] Saved: /Users/ranjotsandhu/Documents/Project/project_assets/outputs/multiseed_run_5/power_law.json
[2026-06-20T23:19:17] Saved: /Users/ranjotsandhu/Documents/Project/project_assets/outputs/multiseed_run_5/power_law.png
[2026-06-20T23:19:17] Session complete. Total wall time: 3:18:10.882831
[2026-06-20T23:19:17] ============================================================
