[2026-06-20T20:01:06] Starting Fischer session: algorithm=SAC, timesteps=500,000, direction=EAST, actuation=muscle, waypoints=[[2.3, -1.0], [1.0, 1.5], [2.5, 0.0]]
[2026-06-20T20:01:06] Save dir: /Users/ranjotsandhu/Documents/Project/project_assets/outputs/multiseed_run_2
[2026-06-20T20:01:06] Waypoint mode active: 3 waypoints, current_waypoint_index=0 at every episode reset
[2026-06-20T23:18:26] Training complete in 11876.1s
[2026-06-20T23:18:26] Episodes: 500
[2026-06-20T23:18:26] Best reward: 1420.63
[2026-06-20T23:18:26] Mean reward (100ep): 522.96
[2026-06-20T23:18:26] Final goal tolerance: 0.6
[2026-06-20T23:18:26] Curriculum stage: 0
[2026-06-20T23:18:26] Saved: {'model': '/Users/ranjotsandhu/Documents/Project/project_assets/outputs/multiseed_run_2/sac_model', 'history': '/Users/ranjotsandhu/Documents/Project/project_assets/outputs/multiseed_run_2/training_history.csv', 'stats': '/Users/ranjotsandhu/Documents/Project/project_assets/outputs/multiseed_run_2/training_stats.json'}
[2026-06-20T23:18:26] Running Fitts' Law sweep (10 trials per condition)...
[2026-06-20T23:18:41] Fitts sweep complete in 14.8s
[2026-06-20T23:18:41] Fitts: MT = -0.0136 + +0.0666 * ID, R^2 = 0.5213 (n_conditions = 17, trials_per_condition = 10)
[2026-06-20T23:18:42] Saved: /Users/ranjotsandhu/Documents/Project/project_assets/outputs/multiseed_run_2/fitts_law.json
[2026-06-20T23:18:42] Saved: /Users/ranjotsandhu/Documents/Project/project_assets/outputs/multiseed_run_2/fitts_law.png
[2026-06-20T23:18:42] Running 2/3 Power Law sweep (20 trials)...
[2026-06-20T23:18:42] Power Law sweep complete in 0.8s
[2026-06-20T23:18:42] Power Law: log V = -0.1261 + -0.3668 * log C, R = -0.3732, R^2 = 0.1393 (n_samples = 3015, n_trials = 0/20)
[2026-06-20T23:18:43] Saved: /Users/ranjotsandhu/Documents/Project/project_assets/outputs/multiseed_run_2/power_law.json
[2026-06-20T23:18:43] Saved: /Users/ranjotsandhu/Documents/Project/project_assets/outputs/multiseed_run_2/power_law.png
[2026-06-20T23:18:43] Session complete. Total wall time: 3:18:13.020957
[2026-06-20T23:18:43] ============================================================
==
