[2026-06-20T20:01:06] Starting Fischer session: algorithm=SAC, timesteps=500,000, direction=EAST, actuation=muscle, waypoints=[[2.3, -1.0], [1.0, 1.5], [2.5, 0.0]]
[2026-06-20T20:01:06] Save dir: /Users/ranjotsandhu/Documents/Project/project_assets/outputs/multiseed_run_1
[2026-06-20T20:01:06] Waypoint mode active: 3 waypoints, current_waypoint_index=0 at every episode reset
[2026-06-20T23:18:41] Training complete in 11854.0s
[2026-06-20T23:18:41] Episodes: 508
[2026-06-20T23:18:41] Best reward: 31638.43
[2026-06-20T23:18:41] Mean reward (100ep): 29994.16
[2026-06-20T23:18:41] Final goal tolerance: 0.6
[2026-06-20T23:18:41] Curriculum stage: 0
[2026-06-20T23:18:41] Saved: {'model': '/Users/ranjotsandhu/Documents/Project/project_assets/outputs/multiseed_run_1/sac_model', 'history': '/Users/ranjotsandhu/Documents/Project/project_assets/outputs/multiseed_run_1/training_history.csv', 'stats': '/Users/ranjotsandhu/Documents/Project/project_assets/outputs/multiseed_run_1/training_stats.json'}
[2026-06-20T23:18:41] Running Fitts' Law sweep (10 trials per condition)...
[2026-06-20T23:18:54] Fitts sweep complete in 12.9s
[2026-06-20T23:18:54] Fitts: MT = +0.0079 + +0.0458 * ID, R^2 = 0.5296 (n_conditions = 20, trials_per_condition = 10)
[2026-06-20T23:18:55] Saved: /Users/ranjotsandhu/Documents/Project/project_assets/outputs/multiseed_run_1/fitts_law.json
[2026-06-20T23:18:55] Saved: /Users/ranjotsandhu/Documents/Project/project_assets/outputs/multiseed_run_1/fitts_law.png
[2026-06-20T23:18:55] Running 2/3 Power Law sweep (20 trials)...
[2026-06-20T23:18:55] Power Law sweep complete in 0.9s
[2026-06-20T23:18:55] Power Law: log V = -0.0538 + -0.5299 * log C, R = -0.2899, R^2 = 0.0840 (n_samples = 3302, n_trials = 0/20)
[2026-06-20T23:18:56] Saved: /Users/ranjotsandhu/Documents/Project/project_assets/outputs/multiseed_run_1/power_law.json
[2026-06-20T23:18:56] Saved: /Users/ranjotsandhu/Documents/Project/project_assets/outputs/multiseed_run_1/power_law.png
[2026-06-20T23:18:56] Session complete. Total wall time: 3:17:49.284082
[2026-06-20T23:18:56] ============================================================
