[2026-08-15T15:03:37] Starting Fischer session: algorithm=SAC, timesteps=500,000, direction=EAST, actuation=velocity, seed=42
[2026-08-15T15:03:37] Save dir: C:\Users\ranjo\OneDrive\Desktop\ARM-Model\project_assets\outputs\ActuationComparison\velocity_500k_seed42
[2026-08-15T15:03:37] Ablation config: hold_decrement=3, hold_curriculum=on, curriculum_mode=eval
Using cpu device
Wrapping the env with a `Monitor` wrapper
Wrapping the env in a DummyVecEnv.
[HoldCurriculum] Initial hold requirement: 10 steps (ladder: [10, 15, 20], threshold: 60%)
----------------------------------
| rollout/           |           |
|    ep_len_mean     | 1e+03     |
|    ep_rew_mean     | -1.99e+03 |
| time/              |           |
|    episodes        | 4         |
|    fps             | 82        |
|    time_elapsed    | 48        |
|    total_timesteps | 4000      |
| train/             |           |
|    actor_loss      | 17.7      |
|    critic_loss     | 0.0726    |
|    ent_coef        | 0.419     |
|    ent_coef_loss   | -2.39     |
|    learning_rate   | 0.0003    |
|    n_updates       | 2999      |
----------------------------------
---------------------------------
| rollout/           |          |
|    ep_len_mean     | 697      |
|    ep_rew_mean     | -379     |
| time/              |          |
|    episodes        | 8        |
|    fps             | 74       |
|    time_elapsed    | 74       |
|    total_timesteps | 5577     |
| train/             |          |
|    actor_loss      | 1.54     |
|    critic_loss     | 7.73     |
|    ent_coef        | 0.283    |
|    ent_coef_loss   | -2.06    |
|    learning_rate   | 0.0003   |
|    n_updates       | 4576     |
---------------------------------
---------------------------------
| rollout/           |          |
|    ep_len_mean     | 516      |
|    ep_rew_mean     | -138     |
| time/              |          |
|    episodes        | 12       |
|    fps             | 72       |
|    time_elapsed    | 85       |
|    total_timesteps | 6193     |
| train/             |          |
|    actor_loss      | 1.06     |
|    critic_loss     | 6.89     |
|    ent_coef        | 0.255    |
|    ent_coef_loss   | -1.34    |
|    learning_rate   | 0.0003   |
|    n_updates       | 5192     |
---------------------------------
---------------------------------
| rollout/           |          |
|    ep_len_mean     | 407      |
|    ep_rew_mean     | -48.2    |
| time/              |          |
|    episodes        | 16       |
|    fps             | 71       |
|    time_elapsed    | 90       |
|    total_timesteps | 6518     |
| train/             |          |
|    actor_loss      | 6.88     |
|    critic_loss     | 45.5     |
|    ent_coef        | 0.246    |
|    ent_coef_loss   | -0.789   |
|    learning_rate   | 0.0003   |
|    n_updates       | 5517     |
---------------------------------
---------------------------------
| rollout/           |          |
|    ep_len_mean     | 342      |
|    ep_rew_mean     | 6.69     |
| time/              |          |
|    episodes        | 20       |
|    fps             | 71       |
|    time_elapsed    | 95       |
|    total_timesteps | 6844     |
| train/             |          |
|    actor_loss      | 0.782    |
|    critic_loss     | 76       |
|    ent_coef        | 0.239    |
|    ent_coef_loss   | -0.281   |
|    learning_rate   | 0.0003   |
|    n_updates       | 5843     |
---------------------------------
---------------------------------
| rollout/           |          |
|    ep_len_mean     | 297      |
|    ep_rew_mean     | 42.1     |
| time/              |          |
|    episodes        | 24       |
|    fps             | 70       |
|    time_elapsed    | 100      |
|    total_timesteps | 7136     |
| train/             |          |
|    actor_loss      | -6.68    |
|    critic_loss     | 92.1     |
|    ent_coef        | 0.237    |
|    ent_coef_loss   | 0.0861   |
|    learning_rate   | 0.0003   |
|    n_updates       | 6135     |
---------------------------------
---------------------------------
| rollout/           |          |
|    ep_len_mean     | 266      |
|    ep_rew_mean     | 71.4     |
| time/              |          |
|    episodes        | 28       |
|    fps             | 70       |
|    time_elapsed    | 105      |
|    total_timesteps | 7440     |
| train/             |          |
|    actor_loss      | -13.5    |
|    critic_loss     | 139      |
|    ent_coef        | 0.24     |
|    ent_coef_loss   | 0.221    |
|    learning_rate   | 0.0003   |
|    n_updates       | 6439     |
---------------------------------
---------------------------------
| rollout/           |          |
|    ep_len_mean     | 242      |
|    ep_rew_mean     | 93.6     |
| time/              |          |
|    episodes        | 32       |
|    fps             | 69       |
|    time_elapsed    | 110      |
|    total_timesteps | 7732     |
| train/             |          |
|    actor_loss      | -8.46    |
|    critic_loss     | 126      |
|    ent_coef        | 0.248    |
|    ent_coef_loss   | 0.322    |
|    learning_rate   | 0.0003   |
|    n_updates       | 6731     |
---------------------------------
---------------------------------
| rollout/           |          |
|    ep_len_mean     | 224      |
|    ep_rew_mean     | 133      |
| time/              |          |
|    episodes        | 36       |
|    fps             | 69       |
|    time_elapsed    | 116      |
|    total_timesteps | 8062     |
| train/             |          |
|    actor_loss      | -21.9    |
|    critic_loss     | 249      |
|    ent_coef        | 0.262    |
|    ent_coef_loss   | 0.276    |
|    learning_rate   | 0.0003   |
|    n_updates       | 7061     |
---------------------------------
---------------------------------
| rollout/           |          |
|    ep_len_mean     | 209      |
|    ep_rew_mean     | 142      |
| time/              |          |
|    episodes        | 40       |
|    fps             | 68       |
|    time_elapsed    | 121      |
|    total_timesteps | 8346     |
| train/             |          |
|    actor_loss      | -21.2    |
|    critic_loss     | 294      |
|    ent_coef        | 0.277    |
|    ent_coef_loss   | 0.908    |
|    learning_rate   | 0.0003   |
|    n_updates       | 7345     |
---------------------------------
---------------------------------
| rollout/           |          |
|    ep_len_mean     | 196      |
|    ep_rew_mean     | 153      |
| time/              |          |
|    episodes        | 44       |
|    fps             | 67       |
|    time_elapsed    | 127      |
|    total_timesteps | 8641     |
| train/             |          |
|    actor_loss      | -28.4    |
|    critic_loss     | 41.7     |
|    ent_coef        | 0.297    |
|    ent_coef_loss   | 0.915    |
|    learning_rate   | 0.0003   |
|    n_updates       | 7640     |
---------------------------------
---------------------------------
| rollout/           |          |
|    ep_len_mean     | 186      |
|    ep_rew_mean     | 161      |
| time/              |          |
|    episodes        | 48       |
|    fps             | 67       |
|    time_elapsed    | 132      |
|    total_timesteps | 8929     |
| train/             |          |
|    actor_loss      | -31.2    |
|    critic_loss     | 49.2     |
|    ent_coef        | 0.321    |
|    ent_coef_loss   | 0.851    |
|    learning_rate   | 0.0003   |
|    n_updates       | 7928     |
---------------------------------
[HoldCurriculum] Advanced to hold=15 steps (success rate 90.0%, stage 1/2)
---------------------------------
| rollout/           |          |
|    ep_len_mean     | 179      |
|    ep_rew_mean     | 176      |
| time/              |          |
|    episodes        | 52       |
|    fps             | 67       |
|    time_elapsed    | 138      |
|    total_timesteps | 9286     |
| train/             |          |
|    actor_loss      | -63.7    |
|    critic_loss     | 129      |
|    ent_coef        | 0.355    |
|    ent_coef_loss   | 0.759    |
|    learning_rate   | 0.0003   |
|    n_updates       | 8285     |
---------------------------------
---------------------------------
| rollout/           |          |
|    ep_len_mean     | 190      |
|    ep_rew_mean     | 292      |
| time/              |          |
|    episodes        | 56       |
|    fps             | 65       |
|    time_elapsed    | 162      |
|    total_timesteps | 10630    |
| train/             |          |
|    actor_loss      | -79.1    |
|    critic_loss     | 135      |
|    ent_coef        | 0.462    |
|    ent_coef_loss   | 0.15     |
|    learning_rate   | 0.0003   |
|    n_updates       | 9629     |
---------------------------------
---------------------------------
| rollout/           |          |
|    ep_len_mean     | 244      |
|    ep_rew_mean     | 1.36e+03 |
| time/              |          |
|    episodes        | 60       |
|    fps             | 64       |
|    time_elapsed    | 228      |
|    total_timesteps | 14630    |
| train/             |          |
|    actor_loss      | -234     |
|    critic_loss     | 36       |
|    ent_coef        | 0.835    |
|    ent_coef_loss   | 0.0101   |
|    learning_rate   | 0.0003   |
|    n_updates       | 13629    |
---------------------------------
---------------------------------
| rollout/           |          |
|    ep_len_mean     | 291      |
|    ep_rew_mean     | 2.58e+03 |
| time/              |          |
|    episodes        | 64       |
|    fps             | 64       |
|    time_elapsed    | 290      |
|    total_timesteps | 18630    |
| train/             |          |
|    actor_loss      | -431     |
|    critic_loss     | 63.7     |
|    ent_coef        | 1.3      |
|    ent_coef_loss   | 0.0089   |
|    learning_rate   | 0.0003   |
|    n_updates       | 17629    |
---------------------------------
---------------------------------
| rollout/           |          |
|    ep_len_mean     | 333      |
|    ep_rew_mean     | 3.67e+03 |
| time/              |          |
|    episodes        | 68       |
|    fps             | 63       |
|    time_elapsed    | 356      |
|    total_timesteps | 22630    |
| train/             |          |
|    actor_loss      | -624     |
|    critic_loss     | 194      |
|    ent_coef        | 1.66     |
|    ent_coef_loss   | -0.0893  |
|    learning_rate   | 0.0003   |
|    n_updates       | 21629    |
---------------------------------
---------------------------------
| rollout/           |          |
|    ep_len_mean     | 370      |
|    ep_rew_mean     | 4.67e+03 |
| time/              |          |
|    episodes        | 72       |
|    fps             | 63       |
|    time_elapsed    | 421      |
|    total_timesteps | 26630    |
| train/             |          |
|    actor_loss      | -774     |
|    critic_loss     | 463      |
|    ent_coef        | 1.96     |
|    ent_coef_loss   | 0.036    |
|    learning_rate   | 0.0003   |
|    n_updates       | 25629    |
---------------------------------
----------------------------------
| rollout/           |           |
|    ep_len_mean     | 403       |
|    ep_rew_mean     | 5.57e+03  |
| time/              |           |
|    episodes        | 76        |
|    fps             | 62        |
|    time_elapsed    | 486       |
|    total_timesteps | 30630     |
| train/             |           |
|    actor_loss      | -944      |
|    critic_loss     | 989       |
|    ent_coef        | 2.09      |
|    ent_coef_loss   | -0.000467 |
|    learning_rate   | 0.0003    |
|    n_updates       | 29629     |
----------------------------------
----------------------------------
| rollout/           |           |
|    ep_len_mean     | 433       |
|    ep_rew_mean     | 6.39e+03  |
| time/              |           |
|    episodes        | 80        |
|    fps             | 62        |
|    time_elapsed    | 551       |
|    total_timesteps | 34630     |
| train/             |           |
|    actor_loss      | -1.07e+03 |
|    critic_loss     | 444       |
|    ent_coef        | 2.18      |
|    ent_coef_loss   | -0.122    |
|    learning_rate   | 0.0003    |
|    n_updates       | 33629     |
----------------------------------
----------------------------------
| rollout/           |           |
|    ep_len_mean     | 460       |
|    ep_rew_mean     | 7.15e+03  |
| time/              |           |
|    episodes        | 84        |
|    fps             | 62        |
|    time_elapsed    | 617       |
|    total_timesteps | 38630     |
| train/             |           |
|    actor_loss      | -1.16e+03 |
|    critic_loss     | 77.3      |
|    ent_coef        | 2.2       |
|    ent_coef_loss   | -0.0968   |
|    learning_rate   | 0.0003    |
|    n_updates       | 37629     |
----------------------------------
----------------------------------
| rollout/           |           |
|    ep_len_mean     | 484       |
|    ep_rew_mean     | 7.84e+03  |
| time/              |           |
|    episodes        | 88        |
|    fps             | 62        |
|    time_elapsed    | 682       |
|    total_timesteps | 42630     |
| train/             |           |
|    actor_loss      | -1.26e+03 |
|    critic_loss     | 1.68e+03  |
|    ent_coef        | 2.22      |
|    ent_coef_loss   | -0.0343   |
|    learning_rate   | 0.0003    |
|    n_updates       | 41629     |
----------------------------------
----------------------------------
| rollout/           |           |
|    ep_len_mean     | 507       |
|    ep_rew_mean     | 8.48e+03  |
| time/              |           |
|    episodes        | 92        |
|    fps             | 62        |
|    time_elapsed    | 745       |
|    total_timesteps | 46630     |
| train/             |           |
|    actor_loss      | -1.34e+03 |
|    critic_loss     | 31.1      |
|    ent_coef        | 2.31      |
|    ent_coef_loss   | -0.0806   |
|    learning_rate   | 0.0003    |
|    n_updates       | 45629     |
----------------------------------
----------------------------------
| rollout/           |           |
|    ep_len_mean     | 527       |
|    ep_rew_mean     | 9.08e+03  |
| time/              |           |
|    episodes        | 96        |
|    fps             | 62        |
|    time_elapsed    | 812       |
|    total_timesteps | 50630     |
| train/             |           |
|    actor_loss      | -1.41e+03 |
|    critic_loss     | 124       |
|    ent_coef        | 2.36      |
|    ent_coef_loss   | -0.0552   |
|    learning_rate   | 0.0003    |
|    n_updates       | 49629     |
----------------------------------
----------------------------------
| rollout/           |           |
|    ep_len_mean     | 546       |
|    ep_rew_mean     | 9.64e+03  |
| time/              |           |
|    episodes        | 100       |
|    fps             | 62        |
|    time_elapsed    | 880       |
|    total_timesteps | 54630     |
| train/             |           |
|    actor_loss      | -1.46e+03 |
|    critic_loss     | 24.8      |
|    ent_coef        | 2.29      |
|    ent_coef_loss   | -0.112    |
|    learning_rate   | 0.0003    |
|    n_updates       | 53629     |
----------------------------------
----------------------------------
| rollout/           |           |
|    ep_len_mean     | 546       |
|    ep_rew_mean     | 1.06e+04  |
| time/              |           |
|    episodes        | 104       |
|    fps             | 61        |
|    time_elapsed    | 948       |
|    total_timesteps | 58630     |
| train/             |           |
|    actor_loss      | -1.54e+03 |
|    critic_loss     | 597       |
|    ent_coef        | 2.19      |
|    ent_coef_loss   | -0.0885   |
|    learning_rate   | 0.0003    |
|    n_updates       | 57629     |
----------------------------------
----------------------------------
| rollout/           |           |
|    ep_len_mean     | 571       |
|    ep_rew_mean     | 1.15e+04  |
| time/              |           |
|    episodes        | 108       |
|    fps             | 61        |
|    time_elapsed    | 1018      |
|    total_timesteps | 62630     |
| train/             |           |
|    actor_loss      | -1.61e+03 |
|    critic_loss     | 212       |
|    ent_coef        | 2.22      |
|    ent_coef_loss   | -0.109    |
|    learning_rate   | 0.0003    |
|    n_updates       | 61629     |
----------------------------------
----------------------------------
| rollout/           |           |
|    ep_len_mean     | 604       |
|    ep_rew_mean     | 1.25e+04  |
| time/              |           |
|    episodes        | 112       |
|    fps             | 61        |
|    time_elapsed    | 1090      |
|    total_timesteps | 66630     |
| train/             |           |
|    actor_loss      | -1.66e+03 |
|    critic_loss     | 181       |
|    ent_coef        | 2.16      |
|    ent_coef_loss   | 0.081     |
|    learning_rate   | 0.0003    |
|    n_updates       | 65629     |
----------------------------------
----------------------------------
| rollout/           |           |
|    ep_len_mean     | 641       |
|    ep_rew_mean     | 1.34e+04  |
| time/              |           |
|    episodes        | 116       |
|    fps             | 60        |
|    time_elapsed    | 1165      |
|    total_timesteps | 70630     |
| train/             |           |
|    actor_loss      | -1.73e+03 |
|    critic_loss     | 981       |
|    ent_coef        | 2.24      |
|    ent_coef_loss   | -0.118    |
|    learning_rate   | 0.0003    |
|    n_updates       | 69629     |
----------------------------------
----------------------------------
| rollout/           |           |
|    ep_len_mean     | 678       |
|    ep_rew_mean     | 1.44e+04  |
| time/              |           |
|    episodes        | 120       |
|    fps             | 60        |
|    time_elapsed    | 1237      |
|    total_timesteps | 74630     |
| train/             |           |
|    actor_loss      | -1.72e+03 |
|    critic_loss     | 37.2      |
|    ent_coef        | 2.4       |
|    ent_coef_loss   | 0.00398   |
|    learning_rate   | 0.0003    |
|    n_updates       | 73629     |
----------------------------------
----------------------------------
| rollout/           |           |
|    ep_len_mean     | 715       |
|    ep_rew_mean     | 1.53e+04  |
| time/              |           |
|    episodes        | 124       |
|    fps             | 60        |
|    time_elapsed    | 1308      |
|    total_timesteps | 78630     |
| train/             |           |
|    actor_loss      | -1.79e+03 |
|    critic_loss     | 1.37e+03  |
|    ent_coef        | 2.39      |
|    ent_coef_loss   | -0.0645   |
|    learning_rate   | 0.0003    |
|    n_updates       | 77629     |
----------------------------------
----------------------------------
| rollout/           |           |
|    ep_len_mean     | 752       |
|    ep_rew_mean     | 1.63e+04  |
| time/              |           |
|    episodes        | 128       |
|    fps             | 59        |
|    time_elapsed    | 1377      |
|    total_timesteps | 82630     |
| train/             |           |
|    actor_loss      | -1.83e+03 |
|    critic_loss     | 154       |
|    ent_coef        | 2.5       |
|    ent_coef_loss   | -0.0219   |
|    learning_rate   | 0.0003    |
|    n_updates       | 81629     |
----------------------------------
----------------------------------
| rollout/           |           |
|    ep_len_mean     | 789       |
|    ep_rew_mean     | 1.73e+04  |
| time/              |           |
|    episodes        | 132       |
|    fps             | 59        |
|    time_elapsed    | 1453      |
|    total_timesteps | 86630     |
| train/             |           |
|    actor_loss      | -1.84e+03 |
|    critic_loss     | 28.1      |
|    ent_coef        | 2.51      |
|    ent_coef_loss   | 0.0325    |
|    learning_rate   | 0.0003    |
|    n_updates       | 85629     |
----------------------------------
----------------------------------
| rollout/           |           |
|    ep_len_mean     | 826       |
|    ep_rew_mean     | 1.83e+04  |
| time/              |           |
|    episodes        | 136       |
|    fps             | 59        |
|    time_elapsed    | 1531      |
|    total_timesteps | 90630     |
| train/             |           |
|    actor_loss      | -1.86e+03 |
|    critic_loss     | 39.7      |
|    ent_coef        | 2.52      |
|    ent_coef_loss   | -0.0694   |
|    learning_rate   | 0.0003    |
|    n_updates       | 89629     |
----------------------------------
---------------------------------
| rollout/           |          |
|    ep_len_mean     | 863      |
|    ep_rew_mean     | 1.93e+04 |
| time/              |          |
|    episodes        | 140      |
|    fps             | 58       |
|    time_elapsed    | 1612     |
|    total_timesteps | 94630    |
| train/             |          |
|    actor_loss      | -1.9e+03 |
|    critic_loss     | 28.8     |
|    ent_coef        | 2.49     |
|    ent_coef_loss   | 0.0653   |
|    learning_rate   | 0.0003   |
|    n_updates       | 93629    |
---------------------------------
----------------------------------
| rollout/           |           |
|    ep_len_mean     | 900       |
|    ep_rew_mean     | 2.02e+04  |
| time/              |           |
|    episodes        | 144       |
|    fps             | 58        |
|    time_elapsed    | 1685      |
|    total_timesteps | 98630     |
| train/             |           |
|    actor_loss      | -1.88e+03 |
|    critic_loss     | 26.7      |
|    ent_coef        | 2.5       |
|    ent_coef_loss   | 0.0579    |
|    learning_rate   | 0.0003    |
|    n_updates       | 97629     |
----------------------------------
----------------------------------
| rollout/           |           |
|    ep_len_mean     | 937       |
|    ep_rew_mean     | 2.12e+04  |
| time/              |           |
|    episodes        | 148       |
|    fps             | 58        |
|    time_elapsed    | 1761      |
|    total_timesteps | 102630    |
| train/             |           |
|    actor_loss      | -1.93e+03 |
|    critic_loss     | 23.3      |
|    ent_coef        | 2.49      |
|    ent_coef_loss   | 0.0288    |
|    learning_rate   | 0.0003    |
|    n_updates       | 101629    |
----------------------------------
----------------------------------
| rollout/           |           |
|    ep_len_mean     | 973       |
|    ep_rew_mean     | 2.22e+04  |
| time/              |           |
|    episodes        | 152       |
|    fps             | 58        |
|    time_elapsed    | 1837      |
|    total_timesteps | 106630    |
| train/             |           |
|    actor_loss      | -1.94e+03 |
|    critic_loss     | 24.5      |
|    ent_coef        | 2.41      |
|    ent_coef_loss   | 0.0403    |
|    learning_rate   | 0.0003    |
|    n_updates       | 105629    |
----------------------------------
----------------------------------
| rollout/           |           |
|    ep_len_mean     | 1e+03     |
|    ep_rew_mean     | 2.31e+04  |
| time/              |           |
|    episodes        | 156       |
|    fps             | 57        |
|    time_elapsed    | 1912      |
|    total_timesteps | 110630    |
| train/             |           |
|    actor_loss      | -1.96e+03 |
|    critic_loss     | 35.8      |
|    ent_coef        | 2.42      |
|    ent_coef_loss   | -0.00498  |
|    learning_rate   | 0.0003    |
|    n_updates       | 109629    |
----------------------------------
---------------------------------
| rollout/           |          |
|    ep_len_mean     | 1e+03    |
|    ep_rew_mean     | 2.35e+04 |
| time/              |          |
|    episodes        | 160      |
|    fps             | 57       |
|    time_elapsed    | 1992     |
|    total_timesteps | 114630   |
| train/             |          |
|    actor_loss      | -2e+03   |
|    critic_loss     | 164      |
|    ent_coef        | 2.3      |
|    ent_coef_loss   | 0.0205   |
|    learning_rate   | 0.0003   |
|    n_updates       | 113629   |
---------------------------------
---------------------------------
| rollout/           |          |
|    ep_len_mean     | 1e+03    |
|    ep_rew_mean     | 2.37e+04 |
| time/              |          |
|    episodes        | 164      |
|    fps             | 57       |
|    time_elapsed    | 2072     |
|    total_timesteps | 118630   |
| train/             |          |
|    actor_loss      | -2e+03   |
|    critic_loss     | 18.8     |
|    ent_coef        | 2.49     |
|    ent_coef_loss   | -0.015   |
|    learning_rate   | 0.0003   |
|    n_updates       | 117629   |
---------------------------------
----------------------------------
| rollout/           |           |
|    ep_len_mean     | 1e+03     |
|    ep_rew_mean     | 2.38e+04  |
| time/              |           |
|    episodes        | 168       |
|    fps             | 57        |
|    time_elapsed    | 2147      |
|    total_timesteps | 122630    |
| train/             |           |
|    actor_loss      | -2.01e+03 |
|    critic_loss     | 22.5      |
|    ent_coef        | 2.57      |
|    ent_coef_loss   | 0.016     |
|    learning_rate   | 0.0003    |
|    n_updates       | 121629    |
----------------------------------
----------------------------------
| rollout/           |           |
|    ep_len_mean     | 1e+03     |
|    ep_rew_mean     | 2.4e+04   |
| time/              |           |
|    episodes        | 172       |
|    fps             | 56        |
|    time_elapsed    | 2231      |
|    total_timesteps | 126630    |
| train/             |           |
|    actor_loss      | -2.04e+03 |
|    critic_loss     | 14.8      |
|    ent_coef        | 2.55      |
|    ent_coef_loss   | 0.00567   |
|    learning_rate   | 0.0003    |
|    n_updates       | 125629    |
----------------------------------
----------------------------------
| rollout/           |           |
|    ep_len_mean     | 1e+03     |
|    ep_rew_mean     | 2.42e+04  |
| time/              |           |
|    episodes        | 176       |
|    fps             | 56        |
|    time_elapsed    | 2312      |
|    total_timesteps | 130630    |
| train/             |           |
|    actor_loss      | -2.03e+03 |
|    critic_loss     | 59.8      |
|    ent_coef        | 2.53      |
|    ent_coef_loss   | 0.0133    |
|    learning_rate   | 0.0003    |
|    n_updates       | 129629    |
----------------------------------
----------------------------------
| rollout/           |           |
|    ep_len_mean     | 1e+03     |
|    ep_rew_mean     | 2.43e+04  |
| time/              |           |
|    episodes        | 180       |
|    fps             | 56        |
|    time_elapsed    | 2391      |
|    total_timesteps | 134630    |
| train/             |           |
|    actor_loss      | -2.08e+03 |
|    critic_loss     | 299       |
|    ent_coef        | 2.55      |
|    ent_coef_loss   | -0.19     |
|    learning_rate   | 0.0003    |
|    n_updates       | 133629    |
----------------------------------
----------------------------------
| rollout/           |           |
|    ep_len_mean     | 1e+03     |
|    ep_rew_mean     | 2.45e+04  |
| time/              |           |
|    episodes        | 184       |
|    fps             | 55        |
|    time_elapsed    | 2476      |
|    total_timesteps | 138630    |
| train/             |           |
|    actor_loss      | -2.09e+03 |
|    critic_loss     | 40.9      |
|    ent_coef        | 2.52      |
|    ent_coef_loss   | -0.139    |
|    learning_rate   | 0.0003    |
|    n_updates       | 137629    |
----------------------------------
----------------------------------
| rollout/           |           |
|    ep_len_mean     | 1e+03     |
|    ep_rew_mean     | 2.46e+04  |
| time/              |           |
|    episodes        | 188       |
|    fps             | 55        |
|    time_elapsed    | 2552      |
|    total_timesteps | 142630    |
| train/             |           |
|    actor_loss      | -2.09e+03 |
|    critic_loss     | 20.8      |
|    ent_coef        | 2.5       |
|    ent_coef_loss   | -0.0661   |
|    learning_rate   | 0.0003    |
|    n_updates       | 141629    |
----------------------------------
----------------------------------
| rollout/           |           |
|    ep_len_mean     | 1e+03     |
|    ep_rew_mean     | 2.48e+04  |
| time/              |           |
|    episodes        | 192       |
|    fps             | 55        |
|    time_elapsed    | 2626      |
|    total_timesteps | 146630    |
| train/             |           |
|    actor_loss      | -2.11e+03 |
|    critic_loss     | 27.7      |
|    ent_coef        | 2.47      |
|    ent_coef_loss   | -0.0582   |
|    learning_rate   | 0.0003    |
|    n_updates       | 145629    |
----------------------------------
----------------------------------
| rollout/           |           |
|    ep_len_mean     | 1e+03     |
|    ep_rew_mean     | 2.49e+04  |
| time/              |           |
|    episodes        | 196       |
|    fps             | 55        |
|    time_elapsed    | 2696      |
|    total_timesteps | 150630    |
| train/             |           |
|    actor_loss      | -2.09e+03 |
|    critic_loss     | 20.2      |
|    ent_coef        | 2.5       |
|    ent_coef_loss   | 0.107     |
|    learning_rate   | 0.0003    |
|    n_updates       | 149629    |
----------------------------------
----------------------------------
| rollout/           |           |
|    ep_len_mean     | 1e+03     |
|    ep_rew_mean     | 2.5e+04   |
| time/              |           |
|    episodes        | 200       |
|    fps             | 55        |
|    time_elapsed    | 2768      |
|    total_timesteps | 154630    |
| train/             |           |
|    actor_loss      | -2.13e+03 |
|    critic_loss     | 20.1      |
|    ent_coef        | 2.43      |
|    ent_coef_loss   | -0.166    |
|    learning_rate   | 0.0003    |
|    n_updates       | 153629    |
----------------------------------
---------------------------------
| rollout/           |          |
|    ep_len_mean     | 1e+03    |
|    ep_rew_mean     | 2.52e+04 |
| time/              |          |
|    episodes        | 204      |
|    fps             | 55       |
|    time_elapsed    | 2840     |
|    total_timesteps | 158630   |
| train/             |          |
|    actor_loss      | -2.1e+03 |
|    critic_loss     | 27.1     |
|    ent_coef        | 2.42     |
|    ent_coef_loss   | -0.115   |
|    learning_rate   | 0.0003   |
|    n_updates       | 157629   |
---------------------------------
----------------------------------
| rollout/           |           |
|    ep_len_mean     | 1e+03     |
|    ep_rew_mean     | 2.53e+04  |
| time/              |           |
|    episodes        | 208       |
|    fps             | 55        |
|    time_elapsed    | 2912      |
|    total_timesteps | 162630    |
| train/             |           |
|    actor_loss      | -2.15e+03 |
|    critic_loss     | 21        |
|    ent_coef        | 2.4       |
|    ent_coef_loss   | 0.108     |
|    learning_rate   | 0.0003    |
|    n_updates       | 161629    |
----------------------------------
----------------------------------
| rollout/           |           |
|    ep_len_mean     | 1e+03     |
|    ep_rew_mean     | 2.54e+04  |
| time/              |           |
|    episodes        | 212       |
|    fps             | 55        |
|    time_elapsed    | 2985      |
|    total_timesteps | 166630    |
| train/             |           |
|    actor_loss      | -2.16e+03 |
|    critic_loss     | 37.1      |
|    ent_coef        | 2.38      |
|    ent_coef_loss   | -0.0645   |
|    learning_rate   | 0.0003    |
|    n_updates       | 165629    |
----------------------------------
----------------------------------
| rollout/           |           |
|    ep_len_mean     | 1e+03     |
|    ep_rew_mean     | 2.55e+04  |
| time/              |           |
|    episodes        | 216       |
|    fps             | 55        |
|    time_elapsed    | 3058      |
|    total_timesteps | 170630    |
| train/             |           |
|    actor_loss      | -2.17e+03 |
|    critic_loss     | 29.9      |
|    ent_coef        | 2.33      |
|    ent_coef_loss   | 0.0267    |
|    learning_rate   | 0.0003    |
|    n_updates       | 169629    |
----------------------------------
----------------------------------
| rollout/           |           |
|    ep_len_mean     | 1e+03     |
|    ep_rew_mean     | 2.56e+04  |
| time/              |           |
|    episodes        | 220       |
|    fps             | 55        |
|    time_elapsed    | 3130      |
|    total_timesteps | 174630    |
| train/             |           |
|    actor_loss      | -2.13e+03 |
|    critic_loss     | 22.1      |
|    ent_coef        | 2.31      |
|    ent_coef_loss   | 0.0722    |
|    learning_rate   | 0.0003    |
|    n_updates       | 173629    |
----------------------------------
----------------------------------
| rollout/           |           |
|    ep_len_mean     | 1e+03     |
|    ep_rew_mean     | 2.56e+04  |
| time/              |           |
|    episodes        | 224       |
|    fps             | 55        |
|    time_elapsed    | 3202      |
|    total_timesteps | 178630    |
| train/             |           |
|    actor_loss      | -2.19e+03 |
|    critic_loss     | 130       |
|    ent_coef        | 2.3       |
|    ent_coef_loss   | 0.0612    |
|    learning_rate   | 0.0003    |
|    n_updates       | 177629    |
----------------------------------
----------------------------------
| rollout/           |           |
|    ep_len_mean     | 1e+03     |
|    ep_rew_mean     | 2.57e+04  |
| time/              |           |
|    episodes        | 228       |
|    fps             | 55        |
|    time_elapsed    | 3275      |
|    total_timesteps | 182630    |
| train/             |           |
|    actor_loss      | -2.21e+03 |
|    critic_loss     | 178       |
|    ent_coef        | 2.3       |
|    ent_coef_loss   | -0.0717   |
|    learning_rate   | 0.0003    |
|    n_updates       | 181629    |
----------------------------------
----------------------------------
| rollout/           |           |
|    ep_len_mean     | 1e+03     |
|    ep_rew_mean     | 2.58e+04  |
| time/              |           |
|    episodes        | 232       |
|    fps             | 55        |
|    time_elapsed    | 3348      |
|    total_timesteps | 186630    |
| train/             |           |
|    actor_loss      | -2.18e+03 |
|    critic_loss     | 29.6      |
|    ent_coef        | 2.25      |
|    ent_coef_loss   | 0.0149    |
|    learning_rate   | 0.0003    |
|    n_updates       | 185629    |
----------------------------------
----------------------------------
| rollout/           |           |
|    ep_len_mean     | 1e+03     |
|    ep_rew_mean     | 2.59e+04  |
| time/              |           |
|    episodes        | 236       |
|    fps             | 55        |
|    time_elapsed    | 3426      |
|    total_timesteps | 190630    |
| train/             |           |
|    actor_loss      | -2.23e+03 |
|    critic_loss     | 26.2      |
|    ent_coef        | 2.23      |
|    ent_coef_loss   | -0.0557   |
|    learning_rate   | 0.0003    |
|    n_updates       | 189629    |
----------------------------------
----------------------------------
| rollout/           |           |
|    ep_len_mean     | 1e+03     |
|    ep_rew_mean     | 2.59e+04  |
| time/              |           |
|    episodes        | 240       |
|    fps             | 55        |
|    time_elapsed    | 3503      |
|    total_timesteps | 194630    |
| train/             |           |
|    actor_loss      | -2.26e+03 |
|    critic_loss     | 25        |
|    ent_coef        | 2.2       |
|    ent_coef_loss   | 0.00124   |
|    learning_rate   | 0.0003    |
|    n_updates       | 193629    |
----------------------------------
----------------------------------
| rollout/           |           |
|    ep_len_mean     | 1e+03     |
|    ep_rew_mean     | 2.6e+04   |
| time/              |           |
|    episodes        | 244       |
|    fps             | 55        |
|    time_elapsed    | 3576      |
|    total_timesteps | 198630    |
| train/             |           |
|    actor_loss      | -2.25e+03 |
|    critic_loss     | 33.2      |
|    ent_coef        | 2.2       |
|    ent_coef_loss   | -0.0692   |
|    learning_rate   | 0.0003    |
|    n_updates       | 197629    |
----------------------------------
----------------------------------
| rollout/           |           |
|    ep_len_mean     | 1e+03     |
|    ep_rew_mean     | 2.61e+04  |
| time/              |           |
|    episodes        | 248       |
|    fps             | 55        |
|    time_elapsed    | 3652      |
|    total_timesteps | 202630    |
| train/             |           |
|    actor_loss      | -2.27e+03 |
|    critic_loss     | 19.7      |
|    ent_coef        | 2.18      |
|    ent_coef_loss   | 0.133     |
|    learning_rate   | 0.0003    |
|    n_updates       | 201629    |
----------------------------------
----------------------------------
| rollout/           |           |
|    ep_len_mean     | 1e+03     |
|    ep_rew_mean     | 2.61e+04  |
| time/              |           |
|    episodes        | 252       |
|    fps             | 55        |
|    time_elapsed    | 3732      |
|    total_timesteps | 206630    |
| train/             |           |
|    actor_loss      | -2.28e+03 |
|    critic_loss     | 22.4      |
|    ent_coef        | 2.09      |
|    ent_coef_loss   | -0.0545   |
|    learning_rate   | 0.0003    |
|    n_updates       | 205629    |
----------------------------------
----------------------------------
| rollout/           |           |
|    ep_len_mean     | 1e+03     |
|    ep_rew_mean     | 2.62e+04  |
| time/              |           |
|    episodes        | 256       |
|    fps             | 55        |
|    time_elapsed    | 3810      |
|    total_timesteps | 210630    |
| train/             |           |
|    actor_loss      | -2.34e+03 |
|    critic_loss     | 18.3      |
|    ent_coef        | 2.02      |
|    ent_coef_loss   | -0.0322   |
|    learning_rate   | 0.0003    |
|    n_updates       | 209629    |
----------------------------------
----------------------------------
| rollout/           |           |
|    ep_len_mean     | 1e+03     |
|    ep_rew_mean     | 2.62e+04  |
| time/              |           |
|    episodes        | 260       |
|    fps             | 55        |
|    time_elapsed    | 3889      |
|    total_timesteps | 214630    |
| train/             |           |
|    actor_loss      | -2.33e+03 |
|    critic_loss     | 19.1      |
|    ent_coef        | 1.89      |
|    ent_coef_loss   | -0.0635   |
|    learning_rate   | 0.0003    |
|    n_updates       | 213629    |
----------------------------------
----------------------------------
| rollout/           |           |
|    ep_len_mean     | 1e+03     |
|    ep_rew_mean     | 2.63e+04  |
| time/              |           |
|    episodes        | 264       |
|    fps             | 55        |
|    time_elapsed    | 3966      |
|    total_timesteps | 218630    |
| train/             |           |
|    actor_loss      | -2.34e+03 |
|    critic_loss     | 8.21      |
|    ent_coef        | 1.73      |
|    ent_coef_loss   | 0.0422    |
|    learning_rate   | 0.0003    |
|    n_updates       | 217629    |
----------------------------------
----------------------------------
| rollout/           |           |
|    ep_len_mean     | 1e+03     |
|    ep_rew_mean     | 2.63e+04  |
| time/              |           |
|    episodes        | 268       |
|    fps             | 55        |
|    time_elapsed    | 4043      |
|    total_timesteps | 222630    |
| train/             |           |
|    actor_loss      | -2.39e+03 |
|    critic_loss     | 14.5      |
|    ent_coef        | 1.63      |
|    ent_coef_loss   | 0.0203    |
|    learning_rate   | 0.0003    |
|    n_updates       | 221629    |
----------------------------------
---------------------------------
| rollout/           |          |
|    ep_len_mean     | 1e+03    |
|    ep_rew_mean     | 2.64e+04 |
| time/              |          |
|    episodes        | 272      |
|    fps             | 54       |
|    time_elapsed    | 4124     |
|    total_timesteps | 226630   |
| train/             |          |
|    actor_loss      | -2.4e+03 |
|    critic_loss     | 10.6     |
|    ent_coef        | 1.57     |
|    ent_coef_loss   | -0.0489  |
|    learning_rate   | 0.0003   |
|    n_updates       | 225629   |
---------------------------------
----------------------------------
| rollout/           |           |
|    ep_len_mean     | 1e+03     |
|    ep_rew_mean     | 2.64e+04  |
| time/              |           |
|    episodes        | 276       |
|    fps             | 54        |
|    time_elapsed    | 4197      |
|    total_timesteps | 230630    |
| train/             |           |
|    actor_loss      | -2.39e+03 |
|    critic_loss     | 6.21      |
|    ent_coef        | 1.49      |
|    ent_coef_loss   | -0.0154   |
|    learning_rate   | 0.0003    |
|    n_updates       | 229629    |
----------------------------------
----------------------------------
| rollout/           |           |
|    ep_len_mean     | 1e+03     |
|    ep_rew_mean     | 2.64e+04  |
| time/              |           |
|    episodes        | 280       |
|    fps             | 54        |
|    time_elapsed    | 4275      |
|    total_timesteps | 234630    |
| train/             |           |
|    actor_loss      | -2.42e+03 |
|    critic_loss     | 7.06      |
|    ent_coef        | 1.41      |
|    ent_coef_loss   | 0.0017    |
|    learning_rate   | 0.0003    |
|    n_updates       | 233629    |
----------------------------------
----------------------------------
| rollout/           |           |
|    ep_len_mean     | 1e+03     |
|    ep_rew_mean     | 2.65e+04  |
| time/              |           |
|    episodes        | 284       |
|    fps             | 54        |
|    time_elapsed    | 4357      |
|    total_timesteps | 238630    |
| train/             |           |
|    actor_loss      | -2.45e+03 |
|    critic_loss     | 8.19      |
|    ent_coef        | 1.35      |
|    ent_coef_loss   | 0.00841   |
|    learning_rate   | 0.0003    |
|    n_updates       | 237629    |
----------------------------------
----------------------------------
| rollout/           |           |
|    ep_len_mean     | 1e+03     |
|    ep_rew_mean     | 2.65e+04  |
| time/              |           |
|    episodes        | 288       |
|    fps             | 54        |
|    time_elapsed    | 4433      |
|    total_timesteps | 242630    |
| train/             |           |
|    actor_loss      | -2.47e+03 |
|    critic_loss     | 10.8      |
|    ent_coef        | 1.28      |
|    ent_coef_loss   | 0.0298    |
|    learning_rate   | 0.0003    |
|    n_updates       | 241629    |
----------------------------------
---------------------------------
| rollout/           |          |
|    ep_len_mean     | 1e+03    |
|    ep_rew_mean     | 2.65e+04 |
| time/              |          |
|    episodes        | 292      |
|    fps             | 54       |
|    time_elapsed    | 4508     |
|    total_timesteps | 246630   |
| train/             |          |
|    actor_loss      | -2.5e+03 |
|    critic_loss     | 7.28     |
|    ent_coef        | 1.21     |
|    ent_coef_loss   | -0.0203  |
|    learning_rate   | 0.0003   |
|    n_updates       | 245629   |
---------------------------------
----------------------------------
| rollout/           |           |
|    ep_len_mean     | 1e+03     |
|    ep_rew_mean     | 2.66e+04  |
| time/              |           |
|    episodes        | 296       |
|    fps             | 54        |
|    time_elapsed    | 4583      |
|    total_timesteps | 250630    |
| train/             |           |
|    actor_loss      | -2.49e+03 |
|    critic_loss     | 7.65      |
|    ent_coef        | 1.19      |
|    ent_coef_loss   | 0.0368    |
|    learning_rate   | 0.0003    |
|    n_updates       | 249629    |
----------------------------------
----------------------------------
| rollout/           |           |
|    ep_len_mean     | 993       |
|    ep_rew_mean     | 2.64e+04  |
| time/              |           |
|    episodes        | 300       |
|    fps             | 54        |
|    time_elapsed    | 4646      |
|    total_timesteps | 253975    |
| train/             |           |
|    actor_loss      | -2.53e+03 |
|    critic_loss     | 5.13      |
|    ent_coef        | 1.18      |
|    ent_coef_loss   | 0.00517   |
|    learning_rate   | 0.0003    |
|    n_updates       | 252974    |
----------------------------------
----------------------------------
| rollout/           |           |
|    ep_len_mean     | 993       |
|    ep_rew_mean     | 2.64e+04  |
| time/              |           |
|    episodes        | 304       |
|    fps             | 54        |
|    time_elapsed    | 4719      |
|    total_timesteps | 257975    |
| train/             |           |
|    actor_loss      | -2.54e+03 |
|    critic_loss     | 9.05      |
|    ent_coef        | 1.17      |
|    ent_coef_loss   | 0.0138    |
|    learning_rate   | 0.0003    |
|    n_updates       | 256974    |
----------------------------------
----------------------------------
| rollout/           |           |
|    ep_len_mean     | 993       |
|    ep_rew_mean     | 2.65e+04  |
| time/              |           |
|    episodes        | 308       |
|    fps             | 54        |
|    time_elapsed    | 4790      |
|    total_timesteps | 261975    |
| train/             |           |
|    actor_loss      | -2.55e+03 |
|    critic_loss     | 6.22      |
|    ent_coef        | 1.14      |
|    ent_coef_loss   | 0.00718   |
|    learning_rate   | 0.0003    |
|    n_updates       | 260974    |
----------------------------------
----------------------------------
| rollout/           |           |
|    ep_len_mean     | 993       |
|    ep_rew_mean     | 2.65e+04  |
| time/              |           |
|    episodes        | 312       |
|    fps             | 54        |
|    time_elapsed    | 4867      |
|    total_timesteps | 265975    |
| train/             |           |
|    actor_loss      | -2.54e+03 |
|    critic_loss     | 8.16      |
|    ent_coef        | 1.1       |
|    ent_coef_loss   | 0.000121  |
|    learning_rate   | 0.0003    |
|    n_updates       | 264974    |
----------------------------------
----------------------------------
| rollout/           |           |
|    ep_len_mean     | 993       |
|    ep_rew_mean     | 2.65e+04  |
| time/              |           |
|    episodes        | 316       |
|    fps             | 54        |
|    time_elapsed    | 4941      |
|    total_timesteps | 269975    |
| train/             |           |
|    actor_loss      | -2.55e+03 |
|    critic_loss     | 8.12      |
|    ent_coef        | 1.08      |
|    ent_coef_loss   | 0.00699   |
|    learning_rate   | 0.0003    |
|    n_updates       | 268974    |
----------------------------------
----------------------------------
| rollout/           |           |
|    ep_len_mean     | 993       |
|    ep_rew_mean     | 2.66e+04  |
| time/              |           |
|    episodes        | 320       |
|    fps             | 54        |
|    time_elapsed    | 5017      |
|    total_timesteps | 273975    |
| train/             |           |
|    actor_loss      | -2.57e+03 |
|    critic_loss     | 4.96      |
|    ent_coef        | 1.03      |
|    ent_coef_loss   | -0.00263  |
|    learning_rate   | 0.0003    |
|    n_updates       | 272974    |
----------------------------------
----------------------------------
| rollout/           |           |
|    ep_len_mean     | 993       |
|    ep_rew_mean     | 2.66e+04  |
| time/              |           |
|    episodes        | 324       |
|    fps             | 54        |
|    time_elapsed    | 5094      |
|    total_timesteps | 277975    |
| train/             |           |
|    actor_loss      | -2.59e+03 |
|    critic_loss     | 60.9      |
|    ent_coef        | 1.04      |
|    ent_coef_loss   | 0.000518  |
|    learning_rate   | 0.0003    |
|    n_updates       | 276974    |
----------------------------------
----------------------------------
| rollout/           |           |
|    ep_len_mean     | 993       |
|    ep_rew_mean     | 2.66e+04  |
| time/              |           |
|    episodes        | 328       |
|    fps             | 54        |
|    time_elapsed    | 5169      |
|    total_timesteps | 281975    |
| train/             |           |
|    actor_loss      | -2.59e+03 |
|    critic_loss     | 4.88      |
|    ent_coef        | 1.04      |
|    ent_coef_loss   | 0.00112   |
|    learning_rate   | 0.0003    |
|    n_updates       | 280974    |
----------------------------------
----------------------------------
| rollout/           |           |
|    ep_len_mean     | 993       |
|    ep_rew_mean     | 2.66e+04  |
| time/              |           |
|    episodes        | 332       |
|    fps             | 54        |
|    time_elapsed    | 5245      |
|    total_timesteps | 285975    |
| train/             |           |
|    actor_loss      | -2.63e+03 |
|    critic_loss     | 31.8      |
|    ent_coef        | 1.03      |
|    ent_coef_loss   | -0.000828 |
|    learning_rate   | 0.0003    |
|    n_updates       | 284974    |
----------------------------------
---------------------------------
| rollout/           |          |
|    ep_len_mean     | 991      |
|    ep_rew_mean     | 2.66e+04 |
| time/              |          |
|    episodes        | 336      |
|    fps             | 54       |
|    time_elapsed    | 5314     |
|    total_timesteps | 289699   |
| train/             |          |
|    actor_loss      | -2.6e+03 |
|    critic_loss     | 3.7      |
|    ent_coef        | 1.03     |
|    ent_coef_loss   | 0.00337  |
|    learning_rate   | 0.0003   |
|    n_updates       | 288698   |
---------------------------------
----------------------------------
| rollout/           |           |
|    ep_len_mean     | 985       |
|    ep_rew_mean     | 2.65e+04  |
| time/              |           |
|    episodes        | 340       |
|    fps             | 54        |
|    time_elapsed    | 5376      |
|    total_timesteps | 293123    |
| train/             |           |
|    actor_loss      | -2.62e+03 |
|    critic_loss     | 6.13      |
|    ent_coef        | 1.02      |
|    ent_coef_loss   | 0.00124   |
|    learning_rate   | 0.0003    |
|    n_updates       | 292122    |
----------------------------------
----------------------------------
| rollout/           |           |
|    ep_len_mean     | 985       |
|    ep_rew_mean     | 2.65e+04  |
| time/              |           |
|    episodes        | 344       |
|    fps             | 54        |
|    time_elapsed    | 5455      |
|    total_timesteps | 297123    |
| train/             |           |
|    actor_loss      | -2.63e+03 |
|    critic_loss     | 8.77      |
|    ent_coef        | 1.02      |
|    ent_coef_loss   | -0.0011   |
|    learning_rate   | 0.0003    |
|    n_updates       | 296122    |
----------------------------------
----------------------------------
| rollout/           |           |
|    ep_len_mean     | 985       |
|    ep_rew_mean     | 2.65e+04  |
| time/              |           |
|    episodes        | 348       |
|    fps             | 54        |
|    time_elapsed    | 5531      |
|    total_timesteps | 301123    |
| train/             |           |
|    actor_loss      | -2.64e+03 |
|    critic_loss     | 5.78      |
|    ent_coef        | 1.07      |
|    ent_coef_loss   | 0.0106    |
|    learning_rate   | 0.0003    |
|    n_updates       | 300122    |
----------------------------------
----------------------------------
| rollout/           |           |
|    ep_len_mean     | 985       |
|    ep_rew_mean     | 2.65e+04  |
| time/              |           |
|    episodes        | 352       |
|    fps             | 54        |
|    time_elapsed    | 5608      |
|    total_timesteps | 305123    |
| train/             |           |
|    actor_loss      | -2.61e+03 |
|    critic_loss     | 6.19      |
|    ent_coef        | 1.05      |
|    ent_coef_loss   | -0.000658 |
|    learning_rate   | 0.0003    |
|    n_updates       | 304122    |
----------------------------------
----------------------------------
| rollout/           |           |
|    ep_len_mean     | 985       |
|    ep_rew_mean     | 2.66e+04  |
| time/              |           |
|    episodes        | 356       |
|    fps             | 54        |
|    time_elapsed    | 5684      |
|    total_timesteps | 309123    |
| train/             |           |
|    actor_loss      | -2.63e+03 |
|    critic_loss     | 20.9      |
|    ent_coef        | 1.01      |
|    ent_coef_loss   | -0.000617 |
|    learning_rate   | 0.0003    |
|    n_updates       | 308122    |
----------------------------------
----------------------------------
| rollout/           |           |
|    ep_len_mean     | 985       |
|    ep_rew_mean     | 2.66e+04  |
| time/              |           |
|    episodes        | 360       |
|    fps             | 54        |
|    time_elapsed    | 5760      |
|    total_timesteps | 313123    |
| train/             |           |
|    actor_loss      | -2.63e+03 |
|    critic_loss     | 2.69      |
|    ent_coef        | 0.988     |
|    ent_coef_loss   | 3.87e-05  |
|    learning_rate   | 0.0003    |
|    n_updates       | 312122    |
----------------------------------
----------------------------------
| rollout/           |           |
|    ep_len_mean     | 985       |
|    ep_rew_mean     | 2.66e+04  |
| time/              |           |
|    episodes        | 364       |
|    fps             | 54        |
|    time_elapsed    | 5837      |
|    total_timesteps | 317123    |
| train/             |           |
|    actor_loss      | -2.62e+03 |
|    critic_loss     | 4.53      |
|    ent_coef        | 0.982     |
|    ent_coef_loss   | 0.00143   |
|    learning_rate   | 0.0003    |
|    n_updates       | 316122    |
----------------------------------
----------------------------------
| rollout/           |           |
|    ep_len_mean     | 985       |
|    ep_rew_mean     | 2.66e+04  |
| time/              |           |
|    episodes        | 368       |
|    fps             | 54        |
|    time_elapsed    | 5911      |
|    total_timesteps | 321123    |
| train/             |           |
|    actor_loss      | -2.61e+03 |
|    critic_loss     | 4.02      |
|    ent_coef        | 0.96      |
|    ent_coef_loss   | 0.000553  |
|    learning_rate   | 0.0003    |
|    n_updates       | 320122    |
----------------------------------
----------------------------------
| rollout/           |           |
|    ep_len_mean     | 985       |
|    ep_rew_mean     | 2.67e+04  |
| time/              |           |
|    episodes        | 372       |
|    fps             | 54        |
|    time_elapsed    | 5989      |
|    total_timesteps | 325123    |
| train/             |           |
|    actor_loss      | -2.66e+03 |
|    critic_loss     | 33.8      |
|    ent_coef        | 0.941     |
|    ent_coef_loss   | 0.00186   |
|    learning_rate   | 0.0003    |
|    n_updates       | 324122    |
----------------------------------
----------------------------------
| rollout/           |           |
|    ep_len_mean     | 985       |
|    ep_rew_mean     | 2.67e+04  |
| time/              |           |
|    episodes        | 376       |
|    fps             | 54        |
|    time_elapsed    | 6071      |
|    total_timesteps | 329123    |
| train/             |           |
|    actor_loss      | -2.61e+03 |
|    critic_loss     | 11.1      |
|    ent_coef        | 0.951     |
|    ent_coef_loss   | 0.00413   |
|    learning_rate   | 0.0003    |
|    n_updates       | 328122    |
----------------------------------
----------------------------------
| rollout/           |           |
|    ep_len_mean     | 985       |
|    ep_rew_mean     | 2.67e+04  |
| time/              |           |
|    episodes        | 380       |
|    fps             | 54        |
|    time_elapsed    | 6156      |
|    total_timesteps | 333123    |
| train/             |           |
|    actor_loss      | -2.67e+03 |
|    critic_loss     | 2.21e+04  |
|    ent_coef        | 0.966     |
|    ent_coef_loss   | -0.00182  |
|    learning_rate   | 0.0003    |
|    n_updates       | 332122    |
----------------------------------
----------------------------------
| rollout/           |           |
|    ep_len_mean     | 985       |
|    ep_rew_mean     | 2.67e+04  |
| time/              |           |
|    episodes        | 384       |
|    fps             | 53        |
|    time_elapsed    | 6245      |
|    total_timesteps | 337123    |
| train/             |           |
|    actor_loss      | -2.67e+03 |
|    critic_loss     | 3.09      |
|    ent_coef        | 0.936     |
|    ent_coef_loss   | -0.000649 |
|    learning_rate   | 0.0003    |
|    n_updates       | 336122    |
----------------------------------
----------------------------------
| rollout/           |           |
|    ep_len_mean     | 985       |
|    ep_rew_mean     | 2.67e+04  |
| time/              |           |
|    episodes        | 388       |
|    fps             | 53        |
|    time_elapsed    | 6329      |
|    total_timesteps | 341123    |
| train/             |           |
|    actor_loss      | -2.67e+03 |
|    critic_loss     | 3.55      |
|    ent_coef        | 0.917     |
|    ent_coef_loss   | -0.00682  |
|    learning_rate   | 0.0003    |
|    n_updates       | 340122    |
----------------------------------
----------------------------------
| rollout/           |           |
|    ep_len_mean     | 985       |
|    ep_rew_mean     | 2.67e+04  |
| time/              |           |
|    episodes        | 392       |
|    fps             | 53        |
|    time_elapsed    | 6408      |
|    total_timesteps | 345123    |
| train/             |           |
|    actor_loss      | -2.68e+03 |
|    critic_loss     | 5.96      |
|    ent_coef        | 0.881     |
|    ent_coef_loss   | 0.000137  |
|    learning_rate   | 0.0003    |
|    n_updates       | 344122    |
----------------------------------
----------------------------------
| rollout/           |           |
|    ep_len_mean     | 985       |
|    ep_rew_mean     | 2.67e+04  |
| time/              |           |
|    episodes        | 396       |
|    fps             | 53        |
|    time_elapsed    | 6484      |
|    total_timesteps | 349123    |
| train/             |           |
|    actor_loss      | -2.68e+03 |
|    critic_loss     | 3.17      |
|    ent_coef        | 0.934     |
|    ent_coef_loss   | -0.00426  |
|    learning_rate   | 0.0003    |
|    n_updates       | 348122    |
----------------------------------
----------------------------------
| rollout/           |           |
|    ep_len_mean     | 991       |
|    ep_rew_mean     | 2.7e+04   |
| time/              |           |
|    episodes        | 400       |
|    fps             | 53        |
|    time_elapsed    | 6564      |
|    total_timesteps | 353123    |
| train/             |           |
|    actor_loss      | -2.67e+03 |
|    critic_loss     | 6.28      |
|    ent_coef        | 0.88      |
|    ent_coef_loss   | -0.00573  |
|    learning_rate   | 0.0003    |
|    n_updates       | 352122    |
----------------------------------
----------------------------------
| rollout/           |           |
|    ep_len_mean     | 991       |
|    ep_rew_mean     | 2.7e+04   |
| time/              |           |
|    episodes        | 404       |
|    fps             | 53        |
|    time_elapsed    | 6651      |
|    total_timesteps | 357123    |
| train/             |           |
|    actor_loss      | -2.65e+03 |
|    critic_loss     | 6.3       |
|    ent_coef        | 0.92      |
|    ent_coef_loss   | -0.00012  |
|    learning_rate   | 0.0003    |
|    n_updates       | 356122    |
----------------------------------
----------------------------------
| rollout/           |           |
|    ep_len_mean     | 991       |
|    ep_rew_mean     | 2.7e+04   |
| time/              |           |
|    episodes        | 408       |
|    fps             | 53        |
|    time_elapsed    | 6734      |
|    total_timesteps | 361123    |
| train/             |           |
|    actor_loss      | -2.68e+03 |
|    critic_loss     | 3.21      |
|    ent_coef        | 0.896     |
|    ent_coef_loss   | 0.00461   |
|    learning_rate   | 0.0003    |
|    n_updates       | 360122    |
----------------------------------
----------------------------------
| rollout/           |           |
|    ep_len_mean     | 991       |
|    ep_rew_mean     | 2.7e+04   |
| time/              |           |
|    episodes        | 412       |
|    fps             | 53        |
|    time_elapsed    | 6816      |
|    total_timesteps | 365123    |
| train/             |           |
|    actor_loss      | -2.68e+03 |
|    critic_loss     | 2.87      |
|    ent_coef        | 0.916     |
|    ent_coef_loss   | 0.00527   |
|    learning_rate   | 0.0003    |
|    n_updates       | 364122    |
----------------------------------
----------------------------------
| rollout/           |           |
|    ep_len_mean     | 991       |
|    ep_rew_mean     | 2.7e+04   |
| time/              |           |
|    episodes        | 416       |
|    fps             | 53        |
|    time_elapsed    | 6905      |
|    total_timesteps | 369123    |
| train/             |           |
|    actor_loss      | -2.69e+03 |
|    critic_loss     | 3.65      |
|    ent_coef        | 0.894     |
|    ent_coef_loss   | 0.00446   |
|    learning_rate   | 0.0003    |
|    n_updates       | 368122    |
----------------------------------
----------------------------------
| rollout/           |           |
|    ep_len_mean     | 991       |
|    ep_rew_mean     | 2.7e+04   |
| time/              |           |
|    episodes        | 420       |
|    fps             | 53        |
|    time_elapsed    | 6987      |
|    total_timesteps | 373123    |
| train/             |           |
|    actor_loss      | -2.66e+03 |
|    critic_loss     | 6.54      |
|    ent_coef        | 0.9       |
|    ent_coef_loss   | -0.00983  |
|    learning_rate   | 0.0003    |
|    n_updates       | 372122    |
----------------------------------
----------------------------------
| rollout/           |           |
|    ep_len_mean     | 991       |
|    ep_rew_mean     | 2.7e+04   |
| time/              |           |
|    episodes        | 424       |
|    fps             | 53        |
|    time_elapsed    | 7061      |
|    total_timesteps | 377123    |
| train/             |           |
|    actor_loss      | -2.68e+03 |
|    critic_loss     | 10.8      |
|    ent_coef        | 0.852     |
|    ent_coef_loss   | 0.00638   |
|    learning_rate   | 0.0003    |
|    n_updates       | 376122    |
----------------------------------
----------------------------------
| rollout/           |           |
|    ep_len_mean     | 991       |
|    ep_rew_mean     | 2.7e+04   |
| time/              |           |
|    episodes        | 428       |
|    fps             | 53        |
|    time_elapsed    | 7145      |
|    total_timesteps | 381123    |
| train/             |           |
|    actor_loss      | -2.68e+03 |
|    critic_loss     | 5.73      |
|    ent_coef        | 0.867     |
|    ent_coef_loss   | 0.00663   |
|    learning_rate   | 0.0003    |
|    n_updates       | 380122    |
----------------------------------
----------------------------------
| rollout/           |           |
|    ep_len_mean     | 991       |
|    ep_rew_mean     | 2.7e+04   |
| time/              |           |
|    episodes        | 432       |
|    fps             | 53        |
|    time_elapsed    | 7228      |
|    total_timesteps | 385123    |
| train/             |           |
|    actor_loss      | -2.69e+03 |
|    critic_loss     | 5.16      |
|    ent_coef        | 0.827     |
|    ent_coef_loss   | -0.00915  |
|    learning_rate   | 0.0003    |
|    n_updates       | 384122    |
----------------------------------
----------------------------------
| rollout/           |           |
|    ep_len_mean     | 994       |
|    ep_rew_mean     | 2.71e+04  |
| time/              |           |
|    episodes        | 436       |
|    fps             | 53        |
|    time_elapsed    | 7310      |
|    total_timesteps | 389123    |
| train/             |           |
|    actor_loss      | -2.67e+03 |
|    critic_loss     | 2.36      |
|    ent_coef        | 0.865     |
|    ent_coef_loss   | -0.00304  |
|    learning_rate   | 0.0003    |
|    n_updates       | 388122    |
----------------------------------
----------------------------------
| rollout/           |           |
|    ep_len_mean     | 1e+03     |
|    ep_rew_mean     | 2.73e+04  |
| time/              |           |
|    episodes        | 440       |
|    fps             | 53        |
|    time_elapsed    | 7399      |
|    total_timesteps | 393123    |
| train/             |           |
|    actor_loss      | -2.69e+03 |
|    critic_loss     | 2.51      |
|    ent_coef        | 0.854     |
|    ent_coef_loss   | -0.023    |
|    learning_rate   | 0.0003    |
|    n_updates       | 392122    |
----------------------------------
---------------------------------
| rollout/           |          |
|    ep_len_mean     | 1e+03    |
|    ep_rew_mean     | 2.73e+04 |
| time/              |          |
|    episodes        | 444      |
|    fps             | 53       |
|    time_elapsed    | 7484     |
|    total_timesteps | 397123   |
| train/             |          |
|    actor_loss      | -2.7e+03 |
|    critic_loss     | 5.36     |
|    ent_coef        | 0.889    |
|    ent_coef_loss   | -0.00541 |
|    learning_rate   | 0.0003   |
|    n_updates       | 396122   |
---------------------------------
----------------------------------
| rollout/           |           |
|    ep_len_mean     | 1e+03     |
|    ep_rew_mean     | 2.73e+04  |
| time/              |           |
|    episodes        | 448       |
|    fps             | 52        |
|    time_elapsed    | 7568      |
|    total_timesteps | 401123    |
| train/             |           |
|    actor_loss      | -2.69e+03 |
|    critic_loss     | 21.1      |
|    ent_coef        | 0.886     |
|    ent_coef_loss   | 0.00861   |
|    learning_rate   | 0.0003    |
|    n_updates       | 400122    |
----------------------------------
----------------------------------
| rollout/           |           |
|    ep_len_mean     | 1e+03     |
|    ep_rew_mean     | 2.74e+04  |
| time/              |           |
|    episodes        | 452       |
|    fps             | 52        |
|    time_elapsed    | 7648      |
|    total_timesteps | 405123    |
| train/             |           |
|    actor_loss      | -2.68e+03 |
|    critic_loss     | 4.87      |
|    ent_coef        | 1.02      |
|    ent_coef_loss   | 0.00101   |
|    learning_rate   | 0.0003    |
|    n_updates       | 404122    |
----------------------------------
----------------------------------
| rollout/           |           |
|    ep_len_mean     | 1e+03     |
|    ep_rew_mean     | 2.74e+04  |
| time/              |           |
|    episodes        | 456       |
|    fps             | 52        |
|    time_elapsed    | 7726      |
|    total_timesteps | 409123    |
| train/             |           |
|    actor_loss      | -2.71e+03 |
|    critic_loss     | 3.72      |
|    ent_coef        | 0.937     |
|    ent_coef_loss   | 0.00162   |
|    learning_rate   | 0.0003    |
|    n_updates       | 408122    |
----------------------------------
----------------------------------
| rollout/           |           |
|    ep_len_mean     | 1e+03     |
|    ep_rew_mean     | 2.74e+04  |
| time/              |           |
|    episodes        | 460       |
|    fps             | 52        |
|    time_elapsed    | 7814      |
|    total_timesteps | 413123    |
| train/             |           |
|    actor_loss      | -2.68e+03 |
|    critic_loss     | 13        |
|    ent_coef        | 1.19      |
|    ent_coef_loss   | 0.0364    |
|    learning_rate   | 0.0003    |
|    n_updates       | 412122    |
----------------------------------
----------------------------------
| rollout/           |           |
|    ep_len_mean     | 1e+03     |
|    ep_rew_mean     | 2.74e+04  |
| time/              |           |
|    episodes        | 464       |
|    fps             | 52        |
|    time_elapsed    | 7909      |
|    total_timesteps | 417123    |
| train/             |           |
|    actor_loss      | -2.71e+03 |
|    critic_loss     | 5.02      |
|    ent_coef        | 1.01      |
|    ent_coef_loss   | 0.00137   |
|    learning_rate   | 0.0003    |
|    n_updates       | 416122    |
----------------------------------
----------------------------------
| rollout/           |           |
|    ep_len_mean     | 1e+03     |
|    ep_rew_mean     | 2.75e+04  |
| time/              |           |
|    episodes        | 468       |
|    fps             | 52        |
|    time_elapsed    | 7997      |
|    total_timesteps | 421123    |
| train/             |           |
|    actor_loss      | -2.69e+03 |
|    critic_loss     | 2.12      |
|    ent_coef        | 1.05      |
|    ent_coef_loss   | -0.00675  |
|    learning_rate   | 0.0003    |
|    n_updates       | 420122    |
----------------------------------
----------------------------------
| rollout/           |           |
|    ep_len_mean     | 1e+03     |
|    ep_rew_mean     | 2.75e+04  |
| time/              |           |
|    episodes        | 472       |
|    fps             | 52        |
|    time_elapsed    | 8077      |
|    total_timesteps | 425123    |
| train/             |           |
|    actor_loss      | -2.69e+03 |
|    critic_loss     | 3.59      |
|    ent_coef        | 1.13      |
|    ent_coef_loss   | -0.0243   |
|    learning_rate   | 0.0003    |
|    n_updates       | 424122    |
----------------------------------
----------------------------------
| rollout/           |           |
|    ep_len_mean     | 1e+03     |
|    ep_rew_mean     | 2.75e+04  |
| time/              |           |
|    episodes        | 476       |
|    fps             | 52        |
|    time_elapsed    | 8160      |
|    total_timesteps | 429123    |
| train/             |           |
|    actor_loss      | -2.68e+03 |
|    critic_loss     | 3.41      |
|    ent_coef        | 1.3       |
|    ent_coef_loss   | 0.00256   |
|    learning_rate   | 0.0003    |
|    n_updates       | 428122    |
----------------------------------
----------------------------------
| rollout/           |           |
|    ep_len_mean     | 1e+03     |
|    ep_rew_mean     | 2.76e+04  |
| time/              |           |
|    episodes        | 480       |
|    fps             | 52        |
|    time_elapsed    | 8239      |
|    total_timesteps | 433123    |
| train/             |           |
|    actor_loss      | -2.67e+03 |
|    critic_loss     | 3.91      |
|    ent_coef        | 1.26      |
|    ent_coef_loss   | -0.00239  |
|    learning_rate   | 0.0003    |
|    n_updates       | 432122    |
----------------------------------
----------------------------------
| rollout/           |           |
|    ep_len_mean     | 1e+03     |
|    ep_rew_mean     | 2.76e+04  |
| time/              |           |
|    episodes        | 484       |
|    fps             | 52        |
|    time_elapsed    | 8326      |
|    total_timesteps | 437123    |
| train/             |           |
|    actor_loss      | -2.69e+03 |
|    critic_loss     | 5.78      |
|    ent_coef        | 1.29      |
|    ent_coef_loss   | 0.0209    |
|    learning_rate   | 0.0003    |
|    n_updates       | 436122    |
----------------------------------
----------------------------------
| rollout/           |           |
|    ep_len_mean     | 1e+03     |
|    ep_rew_mean     | 2.76e+04  |
| time/              |           |
|    episodes        | 488       |
|    fps             | 52        |
|    time_elapsed    | 8414      |
|    total_timesteps | 441123    |
| train/             |           |
|    actor_loss      | -2.69e+03 |
|    critic_loss     | 6.31      |
|    ent_coef        | 1.37      |
|    ent_coef_loss   | 0.0111    |
|    learning_rate   | 0.0003    |
|    n_updates       | 440122    |
----------------------------------
----------------------------------
| rollout/           |           |
|    ep_len_mean     | 1e+03     |
|    ep_rew_mean     | 2.77e+04  |
| time/              |           |
|    episodes        | 492       |
|    fps             | 52        |
|    time_elapsed    | 8502      |
|    total_timesteps | 445123    |
| train/             |           |
|    actor_loss      | -2.66e+03 |
|    critic_loss     | 5.55      |
|    ent_coef        | 1.36      |
|    ent_coef_loss   | -0.00167  |
|    learning_rate   | 0.0003    |
|    n_updates       | 444122    |
----------------------------------
----------------------------------
| rollout/           |           |
|    ep_len_mean     | 1e+03     |
|    ep_rew_mean     | 2.77e+04  |
| time/              |           |
|    episodes        | 496       |
|    fps             | 52        |
|    time_elapsed    | 8590      |
|    total_timesteps | 449123    |
| train/             |           |
|    actor_loss      | -2.68e+03 |
|    critic_loss     | 3.04      |
|    ent_coef        | 1.52      |
|    ent_coef_loss   | 0.0259    |
|    learning_rate   | 0.0003    |
|    n_updates       | 448122    |
----------------------------------
----------------------------------
| rollout/           |           |
|    ep_len_mean     | 1e+03     |
|    ep_rew_mean     | 2.77e+04  |
| time/              |           |
|    episodes        | 500       |
|    fps             | 52        |
|    time_elapsed    | 8684      |
|    total_timesteps | 453123    |
| train/             |           |
|    actor_loss      | -2.66e+03 |
|    critic_loss     | 4.84      |
|    ent_coef        | 1.45      |
|    ent_coef_loss   | -0.0291   |
|    learning_rate   | 0.0003    |
|    n_updates       | 452122    |
----------------------------------
----------------------------------
| rollout/           |           |
|    ep_len_mean     | 1e+03     |
|    ep_rew_mean     | 2.78e+04  |
| time/              |           |
|    episodes        | 504       |
|    fps             | 52        |
|    time_elapsed    | 8766      |
|    total_timesteps | 457123    |
| train/             |           |
|    actor_loss      | -2.68e+03 |
|    critic_loss     | 3.45      |
|    ent_coef        | 1.47      |
|    ent_coef_loss   | 0.0288    |
|    learning_rate   | 0.0003    |
|    n_updates       | 456122    |
----------------------------------
----------------------------------
| rollout/           |           |
|    ep_len_mean     | 1e+03     |
|    ep_rew_mean     | 2.78e+04  |
| time/              |           |
|    episodes        | 508       |
|    fps             | 52        |
|    time_elapsed    | 8846      |
|    total_timesteps | 461123    |
| train/             |           |
|    actor_loss      | -2.65e+03 |
|    critic_loss     | 22.6      |
|    ent_coef        | 1.54      |
|    ent_coef_loss   | 0.133     |
|    learning_rate   | 0.0003    |
|    n_updates       | 460122    |
----------------------------------
----------------------------------
| rollout/           |           |
|    ep_len_mean     | 1e+03     |
|    ep_rew_mean     | 2.78e+04  |
| time/              |           |
|    episodes        | 512       |
|    fps             | 52        |
|    time_elapsed    | 8937      |
|    total_timesteps | 465123    |
| train/             |           |
|    actor_loss      | -2.65e+03 |
|    critic_loss     | 4.93      |
|    ent_coef        | 1.54      |
|    ent_coef_loss   | 0.044     |
|    learning_rate   | 0.0003    |
|    n_updates       | 464122    |
----------------------------------
----------------------------------
| rollout/           |           |
|    ep_len_mean     | 996       |
|    ep_rew_mean     | 2.78e+04  |
| time/              |           |
|    episodes        | 516       |
|    fps             | 51        |
|    time_elapsed    | 9018      |
|    total_timesteps | 468732    |
| train/             |           |
|    actor_loss      | -2.69e+03 |
|    critic_loss     | 2.51      |
|    ent_coef        | 1.5       |
|    ent_coef_loss   | 0.0425    |
|    learning_rate   | 0.0003    |
|    n_updates       | 467731    |
----------------------------------
----------------------------------
| rollout/           |           |
|    ep_len_mean     | 996       |
|    ep_rew_mean     | 2.78e+04  |
| time/              |           |
|    episodes        | 520       |
|    fps             | 51        |
|    time_elapsed    | 9101      |
|    total_timesteps | 472732    |
| train/             |           |
|    actor_loss      | -2.67e+03 |
|    critic_loss     | 11.9      |
|    ent_coef        | 1.48      |
|    ent_coef_loss   | 0.0268    |
|    learning_rate   | 0.0003    |
|    n_updates       | 471731    |
----------------------------------
----------------------------------
| rollout/           |           |
|    ep_len_mean     | 996       |
|    ep_rew_mean     | 2.78e+04  |
| time/              |           |
|    episodes        | 524       |
|    fps             | 52        |
|    time_elapsed    | 9156      |
|    total_timesteps | 476732    |
| train/             |           |
|    actor_loss      | -2.68e+03 |
|    critic_loss     | 3.48      |
|    ent_coef        | 1.51      |
|    ent_coef_loss   | -0.0424   |
|    learning_rate   | 0.0003    |
|    n_updates       | 475731    |
----------------------------------
----------------------------------
| rollout/           |           |
|    ep_len_mean     | 988       |
|    ep_rew_mean     | 2.76e+04  |
| time/              |           |
|    episodes        | 528       |
|    fps             | 52        |
|    time_elapsed    | 9202      |
|    total_timesteps | 479970    |
| train/             |           |
|    actor_loss      | -2.64e+03 |
|    critic_loss     | 33.2      |
|    ent_coef        | 1.56      |
|    ent_coef_loss   | 0.0095    |
|    learning_rate   | 0.0003    |
|    n_updates       | 478969    |
----------------------------------
----------------------------------
| rollout/           |           |
|    ep_len_mean     | 988       |
|    ep_rew_mean     | 2.77e+04  |
| time/              |           |
|    episodes        | 532       |
|    fps             | 52        |
|    time_elapsed    | 9260      |
|    total_timesteps | 483970    |
| train/             |           |
|    actor_loss      | -2.65e+03 |
|    critic_loss     | 52.3      |
|    ent_coef        | 1.55      |
|    ent_coef_loss   | -0.0113   |
|    learning_rate   | 0.0003    |
|    n_updates       | 482969    |
----------------------------------
----------------------------------
| rollout/           |           |
|    ep_len_mean     | 988       |
|    ep_rew_mean     | 2.77e+04  |
| time/              |           |
|    episodes        | 536       |
|    fps             | 52        |
|    time_elapsed    | 9313      |
|    total_timesteps | 487970    |
| train/             |           |
|    actor_loss      | -2.66e+03 |
|    critic_loss     | 4.69      |
|    ent_coef        | 1.58      |
|    ent_coef_loss   | -0.0177   |
|    learning_rate   | 0.0003    |
|    n_updates       | 486969    |
----------------------------------
----------------------------------
| rollout/           |           |
|    ep_len_mean     | 988       |
|    ep_rew_mean     | 2.77e+04  |
| time/              |           |
|    episodes        | 540       |
|    fps             | 52        |
|    time_elapsed    | 9369      |
|    total_timesteps | 491970    |
| train/             |           |
|    actor_loss      | -2.67e+03 |
|    critic_loss     | 4.18      |
|    ent_coef        | 1.55      |
|    ent_coef_loss   | -0.0334   |
|    learning_rate   | 0.0003    |
|    n_updates       | 490969    |
----------------------------------
----------------------------------
| rollout/           |           |
|    ep_len_mean     | 988       |
|    ep_rew_mean     | 2.78e+04  |
| time/              |           |
|    episodes        | 544       |
|    fps             | 52        |
|    time_elapsed    | 9423      |
|    total_timesteps | 495970    |
| train/             |           |
|    actor_loss      | -2.67e+03 |
|    critic_loss     | 4.58      |
|    ent_coef        | 1.51      |
|    ent_coef_loss   | -0.0842   |
|    learning_rate   | 0.0003    |
|    n_updates       | 494969    |
----------------------------------
----------------------------------
| rollout/           |           |
|    ep_len_mean     | 988       |
|    ep_rew_mean     | 2.78e+04  |
| time/              |           |
|    episodes        | 548       |
|    fps             | 52        |
|    time_elapsed    | 9471      |
|    total_timesteps | 499970    |
| train/             |           |
|    actor_loss      | -2.68e+03 |
|    critic_loss     | 6.91      |
|    ent_coef        | 1.49      |
|    ent_coef_loss   | 0.00311   |
|    learning_rate   | 0.0003    |
|    n_updates       | 498969    |
----------------------------------
[2026-08-15T17:41:30] Training complete in 9471.6s
[2026-08-15T17:41:30] Episodes: 548
[2026-08-15T17:41:30] Best reward: 28543.54
[2026-08-15T17:41:30] Mean reward (100ep): 27804.20
[2026-08-15T17:41:30] Final goal tolerance: 0.48
[2026-08-15T17:41:30] Curriculum stage: 1
[2026-08-15T17:41:30] Saved: {'model': 'C:\\Users\\ranjo\\OneDrive\\Desktop\\ARM-Model\\project_assets\\outputs\\ActuationComparison\\velocity_500k_seed42\\sac_model', 'history': 'C:\\Users\\ranjo\\OneDrive\\Desktop\\ARM-Model\\project_assets\\outputs\\ActuationComparison\\velocity_500k_seed42\\training_history.csv', 'stats': 'C:\\Users\\ranjo\\OneDrive\\Desktop\\ARM-Model\\project_assets\\outputs\\ActuationComparison\\velocity_500k_seed42\\training_stats.json'}
[2026-08-15T17:41:30] Running Fitts' Law sweep (10 trials per condition)...
[2026-08-15T17:41:47] Fitts sweep complete in 16.4s
[2026-08-15T17:41:47] Fitts: MT = -0.0053 + +0.0336 * ID, R^2 = 0.4780 (n_conditions = 20, trials_per_condition = 10)
[2026-08-15T17:41:47] Saved: C:\Users\ranjo\OneDrive\Desktop\ARM-Model\project_assets\outputs\ActuationComparison\velocity_500k_seed42\fitts_law.json
[2026-08-15T17:41:47] Saved: C:\Users\ranjo\OneDrive\Desktop\ARM-Model\project_assets\outputs\ActuationComparison\velocity_500k_seed42\fitts_law.png
[2026-08-15T17:41:47] Running 2/3 Power Law sweep (20 trials)...
[2026-08-15T17:41:48] Power Law sweep complete in 1.2s
[2026-08-15T17:41:48] Power Law: log V = -0.3701 + -0.3007 * log C, R = -0.5033, R^2 = 0.2533 (n_samples = 3666, n_trials = 0/20)
[2026-08-15T17:41:49] Saved: C:\Users\ranjo\OneDrive\Desktop\ARM-Model\project_assets\outputs\ActuationComparison\velocity_500k_seed42\power_law.json
[2026-08-15T17:41:49] Saved: C:\Users\ranjo\OneDrive\Desktop\ARM-Model\project_assets\outputs\ActuationComparison\velocity_500k_seed42\power_law.png
[2026-08-15T17:41:49] Session complete. Total wall time: 2:38:11.246659
[2026-08-15T17:41:49] ============================================================
