[2026-06-23T13:23:26] Starting Fischer session: algorithm=SAC, timesteps=500,000, direction=EAST, actuation=muscle, waypoints=[[2.5, 0.8], [0.2, 1.1], [1.8, -1.3]]
[2026-06-23T13:23:26] Save dir: C:\Users\ranjo\OneDrive\Desktop\ARM-Model\project_assets\outputs\Parallel_Seeds\seed_015
[2026-06-23T13:23:26] Waypoint mode active: 3 waypoints, current_waypoint_index=0 at every episode reset
Using cpu device
Wrapping the env with a `Monitor` wrapper
Wrapping the env in a DummyVecEnv.
[HoldCurriculum] Initial hold requirement: 10 steps (ladder: [10, 15, 20], threshold: 60%)
----------------------------------
| rollout/           |           |
|    ep_len_mean     | 1e+03     |
|    ep_rew_mean     | -6.42e+03 |
| time/              |           |
|    episodes        | 4         |
|    fps             | 121       |
|    time_elapsed    | 33        |
|    total_timesteps | 4000      |
| train/             |           |
|    actor_loss      | 69.6      |
|    critic_loss     | 0.402     |
|    ent_coef        | 0.411     |
|    ent_coef_loss   | -5.62     |
|    learning_rate   | 0.0003    |
|    n_updates       | 2999      |
----------------------------------
---------------------------------
| rollout/           |          |
|    ep_len_mean     | 1e+03    |
|    ep_rew_mean     | -4.6e+03 |
| time/              |          |
|    episodes        | 8        |
|    fps             | 103      |
|    time_elapsed    | 77       |
|    total_timesteps | 8000     |
| train/             |          |
|    actor_loss      | 88.3     |
|    critic_loss     | 3.04     |
|    ent_coef        | 0.158    |
|    ent_coef_loss   | -3.72    |
|    learning_rate   | 0.0003   |
|    n_updates       | 6999     |
---------------------------------
----------------------------------
| rollout/           |           |
|    ep_len_mean     | 1e+03     |
|    ep_rew_mean     | -3.57e+03 |
| time/              |           |
|    episodes        | 12        |
|    fps             | 99        |
|    time_elapsed    | 120       |
|    total_timesteps | 12000     |
| train/             |           |
|    actor_loss      | 70.8      |
|    critic_loss     | 20.8      |
|    ent_coef        | 0.168     |
|    ent_coef_loss   | 0.205     |
|    learning_rate   | 0.0003    |
|    n_updates       | 10999     |
----------------------------------
----------------------------------
| rollout/           |           |
|    ep_len_mean     | 1e+03     |
|    ep_rew_mean     | -2.87e+03 |
| time/              |           |
|    episodes        | 16        |
|    fps             | 97        |
|    time_elapsed    | 164       |
|    total_timesteps | 16000     |
| train/             |           |
|    actor_loss      | 40.4      |
|    critic_loss     | 35.4      |
|    ent_coef        | 0.22      |
|    ent_coef_loss   | 0.315     |
|    learning_rate   | 0.0003    |
|    n_updates       | 14999     |
----------------------------------
---------------------------------
| rollout/           |          |
|    ep_len_mean     | 1e+03    |
|    ep_rew_mean     | -2.5e+03 |
| time/              |          |
|    episodes        | 20       |
|    fps             | 95       |
|    time_elapsed    | 208      |
|    total_timesteps | 20000    |
| train/             |          |
|    actor_loss      | 25.6     |
|    critic_loss     | 8.81     |
|    ent_coef        | 0.178    |
|    ent_coef_loss   | 0.146    |
|    learning_rate   | 0.0003   |
|    n_updates       | 18999    |
---------------------------------
----------------------------------
| rollout/           |           |
|    ep_len_mean     | 1e+03     |
|    ep_rew_mean     | -2.22e+03 |
| time/              |           |
|    episodes        | 24        |
|    fps             | 94        |
|    time_elapsed    | 252       |
|    total_timesteps | 24000     |
| train/             |           |
|    actor_loss      | 11.6      |
|    critic_loss     | 37.7      |
|    ent_coef        | 0.208     |
|    ent_coef_loss   | -0.227    |
|    learning_rate   | 0.0003    |
|    n_updates       | 22999     |
----------------------------------
----------------------------------
| rollout/           |           |
|    ep_len_mean     | 996       |
|    ep_rew_mean     | -2.03e+03 |
| time/              |           |
|    episodes        | 28        |
|    fps             | 94        |
|    time_elapsed    | 295       |
|    total_timesteps | 27888     |
| train/             |           |
|    actor_loss      | 13        |
|    critic_loss     | 9.73      |
|    ent_coef        | 0.195     |
|    ent_coef_loss   | 0.00885   |
|    learning_rate   | 0.0003    |
|    n_updates       | 26887     |
----------------------------------
----------------------------------
| rollout/           |           |
|    ep_len_mean     | 996       |
|    ep_rew_mean     | -1.98e+03 |
| time/              |           |
|    episodes        | 32        |
|    fps             | 94        |
|    time_elapsed    | 338       |
|    total_timesteps | 31888     |
| train/             |           |
|    actor_loss      | 9.31      |
|    critic_loss     | 86.6      |
|    ent_coef        | 0.195     |
|    ent_coef_loss   | 0.403     |
|    learning_rate   | 0.0003    |
|    n_updates       | 30887     |
----------------------------------
----------------------------------
| rollout/           |           |
|    ep_len_mean     | 997       |
|    ep_rew_mean     | -1.89e+03 |
| time/              |           |
|    episodes        | 36        |
|    fps             | 93        |
|    time_elapsed    | 383       |
|    total_timesteps | 35888     |
| train/             |           |
|    actor_loss      | -4.13     |
|    critic_loss     | 19.1      |
|    ent_coef        | 0.222     |
|    ent_coef_loss   | -0.0864   |
|    learning_rate   | 0.0003    |
|    n_updates       | 34887     |
----------------------------------
---------------------------------
| rollout/           |          |
|    ep_len_mean     | 997      |
|    ep_rew_mean     | -1.8e+03 |
| time/              |          |
|    episodes        | 40       |
|    fps             | 93       |
|    time_elapsed    | 427      |
|    total_timesteps | 39888    |
| train/             |          |
|    actor_loss      | 1.72     |
|    critic_loss     | 9.21     |
|    ent_coef        | 0.196    |
|    ent_coef_loss   | -0.0755  |
|    learning_rate   | 0.0003   |
|    n_updates       | 38887    |
---------------------------------
----------------------------------
| rollout/           |           |
|    ep_len_mean     | 997       |
|    ep_rew_mean     | -1.75e+03 |
| time/              |           |
|    episodes        | 44        |
|    fps             | 92        |
|    time_elapsed    | 472       |
|    total_timesteps | 43888     |
| train/             |           |
|    actor_loss      | -11.7     |
|    critic_loss     | 14.5      |
|    ent_coef        | 0.2       |
|    ent_coef_loss   | -0.0872   |
|    learning_rate   | 0.0003    |
|    n_updates       | 42887     |
----------------------------------
----------------------------------
| rollout/           |           |
|    ep_len_mean     | 998       |
|    ep_rew_mean     | -1.68e+03 |
| time/              |           |
|    episodes        | 48        |
|    fps             | 92        |
|    time_elapsed    | 516       |
|    total_timesteps | 47888     |
| train/             |           |
|    actor_loss      | -27.5     |
|    critic_loss     | 5.49      |
|    ent_coef        | 0.165     |
|    ent_coef_loss   | -0.288    |
|    learning_rate   | 0.0003    |
|    n_updates       | 46887     |
----------------------------------
----------------------------------
| rollout/           |           |
|    ep_len_mean     | 998       |
|    ep_rew_mean     | -1.64e+03 |
| time/              |           |
|    episodes        | 52        |
|    fps             | 92        |
|    time_elapsed    | 560       |
|    total_timesteps | 51888     |
| train/             |           |
|    actor_loss      | -22.6     |
|    critic_loss     | 6.97      |
|    ent_coef        | 0.15      |
|    ent_coef_loss   | 0.295     |
|    learning_rate   | 0.0003    |
|    n_updates       | 50887     |
----------------------------------
----------------------------------
| rollout/           |           |
|    ep_len_mean     | 998       |
|    ep_rew_mean     | -1.57e+03 |
| time/              |           |
|    episodes        | 56        |
|    fps             | 92        |
|    time_elapsed    | 605       |
|    total_timesteps | 55888     |
| train/             |           |
|    actor_loss      | -27.7     |
|    critic_loss     | 5.85      |
|    ent_coef        | 0.134     |
|    ent_coef_loss   | -0.0468   |
|    learning_rate   | 0.0003    |
|    n_updates       | 54887     |
----------------------------------
---------------------------------
| rollout/           |          |
|    ep_len_mean     | 998      |
|    ep_rew_mean     | -1.5e+03 |
| time/              |          |
|    episodes        | 60       |
|    fps             | 92       |
|    time_elapsed    | 650      |
|    total_timesteps | 59888    |
| train/             |          |
|    actor_loss      | -19.8    |
|    critic_loss     | 8.73     |
|    ent_coef        | 0.142    |
|    ent_coef_loss   | -0.373   |
|    learning_rate   | 0.0003   |
|    n_updates       | 58887    |
---------------------------------
----------------------------------
| rollout/           |           |
|    ep_len_mean     | 998       |
|    ep_rew_mean     | -1.46e+03 |
| time/              |           |
|    episodes        | 64        |
|    fps             | 91        |
|    time_elapsed    | 695       |
|    total_timesteps | 63888     |
| train/             |           |
|    actor_loss      | -31.5     |
|    critic_loss     | 140       |
|    ent_coef        | 0.144     |
|    ent_coef_loss   | 0.345     |
|    learning_rate   | 0.0003    |
|    n_updates       | 62887     |
----------------------------------
----------------------------------
| rollout/           |           |
|    ep_len_mean     | 998       |
|    ep_rew_mean     | -1.48e+03 |
| time/              |           |
|    episodes        | 68        |
|    fps             | 91        |
|    time_elapsed    | 740       |
|    total_timesteps | 67888     |
| train/             |           |
|    actor_loss      | -30.5     |
|    critic_loss     | 6.06      |
|    ent_coef        | 0.139     |
|    ent_coef_loss   | -0.502    |
|    learning_rate   | 0.0003    |
|    n_updates       | 66887     |
----------------------------------
----------------------------------
| rollout/           |           |
|    ep_len_mean     | 998       |
|    ep_rew_mean     | -1.42e+03 |
| time/              |           |
|    episodes        | 72        |
|    fps             | 91        |
|    time_elapsed    | 786       |
|    total_timesteps | 71888     |
| train/             |           |
|    actor_loss      | -32.2     |
|    critic_loss     | 5.95      |
|    ent_coef        | 0.138     |
|    ent_coef_loss   | -0.183    |
|    learning_rate   | 0.0003    |
|    n_updates       | 70887     |
----------------------------------
----------------------------------
| rollout/           |           |
|    ep_len_mean     | 999       |
|    ep_rew_mean     | -1.37e+03 |
| time/              |           |
|    episodes        | 76        |
|    fps             | 91        |
|    time_elapsed    | 831       |
|    total_timesteps | 75888     |
| train/             |           |
|    actor_loss      | -19.3     |
|    critic_loss     | 9.31      |
|    ent_coef        | 0.161     |
|    ent_coef_loss   | 0.456     |
|    learning_rate   | 0.0003    |
|    n_updates       | 74887     |
----------------------------------
----------------------------------
| rollout/           |           |
|    ep_len_mean     | 999       |
|    ep_rew_mean     | -1.37e+03 |
| time/              |           |
|    episodes        | 80        |
|    fps             | 91        |
|    time_elapsed    | 876       |
|    total_timesteps | 79888     |
| train/             |           |
|    actor_loss      | -22.7     |
|    critic_loss     | 7.47      |
|    ent_coef        | 0.139     |
|    ent_coef_loss   | -0.0546   |
|    learning_rate   | 0.0003    |
|    n_updates       | 78887     |
----------------------------------
----------------------------------
| rollout/           |           |
|    ep_len_mean     | 999       |
|    ep_rew_mean     | -1.35e+03 |
| time/              |           |
|    episodes        | 84        |
|    fps             | 90        |
|    time_elapsed    | 922       |
|    total_timesteps | 83888     |
| train/             |           |
|    actor_loss      | -24       |
|    critic_loss     | 5.99      |
|    ent_coef        | 0.134     |
|    ent_coef_loss   | 0.0526    |
|    learning_rate   | 0.0003    |
|    n_updates       | 82887     |
----------------------------------
----------------------------------
| rollout/           |           |
|    ep_len_mean     | 999       |
|    ep_rew_mean     | -1.33e+03 |
| time/              |           |
|    episodes        | 88        |
|    fps             | 90        |
|    time_elapsed    | 967       |
|    total_timesteps | 87888     |
| train/             |           |
|    actor_loss      | -23.5     |
|    critic_loss     | 5.02      |
|    ent_coef        | 0.129     |
|    ent_coef_loss   | -0.454    |
|    learning_rate   | 0.0003    |
|    n_updates       | 86887     |
----------------------------------
---------------------------------
| rollout/           |          |
|    ep_len_mean     | 999      |
|    ep_rew_mean     | -1.3e+03 |
| time/              |          |
|    episodes        | 92       |
|    fps             | 90       |
|    time_elapsed    | 1012     |
|    total_timesteps | 91888    |
| train/             |          |
|    actor_loss      | -23.7    |
|    critic_loss     | 4.49     |
|    ent_coef        | 0.118    |
|    ent_coef_loss   | 0.165    |
|    learning_rate   | 0.0003   |
|    n_updates       | 90887    |
---------------------------------
----------------------------------
| rollout/           |           |
|    ep_len_mean     | 999       |
|    ep_rew_mean     | -1.25e+03 |
| time/              |           |
|    episodes        | 96        |
|    fps             | 90        |
|    time_elapsed    | 1058      |
|    total_timesteps | 95888     |
| train/             |           |
|    actor_loss      | -28.1     |
|    critic_loss     | 2.44      |
|    ent_coef        | 0.13      |
|    ent_coef_loss   | -0.549    |
|    learning_rate   | 0.0003    |
|    n_updates       | 94887     |
----------------------------------
----------------------------------
| rollout/           |           |
|    ep_len_mean     | 999       |
|    ep_rew_mean     | -1.21e+03 |
| time/              |           |
|    episodes        | 100       |
|    fps             | 90        |
|    time_elapsed    | 1103      |
|    total_timesteps | 99888     |
| train/             |           |
|    actor_loss      | -18.4     |
|    critic_loss     | 5.04      |
|    ent_coef        | 0.142     |
|    ent_coef_loss   | -0.0599   |
|    learning_rate   | 0.0003    |
|    n_updates       | 98887     |
----------------------------------
---------------------------------
| rollout/           |          |
|    ep_len_mean     | 999      |
|    ep_rew_mean     | -959     |
| time/              |          |
|    episodes        | 104      |
|    fps             | 90       |
|    time_elapsed    | 1149     |
|    total_timesteps | 103888   |
| train/             |          |
|    actor_loss      | -22.5    |
|    critic_loss     | 5.33     |
|    ent_coef        | 0.125    |
|    ent_coef_loss   | 0.83     |
|    learning_rate   | 0.0003   |
|    n_updates       | 102887   |
---------------------------------
---------------------------------
| rollout/           |          |
|    ep_len_mean     | 999      |
|    ep_rew_mean     | -853     |
| time/              |          |
|    episodes        | 108      |
|    fps             | 90       |
|    time_elapsed    | 1194     |
|    total_timesteps | 107888   |
| train/             |          |
|    actor_loss      | -28.3    |
|    critic_loss     | 933      |
|    ent_coef        | 0.12     |
|    ent_coef_loss   | 1.16     |
|    learning_rate   | 0.0003   |
|    n_updates       | 106887   |
---------------------------------
---------------------------------
| rollout/           |          |
|    ep_len_mean     | 999      |
|    ep_rew_mean     | -824     |
| time/              |          |
|    episodes        | 112      |
|    fps             | 90       |
|    time_elapsed    | 1239     |
|    total_timesteps | 111888   |
| train/             |          |
|    actor_loss      | -36.2    |
|    critic_loss     | 4.34     |
|    ent_coef        | 0.109    |
|    ent_coef_loss   | -0.169   |
|    learning_rate   | 0.0003   |
|    n_updates       | 110887   |
---------------------------------
---------------------------------
| rollout/           |          |
|    ep_len_mean     | 999      |
|    ep_rew_mean     | -842     |
| time/              |          |
|    episodes        | 116      |
|    fps             | 90       |
|    time_elapsed    | 1285     |
|    total_timesteps | 115888   |
| train/             |          |
|    actor_loss      | -33.3    |
|    critic_loss     | 2.2      |
|    ent_coef        | 0.113    |
|    ent_coef_loss   | 0.107    |
|    learning_rate   | 0.0003   |
|    n_updates       | 114887   |
---------------------------------
---------------------------------
| rollout/           |          |
|    ep_len_mean     | 999      |
|    ep_rew_mean     | -837     |
| time/              |          |
|    episodes        | 120      |
|    fps             | 90       |
|    time_elapsed    | 1330     |
|    total_timesteps | 119888   |
| train/             |          |
|    actor_loss      | -30.4    |
|    critic_loss     | 4.92     |
|    ent_coef        | 0.118    |
|    ent_coef_loss   | 1.04     |
|    learning_rate   | 0.0003   |
|    n_updates       | 118887   |
---------------------------------
---------------------------------
| rollout/           |          |
|    ep_len_mean     | 999      |
|    ep_rew_mean     | -820     |
| time/              |          |
|    episodes        | 124      |
|    fps             | 90       |
|    time_elapsed    | 1376     |
|    total_timesteps | 123888   |
| train/             |          |
|    actor_loss      | -27.6    |
|    critic_loss     | 6.33     |
|    ent_coef        | 0.114    |
|    ent_coef_loss   | 0.128    |
|    learning_rate   | 0.0003   |
|    n_updates       | 122887   |
---------------------------------
---------------------------------
| rollout/           |          |
|    ep_len_mean     | 1e+03    |
|    ep_rew_mean     | -803     |
| time/              |          |
|    episodes        | 128      |
|    fps             | 89       |
|    time_elapsed    | 1421     |
|    total_timesteps | 127888   |
| train/             |          |
|    actor_loss      | -28.1    |
|    critic_loss     | 4.07     |
|    ent_coef        | 0.117    |
|    ent_coef_loss   | 0.0568   |
|    learning_rate   | 0.0003   |
|    n_updates       | 126887   |
---------------------------------
---------------------------------
| rollout/           |          |
|    ep_len_mean     | 1e+03    |
|    ep_rew_mean     | -756     |
| time/              |          |
|    episodes        | 132      |
|    fps             | 89       |
|    time_elapsed    | 1467     |
|    total_timesteps | 131888   |
| train/             |          |
|    actor_loss      | -21.8    |
|    critic_loss     | 4.1      |
|    ent_coef        | 0.0997   |
|    ent_coef_loss   | -0.255   |
|    learning_rate   | 0.0003   |
|    n_updates       | 130887   |
---------------------------------
---------------------------------
| rollout/           |          |
|    ep_len_mean     | 1e+03    |
|    ep_rew_mean     | -722     |
| time/              |          |
|    episodes        | 136      |
|    fps             | 89       |
|    time_elapsed    | 1512     |
|    total_timesteps | 135888   |
| train/             |          |
|    actor_loss      | -19.8    |
|    critic_loss     | 4.89     |
|    ent_coef        | 0.107    |
|    ent_coef_loss   | -0.0528  |
|    learning_rate   | 0.0003   |
|    n_updates       | 134887   |
---------------------------------
---------------------------------
| rollout/           |          |
|    ep_len_mean     | 1e+03    |
|    ep_rew_mean     | -689     |
| time/              |          |
|    episodes        | 140      |
|    fps             | 89       |
|    time_elapsed    | 1558     |
|    total_timesteps | 139888   |
| train/             |          |
|    actor_loss      | -31.1    |
|    critic_loss     | 3.03     |
|    ent_coef        | 0.103    |
|    ent_coef_loss   | 0.0148   |
|    learning_rate   | 0.0003   |
|    n_updates       | 138887   |
---------------------------------
---------------------------------
| rollout/           |          |
|    ep_len_mean     | 1e+03    |
|    ep_rew_mean     | -644     |
| time/              |          |
|    episodes        | 144      |
|    fps             | 89       |
|    time_elapsed    | 1604     |
|    total_timesteps | 143888   |
| train/             |          |
|    actor_loss      | -38.7    |
|    critic_loss     | 149      |
|    ent_coef        | 0.128    |
|    ent_coef_loss   | -0.237   |
|    learning_rate   | 0.0003   |
|    n_updates       | 142887   |
---------------------------------
---------------------------------
| rollout/           |          |
|    ep_len_mean     | 1e+03    |
|    ep_rew_mean     | -610     |
| time/              |          |
|    episodes        | 148      |
|    fps             | 89       |
|    time_elapsed    | 1650     |
|    total_timesteps | 147888   |
| train/             |          |
|    actor_loss      | -45.3    |
|    critic_loss     | 6.32     |
|    ent_coef        | 0.121    |
|    ent_coef_loss   | 0.557    |
|    learning_rate   | 0.0003   |
|    n_updates       | 146887   |
---------------------------------
---------------------------------
| rollout/           |          |
|    ep_len_mean     | 1e+03    |
|    ep_rew_mean     | -559     |
| time/              |          |
|    episodes        | 152      |
|    fps             | 89       |
|    time_elapsed    | 1696     |
|    total_timesteps | 151888   |
| train/             |          |
|    actor_loss      | -55      |
|    critic_loss     | 4.08     |
|    ent_coef        | 0.0984   |
|    ent_coef_loss   | 0.372    |
|    learning_rate   | 0.0003   |
|    n_updates       | 150887   |
---------------------------------
---------------------------------
| rollout/           |          |
|    ep_len_mean     | 1e+03    |
|    ep_rew_mean     | -535     |
| time/              |          |
|    episodes        | 156      |
|    fps             | 89       |
|    time_elapsed    | 1741     |
|    total_timesteps | 155888   |
| train/             |          |
|    actor_loss      | -46.1    |
|    critic_loss     | 2.39     |
|    ent_coef        | 0.09     |
|    ent_coef_loss   | -0.297   |
|    learning_rate   | 0.0003   |
|    n_updates       | 154887   |
---------------------------------
---------------------------------
| rollout/           |          |
|    ep_len_mean     | 1e+03    |
|    ep_rew_mean     | -512     |
| time/              |          |
|    episodes        | 160      |
|    fps             | 89       |
|    time_elapsed    | 1786     |
|    total_timesteps | 159888   |
| train/             |          |
|    actor_loss      | -49.6    |
|    critic_loss     | 3.18     |
|    ent_coef        | 0.0917   |
|    ent_coef_loss   | 0.0393   |
|    learning_rate   | 0.0003   |
|    n_updates       | 158887   |
---------------------------------
---------------------------------
| rollout/           |          |
|    ep_len_mean     | 1e+03    |
|    ep_rew_mean     | -465     |
| time/              |          |
|    episodes        | 164      |
|    fps             | 89       |
|    time_elapsed    | 1832     |
|    total_timesteps | 163888   |
| train/             |          |
|    actor_loss      | -62.3    |
|    critic_loss     | 2.68     |
|    ent_coef        | 0.0956   |
|    ent_coef_loss   | 0.0721   |
|    learning_rate   | 0.0003   |
|    n_updates       | 162887   |
---------------------------------
---------------------------------
| rollout/           |          |
|    ep_len_mean     | 1e+03    |
|    ep_rew_mean     | -382     |
| time/              |          |
|    episodes        | 168      |
|    fps             | 89       |
|    time_elapsed    | 1878     |
|    total_timesteps | 167888   |
| train/             |          |
|    actor_loss      | -59.2    |
|    critic_loss     | 4.78     |
|    ent_coef        | 0.104    |
|    ent_coef_loss   | -0.853   |
|    learning_rate   | 0.0003   |
|    n_updates       | 166887   |
---------------------------------
---------------------------------
| rollout/           |          |
|    ep_len_mean     | 1e+03    |
|    ep_rew_mean     | -363     |
| time/              |          |
|    episodes        | 172      |
|    fps             | 89       |
|    time_elapsed    | 1923     |
|    total_timesteps | 171888   |
| train/             |          |
|    actor_loss      | -58.9    |
|    critic_loss     | 1.68     |
|    ent_coef        | 0.0765   |
|    ent_coef_loss   | -0.571   |
|    learning_rate   | 0.0003   |
|    n_updates       | 170887   |
---------------------------------
---------------------------------
| rollout/           |          |
|    ep_len_mean     | 1e+03    |
|    ep_rew_mean     | -329     |
| time/              |          |
|    episodes        | 176      |
|    fps             | 89       |
|    time_elapsed    | 1969     |
|    total_timesteps | 175888   |
| train/             |          |
|    actor_loss      | -57.6    |
|    critic_loss     | 2.62     |
|    ent_coef        | 0.0852   |
|    ent_coef_loss   | -0.525   |
|    learning_rate   | 0.0003   |
|    n_updates       | 174887   |
---------------------------------
---------------------------------
| rollout/           |          |
|    ep_len_mean     | 1e+03    |
|    ep_rew_mean     | -270     |
| time/              |          |
|    episodes        | 180      |
|    fps             | 89       |
|    time_elapsed    | 2015     |
|    total_timesteps | 179888   |
| train/             |          |
|    actor_loss      | -58.9    |
|    critic_loss     | 1.51     |
|    ent_coef        | 0.082    |
|    ent_coef_loss   | 0.239    |
|    learning_rate   | 0.0003   |
|    n_updates       | 178887   |
---------------------------------
---------------------------------
| rollout/           |          |
|    ep_len_mean     | 1e+03    |
|    ep_rew_mean     | -216     |
| time/              |          |
|    episodes        | 184      |
|    fps             | 89       |
|    time_elapsed    | 2061     |
|    total_timesteps | 183888   |
| train/             |          |
|    actor_loss      | -59.2    |
|    critic_loss     | 2.39     |
|    ent_coef        | 0.0792   |
|    ent_coef_loss   | -0.878   |
|    learning_rate   | 0.0003   |
|    n_updates       | 182887   |
---------------------------------
---------------------------------
| rollout/           |          |
|    ep_len_mean     | 1e+03    |
|    ep_rew_mean     | -165     |
| time/              |          |
|    episodes        | 188      |
|    fps             | 89       |
|    time_elapsed    | 2106     |
|    total_timesteps | 187888   |
| train/             |          |
|    actor_loss      | -57.6    |
|    critic_loss     | 2.04     |
|    ent_coef        | 0.0705   |
|    ent_coef_loss   | -1.33    |
|    learning_rate   | 0.0003   |
|    n_updates       | 186887   |
---------------------------------
---------------------------------
| rollout/           |          |
|    ep_len_mean     | 1e+03    |
|    ep_rew_mean     | -145     |
| time/              |          |
|    episodes        | 192      |
|    fps             | 89       |
|    time_elapsed    | 2152     |
|    total_timesteps | 191888   |
| train/             |          |
|    actor_loss      | -63.9    |
|    critic_loss     | 2.74     |
|    ent_coef        | 0.0756   |
|    ent_coef_loss   | -0.842   |
|    learning_rate   | 0.0003   |
|    n_updates       | 190887   |
---------------------------------
---------------------------------
| rollout/           |          |
|    ep_len_mean     | 1e+03    |
|    ep_rew_mean     | -134     |
| time/              |          |
|    episodes        | 196      |
|    fps             | 89       |
|    time_elapsed    | 2199     |
|    total_timesteps | 195888   |
| train/             |          |
|    actor_loss      | -46.2    |
|    critic_loss     | 1.99     |
|    ent_coef        | 0.079    |
|    ent_coef_loss   | 0.291    |
|    learning_rate   | 0.0003   |
|    n_updates       | 194887   |
---------------------------------
---------------------------------
| rollout/           |          |
|    ep_len_mean     | 1e+03    |
|    ep_rew_mean     | -124     |
| time/              |          |
|    episodes        | 200      |
|    fps             | 89       |
|    time_elapsed    | 2244     |
|    total_timesteps | 199888   |
| train/             |          |
|    actor_loss      | -53.3    |
|    critic_loss     | 3        |
|    ent_coef        | 0.0712   |
|    ent_coef_loss   | 1.31     |
|    learning_rate   | 0.0003   |
|    n_updates       | 198887   |
---------------------------------
---------------------------------
| rollout/           |          |
|    ep_len_mean     | 1e+03    |
|    ep_rew_mean     | -110     |
| time/              |          |
|    episodes        | 204      |
|    fps             | 89       |
|    time_elapsed    | 2290     |
|    total_timesteps | 203888   |
| train/             |          |
|    actor_loss      | -64.5    |
|    critic_loss     | 1.34     |
|    ent_coef        | 0.0646   |
|    ent_coef_loss   | 0.617    |
|    learning_rate   | 0.0003   |
|    n_updates       | 202887   |
---------------------------------
---------------------------------
| rollout/           |          |
|    ep_len_mean     | 1e+03    |
|    ep_rew_mean     | -92.4    |
| time/              |          |
|    episodes        | 208      |
|    fps             | 89       |
|    time_elapsed    | 2335     |
|    total_timesteps | 207888   |
| train/             |          |
|    actor_loss      | -62.6    |
|    critic_loss     | 1.24     |
|    ent_coef        | 0.0636   |
|    ent_coef_loss   | 0.16     |
|    learning_rate   | 0.0003   |
|    n_updates       | 206887   |
---------------------------------
---------------------------------
| rollout/           |          |
|    ep_len_mean     | 1e+03    |
|    ep_rew_mean     | -43.4    |
| time/              |          |
|    episodes        | 212      |
|    fps             | 88       |
|    time_elapsed    | 2382     |
|    total_timesteps | 211888   |
| train/             |          |
|    actor_loss      | -67      |
|    critic_loss     | 0.923    |
|    ent_coef        | 0.065    |
|    ent_coef_loss   | 0.0461   |
|    learning_rate   | 0.0003   |
|    n_updates       | 210887   |
---------------------------------
---------------------------------
| rollout/           |          |
|    ep_len_mean     | 1e+03    |
|    ep_rew_mean     | 39.1     |
| time/              |          |
|    episodes        | 216      |
|    fps             | 88       |
|    time_elapsed    | 2428     |
|    total_timesteps | 215888   |
| train/             |          |
|    actor_loss      | -69.6    |
|    critic_loss     | 1.17     |
|    ent_coef        | 0.0505   |
|    ent_coef_loss   | -1.55    |
|    learning_rate   | 0.0003   |
|    n_updates       | 214887   |
---------------------------------
---------------------------------
| rollout/           |          |
|    ep_len_mean     | 1e+03    |
|    ep_rew_mean     | 83.1     |
| time/              |          |
|    episodes        | 220      |
|    fps             | 88       |
|    time_elapsed    | 2474     |
|    total_timesteps | 219888   |
| train/             |          |
|    actor_loss      | -69.8    |
|    critic_loss     | 17       |
|    ent_coef        | 0.0488   |
|    ent_coef_loss   | 0.661    |
|    learning_rate   | 0.0003   |
|    n_updates       | 218887   |
---------------------------------
---------------------------------
| rollout/           |          |
|    ep_len_mean     | 1e+03    |
|    ep_rew_mean     | 111      |
| time/              |          |
|    episodes        | 224      |
|    fps             | 88       |
|    time_elapsed    | 2521     |
|    total_timesteps | 223888   |
| train/             |          |
|    actor_loss      | -70      |
|    critic_loss     | 1.62     |
|    ent_coef        | 0.0553   |
|    ent_coef_loss   | 0.466    |
|    learning_rate   | 0.0003   |
|    n_updates       | 222887   |
---------------------------------
---------------------------------
| rollout/           |          |
|    ep_len_mean     | 1e+03    |
|    ep_rew_mean     | 144      |
| time/              |          |
|    episodes        | 228      |
|    fps             | 88       |
|    time_elapsed    | 2568     |
|    total_timesteps | 227888   |
| train/             |          |
|    actor_loss      | -73.1    |
|    critic_loss     | 4.08     |
|    ent_coef        | 0.0509   |
|    ent_coef_loss   | 0.155    |
|    learning_rate   | 0.0003   |
|    n_updates       | 226887   |
---------------------------------
---------------------------------
| rollout/           |          |
|    ep_len_mean     | 1e+03    |
|    ep_rew_mean     | 165      |
| time/              |          |
|    episodes        | 232      |
|    fps             | 88       |
|    time_elapsed    | 2614     |
|    total_timesteps | 231888   |
| train/             |          |
|    actor_loss      | -69.7    |
|    critic_loss     | 1.2      |
|    ent_coef        | 0.0567   |
|    ent_coef_loss   | 0.395    |
|    learning_rate   | 0.0003   |
|    n_updates       | 230887   |
---------------------------------
---------------------------------
| rollout/           |          |
|    ep_len_mean     | 1e+03    |
|    ep_rew_mean     | 176      |
| time/              |          |
|    episodes        | 236      |
|    fps             | 88       |
|    time_elapsed    | 2659     |
|    total_timesteps | 235888   |
| train/             |          |
|    actor_loss      | -70.4    |
|    critic_loss     | 0.969    |
|    ent_coef        | 0.0534   |
|    ent_coef_loss   | 0.125    |
|    learning_rate   | 0.0003   |
|    n_updates       | 234887   |
---------------------------------
---------------------------------
| rollout/           |          |
|    ep_len_mean     | 1e+03    |
|    ep_rew_mean     | 186      |
| time/              |          |
|    episodes        | 240      |
|    fps             | 88       |
|    time_elapsed    | 2706     |
|    total_timesteps | 239888   |
| train/             |          |
|    actor_loss      | -67.9    |
|    critic_loss     | 2.96     |
|    ent_coef        | 0.046    |
|    ent_coef_loss   | 0.173    |
|    learning_rate   | 0.0003   |
|    n_updates       | 238887   |
---------------------------------
---------------------------------
| rollout/           |          |
|    ep_len_mean     | 1e+03    |
|    ep_rew_mean     | 198      |
| time/              |          |
|    episodes        | 244      |
|    fps             | 88       |
|    time_elapsed    | 2752     |
|    total_timesteps | 243888   |
| train/             |          |
|    actor_loss      | -64.7    |
|    critic_loss     | 0.844    |
|    ent_coef        | 0.0492   |
|    ent_coef_loss   | -0.294   |
|    learning_rate   | 0.0003   |
|    n_updates       | 242887   |
---------------------------------
---------------------------------
| rollout/           |          |
|    ep_len_mean     | 1e+03    |
|    ep_rew_mean     | 207      |
| time/              |          |
|    episodes        | 248      |
|    fps             | 88       |
|    time_elapsed    | 2799     |
|    total_timesteps | 247888   |
| train/             |          |
|    actor_loss      | -70.4    |
|    critic_loss     | 1.18     |
|    ent_coef        | 0.0615   |
|    ent_coef_loss   | 0.597    |
|    learning_rate   | 0.0003   |
|    n_updates       | 246887   |
---------------------------------
---------------------------------
| rollout/           |          |
|    ep_len_mean     | 1e+03    |
|    ep_rew_mean     | 213      |
| time/              |          |
|    episodes        | 252      |
|    fps             | 88       |
|    time_elapsed    | 2845     |
|    total_timesteps | 251888   |
| train/             |          |
|    actor_loss      | -76.3    |
|    critic_loss     | 0.907    |
|    ent_coef        | 0.0606   |
|    ent_coef_loss   | -0.902   |
|    learning_rate   | 0.0003   |
|    n_updates       | 250887   |
---------------------------------
---------------------------------
| rollout/           |          |
|    ep_len_mean     | 1e+03    |
|    ep_rew_mean     | 229      |
| time/              |          |
|    episodes        | 256      |
|    fps             | 88       |
|    time_elapsed    | 2892     |
|    total_timesteps | 255888   |
| train/             |          |
|    actor_loss      | -78.2    |
|    critic_loss     | 1.3      |
|    ent_coef        | 0.0563   |
|    ent_coef_loss   | 0.132    |
|    learning_rate   | 0.0003   |
|    n_updates       | 254887   |
---------------------------------
---------------------------------
| rollout/           |          |
|    ep_len_mean     | 1e+03    |
|    ep_rew_mean     | 236      |
| time/              |          |
|    episodes        | 260      |
|    fps             | 88       |
|    time_elapsed    | 2938     |
|    total_timesteps | 259888   |
| train/             |          |
|    actor_loss      | -79.8    |
|    critic_loss     | 1.07     |
|    ent_coef        | 0.0491   |
|    ent_coef_loss   | 0.00627  |
|    learning_rate   | 0.0003   |
|    n_updates       | 258887   |
---------------------------------
---------------------------------
| rollout/           |          |
|    ep_len_mean     | 1e+03    |
|    ep_rew_mean     | 244      |
| time/              |          |
|    episodes        | 264      |
|    fps             | 88       |
|    time_elapsed    | 2985     |
|    total_timesteps | 263888   |
| train/             |          |
|    actor_loss      | -81.7    |
|    critic_loss     | 1.13     |
|    ent_coef        | 0.0477   |
|    ent_coef_loss   | 2.05     |
|    learning_rate   | 0.0003   |
|    n_updates       | 262887   |
---------------------------------
---------------------------------
| rollout/           |          |
|    ep_len_mean     | 1e+03    |
|    ep_rew_mean     | 224      |
| time/              |          |
|    episodes        | 268      |
|    fps             | 88       |
|    time_elapsed    | 3031     |
|    total_timesteps | 267888   |
| train/             |          |
|    actor_loss      | -81.3    |
|    critic_loss     | 0.485    |
|    ent_coef        | 0.0396   |
|    ent_coef_loss   | -0.739   |
|    learning_rate   | 0.0003   |
|    n_updates       | 266887   |
---------------------------------
---------------------------------
| rollout/           |          |
|    ep_len_mean     | 1e+03    |
|    ep_rew_mean     | 226      |
| time/              |          |
|    episodes        | 272      |
|    fps             | 88       |
|    time_elapsed    | 3079     |
|    total_timesteps | 271888   |
| train/             |          |
|    actor_loss      | -88.3    |
|    critic_loss     | 0.866    |
|    ent_coef        | 0.0447   |
|    ent_coef_loss   | 0.365    |
|    learning_rate   | 0.0003   |
|    n_updates       | 270887   |
---------------------------------
---------------------------------
| rollout/           |          |
|    ep_len_mean     | 1e+03    |
|    ep_rew_mean     | 213      |
| time/              |          |
|    episodes        | 276      |
|    fps             | 88       |
|    time_elapsed    | 3125     |
|    total_timesteps | 275888   |
| train/             |          |
|    actor_loss      | -80.6    |
|    critic_loss     | 1.69     |
|    ent_coef        | 0.0394   |
|    ent_coef_loss   | -0.272   |
|    learning_rate   | 0.0003   |
|    n_updates       | 274887   |
---------------------------------
---------------------------------
| rollout/           |          |
|    ep_len_mean     | 1e+03    |
|    ep_rew_mean     | 206      |
| time/              |          |
|    episodes        | 280      |
|    fps             | 88       |
|    time_elapsed    | 3171     |
|    total_timesteps | 279888   |
| train/             |          |
|    actor_loss      | -84.7    |
|    critic_loss     | 0.669    |
|    ent_coef        | 0.0333   |
|    ent_coef_loss   | 0.804    |
|    learning_rate   | 0.0003   |
|    n_updates       | 278887   |
---------------------------------
---------------------------------
| rollout/           |          |
|    ep_len_mean     | 1e+03    |
|    ep_rew_mean     | 181      |
| time/              |          |
|    episodes        | 284      |
|    fps             | 88       |
|    time_elapsed    | 3218     |
|    total_timesteps | 283888   |
| train/             |          |
|    actor_loss      | -77.4    |
|    critic_loss     | 0.45     |
|    ent_coef        | 0.0363   |
|    ent_coef_loss   | 0.368    |
|    learning_rate   | 0.0003   |
|    n_updates       | 282887   |
---------------------------------
---------------------------------
| rollout/           |          |
|    ep_len_mean     | 1e+03    |
|    ep_rew_mean     | 172      |
| time/              |          |
|    episodes        | 288      |
|    fps             | 88       |
|    time_elapsed    | 3266     |
|    total_timesteps | 287888   |
| train/             |          |
|    actor_loss      | -93.3    |
|    critic_loss     | 1.42     |
|    ent_coef        | 0.0346   |
|    ent_coef_loss   | -0.0963  |
|    learning_rate   | 0.0003   |
|    n_updates       | 286887   |
---------------------------------
---------------------------------
| rollout/           |          |
|    ep_len_mean     | 1e+03    |
|    ep_rew_mean     | 185      |
| time/              |          |
|    episodes        | 292      |
|    fps             | 88       |
|    time_elapsed    | 3315     |
|    total_timesteps | 291888   |
| train/             |          |
|    actor_loss      | -81.8    |
|    critic_loss     | 2.58     |
|    ent_coef        | 0.0483   |
|    ent_coef_loss   | -0.126   |
|    learning_rate   | 0.0003   |
|    n_updates       | 290887   |
---------------------------------
---------------------------------
| rollout/           |          |
|    ep_len_mean     | 1e+03    |
|    ep_rew_mean     | 196      |
| time/              |          |
|    episodes        | 296      |
|    fps             | 87       |
|    time_elapsed    | 3364     |
|    total_timesteps | 295888   |
| train/             |          |
|    actor_loss      | -92      |
|    critic_loss     | 0.818    |
|    ent_coef        | 0.0339   |
|    ent_coef_loss   | -1.26    |
|    learning_rate   | 0.0003   |
|    n_updates       | 294887   |
---------------------------------
---------------------------------
| rollout/           |          |
|    ep_len_mean     | 1e+03    |
|    ep_rew_mean     | 208      |
| time/              |          |
|    episodes        | 300      |
|    fps             | 87       |
|    time_elapsed    | 3413     |
|    total_timesteps | 299888   |
| train/             |          |
|    actor_loss      | -92.8    |
|    critic_loss     | 0.612    |
|    ent_coef        | 0.0317   |
|    ent_coef_loss   | -0.731   |
|    learning_rate   | 0.0003   |
|    n_updates       | 298887   |
---------------------------------
---------------------------------
| rollout/           |          |
|    ep_len_mean     | 1e+03    |
|    ep_rew_mean     | 222      |
| time/              |          |
|    episodes        | 304      |
|    fps             | 87       |
|    time_elapsed    | 3462     |
|    total_timesteps | 303888   |
| train/             |          |
|    actor_loss      | -92.8    |
|    critic_loss     | 0.465    |
|    ent_coef        | 0.034    |
|    ent_coef_loss   | -1.28    |
|    learning_rate   | 0.0003   |
|    n_updates       | 302887   |
---------------------------------
---------------------------------
| rollout/           |          |
|    ep_len_mean     | 1e+03    |
|    ep_rew_mean     | 224      |
| time/              |          |
|    episodes        | 308      |
|    fps             | 87       |
|    time_elapsed    | 3511     |
|    total_timesteps | 307888   |
| train/             |          |
|    actor_loss      | -89.5    |
|    critic_loss     | 0.525    |
|    ent_coef        | 0.0379   |
|    ent_coef_loss   | 0.0201   |
|    learning_rate   | 0.0003   |
|    n_updates       | 306887   |
---------------------------------
---------------------------------
| rollout/           |          |
|    ep_len_mean     | 1e+03    |
|    ep_rew_mean     | 226      |
| time/              |          |
|    episodes        | 312      |
|    fps             | 87       |
|    time_elapsed    | 3560     |
|    total_timesteps | 311888   |
| train/             |          |
|    actor_loss      | -97.2    |
|    critic_loss     | 1.14     |
|    ent_coef        | 0.0364   |
|    ent_coef_loss   | 0.115    |
|    learning_rate   | 0.0003   |
|    n_updates       | 310887   |
---------------------------------
---------------------------------
| rollout/           |          |
|    ep_len_mean     | 1e+03    |
|    ep_rew_mean     | 219      |
| time/              |          |
|    episodes        | 316      |
|    fps             | 87       |
|    time_elapsed    | 3610     |
|    total_timesteps | 315888   |
| train/             |          |
|    actor_loss      | -109     |
|    critic_loss     | 1.14     |
|    ent_coef        | 0.0382   |
|    ent_coef_loss   | 0.0144   |
|    learning_rate   | 0.0003   |
|    n_updates       | 314887   |
---------------------------------
---------------------------------
| rollout/           |          |
|    ep_len_mean     | 1e+03    |
|    ep_rew_mean     | 271      |
| time/              |          |
|    episodes        | 320      |
|    fps             | 87       |
|    time_elapsed    | 3659     |
|    total_timesteps | 319888   |
| train/             |          |
|    actor_loss      | -106     |
|    critic_loss     | 0.823    |
|    ent_coef        | 0.0513   |
|    ent_coef_loss   | 0.817    |
|    learning_rate   | 0.0003   |
|    n_updates       | 318887   |
---------------------------------
---------------------------------
| rollout/           |          |
|    ep_len_mean     | 1e+03    |
|    ep_rew_mean     | 262      |
| time/              |          |
|    episodes        | 324      |
|    fps             | 87       |
|    time_elapsed    | 3707     |
|    total_timesteps | 323888   |
| train/             |          |
|    actor_loss      | -113     |
|    critic_loss     | 0.544    |
|    ent_coef        | 0.0358   |
|    ent_coef_loss   | 0.447    |
|    learning_rate   | 0.0003   |
|    n_updates       | 322887   |
---------------------------------
---------------------------------
| rollout/           |          |
|    ep_len_mean     | 1e+03    |
|    ep_rew_mean     | 277      |
| time/              |          |
|    episodes        | 328      |
|    fps             | 87       |
|    time_elapsed    | 3756     |
|    total_timesteps | 327888   |
| train/             |          |
|    actor_loss      | -115     |
|    critic_loss     | 0.508    |
|    ent_coef        | 0.0295   |
|    ent_coef_loss   | -0.593   |
|    learning_rate   | 0.0003   |
|    n_updates       | 326887   |
---------------------------------
---------------------------------
| rollout/           |          |
|    ep_len_mean     | 1e+03    |
|    ep_rew_mean     | 301      |
| time/              |          |
|    episodes        | 332      |
|    fps             | 87       |
|    time_elapsed    | 3805     |
|    total_timesteps | 331888   |
| train/             |          |
|    actor_loss      | -111     |
|    critic_loss     | 0.723    |
|    ent_coef        | 0.0249   |
|    ent_coef_loss   | -1.36    |
|    learning_rate   | 0.0003   |
|    n_updates       | 330887   |
---------------------------------
---------------------------------
| rollout/           |          |
|    ep_len_mean     | 1e+03    |
|    ep_rew_mean     | 325      |
| time/              |          |
|    episodes        | 336      |
|    fps             | 87       |
|    time_elapsed    | 3854     |
|    total_timesteps | 335888   |
| train/             |          |
|    actor_loss      | -120     |
|    critic_loss     | 2.78     |
|    ent_coef        | 0.0237   |
|    ent_coef_loss   | 0.223    |
|    learning_rate   | 0.0003   |
|    n_updates       | 334887   |
---------------------------------
---------------------------------
| rollout/           |          |
|    ep_len_mean     | 1e+03    |
|    ep_rew_mean     | 342      |
| time/              |          |
|    episodes        | 340      |
|    fps             | 87       |
|    time_elapsed    | 3903     |
|    total_timesteps | 339888   |
| train/             |          |
|    actor_loss      | -107     |
|    critic_loss     | 1.09     |
|    ent_coef        | 0.0251   |
|    ent_coef_loss   | -1.35    |
|    learning_rate   | 0.0003   |
|    n_updates       | 338887   |
---------------------------------
---------------------------------
| rollout/           |          |
|    ep_len_mean     | 1e+03    |
|    ep_rew_mean     | 356      |
| time/              |          |
|    episodes        | 344      |
|    fps             | 86       |
|    time_elapsed    | 3953     |
|    total_timesteps | 343888   |
| train/             |          |
|    actor_loss      | -111     |
|    critic_loss     | 0.656    |
|    ent_coef        | 0.0275   |
|    ent_coef_loss   | -1.52    |
|    learning_rate   | 0.0003   |
|    n_updates       | 342887   |
---------------------------------
---------------------------------
| rollout/           |          |
|    ep_len_mean     | 1e+03    |
|    ep_rew_mean     | 370      |
| time/              |          |
|    episodes        | 348      |
|    fps             | 86       |
|    time_elapsed    | 4003     |
|    total_timesteps | 347888   |
| train/             |          |
|    actor_loss      | -109     |
|    critic_loss     | 1.15     |
|    ent_coef        | 0.0286   |
|    ent_coef_loss   | 1.34     |
|    learning_rate   | 0.0003   |
|    n_updates       | 346887   |
---------------------------------
---------------------------------
| rollout/           |          |
|    ep_len_mean     | 1e+03    |
|    ep_rew_mean     | 377      |
| time/              |          |
|    episodes        | 352      |
|    fps             | 86       |
|    time_elapsed    | 4052     |
|    total_timesteps | 351888   |
| train/             |          |
|    actor_loss      | -105     |
|    critic_loss     | 0.442    |
|    ent_coef        | 0.0281   |
|    ent_coef_loss   | -0.473   |
|    learning_rate   | 0.0003   |
|    n_updates       | 350887   |
---------------------------------
---------------------------------
| rollout/           |          |
|    ep_len_mean     | 1e+03    |
|    ep_rew_mean     | 386      |
| time/              |          |
|    episodes        | 356      |
|    fps             | 86       |
|    time_elapsed    | 4102     |
|    total_timesteps | 355888   |
| train/             |          |
|    actor_loss      | -112     |
|    critic_loss     | 0.603    |
|    ent_coef        | 0.0359   |
|    ent_coef_loss   | 0.521    |
|    learning_rate   | 0.0003   |
|    n_updates       | 354887   |
---------------------------------
---------------------------------
| rollout/           |          |
|    ep_len_mean     | 1e+03    |
|    ep_rew_mean     | 398      |
| time/              |          |
|    episodes        | 360      |
|    fps             | 86       |
|    time_elapsed    | 4151     |
|    total_timesteps | 359888   |
| train/             |          |
|    actor_loss      | -113     |
|    critic_loss     | 0.965    |
|    ent_coef        | 0.0416   |
|    ent_coef_loss   | 1.15     |
|    learning_rate   | 0.0003   |
|    n_updates       | 358887   |
---------------------------------
---------------------------------
| rollout/           |          |
|    ep_len_mean     | 1e+03    |
|    ep_rew_mean     | 409      |
| time/              |          |
|    episodes        | 364      |
|    fps             | 86       |
|    time_elapsed    | 4200     |
|    total_timesteps | 363888   |
| train/             |          |
|    actor_loss      | -117     |
|    critic_loss     | 3.76     |
|    ent_coef        | 0.039    |
|    ent_coef_loss   | 0.305    |
|    learning_rate   | 0.0003   |
|    n_updates       | 362887   |
---------------------------------
---------------------------------
| rollout/           |          |
|    ep_len_mean     | 1e+03    |
|    ep_rew_mean     | 448      |
| time/              |          |
|    episodes        | 368      |
|    fps             | 86       |
|    time_elapsed    | 4249     |
|    total_timesteps | 367888   |
| train/             |          |
|    actor_loss      | -125     |
|    critic_loss     | 0.876    |
|    ent_coef        | 0.0322   |
|    ent_coef_loss   | 0.253    |
|    learning_rate   | 0.0003   |
|    n_updates       | 366887   |
---------------------------------
---------------------------------
| rollout/           |          |
|    ep_len_mean     | 1e+03    |
|    ep_rew_mean     | 477      |
| time/              |          |
|    episodes        | 372      |
|    fps             | 86       |
|    time_elapsed    | 4299     |
|    total_timesteps | 371888   |
| train/             |          |
|    actor_loss      | -136     |
|    critic_loss     | 0.921    |
|    ent_coef        | 0.0362   |
|    ent_coef_loss   | -0.179   |
|    learning_rate   | 0.0003   |
|    n_updates       | 370887   |
---------------------------------
---------------------------------
| rollout/           |          |
|    ep_len_mean     | 1e+03    |
|    ep_rew_mean     | 508      |
| time/              |          |
|    episodes        | 376      |
|    fps             | 86       |
|    time_elapsed    | 4350     |
|    total_timesteps | 375888   |
| train/             |          |
|    actor_loss      | -103     |
|    critic_loss     | 0.649    |
|    ent_coef        | 0.0289   |
|    ent_coef_loss   | -3.13    |
|    learning_rate   | 0.0003   |
|    n_updates       | 374887   |
---------------------------------
---------------------------------
| rollout/           |          |
|    ep_len_mean     | 1e+03    |
|    ep_rew_mean     | 513      |
| time/              |          |
|    episodes        | 380      |
|    fps             | 86       |
|    time_elapsed    | 4399     |
|    total_timesteps | 379888   |
| train/             |          |
|    actor_loss      | -120     |
|    critic_loss     | 1.75     |
|    ent_coef        | 0.0242   |
|    ent_coef_loss   | -0.072   |
|    learning_rate   | 0.0003   |
|    n_updates       | 378887   |
---------------------------------
---------------------------------
| rollout/           |          |
|    ep_len_mean     | 1e+03    |
|    ep_rew_mean     | 550      |
| time/              |          |
|    episodes        | 384      |
|    fps             | 86       |
|    time_elapsed    | 4449     |
|    total_timesteps | 383888   |
| train/             |          |
|    actor_loss      | -118     |
|    critic_loss     | 0.341    |
|    ent_coef        | 0.0323   |
|    ent_coef_loss   | -1.39    |
|    learning_rate   | 0.0003   |
|    n_updates       | 382887   |
---------------------------------
---------------------------------
| rollout/           |          |
|    ep_len_mean     | 1e+03    |
|    ep_rew_mean     | 565      |
| time/              |          |
|    episodes        | 388      |
|    fps             | 86       |
|    time_elapsed    | 4499     |
|    total_timesteps | 387888   |
| train/             |          |
|    actor_loss      | -118     |
|    critic_loss     | 2.56     |
|    ent_coef        | 0.0217   |
|    ent_coef_loss   | -1.27    |
|    learning_rate   | 0.0003   |
|    n_updates       | 386887   |
---------------------------------
---------------------------------
| rollout/           |          |
|    ep_len_mean     | 1e+03    |
|    ep_rew_mean     | 584      |
| time/              |          |
|    episodes        | 392      |
|    fps             | 86       |
|    time_elapsed    | 4549     |
|    total_timesteps | 391888   |
| train/             |          |
|    actor_loss      | -116     |
|    critic_loss     | 0.485    |
|    ent_coef        | 0.0222   |
|    ent_coef_loss   | -1.35    |
|    learning_rate   | 0.0003   |
|    n_updates       | 390887   |
---------------------------------
---------------------------------
| rollout/           |          |
|    ep_len_mean     | 1e+03    |
|    ep_rew_mean     | 602      |
| time/              |          |
|    episodes        | 396      |
|    fps             | 86       |
|    time_elapsed    | 4599     |
|    total_timesteps | 395888   |
| train/             |          |
|    actor_loss      | -107     |
|    critic_loss     | 0.499    |
|    ent_coef        | 0.0207   |
|    ent_coef_loss   | -1.1     |
|    learning_rate   | 0.0003   |
|    n_updates       | 394887   |
---------------------------------
---------------------------------
| rollout/           |          |
|    ep_len_mean     | 1e+03    |
|    ep_rew_mean     | 616      |
| time/              |          |
|    episodes        | 400      |
|    fps             | 86       |
|    time_elapsed    | 4649     |
|    total_timesteps | 399888   |
| train/             |          |
|    actor_loss      | -133     |
|    critic_loss     | 1.42     |
|    ent_coef        | 0.0229   |
|    ent_coef_loss   | -0.59    |
|    learning_rate   | 0.0003   |
|    n_updates       | 398887   |
---------------------------------
---------------------------------
| rollout/           |          |
|    ep_len_mean     | 1e+03    |
|    ep_rew_mean     | 630      |
| time/              |          |
|    episodes        | 404      |
|    fps             | 85       |
|    time_elapsed    | 4699     |
|    total_timesteps | 403888   |
| train/             |          |
|    actor_loss      | -110     |
|    critic_loss     | 0.797    |
|    ent_coef        | 0.022    |
|    ent_coef_loss   | -0.415   |
|    learning_rate   | 0.0003   |
|    n_updates       | 402887   |
---------------------------------
---------------------------------
| rollout/           |          |
|    ep_len_mean     | 1e+03    |
|    ep_rew_mean     | 649      |
| time/              |          |
|    episodes        | 408      |
|    fps             | 85       |
|    time_elapsed    | 4749     |
|    total_timesteps | 407888   |
| train/             |          |
|    actor_loss      | -119     |
|    critic_loss     | 0.434    |
|    ent_coef        | 0.0232   |
|    ent_coef_loss   | 0.596    |
|    learning_rate   | 0.0003   |
|    n_updates       | 406887   |
---------------------------------
---------------------------------
| rollout/           |          |
|    ep_len_mean     | 1e+03    |
|    ep_rew_mean     | 663      |
| time/              |          |
|    episodes        | 412      |
|    fps             | 85       |
|    time_elapsed    | 4799     |
|    total_timesteps | 411888   |
| train/             |          |
|    actor_loss      | -115     |
|    critic_loss     | 0.395    |
|    ent_coef        | 0.0245   |
|    ent_coef_loss   | -1.09    |
|    learning_rate   | 0.0003   |
|    n_updates       | 410887   |
---------------------------------
---------------------------------
| rollout/           |          |
|    ep_len_mean     | 1e+03    |
|    ep_rew_mean     | 671      |
| time/              |          |
|    episodes        | 416      |
|    fps             | 85       |
|    time_elapsed    | 4849     |
|    total_timesteps | 415888   |
| train/             |          |
|    actor_loss      | -108     |
|    critic_loss     | 0.727    |
|    ent_coef        | 0.029    |
|    ent_coef_loss   | 0.421    |
|    learning_rate   | 0.0003   |
|    n_updates       | 414887   |
---------------------------------
---------------------------------
| rollout/           |          |
|    ep_len_mean     | 1e+03    |
|    ep_rew_mean     | 642      |
| time/              |          |
|    episodes        | 420      |
|    fps             | 85       |
|    time_elapsed    | 4900     |
|    total_timesteps | 419888   |
| train/             |          |
|    actor_loss      | -107     |
|    critic_loss     | 0.378    |
|    ent_coef        | 0.0199   |
|    ent_coef_loss   | -0.0332  |
|    learning_rate   | 0.0003   |
|    n_updates       | 418887   |
---------------------------------
---------------------------------
| rollout/           |          |
|    ep_len_mean     | 1e+03    |
|    ep_rew_mean     | 674      |
| time/              |          |
|    episodes        | 424      |
|    fps             | 85       |
|    time_elapsed    | 4950     |
|    total_timesteps | 423888   |
| train/             |          |
|    actor_loss      | -120     |
|    critic_loss     | 3.92     |
|    ent_coef        | 0.0266   |
|    ent_coef_loss   | 0.23     |
|    learning_rate   | 0.0003   |
|    n_updates       | 422887   |
---------------------------------
---------------------------------
| rollout/           |          |
|    ep_len_mean     | 1e+03    |
|    ep_rew_mean     | 677      |
| time/              |          |
|    episodes        | 428      |
|    fps             | 85       |
|    time_elapsed    | 5000     |
|    total_timesteps | 427888   |
| train/             |          |
|    actor_loss      | -124     |
|    critic_loss     | 0.183    |
|    ent_coef        | 0.0275   |
|    ent_coef_loss   | -0.268   |
|    learning_rate   | 0.0003   |
|    n_updates       | 426887   |
---------------------------------
---------------------------------
| rollout/           |          |
|    ep_len_mean     | 1e+03    |
|    ep_rew_mean     | 681      |
| time/              |          |
|    episodes        | 432      |
|    fps             | 85       |
|    time_elapsed    | 5051     |
|    total_timesteps | 431888   |
| train/             |          |
|    actor_loss      | -114     |
|    critic_loss     | 0.392    |
|    ent_coef        | 0.0247   |
|    ent_coef_loss   | -1.09    |
|    learning_rate   | 0.0003   |
|    n_updates       | 430887   |
---------------------------------
---------------------------------
| rollout/           |          |
|    ep_len_mean     | 1e+03    |
|    ep_rew_mean     | 691      |
| time/              |          |
|    episodes        | 436      |
|    fps             | 85       |
|    time_elapsed    | 5101     |
|    total_timesteps | 435888   |
| train/             |          |
|    actor_loss      | -134     |
|    critic_loss     | 60       |
|    ent_coef        | 0.024    |
|    ent_coef_loss   | 0.676    |
|    learning_rate   | 0.0003   |
|    n_updates       | 434887   |
---------------------------------
---------------------------------
| rollout/           |          |
|    ep_len_mean     | 1e+03    |
|    ep_rew_mean     | 704      |
| time/              |          |
|    episodes        | 440      |
|    fps             | 85       |
|    time_elapsed    | 5152     |
|    total_timesteps | 439888   |
| train/             |          |
|    actor_loss      | -113     |
|    critic_loss     | 0.443    |
|    ent_coef        | 0.0251   |
|    ent_coef_loss   | 0.438    |
|    learning_rate   | 0.0003   |
|    n_updates       | 438887   |
---------------------------------
---------------------------------
| rollout/           |          |
|    ep_len_mean     | 1e+03    |
|    ep_rew_mean     | 692      |
| time/              |          |
|    episodes        | 444      |
|    fps             | 85       |
|    time_elapsed    | 5203     |
|    total_timesteps | 443888   |
| train/             |          |
|    actor_loss      | -128     |
|    critic_loss     | 0.602    |
|    ent_coef        | 0.0505   |
|    ent_coef_loss   | 1.72     |
|    learning_rate   | 0.0003   |
|    n_updates       | 442887   |
---------------------------------
---------------------------------
| rollout/           |          |
|    ep_len_mean     | 1e+03    |
|    ep_rew_mean     | 659      |
| time/              |          |
|    episodes        | 448      |
|    fps             | 85       |
|    time_elapsed    | 5253     |
|    total_timesteps | 447888   |
| train/             |          |
|    actor_loss      | -130     |
|    critic_loss     | 0.532    |
|    ent_coef        | 0.0409   |
|    ent_coef_loss   | -0.444   |
|    learning_rate   | 0.0003   |
|    n_updates       | 446887   |
---------------------------------
---------------------------------
| rollout/           |          |
|    ep_len_mean     | 1e+03    |
|    ep_rew_mean     | 655      |
| time/              |          |
|    episodes        | 452      |
|    fps             | 85       |
|    time_elapsed    | 5304     |
|    total_timesteps | 451888   |
| train/             |          |
|    actor_loss      | -132     |
|    critic_loss     | 0.507    |
|    ent_coef        | 0.032    |
|    ent_coef_loss   | 1.22     |
|    learning_rate   | 0.0003   |
|    n_updates       | 450887   |
---------------------------------
---------------------------------
| rollout/           |          |
|    ep_len_mean     | 1e+03    |
|    ep_rew_mean     | 714      |
| time/              |          |
|    episodes        | 456      |
|    fps             | 85       |
|    time_elapsed    | 5355     |
|    total_timesteps | 455888   |
| train/             |          |
|    actor_loss      | -127     |
|    critic_loss     | 0.951    |
|    ent_coef        | 0.0287   |
|    ent_coef_loss   | -0.725   |
|    learning_rate   | 0.0003   |
|    n_updates       | 454887   |
---------------------------------
---------------------------------
| rollout/           |          |
|    ep_len_mean     | 1e+03    |
|    ep_rew_mean     | 720      |
| time/              |          |
|    episodes        | 460      |
|    fps             | 85       |
|    time_elapsed    | 5406     |
|    total_timesteps | 459888   |
| train/             |          |
|    actor_loss      | -128     |
|    critic_loss     | 0.403    |
|    ent_coef        | 0.0227   |
|    ent_coef_loss   | 1.42     |
|    learning_rate   | 0.0003   |
|    n_updates       | 458887   |
---------------------------------
---------------------------------
| rollout/           |          |
|    ep_len_mean     | 1e+03    |
|    ep_rew_mean     | 717      |
| time/              |          |
|    episodes        | 464      |
|    fps             | 85       |
|    time_elapsed    | 5456     |
|    total_timesteps | 463888   |
| train/             |          |
|    actor_loss      | -122     |
|    critic_loss     | 0.323    |
|    ent_coef        | 0.0236   |
|    ent_coef_loss   | 0.391    |
|    learning_rate   | 0.0003   |
|    n_updates       | 462887   |
---------------------------------
---------------------------------
| rollout/           |          |
|    ep_len_mean     | 1e+03    |
|    ep_rew_mean     | 719      |
| time/              |          |
|    episodes        | 468      |
|    fps             | 84       |
|    time_elapsed    | 5506     |
|    total_timesteps | 467888   |
| train/             |          |
|    actor_loss      | -122     |
|    critic_loss     | 0.726    |
|    ent_coef        | 0.0207   |
|    ent_coef_loss   | -0.316   |
|    learning_rate   | 0.0003   |
|    n_updates       | 466887   |
---------------------------------
---------------------------------
| rollout/           |          |
|    ep_len_mean     | 1e+03    |
|    ep_rew_mean     | 711      |
| time/              |          |
|    episodes        | 472      |
|    fps             | 84       |
|    time_elapsed    | 5554     |
|    total_timesteps | 471888   |
| train/             |          |
|    actor_loss      | -128     |
|    critic_loss     | 75.5     |
|    ent_coef        | 0.0179   |
|    ent_coef_loss   | 0.131    |
|    learning_rate   | 0.0003   |
|    n_updates       | 470887   |
---------------------------------
---------------------------------
| rollout/           |          |
|    ep_len_mean     | 999      |
|    ep_rew_mean     | 732      |
| time/              |          |
|    episodes        | 476      |
|    fps             | 84       |
|    time_elapsed    | 5601     |
|    total_timesteps | 475823   |
| train/             |          |
|    actor_loss      | -122     |
|    critic_loss     | 0.591    |
|    ent_coef        | 0.0227   |
|    ent_coef_loss   | -0.111   |
|    learning_rate   | 0.0003   |
|    n_updates       | 474822   |
---------------------------------
---------------------------------
| rollout/           |          |
|    ep_len_mean     | 999      |
|    ep_rew_mean     | 761      |
| time/              |          |
|    episodes        | 480      |
|    fps             | 84       |
|    time_elapsed    | 5649     |
|    total_timesteps | 479823   |
| train/             |          |
|    actor_loss      | -136     |
|    critic_loss     | 5.96     |
|    ent_coef        | 0.0377   |
|    ent_coef_loss   | 0.923    |
|    learning_rate   | 0.0003   |
|    n_updates       | 478822   |
---------------------------------
---------------------------------
| rollout/           |          |
|    ep_len_mean     | 999      |
|    ep_rew_mean     | 764      |
| time/              |          |
|    episodes        | 484      |
|    fps             | 84       |
|    time_elapsed    | 5697     |
|    total_timesteps | 483823   |
| train/             |          |
|    actor_loss      | -124     |
|    critic_loss     | 1.88     |
|    ent_coef        | 0.0167   |
|    ent_coef_loss   | -1.04    |
|    learning_rate   | 0.0003   |
|    n_updates       | 482822   |
---------------------------------
---------------------------------
| rollout/           |          |
|    ep_len_mean     | 999      |
|    ep_rew_mean     | 766      |
| time/              |          |
|    episodes        | 488      |
|    fps             | 84       |
|    time_elapsed    | 5745     |
|    total_timesteps | 487823   |
| train/             |          |
|    actor_loss      | -127     |
|    critic_loss     | 1.01     |
|    ent_coef        | 0.0191   |
|    ent_coef_loss   | -1.72    |
|    learning_rate   | 0.0003   |
|    n_updates       | 486822   |
---------------------------------
---------------------------------
| rollout/           |          |
|    ep_len_mean     | 999      |
|    ep_rew_mean     | 758      |
| time/              |          |
|    episodes        | 492      |
|    fps             | 84       |
|    time_elapsed    | 5792     |
|    total_timesteps | 491823   |
| train/             |          |
|    actor_loss      | -113     |
|    critic_loss     | 0.675    |
|    ent_coef        | 0.0253   |
|    ent_coef_loss   | 0.00259  |
|    learning_rate   | 0.0003   |
|    n_updates       | 490822   |
---------------------------------
---------------------------------
| rollout/           |          |
|    ep_len_mean     | 999      |
|    ep_rew_mean     | 727      |
| time/              |          |
|    episodes        | 496      |
|    fps             | 84       |
|    time_elapsed    | 5840     |
|    total_timesteps | 495823   |
| train/             |          |
|    actor_loss      | -143     |
|    critic_loss     | 1.33     |
|    ent_coef        | 0.0196   |
|    ent_coef_loss   | 0.408    |
|    learning_rate   | 0.0003   |
|    n_updates       | 494822   |
---------------------------------
---------------------------------
| rollout/           |          |
|    ep_len_mean     | 999      |
|    ep_rew_mean     | 710      |
| time/              |          |
|    episodes        | 500      |
|    fps             | 84       |
|    time_elapsed    | 5888     |
|    total_timesteps | 499823   |
| train/             |          |
|    actor_loss      | -136     |
|    critic_loss     | 1.87     |
|    ent_coef        | 0.0322   |
|    ent_coef_loss   | 3.39     |
|    learning_rate   | 0.0003   |
|    n_updates       | 498822   |
---------------------------------
[2026-06-23T15:01:38] Training complete in 5891.1s
[2026-06-23T15:01:38] Episodes: 500
[2026-06-23T15:01:38] Best reward: 6459.23
[2026-06-23T15:01:38] Mean reward (100ep): 709.85
[2026-06-23T15:01:38] Final goal tolerance: 0.6
[2026-06-23T15:01:38] Curriculum stage: 0
[2026-06-23T15:01:38] Saved: {'model': 'C:\\Users\\ranjo\\OneDrive\\Desktop\\ARM-Model\\project_assets\\outputs\\Parallel_Seeds\\seed_015\\sac_model', 'history': 'C:\\Users\\ranjo\\OneDrive\\Desktop\\ARM-Model\\project_assets\\outputs\\Parallel_Seeds\\seed_015\\training_history.csv', 'stats': 'C:\\Users\\ranjo\\OneDrive\\Desktop\\ARM-Model\\project_assets\\outputs\\Parallel_Seeds\\seed_015\\training_stats.json'}
[2026-06-23T15:01:38] Running Fitts' Law sweep (10 trials per condition)...
[2026-06-23T15:01:56] Fitts sweep complete in 18.0s
[2026-06-23T15:01:56] Fitts: MT = +0.0696 + +0.0891 * ID, R^2 = 0.6473 (n_conditions = 21, trials_per_condition = 10)
[2026-06-23T15:01:57] Saved: C:\Users\ranjo\OneDrive\Desktop\ARM-Model\project_assets\outputs\Parallel_Seeds\seed_015\fitts_law.json
[2026-06-23T15:01:57] Saved: C:\Users\ranjo\OneDrive\Desktop\ARM-Model\project_assets\outputs\Parallel_Seeds\seed_015\fitts_law.png
[2026-06-23T15:01:57] Running 2/3 Power Law sweep (20 trials)...
[2026-06-23T15:01:58] Power Law sweep complete in 1.1s
[2026-06-23T15:01:58] Power Law: log V = -0.5783 + -0.5930 * log C, R = -0.3945, R^2 = 0.1556 (n_samples = 3472, n_trials = 0/20)
[2026-06-23T15:01:58] Saved: C:\Users\ranjo\OneDrive\Desktop\ARM-Model\project_assets\outputs\Parallel_Seeds\seed_015\power_law.json
[2026-06-23T15:01:58] Saved: C:\Users\ranjo\OneDrive\Desktop\ARM-Model\project_assets\outputs\Parallel_Seeds\seed_015\power_law.png
[2026-06-23T15:01:58] Session complete. Total wall time: 1:38:31.602927
[2026-06-23T15:01:58] ============================================================
