[2026-06-24T00:25:44] Starting Fischer session: algorithm=SAC, timesteps=500,000, direction=EAST, actuation=muscle, waypoints=[[2.5, 0.8], [0.2, 1.1], [1.8, -1.3]]
[2026-06-24T00:25:44] Save dir: C:\Users\ranjo\OneDrive\Desktop\ARM-Model\project_assets\outputs\Parallel_Seeds\seed_026
[2026-06-24T00:25:44] Waypoint mode active: 3 waypoints, current_waypoint_index=0 at every episode reset
Using cpu device
Wrapping the env with a `Monitor` wrapper
Wrapping the env in a DummyVecEnv.
[HoldCurriculum] Initial hold requirement: 10 steps (ladder: [10, 15, 20], threshold: 60%)
----------------------------------
| rollout/           |           |
|    ep_len_mean     | 1e+03     |
|    ep_rew_mean     | -5.92e+03 |
| time/              |           |
|    episodes        | 4         |
|    fps             | 90        |
|    time_elapsed    | 44        |
|    total_timesteps | 4000      |
| train/             |           |
|    actor_loss      | 58.7      |
|    critic_loss     | 4.41      |
|    ent_coef        | 0.412     |
|    ent_coef_loss   | -5.42     |
|    learning_rate   | 0.0003    |
|    n_updates       | 2999      |
----------------------------------
----------------------------------
| rollout/           |           |
|    ep_len_mean     | 1e+03     |
|    ep_rew_mean     | -3.76e+03 |
| time/              |           |
|    episodes        | 8         |
|    fps             | 77        |
|    time_elapsed    | 102       |
|    total_timesteps | 8000      |
| train/             |           |
|    actor_loss      | 89.7      |
|    critic_loss     | 9.36      |
|    ent_coef        | 0.156     |
|    ent_coef_loss   | -3.76     |
|    learning_rate   | 0.0003    |
|    n_updates       | 6999      |
----------------------------------
----------------------------------
| rollout/           |           |
|    ep_len_mean     | 1e+03     |
|    ep_rew_mean     | -3.87e+03 |
| time/              |           |
|    episodes        | 12        |
|    fps             | 74        |
|    time_elapsed    | 161       |
|    total_timesteps | 12000     |
| train/             |           |
|    actor_loss      | 89.5      |
|    critic_loss     | 9.66      |
|    ent_coef        | 0.165     |
|    ent_coef_loss   | -0.0814   |
|    learning_rate   | 0.0003    |
|    n_updates       | 10999     |
----------------------------------
---------------------------------
| rollout/           |          |
|    ep_len_mean     | 1e+03    |
|    ep_rew_mean     | -3.6e+03 |
| time/              |          |
|    episodes        | 16       |
|    fps             | 72       |
|    time_elapsed    | 220      |
|    total_timesteps | 16000    |
| train/             |          |
|    actor_loss      | 82.7     |
|    critic_loss     | 11.3     |
|    ent_coef        | 0.192    |
|    ent_coef_loss   | 0.668    |
|    learning_rate   | 0.0003   |
|    n_updates       | 14999    |
---------------------------------
----------------------------------
| rollout/           |           |
|    ep_len_mean     | 1e+03     |
|    ep_rew_mean     | -3.18e+03 |
| time/              |           |
|    episodes        | 20        |
|    fps             | 71        |
|    time_elapsed    | 279       |
|    total_timesteps | 20000     |
| train/             |           |
|    actor_loss      | 29.2      |
|    critic_loss     | 17.5      |
|    ent_coef        | 0.21      |
|    ent_coef_loss   | 0.0941    |
|    learning_rate   | 0.0003    |
|    n_updates       | 18999     |
----------------------------------
----------------------------------
| rollout/           |           |
|    ep_len_mean     | 1e+03     |
|    ep_rew_mean     | -2.88e+03 |
| time/              |           |
|    episodes        | 24        |
|    fps             | 71        |
|    time_elapsed    | 337       |
|    total_timesteps | 24000     |
| train/             |           |
|    actor_loss      | 0.248     |
|    critic_loss     | 32.3      |
|    ent_coef        | 0.247     |
|    ent_coef_loss   | 0.103     |
|    learning_rate   | 0.0003    |
|    n_updates       | 22999     |
----------------------------------
----------------------------------
| rollout/           |           |
|    ep_len_mean     | 1e+03     |
|    ep_rew_mean     | -2.63e+03 |
| time/              |           |
|    episodes        | 28        |
|    fps             | 70        |
|    time_elapsed    | 396       |
|    total_timesteps | 28000     |
| train/             |           |
|    actor_loss      | -23.2     |
|    critic_loss     | 15.7      |
|    ent_coef        | 0.257     |
|    ent_coef_loss   | -0.156    |
|    learning_rate   | 0.0003    |
|    n_updates       | 26999     |
----------------------------------
----------------------------------
| rollout/           |           |
|    ep_len_mean     | 1e+03     |
|    ep_rew_mean     | -2.43e+03 |
| time/              |           |
|    episodes        | 32        |
|    fps             | 70        |
|    time_elapsed    | 456       |
|    total_timesteps | 32000     |
| train/             |           |
|    actor_loss      | -54.1     |
|    critic_loss     | 18.8      |
|    ent_coef        | 0.239     |
|    ent_coef_loss   | 0.217     |
|    learning_rate   | 0.0003    |
|    n_updates       | 30999     |
----------------------------------
----------------------------------
| rollout/           |           |
|    ep_len_mean     | 1e+03     |
|    ep_rew_mean     | -2.28e+03 |
| time/              |           |
|    episodes        | 36        |
|    fps             | 69        |
|    time_elapsed    | 514       |
|    total_timesteps | 36000     |
| train/             |           |
|    actor_loss      | -82.2     |
|    critic_loss     | 15.8      |
|    ent_coef        | 0.336     |
|    ent_coef_loss   | 0.406     |
|    learning_rate   | 0.0003    |
|    n_updates       | 34999     |
----------------------------------
----------------------------------
| rollout/           |           |
|    ep_len_mean     | 1e+03     |
|    ep_rew_mean     | -2.13e+03 |
| time/              |           |
|    episodes        | 40        |
|    fps             | 69        |
|    time_elapsed    | 573       |
|    total_timesteps | 40000     |
| train/             |           |
|    actor_loss      | -107      |
|    critic_loss     | 8.6       |
|    ent_coef        | 0.284     |
|    ent_coef_loss   | -0.162    |
|    learning_rate   | 0.0003    |
|    n_updates       | 38999     |
----------------------------------
----------------------------------
| rollout/           |           |
|    ep_len_mean     | 1e+03     |
|    ep_rew_mean     | -2.12e+03 |
| time/              |           |
|    episodes        | 44        |
|    fps             | 69        |
|    time_elapsed    | 632       |
|    total_timesteps | 44000     |
| train/             |           |
|    actor_loss      | -87.6     |
|    critic_loss     | 35.8      |
|    ent_coef        | 0.241     |
|    ent_coef_loss   | -0.155    |
|    learning_rate   | 0.0003    |
|    n_updates       | 42999     |
----------------------------------
----------------------------------
| rollout/           |           |
|    ep_len_mean     | 1e+03     |
|    ep_rew_mean     | -2.07e+03 |
| time/              |           |
|    episodes        | 48        |
|    fps             | 69        |
|    time_elapsed    | 692       |
|    total_timesteps | 48000     |
| train/             |           |
|    actor_loss      | -96.2     |
|    critic_loss     | 10.9      |
|    ent_coef        | 0.233     |
|    ent_coef_loss   | -0.106    |
|    learning_rate   | 0.0003    |
|    n_updates       | 46999     |
----------------------------------
----------------------------------
| rollout/           |           |
|    ep_len_mean     | 1e+03     |
|    ep_rew_mean     | -1.97e+03 |
| time/              |           |
|    episodes        | 52        |
|    fps             | 69        |
|    time_elapsed    | 753       |
|    total_timesteps | 52000     |
| train/             |           |
|    actor_loss      | -105      |
|    critic_loss     | 32.5      |
|    ent_coef        | 0.26      |
|    ent_coef_loss   | -0.0982   |
|    learning_rate   | 0.0003    |
|    n_updates       | 50999     |
----------------------------------
----------------------------------
| rollout/           |           |
|    ep_len_mean     | 1e+03     |
|    ep_rew_mean     | -1.87e+03 |
| time/              |           |
|    episodes        | 56        |
|    fps             | 68        |
|    time_elapsed    | 813       |
|    total_timesteps | 56000     |
| train/             |           |
|    actor_loss      | -122      |
|    critic_loss     | 11.8      |
|    ent_coef        | 0.23      |
|    ent_coef_loss   | -0.235    |
|    learning_rate   | 0.0003    |
|    n_updates       | 54999     |
----------------------------------
----------------------------------
| rollout/           |           |
|    ep_len_mean     | 1e+03     |
|    ep_rew_mean     | -1.77e+03 |
| time/              |           |
|    episodes        | 60        |
|    fps             | 68        |
|    time_elapsed    | 873       |
|    total_timesteps | 60000     |
| train/             |           |
|    actor_loss      | -91.3     |
|    critic_loss     | 11.4      |
|    ent_coef        | 0.227     |
|    ent_coef_loss   | -0.299    |
|    learning_rate   | 0.0003    |
|    n_updates       | 58999     |
----------------------------------
---------------------------------
| rollout/           |          |
|    ep_len_mean     | 1e+03    |
|    ep_rew_mean     | -1.7e+03 |
| time/              |          |
|    episodes        | 64       |
|    fps             | 68       |
|    time_elapsed    | 934      |
|    total_timesteps | 64000    |
| train/             |          |
|    actor_loss      | -109     |
|    critic_loss     | 51.6     |
|    ent_coef        | 0.221    |
|    ent_coef_loss   | -0.897   |
|    learning_rate   | 0.0003   |
|    n_updates       | 62999    |
---------------------------------
----------------------------------
| rollout/           |           |
|    ep_len_mean     | 1e+03     |
|    ep_rew_mean     | -1.63e+03 |
| time/              |           |
|    episodes        | 68        |
|    fps             | 68        |
|    time_elapsed    | 996       |
|    total_timesteps | 68000     |
| train/             |           |
|    actor_loss      | -114      |
|    critic_loss     | 16.5      |
|    ent_coef        | 0.21      |
|    ent_coef_loss   | 0.224     |
|    learning_rate   | 0.0003    |
|    n_updates       | 66999     |
----------------------------------
----------------------------------
| rollout/           |           |
|    ep_len_mean     | 1e+03     |
|    ep_rew_mean     | -1.58e+03 |
| time/              |           |
|    episodes        | 72        |
|    fps             | 67        |
|    time_elapsed    | 1058      |
|    total_timesteps | 72000     |
| train/             |           |
|    actor_loss      | -98.1     |
|    critic_loss     | 14.2      |
|    ent_coef        | 0.204     |
|    ent_coef_loss   | 0.284     |
|    learning_rate   | 0.0003    |
|    n_updates       | 70999     |
----------------------------------
----------------------------------
| rollout/           |           |
|    ep_len_mean     | 1e+03     |
|    ep_rew_mean     | -1.59e+03 |
| time/              |           |
|    episodes        | 76        |
|    fps             | 67        |
|    time_elapsed    | 1121      |
|    total_timesteps | 76000     |
| train/             |           |
|    actor_loss      | -66       |
|    critic_loss     | 7.13      |
|    ent_coef        | 0.224     |
|    ent_coef_loss   | -0.14     |
|    learning_rate   | 0.0003    |
|    n_updates       | 74999     |
----------------------------------
----------------------------------
| rollout/           |           |
|    ep_len_mean     | 1e+03     |
|    ep_rew_mean     | -1.55e+03 |
| time/              |           |
|    episodes        | 80        |
|    fps             | 67        |
|    time_elapsed    | 1183      |
|    total_timesteps | 80000     |
| train/             |           |
|    actor_loss      | -65.4     |
|    critic_loss     | 20.7      |
|    ent_coef        | 0.209     |
|    ent_coef_loss   | -0.252    |
|    learning_rate   | 0.0003    |
|    n_updates       | 78999     |
----------------------------------
----------------------------------
| rollout/           |           |
|    ep_len_mean     | 1e+03     |
|    ep_rew_mean     | -1.52e+03 |
| time/              |           |
|    episodes        | 84        |
|    fps             | 67        |
|    time_elapsed    | 1245      |
|    total_timesteps | 84000     |
| train/             |           |
|    actor_loss      | -68.5     |
|    critic_loss     | 8.1       |
|    ent_coef        | 0.184     |
|    ent_coef_loss   | -1.14     |
|    learning_rate   | 0.0003    |
|    n_updates       | 82999     |
----------------------------------
----------------------------------
| rollout/           |           |
|    ep_len_mean     | 1e+03     |
|    ep_rew_mean     | -1.47e+03 |
| time/              |           |
|    episodes        | 88        |
|    fps             | 67        |
|    time_elapsed    | 1307      |
|    total_timesteps | 88000     |
| train/             |           |
|    actor_loss      | -58.3     |
|    critic_loss     | 8.19      |
|    ent_coef        | 0.179     |
|    ent_coef_loss   | -0.354    |
|    learning_rate   | 0.0003    |
|    n_updates       | 86999     |
----------------------------------
----------------------------------
| rollout/           |           |
|    ep_len_mean     | 1e+03     |
|    ep_rew_mean     | -1.45e+03 |
| time/              |           |
|    episodes        | 92        |
|    fps             | 67        |
|    time_elapsed    | 1368      |
|    total_timesteps | 92000     |
| train/             |           |
|    actor_loss      | -68.2     |
|    critic_loss     | 6.02      |
|    ent_coef        | 0.165     |
|    ent_coef_loss   | -0.232    |
|    learning_rate   | 0.0003    |
|    n_updates       | 90999     |
----------------------------------
----------------------------------
| rollout/           |           |
|    ep_len_mean     | 1e+03     |
|    ep_rew_mean     | -1.42e+03 |
| time/              |           |
|    episodes        | 96        |
|    fps             | 67        |
|    time_elapsed    | 1428      |
|    total_timesteps | 96000     |
| train/             |           |
|    actor_loss      | -64.8     |
|    critic_loss     | 7.04      |
|    ent_coef        | 0.174     |
|    ent_coef_loss   | -0.147    |
|    learning_rate   | 0.0003    |
|    n_updates       | 94999     |
----------------------------------
----------------------------------
| rollout/           |           |
|    ep_len_mean     | 1e+03     |
|    ep_rew_mean     | -1.37e+03 |
| time/              |           |
|    episodes        | 100       |
|    fps             | 67        |
|    time_elapsed    | 1488      |
|    total_timesteps | 100000    |
| train/             |           |
|    actor_loss      | -97.9     |
|    critic_loss     | 5.15      |
|    ent_coef        | 0.167     |
|    ent_coef_loss   | 0.256     |
|    learning_rate   | 0.0003    |
|    n_updates       | 98999     |
----------------------------------
----------------------------------
| rollout/           |           |
|    ep_len_mean     | 1e+03     |
|    ep_rew_mean     | -1.14e+03 |
| time/              |           |
|    episodes        | 104       |
|    fps             | 67        |
|    time_elapsed    | 1550      |
|    total_timesteps | 104000    |
| train/             |           |
|    actor_loss      | -101      |
|    critic_loss     | 5.36      |
|    ent_coef        | 0.16      |
|    ent_coef_loss   | -0.33     |
|    learning_rate   | 0.0003    |
|    n_updates       | 102999    |
----------------------------------
----------------------------------
| rollout/           |           |
|    ep_len_mean     | 1e+03     |
|    ep_rew_mean     | -1.13e+03 |
| time/              |           |
|    episodes        | 108       |
|    fps             | 67        |
|    time_elapsed    | 1611      |
|    total_timesteps | 108000    |
| train/             |           |
|    actor_loss      | -81       |
|    critic_loss     | 6.41      |
|    ent_coef        | 0.147     |
|    ent_coef_loss   | 0.207     |
|    learning_rate   | 0.0003    |
|    n_updates       | 106999    |
----------------------------------
----------------------------------
| rollout/           |           |
|    ep_len_mean     | 1e+03     |
|    ep_rew_mean     | -1.08e+03 |
| time/              |           |
|    episodes        | 112       |
|    fps             | 66        |
|    time_elapsed    | 1672      |
|    total_timesteps | 112000    |
| train/             |           |
|    actor_loss      | -77.4     |
|    critic_loss     | 61.5      |
|    ent_coef        | 0.174     |
|    ent_coef_loss   | 0.696     |
|    learning_rate   | 0.0003    |
|    n_updates       | 110999    |
----------------------------------
---------------------------------
| rollout/           |          |
|    ep_len_mean     | 1e+03    |
|    ep_rew_mean     | -994     |
| time/              |          |
|    episodes        | 116      |
|    fps             | 66       |
|    time_elapsed    | 1733     |
|    total_timesteps | 116000   |
| train/             |          |
|    actor_loss      | -84.3    |
|    critic_loss     | 11.7     |
|    ent_coef        | 0.18     |
|    ent_coef_loss   | -0.401   |
|    learning_rate   | 0.0003   |
|    n_updates       | 114999   |
---------------------------------
---------------------------------
| rollout/           |          |
|    ep_len_mean     | 1e+03    |
|    ep_rew_mean     | -944     |
| time/              |          |
|    episodes        | 120      |
|    fps             | 66       |
|    time_elapsed    | 1795     |
|    total_timesteps | 120000   |
| train/             |          |
|    actor_loss      | -50.8    |
|    critic_loss     | 5.13     |
|    ent_coef        | 0.183    |
|    ent_coef_loss   | -0.761   |
|    learning_rate   | 0.0003   |
|    n_updates       | 118999   |
---------------------------------
---------------------------------
| rollout/           |          |
|    ep_len_mean     | 1e+03    |
|    ep_rew_mean     | -933     |
| time/              |          |
|    episodes        | 124      |
|    fps             | 66       |
|    time_elapsed    | 1856     |
|    total_timesteps | 124000   |
| train/             |          |
|    actor_loss      | -78.6    |
|    critic_loss     | 7.69     |
|    ent_coef        | 0.192    |
|    ent_coef_loss   | 0.747    |
|    learning_rate   | 0.0003   |
|    n_updates       | 122999   |
---------------------------------
---------------------------------
| rollout/           |          |
|    ep_len_mean     | 1e+03    |
|    ep_rew_mean     | -907     |
| time/              |          |
|    episodes        | 128      |
|    fps             | 66       |
|    time_elapsed    | 1918     |
|    total_timesteps | 128000   |
| train/             |          |
|    actor_loss      | -83      |
|    critic_loss     | 7.2      |
|    ent_coef        | 0.198    |
|    ent_coef_loss   | -0.292   |
|    learning_rate   | 0.0003   |
|    n_updates       | 126999   |
---------------------------------
---------------------------------
| rollout/           |          |
|    ep_len_mean     | 1e+03    |
|    ep_rew_mean     | -898     |
| time/              |          |
|    episodes        | 132      |
|    fps             | 66       |
|    time_elapsed    | 1982     |
|    total_timesteps | 132000   |
| train/             |          |
|    actor_loss      | -88.3    |
|    critic_loss     | 4.16     |
|    ent_coef        | 0.186    |
|    ent_coef_loss   | -0.131   |
|    learning_rate   | 0.0003   |
|    n_updates       | 130999   |
---------------------------------
---------------------------------
| rollout/           |          |
|    ep_len_mean     | 1e+03    |
|    ep_rew_mean     | -862     |
| time/              |          |
|    episodes        | 136      |
|    fps             | 66       |
|    time_elapsed    | 2045     |
|    total_timesteps | 136000   |
| train/             |          |
|    actor_loss      | -58.3    |
|    critic_loss     | 12.2     |
|    ent_coef        | 0.18     |
|    ent_coef_loss   | -0.348   |
|    learning_rate   | 0.0003   |
|    n_updates       | 134999   |
---------------------------------
---------------------------------
| rollout/           |          |
|    ep_len_mean     | 1e+03    |
|    ep_rew_mean     | -839     |
| time/              |          |
|    episodes        | 140      |
|    fps             | 66       |
|    time_elapsed    | 2107     |
|    total_timesteps | 140000   |
| train/             |          |
|    actor_loss      | -83.9    |
|    critic_loss     | 19.6     |
|    ent_coef        | 0.161    |
|    ent_coef_loss   | 0.204    |
|    learning_rate   | 0.0003   |
|    n_updates       | 138999   |
---------------------------------
---------------------------------
| rollout/           |          |
|    ep_len_mean     | 1e+03    |
|    ep_rew_mean     | -768     |
| time/              |          |
|    episodes        | 144      |
|    fps             | 66       |
|    time_elapsed    | 2168     |
|    total_timesteps | 144000   |
| train/             |          |
|    actor_loss      | -87.3    |
|    critic_loss     | 1.11e+03 |
|    ent_coef        | 0.179    |
|    ent_coef_loss   | -0.0752  |
|    learning_rate   | 0.0003   |
|    n_updates       | 142999   |
---------------------------------
---------------------------------
| rollout/           |          |
|    ep_len_mean     | 1e+03    |
|    ep_rew_mean     | -724     |
| time/              |          |
|    episodes        | 148      |
|    fps             | 66       |
|    time_elapsed    | 2231     |
|    total_timesteps | 148000   |
| train/             |          |
|    actor_loss      | -73.6    |
|    critic_loss     | 9.52     |
|    ent_coef        | 0.188    |
|    ent_coef_loss   | -0.249   |
|    learning_rate   | 0.0003   |
|    n_updates       | 146999   |
---------------------------------
---------------------------------
| rollout/           |          |
|    ep_len_mean     | 1e+03    |
|    ep_rew_mean     | -713     |
| time/              |          |
|    episodes        | 152      |
|    fps             | 66       |
|    time_elapsed    | 2292     |
|    total_timesteps | 152000   |
| train/             |          |
|    actor_loss      | -64.6    |
|    critic_loss     | 10       |
|    ent_coef        | 0.174    |
|    ent_coef_loss   | 0.0631   |
|    learning_rate   | 0.0003   |
|    n_updates       | 150999   |
---------------------------------
---------------------------------
| rollout/           |          |
|    ep_len_mean     | 1e+03    |
|    ep_rew_mean     | -729     |
| time/              |          |
|    episodes        | 156      |
|    fps             | 66       |
|    time_elapsed    | 2354     |
|    total_timesteps | 156000   |
| train/             |          |
|    actor_loss      | -68.5    |
|    critic_loss     | 18.1     |
|    ent_coef        | 0.181    |
|    ent_coef_loss   | -0.0432  |
|    learning_rate   | 0.0003   |
|    n_updates       | 154999   |
---------------------------------
---------------------------------
| rollout/           |          |
|    ep_len_mean     | 1e+03    |
|    ep_rew_mean     | -739     |
| time/              |          |
|    episodes        | 160      |
|    fps             | 66       |
|    time_elapsed    | 2415     |
|    total_timesteps | 160000   |
| train/             |          |
|    actor_loss      | -72.9    |
|    critic_loss     | 3.91     |
|    ent_coef        | 0.161    |
|    ent_coef_loss   | 0.336    |
|    learning_rate   | 0.0003   |
|    n_updates       | 158999   |
---------------------------------
---------------------------------
| rollout/           |          |
|    ep_len_mean     | 1e+03    |
|    ep_rew_mean     | -726     |
| time/              |          |
|    episodes        | 164      |
|    fps             | 66       |
|    time_elapsed    | 2477     |
|    total_timesteps | 164000   |
| train/             |          |
|    actor_loss      | -74.7    |
|    critic_loss     | 9.7      |
|    ent_coef        | 0.166    |
|    ent_coef_loss   | 0.00463  |
|    learning_rate   | 0.0003   |
|    n_updates       | 162999   |
---------------------------------
---------------------------------
| rollout/           |          |
|    ep_len_mean     | 1e+03    |
|    ep_rew_mean     | -711     |
| time/              |          |
|    episodes        | 168      |
|    fps             | 66       |
|    time_elapsed    | 2539     |
|    total_timesteps | 168000   |
| train/             |          |
|    actor_loss      | -69.5    |
|    critic_loss     | 3.99     |
|    ent_coef        | 0.147    |
|    ent_coef_loss   | 0.325    |
|    learning_rate   | 0.0003   |
|    n_updates       | 166999   |
---------------------------------
---------------------------------
| rollout/           |          |
|    ep_len_mean     | 1e+03    |
|    ep_rew_mean     | -677     |
| time/              |          |
|    episodes        | 172      |
|    fps             | 66       |
|    time_elapsed    | 2601     |
|    total_timesteps | 172000   |
| train/             |          |
|    actor_loss      | -60.2    |
|    critic_loss     | 792      |
|    ent_coef        | 0.158    |
|    ent_coef_loss   | 0.49     |
|    learning_rate   | 0.0003   |
|    n_updates       | 170999   |
---------------------------------
---------------------------------
| rollout/           |          |
|    ep_len_mean     | 1e+03    |
|    ep_rew_mean     | -610     |
| time/              |          |
|    episodes        | 176      |
|    fps             | 66       |
|    time_elapsed    | 2663     |
|    total_timesteps | 176000   |
| train/             |          |
|    actor_loss      | -56.7    |
|    critic_loss     | 8.11     |
|    ent_coef        | 0.187    |
|    ent_coef_loss   | -0.136   |
|    learning_rate   | 0.0003   |
|    n_updates       | 174999   |
---------------------------------
---------------------------------
| rollout/           |          |
|    ep_len_mean     | 1e+03    |
|    ep_rew_mean     | -576     |
| time/              |          |
|    episodes        | 180      |
|    fps             | 66       |
|    time_elapsed    | 2725     |
|    total_timesteps | 180000   |
| train/             |          |
|    actor_loss      | -59.9    |
|    critic_loss     | 3.31     |
|    ent_coef        | 0.151    |
|    ent_coef_loss   | -0.575   |
|    learning_rate   | 0.0003   |
|    n_updates       | 178999   |
---------------------------------
---------------------------------
| rollout/           |          |
|    ep_len_mean     | 1e+03    |
|    ep_rew_mean     | -545     |
| time/              |          |
|    episodes        | 184      |
|    fps             | 65       |
|    time_elapsed    | 2787     |
|    total_timesteps | 184000   |
| train/             |          |
|    actor_loss      | -66.9    |
|    critic_loss     | 4.09     |
|    ent_coef        | 0.149    |
|    ent_coef_loss   | -0.457   |
|    learning_rate   | 0.0003   |
|    n_updates       | 182999   |
---------------------------------
---------------------------------
| rollout/           |          |
|    ep_len_mean     | 1e+03    |
|    ep_rew_mean     | -521     |
| time/              |          |
|    episodes        | 188      |
|    fps             | 65       |
|    time_elapsed    | 2849     |
|    total_timesteps | 188000   |
| train/             |          |
|    actor_loss      | -69.6    |
|    critic_loss     | 3.51     |
|    ent_coef        | 0.144    |
|    ent_coef_loss   | 0.0718   |
|    learning_rate   | 0.0003   |
|    n_updates       | 186999   |
---------------------------------
---------------------------------
| rollout/           |          |
|    ep_len_mean     | 1e+03    |
|    ep_rew_mean     | -484     |
| time/              |          |
|    episodes        | 192      |
|    fps             | 65       |
|    time_elapsed    | 2913     |
|    total_timesteps | 192000   |
| train/             |          |
|    actor_loss      | -71.4    |
|    critic_loss     | 30.1     |
|    ent_coef        | 0.142    |
|    ent_coef_loss   | -0.488   |
|    learning_rate   | 0.0003   |
|    n_updates       | 190999   |
---------------------------------
---------------------------------
| rollout/           |          |
|    ep_len_mean     | 1e+03    |
|    ep_rew_mean     | -487     |
| time/              |          |
|    episodes        | 196      |
|    fps             | 65       |
|    time_elapsed    | 2980     |
|    total_timesteps | 196000   |
| train/             |          |
|    actor_loss      | -77.7    |
|    critic_loss     | 7.61     |
|    ent_coef        | 0.136    |
|    ent_coef_loss   | 0.601    |
|    learning_rate   | 0.0003   |
|    n_updates       | 194999   |
---------------------------------
---------------------------------
| rollout/           |          |
|    ep_len_mean     | 1e+03    |
|    ep_rew_mean     | -500     |
| time/              |          |
|    episodes        | 200      |
|    fps             | 65       |
|    time_elapsed    | 3048     |
|    total_timesteps | 200000   |
| train/             |          |
|    actor_loss      | -52.7    |
|    critic_loss     | 3.76     |
|    ent_coef        | 0.12     |
|    ent_coef_loss   | 0.416    |
|    learning_rate   | 0.0003   |
|    n_updates       | 198999   |
---------------------------------
---------------------------------
| rollout/           |          |
|    ep_len_mean     | 1e+03    |
|    ep_rew_mean     | -517     |
| time/              |          |
|    episodes        | 204      |
|    fps             | 65       |
|    time_elapsed    | 3114     |
|    total_timesteps | 204000   |
| train/             |          |
|    actor_loss      | -74      |
|    critic_loss     | 3.6      |
|    ent_coef        | 0.129    |
|    ent_coef_loss   | 0.771    |
|    learning_rate   | 0.0003   |
|    n_updates       | 202999   |
---------------------------------
---------------------------------
| rollout/           |          |
|    ep_len_mean     | 1e+03    |
|    ep_rew_mean     | -463     |
| time/              |          |
|    episodes        | 208      |
|    fps             | 65       |
|    time_elapsed    | 3183     |
|    total_timesteps | 208000   |
| train/             |          |
|    actor_loss      | -65.9    |
|    critic_loss     | 22.5     |
|    ent_coef        | 0.123    |
|    ent_coef_loss   | 0.112    |
|    learning_rate   | 0.0003   |
|    n_updates       | 206999   |
---------------------------------
---------------------------------
| rollout/           |          |
|    ep_len_mean     | 1e+03    |
|    ep_rew_mean     | -341     |
| time/              |          |
|    episodes        | 212      |
|    fps             | 65       |
|    time_elapsed    | 3250     |
|    total_timesteps | 212000   |
| train/             |          |
|    actor_loss      | -68.3    |
|    critic_loss     | 2.85     |
|    ent_coef        | 0.123    |
|    ent_coef_loss   | -0.228   |
|    learning_rate   | 0.0003   |
|    n_updates       | 210999   |
---------------------------------
---------------------------------
| rollout/           |          |
|    ep_len_mean     | 1e+03    |
|    ep_rew_mean     | -309     |
| time/              |          |
|    episodes        | 216      |
|    fps             | 65       |
|    time_elapsed    | 3319     |
|    total_timesteps | 216000   |
| train/             |          |
|    actor_loss      | -66.1    |
|    critic_loss     | 1.93     |
|    ent_coef        | 0.12     |
|    ent_coef_loss   | 1.18     |
|    learning_rate   | 0.0003   |
|    n_updates       | 214999   |
---------------------------------
---------------------------------
| rollout/           |          |
|    ep_len_mean     | 1e+03    |
|    ep_rew_mean     | -298     |
| time/              |          |
|    episodes        | 220      |
|    fps             | 64       |
|    time_elapsed    | 3389     |
|    total_timesteps | 220000   |
| train/             |          |
|    actor_loss      | -65      |
|    critic_loss     | 1.52     |
|    ent_coef        | 0.111    |
|    ent_coef_loss   | 0.961    |
|    learning_rate   | 0.0003   |
|    n_updates       | 218999   |
---------------------------------
---------------------------------
| rollout/           |          |
|    ep_len_mean     | 1e+03    |
|    ep_rew_mean     | -265     |
| time/              |          |
|    episodes        | 224      |
|    fps             | 64       |
|    time_elapsed    | 3457     |
|    total_timesteps | 224000   |
| train/             |          |
|    actor_loss      | -70.1    |
|    critic_loss     | 2.26     |
|    ent_coef        | 0.104    |
|    ent_coef_loss   | 0.919    |
|    learning_rate   | 0.0003   |
|    n_updates       | 222999   |
---------------------------------
---------------------------------
| rollout/           |          |
|    ep_len_mean     | 1e+03    |
|    ep_rew_mean     | -273     |
| time/              |          |
|    episodes        | 228      |
|    fps             | 64       |
|    time_elapsed    | 3524     |
|    total_timesteps | 228000   |
| train/             |          |
|    actor_loss      | -70.1    |
|    critic_loss     | 1.88     |
|    ent_coef        | 0.0965   |
|    ent_coef_loss   | -0.0821  |
|    learning_rate   | 0.0003   |
|    n_updates       | 226999   |
---------------------------------
---------------------------------
| rollout/           |          |
|    ep_len_mean     | 1e+03    |
|    ep_rew_mean     | -264     |
| time/              |          |
|    episodes        | 232      |
|    fps             | 64       |
|    time_elapsed    | 3591     |
|    total_timesteps | 232000   |
| train/             |          |
|    actor_loss      | -76.2    |
|    critic_loss     | 7.24     |
|    ent_coef        | 0.0891   |
|    ent_coef_loss   | 1.16     |
|    learning_rate   | 0.0003   |
|    n_updates       | 230999   |
---------------------------------
---------------------------------
| rollout/           |          |
|    ep_len_mean     | 1e+03    |
|    ep_rew_mean     | -262     |
| time/              |          |
|    episodes        | 236      |
|    fps             | 64       |
|    time_elapsed    | 3656     |
|    total_timesteps | 236000   |
| train/             |          |
|    actor_loss      | -75      |
|    critic_loss     | 1.52     |
|    ent_coef        | 0.0907   |
|    ent_coef_loss   | -0.621   |
|    learning_rate   | 0.0003   |
|    n_updates       | 234999   |
---------------------------------
---------------------------------
| rollout/           |          |
|    ep_len_mean     | 1e+03    |
|    ep_rew_mean     | -279     |
| time/              |          |
|    episodes        | 240      |
|    fps             | 64       |
|    time_elapsed    | 3721     |
|    total_timesteps | 240000   |
| train/             |          |
|    actor_loss      | -80.3    |
|    critic_loss     | 1.13     |
|    ent_coef        | 0.0943   |
|    ent_coef_loss   | 0.329    |
|    learning_rate   | 0.0003   |
|    n_updates       | 238999   |
---------------------------------
---------------------------------
| rollout/           |          |
|    ep_len_mean     | 1e+03    |
|    ep_rew_mean     | -301     |
| time/              |          |
|    episodes        | 244      |
|    fps             | 64       |
|    time_elapsed    | 3788     |
|    total_timesteps | 244000   |
| train/             |          |
|    actor_loss      | -79.5    |
|    critic_loss     | 1.71     |
|    ent_coef        | 0.0796   |
|    ent_coef_loss   | 0.0616   |
|    learning_rate   | 0.0003   |
|    n_updates       | 242999   |
---------------------------------
---------------------------------
| rollout/           |          |
|    ep_len_mean     | 1e+03    |
|    ep_rew_mean     | -286     |
| time/              |          |
|    episodes        | 248      |
|    fps             | 64       |
|    time_elapsed    | 3855     |
|    total_timesteps | 248000   |
| train/             |          |
|    actor_loss      | -75.3    |
|    critic_loss     | 12.7     |
|    ent_coef        | 0.0704   |
|    ent_coef_loss   | -0.65    |
|    learning_rate   | 0.0003   |
|    n_updates       | 246999   |
---------------------------------
---------------------------------
| rollout/           |          |
|    ep_len_mean     | 1e+03    |
|    ep_rew_mean     | -260     |
| time/              |          |
|    episodes        | 252      |
|    fps             | 64       |
|    time_elapsed    | 3922     |
|    total_timesteps | 252000   |
| train/             |          |
|    actor_loss      | -61.1    |
|    critic_loss     | 35.7     |
|    ent_coef        | 0.0689   |
|    ent_coef_loss   | -0.98    |
|    learning_rate   | 0.0003   |
|    n_updates       | 250999   |
---------------------------------
