[2026-06-23T22:27:10] Starting Fischer session: algorithm=SAC, timesteps=500,000, direction=EAST, actuation=muscle, waypoints=[[2.5, 0.8], [0.2, 1.1], [1.8, -1.3]]
[2026-06-23T22:27:10] Save dir: C:\Users\ranjo\OneDrive\Desktop\ARM-Model\project_assets\outputs\Parallel_Seeds\seed_023
[2026-06-23T22:27:10] Waypoint mode active: 3 waypoints, current_waypoint_index=0 at every episode reset
Using cpu device
Wrapping the env with a `Monitor` wrapper
Wrapping the env in a DummyVecEnv.
[HoldCurriculum] Initial hold requirement: 10 steps (ladder: [10, 15, 20], threshold: 60%)
----------------------------------
| rollout/           |           |
|    ep_len_mean     | 1e+03     |
|    ep_rew_mean     | -3.75e+03 |
| time/              |           |
|    episodes        | 4         |
|    fps             | 126       |
|    time_elapsed    | 31        |
|    total_timesteps | 4000      |
| train/             |           |
|    actor_loss      | 29.2      |
|    critic_loss     | 2.94      |
|    ent_coef        | 0.411     |
|    ent_coef_loss   | -5.46     |
|    learning_rate   | 0.0003    |
|    n_updates       | 2999      |
----------------------------------
----------------------------------
| rollout/           |           |
|    ep_len_mean     | 1e+03     |
|    ep_rew_mean     | -2.49e+03 |
| time/              |           |
|    episodes        | 8         |
|    fps             | 110       |
|    time_elapsed    | 72        |
|    total_timesteps | 8000      |
| train/             |           |
|    actor_loss      | 38.9      |
|    critic_loss     | 51.2      |
|    ent_coef        | 0.142     |
|    ent_coef_loss   | -5.99     |
|    learning_rate   | 0.0003    |
|    n_updates       | 6999      |
----------------------------------
----------------------------------
| rollout/           |           |
|    ep_len_mean     | 1e+03     |
|    ep_rew_mean     | -2.52e+03 |
| time/              |           |
|    episodes        | 12        |
|    fps             | 106       |
|    time_elapsed    | 113       |
|    total_timesteps | 12000     |
| train/             |           |
|    actor_loss      | 42.5      |
|    critic_loss     | 64.2      |
|    ent_coef        | 0.115     |
|    ent_coef_loss   | 1.91      |
|    learning_rate   | 0.0003    |
|    n_updates       | 10999     |
----------------------------------
----------------------------------
| rollout/           |           |
|    ep_len_mean     | 1e+03     |
|    ep_rew_mean     | -2.86e+03 |
| time/              |           |
|    episodes        | 16        |
|    fps             | 103       |
|    time_elapsed    | 154       |
|    total_timesteps | 16000     |
| train/             |           |
|    actor_loss      | 25.6      |
|    critic_loss     | 44        |
|    ent_coef        | 0.214     |
|    ent_coef_loss   | -0.255    |
|    learning_rate   | 0.0003    |
|    n_updates       | 14999     |
----------------------------------
---------------------------------
| rollout/           |          |
|    ep_len_mean     | 1e+03    |
|    ep_rew_mean     | -2.6e+03 |
| time/              |          |
|    episodes        | 20       |
|    fps             | 102      |
|    time_elapsed    | 195      |
|    total_timesteps | 20000    |
| train/             |          |
|    actor_loss      | -66.3    |
|    critic_loss     | 832      |
|    ent_coef        | 0.298    |
|    ent_coef_loss   | 0.203    |
|    learning_rate   | 0.0003   |
|    n_updates       | 18999    |
---------------------------------
----------------------------------
| rollout/           |           |
|    ep_len_mean     | 1e+03     |
|    ep_rew_mean     | -2.23e+03 |
| time/              |           |
|    episodes        | 24        |
|    fps             | 101       |
|    time_elapsed    | 236       |
|    total_timesteps | 24000     |
| train/             |           |
|    actor_loss      | -105      |
|    critic_loss     | 13.9      |
|    ent_coef        | 0.449     |
|    ent_coef_loss   | -0.033    |
|    learning_rate   | 0.0003    |
|    n_updates       | 22999     |
----------------------------------
----------------------------------
| rollout/           |           |
|    ep_len_mean     | 1e+03     |
|    ep_rew_mean     | -1.96e+03 |
| time/              |           |
|    episodes        | 28        |
|    fps             | 100       |
|    time_elapsed    | 278       |
|    total_timesteps | 28000     |
| train/             |           |
|    actor_loss      | -144      |
|    critic_loss     | 9.99      |
|    ent_coef        | 0.427     |
|    ent_coef_loss   | -0.13     |
|    learning_rate   | 0.0003    |
|    n_updates       | 26999     |
----------------------------------
----------------------------------
| rollout/           |           |
|    ep_len_mean     | 1e+03     |
|    ep_rew_mean     | -1.78e+03 |
| time/              |           |
|    episodes        | 32        |
|    fps             | 100       |
|    time_elapsed    | 319       |
|    total_timesteps | 32000     |
| train/             |           |
|    actor_loss      | -159      |
|    critic_loss     | 7.83      |
|    ent_coef        | 0.356     |
|    ent_coef_loss   | 0.0822    |
|    learning_rate   | 0.0003    |
|    n_updates       | 30999     |
----------------------------------
----------------------------------
| rollout/           |           |
|    ep_len_mean     | 1e+03     |
|    ep_rew_mean     | -1.65e+03 |
| time/              |           |
|    episodes        | 36        |
|    fps             | 99        |
|    time_elapsed    | 361       |
|    total_timesteps | 36000     |
| train/             |           |
|    actor_loss      | -146      |
|    critic_loss     | 7.4       |
|    ent_coef        | 0.324     |
|    ent_coef_loss   | -0.163    |
|    learning_rate   | 0.0003    |
|    n_updates       | 34999     |
----------------------------------
----------------------------------
| rollout/           |           |
|    ep_len_mean     | 1e+03     |
|    ep_rew_mean     | -1.74e+03 |
| time/              |           |
|    episodes        | 40        |
|    fps             | 99        |
|    time_elapsed    | 403       |
|    total_timesteps | 40000     |
| train/             |           |
|    actor_loss      | -129      |
|    critic_loss     | 20.5      |
|    ent_coef        | 0.224     |
|    ent_coef_loss   | -0.247    |
|    learning_rate   | 0.0003    |
|    n_updates       | 38999     |
----------------------------------
----------------------------------
| rollout/           |           |
|    ep_len_mean     | 1e+03     |
|    ep_rew_mean     | -1.69e+03 |
| time/              |           |
|    episodes        | 44        |
|    fps             | 98        |
|    time_elapsed    | 444       |
|    total_timesteps | 44000     |
| train/             |           |
|    actor_loss      | -111      |
|    critic_loss     | 17.1      |
|    ent_coef        | 0.204     |
|    ent_coef_loss   | -0.6      |
|    learning_rate   | 0.0003    |
|    n_updates       | 42999     |
----------------------------------
----------------------------------
| rollout/           |           |
|    ep_len_mean     | 1e+03     |
|    ep_rew_mean     | -1.77e+03 |
| time/              |           |
|    episodes        | 48        |
|    fps             | 98        |
|    time_elapsed    | 485       |
|    total_timesteps | 48000     |
| train/             |           |
|    actor_loss      | -87.2     |
|    critic_loss     | 5.14      |
|    ent_coef        | 0.193     |
|    ent_coef_loss   | -0.0378   |
|    learning_rate   | 0.0003    |
|    n_updates       | 46999     |
----------------------------------
---------------------------------
| rollout/           |          |
|    ep_len_mean     | 1e+03    |
|    ep_rew_mean     | -1.7e+03 |
| time/              |          |
|    episodes        | 52       |
|    fps             | 98       |
|    time_elapsed    | 527      |
|    total_timesteps | 52000    |
| train/             |          |
|    actor_loss      | -81.2    |
|    critic_loss     | 6.63     |
|    ent_coef        | 0.165    |
|    ent_coef_loss   | -0.277   |
|    learning_rate   | 0.0003   |
|    n_updates       | 50999    |
---------------------------------
---------------------------------
| rollout/           |          |
|    ep_len_mean     | 1e+03    |
|    ep_rew_mean     | -1.7e+03 |
| time/              |          |
|    episodes        | 56       |
|    fps             | 98       |
|    time_elapsed    | 570      |
|    total_timesteps | 56000    |
| train/             |          |
|    actor_loss      | -70.6    |
|    critic_loss     | 551      |
|    ent_coef        | 0.159    |
|    ent_coef_loss   | 0.34     |
|    learning_rate   | 0.0003   |
|    n_updates       | 54999    |
---------------------------------
----------------------------------
| rollout/           |           |
|    ep_len_mean     | 1e+03     |
|    ep_rew_mean     | -1.75e+03 |
| time/              |           |
|    episodes        | 60        |
|    fps             | 97        |
|    time_elapsed    | 613       |
|    total_timesteps | 60000     |
| train/             |           |
|    actor_loss      | -62.9     |
|    critic_loss     | 32.7      |
|    ent_coef        | 0.157     |
|    ent_coef_loss   | 0.425     |
|    learning_rate   | 0.0003    |
|    n_updates       | 58999     |
----------------------------------
----------------------------------
| rollout/           |           |
|    ep_len_mean     | 1e+03     |
|    ep_rew_mean     | -1.62e+03 |
| time/              |           |
|    episodes        | 64        |
|    fps             | 97        |
|    time_elapsed    | 656       |
|    total_timesteps | 64000     |
| train/             |           |
|    actor_loss      | -72.8     |
|    critic_loss     | 8.55      |
|    ent_coef        | 0.209     |
|    ent_coef_loss   | -0.0571   |
|    learning_rate   | 0.0003    |
|    n_updates       | 62999     |
----------------------------------
----------------------------------
| rollout/           |           |
|    ep_len_mean     | 1e+03     |
|    ep_rew_mean     | -1.54e+03 |
| time/              |           |
|    episodes        | 68        |
|    fps             | 97        |
|    time_elapsed    | 699       |
|    total_timesteps | 68000     |
| train/             |           |
|    actor_loss      | -66       |
|    critic_loss     | 6.71      |
|    ent_coef        | 0.324     |
|    ent_coef_loss   | -0.161    |
|    learning_rate   | 0.0003    |
|    n_updates       | 66999     |
----------------------------------
----------------------------------
| rollout/           |           |
|    ep_len_mean     | 1e+03     |
|    ep_rew_mean     | -1.63e+03 |
| time/              |           |
|    episodes        | 72        |
|    fps             | 96        |
|    time_elapsed    | 742       |
|    total_timesteps | 72000     |
| train/             |           |
|    actor_loss      | -61.3     |
|    critic_loss     | 7.11      |
|    ent_coef        | 0.271     |
|    ent_coef_loss   | -0.564    |
|    learning_rate   | 0.0003    |
|    n_updates       | 70999     |
----------------------------------
----------------------------------
| rollout/           |           |
|    ep_len_mean     | 1e+03     |
|    ep_rew_mean     | -1.56e+03 |
| time/              |           |
|    episodes        | 76        |
|    fps             | 96        |
|    time_elapsed    | 786       |
|    total_timesteps | 76000     |
| train/             |           |
|    actor_loss      | -84       |
|    critic_loss     | 7.1       |
|    ent_coef        | 0.221     |
|    ent_coef_loss   | 0.246     |
|    learning_rate   | 0.0003    |
|    n_updates       | 74999     |
----------------------------------
----------------------------------
| rollout/           |           |
|    ep_len_mean     | 1e+03     |
|    ep_rew_mean     | -1.56e+03 |
| time/              |           |
|    episodes        | 80        |
|    fps             | 96        |
|    time_elapsed    | 829       |
|    total_timesteps | 80000     |
| train/             |           |
|    actor_loss      | -79.1     |
|    critic_loss     | 267       |
|    ent_coef        | 0.21      |
|    ent_coef_loss   | 0.286     |
|    learning_rate   | 0.0003    |
|    n_updates       | 78999     |
----------------------------------
----------------------------------
| rollout/           |           |
|    ep_len_mean     | 1e+03     |
|    ep_rew_mean     | -1.53e+03 |
| time/              |           |
|    episodes        | 84        |
|    fps             | 96        |
|    time_elapsed    | 873       |
|    total_timesteps | 84000     |
| train/             |           |
|    actor_loss      | -69.8     |
|    critic_loss     | 19.6      |
|    ent_coef        | 0.198     |
|    ent_coef_loss   | 0.029     |
|    learning_rate   | 0.0003    |
|    n_updates       | 82999     |
----------------------------------
----------------------------------
| rollout/           |           |
|    ep_len_mean     | 1e+03     |
|    ep_rew_mean     | -1.53e+03 |
| time/              |           |
|    episodes        | 88        |
|    fps             | 95        |
|    time_elapsed    | 917       |
|    total_timesteps | 88000     |
| train/             |           |
|    actor_loss      | -46.3     |
|    critic_loss     | 12.9      |
|    ent_coef        | 0.164     |
|    ent_coef_loss   | -0.754    |
|    learning_rate   | 0.0003    |
|    n_updates       | 86999     |
----------------------------------
---------------------------------
| rollout/           |          |
|    ep_len_mean     | 1e+03    |
|    ep_rew_mean     | -1.5e+03 |
| time/              |          |
|    episodes        | 92       |
|    fps             | 95       |
|    time_elapsed    | 963      |
|    total_timesteps | 92000    |
| train/             |          |
|    actor_loss      | -58.2    |
|    critic_loss     | 10.9     |
|    ent_coef        | 0.131    |
|    ent_coef_loss   | 0.419    |
|    learning_rate   | 0.0003   |
|    n_updates       | 90999    |
---------------------------------
----------------------------------
| rollout/           |           |
|    ep_len_mean     | 1e+03     |
|    ep_rew_mean     | -1.44e+03 |
| time/              |           |
|    episodes        | 96        |
|    fps             | 95        |
|    time_elapsed    | 1008      |
|    total_timesteps | 96000     |
| train/             |           |
|    actor_loss      | -47.9     |
|    critic_loss     | 3.93      |
|    ent_coef        | 0.138     |
|    ent_coef_loss   | -0.639    |
|    learning_rate   | 0.0003    |
|    n_updates       | 94999     |
----------------------------------
----------------------------------
| rollout/           |           |
|    ep_len_mean     | 1e+03     |
|    ep_rew_mean     | -1.38e+03 |
| time/              |           |
|    episodes        | 100       |
|    fps             | 94        |
|    time_elapsed    | 1053      |
|    total_timesteps | 100000    |
| train/             |           |
|    actor_loss      | -34.6     |
|    critic_loss     | 3.75      |
|    ent_coef        | 0.126     |
|    ent_coef_loss   | 0.403     |
|    learning_rate   | 0.0003    |
|    n_updates       | 98999     |
----------------------------------
----------------------------------
| rollout/           |           |
|    ep_len_mean     | 1e+03     |
|    ep_rew_mean     | -1.22e+03 |
| time/              |           |
|    episodes        | 104       |
|    fps             | 94        |
|    time_elapsed    | 1097      |
|    total_timesteps | 104000    |
| train/             |           |
|    actor_loss      | -53.3     |
|    critic_loss     | 6.73      |
|    ent_coef        | 0.14      |
|    ent_coef_loss   | -0.0271   |
|    learning_rate   | 0.0003    |
|    n_updates       | 102999    |
----------------------------------
----------------------------------
| rollout/           |           |
|    ep_len_mean     | 1e+03     |
|    ep_rew_mean     | -1.16e+03 |
| time/              |           |
|    episodes        | 108       |
|    fps             | 94        |
|    time_elapsed    | 1142      |
|    total_timesteps | 108000    |
| train/             |           |
|    actor_loss      | -34.3     |
|    critic_loss     | 6.43      |
|    ent_coef        | 0.155     |
|    ent_coef_loss   | 1.4       |
|    learning_rate   | 0.0003    |
|    n_updates       | 106999    |
----------------------------------
----------------------------------
| rollout/           |           |
|    ep_len_mean     | 1e+03     |
|    ep_rew_mean     | -1.05e+03 |
| time/              |           |
|    episodes        | 112       |
|    fps             | 94        |
|    time_elapsed    | 1187      |
|    total_timesteps | 112000    |
| train/             |           |
|    actor_loss      | -49.4     |
|    critic_loss     | 4.24      |
|    ent_coef        | 0.139     |
|    ent_coef_loss   | -0.0954   |
|    learning_rate   | 0.0003    |
|    n_updates       | 110999    |
----------------------------------
---------------------------------
| rollout/           |          |
|    ep_len_mean     | 1e+03    |
|    ep_rew_mean     | -888     |
| time/              |          |
|    episodes        | 116      |
|    fps             | 94       |
|    time_elapsed    | 1231     |
|    total_timesteps | 116000   |
| train/             |          |
|    actor_loss      | -26.1    |
|    critic_loss     | 4.12     |
|    ent_coef        | 0.154    |
|    ent_coef_loss   | 0.404    |
|    learning_rate   | 0.0003   |
|    n_updates       | 114999   |
---------------------------------
---------------------------------
| rollout/           |          |
|    ep_len_mean     | 1e+03    |
|    ep_rew_mean     | -835     |
| time/              |          |
|    episodes        | 120      |
|    fps             | 94       |
|    time_elapsed    | 1276     |
|    total_timesteps | 120000   |
| train/             |          |
|    actor_loss      | -61.9    |
|    critic_loss     | 29.4     |
|    ent_coef        | 0.171    |
|    ent_coef_loss   | 0.621    |
|    learning_rate   | 0.0003   |
|    n_updates       | 118999   |
---------------------------------
---------------------------------
| rollout/           |          |
|    ep_len_mean     | 1e+03    |
|    ep_rew_mean     | -816     |
| time/              |          |
|    episodes        | 124      |
|    fps             | 93       |
|    time_elapsed    | 1321     |
|    total_timesteps | 124000   |
| train/             |          |
|    actor_loss      | -48.2    |
|    critic_loss     | 4.36     |
|    ent_coef        | 0.153    |
|    ent_coef_loss   | 0.51     |
|    learning_rate   | 0.0003   |
|    n_updates       | 122999   |
---------------------------------
---------------------------------
| rollout/           |          |
|    ep_len_mean     | 1e+03    |
|    ep_rew_mean     | -799     |
| time/              |          |
|    episodes        | 128      |
|    fps             | 93       |
|    time_elapsed    | 1365     |
|    total_timesteps | 128000   |
| train/             |          |
|    actor_loss      | -31.9    |
|    critic_loss     | 3.91     |
|    ent_coef        | 0.116    |
|    ent_coef_loss   | -0.294   |
|    learning_rate   | 0.0003   |
|    n_updates       | 126999   |
---------------------------------
---------------------------------
| rollout/           |          |
|    ep_len_mean     | 1e+03    |
|    ep_rew_mean     | -783     |
| time/              |          |
|    episodes        | 132      |
|    fps             | 93       |
|    time_elapsed    | 1409     |
|    total_timesteps | 132000   |
| train/             |          |
|    actor_loss      | -27.5    |
|    critic_loss     | 4.71     |
|    ent_coef        | 0.11     |
|    ent_coef_loss   | -0.642   |
|    learning_rate   | 0.0003   |
|    n_updates       | 130999   |
---------------------------------
---------------------------------
| rollout/           |          |
|    ep_len_mean     | 1e+03    |
|    ep_rew_mean     | -759     |
| time/              |          |
|    episodes        | 136      |
|    fps             | 93       |
|    time_elapsed    | 1454     |
|    total_timesteps | 136000   |
| train/             |          |
|    actor_loss      | -33.6    |
|    critic_loss     | 4.88     |
|    ent_coef        | 0.106    |
|    ent_coef_loss   | 0.264    |
|    learning_rate   | 0.0003   |
|    n_updates       | 134999   |
---------------------------------
---------------------------------
| rollout/           |          |
|    ep_len_mean     | 1e+03    |
|    ep_rew_mean     | -647     |
| time/              |          |
|    episodes        | 140      |
|    fps             | 93       |
|    time_elapsed    | 1499     |
|    total_timesteps | 140000   |
| train/             |          |
|    actor_loss      | -41.2    |
|    critic_loss     | 2.78     |
|    ent_coef        | 0.1      |
|    ent_coef_loss   | -0.00455 |
|    learning_rate   | 0.0003   |
|    n_updates       | 138999   |
---------------------------------
---------------------------------
| rollout/           |          |
|    ep_len_mean     | 1e+03    |
|    ep_rew_mean     | -605     |
| time/              |          |
|    episodes        | 144      |
|    fps             | 93       |
|    time_elapsed    | 1543     |
|    total_timesteps | 144000   |
| train/             |          |
|    actor_loss      | -19.5    |
|    critic_loss     | 2.51     |
|    ent_coef        | 0.111    |
|    ent_coef_loss   | -0.316   |
|    learning_rate   | 0.0003   |
|    n_updates       | 142999   |
---------------------------------
---------------------------------
| rollout/           |          |
|    ep_len_mean     | 1e+03    |
|    ep_rew_mean     | -511     |
| time/              |          |
|    episodes        | 148      |
|    fps             | 93       |
|    time_elapsed    | 1587     |
|    total_timesteps | 148000   |
| train/             |          |
|    actor_loss      | -35.5    |
|    critic_loss     | 806      |
|    ent_coef        | 0.0871   |
|    ent_coef_loss   | 0.947    |
|    learning_rate   | 0.0003   |
|    n_updates       | 146999   |
---------------------------------
---------------------------------
| rollout/           |          |
|    ep_len_mean     | 1e+03    |
|    ep_rew_mean     | -519     |
| time/              |          |
|    episodes        | 152      |
|    fps             | 93       |
|    time_elapsed    | 1632     |
|    total_timesteps | 152000   |
| train/             |          |
|    actor_loss      | -32.1    |
|    critic_loss     | 2.7      |
|    ent_coef        | 0.0947   |
|    ent_coef_loss   | -0.772   |
|    learning_rate   | 0.0003   |
|    n_updates       | 150999   |
---------------------------------
---------------------------------
| rollout/           |          |
|    ep_len_mean     | 1e+03    |
|    ep_rew_mean     | -483     |
| time/              |          |
|    episodes        | 156      |
|    fps             | 93       |
|    time_elapsed    | 1676     |
|    total_timesteps | 156000   |
| train/             |          |
|    actor_loss      | -42.7    |
|    critic_loss     | 1.69     |
|    ent_coef        | 0.0986   |
|    ent_coef_loss   | -0.64    |
|    learning_rate   | 0.0003   |
|    n_updates       | 154999   |
---------------------------------
---------------------------------
| rollout/           |          |
|    ep_len_mean     | 1e+03    |
|    ep_rew_mean     | -390     |
| time/              |          |
|    episodes        | 160      |
|    fps             | 92       |
|    time_elapsed    | 1721     |
|    total_timesteps | 160000   |
| train/             |          |
|    actor_loss      | -37.5    |
|    critic_loss     | 3.12     |
|    ent_coef        | 0.105    |
|    ent_coef_loss   | 0.0933   |
|    learning_rate   | 0.0003   |
|    n_updates       | 158999   |
---------------------------------
---------------------------------
| rollout/           |          |
|    ep_len_mean     | 1e+03    |
|    ep_rew_mean     | -392     |
| time/              |          |
|    episodes        | 164      |
|    fps             | 92       |
|    time_elapsed    | 1766     |
|    total_timesteps | 164000   |
| train/             |          |
|    actor_loss      | -30.9    |
|    critic_loss     | 2.46     |
|    ent_coef        | 0.109    |
|    ent_coef_loss   | -0.279   |
|    learning_rate   | 0.0003   |
|    n_updates       | 162999   |
---------------------------------
---------------------------------
| rollout/           |          |
|    ep_len_mean     | 1e+03    |
|    ep_rew_mean     | -378     |
| time/              |          |
|    episodes        | 168      |
|    fps             | 92       |
|    time_elapsed    | 1811     |
|    total_timesteps | 168000   |
| train/             |          |
|    actor_loss      | -35.7    |
|    critic_loss     | 2.25     |
|    ent_coef        | 0.0977   |
|    ent_coef_loss   | 1.06     |
|    learning_rate   | 0.0003   |
|    n_updates       | 166999   |
---------------------------------
---------------------------------
| rollout/           |          |
|    ep_len_mean     | 1e+03    |
|    ep_rew_mean     | -238     |
| time/              |          |
|    episodes        | 172      |
|    fps             | 92       |
|    time_elapsed    | 1855     |
|    total_timesteps | 172000   |
| train/             |          |
|    actor_loss      | -45.9    |
|    critic_loss     | 2.26     |
|    ent_coef        | 0.0825   |
|    ent_coef_loss   | -0.37    |
|    learning_rate   | 0.0003   |
|    n_updates       | 170999   |
---------------------------------
---------------------------------
| rollout/           |          |
|    ep_len_mean     | 1e+03    |
|    ep_rew_mean     | -207     |
| time/              |          |
|    episodes        | 176      |
|    fps             | 92       |
|    time_elapsed    | 1900     |
|    total_timesteps | 176000   |
| train/             |          |
|    actor_loss      | -42.5    |
|    critic_loss     | 1.65     |
|    ent_coef        | 0.102    |
|    ent_coef_loss   | 0.498    |
|    learning_rate   | 0.0003   |
|    n_updates       | 174999   |
---------------------------------
---------------------------------
| rollout/           |          |
|    ep_len_mean     | 1e+03    |
|    ep_rew_mean     | -124     |
| time/              |          |
|    episodes        | 180      |
|    fps             | 92       |
|    time_elapsed    | 1944     |
|    total_timesteps | 180000   |
| train/             |          |
|    actor_loss      | -58.9    |
|    critic_loss     | 1.98     |
|    ent_coef        | 0.1      |
|    ent_coef_loss   | -0.242   |
|    learning_rate   | 0.0003   |
|    n_updates       | 178999   |
---------------------------------
---------------------------------
| rollout/           |          |
|    ep_len_mean     | 1e+03    |
|    ep_rew_mean     | -59.6    |
| time/              |          |
|    episodes        | 184      |
|    fps             | 92       |
|    time_elapsed    | 1989     |
|    total_timesteps | 184000   |
| train/             |          |
|    actor_loss      | -36.1    |
|    critic_loss     | 2.09     |
|    ent_coef        | 0.104    |
|    ent_coef_loss   | -0.0516  |
|    learning_rate   | 0.0003   |
|    n_updates       | 182999   |
---------------------------------
---------------------------------
| rollout/           |          |
|    ep_len_mean     | 1e+03    |
|    ep_rew_mean     | 12.9     |
| time/              |          |
|    episodes        | 188      |
|    fps             | 92       |
|    time_elapsed    | 2034     |
|    total_timesteps | 188000   |
| train/             |          |
|    actor_loss      | -40.8    |
|    critic_loss     | 10.3     |
|    ent_coef        | 0.109    |
|    ent_coef_loss   | 0.684    |
|    learning_rate   | 0.0003   |
|    n_updates       | 186999   |
---------------------------------
---------------------------------
| rollout/           |          |
|    ep_len_mean     | 1e+03    |
|    ep_rew_mean     | 58.4     |
| time/              |          |
|    episodes        | 192      |
|    fps             | 92       |
|    time_elapsed    | 2078     |
|    total_timesteps | 192000   |
| train/             |          |
|    actor_loss      | -44.5    |
|    critic_loss     | 1.5      |
|    ent_coef        | 0.107    |
|    ent_coef_loss   | 0.654    |
|    learning_rate   | 0.0003   |
|    n_updates       | 190999   |
---------------------------------
---------------------------------
| rollout/           |          |
|    ep_len_mean     | 1e+03    |
|    ep_rew_mean     | 79.4     |
| time/              |          |
|    episodes        | 196      |
|    fps             | 92       |
|    time_elapsed    | 2123     |
|    total_timesteps | 196000   |
| train/             |          |
|    actor_loss      | -61.3    |
|    critic_loss     | 1.34     |
|    ent_coef        | 0.0827   |
|    ent_coef_loss   | 0.523    |
|    learning_rate   | 0.0003   |
|    n_updates       | 194999   |
---------------------------------
---------------------------------
| rollout/           |          |
|    ep_len_mean     | 1e+03    |
|    ep_rew_mean     | 96       |
| time/              |          |
|    episodes        | 200      |
|    fps             | 92       |
|    time_elapsed    | 2168     |
|    total_timesteps | 200000   |
| train/             |          |
|    actor_loss      | -67.8    |
|    critic_loss     | 7.65     |
|    ent_coef        | 0.091    |
|    ent_coef_loss   | 0.581    |
|    learning_rate   | 0.0003   |
|    n_updates       | 198999   |
---------------------------------
---------------------------------
| rollout/           |          |
|    ep_len_mean     | 1e+03    |
|    ep_rew_mean     | 111      |
| time/              |          |
|    episodes        | 204      |
|    fps             | 92       |
|    time_elapsed    | 2213     |
|    total_timesteps | 204000   |
| train/             |          |
|    actor_loss      | -79.9    |
|    critic_loss     | 1.87     |
|    ent_coef        | 0.0796   |
|    ent_coef_loss   | 0.0395   |
|    learning_rate   | 0.0003   |
|    n_updates       | 202999   |
---------------------------------
---------------------------------
| rollout/           |          |
|    ep_len_mean     | 1e+03    |
|    ep_rew_mean     | 123      |
| time/              |          |
|    episodes        | 208      |
|    fps             | 92       |
|    time_elapsed    | 2257     |
|    total_timesteps | 208000   |
| train/             |          |
|    actor_loss      | -79.2    |
|    critic_loss     | 1.24     |
|    ent_coef        | 0.0869   |
|    ent_coef_loss   | 0.0182   |
|    learning_rate   | 0.0003   |
|    n_updates       | 206999   |
---------------------------------
---------------------------------
| rollout/           |          |
|    ep_len_mean     | 1e+03    |
|    ep_rew_mean     | 133      |
| time/              |          |
|    episodes        | 212      |
|    fps             | 92       |
|    time_elapsed    | 2302     |
|    total_timesteps | 212000   |
| train/             |          |
|    actor_loss      | -91.5    |
|    critic_loss     | 1.24     |
|    ent_coef        | 0.0964   |
|    ent_coef_loss   | 0.35     |
|    learning_rate   | 0.0003   |
|    n_updates       | 210999   |
---------------------------------
---------------------------------
| rollout/           |          |
|    ep_len_mean     | 1e+03    |
|    ep_rew_mean     | 141      |
| time/              |          |
|    episodes        | 216      |
|    fps             | 91       |
|    time_elapsed    | 2348     |
|    total_timesteps | 216000   |
| train/             |          |
|    actor_loss      | -76.5    |
|    critic_loss     | 1.18     |
|    ent_coef        | 0.092    |
|    ent_coef_loss   | 0.878    |
|    learning_rate   | 0.0003   |
|    n_updates       | 214999   |
---------------------------------
---------------------------------
| rollout/           |          |
|    ep_len_mean     | 1e+03    |
|    ep_rew_mean     | 174      |
| time/              |          |
|    episodes        | 220      |
|    fps             | 91       |
|    time_elapsed    | 2393     |
|    total_timesteps | 220000   |
| train/             |          |
|    actor_loss      | -98.7    |
|    critic_loss     | 1.01     |
|    ent_coef        | 0.0798   |
|    ent_coef_loss   | 0.178    |
|    learning_rate   | 0.0003   |
|    n_updates       | 218999   |
---------------------------------
---------------------------------
| rollout/           |          |
|    ep_len_mean     | 1e+03    |
|    ep_rew_mean     | 195      |
| time/              |          |
|    episodes        | 224      |
|    fps             | 91       |
|    time_elapsed    | 2438     |
|    total_timesteps | 224000   |
| train/             |          |
|    actor_loss      | -86.3    |
|    critic_loss     | 1.1      |
|    ent_coef        | 0.0704   |
|    ent_coef_loss   | -0.274   |
|    learning_rate   | 0.0003   |
|    n_updates       | 222999   |
---------------------------------
---------------------------------
| rollout/           |          |
|    ep_len_mean     | 1e+03    |
|    ep_rew_mean     | 192      |
| time/              |          |
|    episodes        | 228      |
|    fps             | 91       |
|    time_elapsed    | 2483     |
|    total_timesteps | 228000   |
| train/             |          |
|    actor_loss      | -80.6    |
|    critic_loss     | 0.808    |
|    ent_coef        | 0.0723   |
|    ent_coef_loss   | -1.1     |
|    learning_rate   | 0.0003   |
|    n_updates       | 226999   |
---------------------------------
---------------------------------
| rollout/           |          |
|    ep_len_mean     | 1e+03    |
|    ep_rew_mean     | 157      |
| time/              |          |
|    episodes        | 232      |
|    fps             | 91       |
|    time_elapsed    | 2529     |
|    total_timesteps | 232000   |
| train/             |          |
|    actor_loss      | -102     |
|    critic_loss     | 1.34     |
|    ent_coef        | 0.0665   |
|    ent_coef_loss   | -0.06    |
|    learning_rate   | 0.0003   |
|    n_updates       | 230999   |
---------------------------------
---------------------------------
| rollout/           |          |
|    ep_len_mean     | 1e+03    |
|    ep_rew_mean     | 149      |
| time/              |          |
|    episodes        | 236      |
|    fps             | 91       |
|    time_elapsed    | 2574     |
|    total_timesteps | 236000   |
| train/             |          |
|    actor_loss      | -102     |
|    critic_loss     | 0.965    |
|    ent_coef        | 0.0679   |
|    ent_coef_loss   | -1.05    |
|    learning_rate   | 0.0003   |
|    n_updates       | 234999   |
---------------------------------
---------------------------------
| rollout/           |          |
|    ep_len_mean     | 1e+03    |
|    ep_rew_mean     | 110      |
| time/              |          |
|    episodes        | 240      |
|    fps             | 91       |
|    time_elapsed    | 2629     |
|    total_timesteps | 240000   |
| train/             |          |
|    actor_loss      | -99.5    |
|    critic_loss     | 2.68     |
|    ent_coef        | 0.0679   |
|    ent_coef_loss   | -1.1     |
|    learning_rate   | 0.0003   |
|    n_updates       | 238999   |
---------------------------------
---------------------------------
| rollout/           |          |
|    ep_len_mean     | 1e+03    |
|    ep_rew_mean     | 89.3     |
| time/              |          |
|    episodes        | 244      |
|    fps             | 90       |
|    time_elapsed    | 2690     |
|    total_timesteps | 244000   |
| train/             |          |
|    actor_loss      | -89      |
|    critic_loss     | 1.71     |
|    ent_coef        | 0.0818   |
|    ent_coef_loss   | 0.536    |
|    learning_rate   | 0.0003   |
|    n_updates       | 242999   |
---------------------------------
---------------------------------
| rollout/           |          |
|    ep_len_mean     | 1e+03    |
|    ep_rew_mean     | 92.2     |
| time/              |          |
|    episodes        | 248      |
|    fps             | 90       |
|    time_elapsed    | 2752     |
|    total_timesteps | 248000   |
| train/             |          |
|    actor_loss      | -96.6    |
|    critic_loss     | 1.74     |
|    ent_coef        | 0.0675   |
|    ent_coef_loss   | 0.155    |
|    learning_rate   | 0.0003   |
|    n_updates       | 246999   |
---------------------------------
---------------------------------
| rollout/           |          |
|    ep_len_mean     | 1e+03    |
|    ep_rew_mean     | 138      |
| time/              |          |
|    episodes        | 252      |
|    fps             | 89       |
|    time_elapsed    | 2813     |
|    total_timesteps | 252000   |
| train/             |          |
|    actor_loss      | -117     |
|    critic_loss     | 2.98     |
|    ent_coef        | 0.0827   |
|    ent_coef_loss   | 0.837    |
|    learning_rate   | 0.0003   |
|    n_updates       | 250999   |
---------------------------------
---------------------------------
| rollout/           |          |
|    ep_len_mean     | 1e+03    |
|    ep_rew_mean     | 169      |
| time/              |          |
|    episodes        | 256      |
|    fps             | 89       |
|    time_elapsed    | 2874     |
|    total_timesteps | 256000   |
| train/             |          |
|    actor_loss      | -112     |
|    critic_loss     | 1.58     |
|    ent_coef        | 0.093    |
|    ent_coef_loss   | -0.537   |
|    learning_rate   | 0.0003   |
|    n_updates       | 254999   |
---------------------------------
---------------------------------
| rollout/           |          |
|    ep_len_mean     | 1e+03    |
|    ep_rew_mean     | 177      |
| time/              |          |
|    episodes        | 260      |
|    fps             | 88       |
|    time_elapsed    | 2937     |
|    total_timesteps | 260000   |
| train/             |          |
|    actor_loss      | -137     |
|    critic_loss     | 1.38     |
|    ent_coef        | 0.12     |
|    ent_coef_loss   | -0.117   |
|    learning_rate   | 0.0003   |
|    n_updates       | 258999   |
---------------------------------
---------------------------------
| rollout/           |          |
|    ep_len_mean     | 1e+03    |
|    ep_rew_mean     | 103      |
| time/              |          |
|    episodes        | 264      |
|    fps             | 88       |
|    time_elapsed    | 2999     |
|    total_timesteps | 264000   |
| train/             |          |
|    actor_loss      | -138     |
|    critic_loss     | 2.01     |
|    ent_coef        | 0.117    |
|    ent_coef_loss   | -0.467   |
|    learning_rate   | 0.0003   |
|    n_updates       | 262999   |
---------------------------------
---------------------------------
| rollout/           |          |
|    ep_len_mean     | 1e+03    |
|    ep_rew_mean     | 23.4     |
| time/              |          |
|    episodes        | 268      |
|    fps             | 87       |
|    time_elapsed    | 3061     |
|    total_timesteps | 268000   |
| train/             |          |
|    actor_loss      | -136     |
|    critic_loss     | 17.7     |
|    ent_coef        | 0.0835   |
|    ent_coef_loss   | 0.188    |
|    learning_rate   | 0.0003   |
|    n_updates       | 266999   |
---------------------------------
---------------------------------
| rollout/           |          |
|    ep_len_mean     | 1e+03    |
|    ep_rew_mean     | 2.23     |
| time/              |          |
|    episodes        | 272      |
|    fps             | 87       |
|    time_elapsed    | 3125     |
|    total_timesteps | 272000   |
| train/             |          |
|    actor_loss      | -136     |
|    critic_loss     | 2.49     |
|    ent_coef        | 0.0793   |
|    ent_coef_loss   | -0.658   |
|    learning_rate   | 0.0003   |
|    n_updates       | 270999   |
---------------------------------
---------------------------------
| rollout/           |          |
|    ep_len_mean     | 1e+03    |
|    ep_rew_mean     | -63.6    |
| time/              |          |
|    episodes        | 276      |
|    fps             | 86       |
|    time_elapsed    | 3186     |
|    total_timesteps | 276000   |
| train/             |          |
|    actor_loss      | -135     |
|    critic_loss     | 1.74     |
|    ent_coef        | 0.0869   |
|    ent_coef_loss   | -0.398   |
|    learning_rate   | 0.0003   |
|    n_updates       | 274999   |
---------------------------------
