[2026-06-22T12:19:08] Starting Fischer session: algorithm=SAC, timesteps=500,000, direction=EAST, actuation=muscle, waypoints=[[2.3, -1.0], [1.0, 1.5], [2.5, 0.0]]
[2026-06-22T12:19:08] Save dir: C:\Users\ranjo\OneDrive\Desktop\ARM-Model\project_assets\outputs\Parallel_Seeds\seed_005
[2026-06-22T12:19:08] Waypoint mode active: 3 waypoints, current_waypoint_index=0 at every episode reset
Using cpu device
Wrapping the env with a `Monitor` wrapper
Wrapping the env in a DummyVecEnv.
----------------------------------
| rollout/           |           |
|    ep_len_mean     | 1e+03     |
|    ep_rew_mean     | -5.97e+03 |
| time/              |           |
|    episodes        | 4         |
|    fps             | 95        |
|    time_elapsed    | 41        |
|    total_timesteps | 4000      |
| train/             |           |
|    actor_loss      | 56.2      |
|    critic_loss     | 6.61      |
|    ent_coef        | 0.411     |
|    ent_coef_loss   | -5.55     |
|    learning_rate   | 0.0003    |
|    n_updates       | 2999      |
----------------------------------
----------------------------------
| rollout/           |           |
|    ep_len_mean     | 1e+03     |
|    ep_rew_mean     | -3.31e+03 |
| time/              |           |
|    episodes        | 8         |
|    fps             | 77        |
|    time_elapsed    | 102       |
|    total_timesteps | 8000      |
| train/             |           |
|    actor_loss      | 72.9      |
|    critic_loss     | 2.55      |
|    ent_coef        | 0.181     |
|    ent_coef_loss   | -0.651    |
|    learning_rate   | 0.0003    |
|    n_updates       | 6999      |
----------------------------------
----------------------------------
| rollout/           |           |
|    ep_len_mean     | 1e+03     |
|    ep_rew_mean     | -2.09e+03 |
| time/              |           |
|    episodes        | 12        |
|    fps             | 73        |
|    time_elapsed    | 162       |
|    total_timesteps | 12000     |
| train/             |           |
|    actor_loss      | 35.6      |
|    critic_loss     | 7.59      |
|    ent_coef        | 0.249     |
|    ent_coef_loss   | -0.526    |
|    learning_rate   | 0.0003    |
|    n_updates       | 10999     |
----------------------------------
----------------------------------
| rollout/           |           |
|    ep_len_mean     | 1e+03     |
|    ep_rew_mean     | -1.61e+03 |
| time/              |           |
|    episodes        | 16        |
|    fps             | 71        |
|    time_elapsed    | 222       |
|    total_timesteps | 16000     |
| train/             |           |
|    actor_loss      | 30.6      |
|    critic_loss     | 17.6      |
|    ent_coef        | 0.238     |
|    ent_coef_loss   | -0.101    |
|    learning_rate   | 0.0003    |
|    n_updates       | 14999     |
----------------------------------
----------------------------------
| rollout/           |           |
|    ep_len_mean     | 1e+03     |
|    ep_rew_mean     | -1.43e+03 |
| time/              |           |
|    episodes        | 20        |
|    fps             | 71        |
|    time_elapsed    | 279       |
|    total_timesteps | 20000     |
| train/             |           |
|    actor_loss      | 10.8      |
|    critic_loss     | 9.43      |
|    ent_coef        | 0.242     |
|    ent_coef_loss   | 0.0502    |
|    learning_rate   | 0.0003    |
|    n_updates       | 18999     |
----------------------------------
---------------------------------
| rollout/           |          |
|    ep_len_mean     | 1e+03    |
|    ep_rew_mean     | -1.3e+03 |
| time/              |          |
|    episodes        | 24       |
|    fps             | 70       |
|    time_elapsed    | 339      |
|    total_timesteps | 24000    |
| train/             |          |
|    actor_loss      | -2.31    |
|    critic_loss     | 9.22     |
|    ent_coef        | 0.242    |
|    ent_coef_loss   | 0.196    |
|    learning_rate   | 0.0003   |
|    n_updates       | 22999    |
---------------------------------
---------------------------------
| rollout/           |          |
|    ep_len_mean     | 1e+03    |
|    ep_rew_mean     | -1.2e+03 |
| time/              |          |
|    episodes        | 28       |
|    fps             | 70       |
|    time_elapsed    | 399      |
|    total_timesteps | 28000    |
| train/             |          |
|    actor_loss      | -29.3    |
|    critic_loss     | 9.96     |
|    ent_coef        | 0.287    |
|    ent_coef_loss   | -0.437   |
|    learning_rate   | 0.0003   |
|    n_updates       | 26999    |
---------------------------------
----------------------------------
| rollout/           |           |
|    ep_len_mean     | 1e+03     |
|    ep_rew_mean     | -1.11e+03 |
| time/              |           |
|    episodes        | 32        |
|    fps             | 69        |
|    time_elapsed    | 459       |
|    total_timesteps | 32000     |
| train/             |           |
|    actor_loss      | -42.7     |
|    critic_loss     | 6.14      |
|    ent_coef        | 0.282     |
|    ent_coef_loss   | 0.0771    |
|    learning_rate   | 0.0003    |
|    n_updates       | 30999     |
----------------------------------
---------------------------------
| rollout/           |          |
|    ep_len_mean     | 1e+03    |
|    ep_rew_mean     | -990     |
| time/              |          |
|    episodes        | 36       |
|    fps             | 68       |
|    time_elapsed    | 523      |
|    total_timesteps | 36000    |
| train/             |          |
|    actor_loss      | -46.5    |
|    critic_loss     | 8.87     |
|    ent_coef        | 0.257    |
|    ent_coef_loss   | 0.204    |
|    learning_rate   | 0.0003   |
|    n_updates       | 34999    |
---------------------------------
---------------------------------
| rollout/           |          |
|    ep_len_mean     | 1e+03    |
|    ep_rew_mean     | -863     |
| time/              |          |
|    episodes        | 40       |
|    fps             | 68       |
|    time_elapsed    | 582      |
|    total_timesteps | 40000    |
| train/             |          |
|    actor_loss      | -45.1    |
|    critic_loss     | 5.03     |
|    ent_coef        | 0.303    |
|    ent_coef_loss   | -0.168   |
|    learning_rate   | 0.0003   |
|    n_updates       | 38999    |
---------------------------------
---------------------------------
| rollout/           |          |
|    ep_len_mean     | 1e+03    |
|    ep_rew_mean     | -814     |
| time/              |          |
|    episodes        | 44       |
|    fps             | 68       |
|    time_elapsed    | 641      |
|    total_timesteps | 44000    |
| train/             |          |
|    actor_loss      | -59.2    |
|    critic_loss     | 6.34     |
|    ent_coef        | 0.23     |
|    ent_coef_loss   | 0.494    |
|    learning_rate   | 0.0003   |
|    n_updates       | 42999    |
---------------------------------
---------------------------------
| rollout/           |          |
|    ep_len_mean     | 1e+03    |
|    ep_rew_mean     | -791     |
| time/              |          |
|    episodes        | 48       |
|    fps             | 69       |
|    time_elapsed    | 695      |
|    total_timesteps | 48000    |
| train/             |          |
|    actor_loss      | -56.6    |
|    critic_loss     | 4.9      |
|    ent_coef        | 0.194    |
|    ent_coef_loss   | -0.348   |
|    learning_rate   | 0.0003   |
|    n_updates       | 46999    |
---------------------------------
---------------------------------
| rollout/           |          |
|    ep_len_mean     | 1e+03    |
|    ep_rew_mean     | -768     |
| time/              |          |
|    episodes        | 52       |
|    fps             | 69       |
|    time_elapsed    | 749      |
|    total_timesteps | 52000    |
| train/             |          |
|    actor_loss      | -60.1    |
|    critic_loss     | 7.12     |
|    ent_coef        | 0.193    |
|    ent_coef_loss   | -0.478   |
|    learning_rate   | 0.0003   |
|    n_updates       | 50999    |
---------------------------------
---------------------------------
| rollout/           |          |
|    ep_len_mean     | 1e+03    |
|    ep_rew_mean     | -710     |
| time/              |          |
|    episodes        | 56       |
|    fps             | 69       |
|    time_elapsed    | 805      |
|    total_timesteps | 56000    |
| train/             |          |
|    actor_loss      | -74.4    |
|    critic_loss     | 29.5     |
|    ent_coef        | 0.173    |
|    ent_coef_loss   | 0.249    |
|    learning_rate   | 0.0003   |
|    n_updates       | 54999    |
---------------------------------
---------------------------------
| rollout/           |          |
|    ep_len_mean     | 1e+03    |
|    ep_rew_mean     | -675     |
| time/              |          |
|    episodes        | 60       |
|    fps             | 69       |
|    time_elapsed    | 866      |
|    total_timesteps | 60000    |
| train/             |          |
|    actor_loss      | -78.1    |
|    critic_loss     | 7.08     |
|    ent_coef        | 0.178    |
|    ent_coef_loss   | 0.105    |
|    learning_rate   | 0.0003   |
|    n_updates       | 58999    |
---------------------------------
---------------------------------
| rollout/           |          |
|    ep_len_mean     | 1e+03    |
|    ep_rew_mean     | -604     |
| time/              |          |
|    episodes        | 64       |
|    fps             | 68       |
|    time_elapsed    | 928      |
|    total_timesteps | 64000    |
| train/             |          |
|    actor_loss      | -81.2    |
|    critic_loss     | 3.6      |
|    ent_coef        | 0.147    |
|    ent_coef_loss   | -0.0552  |
|    learning_rate   | 0.0003   |
|    n_updates       | 62999    |
---------------------------------
---------------------------------
| rollout/           |          |
|    ep_len_mean     | 1e+03    |
|    ep_rew_mean     | -538     |
| time/              |          |
|    episodes        | 68       |
|    fps             | 68       |
|    time_elapsed    | 990      |
|    total_timesteps | 68000    |
| train/             |          |
|    actor_loss      | -94.2    |
|    critic_loss     | 4.51     |
|    ent_coef        | 0.161    |
|    ent_coef_loss   | 0.0216   |
|    learning_rate   | 0.0003   |
|    n_updates       | 66999    |
---------------------------------
---------------------------------
| rollout/           |          |
|    ep_len_mean     | 1e+03    |
|    ep_rew_mean     | -545     |
| time/              |          |
|    episodes        | 72       |
|    fps             | 68       |
|    time_elapsed    | 1052     |
|    total_timesteps | 72000    |
| train/             |          |
|    actor_loss      | -105     |
|    critic_loss     | 47.7     |
|    ent_coef        | 0.157    |
|    ent_coef_loss   | -0.529   |
|    learning_rate   | 0.0003   |
|    n_updates       | 70999    |
---------------------------------
---------------------------------
| rollout/           |          |
|    ep_len_mean     | 1e+03    |
|    ep_rew_mean     | -484     |
| time/              |          |
|    episodes        | 76       |
|    fps             | 67       |
|    time_elapsed    | 1118     |
|    total_timesteps | 76000    |
| train/             |          |
|    actor_loss      | -105     |
|    critic_loss     | 7.46     |
|    ent_coef        | 0.179    |
|    ent_coef_loss   | 0.116    |
|    learning_rate   | 0.0003   |
|    n_updates       | 74999    |
---------------------------------
---------------------------------
| rollout/           |          |
|    ep_len_mean     | 1e+03    |
|    ep_rew_mean     | -426     |
| time/              |          |
|    episodes        | 80       |
|    fps             | 67       |
|    time_elapsed    | 1179     |
|    total_timesteps | 80000    |
| train/             |          |
|    actor_loss      | -108     |
|    critic_loss     | 4.47     |
|    ent_coef        | 0.189    |
|    ent_coef_loss   | -0.112   |
|    learning_rate   | 0.0003   |
|    n_updates       | 78999    |
---------------------------------
---------------------------------
| rollout/           |          |
|    ep_len_mean     | 1e+03    |
|    ep_rew_mean     | -365     |
| time/              |          |
|    episodes        | 84       |
|    fps             | 67       |
|    time_elapsed    | 1240     |
|    total_timesteps | 84000    |
| train/             |          |
|    actor_loss      | -114     |
|    critic_loss     | 17.3     |
|    ent_coef        | 0.18     |
|    ent_coef_loss   | -0.51    |
|    learning_rate   | 0.0003   |
|    n_updates       | 82999    |
---------------------------------
---------------------------------
| rollout/           |          |
|    ep_len_mean     | 1e+03    |
|    ep_rew_mean     | -306     |
| time/              |          |
|    episodes        | 88       |
|    fps             | 67       |
|    time_elapsed    | 1299     |
|    total_timesteps | 88000    |
| train/             |          |
|    actor_loss      | -113     |
|    critic_loss     | 3.42     |
|    ent_coef        | 0.158    |
|    ent_coef_loss   | 0.79     |
|    learning_rate   | 0.0003   |
|    n_updates       | 86999    |
---------------------------------
---------------------------------
| rollout/           |          |
|    ep_len_mean     | 1e+03    |
|    ep_rew_mean     | -252     |
| time/              |          |
|    episodes        | 92       |
|    fps             | 67       |
|    time_elapsed    | 1357     |
|    total_timesteps | 92000    |
| train/             |          |
|    actor_loss      | -113     |
|    critic_loss     | 4.46     |
|    ent_coef        | 0.157    |
|    ent_coef_loss   | 0.151    |
|    learning_rate   | 0.0003   |
|    n_updates       | 90999    |
---------------------------------
---------------------------------
| rollout/           |          |
|    ep_len_mean     | 1e+03    |
|    ep_rew_mean     | -280     |
| time/              |          |
|    episodes        | 96       |
|    fps             | 67       |
|    time_elapsed    | 1417     |
|    total_timesteps | 96000    |
| train/             |          |
|    actor_loss      | -123     |
|    critic_loss     | 8.47     |
|    ent_coef        | 0.144    |
|    ent_coef_loss   | 0.0215   |
|    learning_rate   | 0.0003   |
|    n_updates       | 94999    |
---------------------------------
---------------------------------
| rollout/           |          |
|    ep_len_mean     | 1e+03    |
|    ep_rew_mean     | -230     |
| time/              |          |
|    episodes        | 100      |
|    fps             | 67       |
|    time_elapsed    | 1477     |
|    total_timesteps | 100000   |
| train/             |          |
|    actor_loss      | -120     |
|    critic_loss     | 7.92     |
|    ent_coef        | 0.147    |
|    ent_coef_loss   | -0.334   |
|    learning_rate   | 0.0003   |
|    n_updates       | 98999    |
---------------------------------
---------------------------------
| rollout/           |          |
|    ep_len_mean     | 1e+03    |
|    ep_rew_mean     | 30       |
| time/              |          |
|    episodes        | 104      |
|    fps             | 67       |
|    time_elapsed    | 1537     |
|    total_timesteps | 104000   |
| train/             |          |
|    actor_loss      | -106     |
|    critic_loss     | 2.54     |
|    ent_coef        | 0.148    |
|    ent_coef_loss   | -0.339   |
|    learning_rate   | 0.0003   |
|    n_updates       | 102999   |
---------------------------------
---------------------------------
| rollout/           |          |
|    ep_len_mean     | 1e+03    |
|    ep_rew_mean     | 91.4     |
| time/              |          |
|    episodes        | 108      |
|    fps             | 67       |
|    time_elapsed    | 1599     |
|    total_timesteps | 108000   |
| train/             |          |
|    actor_loss      | -109     |
|    critic_loss     | 3.44     |
|    ent_coef        | 0.129    |
|    ent_coef_loss   | 0.236    |
|    learning_rate   | 0.0003   |
|    n_updates       | 106999   |
---------------------------------
---------------------------------
| rollout/           |          |
|    ep_len_mean     | 1e+03    |
|    ep_rew_mean     | 98.2     |
| time/              |          |
|    episodes        | 112      |
|    fps             | 66       |
|    time_elapsed    | 1677     |
|    total_timesteps | 112000   |
| train/             |          |
|    actor_loss      | -113     |
|    critic_loss     | 3.56     |
|    ent_coef        | 0.137    |
|    ent_coef_loss   | 0.487    |
|    learning_rate   | 0.0003   |
|    n_updates       | 110999   |
---------------------------------
---------------------------------
| rollout/           |          |
|    ep_len_mean     | 1e+03    |
|    ep_rew_mean     | 111      |
| time/              |          |
|    episodes        | 116      |
|    fps             | 66       |
|    time_elapsed    | 1735     |
|    total_timesteps | 116000   |
| train/             |          |
|    actor_loss      | -125     |
|    critic_loss     | 6.04     |
|    ent_coef        | 0.176    |
|    ent_coef_loss   | 0.539    |
|    learning_rate   | 0.0003   |
|    n_updates       | 114999   |
---------------------------------
---------------------------------
| rollout/           |          |
|    ep_len_mean     | 1e+03    |
|    ep_rew_mean     | 156      |
| time/              |          |
|    episodes        | 120      |
|    fps             | 66       |
|    time_elapsed    | 1796     |
|    total_timesteps | 120000   |
| train/             |          |
|    actor_loss      | -132     |
|    critic_loss     | 307      |
|    ent_coef        | 0.151    |
|    ent_coef_loss   | 0.353    |
|    learning_rate   | 0.0003   |
|    n_updates       | 118999   |
---------------------------------
---------------------------------
| rollout/           |          |
|    ep_len_mean     | 1e+03    |
|    ep_rew_mean     | 185      |
| time/              |          |
|    episodes        | 124      |
|    fps             | 66       |
|    time_elapsed    | 1858     |
|    total_timesteps | 124000   |
| train/             |          |
|    actor_loss      | -147     |
|    critic_loss     | 9        |
|    ent_coef        | 0.181    |
|    ent_coef_loss   | 0.871    |
|    learning_rate   | 0.0003   |
|    n_updates       | 122999   |
---------------------------------
---------------------------------
| rollout/           |          |
|    ep_len_mean     | 1e+03    |
|    ep_rew_mean     | 194      |
| time/              |          |
|    episodes        | 128      |
|    fps             | 66       |
|    time_elapsed    | 1921     |
|    total_timesteps | 128000   |
| train/             |          |
|    actor_loss      | -158     |
|    critic_loss     | 2.79     |
|    ent_coef        | 0.171    |
|    ent_coef_loss   | -0.0756  |
|    learning_rate   | 0.0003   |
|    n_updates       | 126999   |
---------------------------------
---------------------------------
| rollout/           |          |
|    ep_len_mean     | 1e+03    |
|    ep_rew_mean     | 216      |
| time/              |          |
|    episodes        | 132      |
|    fps             | 66       |
|    time_elapsed    | 1979     |
|    total_timesteps | 132000   |
| train/             |          |
|    actor_loss      | -176     |
|    critic_loss     | 3.69     |
|    ent_coef        | 0.14     |
|    ent_coef_loss   | -0.0793  |
|    learning_rate   | 0.0003   |
|    n_updates       | 130999   |
---------------------------------
---------------------------------
| rollout/           |          |
|    ep_len_mean     | 1e+03    |
|    ep_rew_mean     | 217      |
| time/              |          |
|    episodes        | 136      |
|    fps             | 66       |
|    time_elapsed    | 2039     |
|    total_timesteps | 136000   |
| train/             |          |
|    actor_loss      | -162     |
|    critic_loss     | 2.92     |
|    ent_coef        | 0.121    |
|    ent_coef_loss   | -0.5     |
|    learning_rate   | 0.0003   |
|    n_updates       | 134999   |
---------------------------------
---------------------------------
| rollout/           |          |
|    ep_len_mean     | 1e+03    |
|    ep_rew_mean     | 190      |
| time/              |          |
|    episodes        | 140      |
|    fps             | 66       |
|    time_elapsed    | 2101     |
|    total_timesteps | 140000   |
| train/             |          |
|    actor_loss      | -149     |
|    critic_loss     | 6.47     |
|    ent_coef        | 0.108    |
|    ent_coef_loss   | -0.944   |
|    learning_rate   | 0.0003   |
|    n_updates       | 138999   |
---------------------------------
---------------------------------
| rollout/           |          |
|    ep_len_mean     | 1e+03    |
|    ep_rew_mean     | 229      |
| time/              |          |
|    episodes        | 144      |
|    fps             | 66       |
|    time_elapsed    | 2162     |
|    total_timesteps | 144000   |
| train/             |          |
|    actor_loss      | -152     |
|    critic_loss     | 4.01     |
|    ent_coef        | 0.118    |
|    ent_coef_loss   | -0.315   |
|    learning_rate   | 0.0003   |
|    n_updates       | 142999   |
---------------------------------
---------------------------------
| rollout/           |          |
|    ep_len_mean     | 1e+03    |
|    ep_rew_mean     | 283      |
| time/              |          |
|    episodes        | 148      |
|    fps             | 66       |
|    time_elapsed    | 2223     |
|    total_timesteps | 148000   |
| train/             |          |
|    actor_loss      | -143     |
|    critic_loss     | 2.79     |
|    ent_coef        | 0.124    |
|    ent_coef_loss   | 0.451    |
|    learning_rate   | 0.0003   |
|    n_updates       | 146999   |
---------------------------------
---------------------------------
| rollout/           |          |
|    ep_len_mean     | 1e+03    |
|    ep_rew_mean     | 332      |
| time/              |          |
|    episodes        | 152      |
|    fps             | 66       |
|    time_elapsed    | 2284     |
|    total_timesteps | 152000   |
| train/             |          |
|    actor_loss      | -127     |
|    critic_loss     | 3.43     |
|    ent_coef        | 0.114    |
|    ent_coef_loss   | 0.22     |
|    learning_rate   | 0.0003   |
|    n_updates       | 150999   |
---------------------------------
---------------------------------
| rollout/           |          |
|    ep_len_mean     | 1e+03    |
|    ep_rew_mean     | 359      |
| time/              |          |
|    episodes        | 156      |
|    fps             | 66       |
|    time_elapsed    | 2345     |
|    total_timesteps | 156000   |
| train/             |          |
|    actor_loss      | -136     |
|    critic_loss     | 3.3      |
|    ent_coef        | 0.134    |
|    ent_coef_loss   | -0.144   |
|    learning_rate   | 0.0003   |
|    n_updates       | 154999   |
---------------------------------
---------------------------------
| rollout/           |          |
|    ep_len_mean     | 1e+03    |
|    ep_rew_mean     | 392      |
| time/              |          |
|    episodes        | 160      |
|    fps             | 66       |
|    time_elapsed    | 2406     |
|    total_timesteps | 160000   |
| train/             |          |
|    actor_loss      | -141     |
|    critic_loss     | 2.42     |
|    ent_coef        | 0.0975   |
|    ent_coef_loss   | -0.252   |
|    learning_rate   | 0.0003   |
|    n_updates       | 158999   |
---------------------------------
---------------------------------
| rollout/           |          |
|    ep_len_mean     | 1e+03    |
|    ep_rew_mean     | 396      |
| time/              |          |
|    episodes        | 164      |
|    fps             | 66       |
|    time_elapsed    | 2467     |
|    total_timesteps | 164000   |
| train/             |          |
|    actor_loss      | -142     |
|    critic_loss     | 2.75     |
|    ent_coef        | 0.102    |
|    ent_coef_loss   | -0.516   |
|    learning_rate   | 0.0003   |
|    n_updates       | 162999   |
---------------------------------
---------------------------------
| rollout/           |          |
|    ep_len_mean     | 1e+03    |
|    ep_rew_mean     | 415      |
| time/              |          |
|    episodes        | 168      |
|    fps             | 66       |
|    time_elapsed    | 2528     |
|    total_timesteps | 168000   |
| train/             |          |
|    actor_loss      | -146     |
|    critic_loss     | 10.5     |
|    ent_coef        | 0.116    |
|    ent_coef_loss   | 1.27     |
|    learning_rate   | 0.0003   |
|    n_updates       | 166999   |
---------------------------------
---------------------------------
| rollout/           |          |
|    ep_len_mean     | 1e+03    |
|    ep_rew_mean     | 482      |
| time/              |          |
|    episodes        | 172      |
|    fps             | 66       |
|    time_elapsed    | 2583     |
|    total_timesteps | 172000   |
| train/             |          |
|    actor_loss      | -149     |
|    critic_loss     | 1.87     |
|    ent_coef        | 0.103    |
|    ent_coef_loss   | -0.699   |
|    learning_rate   | 0.0003   |
|    n_updates       | 170999   |
---------------------------------
---------------------------------
| rollout/           |          |
|    ep_len_mean     | 1e+03    |
|    ep_rew_mean     | 486      |
| time/              |          |
|    episodes        | 176      |
|    fps             | 66       |
|    time_elapsed    | 2633     |
|    total_timesteps | 176000   |
| train/             |          |
|    actor_loss      | -143     |
|    critic_loss     | 2.07     |
|    ent_coef        | 0.0999   |
|    ent_coef_loss   | 0.26     |
|    learning_rate   | 0.0003   |
|    n_updates       | 174999   |
---------------------------------
---------------------------------
| rollout/           |          |
|    ep_len_mean     | 1e+03    |
|    ep_rew_mean     | 491      |
| time/              |          |
|    episodes        | 180      |
|    fps             | 67       |
|    time_elapsed    | 2683     |
|    total_timesteps | 180000   |
| train/             |          |
|    actor_loss      | -139     |
|    critic_loss     | 1.86     |
|    ent_coef        | 0.0969   |
|    ent_coef_loss   | 0.0464   |
|    learning_rate   | 0.0003   |
|    n_updates       | 178999   |
---------------------------------
---------------------------------
| rollout/           |          |
|    ep_len_mean     | 1e+03    |
|    ep_rew_mean     | 489      |
| time/              |          |
|    episodes        | 184      |
|    fps             | 67       |
|    time_elapsed    | 2732     |
|    total_timesteps | 184000   |
| train/             |          |
|    actor_loss      | -146     |
|    critic_loss     | 2.91     |
|    ent_coef        | 0.103    |
|    ent_coef_loss   | -0.325   |
|    learning_rate   | 0.0003   |
|    n_updates       | 182999   |
---------------------------------
---------------------------------
| rollout/           |          |
|    ep_len_mean     | 1e+03    |
|    ep_rew_mean     | 486      |
| time/              |          |
|    episodes        | 188      |
|    fps             | 67       |
|    time_elapsed    | 2781     |
|    total_timesteps | 188000   |
| train/             |          |
|    actor_loss      | -141     |
|    critic_loss     | 3.71     |
|    ent_coef        | 0.0875   |
|    ent_coef_loss   | -0.849   |
|    learning_rate   | 0.0003   |
|    n_updates       | 186999   |
---------------------------------
---------------------------------
| rollout/           |          |
|    ep_len_mean     | 1e+03    |
|    ep_rew_mean     | 441      |
| time/              |          |
|    episodes        | 192      |
|    fps             | 67       |
|    time_elapsed    | 2832     |
|    total_timesteps | 192000   |
| train/             |          |
|    actor_loss      | -147     |
|    critic_loss     | 3.46     |
|    ent_coef        | 0.117    |
|    ent_coef_loss   | -0.164   |
|    learning_rate   | 0.0003   |
|    n_updates       | 190999   |
---------------------------------
---------------------------------
| rollout/           |          |
|    ep_len_mean     | 1e+03    |
|    ep_rew_mean     | 502      |
| time/              |          |
|    episodes        | 196      |
|    fps             | 68       |
|    time_elapsed    | 2881     |
|    total_timesteps | 196000   |
| train/             |          |
|    actor_loss      | -143     |
|    critic_loss     | 2        |
|    ent_coef        | 0.0738   |
|    ent_coef_loss   | 0.731    |
|    learning_rate   | 0.0003   |
|    n_updates       | 194999   |
---------------------------------
---------------------------------
| rollout/           |          |
|    ep_len_mean     | 1e+03    |
|    ep_rew_mean     | 492      |
| time/              |          |
|    episodes        | 200      |
|    fps             | 68       |
|    time_elapsed    | 2930     |
|    total_timesteps | 200000   |
| train/             |          |
|    actor_loss      | -154     |
|    critic_loss     | 2.28     |
|    ent_coef        | 0.114    |
|    ent_coef_loss   | -0.364   |
|    learning_rate   | 0.0003   |
|    n_updates       | 198999   |
---------------------------------
---------------------------------
| rollout/           |          |
|    ep_len_mean     | 1e+03    |
|    ep_rew_mean     | 497      |
| time/              |          |
|    episodes        | 204      |
|    fps             | 68       |
|    time_elapsed    | 2979     |
|    total_timesteps | 204000   |
| train/             |          |
|    actor_loss      | -147     |
|    critic_loss     | 2.36     |
|    ent_coef        | 0.111    |
|    ent_coef_loss   | 0.00348  |
|    learning_rate   | 0.0003   |
|    n_updates       | 202999   |
---------------------------------
---------------------------------
| rollout/           |          |
|    ep_len_mean     | 1e+03    |
|    ep_rew_mean     | 490      |
| time/              |          |
|    episodes        | 208      |
|    fps             | 68       |
|    time_elapsed    | 3029     |
|    total_timesteps | 208000   |
| train/             |          |
|    actor_loss      | -153     |
|    critic_loss     | 1.47     |
|    ent_coef        | 0.103    |
|    ent_coef_loss   | 0.519    |
|    learning_rate   | 0.0003   |
|    n_updates       | 206999   |
---------------------------------
---------------------------------
| rollout/           |          |
|    ep_len_mean     | 1e+03    |
|    ep_rew_mean     | 498      |
| time/              |          |
|    episodes        | 212      |
|    fps             | 68       |
|    time_elapsed    | 3078     |
|    total_timesteps | 212000   |
| train/             |          |
|    actor_loss      | -145     |
|    critic_loss     | 1.59     |
|    ent_coef        | 0.0924   |
|    ent_coef_loss   | 0.00263  |
|    learning_rate   | 0.0003   |
|    n_updates       | 210999   |
---------------------------------
---------------------------------
| rollout/           |          |
|    ep_len_mean     | 1e+03    |
|    ep_rew_mean     | 528      |
| time/              |          |
|    episodes        | 216      |
|    fps             | 69       |
|    time_elapsed    | 3128     |
|    total_timesteps | 216000   |
| train/             |          |
|    actor_loss      | -150     |
|    critic_loss     | 2.17     |
|    ent_coef        | 0.0946   |
|    ent_coef_loss   | 0.724    |
|    learning_rate   | 0.0003   |
|    n_updates       | 214999   |
---------------------------------
---------------------------------
| rollout/           |          |
|    ep_len_mean     | 1e+03    |
|    ep_rew_mean     | 548      |
| time/              |          |
|    episodes        | 220      |
|    fps             | 69       |
|    time_elapsed    | 3178     |
|    total_timesteps | 220000   |
| train/             |          |
|    actor_loss      | -150     |
|    critic_loss     | 17.7     |
|    ent_coef        | 0.106    |
|    ent_coef_loss   | 1.27     |
|    learning_rate   | 0.0003   |
|    n_updates       | 218999   |
---------------------------------
---------------------------------
| rollout/           |          |
|    ep_len_mean     | 1e+03    |
|    ep_rew_mean     | 537      |
| time/              |          |
|    episodes        | 224      |
|    fps             | 69       |
|    time_elapsed    | 3228     |
|    total_timesteps | 224000   |
| train/             |          |
|    actor_loss      | -156     |
|    critic_loss     | 1.41     |
|    ent_coef        | 0.115    |
|    ent_coef_loss   | -0.204   |
|    learning_rate   | 0.0003   |
|    n_updates       | 222999   |
---------------------------------
---------------------------------
| rollout/           |          |
|    ep_len_mean     | 1e+03    |
|    ep_rew_mean     | 543      |
| time/              |          |
|    episodes        | 228      |
|    fps             | 69       |
|    time_elapsed    | 3277     |
|    total_timesteps | 228000   |
| train/             |          |
|    actor_loss      | -154     |
|    critic_loss     | 1.03     |
|    ent_coef        | 0.0985   |
|    ent_coef_loss   | 0.139    |
|    learning_rate   | 0.0003   |
|    n_updates       | 226999   |
---------------------------------
---------------------------------
| rollout/           |          |
|    ep_len_mean     | 1e+03    |
|    ep_rew_mean     | 552      |
| time/              |          |
|    episodes        | 232      |
|    fps             | 69       |
|    time_elapsed    | 3327     |
|    total_timesteps | 232000   |
| train/             |          |
|    actor_loss      | -154     |
|    critic_loss     | 1.37     |
|    ent_coef        | 0.0787   |
|    ent_coef_loss   | 0.856    |
|    learning_rate   | 0.0003   |
|    n_updates       | 230999   |
---------------------------------
---------------------------------
| rollout/           |          |
|    ep_len_mean     | 1e+03    |
|    ep_rew_mean     | 573      |
| time/              |          |
|    episodes        | 236      |
|    fps             | 69       |
|    time_elapsed    | 3377     |
|    total_timesteps | 236000   |
| train/             |          |
|    actor_loss      | -153     |
|    critic_loss     | 1.5      |
|    ent_coef        | 0.07     |
|    ent_coef_loss   | 0.345    |
|    learning_rate   | 0.0003   |
|    n_updates       | 234999   |
---------------------------------
---------------------------------
| rollout/           |          |
|    ep_len_mean     | 1e+03    |
|    ep_rew_mean     | 563      |
| time/              |          |
|    episodes        | 240      |
|    fps             | 70       |
|    time_elapsed    | 3427     |
|    total_timesteps | 240000   |
| train/             |          |
|    actor_loss      | -155     |
|    critic_loss     | 1.15     |
|    ent_coef        | 0.0664   |
|    ent_coef_loss   | 0.533    |
|    learning_rate   | 0.0003   |
|    n_updates       | 238999   |
---------------------------------
---------------------------------
| rollout/           |          |
|    ep_len_mean     | 1e+03    |
|    ep_rew_mean     | 534      |
| time/              |          |
|    episodes        | 244      |
|    fps             | 70       |
|    time_elapsed    | 3477     |
|    total_timesteps | 244000   |
| train/             |          |
|    actor_loss      | -147     |
|    critic_loss     | 0.479    |
|    ent_coef        | 0.0501   |
|    ent_coef_loss   | 0.438    |
|    learning_rate   | 0.0003   |
|    n_updates       | 242999   |
---------------------------------
---------------------------------
| rollout/           |          |
|    ep_len_mean     | 1e+03    |
|    ep_rew_mean     | 499      |
| time/              |          |
|    episodes        | 248      |
|    fps             | 70       |
|    time_elapsed    | 3528     |
|    total_timesteps | 248000   |
| train/             |          |
|    actor_loss      | -138     |
|    critic_loss     | 0.73     |
|    ent_coef        | 0.0623   |
|    ent_coef_loss   | 0.491    |
|    learning_rate   | 0.0003   |
|    n_updates       | 246999   |
---------------------------------
---------------------------------
| rollout/           |          |
|    ep_len_mean     | 1e+03    |
|    ep_rew_mean     | 486      |
| time/              |          |
|    episodes        | 252      |
|    fps             | 70       |
|    time_elapsed    | 3579     |
|    total_timesteps | 252000   |
| train/             |          |
|    actor_loss      | -130     |
|    critic_loss     | 0.56     |
|    ent_coef        | 0.0575   |
|    ent_coef_loss   | 1.22     |
|    learning_rate   | 0.0003   |
|    n_updates       | 250999   |
---------------------------------
---------------------------------
| rollout/           |          |
|    ep_len_mean     | 1e+03    |
|    ep_rew_mean     | 493      |
| time/              |          |
|    episodes        | 256      |
|    fps             | 70       |
|    time_elapsed    | 3628     |
|    total_timesteps | 256000   |
| train/             |          |
|    actor_loss      | -128     |
|    critic_loss     | 0.694    |
|    ent_coef        | 0.0435   |
|    ent_coef_loss   | -0.377   |
|    learning_rate   | 0.0003   |
|    n_updates       | 254999   |
---------------------------------
---------------------------------
| rollout/           |          |
|    ep_len_mean     | 1e+03    |
|    ep_rew_mean     | 492      |
| time/              |          |
|    episodes        | 260      |
|    fps             | 70       |
|    time_elapsed    | 3678     |
|    total_timesteps | 260000   |
| train/             |          |
|    actor_loss      | -126     |
|    critic_loss     | 1.47     |
|    ent_coef        | 0.0406   |
|    ent_coef_loss   | 0.657    |
|    learning_rate   | 0.0003   |
|    n_updates       | 258999   |
---------------------------------
---------------------------------
| rollout/           |          |
|    ep_len_mean     | 1e+03    |
|    ep_rew_mean     | 459      |
| time/              |          |
|    episodes        | 264      |
|    fps             | 70       |
|    time_elapsed    | 3729     |
|    total_timesteps | 264000   |
| train/             |          |
|    actor_loss      | -118     |
|    critic_loss     | 1.33     |
|    ent_coef        | 0.0428   |
|    ent_coef_loss   | 0.663    |
|    learning_rate   | 0.0003   |
|    n_updates       | 262999   |
---------------------------------
---------------------------------
| rollout/           |          |
|    ep_len_mean     | 1e+03    |
|    ep_rew_mean     | 459      |
| time/              |          |
|    episodes        | 268      |
|    fps             | 70       |
|    time_elapsed    | 3779     |
|    total_timesteps | 268000   |
| train/             |          |
|    actor_loss      | -118     |
|    critic_loss     | 0.443    |
|    ent_coef        | 0.0386   |
|    ent_coef_loss   | 0.764    |
|    learning_rate   | 0.0003   |
|    n_updates       | 266999   |
---------------------------------
---------------------------------
| rollout/           |          |
|    ep_len_mean     | 1e+03    |
|    ep_rew_mean     | 452      |
| time/              |          |
|    episodes        | 272      |
|    fps             | 71       |
|    time_elapsed    | 3829     |
|    total_timesteps | 272000   |
| train/             |          |
|    actor_loss      | -117     |
|    critic_loss     | 0.952    |
|    ent_coef        | 0.0374   |
|    ent_coef_loss   | 0.58     |
|    learning_rate   | 0.0003   |
|    n_updates       | 270999   |
---------------------------------
---------------------------------
| rollout/           |          |
|    ep_len_mean     | 1e+03    |
|    ep_rew_mean     | 459      |
| time/              |          |
|    episodes        | 276      |
|    fps             | 71       |
|    time_elapsed    | 3879     |
|    total_timesteps | 276000   |
| train/             |          |
|    actor_loss      | -119     |
|    critic_loss     | 0.399    |
|    ent_coef        | 0.0351   |
|    ent_coef_loss   | -0.643   |
|    learning_rate   | 0.0003   |
|    n_updates       | 274999   |
---------------------------------
---------------------------------
| rollout/           |          |
|    ep_len_mean     | 1e+03    |
|    ep_rew_mean     | 465      |
| time/              |          |
|    episodes        | 280      |
|    fps             | 71       |
|    time_elapsed    | 3930     |
|    total_timesteps | 280000   |
| train/             |          |
|    actor_loss      | -116     |
|    critic_loss     | 0.522    |
|    ent_coef        | 0.0434   |
|    ent_coef_loss   | 2.55     |
|    learning_rate   | 0.0003   |
|    n_updates       | 278999   |
---------------------------------
---------------------------------
| rollout/           |          |
|    ep_len_mean     | 1e+03    |
|    ep_rew_mean     | 470      |
| time/              |          |
|    episodes        | 284      |
|    fps             | 71       |
|    time_elapsed    | 3981     |
|    total_timesteps | 284000   |
| train/             |          |
|    actor_loss      | -118     |
|    critic_loss     | 0.448    |
|    ent_coef        | 0.036    |
|    ent_coef_loss   | 2.31     |
|    learning_rate   | 0.0003   |
|    n_updates       | 282999   |
---------------------------------
---------------------------------
| rollout/           |          |
|    ep_len_mean     | 1e+03    |
|    ep_rew_mean     | 475      |
| time/              |          |
|    episodes        | 288      |
|    fps             | 71       |
|    time_elapsed    | 4031     |
|    total_timesteps | 288000   |
| train/             |          |
|    actor_loss      | -111     |
|    critic_loss     | 3.81     |
|    ent_coef        | 0.0364   |
|    ent_coef_loss   | -1.99    |
|    learning_rate   | 0.0003   |
|    n_updates       | 286999   |
---------------------------------
---------------------------------
| rollout/           |          |
|    ep_len_mean     | 1e+03    |
|    ep_rew_mean     | 521      |
| time/              |          |
|    episodes        | 292      |
|    fps             | 71       |
|    time_elapsed    | 4083     |
|    total_timesteps | 292000   |
| train/             |          |
|    actor_loss      | -115     |
|    critic_loss     | 0.505    |
|    ent_coef        | 0.0451   |
|    ent_coef_loss   | -1.21    |
|    learning_rate   | 0.0003   |
|    n_updates       | 290999   |
---------------------------------
---------------------------------
| rollout/           |          |
|    ep_len_mean     | 1e+03    |
|    ep_rew_mean     | 537      |
| time/              |          |
|    episodes        | 296      |
|    fps             | 71       |
|    time_elapsed    | 4133     |
|    total_timesteps | 296000   |
| train/             |          |
|    actor_loss      | -111     |
|    critic_loss     | 0.22     |
|    ent_coef        | 0.0524   |
|    ent_coef_loss   | 1.25     |
|    learning_rate   | 0.0003   |
|    n_updates       | 294999   |
---------------------------------
---------------------------------
| rollout/           |          |
|    ep_len_mean     | 1e+03    |
|    ep_rew_mean     | 550      |
| time/              |          |
|    episodes        | 300      |
|    fps             | 71       |
|    time_elapsed    | 4183     |
|    total_timesteps | 300000   |
| train/             |          |
|    actor_loss      | -111     |
|    critic_loss     | 0.56     |
|    ent_coef        | 0.0532   |
|    ent_coef_loss   | 0.669    |
|    learning_rate   | 0.0003   |
|    n_updates       | 298999   |
---------------------------------
---------------------------------
| rollout/           |          |
|    ep_len_mean     | 1e+03    |
|    ep_rew_mean     | 563      |
| time/              |          |
|    episodes        | 304      |
|    fps             | 71       |
|    time_elapsed    | 4234     |
|    total_timesteps | 304000   |
| train/             |          |
|    actor_loss      | -115     |
|    critic_loss     | 0.989    |
|    ent_coef        | 0.0523   |
|    ent_coef_loss   | -1.45    |
|    learning_rate   | 0.0003   |
|    n_updates       | 302999   |
---------------------------------
---------------------------------
| rollout/           |          |
|    ep_len_mean     | 1e+03    |
|    ep_rew_mean     | 566      |
| time/              |          |
|    episodes        | 308      |
|    fps             | 71       |
|    time_elapsed    | 4285     |
|    total_timesteps | 308000   |
| train/             |          |
|    actor_loss      | -119     |
|    critic_loss     | 4.98     |
|    ent_coef        | 0.0496   |
|    ent_coef_loss   | 1.05     |
|    learning_rate   | 0.0003   |
|    n_updates       | 306999   |
---------------------------------
---------------------------------
| rollout/           |          |
|    ep_len_mean     | 1e+03    |
|    ep_rew_mean     | 570      |
| time/              |          |
|    episodes        | 312      |
|    fps             | 71       |
|    time_elapsed    | 4335     |
|    total_timesteps | 312000   |
| train/             |          |
|    actor_loss      | -127     |
|    critic_loss     | 0.96     |
|    ent_coef        | 0.054    |
|    ent_coef_loss   | 1.38     |
|    learning_rate   | 0.0003   |
|    n_updates       | 310999   |
---------------------------------
---------------------------------
| rollout/           |          |
|    ep_len_mean     | 1e+03    |
|    ep_rew_mean     | 557      |
| time/              |          |
|    episodes        | 316      |
|    fps             | 72       |
|    time_elapsed    | 4387     |
|    total_timesteps | 316000   |
| train/             |          |
|    actor_loss      | -126     |
|    critic_loss     | 0.243    |
|    ent_coef        | 0.0442   |
|    ent_coef_loss   | -0.226   |
|    learning_rate   | 0.0003   |
|    n_updates       | 314999   |
---------------------------------
---------------------------------
| rollout/           |          |
|    ep_len_mean     | 1e+03    |
|    ep_rew_mean     | 468      |
| time/              |          |
|    episodes        | 320      |
|    fps             | 72       |
|    time_elapsed    | 4438     |
|    total_timesteps | 320000   |
| train/             |          |
|    actor_loss      | -124     |
|    critic_loss     | 0.742    |
|    ent_coef        | 0.0434   |
|    ent_coef_loss   | 1.62     |
|    learning_rate   | 0.0003   |
|    n_updates       | 318999   |
---------------------------------
---------------------------------
| rollout/           |          |
|    ep_len_mean     | 1e+03    |
|    ep_rew_mean     | 517      |
| time/              |          |
|    episodes        | 324      |
|    fps             | 72       |
|    time_elapsed    | 4489     |
|    total_timesteps | 324000   |
| train/             |          |
|    actor_loss      | -122     |
|    critic_loss     | 0.468    |
|    ent_coef        | 0.0449   |
|    ent_coef_loss   | -0.277   |
|    learning_rate   | 0.0003   |
|    n_updates       | 322999   |
---------------------------------
---------------------------------
| rollout/           |          |
|    ep_len_mean     | 1e+03    |
|    ep_rew_mean     | 567      |
| time/              |          |
|    episodes        | 328      |
|    fps             | 72       |
|    time_elapsed    | 4539     |
|    total_timesteps | 328000   |
| train/             |          |
|    actor_loss      | -121     |
|    critic_loss     | 0.305    |
|    ent_coef        | 0.0466   |
|    ent_coef_loss   | -0.263   |
|    learning_rate   | 0.0003   |
|    n_updates       | 326999   |
---------------------------------
---------------------------------
| rollout/           |          |
|    ep_len_mean     | 1e+03    |
|    ep_rew_mean     | 581      |
| time/              |          |
|    episodes        | 332      |
|    fps             | 72       |
|    time_elapsed    | 4590     |
|    total_timesteps | 332000   |
| train/             |          |
|    actor_loss      | -118     |
|    critic_loss     | 0.653    |
|    ent_coef        | 0.0417   |
|    ent_coef_loss   | 0.098    |
|    learning_rate   | 0.0003   |
|    n_updates       | 330999   |
---------------------------------
---------------------------------
| rollout/           |          |
|    ep_len_mean     | 1e+03    |
|    ep_rew_mean     | 562      |
| time/              |          |
|    episodes        | 336      |
|    fps             | 72       |
|    time_elapsed    | 4642     |
|    total_timesteps | 336000   |
| train/             |          |
|    actor_loss      | -122     |
|    critic_loss     | 0.897    |
|    ent_coef        | 0.0554   |
|    ent_coef_loss   | 0.535    |
|    learning_rate   | 0.0003   |
|    n_updates       | 334999   |
---------------------------------
---------------------------------
| rollout/           |          |
|    ep_len_mean     | 1e+03    |
|    ep_rew_mean     | 620      |
| time/              |          |
|    episodes        | 340      |
|    fps             | 72       |
|    time_elapsed    | 4693     |
|    total_timesteps | 340000   |
| train/             |          |
|    actor_loss      | -123     |
|    critic_loss     | 0.7      |
|    ent_coef        | 0.0407   |
|    ent_coef_loss   | -0.242   |
|    learning_rate   | 0.0003   |
|    n_updates       | 338999   |
---------------------------------
---------------------------------
| rollout/           |          |
|    ep_len_mean     | 1e+03    |
|    ep_rew_mean     | 664      |
| time/              |          |
|    episodes        | 344      |
|    fps             | 72       |
|    time_elapsed    | 4744     |
|    total_timesteps | 344000   |
| train/             |          |
|    actor_loss      | -112     |
|    critic_loss     | 1.14     |
|    ent_coef        | 0.0398   |
|    ent_coef_loss   | 0.0979   |
|    learning_rate   | 0.0003   |
|    n_updates       | 342999   |
---------------------------------
---------------------------------
| rollout/           |          |
|    ep_len_mean     | 1e+03    |
|    ep_rew_mean     | 709      |
| time/              |          |
|    episodes        | 348      |
|    fps             | 72       |
|    time_elapsed    | 4795     |
|    total_timesteps | 348000   |
| train/             |          |
|    actor_loss      | -120     |
|    critic_loss     | 1.09     |
|    ent_coef        | 0.0403   |
|    ent_coef_loss   | -3.21    |
|    learning_rate   | 0.0003   |
|    n_updates       | 346999   |
---------------------------------
---------------------------------
| rollout/           |          |
|    ep_len_mean     | 1e+03    |
|    ep_rew_mean     | 735      |
| time/              |          |
|    episodes        | 352      |
|    fps             | 72       |
|    time_elapsed    | 4847     |
|    total_timesteps | 352000   |
| train/             |          |
|    actor_loss      | -115     |
|    critic_loss     | 0.573    |
|    ent_coef        | 0.0475   |
|    ent_coef_loss   | -1.55    |
|    learning_rate   | 0.0003   |
|    n_updates       | 350999   |
---------------------------------
---------------------------------
| rollout/           |          |
|    ep_len_mean     | 1e+03    |
|    ep_rew_mean     | 743      |
| time/              |          |
|    episodes        | 356      |
|    fps             | 72       |
|    time_elapsed    | 4898     |
|    total_timesteps | 356000   |
| train/             |          |
|    actor_loss      | -112     |
|    critic_loss     | 417      |
|    ent_coef        | 0.0318   |
|    ent_coef_loss   | 2.14     |
|    learning_rate   | 0.0003   |
|    n_updates       | 354999   |
---------------------------------
---------------------------------
| rollout/           |          |
|    ep_len_mean     | 1e+03    |
|    ep_rew_mean     | 761      |
| time/              |          |
|    episodes        | 360      |
|    fps             | 72       |
|    time_elapsed    | 4949     |
|    total_timesteps | 360000   |
| train/             |          |
|    actor_loss      | -115     |
|    critic_loss     | 0.206    |
|    ent_coef        | 0.0282   |
|    ent_coef_loss   | 1.13     |
|    learning_rate   | 0.0003   |
|    n_updates       | 358999   |
---------------------------------
---------------------------------
| rollout/           |          |
|    ep_len_mean     | 1e+03    |
|    ep_rew_mean     | 816      |
| time/              |          |
|    episodes        | 364      |
|    fps             | 72       |
|    time_elapsed    | 5001     |
|    total_timesteps | 364000   |
| train/             |          |
|    actor_loss      | -114     |
|    critic_loss     | 0.184    |
|    ent_coef        | 0.0347   |
|    ent_coef_loss   | -0.26    |
|    learning_rate   | 0.0003   |
|    n_updates       | 362999   |
---------------------------------
---------------------------------
| rollout/           |          |
|    ep_len_mean     | 1e+03    |
|    ep_rew_mean     | 821      |
| time/              |          |
|    episodes        | 368      |
|    fps             | 72       |
|    time_elapsed    | 5052     |
|    total_timesteps | 368000   |
| train/             |          |
|    actor_loss      | -114     |
|    critic_loss     | 0.561    |
|    ent_coef        | 0.0424   |
|    ent_coef_loss   | 0.286    |
|    learning_rate   | 0.0003   |
|    n_updates       | 366999   |
---------------------------------
---------------------------------
| rollout/           |          |
|    ep_len_mean     | 1e+03    |
|    ep_rew_mean     | 834      |
| time/              |          |
|    episodes        | 372      |
|    fps             | 72       |
|    time_elapsed    | 5103     |
|    total_timesteps | 372000   |
| train/             |          |
|    actor_loss      | -117     |
|    critic_loss     | 1.03     |
|    ent_coef        | 0.0425   |
|    ent_coef_loss   | -1.29    |
|    learning_rate   | 0.0003   |
|    n_updates       | 370999   |
---------------------------------
---------------------------------
| rollout/           |          |
|    ep_len_mean     | 1e+03    |
|    ep_rew_mean     | 846      |
| time/              |          |
|    episodes        | 376      |
|    fps             | 72       |
|    time_elapsed    | 5155     |
|    total_timesteps | 376000   |
| train/             |          |
|    actor_loss      | -120     |
|    critic_loss     | 0.742    |
|    ent_coef        | 0.0467   |
|    ent_coef_loss   | -0.0147  |
|    learning_rate   | 0.0003   |
|    n_updates       | 374999   |
---------------------------------
---------------------------------
| rollout/           |          |
|    ep_len_mean     | 1e+03    |
|    ep_rew_mean     | 856      |
| time/              |          |
|    episodes        | 380      |
|    fps             | 72       |
|    time_elapsed    | 5207     |
|    total_timesteps | 380000   |
| train/             |          |
|    actor_loss      | -118     |
|    critic_loss     | 0.774    |
|    ent_coef        | 0.0493   |
|    ent_coef_loss   | 0.524    |
|    learning_rate   | 0.0003   |
|    n_updates       | 378999   |
---------------------------------
---------------------------------
| rollout/           |          |
|    ep_len_mean     | 1e+03    |
|    ep_rew_mean     | 866      |
| time/              |          |
|    episodes        | 384      |
|    fps             | 73       |
|    time_elapsed    | 5257     |
|    total_timesteps | 384000   |
| train/             |          |
|    actor_loss      | -118     |
|    critic_loss     | 3.52     |
|    ent_coef        | 0.0442   |
|    ent_coef_loss   | -3.46    |
|    learning_rate   | 0.0003   |
|    n_updates       | 382999   |
---------------------------------
---------------------------------
| rollout/           |          |
|    ep_len_mean     | 1e+03    |
|    ep_rew_mean     | 875      |
| time/              |          |
|    episodes        | 388      |
|    fps             | 73       |
|    time_elapsed    | 5309     |
|    total_timesteps | 388000   |
| train/             |          |
|    actor_loss      | -121     |
|    critic_loss     | 1.27     |
|    ent_coef        | 0.0366   |
|    ent_coef_loss   | -0.156   |
|    learning_rate   | 0.0003   |
|    n_updates       | 386999   |
---------------------------------
---------------------------------
| rollout/           |          |
|    ep_len_mean     | 1e+03    |
|    ep_rew_mean     | 868      |
| time/              |          |
|    episodes        | 392      |
|    fps             | 73       |
|    time_elapsed    | 5361     |
|    total_timesteps | 392000   |
| train/             |          |
|    actor_loss      | -122     |
|    critic_loss     | 2.39     |
|    ent_coef        | 0.0378   |
|    ent_coef_loss   | 0.661    |
|    learning_rate   | 0.0003   |
|    n_updates       | 390999   |
---------------------------------
---------------------------------
| rollout/           |          |
|    ep_len_mean     | 1e+03    |
|    ep_rew_mean     | 854      |
| time/              |          |
|    episodes        | 396      |
|    fps             | 73       |
|    time_elapsed    | 5412     |
|    total_timesteps | 396000   |
| train/             |          |
|    actor_loss      | -128     |
|    critic_loss     | 1.35     |
|    ent_coef        | 0.0455   |
|    ent_coef_loss   | -4.86    |
|    learning_rate   | 0.0003   |
|    n_updates       | 394999   |
---------------------------------
---------------------------------
| rollout/           |          |
|    ep_len_mean     | 1e+03    |
|    ep_rew_mean     | 861      |
| time/              |          |
|    episodes        | 400      |
|    fps             | 73       |
|    time_elapsed    | 5463     |
|    total_timesteps | 400000   |
| train/             |          |
|    actor_loss      | -121     |
|    critic_loss     | 0.517    |
|    ent_coef        | 0.0264   |
|    ent_coef_loss   | 1.5      |
|    learning_rate   | 0.0003   |
|    n_updates       | 398999   |
---------------------------------
---------------------------------
| rollout/           |          |
|    ep_len_mean     | 1e+03    |
|    ep_rew_mean     | 867      |
| time/              |          |
|    episodes        | 404      |
|    fps             | 73       |
|    time_elapsed    | 5516     |
|    total_timesteps | 404000   |
| train/             |          |
|    actor_loss      | -124     |
|    critic_loss     | 1.46     |
|    ent_coef        | 0.0311   |
|    ent_coef_loss   | -0.716   |
|    learning_rate   | 0.0003   |
|    n_updates       | 402999   |
---------------------------------
---------------------------------
| rollout/           |          |
|    ep_len_mean     | 1e+03    |
|    ep_rew_mean     | 846      |
| time/              |          |
|    episodes        | 408      |
|    fps             | 73       |
|    time_elapsed    | 5567     |
|    total_timesteps | 408000   |
| train/             |          |
|    actor_loss      | -124     |
|    critic_loss     | 0.319    |
|    ent_coef        | 0.0498   |
|    ent_coef_loss   | 2.99     |
|    learning_rate   | 0.0003   |
|    n_updates       | 406999   |
---------------------------------
---------------------------------
| rollout/           |          |
|    ep_len_mean     | 1e+03    |
|    ep_rew_mean     | 857      |
| time/              |          |
|    episodes        | 412      |
|    fps             | 73       |
|    time_elapsed    | 5618     |
|    total_timesteps | 412000   |
| train/             |          |
|    actor_loss      | -121     |
|    critic_loss     | 183      |
|    ent_coef        | 0.0284   |
|    ent_coef_loss   | 0.213    |
|    learning_rate   | 0.0003   |
|    n_updates       | 410999   |
---------------------------------
---------------------------------
| rollout/           |          |
|    ep_len_mean     | 1e+03    |
|    ep_rew_mean     | 881      |
| time/              |          |
|    episodes        | 416      |
|    fps             | 73       |
|    time_elapsed    | 5670     |
|    total_timesteps | 416000   |
| train/             |          |
|    actor_loss      | -128     |
|    critic_loss     | 0.384    |
|    ent_coef        | 0.0349   |
|    ent_coef_loss   | -0.141   |
|    learning_rate   | 0.0003   |
|    n_updates       | 414999   |
---------------------------------
---------------------------------
| rollout/           |          |
|    ep_len_mean     | 1e+03    |
|    ep_rew_mean     | 975      |
| time/              |          |
|    episodes        | 420      |
|    fps             | 73       |
|    time_elapsed    | 5723     |
|    total_timesteps | 420000   |
| train/             |          |
|    actor_loss      | -124     |
|    critic_loss     | 0.445    |
|    ent_coef        | 0.0344   |
|    ent_coef_loss   | 0.782    |
|    learning_rate   | 0.0003   |
|    n_updates       | 418999   |
---------------------------------
---------------------------------
| rollout/           |          |
|    ep_len_mean     | 1e+03    |
|    ep_rew_mean     | 937      |
| time/              |          |
|    episodes        | 424      |
|    fps             | 73       |
|    time_elapsed    | 5777     |
|    total_timesteps | 424000   |
| train/             |          |
|    actor_loss      | -127     |
|    critic_loss     | 0.418    |
|    ent_coef        | 0.0333   |
|    ent_coef_loss   | -0.676   |
|    learning_rate   | 0.0003   |
|    n_updates       | 422999   |
---------------------------------
---------------------------------
| rollout/           |          |
|    ep_len_mean     | 1e+03    |
|    ep_rew_mean     | 928      |
| time/              |          |
|    episodes        | 428      |
|    fps             | 73       |
|    time_elapsed    | 5829     |
|    total_timesteps | 428000   |
| train/             |          |
|    actor_loss      | -123     |
|    critic_loss     | 221      |
|    ent_coef        | 0.0608   |
|    ent_coef_loss   | 0.482    |
|    learning_rate   | 0.0003   |
|    n_updates       | 426999   |
---------------------------------
---------------------------------
| rollout/           |          |
|    ep_len_mean     | 1e+03    |
|    ep_rew_mean     | 946      |
| time/              |          |
|    episodes        | 432      |
|    fps             | 73       |
|    time_elapsed    | 5884     |
|    total_timesteps | 432000   |
| train/             |          |
|    actor_loss      | -120     |
|    critic_loss     | 0.292    |
|    ent_coef        | 0.0484   |
|    ent_coef_loss   | 1.32     |
|    learning_rate   | 0.0003   |
|    n_updates       | 430999   |
---------------------------------
---------------------------------
| rollout/           |          |
|    ep_len_mean     | 1e+03    |
|    ep_rew_mean     | 995      |
| time/              |          |
|    episodes        | 436      |
|    fps             | 73       |
|    time_elapsed    | 5936     |
|    total_timesteps | 436000   |
| train/             |          |
|    actor_loss      | -122     |
|    critic_loss     | 0.66     |
|    ent_coef        | 0.0523   |
|    ent_coef_loss   | 4.22     |
|    learning_rate   | 0.0003   |
|    n_updates       | 434999   |
---------------------------------
---------------------------------
| rollout/           |          |
|    ep_len_mean     | 1e+03    |
|    ep_rew_mean     | 1.01e+03 |
| time/              |          |
|    episodes        | 440      |
|    fps             | 73       |
|    time_elapsed    | 5993     |
|    total_timesteps | 440000   |
| train/             |          |
|    actor_loss      | -125     |
|    critic_loss     | 0.969    |
|    ent_coef        | 0.0358   |
|    ent_coef_loss   | 2.06     |
|    learning_rate   | 0.0003   |
|    n_updates       | 438999   |
---------------------------------
---------------------------------
| rollout/           |          |
|    ep_len_mean     | 1e+03    |
|    ep_rew_mean     | 1.01e+03 |
| time/              |          |
|    episodes        | 444      |
|    fps             | 73       |
|    time_elapsed    | 6063     |
|    total_timesteps | 444000   |
| train/             |          |
|    actor_loss      | -124     |
|    critic_loss     | 0.266    |
|    ent_coef        | 0.0334   |
|    ent_coef_loss   | 0.61     |
|    learning_rate   | 0.0003   |
|    n_updates       | 442999   |
---------------------------------
---------------------------------
| rollout/           |          |
|    ep_len_mean     | 1e+03    |
|    ep_rew_mean     | 996      |
| time/              |          |
|    episodes        | 448      |
|    fps             | 73       |
|    time_elapsed    | 6136     |
|    total_timesteps | 448000   |
| train/             |          |
|    actor_loss      | -136     |
|    critic_loss     | 0.722    |
|    ent_coef        | 0.0387   |
|    ent_coef_loss   | 0.647    |
|    learning_rate   | 0.0003   |
|    n_updates       | 446999   |
---------------------------------
---------------------------------
| rollout/           |          |
|    ep_len_mean     | 1e+03    |
|    ep_rew_mean     | 990      |
| time/              |          |
|    episodes        | 452      |
|    fps             | 72       |
|    time_elapsed    | 6209     |
|    total_timesteps | 452000   |
| train/             |          |
|    actor_loss      | -132     |
|    critic_loss     | 0.328    |
|    ent_coef        | 0.0371   |
|    ent_coef_loss   | 1.47     |
|    learning_rate   | 0.0003   |
|    n_updates       | 450999   |
---------------------------------
---------------------------------
| rollout/           |          |
|    ep_len_mean     | 1e+03    |
|    ep_rew_mean     | 975      |
| time/              |          |
|    episodes        | 456      |
|    fps             | 72       |
|    time_elapsed    | 6283     |
|    total_timesteps | 456000   |
| train/             |          |
|    actor_loss      | -140     |
|    critic_loss     | 0.453    |
|    ent_coef        | 0.0328   |
|    ent_coef_loss   | -0.791   |
|    learning_rate   | 0.0003   |
|    n_updates       | 454999   |
---------------------------------
---------------------------------
| rollout/           |          |
|    ep_len_mean     | 1e+03    |
|    ep_rew_mean     | 950      |
| time/              |          |
|    episodes        | 460      |
|    fps             | 72       |
|    time_elapsed    | 6357     |
|    total_timesteps | 460000   |
| train/             |          |
|    actor_loss      | -142     |
|    critic_loss     | 0.41     |
|    ent_coef        | 0.0421   |
|    ent_coef_loss   | 1.11     |
|    learning_rate   | 0.0003   |
|    n_updates       | 458999   |
---------------------------------
---------------------------------
| rollout/           |          |
|    ep_len_mean     | 1e+03    |
|    ep_rew_mean     | 936      |
| time/              |          |
|    episodes        | 464      |
|    fps             | 72       |
|    time_elapsed    | 6430     |
|    total_timesteps | 464000   |
| train/             |          |
|    actor_loss      | -151     |
|    critic_loss     | 0.427    |
|    ent_coef        | 0.0354   |
|    ent_coef_loss   | -0.67    |
|    learning_rate   | 0.0003   |
|    n_updates       | 462999   |
---------------------------------
---------------------------------
| rollout/           |          |
|    ep_len_mean     | 1e+03    |
|    ep_rew_mean     | 920      |
| time/              |          |
|    episodes        | 468      |
|    fps             | 71       |
|    time_elapsed    | 6502     |
|    total_timesteps | 468000   |
| train/             |          |
|    actor_loss      | -144     |
|    critic_loss     | 1.14     |
|    ent_coef        | 0.0364   |
|    ent_coef_loss   | -0.0214  |
|    learning_rate   | 0.0003   |
|    n_updates       | 466999   |
---------------------------------
---------------------------------
| rollout/           |          |
|    ep_len_mean     | 1e+03    |
|    ep_rew_mean     | 899      |
| time/              |          |
|    episodes        | 472      |
|    fps             | 71       |
|    time_elapsed    | 6575     |
|    total_timesteps | 472000   |
| train/             |          |
|    actor_loss      | -137     |
|    critic_loss     | 0.234    |
|    ent_coef        | 0.0202   |
|    ent_coef_loss   | -0.0477  |
|    learning_rate   | 0.0003   |
|    n_updates       | 470999   |
---------------------------------
---------------------------------
| rollout/           |          |
|    ep_len_mean     | 1e+03    |
|    ep_rew_mean     | 884      |
| time/              |          |
|    episodes        | 476      |
|    fps             | 71       |
|    time_elapsed    | 6649     |
|    total_timesteps | 476000   |
| train/             |          |
|    actor_loss      | -137     |
|    critic_loss     | 349      |
|    ent_coef        | 0.0218   |
|    ent_coef_loss   | -1.14    |
|    learning_rate   | 0.0003   |
|    n_updates       | 474999   |
---------------------------------
---------------------------------
| rollout/           |          |
|    ep_len_mean     | 1e+03    |
|    ep_rew_mean     | 881      |
| time/              |          |
|    episodes        | 480      |
|    fps             | 71       |
|    time_elapsed    | 6722     |
|    total_timesteps | 480000   |
| train/             |          |
|    actor_loss      | -125     |
|    critic_loss     | 1.22     |
|    ent_coef        | 0.0215   |
|    ent_coef_loss   | 0.838    |
|    learning_rate   | 0.0003   |
|    n_updates       | 478999   |
---------------------------------
---------------------------------
| rollout/           |          |
|    ep_len_mean     | 1e+03    |
|    ep_rew_mean     | 885      |
| time/              |          |
|    episodes        | 484      |
|    fps             | 71       |
|    time_elapsed    | 6795     |
|    total_timesteps | 484000   |
| train/             |          |
|    actor_loss      | -125     |
|    critic_loss     | 0.448    |
|    ent_coef        | 0.0212   |
|    ent_coef_loss   | -1.22    |
|    learning_rate   | 0.0003   |
|    n_updates       | 482999   |
---------------------------------
---------------------------------
| rollout/           |          |
|    ep_len_mean     | 1e+03    |
|    ep_rew_mean     | 881      |
| time/              |          |
|    episodes        | 488      |
|    fps             | 71       |
|    time_elapsed    | 6868     |
|    total_timesteps | 488000   |
| train/             |          |
|    actor_loss      | -129     |
|    critic_loss     | 0.384    |
|    ent_coef        | 0.0224   |
|    ent_coef_loss   | 0.282    |
|    learning_rate   | 0.0003   |
|    n_updates       | 486999   |
---------------------------------
---------------------------------
| rollout/           |          |
|    ep_len_mean     | 1e+03    |
|    ep_rew_mean     | 898      |
| time/              |          |
|    episodes        | 492      |
|    fps             | 70       |
|    time_elapsed    | 6940     |
|    total_timesteps | 492000   |
| train/             |          |
|    actor_loss      | -126     |
|    critic_loss     | 0.2      |
|    ent_coef        | 0.0295   |
|    ent_coef_loss   | -0.568   |
|    learning_rate   | 0.0003   |
|    n_updates       | 490999   |
---------------------------------
---------------------------------
| rollout/           |          |
|    ep_len_mean     | 1e+03    |
|    ep_rew_mean     | 922      |
| time/              |          |
|    episodes        | 496      |
|    fps             | 70       |
|    time_elapsed    | 7012     |
|    total_timesteps | 496000   |
| train/             |          |
|    actor_loss      | -130     |
|    critic_loss     | 0.864    |
|    ent_coef        | 0.0374   |
|    ent_coef_loss   | 4        |
|    learning_rate   | 0.0003   |
|    n_updates       | 494999   |
---------------------------------
---------------------------------
| rollout/           |          |
|    ep_len_mean     | 1e+03    |
|    ep_rew_mean     | 922      |
| time/              |          |
|    episodes        | 500      |
|    fps             | 70       |
|    time_elapsed    | 7084     |
|    total_timesteps | 500000   |
| train/             |          |
|    actor_loss      | -130     |
|    critic_loss     | 0.212    |
|    ent_coef        | 0.0302   |
|    ent_coef_loss   | 0.446    |
|    learning_rate   | 0.0003   |
|    n_updates       | 498999   |
---------------------------------
[2026-06-22T14:17:14] Training complete in 7084.6s
[2026-06-22T14:17:14] Episodes: 500
[2026-06-22T14:17:14] Best reward: 1342.44
[2026-06-22T14:17:14] Mean reward (100ep): 921.92
[2026-06-22T14:17:14] Final goal tolerance: 0.6
[2026-06-22T14:17:14] Curriculum stage: 0
[2026-06-22T14:17:14] Saved: {'model': 'C:\\Users\\ranjo\\OneDrive\\Desktop\\ARM-Model\\project_assets\\outputs\\Parallel_Seeds\\seed_005\\sac_model', 'history': 'C:\\Users\\ranjo\\OneDrive\\Desktop\\ARM-Model\\project_assets\\outputs\\Parallel_Seeds\\seed_005\\training_history.csv', 'stats': 'C:\\Users\\ranjo\\OneDrive\\Desktop\\ARM-Model\\project_assets\\outputs\\Parallel_Seeds\\seed_005\\training_stats.json'}
[2026-06-22T14:17:14] Running Fitts' Law sweep (10 trials per condition)...
[2026-06-22T14:17:41] Fitts sweep complete in 26.8s
[2026-06-22T14:17:41] Fitts: MT = +0.0089 + +0.1500 * ID, R^2 = 0.2320 (n_conditions = 12, trials_per_condition = 10)
[2026-06-22T14:17:41] Saved: C:\Users\ranjo\OneDrive\Desktop\ARM-Model\project_assets\outputs\Parallel_Seeds\seed_005\fitts_law.json
[2026-06-22T14:17:41] Saved: C:\Users\ranjo\OneDrive\Desktop\ARM-Model\project_assets\outputs\Parallel_Seeds\seed_005\fitts_law.png
[2026-06-22T14:17:41] Running 2/3 Power Law sweep (20 trials)...
[2026-06-22T14:17:43] Power Law sweep complete in 1.7s
[2026-06-22T14:17:43] Power Law: log V = -0.1819 + -0.5680 * log C, R = -0.6729, R^2 = 0.4528 (n_samples = 3338, n_trials = 0/20)
[2026-06-22T14:17:43] Saved: C:\Users\ranjo\OneDrive\Desktop\ARM-Model\project_assets\outputs\Parallel_Seeds\seed_005\power_law.json
[2026-06-22T14:17:43] Saved: C:\Users\ranjo\OneDrive\Desktop\ARM-Model\project_assets\outputs\Parallel_Seeds\seed_005\power_law.png
[2026-06-22T14:17:43] Session complete. Total wall time: 1:58:35.365565
[2026-06-22T14:17:43] ============================================================
