[2026-06-21T18:02:00] Starting Fischer session: algorithm=SAC, timesteps=500,000, direction=EAST, actuation=muscle, waypoints=[[2.3, -1.0], [1.0, 1.5], [2.5, 0.0]]
[2026-06-21T18:02:00] Save dir: C:\Users\ranjo\OneDrive\Desktop\ARM-Model\project_assets\outputs\Parallel_Seeds\seed_03
[2026-06-21T18:02:00] Waypoint mode active: 3 waypoints, current_waypoint_index=0 at every episode reset
Using cpu device
Wrapping the env with a `Monitor` wrapper
Wrapping the env in a DummyVecEnv.
----------------------------------
| rollout/           |           |
|    ep_len_mean     | 1e+03     |
|    ep_rew_mean     | -4.29e+03 |
| time/              |           |
|    episodes        | 4         |
|    fps             | 41        |
|    time_elapsed    | 97        |
|    total_timesteps | 4000      |
| train/             |           |
|    actor_loss      | 40.8      |
|    critic_loss     | 18.8      |
|    ent_coef        | 0.412     |
|    ent_coef_loss   | -5.14     |
|    learning_rate   | 0.0003    |
|    n_updates       | 2999      |
----------------------------------
----------------------------------
| rollout/           |           |
|    ep_len_mean     | 1e+03     |
|    ep_rew_mean     | -2.66e+03 |
| time/              |           |
|    episodes        | 8         |
|    fps             | 37        |
|    time_elapsed    | 215       |
|    total_timesteps | 8000      |
| train/             |           |
|    actor_loss      | 40        |
|    critic_loss     | 17.7      |
|    ent_coef        | 0.147     |
|    ent_coef_loss   | -5.05     |
|    learning_rate   | 0.0003    |
|    n_updates       | 6999      |
----------------------------------
----------------------------------
| rollout/           |           |
|    ep_len_mean     | 1e+03     |
|    ep_rew_mean     | -2.13e+03 |
| time/              |           |
|    episodes        | 12        |
|    fps             | 36        |
|    time_elapsed    | 331       |
|    total_timesteps | 12000     |
| train/             |           |
|    actor_loss      | 19.4      |
|    critic_loss     | 6.32      |
|    ent_coef        | 0.109     |
|    ent_coef_loss   | 0.178     |
|    learning_rate   | 0.0003    |
|    n_updates       | 10999     |
----------------------------------
----------------------------------
| rollout/           |           |
|    ep_len_mean     | 1e+03     |
|    ep_rew_mean     | -1.86e+03 |
| time/              |           |
|    episodes        | 16        |
|    fps             | 36        |
|    time_elapsed    | 438       |
|    total_timesteps | 16000     |
| train/             |           |
|    actor_loss      | -10.4     |
|    critic_loss     | 7.45      |
|    ent_coef        | 0.226     |
|    ent_coef_loss   | 1.57      |
|    learning_rate   | 0.0003    |
|    n_updates       | 14999     |
----------------------------------
----------------------------------
| rollout/           |           |
|    ep_len_mean     | 1e+03     |
|    ep_rew_mean     | -1.63e+03 |
| time/              |           |
|    episodes        | 20        |
|    fps             | 36        |
|    time_elapsed    | 545       |
|    total_timesteps | 20000     |
| train/             |           |
|    actor_loss      | -43.7     |
|    critic_loss     | 9.61      |
|    ent_coef        | 0.278     |
|    ent_coef_loss   | 0.392     |
|    learning_rate   | 0.0003    |
|    n_updates       | 18999     |
----------------------------------
----------------------------------
| rollout/           |           |
|    ep_len_mean     | 1e+03     |
|    ep_rew_mean     | -1.58e+03 |
| time/              |           |
|    episodes        | 24        |
|    fps             | 36        |
|    time_elapsed    | 653       |
|    total_timesteps | 24000     |
| train/             |           |
|    actor_loss      | -68.6     |
|    critic_loss     | 198       |
|    ent_coef        | 0.192     |
|    ent_coef_loss   | -0.0606   |
|    learning_rate   | 0.0003    |
|    n_updates       | 22999     |
----------------------------------
----------------------------------
| rollout/           |           |
|    ep_len_mean     | 1e+03     |
|    ep_rew_mean     | -1.47e+03 |
| time/              |           |
|    episodes        | 28        |
|    fps             | 36        |
|    time_elapsed    | 760       |
|    total_timesteps | 28000     |
| train/             |           |
|    actor_loss      | -88.7     |
|    critic_loss     | 4.11      |
|    ent_coef        | 0.203     |
|    ent_coef_loss   | -0.141    |
|    learning_rate   | 0.0003    |
|    n_updates       | 26999     |
----------------------------------
----------------------------------
| rollout/           |           |
|    ep_len_mean     | 1e+03     |
|    ep_rew_mean     | -1.18e+03 |
| time/              |           |
|    episodes        | 32        |
|    fps             | 36        |
|    time_elapsed    | 867       |
|    total_timesteps | 32000     |
| train/             |           |
|    actor_loss      | -99.1     |
|    critic_loss     | 4.68      |
|    ent_coef        | 0.131     |
|    ent_coef_loss   | 0.176     |
|    learning_rate   | 0.0003    |
|    n_updates       | 30999     |
----------------------------------
----------------------------------
| rollout/           |           |
|    ep_len_mean     | 1e+03     |
|    ep_rew_mean     | -1.12e+03 |
| time/              |           |
|    episodes        | 36        |
|    fps             | 36        |
|    time_elapsed    | 974       |
|    total_timesteps | 36000     |
| train/             |           |
|    actor_loss      | -101      |
|    critic_loss     | 3.99      |
|    ent_coef        | 0.138     |
|    ent_coef_loss   | 0.526     |
|    learning_rate   | 0.0003    |
|    n_updates       | 34999     |
----------------------------------
----------------------------------
| rollout/           |           |
|    ep_len_mean     | 1e+03     |
|    ep_rew_mean     | -1.03e+03 |
| time/              |           |
|    episodes        | 40        |
|    fps             | 36        |
|    time_elapsed    | 1081      |
|    total_timesteps | 40000     |
| train/             |           |
|    actor_loss      | -100      |
|    critic_loss     | 4.57      |
|    ent_coef        | 0.154     |
|    ent_coef_loss   | 0.216     |
|    learning_rate   | 0.0003    |
|    n_updates       | 38999     |
----------------------------------
---------------------------------
| rollout/           |          |
|    ep_len_mean     | 1e+03    |
|    ep_rew_mean     | -943     |
| time/              |          |
|    episodes        | 44       |
|    fps             | 36       |
|    time_elapsed    | 1189     |
|    total_timesteps | 44000    |
| train/             |          |
|    actor_loss      | -84.8    |
|    critic_loss     | 4.58     |
|    ent_coef        | 0.14     |
|    ent_coef_loss   | 1.61     |
|    learning_rate   | 0.0003   |
|    n_updates       | 42999    |
---------------------------------
---------------------------------
| rollout/           |          |
|    ep_len_mean     | 1e+03    |
|    ep_rew_mean     | -907     |
| time/              |          |
|    episodes        | 48       |
|    fps             | 37       |
|    time_elapsed    | 1296     |
|    total_timesteps | 48000    |
| train/             |          |
|    actor_loss      | -90.2    |
|    critic_loss     | 2.76     |
|    ent_coef        | 0.127    |
|    ent_coef_loss   | 0.807    |
|    learning_rate   | 0.0003   |
|    n_updates       | 46999    |
---------------------------------
---------------------------------
| rollout/           |          |
|    ep_len_mean     | 1e+03    |
|    ep_rew_mean     | -846     |
| time/              |          |
|    episodes        | 52       |
|    fps             | 37       |
|    time_elapsed    | 1405     |
|    total_timesteps | 52000    |
| train/             |          |
|    actor_loss      | -87.6    |
|    critic_loss     | 6.48     |
|    ent_coef        | 0.139    |
|    ent_coef_loss   | 0.872    |
|    learning_rate   | 0.0003   |
|    n_updates       | 50999    |
---------------------------------
---------------------------------
| rollout/           |          |
|    ep_len_mean     | 1e+03    |
|    ep_rew_mean     | -767     |
| time/              |          |
|    episodes        | 56       |
|    fps             | 36       |
|    time_elapsed    | 1513     |
|    total_timesteps | 56000    |
| train/             |          |
|    actor_loss      | -81.4    |
|    critic_loss     | 2.69     |
|    ent_coef        | 0.106    |
|    ent_coef_loss   | 0.00802  |
|    learning_rate   | 0.0003   |
|    n_updates       | 54999    |
---------------------------------
---------------------------------
| rollout/           |          |
|    ep_len_mean     | 1e+03    |
|    ep_rew_mean     | -671     |
| time/              |          |
|    episodes        | 60       |
|    fps             | 36       |
|    time_elapsed    | 1623     |
|    total_timesteps | 60000    |
| train/             |          |
|    actor_loss      | -88.3    |
|    critic_loss     | 3.27     |
|    ent_coef        | 0.0994   |
|    ent_coef_loss   | -0.754   |
|    learning_rate   | 0.0003   |
|    n_updates       | 58999    |
---------------------------------
---------------------------------
| rollout/           |          |
|    ep_len_mean     | 1e+03    |
|    ep_rew_mean     | -623     |
| time/              |          |
|    episodes        | 64       |
|    fps             | 36       |
|    time_elapsed    | 1733     |
|    total_timesteps | 64000    |
| train/             |          |
|    actor_loss      | -79.2    |
|    critic_loss     | 29.3     |
|    ent_coef        | 0.106    |
|    ent_coef_loss   | -0.714   |
|    learning_rate   | 0.0003   |
|    n_updates       | 62999    |
---------------------------------
---------------------------------
| rollout/           |          |
|    ep_len_mean     | 1e+03    |
|    ep_rew_mean     | -581     |
| time/              |          |
|    episodes        | 68       |
|    fps             | 36       |
|    time_elapsed    | 1843     |
|    total_timesteps | 68000    |
| train/             |          |
|    actor_loss      | -79.3    |
|    critic_loss     | 4.55     |
|    ent_coef        | 0.106    |
|    ent_coef_loss   | 2.11     |
|    learning_rate   | 0.0003   |
|    n_updates       | 66999    |
---------------------------------
---------------------------------
| rollout/           |          |
|    ep_len_mean     | 1e+03    |
|    ep_rew_mean     | -549     |
| time/              |          |
|    episodes        | 72       |
|    fps             | 36       |
|    time_elapsed    | 1954     |
|    total_timesteps | 72000    |
| train/             |          |
|    actor_loss      | -76.5    |
|    critic_loss     | 149      |
|    ent_coef        | 0.0852   |
|    ent_coef_loss   | -0.0858  |
|    learning_rate   | 0.0003   |
|    n_updates       | 70999    |
---------------------------------
---------------------------------
| rollout/           |          |
|    ep_len_mean     | 1e+03    |
|    ep_rew_mean     | -519     |
| time/              |          |
|    episodes        | 76       |
|    fps             | 36       |
|    time_elapsed    | 2064     |
|    total_timesteps | 76000    |
| train/             |          |
|    actor_loss      | -75.9    |
|    critic_loss     | 2.49     |
|    ent_coef        | 0.082    |
|    ent_coef_loss   | 0.388    |
|    learning_rate   | 0.0003   |
|    n_updates       | 74999    |
---------------------------------
---------------------------------
| rollout/           |          |
|    ep_len_mean     | 1e+03    |
|    ep_rew_mean     | -486     |
| time/              |          |
|    episodes        | 80       |
|    fps             | 36       |
|    time_elapsed    | 2175     |
|    total_timesteps | 80000    |
| train/             |          |
|    actor_loss      | -71      |
|    critic_loss     | 2.9      |
|    ent_coef        | 0.117    |
|    ent_coef_loss   | 1.4      |
|    learning_rate   | 0.0003   |
|    n_updates       | 78999    |
---------------------------------
---------------------------------
| rollout/           |          |
|    ep_len_mean     | 1e+03    |
|    ep_rew_mean     | -435     |
| time/              |          |
|    episodes        | 84       |
|    fps             | 36       |
|    time_elapsed    | 2286     |
|    total_timesteps | 84000    |
| train/             |          |
|    actor_loss      | -77.8    |
|    critic_loss     | 2.17     |
|    ent_coef        | 0.0908   |
|    ent_coef_loss   | 0.347    |
|    learning_rate   | 0.0003   |
|    n_updates       | 82999    |
---------------------------------
---------------------------------
| rollout/           |          |
|    ep_len_mean     | 1e+03    |
|    ep_rew_mean     | -394     |
| time/              |          |
|    episodes        | 88       |
|    fps             | 36       |
|    time_elapsed    | 2397     |
|    total_timesteps | 88000    |
| train/             |          |
|    actor_loss      | -69.7    |
|    critic_loss     | 3.49     |
|    ent_coef        | 0.0889   |
|    ent_coef_loss   | -0.294   |
|    learning_rate   | 0.0003   |
|    n_updates       | 86999    |
---------------------------------
---------------------------------
| rollout/           |          |
|    ep_len_mean     | 1e+03    |
|    ep_rew_mean     | -352     |
| time/              |          |
|    episodes        | 92       |
|    fps             | 36       |
|    time_elapsed    | 2507     |
|    total_timesteps | 92000    |
| train/             |          |
|    actor_loss      | -80.3    |
|    critic_loss     | 2.75     |
|    ent_coef        | 0.0848   |
|    ent_coef_loss   | 0.118    |
|    learning_rate   | 0.0003   |
|    n_updates       | 90999    |
---------------------------------
---------------------------------
| rollout/           |          |
|    ep_len_mean     | 1e+03    |
|    ep_rew_mean     | -309     |
| time/              |          |
|    episodes        | 96       |
|    fps             | 36       |
|    time_elapsed    | 2618     |
|    total_timesteps | 96000    |
| train/             |          |
|    actor_loss      | -74.2    |
|    critic_loss     | 2.74     |
|    ent_coef        | 0.0857   |
|    ent_coef_loss   | 0.792    |
|    learning_rate   | 0.0003   |
|    n_updates       | 94999    |
---------------------------------
---------------------------------
| rollout/           |          |
|    ep_len_mean     | 1e+03    |
|    ep_rew_mean     | -289     |
| time/              |          |
|    episodes        | 100      |
|    fps             | 36       |
|    time_elapsed    | 2728     |
|    total_timesteps | 100000   |
| train/             |          |
|    actor_loss      | -76.2    |
|    critic_loss     | 1.85     |
|    ent_coef        | 0.0888   |
|    ent_coef_loss   | 0.12     |
|    learning_rate   | 0.0003   |
|    n_updates       | 98999    |
---------------------------------
---------------------------------
| rollout/           |          |
|    ep_len_mean     | 1e+03    |
|    ep_rew_mean     | -95.6    |
| time/              |          |
|    episodes        | 104      |
|    fps             | 36       |
|    time_elapsed    | 2838     |
|    total_timesteps | 104000   |
| train/             |          |
|    actor_loss      | -76.1    |
|    critic_loss     | 2.07     |
|    ent_coef        | 0.0825   |
|    ent_coef_loss   | 0.388    |
|    learning_rate   | 0.0003   |
|    n_updates       | 102999   |
---------------------------------
---------------------------------
| rollout/           |          |
|    ep_len_mean     | 1e+03    |
|    ep_rew_mean     | -29.3    |
| time/              |          |
|    episodes        | 108      |
|    fps             | 36       |
|    time_elapsed    | 2949     |
|    total_timesteps | 108000   |
| train/             |          |
|    actor_loss      | -79.5    |
|    critic_loss     | 1.69     |
|    ent_coef        | 0.0779   |
|    ent_coef_loss   | -0.18    |
|    learning_rate   | 0.0003   |
|    n_updates       | 106999   |
---------------------------------
---------------------------------
| rollout/           |          |
|    ep_len_mean     | 1e+03    |
|    ep_rew_mean     | 28.2     |
| time/              |          |
|    episodes        | 112      |
|    fps             | 36       |
|    time_elapsed    | 3060     |
|    total_timesteps | 112000   |
| train/             |          |
|    actor_loss      | -75.8    |
|    critic_loss     | 1.82     |
|    ent_coef        | 0.0753   |
|    ent_coef_loss   | -0.514   |
|    learning_rate   | 0.0003   |
|    n_updates       | 110999   |
---------------------------------
---------------------------------
| rollout/           |          |
|    ep_len_mean     | 1e+03    |
|    ep_rew_mean     | 97       |
| time/              |          |
|    episodes        | 116      |
|    fps             | 36       |
|    time_elapsed    | 3170     |
|    total_timesteps | 116000   |
| train/             |          |
|    actor_loss      | -68      |
|    critic_loss     | 1.81     |
|    ent_coef        | 0.0744   |
|    ent_coef_loss   | 0.216    |
|    learning_rate   | 0.0003   |
|    n_updates       | 114999   |
---------------------------------
---------------------------------
| rollout/           |          |
|    ep_len_mean     | 1e+03    |
|    ep_rew_mean     | 156      |
| time/              |          |
|    episodes        | 120      |
|    fps             | 36       |
|    time_elapsed    | 3280     |
|    total_timesteps | 120000   |
| train/             |          |
|    actor_loss      | -73.4    |
|    critic_loss     | 7.18     |
|    ent_coef        | 0.0729   |
|    ent_coef_loss   | -0.473   |
|    learning_rate   | 0.0003   |
|    n_updates       | 118999   |
---------------------------------
---------------------------------
| rollout/           |          |
|    ep_len_mean     | 1e+03    |
|    ep_rew_mean     | 194      |
| time/              |          |
|    episodes        | 124      |
|    fps             | 36       |
|    time_elapsed    | 3391     |
|    total_timesteps | 124000   |
| train/             |          |
|    actor_loss      | -77.8    |
|    critic_loss     | 2.03     |
|    ent_coef        | 0.0797   |
|    ent_coef_loss   | -0.361   |
|    learning_rate   | 0.0003   |
|    n_updates       | 122999   |
---------------------------------
---------------------------------
| rollout/           |          |
|    ep_len_mean     | 1e+03    |
|    ep_rew_mean     | 187      |
| time/              |          |
|    episodes        | 128      |
|    fps             | 36       |
|    time_elapsed    | 3502     |
|    total_timesteps | 128000   |
| train/             |          |
|    actor_loss      | -88.7    |
|    critic_loss     | 1.7      |
|    ent_coef        | 0.0748   |
|    ent_coef_loss   | 0.0652   |
|    learning_rate   | 0.0003   |
|    n_updates       | 126999   |
---------------------------------
---------------------------------
| rollout/           |          |
|    ep_len_mean     | 1e+03    |
|    ep_rew_mean     | 132      |
| time/              |          |
|    episodes        | 132      |
|    fps             | 36       |
|    time_elapsed    | 3613     |
|    total_timesteps | 132000   |
| train/             |          |
|    actor_loss      | -90.3    |
|    critic_loss     | 3.13     |
|    ent_coef        | 0.0757   |
|    ent_coef_loss   | -1.37    |
|    learning_rate   | 0.0003   |
|    n_updates       | 130999   |
---------------------------------
---------------------------------
| rollout/           |          |
|    ep_len_mean     | 1e+03    |
|    ep_rew_mean     | 165      |
| time/              |          |
|    episodes        | 136      |
|    fps             | 36       |
|    time_elapsed    | 3724     |
|    total_timesteps | 136000   |
| train/             |          |
|    actor_loss      | -92.7    |
|    critic_loss     | 1.48     |
|    ent_coef        | 0.0609   |
|    ent_coef_loss   | 0.275    |
|    learning_rate   | 0.0003   |
|    n_updates       | 134999   |
---------------------------------
---------------------------------
| rollout/           |          |
|    ep_len_mean     | 1e+03    |
|    ep_rew_mean     | 194      |
| time/              |          |
|    episodes        | 140      |
|    fps             | 36       |
|    time_elapsed    | 3831     |
|    total_timesteps | 140000   |
| train/             |          |
|    actor_loss      | -87.6    |
|    critic_loss     | 3.5      |
|    ent_coef        | 0.0594   |
|    ent_coef_loss   | 0.449    |
|    learning_rate   | 0.0003   |
|    n_updates       | 138999   |
---------------------------------
---------------------------------
| rollout/           |          |
|    ep_len_mean     | 1e+03    |
|    ep_rew_mean     | 223      |
| time/              |          |
|    episodes        | 144      |
|    fps             | 36       |
|    time_elapsed    | 3936     |
|    total_timesteps | 144000   |
| train/             |          |
|    actor_loss      | -84.6    |
|    critic_loss     | 2.78     |
|    ent_coef        | 0.0722   |
|    ent_coef_loss   | -0.397   |
|    learning_rate   | 0.0003   |
|    n_updates       | 142999   |
---------------------------------
---------------------------------
| rollout/           |          |
|    ep_len_mean     | 1e+03    |
|    ep_rew_mean     | 283      |
| time/              |          |
|    episodes        | 148      |
|    fps             | 36       |
|    time_elapsed    | 4041     |
|    total_timesteps | 148000   |
| train/             |          |
|    actor_loss      | -82      |
|    critic_loss     | 1.92     |
|    ent_coef        | 0.0739   |
|    ent_coef_loss   | 0.343    |
|    learning_rate   | 0.0003   |
|    n_updates       | 146999   |
---------------------------------
---------------------------------
| rollout/           |          |
|    ep_len_mean     | 1e+03    |
|    ep_rew_mean     | 327      |
| time/              |          |
|    episodes        | 152      |
|    fps             | 36       |
|    time_elapsed    | 4147     |
|    total_timesteps | 152000   |
| train/             |          |
|    actor_loss      | -87.5    |
|    critic_loss     | 1.39     |
|    ent_coef        | 0.0668   |
|    ent_coef_loss   | -1.63    |
|    learning_rate   | 0.0003   |
|    n_updates       | 150999   |
---------------------------------
---------------------------------
| rollout/           |          |
|    ep_len_mean     | 1e+03    |
|    ep_rew_mean     | 355      |
| time/              |          |
|    episodes        | 156      |
|    fps             | 36       |
|    time_elapsed    | 4253     |
|    total_timesteps | 156000   |
| train/             |          |
|    actor_loss      | -74      |
|    critic_loss     | 1.15     |
|    ent_coef        | 0.0675   |
|    ent_coef_loss   | 0.509    |
|    learning_rate   | 0.0003   |
|    n_updates       | 154999   |
---------------------------------
---------------------------------
| rollout/           |          |
|    ep_len_mean     | 1e+03    |
|    ep_rew_mean     | 371      |
| time/              |          |
|    episodes        | 160      |
|    fps             | 36       |
|    time_elapsed    | 4359     |
|    total_timesteps | 160000   |
| train/             |          |
|    actor_loss      | -86.6    |
|    critic_loss     | 1.37     |
|    ent_coef        | 0.0656   |
|    ent_coef_loss   | -0.181   |
|    learning_rate   | 0.0003   |
|    n_updates       | 158999   |
---------------------------------
---------------------------------
| rollout/           |          |
|    ep_len_mean     | 1e+03    |
|    ep_rew_mean     | 409      |
| time/              |          |
|    episodes        | 164      |
|    fps             | 36       |
|    time_elapsed    | 4464     |
|    total_timesteps | 164000   |
| train/             |          |
|    actor_loss      | -97      |
|    critic_loss     | 1.97     |
|    ent_coef        | 0.0647   |
|    ent_coef_loss   | -0.0737  |
|    learning_rate   | 0.0003   |
|    n_updates       | 162999   |
---------------------------------
---------------------------------
| rollout/           |          |
|    ep_len_mean     | 1e+03    |
|    ep_rew_mean     | 441      |
| time/              |          |
|    episodes        | 168      |
|    fps             | 36       |
|    time_elapsed    | 4570     |
|    total_timesteps | 168000   |
| train/             |          |
|    actor_loss      | -87      |
|    critic_loss     | 1.69     |
|    ent_coef        | 0.0689   |
|    ent_coef_loss   | 1.11     |
|    learning_rate   | 0.0003   |
|    n_updates       | 166999   |
---------------------------------
---------------------------------
| rollout/           |          |
|    ep_len_mean     | 1e+03    |
|    ep_rew_mean     | 478      |
| time/              |          |
|    episodes        | 172      |
|    fps             | 36       |
|    time_elapsed    | 4676     |
|    total_timesteps | 172000   |
| train/             |          |
|    actor_loss      | -98.5    |
|    critic_loss     | 1.44     |
|    ent_coef        | 0.066    |
|    ent_coef_loss   | -0.178   |
|    learning_rate   | 0.0003   |
|    n_updates       | 170999   |
---------------------------------
---------------------------------
| rollout/           |          |
|    ep_len_mean     | 1e+03    |
|    ep_rew_mean     | 514      |
| time/              |          |
|    episodes        | 176      |
|    fps             | 36       |
|    time_elapsed    | 4781     |
|    total_timesteps | 176000   |
| train/             |          |
|    actor_loss      | -90.4    |
|    critic_loss     | 2.76     |
|    ent_coef        | 0.0705   |
|    ent_coef_loss   | -0.42    |
|    learning_rate   | 0.0003   |
|    n_updates       | 174999   |
---------------------------------
---------------------------------
| rollout/           |          |
|    ep_len_mean     | 1e+03    |
|    ep_rew_mean     | 554      |
| time/              |          |
|    episodes        | 180      |
|    fps             | 36       |
|    time_elapsed    | 4887     |
|    total_timesteps | 180000   |
| train/             |          |
|    actor_loss      | -90.1    |
|    critic_loss     | 2.07     |
|    ent_coef        | 0.0755   |
|    ent_coef_loss   | -0.311   |
|    learning_rate   | 0.0003   |
|    n_updates       | 178999   |
---------------------------------
---------------------------------
| rollout/           |          |
|    ep_len_mean     | 1e+03    |
|    ep_rew_mean     | 570      |
| time/              |          |
|    episodes        | 184      |
|    fps             | 36       |
|    time_elapsed    | 4992     |
|    total_timesteps | 184000   |
| train/             |          |
|    actor_loss      | -92.6    |
|    critic_loss     | 3.03     |
|    ent_coef        | 0.0776   |
|    ent_coef_loss   | -0.325   |
|    learning_rate   | 0.0003   |
|    n_updates       | 182999   |
---------------------------------
---------------------------------
| rollout/           |          |
|    ep_len_mean     | 1e+03    |
|    ep_rew_mean     | 595      |
| time/              |          |
|    episodes        | 188      |
|    fps             | 36       |
|    time_elapsed    | 5098     |
|    total_timesteps | 188000   |
| train/             |          |
|    actor_loss      | -91.3    |
|    critic_loss     | 1.45     |
|    ent_coef        | 0.0703   |
|    ent_coef_loss   | -0.358   |
|    learning_rate   | 0.0003   |
|    n_updates       | 186999   |
---------------------------------
---------------------------------
| rollout/           |          |
|    ep_len_mean     | 1e+03    |
|    ep_rew_mean     | 617      |
| time/              |          |
|    episodes        | 192      |
|    fps             | 36       |
|    time_elapsed    | 5205     |
|    total_timesteps | 192000   |
| train/             |          |
|    actor_loss      | -102     |
|    critic_loss     | 6.52     |
|    ent_coef        | 0.0749   |
|    ent_coef_loss   | 0.297    |
|    learning_rate   | 0.0003   |
|    n_updates       | 190999   |
---------------------------------
---------------------------------
| rollout/           |          |
|    ep_len_mean     | 1e+03    |
|    ep_rew_mean     | 633      |
| time/              |          |
|    episodes        | 196      |
|    fps             | 36       |
|    time_elapsed    | 5312     |
|    total_timesteps | 196000   |
| train/             |          |
|    actor_loss      | -97.3    |
|    critic_loss     | 2.73     |
|    ent_coef        | 0.0764   |
|    ent_coef_loss   | -0.757   |
|    learning_rate   | 0.0003   |
|    n_updates       | 194999   |
---------------------------------
---------------------------------
| rollout/           |          |
|    ep_len_mean     | 1e+03    |
|    ep_rew_mean     | 668      |
| time/              |          |
|    episodes        | 200      |
|    fps             | 36       |
|    time_elapsed    | 5420     |
|    total_timesteps | 200000   |
| train/             |          |
|    actor_loss      | -94.3    |
|    critic_loss     | 3.77     |
|    ent_coef        | 0.0654   |
|    ent_coef_loss   | 1.83     |
|    learning_rate   | 0.0003   |
|    n_updates       | 198999   |
---------------------------------
---------------------------------
| rollout/           |          |
|    ep_len_mean     | 1e+03    |
|    ep_rew_mean     | 688      |
| time/              |          |
|    episodes        | 204      |
|    fps             | 36       |
|    time_elapsed    | 5526     |
|    total_timesteps | 204000   |
| train/             |          |
|    actor_loss      | -104     |
|    critic_loss     | 1.45     |
|    ent_coef        | 0.0533   |
|    ent_coef_loss   | 0.701    |
|    learning_rate   | 0.0003   |
|    n_updates       | 202999   |
---------------------------------
---------------------------------
| rollout/           |          |
|    ep_len_mean     | 1e+03    |
|    ep_rew_mean     | 708      |
| time/              |          |
|    episodes        | 208      |
|    fps             | 36       |
|    time_elapsed    | 5635     |
|    total_timesteps | 208000   |
| train/             |          |
|    actor_loss      | -101     |
|    critic_loss     | 2.86     |
|    ent_coef        | 0.0603   |
|    ent_coef_loss   | -0.721   |
|    learning_rate   | 0.0003   |
|    n_updates       | 206999   |
---------------------------------
---------------------------------
| rollout/           |          |
|    ep_len_mean     | 1e+03    |
|    ep_rew_mean     | 738      |
| time/              |          |
|    episodes        | 212      |
|    fps             | 36       |
|    time_elapsed    | 5743     |
|    total_timesteps | 212000   |
| train/             |          |
|    actor_loss      | -109     |
|    critic_loss     | 0.946    |
|    ent_coef        | 0.0588   |
|    ent_coef_loss   | -0.372   |
|    learning_rate   | 0.0003   |
|    n_updates       | 210999   |
---------------------------------
---------------------------------
| rollout/           |          |
|    ep_len_mean     | 1e+03    |
|    ep_rew_mean     | 728      |
| time/              |          |
|    episodes        | 216      |
|    fps             | 36       |
|    time_elapsed    | 5849     |
|    total_timesteps | 216000   |
| train/             |          |
|    actor_loss      | -112     |
|    critic_loss     | 0.866    |
|    ent_coef        | 0.063    |
|    ent_coef_loss   | -0.169   |
|    learning_rate   | 0.0003   |
|    n_updates       | 214999   |
---------------------------------
---------------------------------
| rollout/           |          |
|    ep_len_mean     | 1e+03    |
|    ep_rew_mean     | 738      |
| time/              |          |
|    episodes        | 220      |
|    fps             | 36       |
|    time_elapsed    | 5956     |
|    total_timesteps | 220000   |
| train/             |          |
|    actor_loss      | -116     |
|    critic_loss     | 0.991    |
|    ent_coef        | 0.0447   |
|    ent_coef_loss   | 0.68     |
|    learning_rate   | 0.0003   |
|    n_updates       | 218999   |
---------------------------------
---------------------------------
| rollout/           |          |
|    ep_len_mean     | 1e+03    |
|    ep_rew_mean     | 800      |
| time/              |          |
|    episodes        | 224      |
|    fps             | 36       |
|    time_elapsed    | 6062     |
|    total_timesteps | 224000   |
| train/             |          |
|    actor_loss      | -115     |
|    critic_loss     | 1.87     |
|    ent_coef        | 0.0473   |
|    ent_coef_loss   | -0.0336  |
|    learning_rate   | 0.0003   |
|    n_updates       | 222999   |
---------------------------------
---------------------------------
| rollout/           |          |
|    ep_len_mean     | 1e+03    |
|    ep_rew_mean     | 888      |
| time/              |          |
|    episodes        | 228      |
|    fps             | 36       |
|    time_elapsed    | 6169     |
|    total_timesteps | 228000   |
| train/             |          |
|    actor_loss      | -118     |
|    critic_loss     | 2.12     |
|    ent_coef        | 0.0493   |
|    ent_coef_loss   | -0.844   |
|    learning_rate   | 0.0003   |
|    n_updates       | 226999   |
---------------------------------
---------------------------------
| rollout/           |          |
|    ep_len_mean     | 1e+03    |
|    ep_rew_mean     | 957      |
| time/              |          |
|    episodes        | 232      |
|    fps             | 36       |
|    time_elapsed    | 6275     |
|    total_timesteps | 232000   |
| train/             |          |
|    actor_loss      | -117     |
|    critic_loss     | 1.46     |
|    ent_coef        | 0.0463   |
|    ent_coef_loss   | -0.323   |
|    learning_rate   | 0.0003   |
|    n_updates       | 230999   |
---------------------------------
---------------------------------
| rollout/           |          |
|    ep_len_mean     | 1e+03    |
|    ep_rew_mean     | 978      |
| time/              |          |
|    episodes        | 236      |
|    fps             | 36       |
|    time_elapsed    | 6382     |
|    total_timesteps | 236000   |
| train/             |          |
|    actor_loss      | -118     |
|    critic_loss     | 0.535    |
|    ent_coef        | 0.0388   |
|    ent_coef_loss   | -0.542   |
|    learning_rate   | 0.0003   |
|    n_updates       | 234999   |
---------------------------------
---------------------------------
| rollout/           |          |
|    ep_len_mean     | 1e+03    |
|    ep_rew_mean     | 974      |
| time/              |          |
|    episodes        | 240      |
|    fps             | 36       |
|    time_elapsed    | 6489     |
|    total_timesteps | 240000   |
| train/             |          |
|    actor_loss      | -113     |
|    critic_loss     | 0.681    |
|    ent_coef        | 0.0454   |
|    ent_coef_loss   | -0.0388  |
|    learning_rate   | 0.0003   |
|    n_updates       | 238999   |
---------------------------------
---------------------------------
| rollout/           |          |
|    ep_len_mean     | 1e+03    |
|    ep_rew_mean     | 977      |
| time/              |          |
|    episodes        | 244      |
|    fps             | 36       |
|    time_elapsed    | 6596     |
|    total_timesteps | 244000   |
| train/             |          |
|    actor_loss      | -116     |
|    critic_loss     | 0.662    |
|    ent_coef        | 0.0441   |
|    ent_coef_loss   | -0.34    |
|    learning_rate   | 0.0003   |
|    n_updates       | 242999   |
---------------------------------
---------------------------------
| rollout/           |          |
|    ep_len_mean     | 1e+03    |
|    ep_rew_mean     | 976      |
| time/              |          |
|    episodes        | 248      |
|    fps             | 36       |
|    time_elapsed    | 6704     |
|    total_timesteps | 248000   |
| train/             |          |
|    actor_loss      | -122     |
|    critic_loss     | 0.491    |
|    ent_coef        | 0.0465   |
|    ent_coef_loss   | 0.156    |
|    learning_rate   | 0.0003   |
|    n_updates       | 246999   |
---------------------------------
---------------------------------
| rollout/           |          |
|    ep_len_mean     | 1e+03    |
|    ep_rew_mean     | 981      |
| time/              |          |
|    episodes        | 252      |
|    fps             | 36       |
|    time_elapsed    | 6811     |
|    total_timesteps | 252000   |
| train/             |          |
|    actor_loss      | -116     |
|    critic_loss     | 1.03     |
|    ent_coef        | 0.0404   |
|    ent_coef_loss   | 1.11     |
|    learning_rate   | 0.0003   |
|    n_updates       | 250999   |
---------------------------------
---------------------------------
| rollout/           |          |
|    ep_len_mean     | 1e+03    |
|    ep_rew_mean     | 987      |
| time/              |          |
|    episodes        | 256      |
|    fps             | 37       |
|    time_elapsed    | 6918     |
|    total_timesteps | 256000   |
| train/             |          |
|    actor_loss      | -116     |
|    critic_loss     | 2.64     |
|    ent_coef        | 0.036    |
|    ent_coef_loss   | 0.463    |
|    learning_rate   | 0.0003   |
|    n_updates       | 254999   |
---------------------------------
---------------------------------
| rollout/           |          |
|    ep_len_mean     | 1e+03    |
|    ep_rew_mean     | 991      |
| time/              |          |
|    episodes        | 260      |
|    fps             | 37       |
|    time_elapsed    | 7026     |
|    total_timesteps | 260000   |
| train/             |          |
|    actor_loss      | -118     |
|    critic_loss     | 2.71     |
|    ent_coef        | 0.0417   |
|    ent_coef_loss   | -0.0993  |
|    learning_rate   | 0.0003   |
|    n_updates       | 258999   |
---------------------------------
---------------------------------
| rollout/           |          |
|    ep_len_mean     | 1e+03    |
|    ep_rew_mean     | 998      |
| time/              |          |
|    episodes        | 264      |
|    fps             | 37       |
|    time_elapsed    | 7134     |
|    total_timesteps | 264000   |
| train/             |          |
|    actor_loss      | -118     |
|    critic_loss     | 2.1      |
|    ent_coef        | 0.0393   |
|    ent_coef_loss   | -0.564   |
|    learning_rate   | 0.0003   |
|    n_updates       | 262999   |
---------------------------------
---------------------------------
| rollout/           |          |
|    ep_len_mean     | 1e+03    |
|    ep_rew_mean     | 998      |
| time/              |          |
|    episodes        | 268      |
|    fps             | 37       |
|    time_elapsed    | 7242     |
|    total_timesteps | 268000   |
| train/             |          |
|    actor_loss      | -124     |
|    critic_loss     | 0.625    |
|    ent_coef        | 0.0343   |
|    ent_coef_loss   | 0.805    |
|    learning_rate   | 0.0003   |
|    n_updates       | 266999   |
---------------------------------
---------------------------------
| rollout/           |          |
|    ep_len_mean     | 1e+03    |
|    ep_rew_mean     | 1.01e+03 |
| time/              |          |
|    episodes        | 272      |
|    fps             | 37       |
|    time_elapsed    | 7350     |
|    total_timesteps | 272000   |
| train/             |          |
|    actor_loss      | -115     |
|    critic_loss     | 0.373    |
|    ent_coef        | 0.0327   |
|    ent_coef_loss   | -0.776   |
|    learning_rate   | 0.0003   |
|    n_updates       | 270999   |
---------------------------------
---------------------------------
| rollout/           |          |
|    ep_len_mean     | 1e+03    |
|    ep_rew_mean     | 1.01e+03 |
| time/              |          |
|    episodes        | 276      |
|    fps             | 36       |
|    time_elapsed    | 7459     |
|    total_timesteps | 276000   |
| train/             |          |
|    actor_loss      | -123     |
|    critic_loss     | 0.777    |
|    ent_coef        | 0.0332   |
|    ent_coef_loss   | 1.35     |
|    learning_rate   | 0.0003   |
|    n_updates       | 274999   |
---------------------------------
---------------------------------
| rollout/           |          |
|    ep_len_mean     | 1e+03    |
|    ep_rew_mean     | 1.01e+03 |
| time/              |          |
|    episodes        | 280      |
|    fps             | 36       |
|    time_elapsed    | 7568     |
|    total_timesteps | 280000   |
| train/             |          |
|    actor_loss      | -122     |
|    critic_loss     | 0.58     |
|    ent_coef        | 0.0377   |
|    ent_coef_loss   | -0.268   |
|    learning_rate   | 0.0003   |
|    n_updates       | 278999   |
---------------------------------
---------------------------------
| rollout/           |          |
|    ep_len_mean     | 1e+03    |
|    ep_rew_mean     | 1.02e+03 |
| time/              |          |
|    episodes        | 284      |
|    fps             | 36       |
|    time_elapsed    | 7676     |
|    total_timesteps | 284000   |
| train/             |          |
|    actor_loss      | -124     |
|    critic_loss     | 0.515    |
|    ent_coef        | 0.0396   |
|    ent_coef_loss   | 0.203    |
|    learning_rate   | 0.0003   |
|    n_updates       | 282999   |
---------------------------------
---------------------------------
| rollout/           |          |
|    ep_len_mean     | 1e+03    |
|    ep_rew_mean     | 1.02e+03 |
| time/              |          |
|    episodes        | 288      |
|    fps             | 36       |
|    time_elapsed    | 7786     |
|    total_timesteps | 288000   |
| train/             |          |
|    actor_loss      | -126     |
|    critic_loss     | 1.04     |
|    ent_coef        | 0.0464   |
|    ent_coef_loss   | 0.7      |
|    learning_rate   | 0.0003   |
|    n_updates       | 286999   |
---------------------------------
---------------------------------
| rollout/           |          |
|    ep_len_mean     | 1e+03    |
|    ep_rew_mean     | 1e+03    |
| time/              |          |
|    episodes        | 292      |
|    fps             | 36       |
|    time_elapsed    | 7895     |
|    total_timesteps | 292000   |
| train/             |          |
|    actor_loss      | -130     |
|    critic_loss     | 0.933    |
|    ent_coef        | 0.0772   |
|    ent_coef_loss   | 1.55     |
|    learning_rate   | 0.0003   |
|    n_updates       | 290999   |
---------------------------------
---------------------------------
| rollout/           |          |
|    ep_len_mean     | 1e+03    |
|    ep_rew_mean     | 940      |
| time/              |          |
|    episodes        | 296      |
|    fps             | 36       |
|    time_elapsed    | 8004     |
|    total_timesteps | 296000   |
| train/             |          |
|    actor_loss      | -145     |
|    critic_loss     | 0.83     |
|    ent_coef        | 0.149    |
|    ent_coef_loss   | 0.815    |
|    learning_rate   | 0.0003   |
|    n_updates       | 294999   |
---------------------------------
---------------------------------
| rollout/           |          |
|    ep_len_mean     | 1e+03    |
|    ep_rew_mean     | 911      |
| time/              |          |
|    episodes        | 300      |
|    fps             | 36       |
|    time_elapsed    | 8113     |
|    total_timesteps | 300000   |
| train/             |          |
|    actor_loss      | -155     |
|    critic_loss     | 1.06     |
|    ent_coef        | 0.17     |
|    ent_coef_loss   | -0.165   |
|    learning_rate   | 0.0003   |
|    n_updates       | 298999   |
---------------------------------
---------------------------------
| rollout/           |          |
|    ep_len_mean     | 1e+03    |
|    ep_rew_mean     | 866      |
| time/              |          |
|    episodes        | 304      |
|    fps             | 36       |
|    time_elapsed    | 8222     |
|    total_timesteps | 304000   |
| train/             |          |
|    actor_loss      | -149     |
|    critic_loss     | 0.706    |
|    ent_coef        | 0.147    |
|    ent_coef_loss   | 0.321    |
|    learning_rate   | 0.0003   |
|    n_updates       | 302999   |
---------------------------------
---------------------------------
| rollout/           |          |
|    ep_len_mean     | 1e+03    |
|    ep_rew_mean     | 843      |
| time/              |          |
|    episodes        | 308      |
|    fps             | 36       |
|    time_elapsed    | 8331     |
|    total_timesteps | 308000   |
| train/             |          |
|    actor_loss      | -142     |
|    critic_loss     | 0.873    |
|    ent_coef        | 0.0622   |
|    ent_coef_loss   | -1.84    |
|    learning_rate   | 0.0003   |
|    n_updates       | 306999   |
---------------------------------
---------------------------------
| rollout/           |          |
|    ep_len_mean     | 999      |
|    ep_rew_mean     | 838      |
| time/              |          |
|    episodes        | 312      |
|    fps             | 36       |
|    time_elapsed    | 8442     |
|    total_timesteps | 311878   |
| train/             |          |
|    actor_loss      | -141     |
|    critic_loss     | 0.646    |
|    ent_coef        | 0.0529   |
|    ent_coef_loss   | -0.273   |
|    learning_rate   | 0.0003   |
|    n_updates       | 310877   |
---------------------------------
---------------------------------
| rollout/           |          |
|    ep_len_mean     | 999      |
|    ep_rew_mean     | 878      |
| time/              |          |
|    episodes        | 316      |
|    fps             | 36       |
|    time_elapsed    | 8564     |
|    total_timesteps | 315878   |
| train/             |          |
|    actor_loss      | -144     |
|    critic_loss     | 0.985    |
|    ent_coef        | 0.093    |
|    ent_coef_loss   | -5.9     |
|    learning_rate   | 0.0003   |
|    n_updates       | 314877   |
---------------------------------
---------------------------------
| rollout/           |          |
|    ep_len_mean     | 999      |
|    ep_rew_mean     | 824      |
| time/              |          |
|    episodes        | 320      |
|    fps             | 36       |
|    time_elapsed    | 8681     |
|    total_timesteps | 319878   |
| train/             |          |
|    actor_loss      | -148     |
|    critic_loss     | 3.27     |
|    ent_coef        | 0.066    |
|    ent_coef_loss   | 4.94     |
|    learning_rate   | 0.0003   |
|    n_updates       | 318877   |
---------------------------------
---------------------------------
| rollout/           |          |
|    ep_len_mean     | 999      |
|    ep_rew_mean     | 817      |
| time/              |          |
|    episodes        | 324      |
|    fps             | 36       |
|    time_elapsed    | 8803     |
|    total_timesteps | 323878   |
| train/             |          |
|    actor_loss      | -143     |
|    critic_loss     | 1.99     |
|    ent_coef        | 0.0695   |
|    ent_coef_loss   | -0.487   |
|    learning_rate   | 0.0003   |
|    n_updates       | 322877   |
---------------------------------
---------------------------------
| rollout/           |          |
|    ep_len_mean     | 999      |
|    ep_rew_mean     | 799      |
| time/              |          |
|    episodes        | 328      |
|    fps             | 36       |
|    time_elapsed    | 8927     |
|    total_timesteps | 327878   |
| train/             |          |
|    actor_loss      | -139     |
|    critic_loss     | 0.677    |
|    ent_coef        | 0.0461   |
|    ent_coef_loss   | -1.42    |
|    learning_rate   | 0.0003   |
|    n_updates       | 326877   |
---------------------------------
---------------------------------
| rollout/           |          |
|    ep_len_mean     | 999      |
|    ep_rew_mean     | 793      |
| time/              |          |
|    episodes        | 332      |
|    fps             | 36       |
|    time_elapsed    | 9050     |
|    total_timesteps | 331878   |
| train/             |          |
|    actor_loss      | -149     |
|    critic_loss     | 2.47     |
|    ent_coef        | 0.0565   |
|    ent_coef_loss   | 0.0747   |
|    learning_rate   | 0.0003   |
|    n_updates       | 330877   |
---------------------------------
---------------------------------
| rollout/           |          |
|    ep_len_mean     | 999      |
|    ep_rew_mean     | 797      |
| time/              |          |
|    episodes        | 336      |
|    fps             | 36       |
|    time_elapsed    | 9175     |
|    total_timesteps | 335878   |
| train/             |          |
|    actor_loss      | -155     |
|    critic_loss     | 372      |
|    ent_coef        | 0.059    |
|    ent_coef_loss   | -1.11    |
|    learning_rate   | 0.0003   |
|    n_updates       | 334877   |
---------------------------------
---------------------------------
| rollout/           |          |
|    ep_len_mean     | 995      |
|    ep_rew_mean     | 820      |
| time/              |          |
|    episodes        | 340      |
|    fps             | 36       |
|    time_elapsed    | 9281     |
|    total_timesteps | 339482   |
| train/             |          |
|    actor_loss      | -154     |
|    critic_loss     | 1.03     |
|    ent_coef        | 0.05     |
|    ent_coef_loss   | -0.614   |
|    learning_rate   | 0.0003   |
|    n_updates       | 338481   |
---------------------------------
---------------------------------
| rollout/           |          |
|    ep_len_mean     | 995      |
|    ep_rew_mean     | 772      |
| time/              |          |
|    episodes        | 344      |
|    fps             | 36       |
|    time_elapsed    | 9392     |
|    total_timesteps | 343482   |
| train/             |          |
|    actor_loss      | -156     |
|    critic_loss     | 1.08     |
|    ent_coef        | 0.085    |
|    ent_coef_loss   | -1.35    |
|    learning_rate   | 0.0003   |
|    n_updates       | 342481   |
---------------------------------
---------------------------------
| rollout/           |          |
|    ep_len_mean     | 995      |
|    ep_rew_mean     | 725      |
| time/              |          |
|    episodes        | 348      |
|    fps             | 36       |
|    time_elapsed    | 9502     |
|    total_timesteps | 347482   |
| train/             |          |
|    actor_loss      | -155     |
|    critic_loss     | 24.9     |
|    ent_coef        | 0.0734   |
|    ent_coef_loss   | 2.36     |
|    learning_rate   | 0.0003   |
|    n_updates       | 346481   |
---------------------------------
---------------------------------
| rollout/           |          |
|    ep_len_mean     | 995      |
|    ep_rew_mean     | 660      |
| time/              |          |
|    episodes        | 352      |
|    fps             | 36       |
|    time_elapsed    | 9613     |
|    total_timesteps | 351482   |
| train/             |          |
|    actor_loss      | -161     |
|    critic_loss     | 1.39     |
|    ent_coef        | 0.0797   |
|    ent_coef_loss   | -0.342   |
|    learning_rate   | 0.0003   |
|    n_updates       | 350481   |
---------------------------------
---------------------------------
| rollout/           |          |
|    ep_len_mean     | 995      |
|    ep_rew_mean     | 627      |
| time/              |          |
|    episodes        | 356      |
|    fps             | 36       |
|    time_elapsed    | 9723     |
|    total_timesteps | 355482   |
| train/             |          |
|    actor_loss      | -159     |
|    critic_loss     | 1.27     |
|    ent_coef        | 0.0736   |
|    ent_coef_loss   | -0.76    |
|    learning_rate   | 0.0003   |
|    n_updates       | 354481   |
---------------------------------
---------------------------------
| rollout/           |          |
|    ep_len_mean     | 995      |
|    ep_rew_mean     | 602      |
| time/              |          |
|    episodes        | 360      |
|    fps             | 36       |
|    time_elapsed    | 9834     |
|    total_timesteps | 359482   |
| train/             |          |
|    actor_loss      | -159     |
|    critic_loss     | 1.09     |
|    ent_coef        | 0.0676   |
|    ent_coef_loss   | 0.9      |
|    learning_rate   | 0.0003   |
|    n_updates       | 358481   |
---------------------------------
---------------------------------
| rollout/           |          |
|    ep_len_mean     | 995      |
|    ep_rew_mean     | 635      |
| time/              |          |
|    episodes        | 364      |
|    fps             | 36       |
|    time_elapsed    | 9944     |
|    total_timesteps | 363482   |
| train/             |          |
|    actor_loss      | -156     |
|    critic_loss     | 4.94     |
|    ent_coef        | 0.0505   |
|    ent_coef_loss   | -0.499   |
|    learning_rate   | 0.0003   |
|    n_updates       | 362481   |
---------------------------------
---------------------------------
| rollout/           |          |
|    ep_len_mean     | 993      |
|    ep_rew_mean     | 715      |
| time/              |          |
|    episodes        | 368      |
|    fps             | 36       |
|    time_elapsed    | 10050    |
|    total_timesteps | 367332   |
| train/             |          |
|    actor_loss      | -162     |
|    critic_loss     | 3.12     |
|    ent_coef        | 0.0937   |
|    ent_coef_loss   | 0.912    |
|    learning_rate   | 0.0003   |
|    n_updates       | 366331   |
---------------------------------
---------------------------------
| rollout/           |          |
|    ep_len_mean     | 993      |
|    ep_rew_mean     | 707      |
| time/              |          |
|    episodes        | 372      |
|    fps             | 36       |
|    time_elapsed    | 10160    |
|    total_timesteps | 371332   |
| train/             |          |
|    actor_loss      | -179     |
|    critic_loss     | 4.6      |
|    ent_coef        | 0.111    |
|    ent_coef_loss   | 0.385    |
|    learning_rate   | 0.0003   |
|    n_updates       | 370331   |
---------------------------------
---------------------------------
| rollout/           |          |
|    ep_len_mean     | 993      |
|    ep_rew_mean     | 691      |
| time/              |          |
|    episodes        | 376      |
|    fps             | 36       |
|    time_elapsed    | 10269    |
|    total_timesteps | 375332   |
| train/             |          |
|    actor_loss      | -221     |
|    critic_loss     | 6.82     |
|    ent_coef        | 0.0957   |
|    ent_coef_loss   | -0.337   |
|    learning_rate   | 0.0003   |
|    n_updates       | 374331   |
---------------------------------
---------------------------------
| rollout/           |          |
|    ep_len_mean     | 993      |
|    ep_rew_mean     | 648      |
| time/              |          |
|    episodes        | 380      |
|    fps             | 36       |
|    time_elapsed    | 10382    |
|    total_timesteps | 379332   |
| train/             |          |
|    actor_loss      | -185     |
|    critic_loss     | 4.46     |
|    ent_coef        | 0.101    |
|    ent_coef_loss   | -1.91    |
|    learning_rate   | 0.0003   |
|    n_updates       | 378331   |
---------------------------------
---------------------------------
| rollout/           |          |
|    ep_len_mean     | 976      |
|    ep_rew_mean     | 652      |
| time/              |          |
|    episodes        | 384      |
|    fps             | 36       |
|    time_elapsed    | 10446    |
|    total_timesteps | 381638   |
| train/             |          |
|    actor_loss      | -220     |
|    critic_loss     | 14.1     |
|    ent_coef        | 0.0927   |
|    ent_coef_loss   | 0.86     |
|    learning_rate   | 0.0003   |
|    n_updates       | 380637   |
---------------------------------
---------------------------------
| rollout/           |          |
|    ep_len_mean     | 956      |
|    ep_rew_mean     | 634      |
| time/              |          |
|    episodes        | 388      |
|    fps             | 36       |
|    time_elapsed    | 10502    |
|    total_timesteps | 383635   |
| train/             |          |
|    actor_loss      | -236     |
|    critic_loss     | 60       |
|    ent_coef        | 0.107    |
|    ent_coef_loss   | -0.34    |
|    learning_rate   | 0.0003   |
|    n_updates       | 382634   |
---------------------------------
---------------------------------
| rollout/           |          |
|    ep_len_mean     | 956      |
|    ep_rew_mean     | 647      |
| time/              |          |
|    episodes        | 392      |
|    fps             | 36       |
|    time_elapsed    | 10614    |
|    total_timesteps | 387635   |
| train/             |          |
|    actor_loss      | -213     |
|    critic_loss     | 5.4      |
|    ent_coef        | 0.127    |
|    ent_coef_loss   | -0.711   |
|    learning_rate   | 0.0003   |
|    n_updates       | 386634   |
---------------------------------
---------------------------------
| rollout/           |          |
|    ep_len_mean     | 949      |
|    ep_rew_mean     | 781      |
| time/              |          |
|    episodes        | 396      |
|    fps             | 36       |
|    time_elapsed    | 10706    |
|    total_timesteps | 390879   |
| train/             |          |
|    actor_loss      | -231     |
|    critic_loss     | 5.37     |
|    ent_coef        | 0.133    |
|    ent_coef_loss   | -0.403   |
|    learning_rate   | 0.0003   |
|    n_updates       | 389878   |
---------------------------------
---------------------------------
| rollout/           |          |
|    ep_len_mean     | 949      |
|    ep_rew_mean     | 1.25e+03 |
| time/              |          |
|    episodes        | 400      |
|    fps             | 36       |
|    time_elapsed    | 10819    |
|    total_timesteps | 394879   |
| train/             |          |
|    actor_loss      | -257     |
|    critic_loss     | 12.4     |
|    ent_coef        | 0.132    |
|    ent_coef_loss   | -0.976   |
|    learning_rate   | 0.0003   |
|    n_updates       | 393878   |
---------------------------------
---------------------------------
| rollout/           |          |
|    ep_len_mean     | 949      |
|    ep_rew_mean     | 1.48e+03 |
| time/              |          |
|    episodes        | 404      |
|    fps             | 36       |
|    time_elapsed    | 10932    |
|    total_timesteps | 398879   |
| train/             |          |
|    actor_loss      | -276     |
|    critic_loss     | 17.2     |
|    ent_coef        | 0.245    |
|    ent_coef_loss   | -0.0704  |
|    learning_rate   | 0.0003   |
|    n_updates       | 397878   |
---------------------------------
---------------------------------
| rollout/           |          |
|    ep_len_mean     | 949      |
|    ep_rew_mean     | 1.81e+03 |
| time/              |          |
|    episodes        | 408      |
|    fps             | 36       |
|    time_elapsed    | 11045    |
|    total_timesteps | 402879   |
| train/             |          |
|    actor_loss      | -317     |
|    critic_loss     | 48.4     |
|    ent_coef        | 0.208    |
|    ent_coef_loss   | -0.36    |
|    learning_rate   | 0.0003   |
|    n_updates       | 401878   |
---------------------------------
---------------------------------
| rollout/           |          |
|    ep_len_mean     | 950      |
|    ep_rew_mean     | 1.9e+03  |
| time/              |          |
|    episodes        | 412      |
|    fps             | 36       |
|    time_elapsed    | 11156    |
|    total_timesteps | 406879   |
| train/             |          |
|    actor_loss      | -326     |
|    critic_loss     | 12.5     |
|    ent_coef        | 0.165    |
|    ent_coef_loss   | -0.365   |
|    learning_rate   | 0.0003   |
|    n_updates       | 405878   |
---------------------------------
---------------------------------
| rollout/           |          |
|    ep_len_mean     | 950      |
|    ep_rew_mean     | 2.02e+03 |
| time/              |          |
|    episodes        | 416      |
|    fps             | 36       |
|    time_elapsed    | 11272    |
|    total_timesteps | 410879   |
| train/             |          |
|    actor_loss      | -387     |
|    critic_loss     | 24.4     |
|    ent_coef        | 0.189    |
|    ent_coef_loss   | 0.719    |
|    learning_rate   | 0.0003   |
|    n_updates       | 409878   |
---------------------------------
---------------------------------
| rollout/           |          |
|    ep_len_mean     | 950      |
|    ep_rew_mean     | 2.72e+03 |
| time/              |          |
|    episodes        | 420      |
|    fps             | 36       |
|    time_elapsed    | 11386    |
|    total_timesteps | 414879   |
| train/             |          |
|    actor_loss      | -400     |
|    critic_loss     | 16.8     |
|    ent_coef        | 0.244    |
|    ent_coef_loss   | -0.314   |
|    learning_rate   | 0.0003   |
|    n_updates       | 413878   |
---------------------------------
---------------------------------
| rollout/           |          |
|    ep_len_mean     | 950      |
|    ep_rew_mean     | 3.29e+03 |
| time/              |          |
|    episodes        | 424      |
|    fps             | 36       |
|    time_elapsed    | 11499    |
|    total_timesteps | 418879   |
| train/             |          |
|    actor_loss      | -439     |
|    critic_loss     | 278      |
|    ent_coef        | 0.219    |
|    ent_coef_loss   | -0.42    |
|    learning_rate   | 0.0003   |
|    n_updates       | 417878   |
---------------------------------
---------------------------------
| rollout/           |          |
|    ep_len_mean     | 950      |
|    ep_rew_mean     | 3.72e+03 |
| time/              |          |
|    episodes        | 428      |
|    fps             | 36       |
|    time_elapsed    | 11610    |
|    total_timesteps | 422879   |
| train/             |          |
|    actor_loss      | -478     |
|    critic_loss     | 36.9     |
|    ent_coef        | 0.242    |
|    ent_coef_loss   | -0.129   |
|    learning_rate   | 0.0003   |
|    n_updates       | 421878   |
---------------------------------
---------------------------------
| rollout/           |          |
|    ep_len_mean     | 950      |
|    ep_rew_mean     | 3.91e+03 |
| time/              |          |
|    episodes        | 432      |
|    fps             | 36       |
|    time_elapsed    | 11722    |
|    total_timesteps | 426879   |
| train/             |          |
|    actor_loss      | -530     |
|    critic_loss     | 293      |
|    ent_coef        | 0.228    |
|    ent_coef_loss   | -0.189   |
|    learning_rate   | 0.0003   |
|    n_updates       | 425878   |
---------------------------------
---------------------------------
| rollout/           |          |
|    ep_len_mean     | 950      |
|    ep_rew_mean     | 4.67e+03 |
| time/              |          |
|    episodes        | 436      |
|    fps             | 36       |
|    time_elapsed    | 11834    |
|    total_timesteps | 430879   |
| train/             |          |
|    actor_loss      | -470     |
|    critic_loss     | 58.6     |
|    ent_coef        | 0.24     |
|    ent_coef_loss   | -0.216   |
|    learning_rate   | 0.0003   |
|    n_updates       | 429878   |
---------------------------------
---------------------------------
| rollout/           |          |
|    ep_len_mean     | 954      |
|    ep_rew_mean     | 5.4e+03  |
| time/              |          |
|    episodes        | 440      |
|    fps             | 36       |
|    time_elapsed    | 11946    |
|    total_timesteps | 434879   |
| train/             |          |
|    actor_loss      | -624     |
|    critic_loss     | 41.8     |
|    ent_coef        | 0.254    |
|    ent_coef_loss   | 0.131    |
|    learning_rate   | 0.0003   |
|    n_updates       | 433878   |
---------------------------------
---------------------------------
| rollout/           |          |
|    ep_len_mean     | 954      |
|    ep_rew_mean     | 6.1e+03  |
| time/              |          |
|    episodes        | 444      |
|    fps             | 36       |
|    time_elapsed    | 12058    |
|    total_timesteps | 438879   |
| train/             |          |
|    actor_loss      | -646     |
|    critic_loss     | 94.7     |
|    ent_coef        | 0.245    |
|    ent_coef_loss   | 0.274    |
|    learning_rate   | 0.0003   |
|    n_updates       | 437878   |
---------------------------------
---------------------------------
| rollout/           |          |
|    ep_len_mean     | 954      |
|    ep_rew_mean     | 6.15e+03 |
| time/              |          |
|    episodes        | 448      |
|    fps             | 36       |
|    time_elapsed    | 12170    |
|    total_timesteps | 442879   |
| train/             |          |
|    actor_loss      | -591     |
|    critic_loss     | 48.9     |
|    ent_coef        | 0.246    |
|    ent_coef_loss   | -0.0946  |
|    learning_rate   | 0.0003   |
|    n_updates       | 441878   |
---------------------------------
---------------------------------
| rollout/           |          |
|    ep_len_mean     | 954      |
|    ep_rew_mean     | 6.78e+03 |
| time/              |          |
|    episodes        | 452      |
|    fps             | 36       |
|    time_elapsed    | 12282    |
|    total_timesteps | 446879   |
| train/             |          |
|    actor_loss      | -815     |
|    critic_loss     | 53.6     |
|    ent_coef        | 0.341    |
|    ent_coef_loss   | 0.315    |
|    learning_rate   | 0.0003   |
|    n_updates       | 445878   |
---------------------------------
---------------------------------
| rollout/           |          |
|    ep_len_mean     | 954      |
|    ep_rew_mean     | 7.48e+03 |
| time/              |          |
|    episodes        | 456      |
|    fps             | 36       |
|    time_elapsed    | 12394    |
|    total_timesteps | 450879   |
| train/             |          |
|    actor_loss      | -793     |
|    critic_loss     | 23.3     |
|    ent_coef        | 0.288    |
|    ent_coef_loss   | 0.171    |
|    learning_rate   | 0.0003   |
|    n_updates       | 449878   |
---------------------------------
---------------------------------
| rollout/           |          |
|    ep_len_mean     | 954      |
|    ep_rew_mean     | 8.02e+03 |
| time/              |          |
|    episodes        | 460      |
|    fps             | 36       |
|    time_elapsed    | 12505    |
|    total_timesteps | 454879   |
| train/             |          |
|    actor_loss      | -840     |
|    critic_loss     | 6.76e+03 |
|    ent_coef        | 0.248    |
|    ent_coef_loss   | 0.312    |
|    learning_rate   | 0.0003   |
|    n_updates       | 453878   |
---------------------------------
---------------------------------
| rollout/           |          |
|    ep_len_mean     | 954      |
|    ep_rew_mean     | 8.57e+03 |
| time/              |          |
|    episodes        | 464      |
|    fps             | 36       |
|    time_elapsed    | 12621    |
|    total_timesteps | 458879   |
| train/             |          |
|    actor_loss      | -912     |
|    critic_loss     | 20.6     |
|    ent_coef        | 0.26     |
|    ent_coef_loss   | -0.118   |
|    learning_rate   | 0.0003   |
|    n_updates       | 457878   |
---------------------------------
---------------------------------
| rollout/           |          |
|    ep_len_mean     | 955      |
|    ep_rew_mean     | 8.49e+03 |
| time/              |          |
|    episodes        | 468      |
|    fps             | 36       |
|    time_elapsed    | 12737    |
|    total_timesteps | 462879   |
| train/             |          |
|    actor_loss      | -915     |
|    critic_loss     | 133      |
|    ent_coef        | 0.251    |
|    ent_coef_loss   | -0.416   |
|    learning_rate   | 0.0003   |
|    n_updates       | 461878   |
---------------------------------
---------------------------------
| rollout/           |          |
|    ep_len_mean     | 955      |
|    ep_rew_mean     | 9.02e+03 |
| time/              |          |
|    episodes        | 472      |
|    fps             | 36       |
|    time_elapsed    | 12854    |
|    total_timesteps | 466879   |
| train/             |          |
|    actor_loss      | -983     |
|    critic_loss     | 56.6     |
|    ent_coef        | 0.37     |
|    ent_coef_loss   | 0.235    |
|    learning_rate   | 0.0003   |
|    n_updates       | 465878   |
---------------------------------
----------------------------------
| rollout/           |           |
|    ep_len_mean     | 955       |
|    ep_rew_mean     | 9.34e+03  |
| time/              |           |
|    episodes        | 476       |
|    fps             | 36        |
|    time_elapsed    | 12968     |
|    total_timesteps | 470879    |
| train/             |           |
|    actor_loss      | -1.04e+03 |
|    critic_loss     | 57.4      |
|    ent_coef        | 0.395     |
|    ent_coef_loss   | 0.132     |
|    learning_rate   | 0.0003    |
|    n_updates       | 469878    |
----------------------------------
---------------------------------
| rollout/           |          |
|    ep_len_mean     | 955      |
|    ep_rew_mean     | 9.53e+03 |
| time/              |          |
|    episodes        | 480      |
|    fps             | 36       |
|    time_elapsed    | 13087    |
|    total_timesteps | 474879   |
| train/             |          |
|    actor_loss      | -995     |
|    critic_loss     | 47.3     |
|    ent_coef        | 0.387    |
|    ent_coef_loss   | 0.0133   |
|    learning_rate   | 0.0003   |
|    n_updates       | 473878   |
---------------------------------
---------------------------------
| rollout/           |          |
|    ep_len_mean     | 972      |
|    ep_rew_mean     | 9.67e+03 |
| time/              |          |
|    episodes        | 484      |
|    fps             | 36       |
|    time_elapsed    | 13204    |
|    total_timesteps | 478879   |
| train/             |          |
|    actor_loss      | -1e+03   |
|    critic_loss     | 94.4     |
|    ent_coef        | 0.391    |
|    ent_coef_loss   | 0.259    |
|    learning_rate   | 0.0003   |
|    n_updates       | 477878   |
---------------------------------
---------------------------------
| rollout/           |          |
|    ep_len_mean     | 992      |
|    ep_rew_mean     | 9.85e+03 |
| time/              |          |
|    episodes        | 488      |
|    fps             | 36       |
|    time_elapsed    | 13319    |
|    total_timesteps | 482879   |
| train/             |          |
|    actor_loss      | -945     |
|    critic_loss     | 30.6     |
|    ent_coef        | 0.359    |
|    ent_coef_loss   | -0.476   |
|    learning_rate   | 0.0003   |
|    n_updates       | 481878   |
---------------------------------
----------------------------------
| rollout/           |           |
|    ep_len_mean     | 992       |
|    ep_rew_mean     | 1e+04     |
| time/              |           |
|    episodes        | 492       |
|    fps             | 36        |
|    time_elapsed    | 13435     |
|    total_timesteps | 486879    |
| train/             |           |
|    actor_loss      | -1.07e+03 |
|    critic_loss     | 35.7      |
|    ent_coef        | 0.35      |
|    ent_coef_loss   | -0.112    |
|    learning_rate   | 0.0003    |
|    n_updates       | 485878    |
----------------------------------
----------------------------------
| rollout/           |           |
|    ep_len_mean     | 1e+03     |
|    ep_rew_mean     | 1.01e+04  |
| time/              |           |
|    episodes        | 496       |
|    fps             | 36        |
|    time_elapsed    | 13554     |
|    total_timesteps | 490879    |
| train/             |           |
|    actor_loss      | -1.21e+03 |
|    critic_loss     | 40.4      |
|    ent_coef        | 0.373     |
|    ent_coef_loss   | 0.21      |
|    learning_rate   | 0.0003    |
|    n_updates       | 489878    |
----------------------------------
----------------------------------
| rollout/           |           |
|    ep_len_mean     | 1e+03     |
|    ep_rew_mean     | 9.66e+03  |
| time/              |           |
|    episodes        | 500       |
|    fps             | 36        |
|    time_elapsed    | 13668     |
|    total_timesteps | 494879    |
| train/             |           |
|    actor_loss      | -1.14e+03 |
|    critic_loss     | 32.6      |
|    ent_coef        | 0.357     |
|    ent_coef_loss   | 0.175     |
|    learning_rate   | 0.0003    |
|    n_updates       | 493878    |
----------------------------------
----------------------------------
| rollout/           |           |
|    ep_len_mean     | 1e+03     |
|    ep_rew_mean     | 9.64e+03  |
| time/              |           |
|    episodes        | 504       |
|    fps             | 36        |
|    time_elapsed    | 13782     |
|    total_timesteps | 498879    |
| train/             |           |
|    actor_loss      | -1.17e+03 |
|    critic_loss     | 80.1      |
|    ent_coef        | 0.349     |
|    ent_coef_loss   | 0.188     |
|    learning_rate   | 0.0003    |
|    n_updates       | 497878    |
----------------------------------
[2026-06-21T21:52:15] Training complete in 13813.2s
[2026-06-21T21:52:15] Episodes: 505
[2026-06-21T21:52:15] Best reward: 22013.91
[2026-06-21T21:52:15] Mean reward (100ep): 9845.19
[2026-06-21T21:52:15] Final goal tolerance: 0.6
[2026-06-21T21:52:15] Curriculum stage: 0
[2026-06-21T21:52:15] Saved: {'model': 'C:\\Users\\ranjo\\OneDrive\\Desktop\\ARM-Model\\project_assets\\outputs\\Parallel_Seeds\\seed_03\\sac_model', 'history': 'C:\\Users\\ranjo\\OneDrive\\Desktop\\ARM-Model\\project_assets\\outputs\\Parallel_Seeds\\seed_03\\training_history.csv', 'stats': 'C:\\Users\\ranjo\\OneDrive\\Desktop\\ARM-Model\\project_assets\\outputs\\Parallel_Seeds\\seed_03\\training_stats.json'}
[2026-06-21T21:52:15] Running Fitts' Law sweep (10 trials per condition)...
[2026-06-21T21:52:53] Fitts sweep complete in 38.6s
[2026-06-21T21:52:53] Fitts: MT = +0.0153 + +0.1872 * ID, R^2 = 0.5727 (n_conditions = 16, trials_per_condition = 10)
[2026-06-21T21:52:54] Saved: C:\Users\ranjo\OneDrive\Desktop\ARM-Model\project_assets\outputs\Parallel_Seeds\seed_03\fitts_law.json
[2026-06-21T21:52:54] Saved: C:\Users\ranjo\OneDrive\Desktop\ARM-Model\project_assets\outputs\Parallel_Seeds\seed_03\fitts_law.png
[2026-06-21T21:52:54] Running 2/3 Power Law sweep (20 trials)...
[2026-06-21T21:52:56] Power Law sweep complete in 2.4s
[2026-06-21T21:52:56] Power Law: log V = -0.3426 + -0.2845 * log C, R = -0.3621, R^2 = 0.1311 (n_samples = 3411, n_trials = 0/20)
[2026-06-21T21:52:56] Saved: C:\Users\ranjo\OneDrive\Desktop\ARM-Model\project_assets\outputs\Parallel_Seeds\seed_03\power_law.json
[2026-06-21T21:52:56] Saved: C:\Users\ranjo\OneDrive\Desktop\ARM-Model\project_assets\outputs\Parallel_Seeds\seed_03\power_law.png
[2026-06-21T21:52:56] Session complete. Total wall time: 3:50:56.029009
[2026-06-21T21:52:56] ============================================================
