[2026-06-24T00:25:44] Starting Fischer session: algorithm=SAC, timesteps=500,000, direction=EAST, actuation=muscle, waypoints=[[2.5, 0.8], [0.2, 1.1], [1.8, -1.3]]
[2026-06-24T00:25:44] Save dir: C:\Users\ranjo\OneDrive\Desktop\ARM-Model\project_assets\outputs\Parallel_Seeds\seed_028
[2026-06-24T00:25:44] Waypoint mode active: 3 waypoints, current_waypoint_index=0 at every episode reset
Using cpu device
Wrapping the env with a `Monitor` wrapper
Wrapping the env in a DummyVecEnv.
[HoldCurriculum] Initial hold requirement: 10 steps (ladder: [10, 15, 20], threshold: 60%)
---------------------------------
| rollout/           |          |
|    ep_len_mean     | 1e+03    |
|    ep_rew_mean     | -7.3e+03 |
| time/              |          |
|    episodes        | 4        |
|    fps             | 89       |
|    time_elapsed    | 44       |
|    total_timesteps | 4000     |
| train/             |          |
|    actor_loss      | 74       |
|    critic_loss     | 0.157    |
|    ent_coef        | 0.41     |
|    ent_coef_loss   | -5.66    |
|    learning_rate   | 0.0003   |
|    n_updates       | 2999     |
---------------------------------
----------------------------------
| rollout/           |           |
|    ep_len_mean     | 1e+03     |
|    ep_rew_mean     | -4.69e+03 |
| time/              |           |
|    episodes        | 8         |
|    fps             | 77        |
|    time_elapsed    | 103       |
|    total_timesteps | 8000      |
| train/             |           |
|    actor_loss      | 111       |
|    critic_loss     | 1.63      |
|    ent_coef        | 0.141     |
|    ent_coef_loss   | -6.94     |
|    learning_rate   | 0.0003    |
|    n_updates       | 6999      |
----------------------------------
----------------------------------
| rollout/           |           |
|    ep_len_mean     | 1e+03     |
|    ep_rew_mean     | -3.47e+03 |
| time/              |           |
|    episodes        | 12        |
|    fps             | 73        |
|    time_elapsed    | 162       |
|    total_timesteps | 12000     |
| train/             |           |
|    actor_loss      | 89.1      |
|    critic_loss     | 3.7       |
|    ent_coef        | 0.092     |
|    ent_coef_loss   | -0.266    |
|    learning_rate   | 0.0003    |
|    n_updates       | 10999     |
----------------------------------
----------------------------------
| rollout/           |           |
|    ep_len_mean     | 1e+03     |
|    ep_rew_mean     | -2.78e+03 |
| time/              |           |
|    episodes        | 16        |
|    fps             | 71        |
|    time_elapsed    | 222       |
|    total_timesteps | 16000     |
| train/             |           |
|    actor_loss      | 85.5      |
|    critic_loss     | 11        |
|    ent_coef        | 0.0931    |
|    ent_coef_loss   | 0.302     |
|    learning_rate   | 0.0003    |
|    n_updates       | 14999     |
----------------------------------
----------------------------------
| rollout/           |           |
|    ep_len_mean     | 1e+03     |
|    ep_rew_mean     | -2.42e+03 |
| time/              |           |
|    episodes        | 20        |
|    fps             | 71        |
|    time_elapsed    | 281       |
|    total_timesteps | 20000     |
| train/             |           |
|    actor_loss      | 49.1      |
|    critic_loss     | 5.31      |
|    ent_coef        | 0.125     |
|    ent_coef_loss   | 0.248     |
|    learning_rate   | 0.0003    |
|    n_updates       | 18999     |
----------------------------------
----------------------------------
| rollout/           |           |
|    ep_len_mean     | 1e+03     |
|    ep_rew_mean     | -2.11e+03 |
| time/              |           |
|    episodes        | 24        |
|    fps             | 70        |
|    time_elapsed    | 340       |
|    total_timesteps | 24000     |
| train/             |           |
|    actor_loss      | 43.9      |
|    critic_loss     | 10.3      |
|    ent_coef        | 0.105     |
|    ent_coef_loss   | -1.05     |
|    learning_rate   | 0.0003    |
|    n_updates       | 22999     |
----------------------------------
----------------------------------
| rollout/           |           |
|    ep_len_mean     | 1e+03     |
|    ep_rew_mean     | -1.97e+03 |
| time/              |           |
|    episodes        | 28        |
|    fps             | 70        |
|    time_elapsed    | 399       |
|    total_timesteps | 28000     |
| train/             |           |
|    actor_loss      | 37.4      |
|    critic_loss     | 2.95      |
|    ent_coef        | 0.13      |
|    ent_coef_loss   | 0.0853    |
|    learning_rate   | 0.0003    |
|    n_updates       | 26999     |
----------------------------------
----------------------------------
| rollout/           |           |
|    ep_len_mean     | 1e+03     |
|    ep_rew_mean     | -1.87e+03 |
| time/              |           |
|    episodes        | 32        |
|    fps             | 69        |
|    time_elapsed    | 460       |
|    total_timesteps | 32000     |
| train/             |           |
|    actor_loss      | 22.8      |
|    critic_loss     | 3.67      |
|    ent_coef        | 0.106     |
|    ent_coef_loss   | 0.207     |
|    learning_rate   | 0.0003    |
|    n_updates       | 30999     |
----------------------------------
----------------------------------
| rollout/           |           |
|    ep_len_mean     | 1e+03     |
|    ep_rew_mean     | -1.76e+03 |
| time/              |           |
|    episodes        | 36        |
|    fps             | 69        |
|    time_elapsed    | 519       |
|    total_timesteps | 36000     |
| train/             |           |
|    actor_loss      | 28.7      |
|    critic_loss     | 2         |
|    ent_coef        | 0.117     |
|    ent_coef_loss   | 0.729     |
|    learning_rate   | 0.0003    |
|    n_updates       | 34999     |
----------------------------------
----------------------------------
| rollout/           |           |
|    ep_len_mean     | 1e+03     |
|    ep_rew_mean     | -1.66e+03 |
| time/              |           |
|    episodes        | 40        |
|    fps             | 69        |
|    time_elapsed    | 578       |
|    total_timesteps | 40000     |
| train/             |           |
|    actor_loss      | 33.4      |
|    critic_loss     | 1.29      |
|    ent_coef        | 0.0973    |
|    ent_coef_loss   | -0.837    |
|    learning_rate   | 0.0003    |
|    n_updates       | 38999     |
----------------------------------
----------------------------------
| rollout/           |           |
|    ep_len_mean     | 1e+03     |
|    ep_rew_mean     | -1.56e+03 |
| time/              |           |
|    episodes        | 44        |
|    fps             | 68        |
|    time_elapsed    | 639       |
|    total_timesteps | 44000     |
| train/             |           |
|    actor_loss      | 31        |
|    critic_loss     | 2.82      |
|    ent_coef        | 0.117     |
|    ent_coef_loss   | 0.325     |
|    learning_rate   | 0.0003    |
|    n_updates       | 42999     |
----------------------------------
----------------------------------
| rollout/           |           |
|    ep_len_mean     | 1e+03     |
|    ep_rew_mean     | -1.48e+03 |
| time/              |           |
|    episodes        | 48        |
|    fps             | 68        |
|    time_elapsed    | 700       |
|    total_timesteps | 48000     |
| train/             |           |
|    actor_loss      | 38.1      |
|    critic_loss     | 4.25      |
|    ent_coef        | 0.115     |
|    ent_coef_loss   | -0.65     |
|    learning_rate   | 0.0003    |
|    n_updates       | 46999     |
----------------------------------
----------------------------------
| rollout/           |           |
|    ep_len_mean     | 1e+03     |
|    ep_rew_mean     | -1.42e+03 |
| time/              |           |
|    episodes        | 52        |
|    fps             | 68        |
|    time_elapsed    | 761       |
|    total_timesteps | 52000     |
| train/             |           |
|    actor_loss      | 34.4      |
|    critic_loss     | 2.86      |
|    ent_coef        | 0.109     |
|    ent_coef_loss   | -0.278    |
|    learning_rate   | 0.0003    |
|    n_updates       | 50999     |
----------------------------------
----------------------------------
| rollout/           |           |
|    ep_len_mean     | 1e+03     |
|    ep_rew_mean     | -1.37e+03 |
| time/              |           |
|    episodes        | 56        |
|    fps             | 68        |
|    time_elapsed    | 821       |
|    total_timesteps | 56000     |
| train/             |           |
|    actor_loss      | 26.4      |
|    critic_loss     | 1.34      |
|    ent_coef        | 0.123     |
|    ent_coef_loss   | -0.798    |
|    learning_rate   | 0.0003    |
|    n_updates       | 54999     |
----------------------------------
----------------------------------
| rollout/           |           |
|    ep_len_mean     | 1e+03     |
|    ep_rew_mean     | -1.33e+03 |
| time/              |           |
|    episodes        | 60        |
|    fps             | 67        |
|    time_elapsed    | 882       |
|    total_timesteps | 60000     |
| train/             |           |
|    actor_loss      | 25.6      |
|    critic_loss     | 1.96      |
|    ent_coef        | 0.0884    |
|    ent_coef_loss   | -0.683    |
|    learning_rate   | 0.0003    |
|    n_updates       | 58999     |
----------------------------------
----------------------------------
| rollout/           |           |
|    ep_len_mean     | 1e+03     |
|    ep_rew_mean     | -1.29e+03 |
| time/              |           |
|    episodes        | 64        |
|    fps             | 67        |
|    time_elapsed    | 944       |
|    total_timesteps | 64000     |
| train/             |           |
|    actor_loss      | 23.9      |
|    critic_loss     | 1.45      |
|    ent_coef        | 0.0914    |
|    ent_coef_loss   | -1.05     |
|    learning_rate   | 0.0003    |
|    n_updates       | 62999     |
----------------------------------
----------------------------------
| rollout/           |           |
|    ep_len_mean     | 1e+03     |
|    ep_rew_mean     | -1.24e+03 |
| time/              |           |
|    episodes        | 68        |
|    fps             | 67        |
|    time_elapsed    | 1007      |
|    total_timesteps | 68000     |
| train/             |           |
|    actor_loss      | 20.4      |
|    critic_loss     | 1.95      |
|    ent_coef        | 0.0902    |
|    ent_coef_loss   | -0.982    |
|    learning_rate   | 0.0003    |
|    n_updates       | 66999     |
----------------------------------
---------------------------------
| rollout/           |          |
|    ep_len_mean     | 1e+03    |
|    ep_rew_mean     | -1.3e+03 |
| time/              |          |
|    episodes        | 72       |
|    fps             | 67       |
|    time_elapsed    | 1070     |
|    total_timesteps | 72000    |
| train/             |          |
|    actor_loss      | 25.3     |
|    critic_loss     | 2.53     |
|    ent_coef        | 0.0849   |
|    ent_coef_loss   | 0.996    |
|    learning_rate   | 0.0003   |
|    n_updates       | 70999    |
---------------------------------
----------------------------------
| rollout/           |           |
|    ep_len_mean     | 1e+03     |
|    ep_rew_mean     | -1.26e+03 |
| time/              |           |
|    episodes        | 76        |
|    fps             | 67        |
|    time_elapsed    | 1133      |
|    total_timesteps | 76000     |
| train/             |           |
|    actor_loss      | 22.5      |
|    critic_loss     | 2.42      |
|    ent_coef        | 0.102     |
|    ent_coef_loss   | 0.506     |
|    learning_rate   | 0.0003    |
|    n_updates       | 74999     |
----------------------------------
---------------------------------
| rollout/           |          |
|    ep_len_mean     | 1e+03    |
|    ep_rew_mean     | -1.2e+03 |
| time/              |          |
|    episodes        | 80       |
|    fps             | 66       |
|    time_elapsed    | 1197     |
|    total_timesteps | 80000    |
| train/             |          |
|    actor_loss      | 30.8     |
|    critic_loss     | 1.97     |
|    ent_coef        | 0.109    |
|    ent_coef_loss   | 0.269    |
|    learning_rate   | 0.0003   |
|    n_updates       | 78999    |
---------------------------------
----------------------------------
| rollout/           |           |
|    ep_len_mean     | 1e+03     |
|    ep_rew_mean     | -1.13e+03 |
| time/              |           |
|    episodes        | 84        |
|    fps             | 66        |
|    time_elapsed    | 1260      |
|    total_timesteps | 84000     |
| train/             |           |
|    actor_loss      | 20.2      |
|    critic_loss     | 2.08      |
|    ent_coef        | 0.122     |
|    ent_coef_loss   | 0.404     |
|    learning_rate   | 0.0003    |
|    n_updates       | 82999     |
----------------------------------
----------------------------------
| rollout/           |           |
|    ep_len_mean     | 1e+03     |
|    ep_rew_mean     | -1.07e+03 |
| time/              |           |
|    episodes        | 88        |
|    fps             | 66        |
|    time_elapsed    | 1322      |
|    total_timesteps | 88000     |
| train/             |           |
|    actor_loss      | 9.45      |
|    critic_loss     | 4.31      |
|    ent_coef        | 0.116     |
|    ent_coef_loss   | -0.739    |
|    learning_rate   | 0.0003    |
|    n_updates       | 86999     |
----------------------------------
----------------------------------
| rollout/           |           |
|    ep_len_mean     | 1e+03     |
|    ep_rew_mean     | -1.05e+03 |
| time/              |           |
|    episodes        | 92        |
|    fps             | 66        |
|    time_elapsed    | 1385      |
|    total_timesteps | 92000     |
| train/             |           |
|    actor_loss      | 7.02      |
|    critic_loss     | 4.19      |
|    ent_coef        | 0.118     |
|    ent_coef_loss   | -0.898    |
|    learning_rate   | 0.0003    |
|    n_updates       | 90999     |
----------------------------------
----------------------------------
| rollout/           |           |
|    ep_len_mean     | 1e+03     |
|    ep_rew_mean     | -1.01e+03 |
| time/              |           |
|    episodes        | 96        |
|    fps             | 66        |
|    time_elapsed    | 1447      |
|    total_timesteps | 96000     |
| train/             |           |
|    actor_loss      | 1.62      |
|    critic_loss     | 1.77      |
|    ent_coef        | 0.106     |
|    ent_coef_loss   | -0.793    |
|    learning_rate   | 0.0003    |
|    n_updates       | 94999     |
----------------------------------
---------------------------------
| rollout/           |          |
|    ep_len_mean     | 1e+03    |
|    ep_rew_mean     | -970     |
| time/              |          |
|    episodes        | 100      |
|    fps             | 66       |
|    time_elapsed    | 1508     |
|    total_timesteps | 100000   |
| train/             |          |
|    actor_loss      | -1.34    |
|    critic_loss     | 6.67     |
|    ent_coef        | 0.138    |
|    ent_coef_loss   | 1.58     |
|    learning_rate   | 0.0003   |
|    n_updates       | 98999    |
---------------------------------
---------------------------------
| rollout/           |          |
|    ep_len_mean     | 1e+03    |
|    ep_rew_mean     | -674     |
| time/              |          |
|    episodes        | 104      |
|    fps             | 66       |
|    time_elapsed    | 1571     |
|    total_timesteps | 104000   |
| train/             |          |
|    actor_loss      | -25.7    |
|    critic_loss     | 5.19     |
|    ent_coef        | 0.274    |
|    ent_coef_loss   | 0.373    |
|    learning_rate   | 0.0003   |
|    n_updates       | 102999   |
---------------------------------
---------------------------------
| rollout/           |          |
|    ep_len_mean     | 1e+03    |
|    ep_rew_mean     | -685     |
| time/              |          |
|    episodes        | 108      |
|    fps             | 66       |
|    time_elapsed    | 1634     |
|    total_timesteps | 108000   |
| train/             |          |
|    actor_loss      | -40.6    |
|    critic_loss     | 112      |
|    ent_coef        | 0.228    |
|    ent_coef_loss   | 0.72     |
|    learning_rate   | 0.0003   |
|    n_updates       | 106999   |
---------------------------------
---------------------------------
| rollout/           |          |
|    ep_len_mean     | 1e+03    |
|    ep_rew_mean     | -773     |
| time/              |          |
|    episodes        | 112      |
|    fps             | 66       |
|    time_elapsed    | 1696     |
|    total_timesteps | 112000   |
| train/             |          |
|    actor_loss      | -64.2    |
|    critic_loss     | 12.7     |
|    ent_coef        | 0.165    |
|    ent_coef_loss   | -0.633   |
|    learning_rate   | 0.0003   |
|    n_updates       | 110999   |
---------------------------------
---------------------------------
| rollout/           |          |
|    ep_len_mean     | 1e+03    |
|    ep_rew_mean     | -999     |
| time/              |          |
|    episodes        | 116      |
|    fps             | 65       |
|    time_elapsed    | 1759     |
|    total_timesteps | 116000   |
| train/             |          |
|    actor_loss      | -86.6    |
|    critic_loss     | 34.2     |
|    ent_coef        | 0.142    |
|    ent_coef_loss   | -0.783   |
|    learning_rate   | 0.0003   |
|    n_updates       | 114999   |
---------------------------------
----------------------------------
| rollout/           |           |
|    ep_len_mean     | 1e+03     |
|    ep_rew_mean     | -1.03e+03 |
| time/              |           |
|    episodes        | 120       |
|    fps             | 65        |
|    time_elapsed    | 1822      |
|    total_timesteps | 120000    |
| train/             |           |
|    actor_loss      | -77.3     |
|    critic_loss     | 2.87      |
|    ent_coef        | 0.087     |
|    ent_coef_loss   | -1.35     |
|    learning_rate   | 0.0003    |
|    n_updates       | 118999    |
----------------------------------
----------------------------------
| rollout/           |           |
|    ep_len_mean     | 1e+03     |
|    ep_rew_mean     | -1.03e+03 |
| time/              |           |
|    episodes        | 124       |
|    fps             | 65        |
|    time_elapsed    | 1885      |
|    total_timesteps | 124000    |
| train/             |           |
|    actor_loss      | -67       |
|    critic_loss     | 9.5       |
|    ent_coef        | 0.0969    |
|    ent_coef_loss   | -0.347    |
|    learning_rate   | 0.0003    |
|    n_updates       | 122999    |
----------------------------------
---------------------------------
| rollout/           |          |
|    ep_len_mean     | 1e+03    |
|    ep_rew_mean     | -991     |
| time/              |          |
|    episodes        | 128      |
|    fps             | 65       |
|    time_elapsed    | 1949     |
|    total_timesteps | 128000   |
| train/             |          |
|    actor_loss      | -60.4    |
|    critic_loss     | 3.41     |
|    ent_coef        | 0.0855   |
|    ent_coef_loss   | 0.323    |
|    learning_rate   | 0.0003   |
|    n_updates       | 126999   |
---------------------------------
---------------------------------
| rollout/           |          |
|    ep_len_mean     | 1e+03    |
|    ep_rew_mean     | -936     |
| time/              |          |
|    episodes        | 132      |
|    fps             | 65       |
|    time_elapsed    | 2014     |
|    total_timesteps | 132000   |
| train/             |          |
|    actor_loss      | -54      |
|    critic_loss     | 1.59     |
|    ent_coef        | 0.0727   |
|    ent_coef_loss   | -0.449   |
|    learning_rate   | 0.0003   |
|    n_updates       | 130999   |
---------------------------------
---------------------------------
| rollout/           |          |
|    ep_len_mean     | 1e+03    |
|    ep_rew_mean     | -898     |
| time/              |          |
|    episodes        | 136      |
|    fps             | 65       |
|    time_elapsed    | 2078     |
|    total_timesteps | 136000   |
| train/             |          |
|    actor_loss      | -34.8    |
|    critic_loss     | 3.43     |
|    ent_coef        | 0.0694   |
|    ent_coef_loss   | -0.189   |
|    learning_rate   | 0.0003   |
|    n_updates       | 134999   |
---------------------------------
---------------------------------
| rollout/           |          |
|    ep_len_mean     | 1e+03    |
|    ep_rew_mean     | -865     |
| time/              |          |
|    episodes        | 140      |
|    fps             | 65       |
|    time_elapsed    | 2140     |
|    total_timesteps | 140000   |
| train/             |          |
|    actor_loss      | -22.6    |
|    critic_loss     | 2.04     |
|    ent_coef        | 0.0592   |
|    ent_coef_loss   | -0.466   |
|    learning_rate   | 0.0003   |
|    n_updates       | 138999   |
---------------------------------
---------------------------------
| rollout/           |          |
|    ep_len_mean     | 1e+03    |
|    ep_rew_mean     | -830     |
| time/              |          |
|    episodes        | 144      |
|    fps             | 65       |
|    time_elapsed    | 2204     |
|    total_timesteps | 144000   |
| train/             |          |
|    actor_loss      | -40.1    |
|    critic_loss     | 1.26     |
|    ent_coef        | 0.0603   |
|    ent_coef_loss   | -0.179   |
|    learning_rate   | 0.0003   |
|    n_updates       | 142999   |
---------------------------------
---------------------------------
| rollout/           |          |
|    ep_len_mean     | 1e+03    |
|    ep_rew_mean     | -799     |
| time/              |          |
|    episodes        | 148      |
|    fps             | 65       |
|    time_elapsed    | 2268     |
|    total_timesteps | 148000   |
| train/             |          |
|    actor_loss      | -35.1    |
|    critic_loss     | 3.01     |
|    ent_coef        | 0.0667   |
|    ent_coef_loss   | 0.234    |
|    learning_rate   | 0.0003   |
|    n_updates       | 146999   |
---------------------------------
---------------------------------
| rollout/           |          |
|    ep_len_mean     | 1e+03    |
|    ep_rew_mean     | -763     |
| time/              |          |
|    episodes        | 152      |
|    fps             | 65       |
|    time_elapsed    | 2331     |
|    total_timesteps | 152000   |
| train/             |          |
|    actor_loss      | -27.7    |
|    critic_loss     | 1.82     |
|    ent_coef        | 0.07     |
|    ent_coef_loss   | 1.8      |
|    learning_rate   | 0.0003   |
|    n_updates       | 150999   |
---------------------------------
---------------------------------
| rollout/           |          |
|    ep_len_mean     | 1e+03    |
|    ep_rew_mean     | -726     |
| time/              |          |
|    episodes        | 156      |
|    fps             | 65       |
|    time_elapsed    | 2394     |
|    total_timesteps | 156000   |
| train/             |          |
|    actor_loss      | -35.6    |
|    critic_loss     | 2.56     |
|    ent_coef        | 0.0735   |
|    ent_coef_loss   | 0.0791   |
|    learning_rate   | 0.0003   |
|    n_updates       | 154999   |
---------------------------------
---------------------------------
| rollout/           |          |
|    ep_len_mean     | 1e+03    |
|    ep_rew_mean     | -693     |
| time/              |          |
|    episodes        | 160      |
|    fps             | 65       |
|    time_elapsed    | 2457     |
|    total_timesteps | 160000   |
| train/             |          |
|    actor_loss      | -31.7    |
|    critic_loss     | 1.23     |
|    ent_coef        | 0.0683   |
|    ent_coef_loss   | 0.582    |
|    learning_rate   | 0.0003   |
|    n_updates       | 158999   |
---------------------------------
---------------------------------
| rollout/           |          |
|    ep_len_mean     | 1e+03    |
|    ep_rew_mean     | -673     |
| time/              |          |
|    episodes        | 164      |
|    fps             | 65       |
|    time_elapsed    | 2520     |
|    total_timesteps | 164000   |
| train/             |          |
|    actor_loss      | -32.9    |
|    critic_loss     | 0.942    |
|    ent_coef        | 0.0622   |
|    ent_coef_loss   | 0.263    |
|    learning_rate   | 0.0003   |
|    n_updates       | 162999   |
---------------------------------
---------------------------------
| rollout/           |          |
|    ep_len_mean     | 1e+03    |
|    ep_rew_mean     | -646     |
| time/              |          |
|    episodes        | 168      |
|    fps             | 65       |
|    time_elapsed    | 2584     |
|    total_timesteps | 168000   |
| train/             |          |
|    actor_loss      | -31.1    |
|    critic_loss     | 1.44     |
|    ent_coef        | 0.0707   |
|    ent_coef_loss   | 0.158    |
|    learning_rate   | 0.0003   |
|    n_updates       | 166999   |
---------------------------------
---------------------------------
| rollout/           |          |
|    ep_len_mean     | 1e+03    |
|    ep_rew_mean     | -529     |
| time/              |          |
|    episodes        | 172      |
|    fps             | 64       |
|    time_elapsed    | 2647     |
|    total_timesteps | 172000   |
| train/             |          |
|    actor_loss      | -47.4    |
|    critic_loss     | 0.981    |
|    ent_coef        | 0.0838   |
|    ent_coef_loss   | 0.185    |
|    learning_rate   | 0.0003   |
|    n_updates       | 170999   |
---------------------------------
---------------------------------
| rollout/           |          |
|    ep_len_mean     | 1e+03    |
|    ep_rew_mean     | -490     |
| time/              |          |
|    episodes        | 176      |
|    fps             | 64       |
|    time_elapsed    | 2710     |
|    total_timesteps | 176000   |
| train/             |          |
|    actor_loss      | -58.6    |
|    critic_loss     | 1.27     |
|    ent_coef        | 0.0993   |
|    ent_coef_loss   | 1.34     |
|    learning_rate   | 0.0003   |
|    n_updates       | 174999   |
---------------------------------
---------------------------------
| rollout/           |          |
|    ep_len_mean     | 1e+03    |
|    ep_rew_mean     | -479     |
| time/              |          |
|    episodes        | 180      |
|    fps             | 64       |
|    time_elapsed    | 2774     |
|    total_timesteps | 180000   |
| train/             |          |
|    actor_loss      | -76.4    |
|    critic_loss     | 2.37     |
|    ent_coef        | 0.113    |
|    ent_coef_loss   | -0.488   |
|    learning_rate   | 0.0003   |
|    n_updates       | 178999   |
---------------------------------
---------------------------------
| rollout/           |          |
|    ep_len_mean     | 1e+03    |
|    ep_rew_mean     | -500     |
| time/              |          |
|    episodes        | 184      |
|    fps             | 64       |
|    time_elapsed    | 2838     |
|    total_timesteps | 184000   |
| train/             |          |
|    actor_loss      | -92.3    |
|    critic_loss     | 1.63     |
|    ent_coef        | 0.124    |
|    ent_coef_loss   | -0.424   |
|    learning_rate   | 0.0003   |
|    n_updates       | 182999   |
---------------------------------
---------------------------------
| rollout/           |          |
|    ep_len_mean     | 1e+03    |
|    ep_rew_mean     | -545     |
| time/              |          |
|    episodes        | 188      |
|    fps             | 64       |
|    time_elapsed    | 2903     |
|    total_timesteps | 188000   |
| train/             |          |
|    actor_loss      | -84.2    |
|    critic_loss     | 1.8      |
|    ent_coef        | 0.0859   |
|    ent_coef_loss   | 0.247    |
|    learning_rate   | 0.0003   |
|    n_updates       | 186999   |
---------------------------------
---------------------------------
| rollout/           |          |
|    ep_len_mean     | 1e+03    |
|    ep_rew_mean     | -570     |
| time/              |          |
|    episodes        | 192      |
|    fps             | 64       |
|    time_elapsed    | 2971     |
|    total_timesteps | 192000   |
| train/             |          |
|    actor_loss      | -87      |
|    critic_loss     | 5.18     |
|    ent_coef        | 0.0823   |
|    ent_coef_loss   | 0.789    |
|    learning_rate   | 0.0003   |
|    n_updates       | 190999   |
---------------------------------
---------------------------------
| rollout/           |          |
|    ep_len_mean     | 1e+03    |
|    ep_rew_mean     | -581     |
| time/              |          |
|    episodes        | 196      |
|    fps             | 64       |
|    time_elapsed    | 3040     |
|    total_timesteps | 196000   |
| train/             |          |
|    actor_loss      | -81.9    |
|    critic_loss     | 1.41     |
|    ent_coef        | 0.0702   |
|    ent_coef_loss   | 0.42     |
|    learning_rate   | 0.0003   |
|    n_updates       | 194999   |
---------------------------------
---------------------------------
| rollout/           |          |
|    ep_len_mean     | 1e+03    |
|    ep_rew_mean     | -563     |
| time/              |          |
|    episodes        | 200      |
|    fps             | 64       |
|    time_elapsed    | 3108     |
|    total_timesteps | 200000   |
| train/             |          |
|    actor_loss      | -83.6    |
|    critic_loss     | 1.3      |
|    ent_coef        | 0.0763   |
|    ent_coef_loss   | -0.656   |
|    learning_rate   | 0.0003   |
|    n_updates       | 198999   |
---------------------------------
---------------------------------
| rollout/           |          |
|    ep_len_mean     | 1e+03    |
|    ep_rew_mean     | -546     |
| time/              |          |
|    episodes        | 204      |
|    fps             | 64       |
|    time_elapsed    | 3178     |
|    total_timesteps | 204000   |
| train/             |          |
|    actor_loss      | -83.8    |
|    critic_loss     | 2.39     |
|    ent_coef        | 0.0867   |
|    ent_coef_loss   | -0.573   |
|    learning_rate   | 0.0003   |
|    n_updates       | 202999   |
---------------------------------
---------------------------------
| rollout/           |          |
|    ep_len_mean     | 1e+03    |
|    ep_rew_mean     | -434     |
| time/              |          |
|    episodes        | 208      |
|    fps             | 64       |
|    time_elapsed    | 3247     |
|    total_timesteps | 208000   |
| train/             |          |
|    actor_loss      | -82.3    |
|    critic_loss     | 0.699    |
|    ent_coef        | 0.0714   |
|    ent_coef_loss   | -0.48    |
|    learning_rate   | 0.0003   |
|    n_updates       | 206999   |
---------------------------------
---------------------------------
| rollout/           |          |
|    ep_len_mean     | 1e+03    |
|    ep_rew_mean     | -330     |
| time/              |          |
|    episodes        | 212      |
|    fps             | 63       |
|    time_elapsed    | 3318     |
|    total_timesteps | 212000   |
| train/             |          |
|    actor_loss      | -76.6    |
|    critic_loss     | 2.76     |
|    ent_coef        | 0.0626   |
|    ent_coef_loss   | 0.0158   |
|    learning_rate   | 0.0003   |
|    n_updates       | 210999   |
---------------------------------
---------------------------------
| rollout/           |          |
|    ep_len_mean     | 1e+03    |
|    ep_rew_mean     | -131     |
| time/              |          |
|    episodes        | 216      |
|    fps             | 63       |
|    time_elapsed    | 3390     |
|    total_timesteps | 216000   |
| train/             |          |
|    actor_loss      | -66.3    |
|    critic_loss     | 0.681    |
|    ent_coef        | 0.0647   |
|    ent_coef_loss   | -0.126   |
|    learning_rate   | 0.0003   |
|    n_updates       | 214999   |
---------------------------------
---------------------------------
| rollout/           |          |
|    ep_len_mean     | 1e+03    |
|    ep_rew_mean     | -39.2    |
| time/              |          |
|    episodes        | 220      |
|    fps             | 63       |
|    time_elapsed    | 3458     |
|    total_timesteps | 220000   |
| train/             |          |
|    actor_loss      | -66.3    |
|    critic_loss     | 0.567    |
|    ent_coef        | 0.0661   |
|    ent_coef_loss   | 0.115    |
|    learning_rate   | 0.0003   |
|    n_updates       | 218999   |
---------------------------------
---------------------------------
| rollout/           |          |
|    ep_len_mean     | 1e+03    |
|    ep_rew_mean     | 2.38     |
| time/              |          |
|    episodes        | 224      |
|    fps             | 63       |
|    time_elapsed    | 3527     |
|    total_timesteps | 224000   |
| train/             |          |
|    actor_loss      | -68.4    |
|    critic_loss     | 0.46     |
|    ent_coef        | 0.0567   |
|    ent_coef_loss   | -0.125   |
|    learning_rate   | 0.0003   |
|    n_updates       | 222999   |
---------------------------------
---------------------------------
| rollout/           |          |
|    ep_len_mean     | 1e+03    |
|    ep_rew_mean     | 24.8     |
| time/              |          |
|    episodes        | 228      |
|    fps             | 63       |
|    time_elapsed    | 3594     |
|    total_timesteps | 228000   |
| train/             |          |
|    actor_loss      | -63      |
|    critic_loss     | 0.588    |
|    ent_coef        | 0.0465   |
|    ent_coef_loss   | 1.25     |
|    learning_rate   | 0.0003   |
|    n_updates       | 226999   |
---------------------------------
---------------------------------
| rollout/           |          |
|    ep_len_mean     | 1e+03    |
|    ep_rew_mean     | 25.5     |
| time/              |          |
|    episodes        | 232      |
|    fps             | 63       |
|    time_elapsed    | 3662     |
|    total_timesteps | 232000   |
| train/             |          |
|    actor_loss      | -64.7    |
|    critic_loss     | 0.621    |
|    ent_coef        | 0.0545   |
|    ent_coef_loss   | 0.794    |
|    learning_rate   | 0.0003   |
|    n_updates       | 230999   |
---------------------------------
---------------------------------
| rollout/           |          |
|    ep_len_mean     | 1e+03    |
|    ep_rew_mean     | 43.2     |
| time/              |          |
|    episodes        | 236      |
|    fps             | 63       |
|    time_elapsed    | 3728     |
|    total_timesteps | 236000   |
| train/             |          |
|    actor_loss      | -70.3    |
|    critic_loss     | 0.4      |
|    ent_coef        | 0.0644   |
|    ent_coef_loss   | 0.402    |
|    learning_rate   | 0.0003   |
|    n_updates       | 234999   |
---------------------------------
---------------------------------
| rollout/           |          |
|    ep_len_mean     | 1e+03    |
|    ep_rew_mean     | 57.7     |
| time/              |          |
|    episodes        | 240      |
|    fps             | 63       |
|    time_elapsed    | 3796     |
|    total_timesteps | 240000   |
| train/             |          |
|    actor_loss      | -74      |
|    critic_loss     | 1.42     |
|    ent_coef        | 0.0469   |
|    ent_coef_loss   | -0.611   |
|    learning_rate   | 0.0003   |
|    n_updates       | 238999   |
---------------------------------
---------------------------------
| rollout/           |          |
|    ep_len_mean     | 1e+03    |
|    ep_rew_mean     | 26.6     |
| time/              |          |
|    episodes        | 244      |
|    fps             | 63       |
|    time_elapsed    | 3864     |
|    total_timesteps | 244000   |
| train/             |          |
|    actor_loss      | -69.4    |
|    critic_loss     | 0.728    |
|    ent_coef        | 0.041    |
|    ent_coef_loss   | -0.767   |
|    learning_rate   | 0.0003   |
|    n_updates       | 242999   |
---------------------------------
---------------------------------
| rollout/           |          |
|    ep_len_mean     | 1e+03    |
|    ep_rew_mean     | 36       |
| time/              |          |
|    episodes        | 248      |
|    fps             | 63       |
|    time_elapsed    | 3932     |
|    total_timesteps | 248000   |
| train/             |          |
|    actor_loss      | -59.3    |
|    critic_loss     | 0.829    |
|    ent_coef        | 0.0412   |
|    ent_coef_loss   | -0.271   |
|    learning_rate   | 0.0003   |
|    n_updates       | 246999   |
---------------------------------
---------------------------------
| rollout/           |          |
|    ep_len_mean     | 1e+03    |
|    ep_rew_mean     | 50.3     |
| time/              |          |
|    episodes        | 252      |
|    fps             | 63       |
|    time_elapsed    | 3998     |
|    total_timesteps | 252000   |
| train/             |          |
|    actor_loss      | -63.3    |
|    critic_loss     | 0.409    |
|    ent_coef        | 0.0365   |
|    ent_coef_loss   | -0.957   |
|    learning_rate   | 0.0003   |
|    n_updates       | 250999   |
---------------------------------
---------------------------------
| rollout/           |          |
|    ep_len_mean     | 1e+03    |
|    ep_rew_mean     | 63.2     |
| time/              |          |
|    episodes        | 256      |
|    fps             | 63       |
|    time_elapsed    | 4063     |
|    total_timesteps | 256000   |
| train/             |          |
|    actor_loss      | -64.6    |
|    critic_loss     | 0.395    |
|    ent_coef        | 0.0421   |
|    ent_coef_loss   | -0.547   |
|    learning_rate   | 0.0003   |
|    n_updates       | 254999   |
---------------------------------
---------------------------------
| rollout/           |          |
|    ep_len_mean     | 1e+03    |
|    ep_rew_mean     | 88.8     |
| time/              |          |
|    episodes        | 260      |
|    fps             | 62       |
|    time_elapsed    | 4128     |
|    total_timesteps | 260000   |
| train/             |          |
|    actor_loss      | -69.4    |
|    critic_loss     | 0.278    |
|    ent_coef        | 0.0412   |
|    ent_coef_loss   | 0.0141   |
|    learning_rate   | 0.0003   |
|    n_updates       | 258999   |
---------------------------------
---------------------------------
| rollout/           |          |
|    ep_len_mean     | 1e+03    |
|    ep_rew_mean     | 114      |
| time/              |          |
|    episodes        | 264      |
|    fps             | 62       |
|    time_elapsed    | 4194     |
|    total_timesteps | 264000   |
| train/             |          |
|    actor_loss      | -65.3    |
|    critic_loss     | 0.18     |
|    ent_coef        | 0.0371   |
|    ent_coef_loss   | 0.119    |
|    learning_rate   | 0.0003   |
|    n_updates       | 262999   |
---------------------------------
---------------------------------
| rollout/           |          |
|    ep_len_mean     | 1e+03    |
|    ep_rew_mean     | 120      |
| time/              |          |
|    episodes        | 268      |
|    fps             | 62       |
|    time_elapsed    | 4260     |
|    total_timesteps | 268000   |
| train/             |          |
|    actor_loss      | -57.1    |
|    critic_loss     | 0.196    |
|    ent_coef        | 0.0322   |
|    ent_coef_loss   | 0.701    |
|    learning_rate   | 0.0003   |
|    n_updates       | 266999   |
---------------------------------
---------------------------------
| rollout/           |          |
|    ep_len_mean     | 1e+03    |
|    ep_rew_mean     | 125      |
| time/              |          |
|    episodes        | 272      |
|    fps             | 62       |
|    time_elapsed    | 4327     |
|    total_timesteps | 272000   |
| train/             |          |
|    actor_loss      | -68      |
|    critic_loss     | 0.213    |
|    ent_coef        | 0.0365   |
|    ent_coef_loss   | -1.5     |
|    learning_rate   | 0.0003   |
|    n_updates       | 270999   |
---------------------------------
---------------------------------
| rollout/           |          |
|    ep_len_mean     | 1e+03    |
|    ep_rew_mean     | 130      |
| time/              |          |
|    episodes        | 276      |
|    fps             | 62       |
|    time_elapsed    | 4386     |
|    total_timesteps | 276000   |
| train/             |          |
|    actor_loss      | -56      |
|    critic_loss     | 1.72     |
|    ent_coef        | 0.0351   |
|    ent_coef_loss   | 0.58     |
|    learning_rate   | 0.0003   |
|    n_updates       | 274999   |
---------------------------------
---------------------------------
| rollout/           |          |
|    ep_len_mean     | 1e+03    |
|    ep_rew_mean     | 149      |
| time/              |          |
|    episodes        | 280      |
|    fps             | 63       |
|    time_elapsed    | 4440     |
|    total_timesteps | 280000   |
| train/             |          |
|    actor_loss      | -62.3    |
|    critic_loss     | 0.545    |
|    ent_coef        | 0.0327   |
|    ent_coef_loss   | 1.27     |
|    learning_rate   | 0.0003   |
|    n_updates       | 278999   |
---------------------------------
---------------------------------
| rollout/           |          |
|    ep_len_mean     | 1e+03    |
|    ep_rew_mean     | 187      |
| time/              |          |
|    episodes        | 284      |
|    fps             | 63       |
|    time_elapsed    | 4494     |
|    total_timesteps | 284000   |
| train/             |          |
|    actor_loss      | -64.9    |
|    critic_loss     | 0.521    |
|    ent_coef        | 0.033    |
|    ent_coef_loss   | 0.318    |
|    learning_rate   | 0.0003   |
|    n_updates       | 282999   |
---------------------------------
---------------------------------
| rollout/           |          |
|    ep_len_mean     | 1e+03    |
|    ep_rew_mean     | 241      |
| time/              |          |
|    episodes        | 288      |
|    fps             | 63       |
|    time_elapsed    | 4547     |
|    total_timesteps | 288000   |
| train/             |          |
|    actor_loss      | -65.7    |
|    critic_loss     | 0.171    |
|    ent_coef        | 0.0357   |
|    ent_coef_loss   | -0.219   |
|    learning_rate   | 0.0003   |
|    n_updates       | 286999   |
---------------------------------
---------------------------------
| rollout/           |          |
|    ep_len_mean     | 1e+03    |
|    ep_rew_mean     | 311      |
| time/              |          |
|    episodes        | 292      |
|    fps             | 63       |
|    time_elapsed    | 4602     |
|    total_timesteps | 292000   |
| train/             |          |
|    actor_loss      | -69.1    |
|    critic_loss     | 0.366    |
|    ent_coef        | 0.0362   |
|    ent_coef_loss   | -1.36    |
|    learning_rate   | 0.0003   |
|    n_updates       | 290999   |
---------------------------------
---------------------------------
| rollout/           |          |
|    ep_len_mean     | 1e+03    |
|    ep_rew_mean     | 337      |
| time/              |          |
|    episodes        | 296      |
|    fps             | 63       |
|    time_elapsed    | 4657     |
|    total_timesteps | 296000   |
| train/             |          |
|    actor_loss      | -68.5    |
|    critic_loss     | 0.147    |
|    ent_coef        | 0.0316   |
|    ent_coef_loss   | -0.357   |
|    learning_rate   | 0.0003   |
|    n_updates       | 294999   |
---------------------------------
---------------------------------
| rollout/           |          |
|    ep_len_mean     | 1e+03    |
|    ep_rew_mean     | 337      |
| time/              |          |
|    episodes        | 300      |
|    fps             | 63       |
|    time_elapsed    | 4711     |
|    total_timesteps | 300000   |
| train/             |          |
|    actor_loss      | -70.9    |
|    critic_loss     | 0.418    |
|    ent_coef        | 0.0321   |
|    ent_coef_loss   | -0.00885 |
|    learning_rate   | 0.0003   |
|    n_updates       | 298999   |
---------------------------------
---------------------------------
| rollout/           |          |
|    ep_len_mean     | 1e+03    |
|    ep_rew_mean     | 343      |
| time/              |          |
|    episodes        | 304      |
|    fps             | 63       |
|    time_elapsed    | 4765     |
|    total_timesteps | 304000   |
| train/             |          |
|    actor_loss      | -66.8    |
|    critic_loss     | 0.135    |
|    ent_coef        | 0.0353   |
|    ent_coef_loss   | -0.847   |
|    learning_rate   | 0.0003   |
|    n_updates       | 302999   |
---------------------------------
---------------------------------
| rollout/           |          |
|    ep_len_mean     | 1e+03    |
|    ep_rew_mean     | 349      |
| time/              |          |
|    episodes        | 308      |
|    fps             | 63       |
|    time_elapsed    | 4821     |
|    total_timesteps | 308000   |
| train/             |          |
|    actor_loss      | -75.9    |
|    critic_loss     | 0.276    |
|    ent_coef        | 0.0234   |
|    ent_coef_loss   | 0.499    |
|    learning_rate   | 0.0003   |
|    n_updates       | 306999   |
---------------------------------
---------------------------------
| rollout/           |          |
|    ep_len_mean     | 1e+03    |
|    ep_rew_mean     | 396      |
| time/              |          |
|    episodes        | 312      |
|    fps             | 63       |
|    time_elapsed    | 4875     |
|    total_timesteps | 312000   |
| train/             |          |
|    actor_loss      | -71      |
|    critic_loss     | 0.19     |
|    ent_coef        | 0.0257   |
|    ent_coef_loss   | 2.26     |
|    learning_rate   | 0.0003   |
|    n_updates       | 310999   |
---------------------------------
---------------------------------
| rollout/           |          |
|    ep_len_mean     | 1e+03    |
|    ep_rew_mean     | 476      |
| time/              |          |
|    episodes        | 316      |
|    fps             | 64       |
|    time_elapsed    | 4931     |
|    total_timesteps | 316000   |
| train/             |          |
|    actor_loss      | -74.9    |
|    critic_loss     | 0.126    |
|    ent_coef        | 0.0186   |
|    ent_coef_loss   | 0.268    |
|    learning_rate   | 0.0003   |
|    n_updates       | 314999   |
---------------------------------
---------------------------------
| rollout/           |          |
|    ep_len_mean     | 1e+03    |
|    ep_rew_mean     | 484      |
| time/              |          |
|    episodes        | 320      |
|    fps             | 64       |
|    time_elapsed    | 4986     |
|    total_timesteps | 320000   |
| train/             |          |
|    actor_loss      | -77.9    |
|    critic_loss     | 0.112    |
|    ent_coef        | 0.022    |
|    ent_coef_loss   | -0.494   |
|    learning_rate   | 0.0003   |
|    n_updates       | 318999   |
---------------------------------

Training interrupted by user
[2026-06-24T01:49:11] Training complete in 5005.3s
[2026-06-24T01:49:11] Episodes: 321
[2026-06-24T01:49:11] Best reward: 721.29
[2026-06-24T01:49:11] Mean reward (100ep): 486.39
[2026-06-24T01:49:11] Final goal tolerance: 0.6
[2026-06-24T01:49:11] Curriculum stage: 0
[2026-06-24T01:49:11] Saved: {'model': 'C:\\Users\\ranjo\\OneDrive\\Desktop\\ARM-Model\\project_assets\\outputs\\Parallel_Seeds\\seed_028\\sac_model', 'history': 'C:\\Users\\ranjo\\OneDrive\\Desktop\\ARM-Model\\project_assets\\outputs\\Parallel_Seeds\\seed_028\\training_history.csv', 'stats': 'C:\\Users\\ranjo\\OneDrive\\Desktop\\ARM-Model\\project_assets\\outputs\\Parallel_Seeds\\seed_028\\training_stats.json'}
[2026-06-24T01:49:11] Running Fitts' Law sweep (10 trials per condition)...
