[2026-06-22T12:19:08] Starting Fischer session: algorithm=SAC, timesteps=500,000, direction=EAST, actuation=muscle, waypoints=[[2.3, -1.0], [1.0, 1.5], [2.5, 0.0]]
[2026-06-22T12:19:08] Save dir: C:\Users\ranjo\OneDrive\Desktop\ARM-Model\project_assets\outputs\Parallel_Seeds\seed_002
[2026-06-22T12:19:08] Waypoint mode active: 3 waypoints, current_waypoint_index=0 at every episode reset
Using cpu device
Wrapping the env with a `Monitor` wrapper
Wrapping the env in a DummyVecEnv.
----------------------------------
| rollout/           |           |
|    ep_len_mean     | 1e+03     |
|    ep_rew_mean     | -3.89e+03 |
| time/              |           |
|    episodes        | 4         |
|    fps             | 94        |
|    time_elapsed    | 42        |
|    total_timesteps | 4000      |
| train/             |           |
|    actor_loss      | 32.1      |
|    critic_loss     | 2.26      |
|    ent_coef        | 0.411     |
|    ent_coef_loss   | -5.6      |
|    learning_rate   | 0.0003    |
|    n_updates       | 2999      |
----------------------------------
----------------------------------
| rollout/           |           |
|    ep_len_mean     | 1e+03     |
|    ep_rew_mean     | -2.24e+03 |
| time/              |           |
|    episodes        | 8         |
|    fps             | 77        |
|    time_elapsed    | 103       |
|    total_timesteps | 8000      |
| train/             |           |
|    actor_loss      | 35.7      |
|    critic_loss     | 87        |
|    ent_coef        | 0.147     |
|    ent_coef_loss   | -5.25     |
|    learning_rate   | 0.0003    |
|    n_updates       | 6999      |
----------------------------------
---------------------------------
| rollout/           |          |
|    ep_len_mean     | 1e+03    |
|    ep_rew_mean     | -1.7e+03 |
| time/              |          |
|    episodes        | 12       |
|    fps             | 73       |
|    time_elapsed    | 163      |
|    total_timesteps | 12000    |
| train/             |          |
|    actor_loss      | 23.7     |
|    critic_loss     | 3.84     |
|    ent_coef        | 0.107    |
|    ent_coef_loss   | 0.841    |
|    learning_rate   | 0.0003   |
|    n_updates       | 10999    |
---------------------------------
----------------------------------
| rollout/           |           |
|    ep_len_mean     | 1e+03     |
|    ep_rew_mean     | -1.77e+03 |
| time/              |           |
|    episodes        | 16        |
|    fps             | 71        |
|    time_elapsed    | 224       |
|    total_timesteps | 16000     |
| train/             |           |
|    actor_loss      | 24.5      |
|    critic_loss     | 44.3      |
|    ent_coef        | 0.189     |
|    ent_coef_loss   | -0.295    |
|    learning_rate   | 0.0003    |
|    n_updates       | 14999     |
----------------------------------
----------------------------------
| rollout/           |           |
|    ep_len_mean     | 1e+03     |
|    ep_rew_mean     | -1.78e+03 |
| time/              |           |
|    episodes        | 20        |
|    fps             | 71        |
|    time_elapsed    | 281       |
|    total_timesteps | 20000     |
| train/             |           |
|    actor_loss      | 14.4      |
|    critic_loss     | 150       |
|    ent_coef        | 0.193     |
|    ent_coef_loss   | -0.219    |
|    learning_rate   | 0.0003    |
|    n_updates       | 18999     |
----------------------------------
----------------------------------
| rollout/           |           |
|    ep_len_mean     | 1e+03     |
|    ep_rew_mean     | -1.48e+03 |
| time/              |           |
|    episodes        | 24        |
|    fps             | 70        |
|    time_elapsed    | 341       |
|    total_timesteps | 24000     |
| train/             |           |
|    actor_loss      | -19.6     |
|    critic_loss     | 9.03      |
|    ent_coef        | 0.26      |
|    ent_coef_loss   | 0.063     |
|    learning_rate   | 0.0003    |
|    n_updates       | 22999     |
----------------------------------
----------------------------------
| rollout/           |           |
|    ep_len_mean     | 1e+03     |
|    ep_rew_mean     | -1.26e+03 |
| time/              |           |
|    episodes        | 28        |
|    fps             | 69        |
|    time_elapsed    | 402       |
|    total_timesteps | 28000     |
| train/             |           |
|    actor_loss      | -34.2     |
|    critic_loss     | 9.69      |
|    ent_coef        | 0.34      |
|    ent_coef_loss   | 0.302     |
|    learning_rate   | 0.0003    |
|    n_updates       | 26999     |
----------------------------------
----------------------------------
| rollout/           |           |
|    ep_len_mean     | 1e+03     |
|    ep_rew_mean     | -1.26e+03 |
| time/              |           |
|    episodes        | 32        |
|    fps             | 69        |
|    time_elapsed    | 462       |
|    total_timesteps | 32000     |
| train/             |           |
|    actor_loss      | -94.5     |
|    critic_loss     | 11.3      |
|    ent_coef        | 0.451     |
|    ent_coef_loss   | -0.0927   |
|    learning_rate   | 0.0003    |
|    n_updates       | 30999     |
----------------------------------
----------------------------------
| rollout/           |           |
|    ep_len_mean     | 1e+03     |
|    ep_rew_mean     | -1.27e+03 |
| time/              |           |
|    episodes        | 36        |
|    fps             | 68        |
|    time_elapsed    | 527       |
|    total_timesteps | 36000     |
| train/             |           |
|    actor_loss      | -127      |
|    critic_loss     | 11.2      |
|    ent_coef        | 0.462     |
|    ent_coef_loss   | -0.0731   |
|    learning_rate   | 0.0003    |
|    n_updates       | 34999     |
----------------------------------
----------------------------------
| rollout/           |           |
|    ep_len_mean     | 1e+03     |
|    ep_rew_mean     | -1.22e+03 |
| time/              |           |
|    episodes        | 40        |
|    fps             | 68        |
|    time_elapsed    | 586       |
|    total_timesteps | 40000     |
| train/             |           |
|    actor_loss      | -134      |
|    critic_loss     | 12.8      |
|    ent_coef        | 0.389     |
|    ent_coef_loss   | -0.0187   |
|    learning_rate   | 0.0003    |
|    n_updates       | 38999     |
----------------------------------
----------------------------------
| rollout/           |           |
|    ep_len_mean     | 1e+03     |
|    ep_rew_mean     | -1.17e+03 |
| time/              |           |
|    episodes        | 44        |
|    fps             | 68        |
|    time_elapsed    | 645       |
|    total_timesteps | 44000     |
| train/             |           |
|    actor_loss      | -143      |
|    critic_loss     | 14.3      |
|    ent_coef        | 0.357     |
|    ent_coef_loss   | 0.173     |
|    learning_rate   | 0.0003    |
|    n_updates       | 42999     |
----------------------------------
----------------------------------
| rollout/           |           |
|    ep_len_mean     | 1e+03     |
|    ep_rew_mean     | -1.07e+03 |
| time/              |           |
|    episodes        | 48        |
|    fps             | 68        |
|    time_elapsed    | 699       |
|    total_timesteps | 48000     |
| train/             |           |
|    actor_loss      | -163      |
|    critic_loss     | 9.74      |
|    ent_coef        | 0.406     |
|    ent_coef_loss   | 0.283     |
|    learning_rate   | 0.0003    |
|    n_updates       | 46999     |
----------------------------------
---------------------------------
| rollout/           |          |
|    ep_len_mean     | 1e+03    |
|    ep_rew_mean     | -982     |
| time/              |          |
|    episodes        | 52       |
|    fps             | 68       |
|    time_elapsed    | 754      |
|    total_timesteps | 52000    |
| train/             |          |
|    actor_loss      | -163     |
|    critic_loss     | 10       |
|    ent_coef        | 0.318    |
|    ent_coef_loss   | 0.178    |
|    learning_rate   | 0.0003   |
|    n_updates       | 50999    |
---------------------------------
----------------------------------
| rollout/           |           |
|    ep_len_mean     | 1e+03     |
|    ep_rew_mean     | -1.04e+03 |
| time/              |           |
|    episodes        | 56        |
|    fps             | 69        |
|    time_elapsed    | 810       |
|    total_timesteps | 56000     |
| train/             |           |
|    actor_loss      | -155      |
|    critic_loss     | 8.32      |
|    ent_coef        | 0.284     |
|    ent_coef_loss   | -0.752    |
|    learning_rate   | 0.0003    |
|    n_updates       | 54999     |
----------------------------------
---------------------------------
| rollout/           |          |
|    ep_len_mean     | 1e+03    |
|    ep_rew_mean     | -990     |
| time/              |          |
|    episodes        | 60       |
|    fps             | 68       |
|    time_elapsed    | 872      |
|    total_timesteps | 60000    |
| train/             |          |
|    actor_loss      | -153     |
|    critic_loss     | 18.6     |
|    ent_coef        | 0.247    |
|    ent_coef_loss   | -0.208   |
|    learning_rate   | 0.0003   |
|    n_updates       | 58999    |
---------------------------------
---------------------------------
| rollout/           |          |
|    ep_len_mean     | 1e+03    |
|    ep_rew_mean     | -956     |
| time/              |          |
|    episodes        | 64       |
|    fps             | 68       |
|    time_elapsed    | 934      |
|    total_timesteps | 64000    |
| train/             |          |
|    actor_loss      | -139     |
|    critic_loss     | 11.1     |
|    ent_coef        | 0.245    |
|    ent_coef_loss   | -0.0604  |
|    learning_rate   | 0.0003   |
|    n_updates       | 62999    |
---------------------------------
---------------------------------
| rollout/           |          |
|    ep_len_mean     | 1e+03    |
|    ep_rew_mean     | -924     |
| time/              |          |
|    episodes        | 68       |
|    fps             | 68       |
|    time_elapsed    | 997      |
|    total_timesteps | 68000    |
| train/             |          |
|    actor_loss      | -124     |
|    critic_loss     | 4.93     |
|    ent_coef        | 0.193    |
|    ent_coef_loss   | 0.0476   |
|    learning_rate   | 0.0003   |
|    n_updates       | 66999    |
---------------------------------
---------------------------------
| rollout/           |          |
|    ep_len_mean     | 1e+03    |
|    ep_rew_mean     | -877     |
| time/              |          |
|    episodes        | 72       |
|    fps             | 67       |
|    time_elapsed    | 1061     |
|    total_timesteps | 72000    |
| train/             |          |
|    actor_loss      | -112     |
|    critic_loss     | 10.6     |
|    ent_coef        | 0.209    |
|    ent_coef_loss   | 0.434    |
|    learning_rate   | 0.0003   |
|    n_updates       | 70999    |
---------------------------------
---------------------------------
| rollout/           |          |
|    ep_len_mean     | 1e+03    |
|    ep_rew_mean     | -813     |
| time/              |          |
|    episodes        | 76       |
|    fps             | 67       |
|    time_elapsed    | 1126     |
|    total_timesteps | 76000    |
| train/             |          |
|    actor_loss      | -103     |
|    critic_loss     | 4.75     |
|    ent_coef        | 0.2      |
|    ent_coef_loss   | -0.478   |
|    learning_rate   | 0.0003   |
|    n_updates       | 74999    |
---------------------------------
---------------------------------
| rollout/           |          |
|    ep_len_mean     | 1e+03    |
|    ep_rew_mean     | -734     |
| time/              |          |
|    episodes        | 80       |
|    fps             | 67       |
|    time_elapsed    | 1188     |
|    total_timesteps | 80000    |
| train/             |          |
|    actor_loss      | -103     |
|    critic_loss     | 4.95     |
|    ent_coef        | 0.195    |
|    ent_coef_loss   | 0.182    |
|    learning_rate   | 0.0003   |
|    n_updates       | 78999    |
---------------------------------
---------------------------------
| rollout/           |          |
|    ep_len_mean     | 1e+03    |
|    ep_rew_mean     | -688     |
| time/              |          |
|    episodes        | 84       |
|    fps             | 67       |
|    time_elapsed    | 1250     |
|    total_timesteps | 84000    |
| train/             |          |
|    actor_loss      | -98.3    |
|    critic_loss     | 37.9     |
|    ent_coef        | 0.229    |
|    ent_coef_loss   | -0.0626  |
|    learning_rate   | 0.0003   |
|    n_updates       | 82999    |
---------------------------------
---------------------------------
| rollout/           |          |
|    ep_len_mean     | 1e+03    |
|    ep_rew_mean     | -645     |
| time/              |          |
|    episodes        | 88       |
|    fps             | 67       |
|    time_elapsed    | 1309     |
|    total_timesteps | 88000    |
| train/             |          |
|    actor_loss      | -100     |
|    critic_loss     | 4.7      |
|    ent_coef        | 0.174    |
|    ent_coef_loss   | 0.0587   |
|    learning_rate   | 0.0003   |
|    n_updates       | 86999    |
---------------------------------
---------------------------------
| rollout/           |          |
|    ep_len_mean     | 1e+03    |
|    ep_rew_mean     | -611     |
| time/              |          |
|    episodes        | 92       |
|    fps             | 67       |
|    time_elapsed    | 1368     |
|    total_timesteps | 92000    |
| train/             |          |
|    actor_loss      | -97.9    |
|    critic_loss     | 4.06     |
|    ent_coef        | 0.163    |
|    ent_coef_loss   | 1.06     |
|    learning_rate   | 0.0003   |
|    n_updates       | 90999    |
---------------------------------
---------------------------------
| rollout/           |          |
|    ep_len_mean     | 1e+03    |
|    ep_rew_mean     | -573     |
| time/              |          |
|    episodes        | 96       |
|    fps             | 67       |
|    time_elapsed    | 1429     |
|    total_timesteps | 96000    |
| train/             |          |
|    actor_loss      | -88.2    |
|    critic_loss     | 2.48     |
|    ent_coef        | 0.14     |
|    ent_coef_loss   | -0.341   |
|    learning_rate   | 0.0003   |
|    n_updates       | 94999    |
---------------------------------
---------------------------------
| rollout/           |          |
|    ep_len_mean     | 1e+03    |
|    ep_rew_mean     | -527     |
| time/              |          |
|    episodes        | 100      |
|    fps             | 67       |
|    time_elapsed    | 1491     |
|    total_timesteps | 100000   |
| train/             |          |
|    actor_loss      | -79.2    |
|    critic_loss     | 2.03     |
|    ent_coef        | 0.135    |
|    ent_coef_loss   | -0.757   |
|    learning_rate   | 0.0003   |
|    n_updates       | 98999    |
---------------------------------
---------------------------------
| rollout/           |          |
|    ep_len_mean     | 1e+03    |
|    ep_rew_mean     | -347     |
| time/              |          |
|    episodes        | 104      |
|    fps             | 67       |
|    time_elapsed    | 1550     |
|    total_timesteps | 104000   |
| train/             |          |
|    actor_loss      | -76.9    |
|    critic_loss     | 2.51     |
|    ent_coef        | 0.13     |
|    ent_coef_loss   | -0.849   |
|    learning_rate   | 0.0003   |
|    n_updates       | 102999   |
---------------------------------
---------------------------------
| rollout/           |          |
|    ep_len_mean     | 1e+03    |
|    ep_rew_mean     | -290     |
| time/              |          |
|    episodes        | 108      |
|    fps             | 66       |
|    time_elapsed    | 1613     |
|    total_timesteps | 108000   |
| train/             |          |
|    actor_loss      | -74.5    |
|    critic_loss     | 2.38     |
|    ent_coef        | 0.133    |
|    ent_coef_loss   | 0.309    |
|    learning_rate   | 0.0003   |
|    n_updates       | 106999   |
---------------------------------
---------------------------------
| rollout/           |          |
|    ep_len_mean     | 1e+03    |
|    ep_rew_mean     | -238     |
| time/              |          |
|    episodes        | 112      |
|    fps             | 66       |
|    time_elapsed    | 1691     |
|    total_timesteps | 112000   |
| train/             |          |
|    actor_loss      | -66.4    |
|    critic_loss     | 3.57     |
|    ent_coef        | 0.114    |
|    ent_coef_loss   | 0.132    |
|    learning_rate   | 0.0003   |
|    n_updates       | 110999   |
---------------------------------
---------------------------------
| rollout/           |          |
|    ep_len_mean     | 1e+03    |
|    ep_rew_mean     | -124     |
| time/              |          |
|    episodes        | 116      |
|    fps             | 66       |
|    time_elapsed    | 1750     |
|    total_timesteps | 116000   |
| train/             |          |
|    actor_loss      | -67.6    |
|    critic_loss     | 1.83     |
|    ent_coef        | 0.112    |
|    ent_coef_loss   | 0.648    |
|    learning_rate   | 0.0003   |
|    n_updates       | 114999   |
---------------------------------
---------------------------------
| rollout/           |          |
|    ep_len_mean     | 1e+03    |
|    ep_rew_mean     | -34.4    |
| time/              |          |
|    episodes        | 120      |
|    fps             | 66       |
|    time_elapsed    | 1813     |
|    total_timesteps | 120000   |
| train/             |          |
|    actor_loss      | -71.2    |
|    critic_loss     | 9.03     |
|    ent_coef        | 0.104    |
|    ent_coef_loss   | 0.702    |
|    learning_rate   | 0.0003   |
|    n_updates       | 118999   |
---------------------------------
---------------------------------
| rollout/           |          |
|    ep_len_mean     | 1e+03    |
|    ep_rew_mean     | -11.8    |
| time/              |          |
|    episodes        | 124      |
|    fps             | 66       |
|    time_elapsed    | 1875     |
|    total_timesteps | 124000   |
| train/             |          |
|    actor_loss      | -61.7    |
|    critic_loss     | 5.93     |
|    ent_coef        | 0.116    |
|    ent_coef_loss   | -0.174   |
|    learning_rate   | 0.0003   |
|    n_updates       | 122999   |
---------------------------------
---------------------------------
| rollout/           |          |
|    ep_len_mean     | 1e+03    |
|    ep_rew_mean     | 12.6     |
| time/              |          |
|    episodes        | 128      |
|    fps             | 66       |
|    time_elapsed    | 1938     |
|    total_timesteps | 128000   |
| train/             |          |
|    actor_loss      | -60.1    |
|    critic_loss     | 2.04     |
|    ent_coef        | 0.0879   |
|    ent_coef_loss   | -1.14    |
|    learning_rate   | 0.0003   |
|    n_updates       | 126999   |
---------------------------------
---------------------------------
| rollout/           |          |
|    ep_len_mean     | 1e+03    |
|    ep_rew_mean     | 95.2     |
| time/              |          |
|    episodes        | 132      |
|    fps             | 66       |
|    time_elapsed    | 1997     |
|    total_timesteps | 132000   |
| train/             |          |
|    actor_loss      | -66.2    |
|    critic_loss     | 1.14     |
|    ent_coef        | 0.0904   |
|    ent_coef_loss   | 0.151    |
|    learning_rate   | 0.0003   |
|    n_updates       | 130999   |
---------------------------------
---------------------------------
| rollout/           |          |
|    ep_len_mean     | 1e+03    |
|    ep_rew_mean     | 162      |
| time/              |          |
|    episodes        | 136      |
|    fps             | 66       |
|    time_elapsed    | 2059     |
|    total_timesteps | 136000   |
| train/             |          |
|    actor_loss      | -68.4    |
|    critic_loss     | 11.4     |
|    ent_coef        | 0.0946   |
|    ent_coef_loss   | 0.244    |
|    learning_rate   | 0.0003   |
|    n_updates       | 134999   |
---------------------------------
---------------------------------
| rollout/           |          |
|    ep_len_mean     | 1e+03    |
|    ep_rew_mean     | 217      |
| time/              |          |
|    episodes        | 140      |
|    fps             | 65       |
|    time_elapsed    | 2122     |
|    total_timesteps | 140000   |
| train/             |          |
|    actor_loss      | -64.4    |
|    critic_loss     | 516      |
|    ent_coef        | 0.0973   |
|    ent_coef_loss   | 0.464    |
|    learning_rate   | 0.0003   |
|    n_updates       | 138999   |
---------------------------------
---------------------------------
| rollout/           |          |
|    ep_len_mean     | 1e+03    |
|    ep_rew_mean     | 283      |
| time/              |          |
|    episodes        | 144      |
|    fps             | 65       |
|    time_elapsed    | 2184     |
|    total_timesteps | 144000   |
| train/             |          |
|    actor_loss      | -72.4    |
|    critic_loss     | 1.6      |
|    ent_coef        | 0.105    |
|    ent_coef_loss   | 0.216    |
|    learning_rate   | 0.0003   |
|    n_updates       | 142999   |
---------------------------------
---------------------------------
| rollout/           |          |
|    ep_len_mean     | 1e+03    |
|    ep_rew_mean     | 323      |
| time/              |          |
|    episodes        | 148      |
|    fps             | 65       |
|    time_elapsed    | 2246     |
|    total_timesteps | 148000   |
| train/             |          |
|    actor_loss      | -77.2    |
|    critic_loss     | 0.811    |
|    ent_coef        | 0.121    |
|    ent_coef_loss   | -0.00471 |
|    learning_rate   | 0.0003   |
|    n_updates       | 146999   |
---------------------------------
---------------------------------
| rollout/           |          |
|    ep_len_mean     | 1e+03    |
|    ep_rew_mean     | 360      |
| time/              |          |
|    episodes        | 152      |
|    fps             | 65       |
|    time_elapsed    | 2307     |
|    total_timesteps | 152000   |
| train/             |          |
|    actor_loss      | -84.9    |
|    critic_loss     | 1.92     |
|    ent_coef        | 0.106    |
|    ent_coef_loss   | -0.115   |
|    learning_rate   | 0.0003   |
|    n_updates       | 150999   |
---------------------------------
---------------------------------
| rollout/           |          |
|    ep_len_mean     | 1e+03    |
|    ep_rew_mean     | 475      |
| time/              |          |
|    episodes        | 156      |
|    fps             | 65       |
|    time_elapsed    | 2369     |
|    total_timesteps | 156000   |
| train/             |          |
|    actor_loss      | -78.6    |
|    critic_loss     | 1.06     |
|    ent_coef        | 0.0891   |
|    ent_coef_loss   | 0.22     |
|    learning_rate   | 0.0003   |
|    n_updates       | 154999   |
---------------------------------
---------------------------------
| rollout/           |          |
|    ep_len_mean     | 1e+03    |
|    ep_rew_mean     | 524      |
| time/              |          |
|    episodes        | 160      |
|    fps             | 65       |
|    time_elapsed    | 2431     |
|    total_timesteps | 160000   |
| train/             |          |
|    actor_loss      | -74.8    |
|    critic_loss     | 1.12     |
|    ent_coef        | 0.0805   |
|    ent_coef_loss   | 0.66     |
|    learning_rate   | 0.0003   |
|    n_updates       | 158999   |
---------------------------------
---------------------------------
| rollout/           |          |
|    ep_len_mean     | 1e+03    |
|    ep_rew_mean     | 582      |
| time/              |          |
|    episodes        | 164      |
|    fps             | 65       |
|    time_elapsed    | 2493     |
|    total_timesteps | 164000   |
| train/             |          |
|    actor_loss      | -80.7    |
|    critic_loss     | 12.6     |
|    ent_coef        | 0.0736   |
|    ent_coef_loss   | 1.08     |
|    learning_rate   | 0.0003   |
|    n_updates       | 162999   |
---------------------------------
---------------------------------
| rollout/           |          |
|    ep_len_mean     | 1e+03    |
|    ep_rew_mean     | 639      |
| time/              |          |
|    episodes        | 168      |
|    fps             | 65       |
|    time_elapsed    | 2555     |
|    total_timesteps | 168000   |
| train/             |          |
|    actor_loss      | -82.2    |
|    critic_loss     | 0.883    |
|    ent_coef        | 0.0726   |
|    ent_coef_loss   | 1        |
|    learning_rate   | 0.0003   |
|    n_updates       | 166999   |
---------------------------------
---------------------------------
| rollout/           |          |
|    ep_len_mean     | 1e+03    |
|    ep_rew_mean     | 688      |
| time/              |          |
|    episodes        | 172      |
|    fps             | 65       |
|    time_elapsed    | 2606     |
|    total_timesteps | 172000   |
| train/             |          |
|    actor_loss      | -82.8    |
|    critic_loss     | 0.596    |
|    ent_coef        | 0.0769   |
|    ent_coef_loss   | -0.341   |
|    learning_rate   | 0.0003   |
|    n_updates       | 170999   |
---------------------------------
---------------------------------
| rollout/           |          |
|    ep_len_mean     | 1e+03    |
|    ep_rew_mean     | 719      |
| time/              |          |
|    episodes        | 176      |
|    fps             | 66       |
|    time_elapsed    | 2657     |
|    total_timesteps | 176000   |
| train/             |          |
|    actor_loss      | -77      |
|    critic_loss     | 298      |
|    ent_coef        | 0.0693   |
|    ent_coef_loss   | 1.23     |
|    learning_rate   | 0.0003   |
|    n_updates       | 174999   |
---------------------------------
---------------------------------
| rollout/           |          |
|    ep_len_mean     | 1e+03    |
|    ep_rew_mean     | 731      |
| time/              |          |
|    episodes        | 180      |
|    fps             | 66       |
|    time_elapsed    | 2707     |
|    total_timesteps | 180000   |
| train/             |          |
|    actor_loss      | -76.5    |
|    critic_loss     | 1.08     |
|    ent_coef        | 0.0653   |
|    ent_coef_loss   | 1.06     |
|    learning_rate   | 0.0003   |
|    n_updates       | 178999   |
---------------------------------
---------------------------------
| rollout/           |          |
|    ep_len_mean     | 1e+03    |
|    ep_rew_mean     | 762      |
| time/              |          |
|    episodes        | 184      |
|    fps             | 66       |
|    time_elapsed    | 2756     |
|    total_timesteps | 184000   |
| train/             |          |
|    actor_loss      | -81.2    |
|    critic_loss     | 0.622    |
|    ent_coef        | 0.0723   |
|    ent_coef_loss   | 1.11     |
|    learning_rate   | 0.0003   |
|    n_updates       | 182999   |
---------------------------------
---------------------------------
| rollout/           |          |
|    ep_len_mean     | 1e+03    |
|    ep_rew_mean     | 796      |
| time/              |          |
|    episodes        | 188      |
|    fps             | 66       |
|    time_elapsed    | 2808     |
|    total_timesteps | 188000   |
| train/             |          |
|    actor_loss      | -83.3    |
|    critic_loss     | 0.569    |
|    ent_coef        | 0.0632   |
|    ent_coef_loss   | -0.854   |
|    learning_rate   | 0.0003   |
|    n_updates       | 186999   |
---------------------------------
---------------------------------
| rollout/           |          |
|    ep_len_mean     | 1e+03    |
|    ep_rew_mean     | 835      |
| time/              |          |
|    episodes        | 192      |
|    fps             | 67       |
|    time_elapsed    | 2858     |
|    total_timesteps | 192000   |
| train/             |          |
|    actor_loss      | -82.7    |
|    critic_loss     | 1.85     |
|    ent_coef        | 0.0651   |
|    ent_coef_loss   | 0.55     |
|    learning_rate   | 0.0003   |
|    n_updates       | 190999   |
---------------------------------
---------------------------------
| rollout/           |          |
|    ep_len_mean     | 1e+03    |
|    ep_rew_mean     | 862      |
| time/              |          |
|    episodes        | 196      |
|    fps             | 67       |
|    time_elapsed    | 2907     |
|    total_timesteps | 196000   |
| train/             |          |
|    actor_loss      | -84.2    |
|    critic_loss     | 27.1     |
|    ent_coef        | 0.0586   |
|    ent_coef_loss   | -0.137   |
|    learning_rate   | 0.0003   |
|    n_updates       | 194999   |
---------------------------------
---------------------------------
| rollout/           |          |
|    ep_len_mean     | 1e+03    |
|    ep_rew_mean     | 881      |
| time/              |          |
|    episodes        | 200      |
|    fps             | 67       |
|    time_elapsed    | 2958     |
|    total_timesteps | 200000   |
| train/             |          |
|    actor_loss      | -86.3    |
|    critic_loss     | 0.557    |
|    ent_coef        | 0.0627   |
|    ent_coef_loss   | 0.238    |
|    learning_rate   | 0.0003   |
|    n_updates       | 198999   |
---------------------------------
---------------------------------
| rollout/           |          |
|    ep_len_mean     | 1e+03    |
|    ep_rew_mean     | 883      |
| time/              |          |
|    episodes        | 204      |
|    fps             | 67       |
|    time_elapsed    | 3008     |
|    total_timesteps | 204000   |
| train/             |          |
|    actor_loss      | -87.3    |
|    critic_loss     | 0.438    |
|    ent_coef        | 0.0523   |
|    ent_coef_loss   | 0.636    |
|    learning_rate   | 0.0003   |
|    n_updates       | 202999   |
---------------------------------
---------------------------------
| rollout/           |          |
|    ep_len_mean     | 1e+03    |
|    ep_rew_mean     | 894      |
| time/              |          |
|    episodes        | 208      |
|    fps             | 68       |
|    time_elapsed    | 3058     |
|    total_timesteps | 208000   |
| train/             |          |
|    actor_loss      | -89.1    |
|    critic_loss     | 0.438    |
|    ent_coef        | 0.0543   |
|    ent_coef_loss   | -0.285   |
|    learning_rate   | 0.0003   |
|    n_updates       | 206999   |
---------------------------------
---------------------------------
| rollout/           |          |
|    ep_len_mean     | 1e+03    |
|    ep_rew_mean     | 897      |
| time/              |          |
|    episodes        | 212      |
|    fps             | 68       |
|    time_elapsed    | 3108     |
|    total_timesteps | 212000   |
| train/             |          |
|    actor_loss      | -91.4    |
|    critic_loss     | 0.506    |
|    ent_coef        | 0.0552   |
|    ent_coef_loss   | 0.44     |
|    learning_rate   | 0.0003   |
|    n_updates       | 210999   |
---------------------------------
---------------------------------
| rollout/           |          |
|    ep_len_mean     | 1e+03    |
|    ep_rew_mean     | 900      |
| time/              |          |
|    episodes        | 216      |
|    fps             | 68       |
|    time_elapsed    | 3159     |
|    total_timesteps | 216000   |
| train/             |          |
|    actor_loss      | -91.8    |
|    critic_loss     | 0.385    |
|    ent_coef        | 0.0518   |
|    ent_coef_loss   | 0.0893   |
|    learning_rate   | 0.0003   |
|    n_updates       | 214999   |
---------------------------------
---------------------------------
| rollout/           |          |
|    ep_len_mean     | 1e+03    |
|    ep_rew_mean     | 929      |
| time/              |          |
|    episodes        | 220      |
|    fps             | 68       |
|    time_elapsed    | 3210     |
|    total_timesteps | 220000   |
| train/             |          |
|    actor_loss      | -96      |
|    critic_loss     | 0.413    |
|    ent_coef        | 0.053    |
|    ent_coef_loss   | 0.167    |
|    learning_rate   | 0.0003   |
|    n_updates       | 218999   |
---------------------------------
---------------------------------
| rollout/           |          |
|    ep_len_mean     | 1e+03    |
|    ep_rew_mean     | 950      |
| time/              |          |
|    episodes        | 224      |
|    fps             | 68       |
|    time_elapsed    | 3260     |
|    total_timesteps | 224000   |
| train/             |          |
|    actor_loss      | -102     |
|    critic_loss     | 0.744    |
|    ent_coef        | 0.0582   |
|    ent_coef_loss   | 0.57     |
|    learning_rate   | 0.0003   |
|    n_updates       | 222999   |
---------------------------------
---------------------------------
| rollout/           |          |
|    ep_len_mean     | 1e+03    |
|    ep_rew_mean     | 953      |
| time/              |          |
|    episodes        | 228      |
|    fps             | 68       |
|    time_elapsed    | 3311     |
|    total_timesteps | 228000   |
| train/             |          |
|    actor_loss      | -103     |
|    critic_loss     | 0.652    |
|    ent_coef        | 0.0651   |
|    ent_coef_loss   | 0.596    |
|    learning_rate   | 0.0003   |
|    n_updates       | 226999   |
---------------------------------
---------------------------------
| rollout/           |          |
|    ep_len_mean     | 1e+03    |
|    ep_rew_mean     | 965      |
| time/              |          |
|    episodes        | 232      |
|    fps             | 68       |
|    time_elapsed    | 3363     |
|    total_timesteps | 232000   |
| train/             |          |
|    actor_loss      | -105     |
|    critic_loss     | 0.221    |
|    ent_coef        | 0.0724   |
|    ent_coef_loss   | 1.04     |
|    learning_rate   | 0.0003   |
|    n_updates       | 230999   |
---------------------------------
---------------------------------
| rollout/           |          |
|    ep_len_mean     | 1e+03    |
|    ep_rew_mean     | 997      |
| time/              |          |
|    episodes        | 236      |
|    fps             | 69       |
|    time_elapsed    | 3413     |
|    total_timesteps | 236000   |
| train/             |          |
|    actor_loss      | -103     |
|    critic_loss     | 0.344    |
|    ent_coef        | 0.0487   |
|    ent_coef_loss   | 1.45     |
|    learning_rate   | 0.0003   |
|    n_updates       | 234999   |
---------------------------------
---------------------------------
| rollout/           |          |
|    ep_len_mean     | 1e+03    |
|    ep_rew_mean     | 1.01e+03 |
| time/              |          |
|    episodes        | 240      |
|    fps             | 69       |
|    time_elapsed    | 3464     |
|    total_timesteps | 240000   |
| train/             |          |
|    actor_loss      | -101     |
|    critic_loss     | 0.733    |
|    ent_coef        | 0.05     |
|    ent_coef_loss   | -0.273   |
|    learning_rate   | 0.0003   |
|    n_updates       | 238999   |
---------------------------------
---------------------------------
| rollout/           |          |
|    ep_len_mean     | 1e+03    |
|    ep_rew_mean     | 1.02e+03 |
| time/              |          |
|    episodes        | 244      |
|    fps             | 69       |
|    time_elapsed    | 3515     |
|    total_timesteps | 244000   |
| train/             |          |
|    actor_loss      | -108     |
|    critic_loss     | 0.251    |
|    ent_coef        | 0.0519   |
|    ent_coef_loss   | -1.61    |
|    learning_rate   | 0.0003   |
|    n_updates       | 242999   |
---------------------------------
---------------------------------
| rollout/           |          |
|    ep_len_mean     | 1e+03    |
|    ep_rew_mean     | 1.03e+03 |
| time/              |          |
|    episodes        | 248      |
|    fps             | 69       |
|    time_elapsed    | 3566     |
|    total_timesteps | 248000   |
| train/             |          |
|    actor_loss      | -109     |
|    critic_loss     | 1.18     |
|    ent_coef        | 0.0581   |
|    ent_coef_loss   | -1.38    |
|    learning_rate   | 0.0003   |
|    n_updates       | 246999   |
---------------------------------
---------------------------------
| rollout/           |          |
|    ep_len_mean     | 1e+03    |
|    ep_rew_mean     | 1.02e+03 |
| time/              |          |
|    episodes        | 252      |
|    fps             | 69       |
|    time_elapsed    | 3617     |
|    total_timesteps | 252000   |
| train/             |          |
|    actor_loss      | -109     |
|    critic_loss     | 0.179    |
|    ent_coef        | 0.0483   |
|    ent_coef_loss   | 0.281    |
|    learning_rate   | 0.0003   |
|    n_updates       | 250999   |
---------------------------------
---------------------------------
| rollout/           |          |
|    ep_len_mean     | 1e+03    |
|    ep_rew_mean     | 1.03e+03 |
| time/              |          |
|    episodes        | 256      |
|    fps             | 69       |
|    time_elapsed    | 3668     |
|    total_timesteps | 256000   |
| train/             |          |
|    actor_loss      | -114     |
|    critic_loss     | 0.21     |
|    ent_coef        | 0.0379   |
|    ent_coef_loss   | 0.0311   |
|    learning_rate   | 0.0003   |
|    n_updates       | 254999   |
---------------------------------
---------------------------------
| rollout/           |          |
|    ep_len_mean     | 1e+03    |
|    ep_rew_mean     | 1.04e+03 |
| time/              |          |
|    episodes        | 260      |
|    fps             | 69       |
|    time_elapsed    | 3720     |
|    total_timesteps | 260000   |
| train/             |          |
|    actor_loss      | -116     |
|    critic_loss     | 0.224    |
|    ent_coef        | 0.0457   |
|    ent_coef_loss   | 0.277    |
|    learning_rate   | 0.0003   |
|    n_updates       | 258999   |
---------------------------------
---------------------------------
| rollout/           |          |
|    ep_len_mean     | 1e+03    |
|    ep_rew_mean     | 1.04e+03 |
| time/              |          |
|    episodes        | 264      |
|    fps             | 69       |
|    time_elapsed    | 3771     |
|    total_timesteps | 264000   |
| train/             |          |
|    actor_loss      | -116     |
|    critic_loss     | 0.179    |
|    ent_coef        | 0.0346   |
|    ent_coef_loss   | -3.77    |
|    learning_rate   | 0.0003   |
|    n_updates       | 262999   |
---------------------------------
---------------------------------
| rollout/           |          |
|    ep_len_mean     | 1e+03    |
|    ep_rew_mean     | 1.03e+03 |
| time/              |          |
|    episodes        | 268      |
|    fps             | 70       |
|    time_elapsed    | 3822     |
|    total_timesteps | 268000   |
| train/             |          |
|    actor_loss      | -119     |
|    critic_loss     | 0.389    |
|    ent_coef        | 0.0368   |
|    ent_coef_loss   | -0.0255  |
|    learning_rate   | 0.0003   |
|    n_updates       | 266999   |
---------------------------------
---------------------------------
| rollout/           |          |
|    ep_len_mean     | 1e+03    |
|    ep_rew_mean     | 1.03e+03 |
| time/              |          |
|    episodes        | 272      |
|    fps             | 70       |
|    time_elapsed    | 3873     |
|    total_timesteps | 272000   |
| train/             |          |
|    actor_loss      | -119     |
|    critic_loss     | 0.565    |
|    ent_coef        | 0.0343   |
|    ent_coef_loss   | -2.98    |
|    learning_rate   | 0.0003   |
|    n_updates       | 270999   |
---------------------------------
---------------------------------
| rollout/           |          |
|    ep_len_mean     | 1e+03    |
|    ep_rew_mean     | 992      |
| time/              |          |
|    episodes        | 276      |
|    fps             | 70       |
|    time_elapsed    | 3925     |
|    total_timesteps | 276000   |
| train/             |          |
|    actor_loss      | -120     |
|    critic_loss     | 0.15     |
|    ent_coef        | 0.043    |
|    ent_coef_loss   | 1.14     |
|    learning_rate   | 0.0003   |
|    n_updates       | 274999   |
---------------------------------
---------------------------------
| rollout/           |          |
|    ep_len_mean     | 1e+03    |
|    ep_rew_mean     | 927      |
| time/              |          |
|    episodes        | 280      |
|    fps             | 70       |
|    time_elapsed    | 3976     |
|    total_timesteps | 280000   |
| train/             |          |
|    actor_loss      | -118     |
|    critic_loss     | 0.153    |
|    ent_coef        | 0.0459   |
|    ent_coef_loss   | 0.628    |
|    learning_rate   | 0.0003   |
|    n_updates       | 278999   |
---------------------------------
---------------------------------
| rollout/           |          |
|    ep_len_mean     | 1e+03    |
|    ep_rew_mean     | 935      |
| time/              |          |
|    episodes        | 284      |
|    fps             | 70       |
|    time_elapsed    | 4028     |
|    total_timesteps | 284000   |
| train/             |          |
|    actor_loss      | -118     |
|    critic_loss     | 1        |
|    ent_coef        | 0.0304   |
|    ent_coef_loss   | 0.572    |
|    learning_rate   | 0.0003   |
|    n_updates       | 282999   |
---------------------------------
---------------------------------
| rollout/           |          |
|    ep_len_mean     | 1e+03    |
|    ep_rew_mean     | 940      |
| time/              |          |
|    episodes        | 288      |
|    fps             | 70       |
|    time_elapsed    | 4080     |
|    total_timesteps | 288000   |
| train/             |          |
|    actor_loss      | -120     |
|    critic_loss     | 0.212    |
|    ent_coef        | 0.034    |
|    ent_coef_loss   | -0.139   |
|    learning_rate   | 0.0003   |
|    n_updates       | 286999   |
---------------------------------
---------------------------------
| rollout/           |          |
|    ep_len_mean     | 1e+03    |
|    ep_rew_mean     | 946      |
| time/              |          |
|    episodes        | 292      |
|    fps             | 70       |
|    time_elapsed    | 4132     |
|    total_timesteps | 292000   |
| train/             |          |
|    actor_loss      | -116     |
|    critic_loss     | 0.15     |
|    ent_coef        | 0.0379   |
|    ent_coef_loss   | 0.959    |
|    learning_rate   | 0.0003   |
|    n_updates       | 290999   |
---------------------------------
---------------------------------
| rollout/           |          |
|    ep_len_mean     | 1e+03    |
|    ep_rew_mean     | 954      |
| time/              |          |
|    episodes        | 296      |
|    fps             | 70       |
|    time_elapsed    | 4183     |
|    total_timesteps | 296000   |
| train/             |          |
|    actor_loss      | -120     |
|    critic_loss     | 1.04     |
|    ent_coef        | 0.0349   |
|    ent_coef_loss   | 0.276    |
|    learning_rate   | 0.0003   |
|    n_updates       | 294999   |
---------------------------------
---------------------------------
| rollout/           |          |
|    ep_len_mean     | 1e+03    |
|    ep_rew_mean     | 952      |
| time/              |          |
|    episodes        | 300      |
|    fps             | 70       |
|    time_elapsed    | 4236     |
|    total_timesteps | 300000   |
| train/             |          |
|    actor_loss      | -116     |
|    critic_loss     | 0.293    |
|    ent_coef        | 0.0344   |
|    ent_coef_loss   | -1.57    |
|    learning_rate   | 0.0003   |
|    n_updates       | 298999   |
---------------------------------
---------------------------------
| rollout/           |          |
|    ep_len_mean     | 1e+03    |
|    ep_rew_mean     | 965      |
| time/              |          |
|    episodes        | 304      |
|    fps             | 70       |
|    time_elapsed    | 4288     |
|    total_timesteps | 304000   |
| train/             |          |
|    actor_loss      | -119     |
|    critic_loss     | 0.434    |
|    ent_coef        | 0.0364   |
|    ent_coef_loss   | 1.16     |
|    learning_rate   | 0.0003   |
|    n_updates       | 302999   |
---------------------------------
---------------------------------
| rollout/           |          |
|    ep_len_mean     | 1e+03    |
|    ep_rew_mean     | 958      |
| time/              |          |
|    episodes        | 308      |
|    fps             | 70       |
|    time_elapsed    | 4340     |
|    total_timesteps | 308000   |
| train/             |          |
|    actor_loss      | -118     |
|    critic_loss     | 0.201    |
|    ent_coef        | 0.0444   |
|    ent_coef_loss   | 2.91     |
|    learning_rate   | 0.0003   |
|    n_updates       | 306999   |
---------------------------------
---------------------------------
| rollout/           |          |
|    ep_len_mean     | 1e+03    |
|    ep_rew_mean     | 938      |
| time/              |          |
|    episodes        | 312      |
|    fps             | 71       |
|    time_elapsed    | 4392     |
|    total_timesteps | 312000   |
| train/             |          |
|    actor_loss      | -120     |
|    critic_loss     | 0.301    |
|    ent_coef        | 0.0475   |
|    ent_coef_loss   | 0.99     |
|    learning_rate   | 0.0003   |
|    n_updates       | 310999   |
---------------------------------
---------------------------------
| rollout/           |          |
|    ep_len_mean     | 1e+03    |
|    ep_rew_mean     | 899      |
| time/              |          |
|    episodes        | 316      |
|    fps             | 71       |
|    time_elapsed    | 4445     |
|    total_timesteps | 316000   |
| train/             |          |
|    actor_loss      | -120     |
|    critic_loss     | 0.899    |
|    ent_coef        | 0.0375   |
|    ent_coef_loss   | 0.449    |
|    learning_rate   | 0.0003   |
|    n_updates       | 314999   |
---------------------------------
---------------------------------
| rollout/           |          |
|    ep_len_mean     | 1e+03    |
|    ep_rew_mean     | 844      |
| time/              |          |
|    episodes        | 320      |
|    fps             | 71       |
|    time_elapsed    | 4497     |
|    total_timesteps | 320000   |
| train/             |          |
|    actor_loss      | -119     |
|    critic_loss     | 0.202    |
|    ent_coef        | 0.0318   |
|    ent_coef_loss   | 0.0465   |
|    learning_rate   | 0.0003   |
|    n_updates       | 318999   |
---------------------------------
---------------------------------
| rollout/           |          |
|    ep_len_mean     | 1e+03    |
|    ep_rew_mean     | 818      |
| time/              |          |
|    episodes        | 324      |
|    fps             | 71       |
|    time_elapsed    | 4549     |
|    total_timesteps | 324000   |
| train/             |          |
|    actor_loss      | -119     |
|    critic_loss     | 0.18     |
|    ent_coef        | 0.0357   |
|    ent_coef_loss   | 1.29     |
|    learning_rate   | 0.0003   |
|    n_updates       | 322999   |
---------------------------------
---------------------------------
| rollout/           |          |
|    ep_len_mean     | 1e+03    |
|    ep_rew_mean     | 833      |
| time/              |          |
|    episodes        | 328      |
|    fps             | 71       |
|    time_elapsed    | 4603     |
|    total_timesteps | 328000   |
| train/             |          |
|    actor_loss      | -118     |
|    critic_loss     | 0.323    |
|    ent_coef        | 0.0343   |
|    ent_coef_loss   | 1.48     |
|    learning_rate   | 0.0003   |
|    n_updates       | 326999   |
---------------------------------
---------------------------------
| rollout/           |          |
|    ep_len_mean     | 1e+03    |
|    ep_rew_mean     | 839      |
| time/              |          |
|    episodes        | 332      |
|    fps             | 71       |
|    time_elapsed    | 4656     |
|    total_timesteps | 332000   |
| train/             |          |
|    actor_loss      | -117     |
|    critic_loss     | 0.123    |
|    ent_coef        | 0.0357   |
|    ent_coef_loss   | -1.74    |
|    learning_rate   | 0.0003   |
|    n_updates       | 330999   |
---------------------------------
---------------------------------
| rollout/           |          |
|    ep_len_mean     | 1e+03    |
|    ep_rew_mean     | 842      |
| time/              |          |
|    episodes        | 336      |
|    fps             | 71       |
|    time_elapsed    | 4708     |
|    total_timesteps | 336000   |
| train/             |          |
|    actor_loss      | -122     |
|    critic_loss     | 0.16     |
|    ent_coef        | 0.0344   |
|    ent_coef_loss   | 0.38     |
|    learning_rate   | 0.0003   |
|    n_updates       | 334999   |
---------------------------------
---------------------------------
| rollout/           |          |
|    ep_len_mean     | 1e+03    |
|    ep_rew_mean     | 849      |
| time/              |          |
|    episodes        | 340      |
|    fps             | 71       |
|    time_elapsed    | 4761     |
|    total_timesteps | 340000   |
| train/             |          |
|    actor_loss      | -119     |
|    critic_loss     | 1.07     |
|    ent_coef        | 0.043    |
|    ent_coef_loss   | -6.51    |
|    learning_rate   | 0.0003   |
|    n_updates       | 338999   |
---------------------------------
---------------------------------
| rollout/           |          |
|    ep_len_mean     | 1e+03    |
|    ep_rew_mean     | 840      |
| time/              |          |
|    episodes        | 344      |
|    fps             | 71       |
|    time_elapsed    | 4814     |
|    total_timesteps | 344000   |
| train/             |          |
|    actor_loss      | -121     |
|    critic_loss     | 0.463    |
|    ent_coef        | 0.0211   |
|    ent_coef_loss   | 3.37     |
|    learning_rate   | 0.0003   |
|    n_updates       | 342999   |
---------------------------------
---------------------------------
| rollout/           |          |
|    ep_len_mean     | 1e+03    |
|    ep_rew_mean     | 843      |
| time/              |          |
|    episodes        | 348      |
|    fps             | 71       |
|    time_elapsed    | 4866     |
|    total_timesteps | 348000   |
| train/             |          |
|    actor_loss      | -120     |
|    critic_loss     | 0.222    |
|    ent_coef        | 0.028    |
|    ent_coef_loss   | 3.8      |
|    learning_rate   | 0.0003   |
|    n_updates       | 346999   |
---------------------------------
---------------------------------
| rollout/           |          |
|    ep_len_mean     | 1e+03    |
|    ep_rew_mean     | 864      |
| time/              |          |
|    episodes        | 352      |
|    fps             | 71       |
|    time_elapsed    | 4919     |
|    total_timesteps | 352000   |
| train/             |          |
|    actor_loss      | -120     |
|    critic_loss     | 0.725    |
|    ent_coef        | 0.0222   |
|    ent_coef_loss   | 2.68     |
|    learning_rate   | 0.0003   |
|    n_updates       | 350999   |
---------------------------------
---------------------------------
| rollout/           |          |
|    ep_len_mean     | 1e+03    |
|    ep_rew_mean     | 856      |
| time/              |          |
|    episodes        | 356      |
|    fps             | 71       |
|    time_elapsed    | 4973     |
|    total_timesteps | 356000   |
| train/             |          |
|    actor_loss      | -120     |
|    critic_loss     | 0.592    |
|    ent_coef        | 0.0252   |
|    ent_coef_loss   | -1.8     |
|    learning_rate   | 0.0003   |
|    n_updates       | 354999   |
---------------------------------
---------------------------------
| rollout/           |          |
|    ep_len_mean     | 1e+03    |
|    ep_rew_mean     | 857      |
| time/              |          |
|    episodes        | 360      |
|    fps             | 71       |
|    time_elapsed    | 5026     |
|    total_timesteps | 360000   |
| train/             |          |
|    actor_loss      | -122     |
|    critic_loss     | 0.208    |
|    ent_coef        | 0.0269   |
|    ent_coef_loss   | 0.0627   |
|    learning_rate   | 0.0003   |
|    n_updates       | 358999   |
---------------------------------
---------------------------------
| rollout/           |          |
|    ep_len_mean     | 1e+03    |
|    ep_rew_mean     | 860      |
| time/              |          |
|    episodes        | 364      |
|    fps             | 71       |
|    time_elapsed    | 5078     |
|    total_timesteps | 364000   |
| train/             |          |
|    actor_loss      | -122     |
|    critic_loss     | 0.366    |
|    ent_coef        | 0.031    |
|    ent_coef_loss   | 1.55     |
|    learning_rate   | 0.0003   |
|    n_updates       | 362999   |
---------------------------------
---------------------------------
| rollout/           |          |
|    ep_len_mean     | 1e+03    |
|    ep_rew_mean     | 884      |
| time/              |          |
|    episodes        | 368      |
|    fps             | 71       |
|    time_elapsed    | 5132     |
|    total_timesteps | 368000   |
| train/             |          |
|    actor_loss      | -123     |
|    critic_loss     | 0.415    |
|    ent_coef        | 0.0275   |
|    ent_coef_loss   | -0.924   |
|    learning_rate   | 0.0003   |
|    n_updates       | 366999   |
---------------------------------
---------------------------------
| rollout/           |          |
|    ep_len_mean     | 1e+03    |
|    ep_rew_mean     | 878      |
| time/              |          |
|    episodes        | 372      |
|    fps             | 71       |
|    time_elapsed    | 5186     |
|    total_timesteps | 372000   |
| train/             |          |
|    actor_loss      | -123     |
|    critic_loss     | 1.45     |
|    ent_coef        | 0.0219   |
|    ent_coef_loss   | 2.96     |
|    learning_rate   | 0.0003   |
|    n_updates       | 370999   |
---------------------------------
---------------------------------
| rollout/           |          |
|    ep_len_mean     | 1e+03    |
|    ep_rew_mean     | 849      |
| time/              |          |
|    episodes        | 376      |
|    fps             | 71       |
|    time_elapsed    | 5238     |
|    total_timesteps | 376000   |
| train/             |          |
|    actor_loss      | -125     |
|    critic_loss     | 0.274    |
|    ent_coef        | 0.0589   |
|    ent_coef_loss   | 0.106    |
|    learning_rate   | 0.0003   |
|    n_updates       | 374999   |
---------------------------------
---------------------------------
| rollout/           |          |
|    ep_len_mean     | 1e+03    |
|    ep_rew_mean     | 897      |
| time/              |          |
|    episodes        | 380      |
|    fps             | 71       |
|    time_elapsed    | 5291     |
|    total_timesteps | 380000   |
| train/             |          |
|    actor_loss      | -121     |
|    critic_loss     | 0.158    |
|    ent_coef        | 0.0481   |
|    ent_coef_loss   | 0.258    |
|    learning_rate   | 0.0003   |
|    n_updates       | 378999   |
---------------------------------
---------------------------------
| rollout/           |          |
|    ep_len_mean     | 1e+03    |
|    ep_rew_mean     | 895      |
| time/              |          |
|    episodes        | 384      |
|    fps             | 71       |
|    time_elapsed    | 5345     |
|    total_timesteps | 384000   |
| train/             |          |
|    actor_loss      | -120     |
|    critic_loss     | 0.305    |
|    ent_coef        | 0.0383   |
|    ent_coef_loss   | 1.09     |
|    learning_rate   | 0.0003   |
|    n_updates       | 382999   |
---------------------------------
---------------------------------
| rollout/           |          |
|    ep_len_mean     | 1e+03    |
|    ep_rew_mean     | 879      |
| time/              |          |
|    episodes        | 388      |
|    fps             | 71       |
|    time_elapsed    | 5398     |
|    total_timesteps | 388000   |
| train/             |          |
|    actor_loss      | -121     |
|    critic_loss     | 0.869    |
|    ent_coef        | 0.0279   |
|    ent_coef_loss   | -1.27    |
|    learning_rate   | 0.0003   |
|    n_updates       | 386999   |
---------------------------------
---------------------------------
| rollout/           |          |
|    ep_len_mean     | 1e+03    |
|    ep_rew_mean     | 860      |
| time/              |          |
|    episodes        | 392      |
|    fps             | 71       |
|    time_elapsed    | 5451     |
|    total_timesteps | 392000   |
| train/             |          |
|    actor_loss      | -119     |
|    critic_loss     | 0.283    |
|    ent_coef        | 0.0434   |
|    ent_coef_loss   | -2.29    |
|    learning_rate   | 0.0003   |
|    n_updates       | 390999   |
---------------------------------
---------------------------------
| rollout/           |          |
|    ep_len_mean     | 1e+03    |
|    ep_rew_mean     | 851      |
| time/              |          |
|    episodes        | 396      |
|    fps             | 71       |
|    time_elapsed    | 5505     |
|    total_timesteps | 396000   |
| train/             |          |
|    actor_loss      | -120     |
|    critic_loss     | 0.312    |
|    ent_coef        | 0.0493   |
|    ent_coef_loss   | -3.86    |
|    learning_rate   | 0.0003   |
|    n_updates       | 394999   |
---------------------------------
---------------------------------
| rollout/           |          |
|    ep_len_mean     | 1e+03    |
|    ep_rew_mean     | 846      |
| time/              |          |
|    episodes        | 400      |
|    fps             | 71       |
|    time_elapsed    | 5559     |
|    total_timesteps | 400000   |
| train/             |          |
|    actor_loss      | -118     |
|    critic_loss     | 0.252    |
|    ent_coef        | 0.0282   |
|    ent_coef_loss   | 0.113    |
|    learning_rate   | 0.0003   |
|    n_updates       | 398999   |
---------------------------------
---------------------------------
| rollout/           |          |
|    ep_len_mean     | 1e+03    |
|    ep_rew_mean     | 835      |
| time/              |          |
|    episodes        | 404      |
|    fps             | 71       |
|    time_elapsed    | 5611     |
|    total_timesteps | 404000   |
| train/             |          |
|    actor_loss      | -119     |
|    critic_loss     | 0.356    |
|    ent_coef        | 0.032    |
|    ent_coef_loss   | -0.959   |
|    learning_rate   | 0.0003   |
|    n_updates       | 402999   |
---------------------------------
---------------------------------
| rollout/           |          |
|    ep_len_mean     | 1e+03    |
|    ep_rew_mean     | 841      |
| time/              |          |
|    episodes        | 408      |
|    fps             | 72       |
|    time_elapsed    | 5665     |
|    total_timesteps | 408000   |
| train/             |          |
|    actor_loss      | -120     |
|    critic_loss     | 0.432    |
|    ent_coef        | 0.0313   |
|    ent_coef_loss   | 0.574    |
|    learning_rate   | 0.0003   |
|    n_updates       | 406999   |
---------------------------------
---------------------------------
| rollout/           |          |
|    ep_len_mean     | 1e+03    |
|    ep_rew_mean     | 853      |
| time/              |          |
|    episodes        | 412      |
|    fps             | 72       |
|    time_elapsed    | 5720     |
|    total_timesteps | 412000   |
| train/             |          |
|    actor_loss      | -121     |
|    critic_loss     | 0.298    |
|    ent_coef        | 0.0311   |
|    ent_coef_loss   | -0.625   |
|    learning_rate   | 0.0003   |
|    n_updates       | 410999   |
---------------------------------
---------------------------------
| rollout/           |          |
|    ep_len_mean     | 1e+03    |
|    ep_rew_mean     | 887      |
| time/              |          |
|    episodes        | 416      |
|    fps             | 72       |
|    time_elapsed    | 5777     |
|    total_timesteps | 416000   |
| train/             |          |
|    actor_loss      | -121     |
|    critic_loss     | 0.255    |
|    ent_coef        | 0.031    |
|    ent_coef_loss   | -0.446   |
|    learning_rate   | 0.0003   |
|    n_updates       | 414999   |
---------------------------------
---------------------------------
| rollout/           |          |
|    ep_len_mean     | 1e+03    |
|    ep_rew_mean     | 932      |
| time/              |          |
|    episodes        | 420      |
|    fps             | 72       |
|    time_elapsed    | 5831     |
|    total_timesteps | 420000   |
| train/             |          |
|    actor_loss      | -121     |
|    critic_loss     | 0.767    |
|    ent_coef        | 0.0404   |
|    ent_coef_loss   | 2.92     |
|    learning_rate   | 0.0003   |
|    n_updates       | 418999   |
---------------------------------
---------------------------------
| rollout/           |          |
|    ep_len_mean     | 1e+03    |
|    ep_rew_mean     | 953      |
| time/              |          |
|    episodes        | 424      |
|    fps             | 72       |
|    time_elapsed    | 5888     |
|    total_timesteps | 424000   |
| train/             |          |
|    actor_loss      | -116     |
|    critic_loss     | 0.193    |
|    ent_coef        | 0.0344   |
|    ent_coef_loss   | -0.846   |
|    learning_rate   | 0.0003   |
|    n_updates       | 422999   |
---------------------------------
---------------------------------
| rollout/           |          |
|    ep_len_mean     | 1e+03    |
|    ep_rew_mean     | 953      |
| time/              |          |
|    episodes        | 428      |
|    fps             | 72       |
|    time_elapsed    | 5942     |
|    total_timesteps | 428000   |
| train/             |          |
|    actor_loss      | -121     |
|    critic_loss     | 0.29     |
|    ent_coef        | 0.0304   |
|    ent_coef_loss   | -2.14    |
|    learning_rate   | 0.0003   |
|    n_updates       | 426999   |
---------------------------------
---------------------------------
| rollout/           |          |
|    ep_len_mean     | 1e+03    |
|    ep_rew_mean     | 908      |
| time/              |          |
|    episodes        | 432      |
|    fps             | 71       |
|    time_elapsed    | 6003     |
|    total_timesteps | 432000   |
| train/             |          |
|    actor_loss      | -119     |
|    critic_loss     | 0.559    |
|    ent_coef        | 0.0612   |
|    ent_coef_loss   | -1.27    |
|    learning_rate   | 0.0003   |
|    n_updates       | 430999   |
---------------------------------
---------------------------------
| rollout/           |          |
|    ep_len_mean     | 1e+03    |
|    ep_rew_mean     | 871      |
| time/              |          |
|    episodes        | 436      |
|    fps             | 71       |
|    time_elapsed    | 6076     |
|    total_timesteps | 436000   |
| train/             |          |
|    actor_loss      | -119     |
|    critic_loss     | 0.393    |
|    ent_coef        | 0.0351   |
|    ent_coef_loss   | -1.17    |
|    learning_rate   | 0.0003   |
|    n_updates       | 434999   |
---------------------------------
---------------------------------
| rollout/           |          |
|    ep_len_mean     | 1e+03    |
|    ep_rew_mean     | 853      |
| time/              |          |
|    episodes        | 440      |
|    fps             | 71       |
|    time_elapsed    | 6152     |
|    total_timesteps | 440000   |
| train/             |          |
|    actor_loss      | -110     |
|    critic_loss     | 0.549    |
|    ent_coef        | 0.035    |
|    ent_coef_loss   | 1.54     |
|    learning_rate   | 0.0003   |
|    n_updates       | 438999   |
---------------------------------
---------------------------------
| rollout/           |          |
|    ep_len_mean     | 1e+03    |
|    ep_rew_mean     | 820      |
| time/              |          |
|    episodes        | 444      |
|    fps             | 71       |
|    time_elapsed    | 6228     |
|    total_timesteps | 444000   |
| train/             |          |
|    actor_loss      | -119     |
|    critic_loss     | 0.612    |
|    ent_coef        | 0.048    |
|    ent_coef_loss   | -3.4     |
|    learning_rate   | 0.0003   |
|    n_updates       | 442999   |
---------------------------------
---------------------------------
| rollout/           |          |
|    ep_len_mean     | 1e+03    |
|    ep_rew_mean     | 782      |
| time/              |          |
|    episodes        | 448      |
|    fps             | 71       |
|    time_elapsed    | 6303     |
|    total_timesteps | 448000   |
| train/             |          |
|    actor_loss      | -114     |
|    critic_loss     | 0.408    |
|    ent_coef        | 0.0393   |
|    ent_coef_loss   | 0.583    |
|    learning_rate   | 0.0003   |
|    n_updates       | 446999   |
---------------------------------
---------------------------------
| rollout/           |          |
|    ep_len_mean     | 1e+03    |
|    ep_rew_mean     | 778      |
| time/              |          |
|    episodes        | 452      |
|    fps             | 70       |
|    time_elapsed    | 6379     |
|    total_timesteps | 452000   |
| train/             |          |
|    actor_loss      | -115     |
|    critic_loss     | 0.834    |
|    ent_coef        | 0.0385   |
|    ent_coef_loss   | 0.137    |
|    learning_rate   | 0.0003   |
|    n_updates       | 450999   |
---------------------------------
---------------------------------
| rollout/           |          |
|    ep_len_mean     | 1e+03    |
|    ep_rew_mean     | 774      |
| time/              |          |
|    episodes        | 456      |
|    fps             | 70       |
|    time_elapsed    | 6455     |
|    total_timesteps | 456000   |
| train/             |          |
|    actor_loss      | -112     |
|    critic_loss     | 0.475    |
|    ent_coef        | 0.048    |
|    ent_coef_loss   | 1.42     |
|    learning_rate   | 0.0003   |
|    n_updates       | 454999   |
---------------------------------
---------------------------------
| rollout/           |          |
|    ep_len_mean     | 1e+03    |
|    ep_rew_mean     | 773      |
| time/              |          |
|    episodes        | 460      |
|    fps             | 70       |
|    time_elapsed    | 6528     |
|    total_timesteps | 460000   |
| train/             |          |
|    actor_loss      | -115     |
|    critic_loss     | 0.682    |
|    ent_coef        | 0.0494   |
|    ent_coef_loss   | -1.64    |
|    learning_rate   | 0.0003   |
|    n_updates       | 458999   |
---------------------------------
---------------------------------
| rollout/           |          |
|    ep_len_mean     | 1e+03    |
|    ep_rew_mean     | 772      |
| time/              |          |
|    episodes        | 464      |
|    fps             | 70       |
|    time_elapsed    | 6604     |
|    total_timesteps | 464000   |
| train/             |          |
|    actor_loss      | -111     |
|    critic_loss     | 2.62     |
|    ent_coef        | 0.0428   |
|    ent_coef_loss   | 0.311    |
|    learning_rate   | 0.0003   |
|    n_updates       | 462999   |
---------------------------------
---------------------------------
| rollout/           |          |
|    ep_len_mean     | 1e+03    |
|    ep_rew_mean     | 770      |
| time/              |          |
|    episodes        | 468      |
|    fps             | 70       |
|    time_elapsed    | 6680     |
|    total_timesteps | 468000   |
| train/             |          |
|    actor_loss      | -113     |
|    critic_loss     | 0.828    |
|    ent_coef        | 0.0453   |
|    ent_coef_loss   | 1.1      |
|    learning_rate   | 0.0003   |
|    n_updates       | 466999   |
---------------------------------
---------------------------------
| rollout/           |          |
|    ep_len_mean     | 1e+03    |
|    ep_rew_mean     | 774      |
| time/              |          |
|    episodes        | 472      |
|    fps             | 69       |
|    time_elapsed    | 6755     |
|    total_timesteps | 472000   |
| train/             |          |
|    actor_loss      | -114     |
|    critic_loss     | 0.496    |
|    ent_coef        | 0.0548   |
|    ent_coef_loss   | -0.47    |
|    learning_rate   | 0.0003   |
|    n_updates       | 470999   |
---------------------------------
---------------------------------
| rollout/           |          |
|    ep_len_mean     | 1e+03    |
|    ep_rew_mean     | 814      |
| time/              |          |
|    episodes        | 476      |
|    fps             | 69       |
|    time_elapsed    | 6830     |
|    total_timesteps | 476000   |
| train/             |          |
|    actor_loss      | -112     |
|    critic_loss     | 1.31     |
|    ent_coef        | 0.045    |
|    ent_coef_loss   | 2.35     |
|    learning_rate   | 0.0003   |
|    n_updates       | 474999   |
---------------------------------
---------------------------------
| rollout/           |          |
|    ep_len_mean     | 1e+03    |
|    ep_rew_mean     | 801      |
| time/              |          |
|    episodes        | 480      |
|    fps             | 69       |
|    time_elapsed    | 6904     |
|    total_timesteps | 480000   |
| train/             |          |
|    actor_loss      | -115     |
|    critic_loss     | 0.57     |
|    ent_coef        | 0.0411   |
|    ent_coef_loss   | 2.3      |
|    learning_rate   | 0.0003   |
|    n_updates       | 478999   |
---------------------------------
---------------------------------
| rollout/           |          |
|    ep_len_mean     | 1e+03    |
|    ep_rew_mean     | 743      |
| time/              |          |
|    episodes        | 484      |
|    fps             | 69       |
|    time_elapsed    | 6979     |
|    total_timesteps | 484000   |
| train/             |          |
|    actor_loss      | -111     |
|    critic_loss     | 0.659    |
|    ent_coef        | 0.0528   |
|    ent_coef_loss   | 2.33     |
|    learning_rate   | 0.0003   |
|    n_updates       | 482999   |
---------------------------------
---------------------------------
| rollout/           |          |
|    ep_len_mean     | 1e+03    |
|    ep_rew_mean     | 728      |
| time/              |          |
|    episodes        | 488      |
|    fps             | 69       |
|    time_elapsed    | 7053     |
|    total_timesteps | 488000   |
| train/             |          |
|    actor_loss      | -112     |
|    critic_loss     | 0.723    |
|    ent_coef        | 0.0456   |
|    ent_coef_loss   | -2.89    |
|    learning_rate   | 0.0003   |
|    n_updates       | 486999   |
---------------------------------
---------------------------------
| rollout/           |          |
|    ep_len_mean     | 1e+03    |
|    ep_rew_mean     | 733      |
| time/              |          |
|    episodes        | 492      |
|    fps             | 69       |
|    time_elapsed    | 7121     |
|    total_timesteps | 492000   |
| train/             |          |
|    actor_loss      | -113     |
|    critic_loss     | 0.622    |
|    ent_coef        | 0.037    |
|    ent_coef_loss   | -0.476   |
|    learning_rate   | 0.0003   |
|    n_updates       | 490999   |
---------------------------------
---------------------------------
| rollout/           |          |
|    ep_len_mean     | 1e+03    |
|    ep_rew_mean     | 740      |
| time/              |          |
|    episodes        | 496      |
|    fps             | 68       |
|    time_elapsed    | 7188     |
|    total_timesteps | 496000   |
| train/             |          |
|    actor_loss      | -107     |
|    critic_loss     | 0.867    |
|    ent_coef        | 0.0333   |
|    ent_coef_loss   | -0.795   |
|    learning_rate   | 0.0003   |
|    n_updates       | 494999   |
---------------------------------
---------------------------------
| rollout/           |          |
|    ep_len_mean     | 1e+03    |
|    ep_rew_mean     | 743      |
| time/              |          |
|    episodes        | 500      |
|    fps             | 68       |
|    time_elapsed    | 7259     |
|    total_timesteps | 500000   |
| train/             |          |
|    actor_loss      | -110     |
|    critic_loss     | 0.637    |
|    ent_coef        | 0.0398   |
|    ent_coef_loss   | 1.22     |
|    learning_rate   | 0.0003   |
|    n_updates       | 498999   |
---------------------------------
[2026-06-22T14:20:08] Training complete in 7259.0s
[2026-06-22T14:20:08] Episodes: 500
[2026-06-22T14:20:08] Best reward: 1294.45
[2026-06-22T14:20:08] Mean reward (100ep): 743.21
[2026-06-22T14:20:08] Final goal tolerance: 0.6
[2026-06-22T14:20:08] Curriculum stage: 0
[2026-06-22T14:20:08] Saved: {'model': 'C:\\Users\\ranjo\\OneDrive\\Desktop\\ARM-Model\\project_assets\\outputs\\Parallel_Seeds\\seed_002\\sac_model', 'history': 'C:\\Users\\ranjo\\OneDrive\\Desktop\\ARM-Model\\project_assets\\outputs\\Parallel_Seeds\\seed_002\\training_history.csv', 'stats': 'C:\\Users\\ranjo\\OneDrive\\Desktop\\ARM-Model\\project_assets\\outputs\\Parallel_Seeds\\seed_002\\training_stats.json'}
[2026-06-22T14:20:08] Running Fitts' Law sweep (10 trials per condition)...
[2026-06-22T14:20:37] Fitts sweep complete in 28.2s
[2026-06-22T14:20:37] Fitts: MT = -0.0874 + +0.1327 * ID, R^2 = 0.7041 (n_conditions = 15, trials_per_condition = 10)
[2026-06-22T14:20:37] Saved: C:\Users\ranjo\OneDrive\Desktop\ARM-Model\project_assets\outputs\Parallel_Seeds\seed_002\fitts_law.json
[2026-06-22T14:20:37] Saved: C:\Users\ranjo\OneDrive\Desktop\ARM-Model\project_assets\outputs\Parallel_Seeds\seed_002\fitts_law.png
[2026-06-22T14:20:37] Running 2/3 Power Law sweep (20 trials)...
[2026-06-22T14:20:39] Power Law sweep complete in 1.8s
[2026-06-22T14:20:39] Power Law: log V = -0.4755 + -0.3052 * log C, R = -0.3138, R^2 = 0.0985 (n_samples = 3174, n_trials = 0/20)
[2026-06-22T14:20:39] Saved: C:\Users\ranjo\OneDrive\Desktop\ARM-Model\project_assets\outputs\Parallel_Seeds\seed_002\power_law.json
[2026-06-22T14:20:39] Saved: C:\Users\ranjo\OneDrive\Desktop\ARM-Model\project_assets\outputs\Parallel_Seeds\seed_002\power_law.png
[2026-06-22T14:20:39] Session complete. Total wall time: 2:01:31.231022
[2026-06-22T14:20:39] ============================================================
