[2026-08-14T17:50:04] Starting Fischer session: algorithm=SAC, timesteps=500,000, direction=EAST, actuation=muscle, waypoints=[[0.2, 1.2], [2.2, 0.5], [1.0, -1.6]], seed=102
[2026-08-14T17:50:04] Save dir: C:\Users\ranjo\OneDrive\Desktop\ARM-Model\project_assets\outputs\Ablation\no_hold_curr\seed_102
[2026-08-14T17:50:04] Waypoint mode active: 3 waypoints, current_waypoint_index=0 at every episode reset
[2026-08-14T17:50:04] Ablation config: hold_decrement=3, hold_curriculum=off, curriculum_mode=eval
[2026-08-14T17:50:04] Waypoint mode: tolerance curriculum floor raised to 0.2 m (eval standard is 0.6 m)
[2026-08-14T17:50:04] Best-model checkpointing active: deterministic eval every 25K steps, best snapshot saved to sac_model_best.zip
Using cpu device
Wrapping the env with a `Monitor` wrapper
Wrapping the env in a DummyVecEnv.
[EvalCheckpoint] Active: eval every 25,000 steps, 5 deterministic episodes at production standard (tol 0.6 m, hold 20). Training starts at tol 0.6 m, hold 20. Best model -> C:\Users\ranjo\OneDrive\Desktop\ARM-Model\project_assets\outputs\Ablation\no_hold_curr\seed_102\sac_model_best
----------------------------------
| rollout/           |           |
|    ep_len_mean     | 1e+03     |
|    ep_rew_mean     | -5.11e+03 |
| time/              |           |
|    episodes        | 4         |
|    fps             | 99        |
|    time_elapsed    | 40        |
|    total_timesteps | 4000      |
| train/             |           |
|    actor_loss      | 44.3      |
|    critic_loss     | 0.623     |
|    ent_coef        | 0.411     |
|    ent_coef_loss   | -5.43     |
|    learning_rate   | 0.0003    |
|    n_updates       | 2999      |
----------------------------------
----------------------------------
| rollout/           |           |
|    ep_len_mean     | 1e+03     |
|    ep_rew_mean     | -4.67e+03 |
| time/              |           |
|    episodes        | 8         |
|    fps             | 84        |
|    time_elapsed    | 94        |
|    total_timesteps | 8000      |
| train/             |           |
|    actor_loss      | 84.8      |
|    critic_loss     | 44.9      |
|    ent_coef        | 0.14      |
|    ent_coef_loss   | -6.88     |
|    learning_rate   | 0.0003    |
|    n_updates       | 6999      |
----------------------------------
----------------------------------
| rollout/           |           |
|    ep_len_mean     | 1e+03     |
|    ep_rew_mean     | -4.56e+03 |
| time/              |           |
|    episodes        | 12        |
|    fps             | 80        |
|    time_elapsed    | 148       |
|    total_timesteps | 12000     |
| train/             |           |
|    actor_loss      | 127       |
|    critic_loss     | 7.24      |
|    ent_coef        | 0.0991    |
|    ent_coef_loss   | 14.1      |
|    learning_rate   | 0.0003    |
|    n_updates       | 10999     |
----------------------------------
----------------------------------
| rollout/           |           |
|    ep_len_mean     | 1e+03     |
|    ep_rew_mean     | -4.82e+03 |
| time/              |           |
|    episodes        | 16        |
|    fps             | 78        |
|    time_elapsed    | 203       |
|    total_timesteps | 16000     |
| train/             |           |
|    actor_loss      | 127       |
|    critic_loss     | 311       |
|    ent_coef        | 0.162     |
|    ent_coef_loss   | 0.387     |
|    learning_rate   | 0.0003    |
|    n_updates       | 14999     |
----------------------------------
----------------------------------
| rollout/           |           |
|    ep_len_mean     | 1e+03     |
|    ep_rew_mean     | -5.19e+03 |
| time/              |           |
|    episodes        | 20        |
|    fps             | 77        |
|    time_elapsed    | 256       |
|    total_timesteps | 20000     |
| train/             |           |
|    actor_loss      | 146       |
|    critic_loss     | 24.4      |
|    ent_coef        | 0.169     |
|    ent_coef_loss   | 0.858     |
|    learning_rate   | 0.0003    |
|    n_updates       | 18999     |
----------------------------------
----------------------------------
| rollout/           |           |
|    ep_len_mean     | 1e+03     |
|    ep_rew_mean     | -4.99e+03 |
| time/              |           |
|    episodes        | 24        |
|    fps             | 77        |
|    time_elapsed    | 310       |
|    total_timesteps | 24000     |
| train/             |           |
|    actor_loss      | 97.8      |
|    critic_loss     | 544       |
|    ent_coef        | 0.217     |
|    ent_coef_loss   | 0.769     |
|    learning_rate   | 0.0003    |
|    n_updates       | 22999     |
----------------------------------
[EvalCheckpoint] step 25,000: 0/5 success, mean waypoints 0.0, mean steps 800 (train tol 0.60 m, hold 20)
[EvalCheckpoint] New best model saved (score (0, 0.0, -800.0))
----------------------------------
| rollout/           |           |
|    ep_len_mean     | 1e+03     |
|    ep_rew_mean     | -4.87e+03 |
| time/              |           |
|    episodes        | 28        |
|    fps             | 76        |
|    time_elapsed    | 368       |
|    total_timesteps | 28000     |
| train/             |           |
|    actor_loss      | 32.9      |
|    critic_loss     | 23.1      |
|    ent_coef        | 0.278     |
|    ent_coef_loss   | -0.154    |
|    learning_rate   | 0.0003    |
|    n_updates       | 26999     |
----------------------------------
----------------------------------
| rollout/           |           |
|    ep_len_mean     | 1e+03     |
|    ep_rew_mean     | -4.58e+03 |
| time/              |           |
|    episodes        | 32        |
|    fps             | 75        |
|    time_elapsed    | 423       |
|    total_timesteps | 32000     |
| train/             |           |
|    actor_loss      | -151      |
|    critic_loss     | 29.1      |
|    ent_coef        | 0.41      |
|    ent_coef_loss   | -0.228    |
|    learning_rate   | 0.0003    |
|    n_updates       | 30999     |
----------------------------------
----------------------------------
| rollout/           |           |
|    ep_len_mean     | 1e+03     |
|    ep_rew_mean     | -4.78e+03 |
| time/              |           |
|    episodes        | 36        |
|    fps             | 74        |
|    time_elapsed    | 480       |
|    total_timesteps | 36000     |
| train/             |           |
|    actor_loss      | -194      |
|    critic_loss     | 38.8      |
|    ent_coef        | 0.386     |
|    ent_coef_loss   | 0.0931    |
|    learning_rate   | 0.0003    |
|    n_updates       | 34999     |
----------------------------------
----------------------------------
| rollout/           |           |
|    ep_len_mean     | 1e+03     |
|    ep_rew_mean     | -4.65e+03 |
| time/              |           |
|    episodes        | 40        |
|    fps             | 74        |
|    time_elapsed    | 533       |
|    total_timesteps | 40000     |
| train/             |           |
|    actor_loss      | -335      |
|    critic_loss     | 45        |
|    ent_coef        | 0.381     |
|    ent_coef_loss   | -0.0789   |
|    learning_rate   | 0.0003    |
|    n_updates       | 38999     |
----------------------------------
----------------------------------
| rollout/           |           |
|    ep_len_mean     | 1e+03     |
|    ep_rew_mean     | -4.75e+03 |
| time/              |           |
|    episodes        | 44        |
|    fps             | 74        |
|    time_elapsed    | 590       |
|    total_timesteps | 44000     |
| train/             |           |
|    actor_loss      | -299      |
|    critic_loss     | 31.9      |
|    ent_coef        | 0.377     |
|    ent_coef_loss   | -0.0776   |
|    learning_rate   | 0.0003    |
|    n_updates       | 42999     |
----------------------------------
----------------------------------
| rollout/           |           |
|    ep_len_mean     | 1e+03     |
|    ep_rew_mean     | -4.85e+03 |
| time/              |           |
|    episodes        | 48        |
|    fps             | 74        |
|    time_elapsed    | 648       |
|    total_timesteps | 48000     |
| train/             |           |
|    actor_loss      | -248      |
|    critic_loss     | 2.09e+03  |
|    ent_coef        | 0.383     |
|    ent_coef_loss   | 0.177     |
|    learning_rate   | 0.0003    |
|    n_updates       | 46999     |
----------------------------------
[EvalCheckpoint] step 50,000: 0/5 success, mean waypoints 0.0, mean steps 800 (train tol 0.60 m, hold 20)
----------------------------------
| rollout/           |           |
|    ep_len_mean     | 1e+03     |
|    ep_rew_mean     | -4.73e+03 |
| time/              |           |
|    episodes        | 52        |
|    fps             | 73        |
|    time_elapsed    | 708       |
|    total_timesteps | 52000     |
| train/             |           |
|    actor_loss      | -306      |
|    critic_loss     | 706       |
|    ent_coef        | 0.384     |
|    ent_coef_loss   | 0.356     |
|    learning_rate   | 0.0003    |
|    n_updates       | 50999     |
----------------------------------
----------------------------------
| rollout/           |           |
|    ep_len_mean     | 1e+03     |
|    ep_rew_mean     | -4.65e+03 |
| time/              |           |
|    episodes        | 56        |
|    fps             | 73        |
|    time_elapsed    | 765       |
|    total_timesteps | 56000     |
| train/             |           |
|    actor_loss      | -316      |
|    critic_loss     | 15.9      |
|    ent_coef        | 0.398     |
|    ent_coef_loss   | -0.306    |
|    learning_rate   | 0.0003    |
|    n_updates       | 54999     |
----------------------------------
----------------------------------
| rollout/           |           |
|    ep_len_mean     | 1e+03     |
|    ep_rew_mean     | -4.53e+03 |
| time/              |           |
|    episodes        | 60        |
|    fps             | 72        |
|    time_elapsed    | 824       |
|    total_timesteps | 60000     |
| train/             |           |
|    actor_loss      | -285      |
|    critic_loss     | 25.8      |
|    ent_coef        | 0.36      |
|    ent_coef_loss   | -0.104    |
|    learning_rate   | 0.0003    |
|    n_updates       | 58999     |
----------------------------------
----------------------------------
| rollout/           |           |
|    ep_len_mean     | 1e+03     |
|    ep_rew_mean     | -4.52e+03 |
| time/              |           |
|    episodes        | 64        |
|    fps             | 72        |
|    time_elapsed    | 882       |
|    total_timesteps | 64000     |
| train/             |           |
|    actor_loss      | -233      |
|    critic_loss     | 45.8      |
|    ent_coef        | 0.315     |
|    ent_coef_loss   | -0.309    |
|    learning_rate   | 0.0003    |
|    n_updates       | 62999     |
----------------------------------
---------------------------------
| rollout/           |          |
|    ep_len_mean     | 1e+03    |
|    ep_rew_mean     | -4.4e+03 |
| time/              |          |
|    episodes        | 68       |
|    fps             | 72       |
|    time_elapsed    | 941      |
|    total_timesteps | 68000    |
| train/             |          |
|    actor_loss      | -208     |
|    critic_loss     | 25.8     |
|    ent_coef        | 0.288    |
|    ent_coef_loss   | 0.164    |
|    learning_rate   | 0.0003   |
|    n_updates       | 66999    |
---------------------------------
----------------------------------
| rollout/           |           |
|    ep_len_mean     | 1e+03     |
|    ep_rew_mean     | -4.47e+03 |
| time/              |           |
|    episodes        | 72        |
|    fps             | 72        |
|    time_elapsed    | 995       |
|    total_timesteps | 72000     |
| train/             |           |
|    actor_loss      | -200      |
|    critic_loss     | 16.2      |
|    ent_coef        | 0.213     |
|    ent_coef_loss   | 0.163     |
|    learning_rate   | 0.0003    |
|    n_updates       | 70999     |
----------------------------------
[EvalCheckpoint] step 75,000: 0/5 success, mean waypoints 0.0, mean steps 800 (train tol 0.60 m, hold 20)
----------------------------------
| rollout/           |           |
|    ep_len_mean     | 1e+03     |
|    ep_rew_mean     | -4.44e+03 |
| time/              |           |
|    episodes        | 76        |
|    fps             | 71        |
|    time_elapsed    | 1056      |
|    total_timesteps | 76000     |
| train/             |           |
|    actor_loss      | -140      |
|    critic_loss     | 14.6      |
|    ent_coef        | 0.197     |
|    ent_coef_loss   | -0.445    |
|    learning_rate   | 0.0003    |
|    n_updates       | 74999     |
----------------------------------
----------------------------------
| rollout/           |           |
|    ep_len_mean     | 1e+03     |
|    ep_rew_mean     | -4.42e+03 |
| time/              |           |
|    episodes        | 80        |
|    fps             | 72        |
|    time_elapsed    | 1110      |
|    total_timesteps | 80000     |
| train/             |           |
|    actor_loss      | -157      |
|    critic_loss     | 24        |
|    ent_coef        | 0.174     |
|    ent_coef_loss   | 0.204     |
|    learning_rate   | 0.0003    |
|    n_updates       | 78999     |
----------------------------------
----------------------------------
| rollout/           |           |
|    ep_len_mean     | 1e+03     |
|    ep_rew_mean     | -4.29e+03 |
| time/              |           |
|    episodes        | 84        |
|    fps             | 72        |
|    time_elapsed    | 1166      |
|    total_timesteps | 84000     |
| train/             |           |
|    actor_loss      | -120      |
|    critic_loss     | 11.8      |
|    ent_coef        | 0.175     |
|    ent_coef_loss   | 0.467     |
|    learning_rate   | 0.0003    |
|    n_updates       | 82999     |
----------------------------------
----------------------------------
| rollout/           |           |
|    ep_len_mean     | 1e+03     |
|    ep_rew_mean     | -4.17e+03 |
| time/              |           |
|    episodes        | 88        |
|    fps             | 71        |
|    time_elapsed    | 1223      |
|    total_timesteps | 88000     |
| train/             |           |
|    actor_loss      | -108      |
|    critic_loss     | 11.4      |
|    ent_coef        | 0.187     |
|    ent_coef_loss   | 0.18      |
|    learning_rate   | 0.0003    |
|    n_updates       | 86999     |
----------------------------------
----------------------------------
| rollout/           |           |
|    ep_len_mean     | 1e+03     |
|    ep_rew_mean     | -4.03e+03 |
| time/              |           |
|    episodes        | 92        |
|    fps             | 71        |
|    time_elapsed    | 1281      |
|    total_timesteps | 92000     |
| train/             |           |
|    actor_loss      | -105      |
|    critic_loss     | 15.9      |
|    ent_coef        | 0.189     |
|    ent_coef_loss   | -0.226    |
|    learning_rate   | 0.0003    |
|    n_updates       | 90999     |
----------------------------------
---------------------------------
| rollout/           |          |
|    ep_len_mean     | 1e+03    |
|    ep_rew_mean     | -3.9e+03 |
| time/              |          |
|    episodes        | 96       |
|    fps             | 71       |
|    time_elapsed    | 1338     |
|    total_timesteps | 96000    |
| train/             |          |
|    actor_loss      | -74.7    |
|    critic_loss     | 6.88     |
|    ent_coef        | 0.175    |
|    ent_coef_loss   | -0.716   |
|    learning_rate   | 0.0003   |
|    n_updates       | 94999    |
---------------------------------
[EvalCheckpoint] step 100,000: 0/5 success, mean waypoints 0.0, mean steps 800 (train tol 0.60 m, hold 20)
----------------------------------
| rollout/           |           |
|    ep_len_mean     | 1e+03     |
|    ep_rew_mean     | -4.04e+03 |
| time/              |           |
|    episodes        | 100       |
|    fps             | 71        |
|    time_elapsed    | 1395      |
|    total_timesteps | 100000    |
| train/             |           |
|    actor_loss      | -90.6     |
|    critic_loss     | 7.36      |
|    ent_coef        | 0.228     |
|    ent_coef_loss   | -0.1      |
|    learning_rate   | 0.0003    |
|    n_updates       | 98999     |
----------------------------------
----------------------------------
| rollout/           |           |
|    ep_len_mean     | 1e+03     |
|    ep_rew_mean     | -4.13e+03 |
| time/              |           |
|    episodes        | 104       |
|    fps             | 71        |
|    time_elapsed    | 1450      |
|    total_timesteps | 104000    |
| train/             |           |
|    actor_loss      | -62.1     |
|    critic_loss     | 24.2      |
|    ent_coef        | 0.174     |
|    ent_coef_loss   | 0.077     |
|    learning_rate   | 0.0003    |
|    n_updates       | 102999    |
----------------------------------
----------------------------------
| rollout/           |           |
|    ep_len_mean     | 1e+03     |
|    ep_rew_mean     | -4.25e+03 |
| time/              |           |
|    episodes        | 108       |
|    fps             | 71        |
|    time_elapsed    | 1505      |
|    total_timesteps | 108000    |
| train/             |           |
|    actor_loss      | -48.3     |
|    critic_loss     | 16.6      |
|    ent_coef        | 0.173     |
|    ent_coef_loss   | 0.874     |
|    learning_rate   | 0.0003    |
|    n_updates       | 106999    |
----------------------------------
---------------------------------
| rollout/           |          |
|    ep_len_mean     | 1e+03    |
|    ep_rew_mean     | -4.2e+03 |
| time/              |          |
|    episodes        | 112      |
|    fps             | 71       |
|    time_elapsed    | 1560     |
|    total_timesteps | 112000   |
| train/             |          |
|    actor_loss      | -2.54    |
|    critic_loss     | 10.1     |
|    ent_coef        | 0.134    |
|    ent_coef_loss   | -0.219   |
|    learning_rate   | 0.0003   |
|    n_updates       | 110999   |
---------------------------------
---------------------------------
| rollout/           |          |
|    ep_len_mean     | 1e+03    |
|    ep_rew_mean     | -4e+03   |
| time/              |          |
|    episodes        | 116      |
|    fps             | 71       |
|    time_elapsed    | 1615     |
|    total_timesteps | 116000   |
| train/             |          |
|    actor_loss      | 1.32     |
|    critic_loss     | 17.3     |
|    ent_coef        | 0.155    |
|    ent_coef_loss   | 0.139    |
|    learning_rate   | 0.0003   |
|    n_updates       | 114999   |
---------------------------------
----------------------------------
| rollout/           |           |
|    ep_len_mean     | 1e+03     |
|    ep_rew_mean     | -3.78e+03 |
| time/              |           |
|    episodes        | 120       |
|    fps             | 71        |
|    time_elapsed    | 1668      |
|    total_timesteps | 120000    |
| train/             |           |
|    actor_loss      | 10.8      |
|    critic_loss     | 10.5      |
|    ent_coef        | 0.15      |
|    ent_coef_loss   | -0.231    |
|    learning_rate   | 0.0003    |
|    n_updates       | 118999    |
----------------------------------
----------------------------------
| rollout/           |           |
|    ep_len_mean     | 1e+03     |
|    ep_rew_mean     | -3.65e+03 |
| time/              |           |
|    episodes        | 124       |
|    fps             | 71        |
|    time_elapsed    | 1723      |
|    total_timesteps | 124000    |
| train/             |           |
|    actor_loss      | 3.58      |
|    critic_loss     | 4.78      |
|    ent_coef        | 0.151     |
|    ent_coef_loss   | -0.474    |
|    learning_rate   | 0.0003    |
|    n_updates       | 122999    |
----------------------------------
[EvalCheckpoint] step 125,000: 0/5 success, mean waypoints 0.0, mean steps 800 (train tol 0.60 m, hold 20)
----------------------------------
| rollout/           |           |
|    ep_len_mean     | 1e+03     |
|    ep_rew_mean     | -3.52e+03 |
| time/              |           |
|    episodes        | 128       |
|    fps             | 71        |
|    time_elapsed    | 1780      |
|    total_timesteps | 128000    |
| train/             |           |
|    actor_loss      | 6.11      |
|    critic_loss     | 3.44      |
|    ent_coef        | 0.14      |
|    ent_coef_loss   | -0.436    |
|    learning_rate   | 0.0003    |
|    n_updates       | 126999    |
----------------------------------
----------------------------------
| rollout/           |           |
|    ep_len_mean     | 1e+03     |
|    ep_rew_mean     | -3.44e+03 |
| time/              |           |
|    episodes        | 132       |
|    fps             | 71        |
|    time_elapsed    | 1835      |
|    total_timesteps | 132000    |
| train/             |           |
|    actor_loss      | 33        |
|    critic_loss     | 3.43      |
|    ent_coef        | 0.134     |
|    ent_coef_loss   | -0.154    |
|    learning_rate   | 0.0003    |
|    n_updates       | 130999    |
----------------------------------
----------------------------------
| rollout/           |           |
|    ep_len_mean     | 1e+03     |
|    ep_rew_mean     | -3.21e+03 |
| time/              |           |
|    episodes        | 136       |
|    fps             | 72        |
|    time_elapsed    | 1888      |
|    total_timesteps | 136000    |
| train/             |           |
|    actor_loss      | 37.4      |
|    critic_loss     | 7.81      |
|    ent_coef        | 0.127     |
|    ent_coef_loss   | -0.78     |
|    learning_rate   | 0.0003    |
|    n_updates       | 134999    |
----------------------------------
----------------------------------
| rollout/           |           |
|    ep_len_mean     | 1e+03     |
|    ep_rew_mean     | -3.11e+03 |
| time/              |           |
|    episodes        | 140       |
|    fps             | 72        |
|    time_elapsed    | 1943      |
|    total_timesteps | 140000    |
| train/             |           |
|    actor_loss      | 41.4      |
|    critic_loss     | 10.4      |
|    ent_coef        | 0.114     |
|    ent_coef_loss   | 0.437     |
|    learning_rate   | 0.0003    |
|    n_updates       | 138999    |
----------------------------------
----------------------------------
| rollout/           |           |
|    ep_len_mean     | 1e+03     |
|    ep_rew_mean     | -2.92e+03 |
| time/              |           |
|    episodes        | 144       |
|    fps             | 72        |
|    time_elapsed    | 1999      |
|    total_timesteps | 144000    |
| train/             |           |
|    actor_loss      | 52.2      |
|    critic_loss     | 3.97      |
|    ent_coef        | 0.121     |
|    ent_coef_loss   | 0.21      |
|    learning_rate   | 0.0003    |
|    n_updates       | 142999    |
----------------------------------
----------------------------------
| rollout/           |           |
|    ep_len_mean     | 1e+03     |
|    ep_rew_mean     | -2.71e+03 |
| time/              |           |
|    episodes        | 148       |
|    fps             | 72        |
|    time_elapsed    | 2053      |
|    total_timesteps | 148000    |
| train/             |           |
|    actor_loss      | 49.6      |
|    critic_loss     | 2.15      |
|    ent_coef        | 0.116     |
|    ent_coef_loss   | 1.16      |
|    learning_rate   | 0.0003    |
|    n_updates       | 146999    |
----------------------------------
[EvalCheckpoint] step 150,000: 0/5 success, mean waypoints 0.0, mean steps 800 (train tol 0.60 m, hold 20)
---------------------------------
| rollout/           |          |
|    ep_len_mean     | 1e+03    |
|    ep_rew_mean     | -2.6e+03 |
| time/              |          |
|    episodes        | 152      |
|    fps             | 72       |
|    time_elapsed    | 2107     |
|    total_timesteps | 152000   |
| train/             |          |
|    actor_loss      | 47.1     |
|    critic_loss     | 2.82     |
|    ent_coef        | 0.094    |
|    ent_coef_loss   | 0.632    |
|    learning_rate   | 0.0003   |
|    n_updates       | 150999   |
---------------------------------
----------------------------------
| rollout/           |           |
|    ep_len_mean     | 1e+03     |
|    ep_rew_mean     | -2.49e+03 |
| time/              |           |
|    episodes        | 156       |
|    fps             | 72        |
|    time_elapsed    | 2160      |
|    total_timesteps | 156000    |
| train/             |           |
|    actor_loss      | 72        |
|    critic_loss     | 2.33      |
|    ent_coef        | 0.0844    |
|    ent_coef_loss   | -0.78     |
|    learning_rate   | 0.0003    |
|    n_updates       | 154999    |
----------------------------------
---------------------------------
| rollout/           |          |
|    ep_len_mean     | 1e+03    |
|    ep_rew_mean     | -2.4e+03 |
| time/              |          |
|    episodes        | 160      |
|    fps             | 72       |
|    time_elapsed    | 2213     |
|    total_timesteps | 160000   |
| train/             |          |
|    actor_loss      | 60.2     |
|    critic_loss     | 1.82     |
|    ent_coef        | 0.0907   |
|    ent_coef_loss   | -0.79    |
|    learning_rate   | 0.0003   |
|    n_updates       | 158999   |
---------------------------------
----------------------------------
| rollout/           |           |
|    ep_len_mean     | 1e+03     |
|    ep_rew_mean     | -2.26e+03 |
| time/              |           |
|    episodes        | 164       |
|    fps             | 72        |
|    time_elapsed    | 2267      |
|    total_timesteps | 164000    |
| train/             |           |
|    actor_loss      | 47.8      |
|    critic_loss     | 1.84      |
|    ent_coef        | 0.0899    |
|    ent_coef_loss   | -0.421    |
|    learning_rate   | 0.0003    |
|    n_updates       | 162999    |
----------------------------------
----------------------------------
| rollout/           |           |
|    ep_len_mean     | 1e+03     |
|    ep_rew_mean     | -2.17e+03 |
| time/              |           |
|    episodes        | 168       |
|    fps             | 72        |
|    time_elapsed    | 2320      |
|    total_timesteps | 168000    |
| train/             |           |
|    actor_loss      | 55.8      |
|    critic_loss     | 10.3      |
|    ent_coef        | 0.0987    |
|    ent_coef_loss   | -0.559    |
|    learning_rate   | 0.0003    |
|    n_updates       | 166999    |
----------------------------------
----------------------------------
| rollout/           |           |
|    ep_len_mean     | 1e+03     |
|    ep_rew_mean     | -1.97e+03 |
| time/              |           |
|    episodes        | 172       |
|    fps             | 72        |
|    time_elapsed    | 2371      |
|    total_timesteps | 172000    |
| train/             |           |
|    actor_loss      | 76.3      |
|    critic_loss     | 4.1       |
|    ent_coef        | 0.0887    |
|    ent_coef_loss   | 0.0488    |
|    learning_rate   | 0.0003    |
|    n_updates       | 170999    |
----------------------------------
[EvalCheckpoint] step 175,000: 0/5 success, mean waypoints 0.0, mean steps 800 (train tol 0.60 m, hold 20)
----------------------------------
| rollout/           |           |
|    ep_len_mean     | 1e+03     |
|    ep_rew_mean     | -1.83e+03 |
| time/              |           |
|    episodes        | 176       |
|    fps             | 72        |
|    time_elapsed    | 2427      |
|    total_timesteps | 176000    |
| train/             |           |
|    actor_loss      | 86.7      |
|    critic_loss     | 1.4       |
|    ent_coef        | 0.0796    |
|    ent_coef_loss   | 1.18      |
|    learning_rate   | 0.0003    |
|    n_updates       | 174999    |
----------------------------------
---------------------------------
| rollout/           |          |
|    ep_len_mean     | 1e+03    |
|    ep_rew_mean     | -1.7e+03 |
| time/              |          |
|    episodes        | 180      |
|    fps             | 72       |
|    time_elapsed    | 2483     |
|    total_timesteps | 180000   |
| train/             |          |
|    actor_loss      | 74.9     |
|    critic_loss     | 1.57     |
|    ent_coef        | 0.0802   |
|    ent_coef_loss   | 1.27     |
|    learning_rate   | 0.0003   |
|    n_updates       | 178999   |
---------------------------------
----------------------------------
| rollout/           |           |
|    ep_len_mean     | 1e+03     |
|    ep_rew_mean     | -1.68e+03 |
| time/              |           |
|    episodes        | 184       |
|    fps             | 72        |
|    time_elapsed    | 2539      |
|    total_timesteps | 184000    |
| train/             |           |
|    actor_loss      | 62        |
|    critic_loss     | 1.81      |
|    ent_coef        | 0.0818    |
|    ent_coef_loss   | 0.0976    |
|    learning_rate   | 0.0003    |
|    n_updates       | 182999    |
----------------------------------
----------------------------------
| rollout/           |           |
|    ep_len_mean     | 1e+03     |
|    ep_rew_mean     | -1.65e+03 |
| time/              |           |
|    episodes        | 188       |
|    fps             | 72        |
|    time_elapsed    | 2595      |
|    total_timesteps | 188000    |
| train/             |           |
|    actor_loss      | 86.5      |
|    critic_loss     | 1.54      |
|    ent_coef        | 0.0821    |
|    ent_coef_loss   | 0.69      |
|    learning_rate   | 0.0003    |
|    n_updates       | 186999    |
----------------------------------
----------------------------------
| rollout/           |           |
|    ep_len_mean     | 1e+03     |
|    ep_rew_mean     | -1.62e+03 |
| time/              |           |
|    episodes        | 192       |
|    fps             | 72        |
|    time_elapsed    | 2652      |
|    total_timesteps | 192000    |
| train/             |           |
|    actor_loss      | 82.3      |
|    critic_loss     | 3.4       |
|    ent_coef        | 0.0803    |
|    ent_coef_loss   | -0.76     |
|    learning_rate   | 0.0003    |
|    n_updates       | 190999    |
----------------------------------
----------------------------------
| rollout/           |           |
|    ep_len_mean     | 1e+03     |
|    ep_rew_mean     | -1.58e+03 |
| time/              |           |
|    episodes        | 196       |
|    fps             | 72        |
|    time_elapsed    | 2711      |
|    total_timesteps | 196000    |
| train/             |           |
|    actor_loss      | 57        |
|    critic_loss     | 17.2      |
|    ent_coef        | 0.0767    |
|    ent_coef_loss   | -0.295    |
|    learning_rate   | 0.0003    |
|    n_updates       | 194999    |
----------------------------------
[EvalCheckpoint] step 200,000: 0/5 success, mean waypoints 0.0, mean steps 800 (train tol 0.60 m, hold 20)
----------------------------------
| rollout/           |           |
|    ep_len_mean     | 1e+03     |
|    ep_rew_mean     | -1.28e+03 |
| time/              |           |
|    episodes        | 200       |
|    fps             | 72        |
|    time_elapsed    | 2771      |
|    total_timesteps | 200000    |
| train/             |           |
|    actor_loss      | 50.5      |
|    critic_loss     | 1.28      |
|    ent_coef        | 0.0718    |
|    ent_coef_loss   | 0.987     |
|    learning_rate   | 0.0003    |
|    n_updates       | 198999    |
----------------------------------
---------------------------------
| rollout/           |          |
|    ep_len_mean     | 1e+03    |
|    ep_rew_mean     | -982     |
| time/              |          |
|    episodes        | 204      |
|    fps             | 72       |
|    time_elapsed    | 2831     |
|    total_timesteps | 204000   |
| train/             |          |
|    actor_loss      | 77.7     |
|    critic_loss     | 7.34     |
|    ent_coef        | 0.0757   |
|    ent_coef_loss   | 0.0496   |
|    learning_rate   | 0.0003   |
|    n_updates       | 202999   |
---------------------------------
---------------------------------
| rollout/           |          |
|    ep_len_mean     | 1e+03    |
|    ep_rew_mean     | -700     |
| time/              |          |
|    episodes        | 208      |
|    fps             | 72       |
|    time_elapsed    | 2886     |
|    total_timesteps | 208000   |
| train/             |          |
|    actor_loss      | 62.5     |
|    critic_loss     | 2.55     |
|    ent_coef        | 0.0844   |
|    ent_coef_loss   | 1.34     |
|    learning_rate   | 0.0003   |
|    n_updates       | 206999   |
---------------------------------
---------------------------------
| rollout/           |          |
|    ep_len_mean     | 1e+03    |
|    ep_rew_mean     | -593     |
| time/              |          |
|    episodes        | 212      |
|    fps             | 72       |
|    time_elapsed    | 2938     |
|    total_timesteps | 212000   |
| train/             |          |
|    actor_loss      | 42.7     |
|    critic_loss     | 1.5      |
|    ent_coef        | 0.0898   |
|    ent_coef_loss   | -0.314   |
|    learning_rate   | 0.0003   |
|    n_updates       | 210999   |
---------------------------------
---------------------------------
| rollout/           |          |
|    ep_len_mean     | 1e+03    |
|    ep_rew_mean     | -589     |
| time/              |          |
|    episodes        | 216      |
|    fps             | 72       |
|    time_elapsed    | 2995     |
|    total_timesteps | 216000   |
| train/             |          |
|    actor_loss      | 27.1     |
|    critic_loss     | 1.54     |
|    ent_coef        | 0.0781   |
|    ent_coef_loss   | -0.388   |
|    learning_rate   | 0.0003   |
|    n_updates       | 214999   |
---------------------------------
---------------------------------
| rollout/           |          |
|    ep_len_mean     | 1e+03    |
|    ep_rew_mean     | -552     |
| time/              |          |
|    episodes        | 220      |
|    fps             | 72       |
|    time_elapsed    | 3049     |
|    total_timesteps | 220000   |
| train/             |          |
|    actor_loss      | 26.3     |
|    critic_loss     | 17.5     |
|    ent_coef        | 0.0676   |
|    ent_coef_loss   | 0.529    |
|    learning_rate   | 0.0003   |
|    n_updates       | 218999   |
---------------------------------
---------------------------------
| rollout/           |          |
|    ep_len_mean     | 1e+03    |
|    ep_rew_mean     | -525     |
| time/              |          |
|    episodes        | 224      |
|    fps             | 72       |
|    time_elapsed    | 3102     |
|    total_timesteps | 224000   |
| train/             |          |
|    actor_loss      | 38.6     |
|    critic_loss     | 1.54     |
|    ent_coef        | 0.0595   |
|    ent_coef_loss   | -0.332   |
|    learning_rate   | 0.0003   |
|    n_updates       | 222999   |
---------------------------------
[EvalCheckpoint] step 225,000: 0/5 success, mean waypoints 0.0, mean steps 800 (train tol 0.60 m, hold 20)
---------------------------------
| rollout/           |          |
|    ep_len_mean     | 1e+03    |
|    ep_rew_mean     | -496     |
| time/              |          |
|    episodes        | 228      |
|    fps             | 72       |
|    time_elapsed    | 3156     |
|    total_timesteps | 228000   |
| train/             |          |
|    actor_loss      | 22.6     |
|    critic_loss     | 1.35     |
|    ent_coef        | 0.0574   |
|    ent_coef_loss   | -0.521   |
|    learning_rate   | 0.0003   |
|    n_updates       | 226999   |
---------------------------------
---------------------------------
| rollout/           |          |
|    ep_len_mean     | 1e+03    |
|    ep_rew_mean     | -475     |
| time/              |          |
|    episodes        | 232      |
|    fps             | 72       |
|    time_elapsed    | 3217     |
|    total_timesteps | 232000   |
| train/             |          |
|    actor_loss      | 19.4     |
|    critic_loss     | 0.669    |
|    ent_coef        | 0.0585   |
|    ent_coef_loss   | -0.0137  |
|    learning_rate   | 0.0003   |
|    n_updates       | 230999   |
---------------------------------
---------------------------------
| rollout/           |          |
|    ep_len_mean     | 1e+03    |
|    ep_rew_mean     | -450     |
| time/              |          |
|    episodes        | 236      |
|    fps             | 72       |
|    time_elapsed    | 3275     |
|    total_timesteps | 236000   |
| train/             |          |
|    actor_loss      | 26.5     |
|    critic_loss     | 1.54     |
|    ent_coef        | 0.0584   |
|    ent_coef_loss   | -0.521   |
|    learning_rate   | 0.0003   |
|    n_updates       | 234999   |
---------------------------------
---------------------------------
| rollout/           |          |
|    ep_len_mean     | 1e+03    |
|    ep_rew_mean     | -412     |
| time/              |          |
|    episodes        | 240      |
|    fps             | 71       |
|    time_elapsed    | 3334     |
|    total_timesteps | 240000   |
| train/             |          |
|    actor_loss      | 18.8     |
|    critic_loss     | 1.04     |
|    ent_coef        | 0.0505   |
|    ent_coef_loss   | 0.9      |
|    learning_rate   | 0.0003   |
|    n_updates       | 238999   |
---------------------------------
---------------------------------
| rollout/           |          |
|    ep_len_mean     | 1e+03    |
|    ep_rew_mean     | -367     |
| time/              |          |
|    episodes        | 244      |
|    fps             | 71       |
|    time_elapsed    | 3390     |
|    total_timesteps | 244000   |
| train/             |          |
|    actor_loss      | 17.6     |
|    critic_loss     | 0.732    |
|    ent_coef        | 0.0449   |
|    ent_coef_loss   | 0.206    |
|    learning_rate   | 0.0003   |
|    n_updates       | 242999   |
---------------------------------
---------------------------------
| rollout/           |          |
|    ep_len_mean     | 1e+03    |
|    ep_rew_mean     | -343     |
| time/              |          |
|    episodes        | 248      |
|    fps             | 72       |
|    time_elapsed    | 3439     |
|    total_timesteps | 248000   |
| train/             |          |
|    actor_loss      | 29.6     |
|    critic_loss     | 0.856    |
|    ent_coef        | 0.0458   |
|    ent_coef_loss   | 0.253    |
|    learning_rate   | 0.0003   |
|    n_updates       | 246999   |
---------------------------------
[EvalCheckpoint] step 250,000: 0/5 success, mean waypoints 0.0, mean steps 800 (train tol 0.60 m, hold 20)
---------------------------------
| rollout/           |          |
|    ep_len_mean     | 1e+03    |
|    ep_rew_mean     | -319     |
| time/              |          |
|    episodes        | 252      |
|    fps             | 72       |
|    time_elapsed    | 3488     |
|    total_timesteps | 252000   |
| train/             |          |
|    actor_loss      | -8.31    |
|    critic_loss     | 24.2     |
|    ent_coef        | 0.038    |
|    ent_coef_loss   | 1.84     |
|    learning_rate   | 0.0003   |
|    n_updates       | 250999   |
---------------------------------
---------------------------------
| rollout/           |          |
|    ep_len_mean     | 1e+03    |
|    ep_rew_mean     | -294     |
| time/              |          |
|    episodes        | 256      |
|    fps             | 72       |
|    time_elapsed    | 3541     |
|    total_timesteps | 256000   |
| train/             |          |
|    actor_loss      | 16.6     |
|    critic_loss     | 0.807    |
|    ent_coef        | 0.0382   |
|    ent_coef_loss   | 0.23     |
|    learning_rate   | 0.0003   |
|    n_updates       | 254999   |
---------------------------------
---------------------------------
| rollout/           |          |
|    ep_len_mean     | 1e+03    |
|    ep_rew_mean     | -298     |
| time/              |          |
|    episodes        | 260      |
|    fps             | 72       |
|    time_elapsed    | 3597     |
|    total_timesteps | 260000   |
| train/             |          |
|    actor_loss      | -2.61    |
|    critic_loss     | 1.42     |
|    ent_coef        | 0.0356   |
|    ent_coef_loss   | -1.23    |
|    learning_rate   | 0.0003   |
|    n_updates       | 258999   |
---------------------------------
---------------------------------
| rollout/           |          |
|    ep_len_mean     | 1e+03    |
|    ep_rew_mean     | -261     |
| time/              |          |
|    episodes        | 264      |
|    fps             | 72       |
|    time_elapsed    | 3649     |
|    total_timesteps | 264000   |
| train/             |          |
|    actor_loss      | 4.02     |
|    critic_loss     | 0.427    |
|    ent_coef        | 0.0369   |
|    ent_coef_loss   | -0.0203  |
|    learning_rate   | 0.0003   |
|    n_updates       | 262999   |
---------------------------------
---------------------------------
| rollout/           |          |
|    ep_len_mean     | 1e+03    |
|    ep_rew_mean     | -241     |
| time/              |          |
|    episodes        | 268      |
|    fps             | 72       |
|    time_elapsed    | 3704     |
|    total_timesteps | 268000   |
| train/             |          |
|    actor_loss      | -0.24    |
|    critic_loss     | 159      |
|    ent_coef        | 0.0337   |
|    ent_coef_loss   | -0.314   |
|    learning_rate   | 0.0003   |
|    n_updates       | 266999   |
---------------------------------
---------------------------------
| rollout/           |          |
|    ep_len_mean     | 1e+03    |
|    ep_rew_mean     | -217     |
| time/              |          |
|    episodes        | 272      |
|    fps             | 72       |
|    time_elapsed    | 3762     |
|    total_timesteps | 272000   |
| train/             |          |
|    actor_loss      | -26.7    |
|    critic_loss     | 0.561    |
|    ent_coef        | 0.0282   |
|    ent_coef_loss   | -0.772   |
|    learning_rate   | 0.0003   |
|    n_updates       | 270999   |
---------------------------------
[EvalCheckpoint] step 275,000: 0/5 success, mean waypoints 0.0, mean steps 800 (train tol 0.60 m, hold 20)
---------------------------------
| rollout/           |          |
|    ep_len_mean     | 1e+03    |
|    ep_rew_mean     | -190     |
| time/              |          |
|    episodes        | 276      |
|    fps             | 72       |
|    time_elapsed    | 3819     |
|    total_timesteps | 276000   |
| train/             |          |
|    actor_loss      | -17.6    |
|    critic_loss     | 1.29     |
|    ent_coef        | 0.0374   |
|    ent_coef_loss   | 0.0971   |
|    learning_rate   | 0.0003   |
|    n_updates       | 274999   |
---------------------------------
---------------------------------
| rollout/           |          |
|    ep_len_mean     | 1e+03    |
|    ep_rew_mean     | -158     |
| time/              |          |
|    episodes        | 280      |
|    fps             | 72       |
|    time_elapsed    | 3876     |
|    total_timesteps | 280000   |
| train/             |          |
|    actor_loss      | -30.5    |
|    critic_loss     | 0.88     |
|    ent_coef        | 0.0282   |
|    ent_coef_loss   | -0.52    |
|    learning_rate   | 0.0003   |
|    n_updates       | 278999   |
---------------------------------
---------------------------------
| rollout/           |          |
|    ep_len_mean     | 1e+03    |
|    ep_rew_mean     | -98.9    |
| time/              |          |
|    episodes        | 284      |
|    fps             | 72       |
|    time_elapsed    | 3937     |
|    total_timesteps | 284000   |
| train/             |          |
|    actor_loss      | -19      |
|    critic_loss     | 0.811    |
|    ent_coef        | 0.0283   |
|    ent_coef_loss   | -0.0453  |
|    learning_rate   | 0.0003   |
|    n_updates       | 282999   |
---------------------------------
---------------------------------
| rollout/           |          |
|    ep_len_mean     | 1e+03    |
|    ep_rew_mean     | -55.2    |
| time/              |          |
|    episodes        | 288      |
|    fps             | 72       |
|    time_elapsed    | 3992     |
|    total_timesteps | 288000   |
| train/             |          |
|    actor_loss      | -9.14    |
|    critic_loss     | 0.641    |
|    ent_coef        | 0.0268   |
|    ent_coef_loss   | -0.724   |
|    learning_rate   | 0.0003   |
|    n_updates       | 286999   |
---------------------------------
---------------------------------
| rollout/           |          |
|    ep_len_mean     | 1e+03    |
|    ep_rew_mean     | -39.2    |
| time/              |          |
|    episodes        | 292      |
|    fps             | 72       |
|    time_elapsed    | 4050     |
|    total_timesteps | 292000   |
| train/             |          |
|    actor_loss      | -20      |
|    critic_loss     | 165      |
|    ent_coef        | 0.0249   |
|    ent_coef_loss   | 0.726    |
|    learning_rate   | 0.0003   |
|    n_updates       | 290999   |
---------------------------------
---------------------------------
| rollout/           |          |
|    ep_len_mean     | 1e+03    |
|    ep_rew_mean     | -37.9    |
| time/              |          |
|    episodes        | 296      |
|    fps             | 71       |
|    time_elapsed    | 4115     |
|    total_timesteps | 296000   |
| train/             |          |
|    actor_loss      | -14.3    |
|    critic_loss     | 0.473    |
|    ent_coef        | 0.0251   |
|    ent_coef_loss   | 0.543    |
|    learning_rate   | 0.0003   |
|    n_updates       | 294999   |
---------------------------------
[EvalCheckpoint] step 300,000: 0/5 success, mean waypoints 0.0, mean steps 800 (train tol 0.60 m, hold 20)
---------------------------------
| rollout/           |          |
|    ep_len_mean     | 1e+03    |
|    ep_rew_mean     | -33.4    |
| time/              |          |
|    episodes        | 300      |
|    fps             | 71       |
|    time_elapsed    | 4180     |
|    total_timesteps | 300000   |
| train/             |          |
|    actor_loss      | -33.3    |
|    critic_loss     | 0.417    |
|    ent_coef        | 0.0255   |
|    ent_coef_loss   | -0.0733  |
|    learning_rate   | 0.0003   |
|    n_updates       | 298999   |
---------------------------------
---------------------------------
| rollout/           |          |
|    ep_len_mean     | 1e+03    |
|    ep_rew_mean     | -27.7    |
| time/              |          |
|    episodes        | 304      |
|    fps             | 71       |
|    time_elapsed    | 4238     |
|    total_timesteps | 304000   |
| train/             |          |
|    actor_loss      | -39.2    |
|    critic_loss     | 0.243    |
|    ent_coef        | 0.0281   |
|    ent_coef_loss   | -0.804   |
|    learning_rate   | 0.0003   |
|    n_updates       | 302999   |
---------------------------------
---------------------------------
| rollout/           |          |
|    ep_len_mean     | 1e+03    |
|    ep_rew_mean     | -22.4    |
| time/              |          |
|    episodes        | 308      |
|    fps             | 71       |
|    time_elapsed    | 4293     |
|    total_timesteps | 308000   |
| train/             |          |
|    actor_loss      | -53.4    |
|    critic_loss     | 0.247    |
|    ent_coef        | 0.0262   |
|    ent_coef_loss   | 1.01     |
|    learning_rate   | 0.0003   |
|    n_updates       | 306999   |
---------------------------------
---------------------------------
| rollout/           |          |
|    ep_len_mean     | 1e+03    |
|    ep_rew_mean     | -14.2    |
| time/              |          |
|    episodes        | 312      |
|    fps             | 71       |
|    time_elapsed    | 4347     |
|    total_timesteps | 312000   |
| train/             |          |
|    actor_loss      | -59.2    |
|    critic_loss     | 0.389    |
|    ent_coef        | 0.0299   |
|    ent_coef_loss   | -1.32    |
|    learning_rate   | 0.0003   |
|    n_updates       | 310999   |
---------------------------------
---------------------------------
| rollout/           |          |
|    ep_len_mean     | 1e+03    |
|    ep_rew_mean     | 17       |
| time/              |          |
|    episodes        | 316      |
|    fps             | 71       |
|    time_elapsed    | 4404     |
|    total_timesteps | 316000   |
| train/             |          |
|    actor_loss      | -59.6    |
|    critic_loss     | 0.283    |
|    ent_coef        | 0.0301   |
|    ent_coef_loss   | 0.861    |
|    learning_rate   | 0.0003   |
|    n_updates       | 314999   |
---------------------------------
---------------------------------
| rollout/           |          |
|    ep_len_mean     | 1e+03    |
|    ep_rew_mean     | 30.6     |
| time/              |          |
|    episodes        | 320      |
|    fps             | 71       |
|    time_elapsed    | 4459     |
|    total_timesteps | 320000   |
| train/             |          |
|    actor_loss      | -57.2    |
|    critic_loss     | 0.316    |
|    ent_coef        | 0.028    |
|    ent_coef_loss   | -1.09    |
|    learning_rate   | 0.0003   |
|    n_updates       | 318999   |
---------------------------------
---------------------------------
| rollout/           |          |
|    ep_len_mean     | 1e+03    |
|    ep_rew_mean     | 45.4     |
| time/              |          |
|    episodes        | 324      |
|    fps             | 71       |
|    time_elapsed    | 4516     |
|    total_timesteps | 324000   |
| train/             |          |
|    actor_loss      | -66.7    |
|    critic_loss     | 0.185    |
|    ent_coef        | 0.0324   |
|    ent_coef_loss   | 1.42     |
|    learning_rate   | 0.0003   |
|    n_updates       | 322999   |
---------------------------------
[EvalCheckpoint] step 325,000: 0/5 success, mean waypoints 0.0, mean steps 800 (train tol 0.60 m, hold 20)
---------------------------------
| rollout/           |          |
|    ep_len_mean     | 1e+03    |
|    ep_rew_mean     | 60.3     |
| time/              |          |
|    episodes        | 328      |
|    fps             | 71       |
|    time_elapsed    | 4573     |
|    total_timesteps | 328000   |
| train/             |          |
|    actor_loss      | -69      |
|    critic_loss     | 0.933    |
|    ent_coef        | 0.0217   |
|    ent_coef_loss   | 2.97     |
|    learning_rate   | 0.0003   |
|    n_updates       | 326999   |
---------------------------------
---------------------------------
| rollout/           |          |
|    ep_len_mean     | 1e+03    |
|    ep_rew_mean     | 76.2     |
| time/              |          |
|    episodes        | 332      |
|    fps             | 71       |
|    time_elapsed    | 4629     |
|    total_timesteps | 332000   |
| train/             |          |
|    actor_loss      | -73.7    |
|    critic_loss     | 0.301    |
|    ent_coef        | 0.0272   |
|    ent_coef_loss   | 0.846    |
|    learning_rate   | 0.0003   |
|    n_updates       | 330999   |
---------------------------------
---------------------------------
| rollout/           |          |
|    ep_len_mean     | 1e+03    |
|    ep_rew_mean     | 85.4     |
| time/              |          |
|    episodes        | 336      |
|    fps             | 71       |
|    time_elapsed    | 4687     |
|    total_timesteps | 336000   |
| train/             |          |
|    actor_loss      | -65.8    |
|    critic_loss     | 0.275    |
|    ent_coef        | 0.0211   |
|    ent_coef_loss   | 2.35     |
|    learning_rate   | 0.0003   |
|    n_updates       | 334999   |
---------------------------------
---------------------------------
| rollout/           |          |
|    ep_len_mean     | 1e+03    |
|    ep_rew_mean     | 94       |
| time/              |          |
|    episodes        | 340      |
|    fps             | 71       |
|    time_elapsed    | 4744     |
|    total_timesteps | 340000   |
| train/             |          |
|    actor_loss      | -70.3    |
|    critic_loss     | 0.241    |
|    ent_coef        | 0.0197   |
|    ent_coef_loss   | 0.813    |
|    learning_rate   | 0.0003   |
|    n_updates       | 338999   |
---------------------------------
---------------------------------
| rollout/           |          |
|    ep_len_mean     | 1e+03    |
|    ep_rew_mean     | 103      |
| time/              |          |
|    episodes        | 344      |
|    fps             | 71       |
|    time_elapsed    | 4801     |
|    total_timesteps | 344000   |
| train/             |          |
|    actor_loss      | -62.4    |
|    critic_loss     | 0.548    |
|    ent_coef        | 0.016    |
|    ent_coef_loss   | 0.434    |
|    learning_rate   | 0.0003   |
|    n_updates       | 342999   |
---------------------------------
---------------------------------
| rollout/           |          |
|    ep_len_mean     | 1e+03    |
|    ep_rew_mean     | 115      |
| time/              |          |
|    episodes        | 348      |
|    fps             | 71       |
|    time_elapsed    | 4860     |
|    total_timesteps | 348000   |
| train/             |          |
|    actor_loss      | -75.9    |
|    critic_loss     | 0.234    |
|    ent_coef        | 0.0166   |
|    ent_coef_loss   | -2.92    |
|    learning_rate   | 0.0003   |
|    n_updates       | 346999   |
---------------------------------
[EvalCheckpoint] step 350,000: 0/5 success, mean waypoints 0.0, mean steps 800 (train tol 0.60 m, hold 20)
---------------------------------
| rollout/           |          |
|    ep_len_mean     | 1e+03    |
|    ep_rew_mean     | 127      |
| time/              |          |
|    episodes        | 352      |
|    fps             | 71       |
|    time_elapsed    | 4923     |
|    total_timesteps | 352000   |
| train/             |          |
|    actor_loss      | -71      |
|    critic_loss     | 0.207    |
|    ent_coef        | 0.0182   |
|    ent_coef_loss   | -0.177   |
|    learning_rate   | 0.0003   |
|    n_updates       | 350999   |
---------------------------------
---------------------------------
| rollout/           |          |
|    ep_len_mean     | 1e+03    |
|    ep_rew_mean     | 141      |
| time/              |          |
|    episodes        | 356      |
|    fps             | 71       |
|    time_elapsed    | 4987     |
|    total_timesteps | 356000   |
| train/             |          |
|    actor_loss      | -79.7    |
|    critic_loss     | 0.631    |
|    ent_coef        | 0.0177   |
|    ent_coef_loss   | -2.06    |
|    learning_rate   | 0.0003   |
|    n_updates       | 354999   |
---------------------------------
---------------------------------
| rollout/           |          |
|    ep_len_mean     | 1e+03    |
|    ep_rew_mean     | 186      |
| time/              |          |
|    episodes        | 360      |
|    fps             | 71       |
|    time_elapsed    | 5051     |
|    total_timesteps | 360000   |
| train/             |          |
|    actor_loss      | -72.8    |
|    critic_loss     | 41.7     |
|    ent_coef        | 0.0172   |
|    ent_coef_loss   | 0.95     |
|    learning_rate   | 0.0003   |
|    n_updates       | 358999   |
---------------------------------
---------------------------------
| rollout/           |          |
|    ep_len_mean     | 1e+03    |
|    ep_rew_mean     | 192      |
| time/              |          |
|    episodes        | 364      |
|    fps             | 71       |
|    time_elapsed    | 5115     |
|    total_timesteps | 364000   |
| train/             |          |
|    actor_loss      | -82.2    |
|    critic_loss     | 0.285    |
|    ent_coef        | 0.0175   |
|    ent_coef_loss   | -1.27    |
|    learning_rate   | 0.0003   |
|    n_updates       | 362999   |
---------------------------------
---------------------------------
| rollout/           |          |
|    ep_len_mean     | 1e+03    |
|    ep_rew_mean     | 205      |
| time/              |          |
|    episodes        | 368      |
|    fps             | 71       |
|    time_elapsed    | 5181     |
|    total_timesteps | 368000   |
| train/             |          |
|    actor_loss      | -91.1    |
|    critic_loss     | 0.181    |
|    ent_coef        | 0.0181   |
|    ent_coef_loss   | 1.49     |
|    learning_rate   | 0.0003   |
|    n_updates       | 366999   |
---------------------------------
---------------------------------
| rollout/           |          |
|    ep_len_mean     | 1e+03    |
|    ep_rew_mean     | 162      |
| time/              |          |
|    episodes        | 372      |
|    fps             | 70       |
|    time_elapsed    | 5247     |
|    total_timesteps | 372000   |
| train/             |          |
|    actor_loss      | -92.3    |
|    critic_loss     | 0.28     |
|    ent_coef        | 0.0182   |
|    ent_coef_loss   | -0.379   |
|    learning_rate   | 0.0003   |
|    n_updates       | 370999   |
---------------------------------
[EvalCheckpoint] step 375,000: 0/5 success, mean waypoints 0.0, mean steps 800 (train tol 0.60 m, hold 20)
---------------------------------
| rollout/           |          |
|    ep_len_mean     | 1e+03    |
|    ep_rew_mean     | -17      |
| time/              |          |
|    episodes        | 376      |
|    fps             | 70       |
|    time_elapsed    | 5314     |
|    total_timesteps | 376000   |
| train/             |          |
|    actor_loss      | -78.4    |
|    critic_loss     | 0.165    |
|    ent_coef        | 0.0183   |
|    ent_coef_loss   | -0.504   |
|    learning_rate   | 0.0003   |
|    n_updates       | 374999   |
---------------------------------
---------------------------------
| rollout/           |          |
|    ep_len_mean     | 1e+03    |
|    ep_rew_mean     | -194     |
| time/              |          |
|    episodes        | 380      |
|    fps             | 70       |
|    time_elapsed    | 5379     |
|    total_timesteps | 380000   |
| train/             |          |
|    actor_loss      | -57.8    |
|    critic_loss     | 0.461    |
|    ent_coef        | 0.0169   |
|    ent_coef_loss   | 0.323    |
|    learning_rate   | 0.0003   |
|    n_updates       | 378999   |
---------------------------------
---------------------------------
| rollout/           |          |
|    ep_len_mean     | 1e+03    |
|    ep_rew_mean     | -190     |
| time/              |          |
|    episodes        | 384      |
|    fps             | 70       |
|    time_elapsed    | 5443     |
|    total_timesteps | 384000   |
| train/             |          |
|    actor_loss      | -59.9    |
|    critic_loss     | 0.0965   |
|    ent_coef        | 0.0155   |
|    ent_coef_loss   | 1.42     |
|    learning_rate   | 0.0003   |
|    n_updates       | 382999   |
---------------------------------
---------------------------------
| rollout/           |          |
|    ep_len_mean     | 1e+03    |
|    ep_rew_mean     | -185     |
| time/              |          |
|    episodes        | 388      |
|    fps             | 70       |
|    time_elapsed    | 5505     |
|    total_timesteps | 388000   |
| train/             |          |
|    actor_loss      | -66.9    |
|    critic_loss     | 0.138    |
|    ent_coef        | 0.0171   |
|    ent_coef_loss   | -3.33    |
|    learning_rate   | 0.0003   |
|    n_updates       | 386999   |
---------------------------------
---------------------------------
| rollout/           |          |
|    ep_len_mean     | 1e+03    |
|    ep_rew_mean     | -182     |
| time/              |          |
|    episodes        | 392      |
|    fps             | 70       |
|    time_elapsed    | 5568     |
|    total_timesteps | 392000   |
| train/             |          |
|    actor_loss      | -53.3    |
|    critic_loss     | 0.131    |
|    ent_coef        | 0.0172   |
|    ent_coef_loss   | 0.66     |
|    learning_rate   | 0.0003   |
|    n_updates       | 390999   |
---------------------------------
---------------------------------
| rollout/           |          |
|    ep_len_mean     | 997      |
|    ep_rew_mean     | -182     |
| time/              |          |
|    episodes        | 396      |
|    fps             | 70       |
|    time_elapsed    | 5626     |
|    total_timesteps | 395720   |
| train/             |          |
|    actor_loss      | -56.3    |
|    critic_loss     | 27.4     |
|    ent_coef        | 0.0147   |
|    ent_coef_loss   | -0.366   |
|    learning_rate   | 0.0003   |
|    n_updates       | 394719   |
---------------------------------
---------------------------------
| rollout/           |          |
|    ep_len_mean     | 997      |
|    ep_rew_mean     | -186     |
| time/              |          |
|    episodes        | 400      |
|    fps             | 70       |
|    time_elapsed    | 5688     |
|    total_timesteps | 399720   |
| train/             |          |
|    actor_loss      | -62.4    |
|    critic_loss     | 1.08     |
|    ent_coef        | 0.0184   |
|    ent_coef_loss   | -0.328   |
|    learning_rate   | 0.0003   |
|    n_updates       | 398719   |
---------------------------------
[EvalCheckpoint] step 400,000: 0/5 success, mean waypoints 0.0, mean steps 800 (train tol 0.60 m, hold 20)
---------------------------------
| rollout/           |          |
|    ep_len_mean     | 997      |
|    ep_rew_mean     | -187     |
| time/              |          |
|    episodes        | 404      |
|    fps             | 70       |
|    time_elapsed    | 5753     |
|    total_timesteps | 403720   |
| train/             |          |
|    actor_loss      | -72.3    |
|    critic_loss     | 0.212    |
|    ent_coef        | 0.0238   |
|    ent_coef_loss   | -1.11    |
|    learning_rate   | 0.0003   |
|    n_updates       | 402719   |
---------------------------------
---------------------------------
| rollout/           |          |
|    ep_len_mean     | 997      |
|    ep_rew_mean     | -173     |
| time/              |          |
|    episodes        | 408      |
|    fps             | 70       |
|    time_elapsed    | 5814     |
|    total_timesteps | 407720   |
| train/             |          |
|    actor_loss      | -65.3    |
|    critic_loss     | 0.391    |
|    ent_coef        | 0.0239   |
|    ent_coef_loss   | -1.79    |
|    learning_rate   | 0.0003   |
|    n_updates       | 406719   |
---------------------------------
---------------------------------
| rollout/           |          |
|    ep_len_mean     | 997      |
|    ep_rew_mean     | -158     |
| time/              |          |
|    episodes        | 412      |
|    fps             | 70       |
|    time_elapsed    | 5876     |
|    total_timesteps | 411720   |
| train/             |          |
|    actor_loss      | -76.8    |
|    critic_loss     | 0.384    |
|    ent_coef        | 0.0267   |
|    ent_coef_loss   | -1.7     |
|    learning_rate   | 0.0003   |
|    n_updates       | 410719   |
---------------------------------
---------------------------------
| rollout/           |          |
|    ep_len_mean     | 997      |
|    ep_rew_mean     | -248     |
| time/              |          |
|    episodes        | 416      |
|    fps             | 69       |
|    time_elapsed    | 5939     |
|    total_timesteps | 415720   |
| train/             |          |
|    actor_loss      | -74.6    |
|    critic_loss     | 0.543    |
|    ent_coef        | 0.0244   |
|    ent_coef_loss   | 0.958    |
|    learning_rate   | 0.0003   |
|    n_updates       | 414719   |
---------------------------------
---------------------------------
| rollout/           |          |
|    ep_len_mean     | 997      |
|    ep_rew_mean     | -444     |
| time/              |          |
|    episodes        | 420      |
|    fps             | 69       |
|    time_elapsed    | 6001     |
|    total_timesteps | 419720   |
| train/             |          |
|    actor_loss      | -69.7    |
|    critic_loss     | 1.45     |
|    ent_coef        | 0.0293   |
|    ent_coef_loss   | 2.03     |
|    learning_rate   | 0.0003   |
|    n_updates       | 418719   |
---------------------------------
---------------------------------
| rollout/           |          |
|    ep_len_mean     | 997      |
|    ep_rew_mean     | -647     |
| time/              |          |
|    episodes        | 424      |
|    fps             | 69       |
|    time_elapsed    | 6060     |
|    total_timesteps | 423720   |
| train/             |          |
|    actor_loss      | -54.8    |
|    critic_loss     | 0.376    |
|    ent_coef        | 0.041    |
|    ent_coef_loss   | 1.5      |
|    learning_rate   | 0.0003   |
|    n_updates       | 422719   |
---------------------------------
[EvalCheckpoint] step 425,000: 0/5 success, mean waypoints 0.0, mean steps 800 (train tol 0.60 m, hold 20)
---------------------------------
| rollout/           |          |
|    ep_len_mean     | 997      |
|    ep_rew_mean     | -829     |
| time/              |          |
|    episodes        | 428      |
|    fps             | 69       |
|    time_elapsed    | 6123     |
|    total_timesteps | 427720   |
| train/             |          |
|    actor_loss      | -63.8    |
|    critic_loss     | 0.324    |
|    ent_coef        | 0.0405   |
|    ent_coef_loss   | -0.438   |
|    learning_rate   | 0.0003   |
|    n_updates       | 426719   |
---------------------------------
---------------------------------
| rollout/           |          |
|    ep_len_mean     | 997      |
|    ep_rew_mean     | -920     |
| time/              |          |
|    episodes        | 432      |
|    fps             | 69       |
|    time_elapsed    | 6184     |
|    total_timesteps | 431720   |
| train/             |          |
|    actor_loss      | -50.8    |
|    critic_loss     | 19.4     |
|    ent_coef        | 0.0292   |
|    ent_coef_loss   | 2.01     |
|    learning_rate   | 0.0003   |
|    n_updates       | 430719   |
---------------------------------
---------------------------------
| rollout/           |          |
|    ep_len_mean     | 997      |
|    ep_rew_mean     | -917     |
| time/              |          |
|    episodes        | 436      |
|    fps             | 69       |
|    time_elapsed    | 6246     |
|    total_timesteps | 435720   |
| train/             |          |
|    actor_loss      | -50      |
|    critic_loss     | 0.19     |
|    ent_coef        | 0.0228   |
|    ent_coef_loss   | 0.00391  |
|    learning_rate   | 0.0003   |
|    n_updates       | 434719   |
---------------------------------
---------------------------------
| rollout/           |          |
|    ep_len_mean     | 997      |
|    ep_rew_mean     | -999     |
| time/              |          |
|    episodes        | 440      |
|    fps             | 69       |
|    time_elapsed    | 6309     |
|    total_timesteps | 439720   |
| train/             |          |
|    actor_loss      | -40.4    |
|    critic_loss     | 0.297    |
|    ent_coef        | 0.0401   |
|    ent_coef_loss   | -0.925   |
|    learning_rate   | 0.0003   |
|    n_updates       | 438719   |
---------------------------------
----------------------------------
| rollout/           |           |
|    ep_len_mean     | 989       |
|    ep_rew_mean     | -1.03e+03 |
| time/              |           |
|    episodes        | 444       |
|    fps             | 69        |
|    time_elapsed    | 6359      |
|    total_timesteps | 442885    |
| train/             |           |
|    actor_loss      | -57.1     |
|    critic_loss     | 5.55      |
|    ent_coef        | 0.0297    |
|    ent_coef_loss   | 1.71      |
|    learning_rate   | 0.0003    |
|    n_updates       | 441884    |
----------------------------------
----------------------------------
| rollout/           |           |
|    ep_len_mean     | 978       |
|    ep_rew_mean     | -1.04e+03 |
| time/              |           |
|    episodes        | 448       |
|    fps             | 69        |
|    time_elapsed    | 6404      |
|    total_timesteps | 445794    |
| train/             |           |
|    actor_loss      | -64.6     |
|    critic_loss     | 1.03      |
|    ent_coef        | 0.0282    |
|    ent_coef_loss   | 1.06      |
|    learning_rate   | 0.0003    |
|    n_updates       | 444793    |
----------------------------------
----------------------------------
| rollout/           |           |
|    ep_len_mean     | 978       |
|    ep_rew_mean     | -1.07e+03 |
| time/              |           |
|    episodes        | 452       |
|    fps             | 69        |
|    time_elapsed    | 6466      |
|    total_timesteps | 449794    |
| train/             |           |
|    actor_loss      | -86       |
|    critic_loss     | 1         |
|    ent_coef        | 0.0321    |
|    ent_coef_loss   | -1.17     |
|    learning_rate   | 0.0003    |
|    n_updates       | 448793    |
----------------------------------
[EvalCheckpoint] step 450,000: 0/5 success, mean waypoints 1.0, mean steps 800 (train tol 0.60 m, hold 20)
[EvalCheckpoint] New best model saved (score (0, 1.0, -800.0))
----------------------------------
| rollout/           |           |
|    ep_len_mean     | 978       |
|    ep_rew_mean     | -1.08e+03 |
| time/              |           |
|    episodes        | 456       |
|    fps             | 69        |
|    time_elapsed    | 6527      |
|    total_timesteps | 453794    |
| train/             |           |
|    actor_loss      | -81.8     |
|    critic_loss     | 0.921     |
|    ent_coef        | 0.0314    |
|    ent_coef_loss   | 0.323     |
|    learning_rate   | 0.0003    |
|    n_updates       | 452793    |
----------------------------------
----------------------------------
| rollout/           |           |
|    ep_len_mean     | 976       |
|    ep_rew_mean     | -1.08e+03 |
| time/              |           |
|    episodes        | 460       |
|    fps             | 69        |
|    time_elapsed    | 6579      |
|    total_timesteps | 457607    |
| train/             |           |
|    actor_loss      | -60.6     |
|    critic_loss     | 0.325     |
|    ent_coef        | 0.0301    |
|    ent_coef_loss   | -1.52     |
|    learning_rate   | 0.0003    |
|    n_updates       | 456606    |
----------------------------------
----------------------------------
| rollout/           |           |
|    ep_len_mean     | 976       |
|    ep_rew_mean     | -1.08e+03 |
| time/              |           |
|    episodes        | 464       |
|    fps             | 69        |
|    time_elapsed    | 6635      |
|    total_timesteps | 461607    |
| train/             |           |
|    actor_loss      | -57.3     |
|    critic_loss     | 0.99      |
|    ent_coef        | 0.0245    |
|    ent_coef_loss   | 0.156     |
|    learning_rate   | 0.0003    |
|    n_updates       | 460606    |
----------------------------------
----------------------------------
| rollout/           |           |
|    ep_len_mean     | 972       |
|    ep_rew_mean     | -1.02e+03 |
| time/              |           |
|    episodes        | 468       |
|    fps             | 69        |
|    time_elapsed    | 6687      |
|    total_timesteps | 465195    |
| train/             |           |
|    actor_loss      | -95.3     |
|    critic_loss     | 20.7      |
|    ent_coef        | 0.0695    |
|    ent_coef_loss   | 4.49      |
|    learning_rate   | 0.0003    |
|    n_updates       | 464194    |
----------------------------------
---------------------------------
| rollout/           |          |
|    ep_len_mean     | 972      |
|    ep_rew_mean     | -924     |
| time/              |          |
|    episodes        | 472      |
|    fps             | 69       |
|    time_elapsed    | 6757     |
|    total_timesteps | 469195   |
| train/             |          |
|    actor_loss      | -112     |
|    critic_loss     | 33.6     |
|    ent_coef        | 0.0562   |
|    ent_coef_loss   | 0.856    |
|    learning_rate   | 0.0003   |
|    n_updates       | 468194   |
---------------------------------
---------------------------------
| rollout/           |          |
|    ep_len_mean     | 972      |
|    ep_rew_mean     | -528     |
| time/              |          |
|    episodes        | 476      |
|    fps             | 69       |
|    time_elapsed    | 6824     |
|    total_timesteps | 473195   |
| train/             |          |
|    actor_loss      | -105     |
|    critic_loss     | 8.77     |
|    ent_coef        | 0.0544   |
|    ent_coef_loss   | -0.285   |
|    learning_rate   | 0.0003   |
|    n_updates       | 472194   |
---------------------------------
[EvalCheckpoint] step 475,000: 0/5 success, mean waypoints 0.0, mean steps 800 (train tol 0.60 m, hold 20)
---------------------------------
| rollout/           |          |
|    ep_len_mean     | 969      |
|    ep_rew_mean     | -345     |
| time/              |          |
|    episodes        | 480      |
|    fps             | 69       |
|    time_elapsed    | 6887     |
|    total_timesteps | 476857   |
| train/             |          |
|    actor_loss      | -101     |
|    critic_loss     | 22.8     |
|    ent_coef        | 0.0448   |
|    ent_coef_loss   | -0.419   |
|    learning_rate   | 0.0003   |
|    n_updates       | 475856   |
---------------------------------
---------------------------------
| rollout/           |          |
|    ep_len_mean     | 964      |
|    ep_rew_mean     | -78.1    |
| time/              |          |
|    episodes        | 484      |
|    fps             | 69       |
|    time_elapsed    | 6947     |
|    total_timesteps | 480434   |
| train/             |          |
|    actor_loss      | -111     |
|    critic_loss     | 22.7     |
|    ent_coef        | 0.0796   |
|    ent_coef_loss   | -0.00758 |
|    learning_rate   | 0.0003   |
|    n_updates       | 479433   |
---------------------------------
---------------------------------
| rollout/           |          |
|    ep_len_mean     | 964      |
|    ep_rew_mean     | 303      |
| time/              |          |
|    episodes        | 488      |
|    fps             | 69       |
|    time_elapsed    | 7013     |
|    total_timesteps | 484434   |
| train/             |          |
|    actor_loss      | -158     |
|    critic_loss     | 16.9     |
|    ent_coef        | 0.116    |
|    ent_coef_loss   | -0.302   |
|    learning_rate   | 0.0003   |
|    n_updates       | 483433   |
---------------------------------
---------------------------------
| rollout/           |          |
|    ep_len_mean     | 964      |
|    ep_rew_mean     | 594      |
| time/              |          |
|    episodes        | 492      |
|    fps             | 68       |
|    time_elapsed    | 7080     |
|    total_timesteps | 488434   |
| train/             |          |
|    actor_loss      | -167     |
|    critic_loss     | 11.4     |
|    ent_coef        | 0.124    |
|    ent_coef_loss   | -0.102   |
|    learning_rate   | 0.0003   |
|    n_updates       | 487433   |
---------------------------------
---------------------------------
| rollout/           |          |
|    ep_len_mean     | 967      |
|    ep_rew_mean     | 1.01e+03 |
| time/              |          |
|    episodes        | 496      |
|    fps             | 68       |
|    time_elapsed    | 7149     |
|    total_timesteps | 492434   |
| train/             |          |
|    actor_loss      | -252     |
|    critic_loss     | 16       |
|    ent_coef        | 0.0937   |
|    ent_coef_loss   | -1.11    |
|    learning_rate   | 0.0003   |
|    n_updates       | 491433   |
---------------------------------
---------------------------------
| rollout/           |          |
|    ep_len_mean     | 967      |
|    ep_rew_mean     | 829      |
| time/              |          |
|    episodes        | 500      |
|    fps             | 68       |
|    time_elapsed    | 7219     |
|    total_timesteps | 496434   |
| train/             |          |
|    actor_loss      | -276     |
|    critic_loss     | 34.4     |
|    ent_coef        | 0.0904   |
|    ent_coef_loss   | -0.786   |
|    learning_rate   | 0.0003   |
|    n_updates       | 495433   |
---------------------------------
[EvalCheckpoint] step 500,000: 0/5 success, mean waypoints 0.0, mean steps 800 (train tol 0.60 m, hold 20)
[2026-08-14T19:51:27] Training complete in 7282.2s
[2026-08-14T19:51:27] Episodes: 503
[2026-08-14T19:51:27] Best reward: 15426.96
[2026-08-14T19:51:27] Mean reward (100ep): 677.04
[2026-08-14T19:51:27] Final goal tolerance: 0.6
[2026-08-14T19:51:27] Curriculum stage: 0
[2026-08-14T19:51:27] Saved: {'model': 'C:\\Users\\ranjo\\OneDrive\\Desktop\\ARM-Model\\project_assets\\outputs\\Ablation\\no_hold_curr\\seed_102\\sac_model', 'history': 'C:\\Users\\ranjo\\OneDrive\\Desktop\\ARM-Model\\project_assets\\outputs\\Ablation\\no_hold_curr\\seed_102\\training_history.csv', 'stats': 'C:\\Users\\ranjo\\OneDrive\\Desktop\\ARM-Model\\project_assets\\outputs\\Ablation\\no_hold_curr\\seed_102\\training_stats.json'}
[2026-08-14T19:51:27] Best checkpoint: score=(0, 1.0, -800.0) at step 450000 -> C:\Users\ranjo\OneDrive\Desktop\ARM-Model\project_assets\outputs\Ablation\no_hold_curr\seed_102\sac_model_best.zip
[2026-08-14T19:51:27] Running Fitts' Law sweep (1 trials per condition)...
[2026-08-14T19:51:30] Fitts sweep complete in 2.9s
[2026-08-14T19:51:30] Fitts: MT = +0.0029 + +0.0171 * ID, R^2 = 1.0000 (n_conditions = 2, trials_per_condition = 1)
[2026-08-14T19:51:30] Saved: C:\Users\ranjo\OneDrive\Desktop\ARM-Model\project_assets\outputs\Ablation\no_hold_curr\seed_102\fitts_law.json
[2026-08-14T19:51:30] Saved: C:\Users\ranjo\OneDrive\Desktop\ARM-Model\project_assets\outputs\Ablation\no_hold_curr\seed_102\fitts_law.png
[2026-08-14T19:51:30] Running 2/3 Power Law sweep (1 trials)...
[2026-08-14T19:51:30] Power Law sweep complete in 0.1s
[2026-08-14T19:51:30] Power Law: log V = -0.1335 + -0.2496 * log C, R = -0.5889, R^2 = 0.3467 (n_samples = 195, n_trials = 0/1)
[2026-08-14T19:51:31] Saved: C:\Users\ranjo\OneDrive\Desktop\ARM-Model\project_assets\outputs\Ablation\no_hold_curr\seed_102\power_law.json
[2026-08-14T19:51:31] Saved: C:\Users\ranjo\OneDrive\Desktop\ARM-Model\project_assets\outputs\Ablation\no_hold_curr\seed_102\power_law.png
[2026-08-14T19:51:31] Session complete. Total wall time: 2:01:27.044026
[2026-08-14T19:51:31] ============================================================
