[2026-06-24T00:25:44] Starting Fischer session: algorithm=SAC, timesteps=500,000, direction=EAST, actuation=muscle, waypoints=[[2.5, 0.8], [0.2, 1.1], [1.8, -1.3]]
[2026-06-24T00:25:44] Save dir: C:\Users\ranjo\OneDrive\Desktop\ARM-Model\project_assets\outputs\Parallel_Seeds\seed_030
[2026-06-24T00:25:44] Waypoint mode active: 3 waypoints, current_waypoint_index=0 at every episode reset
Using cpu device
Wrapping the env with a `Monitor` wrapper
Wrapping the env in a DummyVecEnv.
[HoldCurriculum] Initial hold requirement: 10 steps (ladder: [10, 15, 20], threshold: 60%)
----------------------------------
| rollout/           |           |
|    ep_len_mean     | 1e+03     |
|    ep_rew_mean     | -4.94e+03 |
| time/              |           |
|    episodes        | 4         |
|    fps             | 90        |
|    time_elapsed    | 44        |
|    total_timesteps | 4000      |
| train/             |           |
|    actor_loss      | 48.1      |
|    critic_loss     | 0.329     |
|    ent_coef        | 0.413     |
|    ent_coef_loss   | -5.27     |
|    learning_rate   | 0.0003    |
|    n_updates       | 2999      |
----------------------------------
---------------------------------
| rollout/           |          |
|    ep_len_mean     | 1e+03    |
|    ep_rew_mean     | -3.9e+03 |
| time/              |          |
|    episodes        | 8        |
|    fps             | 77       |
|    time_elapsed    | 103      |
|    total_timesteps | 8000     |
| train/             |          |
|    actor_loss      | 73.7     |
|    critic_loss     | 83.5     |
|    ent_coef        | 0.148    |
|    ent_coef_loss   | -3.98    |
|    learning_rate   | 0.0003   |
|    n_updates       | 6999     |
---------------------------------
---------------------------------
| rollout/           |          |
|    ep_len_mean     | 1e+03    |
|    ep_rew_mean     | -3.6e+03 |
| time/              |          |
|    episodes        | 12       |
|    fps             | 73       |
|    time_elapsed    | 162      |
|    total_timesteps | 12000    |
| train/             |          |
|    actor_loss      | 77.3     |
|    critic_loss     | 9.26     |
|    ent_coef        | 0.134    |
|    ent_coef_loss   | 0.251    |
|    learning_rate   | 0.0003   |
|    n_updates       | 10999    |
---------------------------------
----------------------------------
| rollout/           |           |
|    ep_len_mean     | 1e+03     |
|    ep_rew_mean     | -3.72e+03 |
| time/              |           |
|    episodes        | 16        |
|    fps             | 72        |
|    time_elapsed    | 221       |
|    total_timesteps | 16000     |
| train/             |           |
|    actor_loss      | 92.9      |
|    critic_loss     | 152       |
|    ent_coef        | 0.123     |
|    ent_coef_loss   | 0.197     |
|    learning_rate   | 0.0003    |
|    n_updates       | 14999     |
----------------------------------
----------------------------------
| rollout/           |           |
|    ep_len_mean     | 1e+03     |
|    ep_rew_mean     | -3.41e+03 |
| time/              |           |
|    episodes        | 20        |
|    fps             | 71        |
|    time_elapsed    | 281       |
|    total_timesteps | 20000     |
| train/             |           |
|    actor_loss      | 12.7      |
|    critic_loss     | 20.3      |
|    ent_coef        | 0.206     |
|    ent_coef_loss   | 0.154     |
|    learning_rate   | 0.0003    |
|    n_updates       | 18999     |
----------------------------------
----------------------------------
| rollout/           |           |
|    ep_len_mean     | 1e+03     |
|    ep_rew_mean     | -3.07e+03 |
| time/              |           |
|    episodes        | 24        |
|    fps             | 70        |
|    time_elapsed    | 340       |
|    total_timesteps | 24000     |
| train/             |           |
|    actor_loss      | -121      |
|    critic_loss     | 28.8      |
|    ent_coef        | 0.28      |
|    ent_coef_loss   | -0.11     |
|    learning_rate   | 0.0003    |
|    n_updates       | 22999     |
----------------------------------
----------------------------------
| rollout/           |           |
|    ep_len_mean     | 1e+03     |
|    ep_rew_mean     | -2.71e+03 |
| time/              |           |
|    episodes        | 28        |
|    fps             | 70        |
|    time_elapsed    | 399       |
|    total_timesteps | 28000     |
| train/             |           |
|    actor_loss      | -205      |
|    critic_loss     | 26.9      |
|    ent_coef        | 0.396     |
|    ent_coef_loss   | -0.166    |
|    learning_rate   | 0.0003    |
|    n_updates       | 26999     |
----------------------------------
----------------------------------
| rollout/           |           |
|    ep_len_mean     | 1e+03     |
|    ep_rew_mean     | -2.46e+03 |
| time/              |           |
|    episodes        | 32        |
|    fps             | 69        |
|    time_elapsed    | 459       |
|    total_timesteps | 32000     |
| train/             |           |
|    actor_loss      | -234      |
|    critic_loss     | 26.5      |
|    ent_coef        | 0.357     |
|    ent_coef_loss   | 0.106     |
|    learning_rate   | 0.0003    |
|    n_updates       | 30999     |
----------------------------------
----------------------------------
| rollout/           |           |
|    ep_len_mean     | 1e+03     |
|    ep_rew_mean     | -2.31e+03 |
| time/              |           |
|    episodes        | 36        |
|    fps             | 69        |
|    time_elapsed    | 518       |
|    total_timesteps | 36000     |
| train/             |           |
|    actor_loss      | -308      |
|    critic_loss     | 81.6      |
|    ent_coef        | 0.407     |
|    ent_coef_loss   | 0.223     |
|    learning_rate   | 0.0003    |
|    n_updates       | 34999     |
----------------------------------
----------------------------------
| rollout/           |           |
|    ep_len_mean     | 1e+03     |
|    ep_rew_mean     | -2.19e+03 |
| time/              |           |
|    episodes        | 40        |
|    fps             | 69        |
|    time_elapsed    | 577       |
|    total_timesteps | 40000     |
| train/             |           |
|    actor_loss      | -376      |
|    critic_loss     | 421       |
|    ent_coef        | 0.61      |
|    ent_coef_loss   | -0.081    |
|    learning_rate   | 0.0003    |
|    n_updates       | 38999     |
----------------------------------
---------------------------------
| rollout/           |          |
|    ep_len_mean     | 1e+03    |
|    ep_rew_mean     | -2.1e+03 |
| time/              |          |
|    episodes        | 44       |
|    fps             | 68       |
|    time_elapsed    | 637      |
|    total_timesteps | 44000    |
| train/             |          |
|    actor_loss      | -459     |
|    critic_loss     | 15.9     |
|    ent_coef        | 0.587    |
|    ent_coef_loss   | -0.0906  |
|    learning_rate   | 0.0003   |
|    n_updates       | 42999    |
---------------------------------
----------------------------------
| rollout/           |           |
|    ep_len_mean     | 1e+03     |
|    ep_rew_mean     | -2.03e+03 |
| time/              |           |
|    episodes        | 48        |
|    fps             | 68        |
|    time_elapsed    | 698       |
|    total_timesteps | 48000     |
| train/             |           |
|    actor_loss      | -447      |
|    critic_loss     | 21.6      |
|    ent_coef        | 0.381     |
|    ent_coef_loss   | 0.174     |
|    learning_rate   | 0.0003    |
|    n_updates       | 46999     |
----------------------------------
----------------------------------
| rollout/           |           |
|    ep_len_mean     | 1e+03     |
|    ep_rew_mean     | -1.91e+03 |
| time/              |           |
|    episodes        | 52        |
|    fps             | 68        |
|    time_elapsed    | 759       |
|    total_timesteps | 52000     |
| train/             |           |
|    actor_loss      | -407      |
|    critic_loss     | 15.3      |
|    ent_coef        | 0.353     |
|    ent_coef_loss   | -0.327    |
|    learning_rate   | 0.0003    |
|    n_updates       | 50999     |
----------------------------------
---------------------------------
| rollout/           |          |
|    ep_len_mean     | 1e+03    |
|    ep_rew_mean     | -1.8e+03 |
| time/              |          |
|    episodes        | 56       |
|    fps             | 68       |
|    time_elapsed    | 819      |
|    total_timesteps | 56000    |
| train/             |          |
|    actor_loss      | -417     |
|    critic_loss     | 14.6     |
|    ent_coef        | 0.333    |
|    ent_coef_loss   | 0.0986   |
|    learning_rate   | 0.0003   |
|    n_updates       | 54999    |
---------------------------------
---------------------------------
| rollout/           |          |
|    ep_len_mean     | 1e+03    |
|    ep_rew_mean     | -1.7e+03 |
| time/              |          |
|    episodes        | 60       |
|    fps             | 68       |
|    time_elapsed    | 881      |
|    total_timesteps | 60000    |
| train/             |          |
|    actor_loss      | -331     |
|    critic_loss     | 11.5     |
|    ent_coef        | 0.35     |
|    ent_coef_loss   | -0.595   |
|    learning_rate   | 0.0003   |
|    n_updates       | 58999    |
---------------------------------
----------------------------------
| rollout/           |           |
|    ep_len_mean     | 1e+03     |
|    ep_rew_mean     | -1.62e+03 |
| time/              |           |
|    episodes        | 64        |
|    fps             | 67        |
|    time_elapsed    | 943       |
|    total_timesteps | 64000     |
| train/             |           |
|    actor_loss      | -331      |
|    critic_loss     | 113       |
|    ent_coef        | 0.265     |
|    ent_coef_loss   | 0.235     |
|    learning_rate   | 0.0003    |
|    n_updates       | 62999     |
----------------------------------
----------------------------------
| rollout/           |           |
|    ep_len_mean     | 1e+03     |
|    ep_rew_mean     | -1.59e+03 |
| time/              |           |
|    episodes        | 68        |
|    fps             | 67        |
|    time_elapsed    | 1006      |
|    total_timesteps | 68000     |
| train/             |           |
|    actor_loss      | -289      |
|    critic_loss     | 17.5      |
|    ent_coef        | 0.278     |
|    ent_coef_loss   | -0.129    |
|    learning_rate   | 0.0003    |
|    n_updates       | 66999     |
----------------------------------
----------------------------------
| rollout/           |           |
|    ep_len_mean     | 1e+03     |
|    ep_rew_mean     | -1.69e+03 |
| time/              |           |
|    episodes        | 72        |
|    fps             | 67        |
|    time_elapsed    | 1069      |
|    total_timesteps | 72000     |
| train/             |           |
|    actor_loss      | -289      |
|    critic_loss     | 5.75      |
|    ent_coef        | 0.266     |
|    ent_coef_loss   | 0.305     |
|    learning_rate   | 0.0003    |
|    n_updates       | 70999     |
----------------------------------
----------------------------------
| rollout/           |           |
|    ep_len_mean     | 1e+03     |
|    ep_rew_mean     | -1.86e+03 |
| time/              |           |
|    episodes        | 76        |
|    fps             | 67        |
|    time_elapsed    | 1133      |
|    total_timesteps | 76000     |
| train/             |           |
|    actor_loss      | -236      |
|    critic_loss     | 5.71      |
|    ent_coef        | 0.189     |
|    ent_coef_loss   | -0.154    |
|    learning_rate   | 0.0003    |
|    n_updates       | 74999     |
----------------------------------
----------------------------------
| rollout/           |           |
|    ep_len_mean     | 1e+03     |
|    ep_rew_mean     | -2.26e+03 |
| time/              |           |
|    episodes        | 80        |
|    fps             | 66        |
|    time_elapsed    | 1196      |
|    total_timesteps | 80000     |
| train/             |           |
|    actor_loss      | -241      |
|    critic_loss     | 7.39      |
|    ent_coef        | 0.199     |
|    ent_coef_loss   | -0.386    |
|    learning_rate   | 0.0003    |
|    n_updates       | 78999     |
----------------------------------
----------------------------------
| rollout/           |           |
|    ep_len_mean     | 1e+03     |
|    ep_rew_mean     | -2.41e+03 |
| time/              |           |
|    episodes        | 84        |
|    fps             | 66        |
|    time_elapsed    | 1259      |
|    total_timesteps | 84000     |
| train/             |           |
|    actor_loss      | -193      |
|    critic_loss     | 4.9       |
|    ent_coef        | 0.176     |
|    ent_coef_loss   | -0.438    |
|    learning_rate   | 0.0003    |
|    n_updates       | 82999     |
----------------------------------
---------------------------------
| rollout/           |          |
|    ep_len_mean     | 1e+03    |
|    ep_rew_mean     | -2.4e+03 |
| time/              |          |
|    episodes        | 88       |
|    fps             | 66       |
|    time_elapsed    | 1322     |
|    total_timesteps | 88000    |
| train/             |          |
|    actor_loss      | -160     |
|    critic_loss     | 5.41     |
|    ent_coef        | 0.137    |
|    ent_coef_loss   | -0.177   |
|    learning_rate   | 0.0003   |
|    n_updates       | 86999    |
---------------------------------
----------------------------------
| rollout/           |           |
|    ep_len_mean     | 1e+03     |
|    ep_rew_mean     | -2.46e+03 |
| time/              |           |
|    episodes        | 92        |
|    fps             | 66        |
|    time_elapsed    | 1384      |
|    total_timesteps | 92000     |
| train/             |           |
|    actor_loss      | -122      |
|    critic_loss     | 10.8      |
|    ent_coef        | 0.135     |
|    ent_coef_loss   | -0.402    |
|    learning_rate   | 0.0003    |
|    n_updates       | 90999     |
----------------------------------
----------------------------------
| rollout/           |           |
|    ep_len_mean     | 1e+03     |
|    ep_rew_mean     | -2.35e+03 |
| time/              |           |
|    episodes        | 96        |
|    fps             | 66        |
|    time_elapsed    | 1446      |
|    total_timesteps | 96000     |
| train/             |           |
|    actor_loss      | -93.5     |
|    critic_loss     | 25.2      |
|    ent_coef        | 0.159     |
|    ent_coef_loss   | 0.062     |
|    learning_rate   | 0.0003    |
|    n_updates       | 94999     |
----------------------------------
----------------------------------
| rollout/           |           |
|    ep_len_mean     | 1e+03     |
|    ep_rew_mean     | -2.25e+03 |
| time/              |           |
|    episodes        | 100       |
|    fps             | 66        |
|    time_elapsed    | 1507      |
|    total_timesteps | 100000    |
| train/             |           |
|    actor_loss      | -86.2     |
|    critic_loss     | 25.3      |
|    ent_coef        | 0.159     |
|    ent_coef_loss   | -0.354    |
|    learning_rate   | 0.0003    |
|    n_updates       | 98999     |
----------------------------------
----------------------------------
| rollout/           |           |
|    ep_len_mean     | 1e+03     |
|    ep_rew_mean     | -2.05e+03 |
| time/              |           |
|    episodes        | 104       |
|    fps             | 66        |
|    time_elapsed    | 1571      |
|    total_timesteps | 104000    |
| train/             |           |
|    actor_loss      | -62.8     |
|    critic_loss     | 31.5      |
|    ent_coef        | 0.142     |
|    ent_coef_loss   | -0.453    |
|    learning_rate   | 0.0003    |
|    n_updates       | 102999    |
----------------------------------
----------------------------------
| rollout/           |           |
|    ep_len_mean     | 1e+03     |
|    ep_rew_mean     | -1.93e+03 |
| time/              |           |
|    episodes        | 108       |
|    fps             | 66        |
|    time_elapsed    | 1634      |
|    total_timesteps | 108000    |
| train/             |           |
|    actor_loss      | -59.4     |
|    critic_loss     | 40.2      |
|    ent_coef        | 0.14      |
|    ent_coef_loss   | -0.0465   |
|    learning_rate   | 0.0003    |
|    n_updates       | 106999    |
----------------------------------
---------------------------------
| rollout/           |          |
|    ep_len_mean     | 1e+03    |
|    ep_rew_mean     | -1.8e+03 |
| time/              |          |
|    episodes        | 112      |
|    fps             | 66       |
|    time_elapsed    | 1696     |
|    total_timesteps | 112000   |
| train/             |          |
|    actor_loss      | -53.4    |
|    critic_loss     | 3.13     |
|    ent_coef        | 0.135    |
|    ent_coef_loss   | 0.192    |
|    learning_rate   | 0.0003   |
|    n_updates       | 110999   |
---------------------------------
----------------------------------
| rollout/           |           |
|    ep_len_mean     | 1e+03     |
|    ep_rew_mean     | -1.63e+03 |
| time/              |           |
|    episodes        | 116       |
|    fps             | 65        |
|    time_elapsed    | 1759      |
|    total_timesteps | 116000    |
| train/             |           |
|    actor_loss      | -34       |
|    critic_loss     | 5.03      |
|    ent_coef        | 0.119     |
|    ent_coef_loss   | -0.32     |
|    learning_rate   | 0.0003    |
|    n_updates       | 114999    |
----------------------------------
----------------------------------
| rollout/           |           |
|    ep_len_mean     | 1e+03     |
|    ep_rew_mean     | -1.54e+03 |
| time/              |           |
|    episodes        | 120       |
|    fps             | 65        |
|    time_elapsed    | 1822      |
|    total_timesteps | 120000    |
| train/             |           |
|    actor_loss      | -41.3     |
|    critic_loss     | 8.85      |
|    ent_coef        | 0.103     |
|    ent_coef_loss   | 0.347     |
|    learning_rate   | 0.0003    |
|    n_updates       | 118999    |
----------------------------------
----------------------------------
| rollout/           |           |
|    ep_len_mean     | 1e+03     |
|    ep_rew_mean     | -1.49e+03 |
| time/              |           |
|    episodes        | 124       |
|    fps             | 65        |
|    time_elapsed    | 1885      |
|    total_timesteps | 124000    |
| train/             |           |
|    actor_loss      | -50.4     |
|    critic_loss     | 3.72      |
|    ent_coef        | 0.0993    |
|    ent_coef_loss   | -0.155    |
|    learning_rate   | 0.0003    |
|    n_updates       | 122999    |
----------------------------------
----------------------------------
| rollout/           |           |
|    ep_len_mean     | 1e+03     |
|    ep_rew_mean     | -1.46e+03 |
| time/              |           |
|    episodes        | 128       |
|    fps             | 65        |
|    time_elapsed    | 1949      |
|    total_timesteps | 128000    |
| train/             |           |
|    actor_loss      | -30.8     |
|    critic_loss     | 2.12      |
|    ent_coef        | 0.0954    |
|    ent_coef_loss   | 0.394     |
|    learning_rate   | 0.0003    |
|    n_updates       | 126999    |
----------------------------------
----------------------------------
| rollout/           |           |
|    ep_len_mean     | 1e+03     |
|    ep_rew_mean     | -1.42e+03 |
| time/              |           |
|    episodes        | 132       |
|    fps             | 65        |
|    time_elapsed    | 2014      |
|    total_timesteps | 132000    |
| train/             |           |
|    actor_loss      | -38       |
|    critic_loss     | 3.23      |
|    ent_coef        | 0.0985    |
|    ent_coef_loss   | 1.39      |
|    learning_rate   | 0.0003    |
|    n_updates       | 130999    |
----------------------------------
----------------------------------
| rollout/           |           |
|    ep_len_mean     | 1e+03     |
|    ep_rew_mean     | -1.37e+03 |
| time/              |           |
|    episodes        | 136       |
|    fps             | 65        |
|    time_elapsed    | 2078      |
|    total_timesteps | 136000    |
| train/             |           |
|    actor_loss      | -56.1     |
|    critic_loss     | 2.23      |
|    ent_coef        | 0.0964    |
|    ent_coef_loss   | 1.19      |
|    learning_rate   | 0.0003    |
|    n_updates       | 134999    |
----------------------------------
----------------------------------
| rollout/           |           |
|    ep_len_mean     | 1e+03     |
|    ep_rew_mean     | -1.32e+03 |
| time/              |           |
|    episodes        | 140       |
|    fps             | 65        |
|    time_elapsed    | 2141      |
|    total_timesteps | 140000    |
| train/             |           |
|    actor_loss      | -45.4     |
|    critic_loss     | 2.85      |
|    ent_coef        | 0.0872    |
|    ent_coef_loss   | 1.04      |
|    learning_rate   | 0.0003    |
|    n_updates       | 138999    |
----------------------------------
----------------------------------
| rollout/           |           |
|    ep_len_mean     | 1e+03     |
|    ep_rew_mean     | -1.26e+03 |
| time/              |           |
|    episodes        | 144       |
|    fps             | 65        |
|    time_elapsed    | 2205      |
|    total_timesteps | 144000    |
| train/             |           |
|    actor_loss      | -50.1     |
|    critic_loss     | 1.63      |
|    ent_coef        | 0.0787    |
|    ent_coef_loss   | 0.325     |
|    learning_rate   | 0.0003    |
|    n_updates       | 142999    |
----------------------------------
----------------------------------
| rollout/           |           |
|    ep_len_mean     | 1e+03     |
|    ep_rew_mean     | -1.25e+03 |
| time/              |           |
|    episodes        | 148       |
|    fps             | 65        |
|    time_elapsed    | 2269      |
|    total_timesteps | 148000    |
| train/             |           |
|    actor_loss      | -37.3     |
|    critic_loss     | 2.81      |
|    ent_coef        | 0.0815    |
|    ent_coef_loss   | 0.0852    |
|    learning_rate   | 0.0003    |
|    n_updates       | 146999    |
----------------------------------
----------------------------------
| rollout/           |           |
|    ep_len_mean     | 1e+03     |
|    ep_rew_mean     | -1.27e+03 |
| time/              |           |
|    episodes        | 152       |
|    fps             | 65        |
|    time_elapsed    | 2332      |
|    total_timesteps | 152000    |
| train/             |           |
|    actor_loss      | -32.5     |
|    critic_loss     | 6.78      |
|    ent_coef        | 0.0787    |
|    ent_coef_loss   | -0.202    |
|    learning_rate   | 0.0003    |
|    n_updates       | 150999    |
----------------------------------
----------------------------------
| rollout/           |           |
|    ep_len_mean     | 1e+03     |
|    ep_rew_mean     | -1.29e+03 |
| time/              |           |
|    episodes        | 156       |
|    fps             | 65        |
|    time_elapsed    | 2395      |
|    total_timesteps | 156000    |
| train/             |           |
|    actor_loss      | -42.1     |
|    critic_loss     | 104       |
|    ent_coef        | 0.0827    |
|    ent_coef_loss   | 0.604     |
|    learning_rate   | 0.0003    |
|    n_updates       | 154999    |
----------------------------------
----------------------------------
| rollout/           |           |
|    ep_len_mean     | 1e+03     |
|    ep_rew_mean     | -1.27e+03 |
| time/              |           |
|    episodes        | 160       |
|    fps             | 65        |
|    time_elapsed    | 2459      |
|    total_timesteps | 160000    |
| train/             |           |
|    actor_loss      | -29.4     |
|    critic_loss     | 2.55      |
|    ent_coef        | 0.106     |
|    ent_coef_loss   | 0.364     |
|    learning_rate   | 0.0003    |
|    n_updates       | 158999    |
----------------------------------
----------------------------------
| rollout/           |           |
|    ep_len_mean     | 1e+03     |
|    ep_rew_mean     | -1.25e+03 |
| time/              |           |
|    episodes        | 164       |
|    fps             | 65        |
|    time_elapsed    | 2522      |
|    total_timesteps | 164000    |
| train/             |           |
|    actor_loss      | -27.9     |
|    critic_loss     | 2.03      |
|    ent_coef        | 0.0888    |
|    ent_coef_loss   | 0.499     |
|    learning_rate   | 0.0003    |
|    n_updates       | 162999    |
----------------------------------
---------------------------------
| rollout/           |          |
|    ep_len_mean     | 1e+03    |
|    ep_rew_mean     | -1.2e+03 |
| time/              |          |
|    episodes        | 168      |
|    fps             | 64       |
|    time_elapsed    | 2586     |
|    total_timesteps | 168000   |
| train/             |          |
|    actor_loss      | -51      |
|    critic_loss     | 1.57     |
|    ent_coef        | 0.076    |
|    ent_coef_loss   | -0.141   |
|    learning_rate   | 0.0003   |
|    n_updates       | 166999   |
---------------------------------
----------------------------------
| rollout/           |           |
|    ep_len_mean     | 1e+03     |
|    ep_rew_mean     | -1.08e+03 |
| time/              |           |
|    episodes        | 172       |
|    fps             | 64        |
|    time_elapsed    | 2649      |
|    total_timesteps | 172000    |
| train/             |           |
|    actor_loss      | -37.7     |
|    critic_loss     | 1.5       |
|    ent_coef        | 0.0744    |
|    ent_coef_loss   | 0.328     |
|    learning_rate   | 0.0003    |
|    n_updates       | 170999    |
----------------------------------
---------------------------------
| rollout/           |          |
|    ep_len_mean     | 1e+03    |
|    ep_rew_mean     | -899     |
| time/              |          |
|    episodes        | 176      |
|    fps             | 64       |
|    time_elapsed    | 2713     |
|    total_timesteps | 176000   |
| train/             |          |
|    actor_loss      | -40.4    |
|    critic_loss     | 2.22     |
|    ent_coef        | 0.0814   |
|    ent_coef_loss   | 0.338    |
|    learning_rate   | 0.0003   |
|    n_updates       | 174999   |
---------------------------------
---------------------------------
| rollout/           |          |
|    ep_len_mean     | 1e+03    |
|    ep_rew_mean     | -508     |
| time/              |          |
|    episodes        | 180      |
|    fps             | 64       |
|    time_elapsed    | 2777     |
|    total_timesteps | 180000   |
| train/             |          |
|    actor_loss      | -35.5    |
|    critic_loss     | 1.81     |
|    ent_coef        | 0.0624   |
|    ent_coef_loss   | -0.441   |
|    learning_rate   | 0.0003   |
|    n_updates       | 178999   |
---------------------------------
---------------------------------
| rollout/           |          |
|    ep_len_mean     | 1e+03    |
|    ep_rew_mean     | -294     |
| time/              |          |
|    episodes        | 184      |
|    fps             | 64       |
|    time_elapsed    | 2841     |
|    total_timesteps | 184000   |
| train/             |          |
|    actor_loss      | -26      |
|    critic_loss     | 1.13     |
|    ent_coef        | 0.061    |
|    ent_coef_loss   | 0.413    |
|    learning_rate   | 0.0003   |
|    n_updates       | 182999   |
---------------------------------
---------------------------------
| rollout/           |          |
|    ep_len_mean     | 1e+03    |
|    ep_rew_mean     | -196     |
| time/              |          |
|    episodes        | 188      |
|    fps             | 64       |
|    time_elapsed    | 2906     |
|    total_timesteps | 188000   |
| train/             |          |
|    actor_loss      | -32.7    |
|    critic_loss     | 1.11     |
|    ent_coef        | 0.0607   |
|    ent_coef_loss   | -0.753   |
|    learning_rate   | 0.0003   |
|    n_updates       | 186999   |
---------------------------------
---------------------------------
| rollout/           |          |
|    ep_len_mean     | 1e+03    |
|    ep_rew_mean     | -41.2    |
| time/              |          |
|    episodes        | 192      |
|    fps             | 64       |
|    time_elapsed    | 2974     |
|    total_timesteps | 192000   |
| train/             |          |
|    actor_loss      | -23      |
|    critic_loss     | 1.38     |
|    ent_coef        | 0.0574   |
|    ent_coef_loss   | 0.69     |
|    learning_rate   | 0.0003   |
|    n_updates       | 190999   |
---------------------------------
---------------------------------
| rollout/           |          |
|    ep_len_mean     | 1e+03    |
|    ep_rew_mean     | -49.4    |
| time/              |          |
|    episodes        | 196      |
|    fps             | 64       |
|    time_elapsed    | 3043     |
|    total_timesteps | 196000   |
| train/             |          |
|    actor_loss      | -27.4    |
|    critic_loss     | 2.77     |
|    ent_coef        | 0.0624   |
|    ent_coef_loss   | 1.12     |
|    learning_rate   | 0.0003   |
|    n_updates       | 194999   |
---------------------------------
---------------------------------
| rollout/           |          |
|    ep_len_mean     | 1e+03    |
|    ep_rew_mean     | -44.7    |
| time/              |          |
|    episodes        | 200      |
|    fps             | 64       |
|    time_elapsed    | 3111     |
|    total_timesteps | 200000   |
| train/             |          |
|    actor_loss      | -24.2    |
|    critic_loss     | 1.79     |
|    ent_coef        | 0.0568   |
|    ent_coef_loss   | -0.0641  |
|    learning_rate   | 0.0003   |
|    n_updates       | 198999   |
---------------------------------
---------------------------------
| rollout/           |          |
|    ep_len_mean     | 1e+03    |
|    ep_rew_mean     | -37.3    |
| time/              |          |
|    episodes        | 204      |
|    fps             | 64       |
|    time_elapsed    | 3181     |
|    total_timesteps | 204000   |
| train/             |          |
|    actor_loss      | -23.8    |
|    critic_loss     | 2.33     |
|    ent_coef        | 0.0589   |
|    ent_coef_loss   | -0.404   |
|    learning_rate   | 0.0003   |
|    n_updates       | 202999   |
---------------------------------
---------------------------------
| rollout/           |          |
|    ep_len_mean     | 1e+03    |
|    ep_rew_mean     | -31.6    |
| time/              |          |
|    episodes        | 208      |
|    fps             | 63       |
|    time_elapsed    | 3250     |
|    total_timesteps | 208000   |
| train/             |          |
|    actor_loss      | -31.5    |
|    critic_loss     | 1.66     |
|    ent_coef        | 0.0625   |
|    ent_coef_loss   | 0.225    |
|    learning_rate   | 0.0003   |
|    n_updates       | 206999   |
---------------------------------
---------------------------------
| rollout/           |          |
|    ep_len_mean     | 1e+03    |
|    ep_rew_mean     | -25.9    |
| time/              |          |
|    episodes        | 212      |
|    fps             | 63       |
|    time_elapsed    | 3320     |
|    total_timesteps | 212000   |
| train/             |          |
|    actor_loss      | -33.3    |
|    critic_loss     | 1.26     |
|    ent_coef        | 0.0623   |
|    ent_coef_loss   | 0.889    |
|    learning_rate   | 0.0003   |
|    n_updates       | 210999   |
---------------------------------
---------------------------------
| rollout/           |          |
|    ep_len_mean     | 1e+03    |
|    ep_rew_mean     | -18.9    |
| time/              |          |
|    episodes        | 216      |
|    fps             | 63       |
|    time_elapsed    | 3392     |
|    total_timesteps | 216000   |
| train/             |          |
|    actor_loss      | -29.1    |
|    critic_loss     | 1.81     |
|    ent_coef        | 0.0632   |
|    ent_coef_loss   | -0.281   |
|    learning_rate   | 0.0003   |
|    n_updates       | 214999   |
---------------------------------
---------------------------------
| rollout/           |          |
|    ep_len_mean     | 1e+03    |
|    ep_rew_mean     | -6.37    |
| time/              |          |
|    episodes        | 220      |
|    fps             | 63       |
|    time_elapsed    | 3460     |
|    total_timesteps | 220000   |
| train/             |          |
|    actor_loss      | -34.2    |
|    critic_loss     | 0.496    |
|    ent_coef        | 0.0585   |
|    ent_coef_loss   | -0.989   |
|    learning_rate   | 0.0003   |
|    n_updates       | 218999   |
---------------------------------
---------------------------------
| rollout/           |          |
|    ep_len_mean     | 1e+03    |
|    ep_rew_mean     | 6.28     |
| time/              |          |
|    episodes        | 224      |
|    fps             | 63       |
|    time_elapsed    | 3530     |
|    total_timesteps | 224000   |
| train/             |          |
|    actor_loss      | -39.9    |
|    critic_loss     | 1.46     |
|    ent_coef        | 0.0545   |
|    ent_coef_loss   | 1.6      |
|    learning_rate   | 0.0003   |
|    n_updates       | 222999   |
---------------------------------
---------------------------------
| rollout/           |          |
|    ep_len_mean     | 1e+03    |
|    ep_rew_mean     | 16.4     |
| time/              |          |
|    episodes        | 228      |
|    fps             | 63       |
|    time_elapsed    | 3598     |
|    total_timesteps | 228000   |
| train/             |          |
|    actor_loss      | -37.2    |
|    critic_loss     | 0.813    |
|    ent_coef        | 0.0567   |
|    ent_coef_loss   | -0.425   |
|    learning_rate   | 0.0003   |
|    n_updates       | 226999   |
---------------------------------
---------------------------------
| rollout/           |          |
|    ep_len_mean     | 1e+03    |
|    ep_rew_mean     | 26.4     |
| time/              |          |
|    episodes        | 232      |
|    fps             | 63       |
|    time_elapsed    | 3665     |
|    total_timesteps | 232000   |
| train/             |          |
|    actor_loss      | -46.8    |
|    critic_loss     | 1.32     |
|    ent_coef        | 0.0491   |
|    ent_coef_loss   | 0.957    |
|    learning_rate   | 0.0003   |
|    n_updates       | 230999   |
---------------------------------
---------------------------------
| rollout/           |          |
|    ep_len_mean     | 1e+03    |
|    ep_rew_mean     | 33.5     |
| time/              |          |
|    episodes        | 236      |
|    fps             | 63       |
|    time_elapsed    | 3731     |
|    total_timesteps | 236000   |
| train/             |          |
|    actor_loss      | -35.7    |
|    critic_loss     | 0.996    |
|    ent_coef        | 0.0522   |
|    ent_coef_loss   | -1.08    |
|    learning_rate   | 0.0003   |
|    n_updates       | 234999   |
---------------------------------
---------------------------------
| rollout/           |          |
|    ep_len_mean     | 1e+03    |
|    ep_rew_mean     | 41.6     |
| time/              |          |
|    episodes        | 240      |
|    fps             | 63       |
|    time_elapsed    | 3800     |
|    total_timesteps | 240000   |
| train/             |          |
|    actor_loss      | -41.3    |
|    critic_loss     | 2.34     |
|    ent_coef        | 0.0566   |
|    ent_coef_loss   | 0.265    |
|    learning_rate   | 0.0003   |
|    n_updates       | 238999   |
---------------------------------
---------------------------------
| rollout/           |          |
|    ep_len_mean     | 1e+03    |
|    ep_rew_mean     | 40.1     |
| time/              |          |
|    episodes        | 244      |
|    fps             | 63       |
|    time_elapsed    | 3868     |
|    total_timesteps | 244000   |
| train/             |          |
|    actor_loss      | -44.7    |
|    critic_loss     | 1.11     |
|    ent_coef        | 0.0561   |
|    ent_coef_loss   | 0.91     |
|    learning_rate   | 0.0003   |
|    n_updates       | 242999   |
---------------------------------
---------------------------------
| rollout/           |          |
|    ep_len_mean     | 1e+03    |
|    ep_rew_mean     | 82.9     |
| time/              |          |
|    episodes        | 248      |
|    fps             | 63       |
|    time_elapsed    | 3936     |
|    total_timesteps | 248000   |
| train/             |          |
|    actor_loss      | -52.9    |
|    critic_loss     | 0.514    |
|    ent_coef        | 0.0562   |
|    ent_coef_loss   | 0.288    |
|    learning_rate   | 0.0003   |
|    n_updates       | 246999   |
---------------------------------
---------------------------------
| rollout/           |          |
|    ep_len_mean     | 1e+03    |
|    ep_rew_mean     | 128      |
| time/              |          |
|    episodes        | 252      |
|    fps             | 62       |
|    time_elapsed    | 4001     |
|    total_timesteps | 252000   |
| train/             |          |
|    actor_loss      | -43      |
|    critic_loss     | 0.653    |
|    ent_coef        | 0.0459   |
|    ent_coef_loss   | 0.172    |
|    learning_rate   | 0.0003   |
|    n_updates       | 250999   |
---------------------------------
---------------------------------
| rollout/           |          |
|    ep_len_mean     | 1e+03    |
|    ep_rew_mean     | 170      |
| time/              |          |
|    episodes        | 256      |
|    fps             | 62       |
|    time_elapsed    | 4066     |
|    total_timesteps | 256000   |
| train/             |          |
|    actor_loss      | -43.6    |
|    critic_loss     | 1.32     |
|    ent_coef        | 0.0416   |
|    ent_coef_loss   | 0.28     |
|    learning_rate   | 0.0003   |
|    n_updates       | 254999   |
---------------------------------
---------------------------------
| rollout/           |          |
|    ep_len_mean     | 1e+03    |
|    ep_rew_mean     | 180      |
| time/              |          |
|    episodes        | 260      |
|    fps             | 62       |
|    time_elapsed    | 4131     |
|    total_timesteps | 260000   |
| train/             |          |
|    actor_loss      | -43.1    |
|    critic_loss     | 0.616    |
|    ent_coef        | 0.0504   |
|    ent_coef_loss   | 0.551    |
|    learning_rate   | 0.0003   |
|    n_updates       | 258999   |
---------------------------------
---------------------------------
| rollout/           |          |
|    ep_len_mean     | 1e+03    |
|    ep_rew_mean     | 189      |
| time/              |          |
|    episodes        | 264      |
|    fps             | 62       |
|    time_elapsed    | 4196     |
|    total_timesteps | 264000   |
| train/             |          |
|    actor_loss      | -41.7    |
|    critic_loss     | 1.26     |
|    ent_coef        | 0.0526   |
|    ent_coef_loss   | 1.49     |
|    learning_rate   | 0.0003   |
|    n_updates       | 262999   |
---------------------------------
---------------------------------
| rollout/           |          |
|    ep_len_mean     | 1e+03    |
|    ep_rew_mean     | 211      |
| time/              |          |
|    episodes        | 268      |
|    fps             | 62       |
|    time_elapsed    | 4262     |
|    total_timesteps | 268000   |
| train/             |          |
|    actor_loss      | -48.2    |
|    critic_loss     | 0.429    |
|    ent_coef        | 0.0506   |
|    ent_coef_loss   | -1.08    |
|    learning_rate   | 0.0003   |
|    n_updates       | 266999   |
---------------------------------
---------------------------------
| rollout/           |          |
|    ep_len_mean     | 1e+03    |
|    ep_rew_mean     | 248      |
| time/              |          |
|    episodes        | 272      |
|    fps             | 62       |
|    time_elapsed    | 4328     |
|    total_timesteps | 272000   |
| train/             |          |
|    actor_loss      | -47.9    |
|    critic_loss     | 0.301    |
|    ent_coef        | 0.0533   |
|    ent_coef_loss   | -0.374   |
|    learning_rate   | 0.0003   |
|    n_updates       | 270999   |
---------------------------------
---------------------------------
| rollout/           |          |
|    ep_len_mean     | 1e+03    |
|    ep_rew_mean     | 287      |
| time/              |          |
|    episodes        | 276      |
|    fps             | 62       |
|    time_elapsed    | 4386     |
|    total_timesteps | 276000   |
| train/             |          |
|    actor_loss      | -45.5    |
|    critic_loss     | 1.05     |
|    ent_coef        | 0.0692   |
|    ent_coef_loss   | -0.844   |
|    learning_rate   | 0.0003   |
|    n_updates       | 274999   |
---------------------------------
---------------------------------
| rollout/           |          |
|    ep_len_mean     | 1e+03    |
|    ep_rew_mean     | 313      |
| time/              |          |
|    episodes        | 280      |
|    fps             | 63       |
|    time_elapsed    | 4439     |
|    total_timesteps | 280000   |
| train/             |          |
|    actor_loss      | -49.7    |
|    critic_loss     | 0.341    |
|    ent_coef        | 0.0691   |
|    ent_coef_loss   | -0.826   |
|    learning_rate   | 0.0003   |
|    n_updates       | 278999   |
---------------------------------
---------------------------------
| rollout/           |          |
|    ep_len_mean     | 1e+03    |
|    ep_rew_mean     | 334      |
| time/              |          |
|    episodes        | 284      |
|    fps             | 63       |
|    time_elapsed    | 4493     |
|    total_timesteps | 284000   |
| train/             |          |
|    actor_loss      | -63.5    |
|    critic_loss     | 0.255    |
|    ent_coef        | 0.0637   |
|    ent_coef_loss   | -0.221   |
|    learning_rate   | 0.0003   |
|    n_updates       | 282999   |
---------------------------------
---------------------------------
| rollout/           |          |
|    ep_len_mean     | 1e+03    |
|    ep_rew_mean     | 350      |
| time/              |          |
|    episodes        | 288      |
|    fps             | 63       |
|    time_elapsed    | 4546     |
|    total_timesteps | 288000   |
| train/             |          |
|    actor_loss      | -67.6    |
|    critic_loss     | 0.289    |
|    ent_coef        | 0.0537   |
|    ent_coef_loss   | -0.549   |
|    learning_rate   | 0.0003   |
|    n_updates       | 286999   |
---------------------------------
---------------------------------
| rollout/           |          |
|    ep_len_mean     | 1e+03    |
|    ep_rew_mean     | 370      |
| time/              |          |
|    episodes        | 292      |
|    fps             | 63       |
|    time_elapsed    | 4601     |
|    total_timesteps | 292000   |
| train/             |          |
|    actor_loss      | -67.2    |
|    critic_loss     | 0.159    |
|    ent_coef        | 0.0432   |
|    ent_coef_loss   | -0.196   |
|    learning_rate   | 0.0003   |
|    n_updates       | 290999   |
---------------------------------
---------------------------------
| rollout/           |          |
|    ep_len_mean     | 1e+03    |
|    ep_rew_mean     | 294      |
| time/              |          |
|    episodes        | 296      |
|    fps             | 63       |
|    time_elapsed    | 4657     |
|    total_timesteps | 296000   |
| train/             |          |
|    actor_loss      | -70      |
|    critic_loss     | 0.14     |
|    ent_coef        | 0.0388   |
|    ent_coef_loss   | -0.328   |
|    learning_rate   | 0.0003   |
|    n_updates       | 294999   |
---------------------------------
---------------------------------
| rollout/           |          |
|    ep_len_mean     | 1e+03    |
|    ep_rew_mean     | 311      |
| time/              |          |
|    episodes        | 300      |
|    fps             | 63       |
|    time_elapsed    | 4712     |
|    total_timesteps | 300000   |
| train/             |          |
|    actor_loss      | -69.2    |
|    critic_loss     | 0.223    |
|    ent_coef        | 0.0504   |
|    ent_coef_loss   | 0.00307  |
|    learning_rate   | 0.0003   |
|    n_updates       | 298999   |
---------------------------------
---------------------------------
| rollout/           |          |
|    ep_len_mean     | 1e+03    |
|    ep_rew_mean     | 325      |
| time/              |          |
|    episodes        | 304      |
|    fps             | 63       |
|    time_elapsed    | 4767     |
|    total_timesteps | 304000   |
| train/             |          |
|    actor_loss      | -76.8    |
|    critic_loss     | 0.243    |
|    ent_coef        | 0.0405   |
|    ent_coef_loss   | 0.395    |
|    learning_rate   | 0.0003   |
|    n_updates       | 302999   |
---------------------------------
---------------------------------
| rollout/           |          |
|    ep_len_mean     | 1e+03    |
|    ep_rew_mean     | 340      |
| time/              |          |
|    episodes        | 308      |
|    fps             | 63       |
|    time_elapsed    | 4823     |
|    total_timesteps | 308000   |
| train/             |          |
|    actor_loss      | -70.8    |
|    critic_loss     | 0.554    |
|    ent_coef        | 0.0295   |
|    ent_coef_loss   | 1.24     |
|    learning_rate   | 0.0003   |
|    n_updates       | 306999   |
---------------------------------
---------------------------------
| rollout/           |          |
|    ep_len_mean     | 1e+03    |
|    ep_rew_mean     | 357      |
| time/              |          |
|    episodes        | 312      |
|    fps             | 63       |
|    time_elapsed    | 4878     |
|    total_timesteps | 312000   |
| train/             |          |
|    actor_loss      | -74.6    |
|    critic_loss     | 0.334    |
|    ent_coef        | 0.0338   |
|    ent_coef_loss   | 2.14     |
|    learning_rate   | 0.0003   |
|    n_updates       | 310999   |
---------------------------------
---------------------------------
| rollout/           |          |
|    ep_len_mean     | 1e+03    |
|    ep_rew_mean     | 378      |
| time/              |          |
|    episodes        | 316      |
|    fps             | 64       |
|    time_elapsed    | 4935     |
|    total_timesteps | 316000   |
| train/             |          |
|    actor_loss      | -79.5    |
|    critic_loss     | 0.12     |
|    ent_coef        | 0.0326   |
|    ent_coef_loss   | 0.11     |
|    learning_rate   | 0.0003   |
|    n_updates       | 314999   |
---------------------------------
---------------------------------
| rollout/           |          |
|    ep_len_mean     | 1e+03    |
|    ep_rew_mean     | 395      |
| time/              |          |
|    episodes        | 320      |
|    fps             | 64       |
|    time_elapsed    | 4990     |
|    total_timesteps | 320000   |
| train/             |          |
|    actor_loss      | -81.3    |
|    critic_loss     | 0.263    |
|    ent_coef        | 0.0361   |
|    ent_coef_loss   | -0.147   |
|    learning_rate   | 0.0003   |
|    n_updates       | 318999   |
---------------------------------

Training interrupted by user
[2026-06-24T01:49:11] Training complete in 5005.3s
[2026-06-24T01:49:11] Episodes: 321
[2026-06-24T01:49:11] Best reward: 801.68
[2026-06-24T01:49:11] Mean reward (100ep): 399.75
[2026-06-24T01:49:11] Final goal tolerance: 0.6
[2026-06-24T01:49:11] Curriculum stage: 0
[2026-06-24T01:49:11] Saved: {'model': 'C:\\Users\\ranjo\\OneDrive\\Desktop\\ARM-Model\\project_assets\\outputs\\Parallel_Seeds\\seed_030\\sac_model', 'history': 'C:\\Users\\ranjo\\OneDrive\\Desktop\\ARM-Model\\project_assets\\outputs\\Parallel_Seeds\\seed_030\\training_history.csv', 'stats': 'C:\\Users\\ranjo\\OneDrive\\Desktop\\ARM-Model\\project_assets\\outputs\\Parallel_Seeds\\seed_030\\training_stats.json'}
[2026-06-24T01:49:11] Running Fitts' Law sweep (10 trials per condition)...
