[2026-06-23T22:27:10] Starting Fischer session: algorithm=SAC, timesteps=500,000, direction=EAST, actuation=muscle, waypoints=[[2.5, 0.8], [0.2, 1.1], [1.8, -1.3]]
[2026-06-23T22:27:10] Save dir: C:\Users\ranjo\OneDrive\Desktop\ARM-Model\project_assets\outputs\Parallel_Seeds\seed_024
[2026-06-23T22:27:10] Waypoint mode active: 3 waypoints, current_waypoint_index=0 at every episode reset
Using cpu device
Wrapping the env with a `Monitor` wrapper
Wrapping the env in a DummyVecEnv.
[HoldCurriculum] Initial hold requirement: 10 steps (ladder: [10, 15, 20], threshold: 60%)
----------------------------------
| rollout/           |           |
|    ep_len_mean     | 1e+03     |
|    ep_rew_mean     | -5.29e+03 |
| time/              |           |
|    episodes        | 4         |
|    fps             | 130       |
|    time_elapsed    | 30        |
|    total_timesteps | 4000      |
| train/             |           |
|    actor_loss      | 48        |
|    critic_loss     | 33.4      |
|    ent_coef        | 0.411     |
|    ent_coef_loss   | -5.56     |
|    learning_rate   | 0.0003    |
|    n_updates       | 2999      |
----------------------------------
----------------------------------
| rollout/           |           |
|    ep_len_mean     | 1e+03     |
|    ep_rew_mean     | -4.34e+03 |
| time/              |           |
|    episodes        | 8         |
|    fps             | 111       |
|    time_elapsed    | 71        |
|    total_timesteps | 8000      |
| train/             |           |
|    actor_loss      | 88.2      |
|    critic_loss     | 5.46      |
|    ent_coef        | 0.156     |
|    ent_coef_loss   | -5.07     |
|    learning_rate   | 0.0003    |
|    n_updates       | 6999      |
----------------------------------
----------------------------------
| rollout/           |           |
|    ep_len_mean     | 1e+03     |
|    ep_rew_mean     | -3.69e+03 |
| time/              |           |
|    episodes        | 12        |
|    fps             | 106       |
|    time_elapsed    | 113       |
|    total_timesteps | 12000     |
| train/             |           |
|    actor_loss      | 71.1      |
|    critic_loss     | 37.9      |
|    ent_coef        | 0.138     |
|    ent_coef_loss   | 1.58      |
|    learning_rate   | 0.0003    |
|    n_updates       | 10999     |
----------------------------------
----------------------------------
| rollout/           |           |
|    ep_len_mean     | 1e+03     |
|    ep_rew_mean     | -3.32e+03 |
| time/              |           |
|    episodes        | 16        |
|    fps             | 103       |
|    time_elapsed    | 154       |
|    total_timesteps | 16000     |
| train/             |           |
|    actor_loss      | 56.3      |
|    critic_loss     | 22        |
|    ent_coef        | 0.219     |
|    ent_coef_loss   | 0.762     |
|    learning_rate   | 0.0003    |
|    n_updates       | 14999     |
----------------------------------
----------------------------------
| rollout/           |           |
|    ep_len_mean     | 1e+03     |
|    ep_rew_mean     | -2.99e+03 |
| time/              |           |
|    episodes        | 20        |
|    fps             | 102       |
|    time_elapsed    | 195       |
|    total_timesteps | 20000     |
| train/             |           |
|    actor_loss      | 12.3      |
|    critic_loss     | 26.5      |
|    ent_coef        | 0.391     |
|    ent_coef_loss   | -0.00982  |
|    learning_rate   | 0.0003    |
|    n_updates       | 18999     |
----------------------------------
----------------------------------
| rollout/           |           |
|    ep_len_mean     | 1e+03     |
|    ep_rew_mean     | -2.89e+03 |
| time/              |           |
|    episodes        | 24        |
|    fps             | 101       |
|    time_elapsed    | 235       |
|    total_timesteps | 24000     |
| train/             |           |
|    actor_loss      | 7.34      |
|    critic_loss     | 16.7      |
|    ent_coef        | 0.373     |
|    ent_coef_loss   | -0.0166   |
|    learning_rate   | 0.0003    |
|    n_updates       | 22999     |
----------------------------------
----------------------------------
| rollout/           |           |
|    ep_len_mean     | 1e+03     |
|    ep_rew_mean     | -2.79e+03 |
| time/              |           |
|    episodes        | 28        |
|    fps             | 100       |
|    time_elapsed    | 277       |
|    total_timesteps | 28000     |
| train/             |           |
|    actor_loss      | -63.6     |
|    critic_loss     | 47.3      |
|    ent_coef        | 0.494     |
|    ent_coef_loss   | -0.0966   |
|    learning_rate   | 0.0003    |
|    n_updates       | 26999     |
----------------------------------
----------------------------------
| rollout/           |           |
|    ep_len_mean     | 1e+03     |
|    ep_rew_mean     | -2.56e+03 |
| time/              |           |
|    episodes        | 32        |
|    fps             | 100       |
|    time_elapsed    | 318       |
|    total_timesteps | 32000     |
| train/             |           |
|    actor_loss      | -113      |
|    critic_loss     | 40.2      |
|    ent_coef        | 0.506     |
|    ent_coef_loss   | 0.218     |
|    learning_rate   | 0.0003    |
|    n_updates       | 30999     |
----------------------------------
----------------------------------
| rollout/           |           |
|    ep_len_mean     | 1e+03     |
|    ep_rew_mean     | -2.43e+03 |
| time/              |           |
|    episodes        | 36        |
|    fps             | 100       |
|    time_elapsed    | 359       |
|    total_timesteps | 36000     |
| train/             |           |
|    actor_loss      | -127      |
|    critic_loss     | 20.2      |
|    ent_coef        | 0.471     |
|    ent_coef_loss   | 0.311     |
|    learning_rate   | 0.0003    |
|    n_updates       | 34999     |
----------------------------------
----------------------------------
| rollout/           |           |
|    ep_len_mean     | 1e+03     |
|    ep_rew_mean     | -2.29e+03 |
| time/              |           |
|    episodes        | 40        |
|    fps             | 99        |
|    time_elapsed    | 400       |
|    total_timesteps | 40000     |
| train/             |           |
|    actor_loss      | -121      |
|    critic_loss     | 20.4      |
|    ent_coef        | 0.36      |
|    ent_coef_loss   | -0.0972   |
|    learning_rate   | 0.0003    |
|    n_updates       | 38999     |
----------------------------------
----------------------------------
| rollout/           |           |
|    ep_len_mean     | 1e+03     |
|    ep_rew_mean     | -2.24e+03 |
| time/              |           |
|    episodes        | 44        |
|    fps             | 99        |
|    time_elapsed    | 441       |
|    total_timesteps | 44000     |
| train/             |           |
|    actor_loss      | -130      |
|    critic_loss     | 14.3      |
|    ent_coef        | 0.324     |
|    ent_coef_loss   | -0.156    |
|    learning_rate   | 0.0003    |
|    n_updates       | 42999     |
----------------------------------
----------------------------------
| rollout/           |           |
|    ep_len_mean     | 1e+03     |
|    ep_rew_mean     | -2.17e+03 |
| time/              |           |
|    episodes        | 48        |
|    fps             | 99        |
|    time_elapsed    | 482       |
|    total_timesteps | 48000     |
| train/             |           |
|    actor_loss      | -139      |
|    critic_loss     | 10        |
|    ent_coef        | 0.275     |
|    ent_coef_loss   | 0.337     |
|    learning_rate   | 0.0003    |
|    n_updates       | 46999     |
----------------------------------
----------------------------------
| rollout/           |           |
|    ep_len_mean     | 1e+03     |
|    ep_rew_mean     | -2.02e+03 |
| time/              |           |
|    episodes        | 52        |
|    fps             | 99        |
|    time_elapsed    | 523       |
|    total_timesteps | 52000     |
| train/             |           |
|    actor_loss      | -131      |
|    critic_loss     | 12.5      |
|    ent_coef        | 0.265     |
|    ent_coef_loss   | 0.0128    |
|    learning_rate   | 0.0003    |
|    n_updates       | 50999     |
----------------------------------
----------------------------------
| rollout/           |           |
|    ep_len_mean     | 1e+03     |
|    ep_rew_mean     | -1.88e+03 |
| time/              |           |
|    episodes        | 56        |
|    fps             | 98        |
|    time_elapsed    | 565       |
|    total_timesteps | 56000     |
| train/             |           |
|    actor_loss      | -121      |
|    critic_loss     | 6.62      |
|    ent_coef        | 0.266     |
|    ent_coef_loss   | 0.164     |
|    learning_rate   | 0.0003    |
|    n_updates       | 54999     |
----------------------------------
----------------------------------
| rollout/           |           |
|    ep_len_mean     | 1e+03     |
|    ep_rew_mean     | -1.85e+03 |
| time/              |           |
|    episodes        | 60        |
|    fps             | 98        |
|    time_elapsed    | 607       |
|    total_timesteps | 60000     |
| train/             |           |
|    actor_loss      | -128      |
|    critic_loss     | 10.1      |
|    ent_coef        | 0.228     |
|    ent_coef_loss   | 0.23      |
|    learning_rate   | 0.0003    |
|    n_updates       | 58999     |
----------------------------------
----------------------------------
| rollout/           |           |
|    ep_len_mean     | 1e+03     |
|    ep_rew_mean     | -1.82e+03 |
| time/              |           |
|    episodes        | 64        |
|    fps             | 98        |
|    time_elapsed    | 650       |
|    total_timesteps | 64000     |
| train/             |           |
|    actor_loss      | -134      |
|    critic_loss     | 5.7       |
|    ent_coef        | 0.233     |
|    ent_coef_loss   | 0.0301    |
|    learning_rate   | 0.0003    |
|    n_updates       | 62999     |
----------------------------------
----------------------------------
| rollout/           |           |
|    ep_len_mean     | 1e+03     |
|    ep_rew_mean     | -1.77e+03 |
| time/              |           |
|    episodes        | 68        |
|    fps             | 98        |
|    time_elapsed    | 692       |
|    total_timesteps | 68000     |
| train/             |           |
|    actor_loss      | -120      |
|    critic_loss     | 4.2       |
|    ent_coef        | 0.236     |
|    ent_coef_loss   | -0.403    |
|    learning_rate   | 0.0003    |
|    n_updates       | 66999     |
----------------------------------
----------------------------------
| rollout/           |           |
|    ep_len_mean     | 1e+03     |
|    ep_rew_mean     | -1.73e+03 |
| time/              |           |
|    episodes        | 72        |
|    fps             | 97        |
|    time_elapsed    | 735       |
|    total_timesteps | 72000     |
| train/             |           |
|    actor_loss      | -111      |
|    critic_loss     | 5.19      |
|    ent_coef        | 0.214     |
|    ent_coef_loss   | 0.0542    |
|    learning_rate   | 0.0003    |
|    n_updates       | 70999     |
----------------------------------
---------------------------------
| rollout/           |          |
|    ep_len_mean     | 1e+03    |
|    ep_rew_mean     | -1.7e+03 |
| time/              |          |
|    episodes        | 76       |
|    fps             | 97       |
|    time_elapsed    | 778      |
|    total_timesteps | 76000    |
| train/             |          |
|    actor_loss      | -103     |
|    critic_loss     | 212      |
|    ent_coef        | 0.193    |
|    ent_coef_loss   | 0.661    |
|    learning_rate   | 0.0003   |
|    n_updates       | 74999    |
---------------------------------
----------------------------------
| rollout/           |           |
|    ep_len_mean     | 1e+03     |
|    ep_rew_mean     | -1.67e+03 |
| time/              |           |
|    episodes        | 80        |
|    fps             | 97        |
|    time_elapsed    | 821       |
|    total_timesteps | 80000     |
| train/             |           |
|    actor_loss      | -98.6     |
|    critic_loss     | 4.01      |
|    ent_coef        | 0.159     |
|    ent_coef_loss   | -0.0611   |
|    learning_rate   | 0.0003    |
|    n_updates       | 78999     |
----------------------------------
----------------------------------
| rollout/           |           |
|    ep_len_mean     | 1e+03     |
|    ep_rew_mean     | -1.64e+03 |
| time/              |           |
|    episodes        | 84        |
|    fps             | 97        |
|    time_elapsed    | 864       |
|    total_timesteps | 84000     |
| train/             |           |
|    actor_loss      | -79.6     |
|    critic_loss     | 3.67      |
|    ent_coef        | 0.17      |
|    ent_coef_loss   | -0.474    |
|    learning_rate   | 0.0003    |
|    n_updates       | 82999     |
----------------------------------
----------------------------------
| rollout/           |           |
|    ep_len_mean     | 1e+03     |
|    ep_rew_mean     | -1.61e+03 |
| time/              |           |
|    episodes        | 88        |
|    fps             | 96        |
|    time_elapsed    | 907       |
|    total_timesteps | 88000     |
| train/             |           |
|    actor_loss      | -79.5     |
|    critic_loss     | 3.07      |
|    ent_coef        | 0.152     |
|    ent_coef_loss   | 0.264     |
|    learning_rate   | 0.0003    |
|    n_updates       | 86999     |
----------------------------------
----------------------------------
| rollout/           |           |
|    ep_len_mean     | 1e+03     |
|    ep_rew_mean     | -1.53e+03 |
| time/              |           |
|    episodes        | 92        |
|    fps             | 96        |
|    time_elapsed    | 951       |
|    total_timesteps | 92000     |
| train/             |           |
|    actor_loss      | -68.9     |
|    critic_loss     | 3.63      |
|    ent_coef        | 0.179     |
|    ent_coef_loss   | -0.488    |
|    learning_rate   | 0.0003    |
|    n_updates       | 90999     |
----------------------------------
----------------------------------
| rollout/           |           |
|    ep_len_mean     | 1e+03     |
|    ep_rew_mean     | -1.44e+03 |
| time/              |           |
|    episodes        | 96        |
|    fps             | 96        |
|    time_elapsed    | 996       |
|    total_timesteps | 96000     |
| train/             |           |
|    actor_loss      | -93.8     |
|    critic_loss     | 4.67      |
|    ent_coef        | 0.192     |
|    ent_coef_loss   | 0.62      |
|    learning_rate   | 0.0003    |
|    n_updates       | 94999     |
----------------------------------
----------------------------------
| rollout/           |           |
|    ep_len_mean     | 1e+03     |
|    ep_rew_mean     | -1.37e+03 |
| time/              |           |
|    episodes        | 100       |
|    fps             | 96        |
|    time_elapsed    | 1040      |
|    total_timesteps | 100000    |
| train/             |           |
|    actor_loss      | -103      |
|    critic_loss     | 3.09      |
|    ent_coef        | 0.151     |
|    ent_coef_loss   | 0.499     |
|    learning_rate   | 0.0003    |
|    n_updates       | 98999     |
----------------------------------
----------------------------------
| rollout/           |           |
|    ep_len_mean     | 1e+03     |
|    ep_rew_mean     | -1.13e+03 |
| time/              |           |
|    episodes        | 104       |
|    fps             | 95        |
|    time_elapsed    | 1084      |
|    total_timesteps | 104000    |
| train/             |           |
|    actor_loss      | -100      |
|    critic_loss     | 4.45      |
|    ent_coef        | 0.122     |
|    ent_coef_loss   | 0.596     |
|    learning_rate   | 0.0003    |
|    n_updates       | 102999    |
----------------------------------
---------------------------------
| rollout/           |          |
|    ep_len_mean     | 1e+03    |
|    ep_rew_mean     | -982     |
| time/              |          |
|    episodes        | 108      |
|    fps             | 95       |
|    time_elapsed    | 1128     |
|    total_timesteps | 108000   |
| train/             |          |
|    actor_loss      | -82.2    |
|    critic_loss     | 3.98     |
|    ent_coef        | 0.102    |
|    ent_coef_loss   | -0.417   |
|    learning_rate   | 0.0003   |
|    n_updates       | 106999   |
---------------------------------
---------------------------------
| rollout/           |          |
|    ep_len_mean     | 1e+03    |
|    ep_rew_mean     | -891     |
| time/              |          |
|    episodes        | 112      |
|    fps             | 95       |
|    time_elapsed    | 1172     |
|    total_timesteps | 112000   |
| train/             |          |
|    actor_loss      | -97.5    |
|    critic_loss     | 3.45     |
|    ent_coef        | 0.11     |
|    ent_coef_loss   | -0.0309  |
|    learning_rate   | 0.0003   |
|    n_updates       | 110999   |
---------------------------------
---------------------------------
| rollout/           |          |
|    ep_len_mean     | 1e+03    |
|    ep_rew_mean     | -802     |
| time/              |          |
|    episodes        | 116      |
|    fps             | 95       |
|    time_elapsed    | 1216     |
|    total_timesteps | 116000   |
| train/             |          |
|    actor_loss      | -90.8    |
|    critic_loss     | 2.83     |
|    ent_coef        | 0.105    |
|    ent_coef_loss   | -0.0592  |
|    learning_rate   | 0.0003   |
|    n_updates       | 114999   |
---------------------------------
---------------------------------
| rollout/           |          |
|    ep_len_mean     | 1e+03    |
|    ep_rew_mean     | -741     |
| time/              |          |
|    episodes        | 120      |
|    fps             | 95       |
|    time_elapsed    | 1260     |
|    total_timesteps | 120000   |
| train/             |          |
|    actor_loss      | -82.9    |
|    critic_loss     | 4.97     |
|    ent_coef        | 0.0992   |
|    ent_coef_loss   | 0.641    |
|    learning_rate   | 0.0003   |
|    n_updates       | 118999   |
---------------------------------
---------------------------------
| rollout/           |          |
|    ep_len_mean     | 1e+03    |
|    ep_rew_mean     | -634     |
| time/              |          |
|    episodes        | 124      |
|    fps             | 95       |
|    time_elapsed    | 1304     |
|    total_timesteps | 124000   |
| train/             |          |
|    actor_loss      | -57.3    |
|    critic_loss     | 2.84     |
|    ent_coef        | 0.0994   |
|    ent_coef_loss   | 0.249    |
|    learning_rate   | 0.0003   |
|    n_updates       | 122999   |
---------------------------------
---------------------------------
| rollout/           |          |
|    ep_len_mean     | 1e+03    |
|    ep_rew_mean     | -520     |
| time/              |          |
|    episodes        | 128      |
|    fps             | 94       |
|    time_elapsed    | 1348     |
|    total_timesteps | 128000   |
| train/             |          |
|    actor_loss      | -72      |
|    critic_loss     | 2.09     |
|    ent_coef        | 0.0912   |
|    ent_coef_loss   | 1.02     |
|    learning_rate   | 0.0003   |
|    n_updates       | 126999   |
---------------------------------
---------------------------------
| rollout/           |          |
|    ep_len_mean     | 1e+03    |
|    ep_rew_mean     | -455     |
| time/              |          |
|    episodes        | 132      |
|    fps             | 94       |
|    time_elapsed    | 1392     |
|    total_timesteps | 132000   |
| train/             |          |
|    actor_loss      | -72.8    |
|    critic_loss     | 1.94     |
|    ent_coef        | 0.0876   |
|    ent_coef_loss   | -0.0696  |
|    learning_rate   | 0.0003   |
|    n_updates       | 130999   |
---------------------------------
---------------------------------
| rollout/           |          |
|    ep_len_mean     | 1e+03    |
|    ep_rew_mean     | -377     |
| time/              |          |
|    episodes        | 136      |
|    fps             | 94       |
|    time_elapsed    | 1435     |
|    total_timesteps | 136000   |
| train/             |          |
|    actor_loss      | -72.7    |
|    critic_loss     | 4.32     |
|    ent_coef        | 0.0891   |
|    ent_coef_loss   | -0.82    |
|    learning_rate   | 0.0003   |
|    n_updates       | 134999   |
---------------------------------
---------------------------------
| rollout/           |          |
|    ep_len_mean     | 1e+03    |
|    ep_rew_mean     | -315     |
| time/              |          |
|    episodes        | 140      |
|    fps             | 94       |
|    time_elapsed    | 1478     |
|    total_timesteps | 140000   |
| train/             |          |
|    actor_loss      | -69.3    |
|    critic_loss     | 1.52     |
|    ent_coef        | 0.0944   |
|    ent_coef_loss   | -0.47    |
|    learning_rate   | 0.0003   |
|    n_updates       | 138999   |
---------------------------------
---------------------------------
| rollout/           |          |
|    ep_len_mean     | 1e+03    |
|    ep_rew_mean     | -229     |
| time/              |          |
|    episodes        | 144      |
|    fps             | 94       |
|    time_elapsed    | 1522     |
|    total_timesteps | 144000   |
| train/             |          |
|    actor_loss      | -71.1    |
|    critic_loss     | 3.17     |
|    ent_coef        | 0.0868   |
|    ent_coef_loss   | -0.181   |
|    learning_rate   | 0.0003   |
|    n_updates       | 142999   |
---------------------------------
---------------------------------
| rollout/           |          |
|    ep_len_mean     | 1e+03    |
|    ep_rew_mean     | -167     |
| time/              |          |
|    episodes        | 148      |
|    fps             | 94       |
|    time_elapsed    | 1565     |
|    total_timesteps | 148000   |
| train/             |          |
|    actor_loss      | -82      |
|    critic_loss     | 33.7     |
|    ent_coef        | 0.0739   |
|    ent_coef_loss   | -1.28    |
|    learning_rate   | 0.0003   |
|    n_updates       | 146999   |
---------------------------------
---------------------------------
| rollout/           |          |
|    ep_len_mean     | 1e+03    |
|    ep_rew_mean     | -155     |
| time/              |          |
|    episodes        | 152      |
|    fps             | 94       |
|    time_elapsed    | 1608     |
|    total_timesteps | 152000   |
| train/             |          |
|    actor_loss      | -80.4    |
|    critic_loss     | 1.11     |
|    ent_coef        | 0.0748   |
|    ent_coef_loss   | -1.18    |
|    learning_rate   | 0.0003   |
|    n_updates       | 150999   |
---------------------------------
---------------------------------
| rollout/           |          |
|    ep_len_mean     | 1e+03    |
|    ep_rew_mean     | -137     |
| time/              |          |
|    episodes        | 156      |
|    fps             | 94       |
|    time_elapsed    | 1652     |
|    total_timesteps | 156000   |
| train/             |          |
|    actor_loss      | -75.2    |
|    critic_loss     | 1.61     |
|    ent_coef        | 0.0651   |
|    ent_coef_loss   | 0.323    |
|    learning_rate   | 0.0003   |
|    n_updates       | 154999   |
---------------------------------
---------------------------------
| rollout/           |          |
|    ep_len_mean     | 1e+03    |
|    ep_rew_mean     | -48.9    |
| time/              |          |
|    episodes        | 160      |
|    fps             | 94       |
|    time_elapsed    | 1696     |
|    total_timesteps | 160000   |
| train/             |          |
|    actor_loss      | -84.3    |
|    critic_loss     | 2.71     |
|    ent_coef        | 0.0687   |
|    ent_coef_loss   | 1.41     |
|    learning_rate   | 0.0003   |
|    n_updates       | 158999   |
---------------------------------
---------------------------------
| rollout/           |          |
|    ep_len_mean     | 1e+03    |
|    ep_rew_mean     | 37.2     |
| time/              |          |
|    episodes        | 164      |
|    fps             | 94       |
|    time_elapsed    | 1739     |
|    total_timesteps | 164000   |
| train/             |          |
|    actor_loss      | -77.8    |
|    critic_loss     | 111      |
|    ent_coef        | 0.0712   |
|    ent_coef_loss   | 1.05     |
|    learning_rate   | 0.0003   |
|    n_updates       | 162999   |
---------------------------------
---------------------------------
| rollout/           |          |
|    ep_len_mean     | 1e+03    |
|    ep_rew_mean     | 104      |
| time/              |          |
|    episodes        | 168      |
|    fps             | 94       |
|    time_elapsed    | 1784     |
|    total_timesteps | 168000   |
| train/             |          |
|    actor_loss      | -74.9    |
|    critic_loss     | 2.07     |
|    ent_coef        | 0.073    |
|    ent_coef_loss   | 0.112    |
|    learning_rate   | 0.0003   |
|    n_updates       | 166999   |
---------------------------------
---------------------------------
| rollout/           |          |
|    ep_len_mean     | 1e+03    |
|    ep_rew_mean     | 184      |
| time/              |          |
|    episodes        | 172      |
|    fps             | 94       |
|    time_elapsed    | 1828     |
|    total_timesteps | 172000   |
| train/             |          |
|    actor_loss      | -74.5    |
|    critic_loss     | 2.04     |
|    ent_coef        | 0.0764   |
|    ent_coef_loss   | 1.16     |
|    learning_rate   | 0.0003   |
|    n_updates       | 170999   |
---------------------------------
---------------------------------
| rollout/           |          |
|    ep_len_mean     | 1e+03    |
|    ep_rew_mean     | 260      |
| time/              |          |
|    episodes        | 176      |
|    fps             | 94       |
|    time_elapsed    | 1871     |
|    total_timesteps | 176000   |
| train/             |          |
|    actor_loss      | -82.5    |
|    critic_loss     | 1.26     |
|    ent_coef        | 0.0807   |
|    ent_coef_loss   | 0.139    |
|    learning_rate   | 0.0003   |
|    n_updates       | 174999   |
---------------------------------
---------------------------------
| rollout/           |          |
|    ep_len_mean     | 1e+03    |
|    ep_rew_mean     | 339      |
| time/              |          |
|    episodes        | 180      |
|    fps             | 93       |
|    time_elapsed    | 1915     |
|    total_timesteps | 180000   |
| train/             |          |
|    actor_loss      | -81.3    |
|    critic_loss     | 2.41     |
|    ent_coef        | 0.0771   |
|    ent_coef_loss   | 1.77     |
|    learning_rate   | 0.0003   |
|    n_updates       | 178999   |
---------------------------------
---------------------------------
| rollout/           |          |
|    ep_len_mean     | 1e+03    |
|    ep_rew_mean     | 410      |
| time/              |          |
|    episodes        | 184      |
|    fps             | 93       |
|    time_elapsed    | 1959     |
|    total_timesteps | 184000   |
| train/             |          |
|    actor_loss      | -89.6    |
|    critic_loss     | 2.25     |
|    ent_coef        | 0.0688   |
|    ent_coef_loss   | -0.663   |
|    learning_rate   | 0.0003   |
|    n_updates       | 182999   |
---------------------------------
---------------------------------
| rollout/           |          |
|    ep_len_mean     | 1e+03    |
|    ep_rew_mean     | 445      |
| time/              |          |
|    episodes        | 188      |
|    fps             | 93       |
|    time_elapsed    | 2002     |
|    total_timesteps | 188000   |
| train/             |          |
|    actor_loss      | -93.2    |
|    critic_loss     | 3.34     |
|    ent_coef        | 0.0686   |
|    ent_coef_loss   | 0.295    |
|    learning_rate   | 0.0003   |
|    n_updates       | 186999   |
---------------------------------
---------------------------------
| rollout/           |          |
|    ep_len_mean     | 1e+03    |
|    ep_rew_mean     | 457      |
| time/              |          |
|    episodes        | 192      |
|    fps             | 93       |
|    time_elapsed    | 2046     |
|    total_timesteps | 192000   |
| train/             |          |
|    actor_loss      | -90.3    |
|    critic_loss     | 1.67     |
|    ent_coef        | 0.0723   |
|    ent_coef_loss   | -0.153   |
|    learning_rate   | 0.0003   |
|    n_updates       | 190999   |
---------------------------------
---------------------------------
| rollout/           |          |
|    ep_len_mean     | 1e+03    |
|    ep_rew_mean     | 462      |
| time/              |          |
|    episodes        | 196      |
|    fps             | 93       |
|    time_elapsed    | 2090     |
|    total_timesteps | 196000   |
| train/             |          |
|    actor_loss      | -90.2    |
|    critic_loss     | 1.86     |
|    ent_coef        | 0.0714   |
|    ent_coef_loss   | -0.318   |
|    learning_rate   | 0.0003   |
|    n_updates       | 194999   |
---------------------------------
---------------------------------
| rollout/           |          |
|    ep_len_mean     | 1e+03    |
|    ep_rew_mean     | 474      |
| time/              |          |
|    episodes        | 200      |
|    fps             | 93       |
|    time_elapsed    | 2134     |
|    total_timesteps | 200000   |
| train/             |          |
|    actor_loss      | -91.2    |
|    critic_loss     | 2.62     |
|    ent_coef        | 0.0682   |
|    ent_coef_loss   | -0.62    |
|    learning_rate   | 0.0003   |
|    n_updates       | 198999   |
---------------------------------
---------------------------------
| rollout/           |          |
|    ep_len_mean     | 1e+03    |
|    ep_rew_mean     | 481      |
| time/              |          |
|    episodes        | 204      |
|    fps             | 93       |
|    time_elapsed    | 2178     |
|    total_timesteps | 204000   |
| train/             |          |
|    actor_loss      | -98.8    |
|    critic_loss     | 1.26     |
|    ent_coef        | 0.071    |
|    ent_coef_loss   | -2.22    |
|    learning_rate   | 0.0003   |
|    n_updates       | 202999   |
---------------------------------
---------------------------------
| rollout/           |          |
|    ep_len_mean     | 1e+03    |
|    ep_rew_mean     | 495      |
| time/              |          |
|    episodes        | 208      |
|    fps             | 93       |
|    time_elapsed    | 2221     |
|    total_timesteps | 208000   |
| train/             |          |
|    actor_loss      | -108     |
|    critic_loss     | 1.51     |
|    ent_coef        | 0.0679   |
|    ent_coef_loss   | -1       |
|    learning_rate   | 0.0003   |
|    n_updates       | 206999   |
---------------------------------
---------------------------------
| rollout/           |          |
|    ep_len_mean     | 1e+03    |
|    ep_rew_mean     | 524      |
| time/              |          |
|    episodes        | 212      |
|    fps             | 93       |
|    time_elapsed    | 2265     |
|    total_timesteps | 212000   |
| train/             |          |
|    actor_loss      | -114     |
|    critic_loss     | 1.5      |
|    ent_coef        | 0.0661   |
|    ent_coef_loss   | -0.392   |
|    learning_rate   | 0.0003   |
|    n_updates       | 210999   |
---------------------------------
---------------------------------
| rollout/           |          |
|    ep_len_mean     | 1e+03    |
|    ep_rew_mean     | 548      |
| time/              |          |
|    episodes        | 216      |
|    fps             | 93       |
|    time_elapsed    | 2309     |
|    total_timesteps | 216000   |
| train/             |          |
|    actor_loss      | -114     |
|    critic_loss     | 1.17     |
|    ent_coef        | 0.054    |
|    ent_coef_loss   | -0.881   |
|    learning_rate   | 0.0003   |
|    n_updates       | 214999   |
---------------------------------
---------------------------------
| rollout/           |          |
|    ep_len_mean     | 1e+03    |
|    ep_rew_mean     | 506      |
| time/              |          |
|    episodes        | 220      |
|    fps             | 93       |
|    time_elapsed    | 2354     |
|    total_timesteps | 220000   |
| train/             |          |
|    actor_loss      | -114     |
|    critic_loss     | 1.02     |
|    ent_coef        | 0.0549   |
|    ent_coef_loss   | -0.77    |
|    learning_rate   | 0.0003   |
|    n_updates       | 218999   |
---------------------------------
---------------------------------
| rollout/           |          |
|    ep_len_mean     | 1e+03    |
|    ep_rew_mean     | 523      |
| time/              |          |
|    episodes        | 224      |
|    fps             | 93       |
|    time_elapsed    | 2398     |
|    total_timesteps | 224000   |
| train/             |          |
|    actor_loss      | -110     |
|    critic_loss     | 0.727    |
|    ent_coef        | 0.0653   |
|    ent_coef_loss   | -0.832   |
|    learning_rate   | 0.0003   |
|    n_updates       | 222999   |
---------------------------------
---------------------------------
| rollout/           |          |
|    ep_len_mean     | 1e+03    |
|    ep_rew_mean     | 518      |
| time/              |          |
|    episodes        | 228      |
|    fps             | 93       |
|    time_elapsed    | 2441     |
|    total_timesteps | 228000   |
| train/             |          |
|    actor_loss      | -118     |
|    critic_loss     | 1.89     |
|    ent_coef        | 0.0568   |
|    ent_coef_loss   | 0.0642   |
|    learning_rate   | 0.0003   |
|    n_updates       | 226999   |
---------------------------------
---------------------------------
| rollout/           |          |
|    ep_len_mean     | 1e+03    |
|    ep_rew_mean     | 516      |
| time/              |          |
|    episodes        | 232      |
|    fps             | 93       |
|    time_elapsed    | 2486     |
|    total_timesteps | 232000   |
| train/             |          |
|    actor_loss      | -115     |
|    critic_loss     | 0.948    |
|    ent_coef        | 0.0331   |
|    ent_coef_loss   | 1.12     |
|    learning_rate   | 0.0003   |
|    n_updates       | 230999   |
---------------------------------
---------------------------------
| rollout/           |          |
|    ep_len_mean     | 1e+03    |
|    ep_rew_mean     | 482      |
| time/              |          |
|    episodes        | 236      |
|    fps             | 93       |
|    time_elapsed    | 2530     |
|    total_timesteps | 236000   |
| train/             |          |
|    actor_loss      | -117     |
|    critic_loss     | 0.891    |
|    ent_coef        | 0.0601   |
|    ent_coef_loss   | -1.21    |
|    learning_rate   | 0.0003   |
|    n_updates       | 234999   |
---------------------------------
---------------------------------
| rollout/           |          |
|    ep_len_mean     | 1e+03    |
|    ep_rew_mean     | 472      |
| time/              |          |
|    episodes        | 240      |
|    fps             | 93       |
|    time_elapsed    | 2574     |
|    total_timesteps | 240000   |
| train/             |          |
|    actor_loss      | -108     |
|    critic_loss     | 1.3      |
|    ent_coef        | 0.0375   |
|    ent_coef_loss   | 0.415    |
|    learning_rate   | 0.0003   |
|    n_updates       | 238999   |
---------------------------------
---------------------------------
| rollout/           |          |
|    ep_len_mean     | 1e+03    |
|    ep_rew_mean     | 492      |
| time/              |          |
|    episodes        | 244      |
|    fps             | 92       |
|    time_elapsed    | 2628     |
|    total_timesteps | 244000   |
| train/             |          |
|    actor_loss      | -107     |
|    critic_loss     | 2.06     |
|    ent_coef        | 0.0416   |
|    ent_coef_loss   | 0.617    |
|    learning_rate   | 0.0003   |
|    n_updates       | 242999   |
---------------------------------
---------------------------------
| rollout/           |          |
|    ep_len_mean     | 1e+03    |
|    ep_rew_mean     | 515      |
| time/              |          |
|    episodes        | 248      |
|    fps             | 92       |
|    time_elapsed    | 2689     |
|    total_timesteps | 248000   |
| train/             |          |
|    actor_loss      | -111     |
|    critic_loss     | 0.892    |
|    ent_coef        | 0.0308   |
|    ent_coef_loss   | -0.436   |
|    learning_rate   | 0.0003   |
|    n_updates       | 246999   |
---------------------------------
---------------------------------
| rollout/           |          |
|    ep_len_mean     | 1e+03    |
|    ep_rew_mean     | 525      |
| time/              |          |
|    episodes        | 252      |
|    fps             | 91       |
|    time_elapsed    | 2749     |
|    total_timesteps | 252000   |
| train/             |          |
|    actor_loss      | -122     |
|    critic_loss     | 0.594    |
|    ent_coef        | 0.0472   |
|    ent_coef_loss   | 0.812    |
|    learning_rate   | 0.0003   |
|    n_updates       | 250999   |
---------------------------------
---------------------------------
| rollout/           |          |
|    ep_len_mean     | 1e+03    |
|    ep_rew_mean     | 511      |
| time/              |          |
|    episodes        | 256      |
|    fps             | 91       |
|    time_elapsed    | 2809     |
|    total_timesteps | 256000   |
| train/             |          |
|    actor_loss      | -121     |
|    critic_loss     | 2.67     |
|    ent_coef        | 0.0392   |
|    ent_coef_loss   | -0.597   |
|    learning_rate   | 0.0003   |
|    n_updates       | 254999   |
---------------------------------
---------------------------------
| rollout/           |          |
|    ep_len_mean     | 1e+03    |
|    ep_rew_mean     | 489      |
| time/              |          |
|    episodes        | 260      |
|    fps             | 90       |
|    time_elapsed    | 2869     |
|    total_timesteps | 260000   |
| train/             |          |
|    actor_loss      | -135     |
|    critic_loss     | 1.78     |
|    ent_coef        | 0.11     |
|    ent_coef_loss   | 0.394    |
|    learning_rate   | 0.0003   |
|    n_updates       | 258999   |
---------------------------------
---------------------------------
| rollout/           |          |
|    ep_len_mean     | 1e+03    |
|    ep_rew_mean     | 480      |
| time/              |          |
|    episodes        | 264      |
|    fps             | 90       |
|    time_elapsed    | 2929     |
|    total_timesteps | 264000   |
| train/             |          |
|    actor_loss      | -138     |
|    critic_loss     | 0.91     |
|    ent_coef        | 0.06     |
|    ent_coef_loss   | 0.0974   |
|    learning_rate   | 0.0003   |
|    n_updates       | 262999   |
---------------------------------
---------------------------------
| rollout/           |          |
|    ep_len_mean     | 1e+03    |
|    ep_rew_mean     | 425      |
| time/              |          |
|    episodes        | 268      |
|    fps             | 89       |
|    time_elapsed    | 2989     |
|    total_timesteps | 268000   |
| train/             |          |
|    actor_loss      | -150     |
|    critic_loss     | 3.53     |
|    ent_coef        | 0.0839   |
|    ent_coef_loss   | 1.36     |
|    learning_rate   | 0.0003   |
|    n_updates       | 266999   |
---------------------------------
---------------------------------
| rollout/           |          |
|    ep_len_mean     | 1e+03    |
|    ep_rew_mean     | 353      |
| time/              |          |
|    episodes        | 272      |
|    fps             | 89       |
|    time_elapsed    | 3050     |
|    total_timesteps | 272000   |
| train/             |          |
|    actor_loss      | -171     |
|    critic_loss     | 2.45     |
|    ent_coef        | 0.0961   |
|    ent_coef_loss   | 3.43     |
|    learning_rate   | 0.0003   |
|    n_updates       | 270999   |
---------------------------------
---------------------------------
| rollout/           |          |
|    ep_len_mean     | 1e+03    |
|    ep_rew_mean     | 274      |
| time/              |          |
|    episodes        | 276      |
|    fps             | 88       |
|    time_elapsed    | 3112     |
|    total_timesteps | 276000   |
| train/             |          |
|    actor_loss      | -226     |
|    critic_loss     | 3.62     |
|    ent_coef        | 0.23     |
|    ent_coef_loss   | -0.191   |
|    learning_rate   | 0.0003   |
|    n_updates       | 274999   |
---------------------------------
---------------------------------
| rollout/           |          |
|    ep_len_mean     | 1e+03    |
|    ep_rew_mean     | 216      |
| time/              |          |
|    episodes        | 280      |
|    fps             | 88       |
|    time_elapsed    | 3171     |
|    total_timesteps | 280000   |
| train/             |          |
|    actor_loss      | -237     |
|    critic_loss     | 5.08     |
|    ent_coef        | 0.189    |
|    ent_coef_loss   | 0.00257  |
|    learning_rate   | 0.0003   |
|    n_updates       | 278999   |
---------------------------------
---------------------------------
| rollout/           |          |
|    ep_len_mean     | 1e+03    |
|    ep_rew_mean     | 171      |
| time/              |          |
|    episodes        | 284      |
|    fps             | 87       |
|    time_elapsed    | 3233     |
|    total_timesteps | 284000   |
| train/             |          |
|    actor_loss      | -258     |
|    critic_loss     | 5.82     |
|    ent_coef        | 0.0888   |
|    ent_coef_loss   | 0.348    |
|    learning_rate   | 0.0003   |
|    n_updates       | 282999   |
---------------------------------
---------------------------------
| rollout/           |          |
|    ep_len_mean     | 1e+03    |
|    ep_rew_mean     | 155      |
| time/              |          |
|    episodes        | 288      |
|    fps             | 87       |
|    time_elapsed    | 3298     |
|    total_timesteps | 288000   |
| train/             |          |
|    actor_loss      | -239     |
|    critic_loss     | 4.08     |
|    ent_coef        | 0.0791   |
|    ent_coef_loss   | -0.416   |
|    learning_rate   | 0.0003   |
|    n_updates       | 286999   |
---------------------------------
---------------------------------
| rollout/           |          |
|    ep_len_mean     | 1e+03    |
|    ep_rew_mean     | 157      |
| time/              |          |
|    episodes        | 292      |
|    fps             | 86       |
|    time_elapsed    | 3363     |
|    total_timesteps | 292000   |
| train/             |          |
|    actor_loss      | -244     |
|    critic_loss     | 6.61     |
|    ent_coef        | 0.112    |
|    ent_coef_loss   | 1.47     |
|    learning_rate   | 0.0003   |
|    n_updates       | 290999   |
---------------------------------
---------------------------------
| rollout/           |          |
|    ep_len_mean     | 1e+03    |
|    ep_rew_mean     | 146      |
| time/              |          |
|    episodes        | 296      |
|    fps             | 86       |
|    time_elapsed    | 3428     |
|    total_timesteps | 296000   |
| train/             |          |
|    actor_loss      | -223     |
|    critic_loss     | 6.78     |
|    ent_coef        | 0.147    |
|    ent_coef_loss   | 1.23     |
|    learning_rate   | 0.0003   |
|    n_updates       | 294999   |
---------------------------------
---------------------------------
| rollout/           |          |
|    ep_len_mean     | 1e+03    |
|    ep_rew_mean     | 87.4     |
| time/              |          |
|    episodes        | 300      |
|    fps             | 85       |
|    time_elapsed    | 3491     |
|    total_timesteps | 300000   |
| train/             |          |
|    actor_loss      | -261     |
|    critic_loss     | 11.6     |
|    ent_coef        | 0.275    |
|    ent_coef_loss   | -3.08    |
|    learning_rate   | 0.0003   |
|    n_updates       | 298999   |
---------------------------------
---------------------------------
| rollout/           |          |
|    ep_len_mean     | 1e+03    |
|    ep_rew_mean     | 8.36     |
| time/              |          |
|    episodes        | 304      |
|    fps             | 85       |
|    time_elapsed    | 3556     |
|    total_timesteps | 304000   |
| train/             |          |
|    actor_loss      | -289     |
|    critic_loss     | 14.6     |
|    ent_coef        | 0.201    |
|    ent_coef_loss   | -1.26    |
|    learning_rate   | 0.0003   |
|    n_updates       | 302999   |
---------------------------------
---------------------------------
| rollout/           |          |
|    ep_len_mean     | 1e+03    |
|    ep_rew_mean     | -14.7    |
| time/              |          |
|    episodes        | 308      |
|    fps             | 85       |
|    time_elapsed    | 3621     |
|    total_timesteps | 308000   |
| train/             |          |
|    actor_loss      | -315     |
|    critic_loss     | 6.47     |
|    ent_coef        | 0.2      |
|    ent_coef_loss   | 0.462    |
|    learning_rate   | 0.0003   |
|    n_updates       | 306999   |
---------------------------------
