[2026-06-21T18:02:00] Starting Fischer session: algorithm=SAC, timesteps=500,000, direction=EAST, actuation=muscle, waypoints=[[2.3, -1.0], [1.0, 1.5], [2.5, 0.0]]
[2026-06-21T18:02:00] Save dir: C:\Users\ranjo\OneDrive\Desktop\ARM-Model\project_assets\outputs\Parallel_Seeds\seed_02
[2026-06-21T18:02:00] Waypoint mode active: 3 waypoints, current_waypoint_index=0 at every episode reset
Using cpu device
Wrapping the env with a `Monitor` wrapper
Wrapping the env in a DummyVecEnv.
----------------------------------
| rollout/           |           |
|    ep_len_mean     | 1e+03     |
|    ep_rew_mean     | -4.84e+03 |
| time/              |           |
|    episodes        | 4         |
|    fps             | 41        |
|    time_elapsed    | 97        |
|    total_timesteps | 4000      |
| train/             |           |
|    actor_loss      | 40.6      |
|    critic_loss     | 0.339     |
|    ent_coef        | 0.412     |
|    ent_coef_loss   | -5.56     |
|    learning_rate   | 0.0003    |
|    n_updates       | 2999      |
----------------------------------
---------------------------------
| rollout/           |          |
|    ep_len_mean     | 1e+03    |
|    ep_rew_mean     | -2.9e+03 |
| time/              |          |
|    episodes        | 8        |
|    fps             | 37       |
|    time_elapsed    | 214      |
|    total_timesteps | 8000     |
| train/             |          |
|    actor_loss      | 42.9     |
|    critic_loss     | 2.14     |
|    ent_coef        | 0.154    |
|    ent_coef_loss   | -3.51    |
|    learning_rate   | 0.0003   |
|    n_updates       | 6999     |
---------------------------------
----------------------------------
| rollout/           |           |
|    ep_len_mean     | 1e+03     |
|    ep_rew_mean     | -2.17e+03 |
| time/              |           |
|    episodes        | 12        |
|    fps             | 36        |
|    time_elapsed    | 329       |
|    total_timesteps | 12000     |
| train/             |           |
|    actor_loss      | 30.1      |
|    critic_loss     | 6.43      |
|    ent_coef        | 0.132     |
|    ent_coef_loss   | -0.273    |
|    learning_rate   | 0.0003    |
|    n_updates       | 10999     |
----------------------------------
----------------------------------
| rollout/           |           |
|    ep_len_mean     | 1e+03     |
|    ep_rew_mean     | -1.87e+03 |
| time/              |           |
|    episodes        | 16        |
|    fps             | 36        |
|    time_elapsed    | 437       |
|    total_timesteps | 16000     |
| train/             |           |
|    actor_loss      | 4.26      |
|    critic_loss     | 7.13      |
|    ent_coef        | 0.221     |
|    ent_coef_loss   | 0.484     |
|    learning_rate   | 0.0003    |
|    n_updates       | 14999     |
----------------------------------
----------------------------------
| rollout/           |           |
|    ep_len_mean     | 974       |
|    ep_rew_mean     | -1.78e+03 |
| time/              |           |
|    episodes        | 20        |
|    fps             | 36        |
|    time_elapsed    | 530       |
|    total_timesteps | 19488     |
| train/             |           |
|    actor_loss      | -4.17     |
|    critic_loss     | 9.23      |
|    ent_coef        | 0.208     |
|    ent_coef_loss   | -0.227    |
|    learning_rate   | 0.0003    |
|    n_updates       | 18487     |
----------------------------------
----------------------------------
| rollout/           |           |
|    ep_len_mean     | 979       |
|    ep_rew_mean     | -1.76e+03 |
| time/              |           |
|    episodes        | 24        |
|    fps             | 36        |
|    time_elapsed    | 637       |
|    total_timesteps | 23488     |
| train/             |           |
|    actor_loss      | -35       |
|    critic_loss     | 19.4      |
|    ent_coef        | 0.252     |
|    ent_coef_loss   | 0.217     |
|    learning_rate   | 0.0003    |
|    n_updates       | 22487     |
----------------------------------
----------------------------------
| rollout/           |           |
|    ep_len_mean     | 982       |
|    ep_rew_mean     | -1.64e+03 |
| time/              |           |
|    episodes        | 28        |
|    fps             | 36        |
|    time_elapsed    | 745       |
|    total_timesteps | 27488     |
| train/             |           |
|    actor_loss      | -32.9     |
|    critic_loss     | 13.1      |
|    ent_coef        | 0.231     |
|    ent_coef_loss   | 0.519     |
|    learning_rate   | 0.0003    |
|    n_updates       | 26487     |
----------------------------------
----------------------------------
| rollout/           |           |
|    ep_len_mean     | 984       |
|    ep_rew_mean     | -1.46e+03 |
| time/              |           |
|    episodes        | 32        |
|    fps             | 36        |
|    time_elapsed    | 852       |
|    total_timesteps | 31488     |
| train/             |           |
|    actor_loss      | -73.1     |
|    critic_loss     | 13.2      |
|    ent_coef        | 0.296     |
|    ent_coef_loss   | 0.0563    |
|    learning_rate   | 0.0003    |
|    n_updates       | 30487     |
----------------------------------
---------------------------------
| rollout/           |          |
|    ep_len_mean     | 986      |
|    ep_rew_mean     | -1.5e+03 |
| time/              |          |
|    episodes        | 36       |
|    fps             | 36       |
|    time_elapsed    | 959      |
|    total_timesteps | 35488    |
| train/             |          |
|    actor_loss      | -85.7    |
|    critic_loss     | 13.3     |
|    ent_coef        | 0.27     |
|    ent_coef_loss   | -0.283   |
|    learning_rate   | 0.0003   |
|    n_updates       | 34487    |
---------------------------------
---------------------------------
| rollout/           |          |
|    ep_len_mean     | 987      |
|    ep_rew_mean     | -1.4e+03 |
| time/              |          |
|    episodes        | 40       |
|    fps             | 37       |
|    time_elapsed    | 1066     |
|    total_timesteps | 39488    |
| train/             |          |
|    actor_loss      | -83.2    |
|    critic_loss     | 6.01     |
|    ent_coef        | 0.228    |
|    ent_coef_loss   | -0.393   |
|    learning_rate   | 0.0003   |
|    n_updates       | 38487    |
---------------------------------
----------------------------------
| rollout/           |           |
|    ep_len_mean     | 988       |
|    ep_rew_mean     | -1.29e+03 |
| time/              |           |
|    episodes        | 44        |
|    fps             | 37        |
|    time_elapsed    | 1174      |
|    total_timesteps | 43488     |
| train/             |           |
|    actor_loss      | -95       |
|    critic_loss     | 13.1      |
|    ent_coef        | 0.242     |
|    ent_coef_loss   | 0.526     |
|    learning_rate   | 0.0003    |
|    n_updates       | 42487     |
----------------------------------
---------------------------------
| rollout/           |          |
|    ep_len_mean     | 989      |
|    ep_rew_mean     | -1.2e+03 |
| time/              |          |
|    episodes        | 48       |
|    fps             | 37       |
|    time_elapsed    | 1281     |
|    total_timesteps | 47488    |
| train/             |          |
|    actor_loss      | -247     |
|    critic_loss     | 54.8     |
|    ent_coef        | 0.568    |
|    ent_coef_loss   | 0.14     |
|    learning_rate   | 0.0003   |
|    n_updates       | 46487    |
---------------------------------
----------------------------------
| rollout/           |           |
|    ep_len_mean     | 990       |
|    ep_rew_mean     | -1.29e+03 |
| time/              |           |
|    episodes        | 52        |
|    fps             | 37        |
|    time_elapsed    | 1390      |
|    total_timesteps | 51488     |
| train/             |           |
|    actor_loss      | -367      |
|    critic_loss     | 143       |
|    ent_coef        | 0.733     |
|    ent_coef_loss   | -0.0349   |
|    learning_rate   | 0.0003    |
|    n_updates       | 50487     |
----------------------------------
----------------------------------
| rollout/           |           |
|    ep_len_mean     | 991       |
|    ep_rew_mean     | -1.25e+03 |
| time/              |           |
|    episodes        | 56        |
|    fps             | 37        |
|    time_elapsed    | 1499      |
|    total_timesteps | 55488     |
| train/             |           |
|    actor_loss      | -530      |
|    critic_loss     | 130       |
|    ent_coef        | 0.684     |
|    ent_coef_loss   | 0.111     |
|    learning_rate   | 0.0003    |
|    n_updates       | 54487     |
----------------------------------
----------------------------------
| rollout/           |           |
|    ep_len_mean     | 991       |
|    ep_rew_mean     | -1.28e+03 |
| time/              |           |
|    episodes        | 60        |
|    fps             | 36        |
|    time_elapsed    | 1609      |
|    total_timesteps | 59488     |
| train/             |           |
|    actor_loss      | -672      |
|    critic_loss     | 131       |
|    ent_coef        | 0.761     |
|    ent_coef_loss   | -0.0128   |
|    learning_rate   | 0.0003    |
|    n_updates       | 58487     |
----------------------------------
----------------------------------
| rollout/           |           |
|    ep_len_mean     | 992       |
|    ep_rew_mean     | -1.22e+03 |
| time/              |           |
|    episodes        | 64        |
|    fps             | 36        |
|    time_elapsed    | 1719      |
|    total_timesteps | 63488     |
| train/             |           |
|    actor_loss      | -804      |
|    critic_loss     | 292       |
|    ent_coef        | 0.852     |
|    ent_coef_loss   | 0.0146    |
|    learning_rate   | 0.0003    |
|    n_updates       | 62487     |
----------------------------------
---------------------------------
| rollout/           |          |
|    ep_len_mean     | 992      |
|    ep_rew_mean     | -1.2e+03 |
| time/              |          |
|    episodes        | 68       |
|    fps             | 36       |
|    time_elapsed    | 1830     |
|    total_timesteps | 67488    |
| train/             |          |
|    actor_loss      | -887     |
|    critic_loss     | 128      |
|    ent_coef        | 0.556    |
|    ent_coef_loss   | -0.174   |
|    learning_rate   | 0.0003   |
|    n_updates       | 66487    |
---------------------------------
----------------------------------
| rollout/           |           |
|    ep_len_mean     | 993       |
|    ep_rew_mean     | -1.14e+03 |
| time/              |           |
|    episodes        | 72        |
|    fps             | 36        |
|    time_elapsed    | 1941      |
|    total_timesteps | 71488     |
| train/             |           |
|    actor_loss      | -909      |
|    critic_loss     | 96.2      |
|    ent_coef        | 0.664     |
|    ent_coef_loss   | 0.0349    |
|    learning_rate   | 0.0003    |
|    n_updates       | 70487     |
----------------------------------
---------------------------------
| rollout/           |          |
|    ep_len_mean     | 993      |
|    ep_rew_mean     | -991     |
| time/              |          |
|    episodes        | 76       |
|    fps             | 36       |
|    time_elapsed    | 2053     |
|    total_timesteps | 75488    |
| train/             |          |
|    actor_loss      | -953     |
|    critic_loss     | 262      |
|    ent_coef        | 0.595    |
|    ent_coef_loss   | 0.0146   |
|    learning_rate   | 0.0003   |
|    n_updates       | 74487    |
---------------------------------
---------------------------------
| rollout/           |          |
|    ep_len_mean     | 994      |
|    ep_rew_mean     | -860     |
| time/              |          |
|    episodes        | 80       |
|    fps             | 36       |
|    time_elapsed    | 2165     |
|    total_timesteps | 79488    |
| train/             |          |
|    actor_loss      | -984     |
|    critic_loss     | 51.7     |
|    ent_coef        | 0.553    |
|    ent_coef_loss   | 0.0945   |
|    learning_rate   | 0.0003   |
|    n_updates       | 78487    |
---------------------------------
---------------------------------
| rollout/           |          |
|    ep_len_mean     | 994      |
|    ep_rew_mean     | -808     |
| time/              |          |
|    episodes        | 84       |
|    fps             | 36       |
|    time_elapsed    | 2277     |
|    total_timesteps | 83488    |
| train/             |          |
|    actor_loss      | -971     |
|    critic_loss     | 50.6     |
|    ent_coef        | 0.502    |
|    ent_coef_loss   | 0.322    |
|    learning_rate   | 0.0003   |
|    n_updates       | 82487    |
---------------------------------
---------------------------------
| rollout/           |          |
|    ep_len_mean     | 994      |
|    ep_rew_mean     | -747     |
| time/              |          |
|    episodes        | 88       |
|    fps             | 36       |
|    time_elapsed    | 2388     |
|    total_timesteps | 87488    |
| train/             |          |
|    actor_loss      | -926     |
|    critic_loss     | 103      |
|    ent_coef        | 0.49     |
|    ent_coef_loss   | -0.133   |
|    learning_rate   | 0.0003   |
|    n_updates       | 86487    |
---------------------------------
---------------------------------
| rollout/           |          |
|    ep_len_mean     | 994      |
|    ep_rew_mean     | -693     |
| time/              |          |
|    episodes        | 92       |
|    fps             | 36       |
|    time_elapsed    | 2499     |
|    total_timesteps | 91488    |
| train/             |          |
|    actor_loss      | -868     |
|    critic_loss     | 35.9     |
|    ent_coef        | 0.373    |
|    ent_coef_loss   | 0.205    |
|    learning_rate   | 0.0003   |
|    n_updates       | 90487    |
---------------------------------
---------------------------------
| rollout/           |          |
|    ep_len_mean     | 995      |
|    ep_rew_mean     | -636     |
| time/              |          |
|    episodes        | 96       |
|    fps             | 36       |
|    time_elapsed    | 2611     |
|    total_timesteps | 95488    |
| train/             |          |
|    actor_loss      | -833     |
|    critic_loss     | 46.7     |
|    ent_coef        | 0.339    |
|    ent_coef_loss   | 0.359    |
|    learning_rate   | 0.0003   |
|    n_updates       | 94487    |
---------------------------------
---------------------------------
| rollout/           |          |
|    ep_len_mean     | 995      |
|    ep_rew_mean     | -410     |
| time/              |          |
|    episodes        | 100      |
|    fps             | 36       |
|    time_elapsed    | 2722     |
|    total_timesteps | 99488    |
| train/             |          |
|    actor_loss      | -812     |
|    critic_loss     | 27.3     |
|    ent_coef        | 0.351    |
|    ent_coef_loss   | -0.424   |
|    learning_rate   | 0.0003   |
|    n_updates       | 98487    |
---------------------------------
---------------------------------
| rollout/           |          |
|    ep_len_mean     | 995      |
|    ep_rew_mean     | 437      |
| time/              |          |
|    episodes        | 104      |
|    fps             | 36       |
|    time_elapsed    | 2834     |
|    total_timesteps | 103488   |
| train/             |          |
|    actor_loss      | -810     |
|    critic_loss     | 39.8     |
|    ent_coef        | 0.516    |
|    ent_coef_loss   | -0.109   |
|    learning_rate   | 0.0003   |
|    n_updates       | 102487   |
---------------------------------
---------------------------------
| rollout/           |          |
|    ep_len_mean     | 995      |
|    ep_rew_mean     | 1.23e+03 |
| time/              |          |
|    episodes        | 108      |
|    fps             | 36       |
|    time_elapsed    | 2946     |
|    total_timesteps | 107488   |
| train/             |          |
|    actor_loss      | -844     |
|    critic_loss     | 50.8     |
|    ent_coef        | 0.333    |
|    ent_coef_loss   | -0.0331  |
|    learning_rate   | 0.0003   |
|    n_updates       | 106487   |
---------------------------------
---------------------------------
| rollout/           |          |
|    ep_len_mean     | 995      |
|    ep_rew_mean     | 2.09e+03 |
| time/              |          |
|    episodes        | 112      |
|    fps             | 36       |
|    time_elapsed    | 3058     |
|    total_timesteps | 111488   |
| train/             |          |
|    actor_loss      | -840     |
|    critic_loss     | 29.3     |
|    ent_coef        | 0.367    |
|    ent_coef_loss   | -0.132   |
|    learning_rate   | 0.0003   |
|    n_updates       | 110487   |
---------------------------------
---------------------------------
| rollout/           |          |
|    ep_len_mean     | 985      |
|    ep_rew_mean     | 2.71e+03 |
| time/              |          |
|    episodes        | 116      |
|    fps             | 36       |
|    time_elapsed    | 3143     |
|    total_timesteps | 114541   |
| train/             |          |
|    actor_loss      | -853     |
|    critic_loss     | 98.9     |
|    ent_coef        | 0.378    |
|    ent_coef_loss   | 0.747    |
|    learning_rate   | 0.0003   |
|    n_updates       | 113540   |
---------------------------------
---------------------------------
| rollout/           |          |
|    ep_len_mean     | 991      |
|    ep_rew_mean     | 3.62e+03 |
| time/              |          |
|    episodes        | 120      |
|    fps             | 36       |
|    time_elapsed    | 3255     |
|    total_timesteps | 118541   |
| train/             |          |
|    actor_loss      | -850     |
|    critic_loss     | 60.8     |
|    ent_coef        | 0.375    |
|    ent_coef_loss   | -0.0356  |
|    learning_rate   | 0.0003   |
|    n_updates       | 117540   |
---------------------------------
---------------------------------
| rollout/           |          |
|    ep_len_mean     | 991      |
|    ep_rew_mean     | 4.46e+03 |
| time/              |          |
|    episodes        | 124      |
|    fps             | 36       |
|    time_elapsed    | 3367     |
|    total_timesteps | 122541   |
| train/             |          |
|    actor_loss      | -906     |
|    critic_loss     | 196      |
|    ent_coef        | 0.369    |
|    ent_coef_loss   | 0.204    |
|    learning_rate   | 0.0003   |
|    n_updates       | 121540   |
---------------------------------
---------------------------------
| rollout/           |          |
|    ep_len_mean     | 989      |
|    ep_rew_mean     | 5.29e+03 |
| time/              |          |
|    episodes        | 128      |
|    fps             | 36       |
|    time_elapsed    | 3475     |
|    total_timesteps | 126372   |
| train/             |          |
|    actor_loss      | -836     |
|    critic_loss     | 72       |
|    ent_coef        | 0.375    |
|    ent_coef_loss   | 0.0225   |
|    learning_rate   | 0.0003   |
|    n_updates       | 125371   |
---------------------------------
---------------------------------
| rollout/           |          |
|    ep_len_mean     | 989      |
|    ep_rew_mean     | 5.65e+03 |
| time/              |          |
|    episodes        | 132      |
|    fps             | 36       |
|    time_elapsed    | 3588     |
|    total_timesteps | 130372   |
| train/             |          |
|    actor_loss      | -898     |
|    critic_loss     | 1.3e+04  |
|    ent_coef        | 0.367    |
|    ent_coef_loss   | 0.529    |
|    learning_rate   | 0.0003   |
|    n_updates       | 129371   |
---------------------------------
---------------------------------
| rollout/           |          |
|    ep_len_mean     | 989      |
|    ep_rew_mean     | 5.74e+03 |
| time/              |          |
|    episodes        | 136      |
|    fps             | 36       |
|    time_elapsed    | 3700     |
|    total_timesteps | 134372   |
| train/             |          |
|    actor_loss      | -864     |
|    critic_loss     | 52       |
|    ent_coef        | 0.369    |
|    ent_coef_loss   | -0.174   |
|    learning_rate   | 0.0003   |
|    n_updates       | 133371   |
---------------------------------
---------------------------------
| rollout/           |          |
|    ep_len_mean     | 989      |
|    ep_rew_mean     | 6.01e+03 |
| time/              |          |
|    episodes        | 140      |
|    fps             | 36       |
|    time_elapsed    | 3810     |
|    total_timesteps | 138372   |
| train/             |          |
|    actor_loss      | -839     |
|    critic_loss     | 28.5     |
|    ent_coef        | 0.348    |
|    ent_coef_loss   | -0.195   |
|    learning_rate   | 0.0003   |
|    n_updates       | 137371   |
---------------------------------
---------------------------------
| rollout/           |          |
|    ep_len_mean     | 989      |
|    ep_rew_mean     | 6.3e+03  |
| time/              |          |
|    episodes        | 144      |
|    fps             | 36       |
|    time_elapsed    | 3917     |
|    total_timesteps | 142372   |
| train/             |          |
|    actor_loss      | -853     |
|    critic_loss     | 50       |
|    ent_coef        | 0.346    |
|    ent_coef_loss   | 0.0923   |
|    learning_rate   | 0.0003   |
|    n_updates       | 141371   |
---------------------------------
---------------------------------
| rollout/           |          |
|    ep_len_mean     | 989      |
|    ep_rew_mean     | 6.7e+03  |
| time/              |          |
|    episodes        | 148      |
|    fps             | 36       |
|    time_elapsed    | 4023     |
|    total_timesteps | 146345   |
| train/             |          |
|    actor_loss      | -799     |
|    critic_loss     | 55.6     |
|    ent_coef        | 0.43     |
|    ent_coef_loss   | 0.511    |
|    learning_rate   | 0.0003   |
|    n_updates       | 145344   |
---------------------------------
---------------------------------
| rollout/           |          |
|    ep_len_mean     | 989      |
|    ep_rew_mean     | 7.47e+03 |
| time/              |          |
|    episodes        | 152      |
|    fps             | 36       |
|    time_elapsed    | 4130     |
|    total_timesteps | 150345   |
| train/             |          |
|    actor_loss      | -898     |
|    critic_loss     | 56.1     |
|    ent_coef        | 0.431    |
|    ent_coef_loss   | 0.132    |
|    learning_rate   | 0.0003   |
|    n_updates       | 149344   |
---------------------------------
----------------------------------
| rollout/           |           |
|    ep_len_mean     | 989       |
|    ep_rew_mean     | 7.79e+03  |
| time/              |           |
|    episodes        | 156       |
|    fps             | 36        |
|    time_elapsed    | 4237      |
|    total_timesteps | 154345    |
| train/             |           |
|    actor_loss      | -1.01e+03 |
|    critic_loss     | 79.9      |
|    ent_coef        | 0.553     |
|    ent_coef_loss   | -0.0615   |
|    learning_rate   | 0.0003    |
|    n_updates       | 153344    |
----------------------------------
---------------------------------
| rollout/           |          |
|    ep_len_mean     | 989      |
|    ep_rew_mean     | 7.83e+03 |
| time/              |          |
|    episodes        | 160      |
|    fps             | 36       |
|    time_elapsed    | 4344     |
|    total_timesteps | 158345   |
| train/             |          |
|    actor_loss      | -992     |
|    critic_loss     | 67       |
|    ent_coef        | 0.432    |
|    ent_coef_loss   | -0.0502  |
|    learning_rate   | 0.0003   |
|    n_updates       | 157344   |
---------------------------------
---------------------------------
| rollout/           |          |
|    ep_len_mean     | 989      |
|    ep_rew_mean     | 7.97e+03 |
| time/              |          |
|    episodes        | 164      |
|    fps             | 36       |
|    time_elapsed    | 4451     |
|    total_timesteps | 162345   |
| train/             |          |
|    actor_loss      | -891     |
|    critic_loss     | 39.3     |
|    ent_coef        | 0.361    |
|    ent_coef_loss   | 0.0154   |
|    learning_rate   | 0.0003   |
|    n_updates       | 161344   |
---------------------------------
---------------------------------
| rollout/           |          |
|    ep_len_mean     | 989      |
|    ep_rew_mean     | 8.21e+03 |
| time/              |          |
|    episodes        | 168      |
|    fps             | 36       |
|    time_elapsed    | 4558     |
|    total_timesteps | 166345   |
| train/             |          |
|    actor_loss      | -916     |
|    critic_loss     | 42.6     |
|    ent_coef        | 0.341    |
|    ent_coef_loss   | 0.131    |
|    learning_rate   | 0.0003   |
|    n_updates       | 165344   |
---------------------------------
---------------------------------
| rollout/           |          |
|    ep_len_mean     | 989      |
|    ep_rew_mean     | 8.24e+03 |
| time/              |          |
|    episodes        | 172      |
|    fps             | 36       |
|    time_elapsed    | 4666     |
|    total_timesteps | 170345   |
| train/             |          |
|    actor_loss      | -945     |
|    critic_loss     | 80.4     |
|    ent_coef        | 0.308    |
|    ent_coef_loss   | 0.0926   |
|    learning_rate   | 0.0003   |
|    n_updates       | 169344   |
---------------------------------
---------------------------------
| rollout/           |          |
|    ep_len_mean     | 989      |
|    ep_rew_mean     | 8.2e+03  |
| time/              |          |
|    episodes        | 176      |
|    fps             | 36       |
|    time_elapsed    | 4773     |
|    total_timesteps | 174345   |
| train/             |          |
|    actor_loss      | -882     |
|    critic_loss     | 2.92e+03 |
|    ent_coef        | 0.376    |
|    ent_coef_loss   | -0.0487  |
|    learning_rate   | 0.0003   |
|    n_updates       | 173344   |
---------------------------------
---------------------------------
| rollout/           |          |
|    ep_len_mean     | 989      |
|    ep_rew_mean     | 8.51e+03 |
| time/              |          |
|    episodes        | 180      |
|    fps             | 36       |
|    time_elapsed    | 4880     |
|    total_timesteps | 178345   |
| train/             |          |
|    actor_loss      | -932     |
|    critic_loss     | 66.3     |
|    ent_coef        | 0.356    |
|    ent_coef_loss   | 0.181    |
|    learning_rate   | 0.0003   |
|    n_updates       | 177344   |
---------------------------------
---------------------------------
| rollout/           |          |
|    ep_len_mean     | 989      |
|    ep_rew_mean     | 8.68e+03 |
| time/              |          |
|    episodes        | 184      |
|    fps             | 36       |
|    time_elapsed    | 4987     |
|    total_timesteps | 182345   |
| train/             |          |
|    actor_loss      | -926     |
|    critic_loss     | 30       |
|    ent_coef        | 0.325    |
|    ent_coef_loss   | -0.321   |
|    learning_rate   | 0.0003   |
|    n_updates       | 181344   |
---------------------------------
---------------------------------
| rollout/           |          |
|    ep_len_mean     | 989      |
|    ep_rew_mean     | 8.86e+03 |
| time/              |          |
|    episodes        | 188      |
|    fps             | 36       |
|    time_elapsed    | 5095     |
|    total_timesteps | 186345   |
| train/             |          |
|    actor_loss      | -929     |
|    critic_loss     | 51.2     |
|    ent_coef        | 0.351    |
|    ent_coef_loss   | 0.0521   |
|    learning_rate   | 0.0003   |
|    n_updates       | 185344   |
---------------------------------
---------------------------------
| rollout/           |          |
|    ep_len_mean     | 989      |
|    ep_rew_mean     | 9.75e+03 |
| time/              |          |
|    episodes        | 192      |
|    fps             | 36       |
|    time_elapsed    | 5203     |
|    total_timesteps | 190345   |
| train/             |          |
|    actor_loss      | -916     |
|    critic_loss     | 54.7     |
|    ent_coef        | 0.405    |
|    ent_coef_loss   | 0.271    |
|    learning_rate   | 0.0003   |
|    n_updates       | 189344   |
---------------------------------
----------------------------------
| rollout/           |           |
|    ep_len_mean     | 989       |
|    ep_rew_mean     | 1.07e+04  |
| time/              |           |
|    episodes        | 196       |
|    fps             | 36        |
|    time_elapsed    | 5311      |
|    total_timesteps | 194345    |
| train/             |           |
|    actor_loss      | -1.01e+03 |
|    critic_loss     | 79.6      |
|    ent_coef        | 0.417     |
|    ent_coef_loss   | 0.476     |
|    learning_rate   | 0.0003    |
|    n_updates       | 193344    |
----------------------------------
---------------------------------
| rollout/           |          |
|    ep_len_mean     | 989      |
|    ep_rew_mean     | 1.14e+04 |
| time/              |          |
|    episodes        | 200      |
|    fps             | 36       |
|    time_elapsed    | 5421     |
|    total_timesteps | 198345   |
| train/             |          |
|    actor_loss      | -987     |
|    critic_loss     | 29.2     |
|    ent_coef        | 0.447    |
|    ent_coef_loss   | -0.274   |
|    learning_rate   | 0.0003   |
|    n_updates       | 197344   |
---------------------------------
----------------------------------
| rollout/           |           |
|    ep_len_mean     | 989       |
|    ep_rew_mean     | 1.17e+04  |
| time/              |           |
|    episodes        | 204       |
|    fps             | 36        |
|    time_elapsed    | 5529      |
|    total_timesteps | 202345    |
| train/             |           |
|    actor_loss      | -1.03e+03 |
|    critic_loss     | 61.7      |
|    ent_coef        | 0.404     |
|    ent_coef_loss   | -0.0726   |
|    learning_rate   | 0.0003    |
|    n_updates       | 201344    |
----------------------------------
----------------------------------
| rollout/           |           |
|    ep_len_mean     | 989       |
|    ep_rew_mean     | 1.19e+04  |
| time/              |           |
|    episodes        | 208       |
|    fps             | 36        |
|    time_elapsed    | 5639      |
|    total_timesteps | 206345    |
| train/             |           |
|    actor_loss      | -1.08e+03 |
|    critic_loss     | 120       |
|    ent_coef        | 0.423     |
|    ent_coef_loss   | 0.0425    |
|    learning_rate   | 0.0003    |
|    n_updates       | 205344    |
----------------------------------
----------------------------------
| rollout/           |           |
|    ep_len_mean     | 989       |
|    ep_rew_mean     | 1.2e+04   |
| time/              |           |
|    episodes        | 212       |
|    fps             | 36        |
|    time_elapsed    | 5747      |
|    total_timesteps | 210345    |
| train/             |           |
|    actor_loss      | -1.21e+03 |
|    critic_loss     | 102       |
|    ent_coef        | 0.45      |
|    ent_coef_loss   | 0.119     |
|    learning_rate   | 0.0003    |
|    n_updates       | 209344    |
----------------------------------
----------------------------------
| rollout/           |           |
|    ep_len_mean     | 998       |
|    ep_rew_mean     | 1.24e+04  |
| time/              |           |
|    episodes        | 216       |
|    fps             | 36        |
|    time_elapsed    | 5855      |
|    total_timesteps | 214345    |
| train/             |           |
|    actor_loss      | -1.07e+03 |
|    critic_loss     | 30.4      |
|    ent_coef        | 0.482     |
|    ent_coef_loss   | 0.0332    |
|    learning_rate   | 0.0003    |
|    n_updates       | 213344    |
----------------------------------
----------------------------------
| rollout/           |           |
|    ep_len_mean     | 998       |
|    ep_rew_mean     | 1.25e+04  |
| time/              |           |
|    episodes        | 220       |
|    fps             | 36        |
|    time_elapsed    | 5962      |
|    total_timesteps | 218345    |
| train/             |           |
|    actor_loss      | -1.19e+03 |
|    critic_loss     | 96.1      |
|    ent_coef        | 0.472     |
|    ent_coef_loss   | 0.111     |
|    learning_rate   | 0.0003    |
|    n_updates       | 217344    |
----------------------------------
----------------------------------
| rollout/           |           |
|    ep_len_mean     | 998       |
|    ep_rew_mean     | 1.28e+04  |
| time/              |           |
|    episodes        | 224       |
|    fps             | 36        |
|    time_elapsed    | 6069      |
|    total_timesteps | 222345    |
| train/             |           |
|    actor_loss      | -1.21e+03 |
|    critic_loss     | 112       |
|    ent_coef        | 0.436     |
|    ent_coef_loss   | -0.0505   |
|    learning_rate   | 0.0003    |
|    n_updates       | 221344    |
----------------------------------
----------------------------------
| rollout/           |           |
|    ep_len_mean     | 1e+03     |
|    ep_rew_mean     | 1.3e+04   |
| time/              |           |
|    episodes        | 228       |
|    fps             | 36        |
|    time_elapsed    | 6176      |
|    total_timesteps | 226345    |
| train/             |           |
|    actor_loss      | -1.32e+03 |
|    critic_loss     | 68.1      |
|    ent_coef        | 0.442     |
|    ent_coef_loss   | 0.294     |
|    learning_rate   | 0.0003    |
|    n_updates       | 225344    |
----------------------------------
----------------------------------
| rollout/           |           |
|    ep_len_mean     | 1e+03     |
|    ep_rew_mean     | 1.36e+04  |
| time/              |           |
|    episodes        | 232       |
|    fps             | 36        |
|    time_elapsed    | 6284      |
|    total_timesteps | 230345    |
| train/             |           |
|    actor_loss      | -1.34e+03 |
|    critic_loss     | 309       |
|    ent_coef        | 0.395     |
|    ent_coef_loss   | -0.0113   |
|    learning_rate   | 0.0003    |
|    n_updates       | 229344    |
----------------------------------
----------------------------------
| rollout/           |           |
|    ep_len_mean     | 1e+03     |
|    ep_rew_mean     | 1.46e+04  |
| time/              |           |
|    episodes        | 236       |
|    fps             | 36        |
|    time_elapsed    | 6391      |
|    total_timesteps | 234345    |
| train/             |           |
|    actor_loss      | -1.27e+03 |
|    critic_loss     | 145       |
|    ent_coef        | 0.394     |
|    ent_coef_loss   | 0.064     |
|    learning_rate   | 0.0003    |
|    n_updates       | 233344    |
----------------------------------
----------------------------------
| rollout/           |           |
|    ep_len_mean     | 1e+03     |
|    ep_rew_mean     | 1.53e+04  |
| time/              |           |
|    episodes        | 240       |
|    fps             | 36        |
|    time_elapsed    | 6499      |
|    total_timesteps | 238345    |
| train/             |           |
|    actor_loss      | -1.41e+03 |
|    critic_loss     | 88.3      |
|    ent_coef        | 0.512     |
|    ent_coef_loss   | 0.0105    |
|    learning_rate   | 0.0003    |
|    n_updates       | 237344    |
----------------------------------
----------------------------------
| rollout/           |           |
|    ep_len_mean     | 1e+03     |
|    ep_rew_mean     | 1.61e+04  |
| time/              |           |
|    episodes        | 244       |
|    fps             | 36        |
|    time_elapsed    | 6606      |
|    total_timesteps | 242345    |
| train/             |           |
|    actor_loss      | -1.39e+03 |
|    critic_loss     | 111       |
|    ent_coef        | 0.4       |
|    ent_coef_loss   | -0.245    |
|    learning_rate   | 0.0003    |
|    n_updates       | 241344    |
----------------------------------
----------------------------------
| rollout/           |           |
|    ep_len_mean     | 1e+03     |
|    ep_rew_mean     | 1.61e+04  |
| time/              |           |
|    episodes        | 248       |
|    fps             | 36        |
|    time_elapsed    | 6714      |
|    total_timesteps | 246345    |
| train/             |           |
|    actor_loss      | -1.48e+03 |
|    critic_loss     | 248       |
|    ent_coef        | 0.372     |
|    ent_coef_loss   | 0.233     |
|    learning_rate   | 0.0003    |
|    n_updates       | 245344    |
----------------------------------
----------------------------------
| rollout/           |           |
|    ep_len_mean     | 1e+03     |
|    ep_rew_mean     | 1.54e+04  |
| time/              |           |
|    episodes        | 252       |
|    fps             | 36        |
|    time_elapsed    | 6821      |
|    total_timesteps | 250345    |
| train/             |           |
|    actor_loss      | -1.37e+03 |
|    critic_loss     | 46.1      |
|    ent_coef        | 0.351     |
|    ent_coef_loss   | -0.237    |
|    learning_rate   | 0.0003    |
|    n_updates       | 249344    |
----------------------------------
----------------------------------
| rollout/           |           |
|    ep_len_mean     | 1e+03     |
|    ep_rew_mean     | 1.52e+04  |
| time/              |           |
|    episodes        | 256       |
|    fps             | 36        |
|    time_elapsed    | 6929      |
|    total_timesteps | 254345    |
| train/             |           |
|    actor_loss      | -1.36e+03 |
|    critic_loss     | 53.2      |
|    ent_coef        | 0.319     |
|    ent_coef_loss   | -0.246    |
|    learning_rate   | 0.0003    |
|    n_updates       | 253344    |
----------------------------------
----------------------------------
| rollout/           |           |
|    ep_len_mean     | 1e+03     |
|    ep_rew_mean     | 1.63e+04  |
| time/              |           |
|    episodes        | 260       |
|    fps             | 36        |
|    time_elapsed    | 7036      |
|    total_timesteps | 258345    |
| train/             |           |
|    actor_loss      | -1.45e+03 |
|    critic_loss     | 96        |
|    ent_coef        | 0.424     |
|    ent_coef_loss   | -0.21     |
|    learning_rate   | 0.0003    |
|    n_updates       | 257344    |
----------------------------------
----------------------------------
| rollout/           |           |
|    ep_len_mean     | 1e+03     |
|    ep_rew_mean     | 1.66e+04  |
| time/              |           |
|    episodes        | 264       |
|    fps             | 36        |
|    time_elapsed    | 7144      |
|    total_timesteps | 262345    |
| train/             |           |
|    actor_loss      | -1.49e+03 |
|    critic_loss     | 83.8      |
|    ent_coef        | 0.437     |
|    ent_coef_loss   | -0.103    |
|    learning_rate   | 0.0003    |
|    n_updates       | 261344    |
----------------------------------
----------------------------------
| rollout/           |           |
|    ep_len_mean     | 1e+03     |
|    ep_rew_mean     | 1.63e+04  |
| time/              |           |
|    episodes        | 268       |
|    fps             | 36        |
|    time_elapsed    | 7252      |
|    total_timesteps | 266345    |
| train/             |           |
|    actor_loss      | -1.42e+03 |
|    critic_loss     | 121       |
|    ent_coef        | 0.347     |
|    ent_coef_loss   | -0.317    |
|    learning_rate   | 0.0003    |
|    n_updates       | 265344    |
----------------------------------
----------------------------------
| rollout/           |           |
|    ep_len_mean     | 1e+03     |
|    ep_rew_mean     | 1.71e+04  |
| time/              |           |
|    episodes        | 272       |
|    fps             | 36        |
|    time_elapsed    | 7361      |
|    total_timesteps | 270345    |
| train/             |           |
|    actor_loss      | -1.63e+03 |
|    critic_loss     | 74        |
|    ent_coef        | 0.37      |
|    ent_coef_loss   | 0.621     |
|    learning_rate   | 0.0003    |
|    n_updates       | 269344    |
----------------------------------
----------------------------------
| rollout/           |           |
|    ep_len_mean     | 1e+03     |
|    ep_rew_mean     | 1.81e+04  |
| time/              |           |
|    episodes        | 276       |
|    fps             | 36        |
|    time_elapsed    | 7469      |
|    total_timesteps | 274345    |
| train/             |           |
|    actor_loss      | -1.58e+03 |
|    critic_loss     | 30.1      |
|    ent_coef        | 0.387     |
|    ent_coef_loss   | -0.16     |
|    learning_rate   | 0.0003    |
|    n_updates       | 273344    |
----------------------------------
----------------------------------
| rollout/           |           |
|    ep_len_mean     | 1e+03     |
|    ep_rew_mean     | 1.87e+04  |
| time/              |           |
|    episodes        | 280       |
|    fps             | 36        |
|    time_elapsed    | 7578      |
|    total_timesteps | 278345    |
| train/             |           |
|    actor_loss      | -1.71e+03 |
|    critic_loss     | 141       |
|    ent_coef        | 0.422     |
|    ent_coef_loss   | 0.409     |
|    learning_rate   | 0.0003    |
|    n_updates       | 277344    |
----------------------------------
----------------------------------
| rollout/           |           |
|    ep_len_mean     | 1e+03     |
|    ep_rew_mean     | 1.96e+04  |
| time/              |           |
|    episodes        | 284       |
|    fps             | 36        |
|    time_elapsed    | 7686      |
|    total_timesteps | 282345    |
| train/             |           |
|    actor_loss      | -1.69e+03 |
|    critic_loss     | 69.3      |
|    ent_coef        | 0.457     |
|    ent_coef_loss   | 0.145     |
|    learning_rate   | 0.0003    |
|    n_updates       | 281344    |
----------------------------------
----------------------------------
| rollout/           |           |
|    ep_len_mean     | 1e+03     |
|    ep_rew_mean     | 2.04e+04  |
| time/              |           |
|    episodes        | 288       |
|    fps             | 36        |
|    time_elapsed    | 7795      |
|    total_timesteps | 286345    |
| train/             |           |
|    actor_loss      | -1.69e+03 |
|    critic_loss     | 89.4      |
|    ent_coef        | 0.46      |
|    ent_coef_loss   | -0.027    |
|    learning_rate   | 0.0003    |
|    n_updates       | 285344    |
----------------------------------
----------------------------------
| rollout/           |           |
|    ep_len_mean     | 1e+03     |
|    ep_rew_mean     | 2.05e+04  |
| time/              |           |
|    episodes        | 292       |
|    fps             | 36        |
|    time_elapsed    | 7904      |
|    total_timesteps | 290345    |
| train/             |           |
|    actor_loss      | -1.95e+03 |
|    critic_loss     | 55.4      |
|    ent_coef        | 0.479     |
|    ent_coef_loss   | -0.0273   |
|    learning_rate   | 0.0003    |
|    n_updates       | 289344    |
----------------------------------
----------------------------------
| rollout/           |           |
|    ep_len_mean     | 1e+03     |
|    ep_rew_mean     | 2.06e+04  |
| time/              |           |
|    episodes        | 296       |
|    fps             | 36        |
|    time_elapsed    | 8012      |
|    total_timesteps | 294345    |
| train/             |           |
|    actor_loss      | -1.88e+03 |
|    critic_loss     | 62.3      |
|    ent_coef        | 0.487     |
|    ent_coef_loss   | -0.0602   |
|    learning_rate   | 0.0003    |
|    n_updates       | 293344    |
----------------------------------
----------------------------------
| rollout/           |           |
|    ep_len_mean     | 1e+03     |
|    ep_rew_mean     | 2.07e+04  |
| time/              |           |
|    episodes        | 300       |
|    fps             | 36        |
|    time_elapsed    | 8121      |
|    total_timesteps | 298345    |
| train/             |           |
|    actor_loss      | -1.71e+03 |
|    critic_loss     | 80.4      |
|    ent_coef        | 0.476     |
|    ent_coef_loss   | -0.188    |
|    learning_rate   | 0.0003    |
|    n_updates       | 297344    |
----------------------------------
----------------------------------
| rollout/           |           |
|    ep_len_mean     | 1e+03     |
|    ep_rew_mean     | 2.09e+04  |
| time/              |           |
|    episodes        | 304       |
|    fps             | 36        |
|    time_elapsed    | 8230      |
|    total_timesteps | 302345    |
| train/             |           |
|    actor_loss      | -1.89e+03 |
|    critic_loss     | 73.1      |
|    ent_coef        | 0.469     |
|    ent_coef_loss   | -0.067    |
|    learning_rate   | 0.0003    |
|    n_updates       | 301344    |
----------------------------------
----------------------------------
| rollout/           |           |
|    ep_len_mean     | 1e+03     |
|    ep_rew_mean     | 2.1e+04   |
| time/              |           |
|    episodes        | 308       |
|    fps             | 36        |
|    time_elapsed    | 8338      |
|    total_timesteps | 306345    |
| train/             |           |
|    actor_loss      | -1.93e+03 |
|    critic_loss     | 85.6      |
|    ent_coef        | 0.479     |
|    ent_coef_loss   | 0.227     |
|    learning_rate   | 0.0003    |
|    n_updates       | 305344    |
----------------------------------
----------------------------------
| rollout/           |           |
|    ep_len_mean     | 1e+03     |
|    ep_rew_mean     | 2.11e+04  |
| time/              |           |
|    episodes        | 312       |
|    fps             | 36        |
|    time_elapsed    | 8453      |
|    total_timesteps | 310345    |
| train/             |           |
|    actor_loss      | -1.84e+03 |
|    critic_loss     | 88.7      |
|    ent_coef        | 0.475     |
|    ent_coef_loss   | 0.359     |
|    learning_rate   | 0.0003    |
|    n_updates       | 309344    |
----------------------------------
----------------------------------
| rollout/           |           |
|    ep_len_mean     | 1e+03     |
|    ep_rew_mean     | 2.12e+04  |
| time/              |           |
|    episodes        | 316       |
|    fps             | 36        |
|    time_elapsed    | 8575      |
|    total_timesteps | 314345    |
| train/             |           |
|    actor_loss      | -1.84e+03 |
|    critic_loss     | 46.3      |
|    ent_coef        | 0.442     |
|    ent_coef_loss   | 0.165     |
|    learning_rate   | 0.0003    |
|    n_updates       | 313344    |
----------------------------------
----------------------------------
| rollout/           |           |
|    ep_len_mean     | 1e+03     |
|    ep_rew_mean     | 2.13e+04  |
| time/              |           |
|    episodes        | 320       |
|    fps             | 36        |
|    time_elapsed    | 8690      |
|    total_timesteps | 318345    |
| train/             |           |
|    actor_loss      | -1.86e+03 |
|    critic_loss     | 71.1      |
|    ent_coef        | 0.46      |
|    ent_coef_loss   | 0.191     |
|    learning_rate   | 0.0003    |
|    n_updates       | 317344    |
----------------------------------
----------------------------------
| rollout/           |           |
|    ep_len_mean     | 1e+03     |
|    ep_rew_mean     | 2.14e+04  |
| time/              |           |
|    episodes        | 324       |
|    fps             | 36        |
|    time_elapsed    | 8813      |
|    total_timesteps | 322345    |
| train/             |           |
|    actor_loss      | -1.89e+03 |
|    critic_loss     | 67.1      |
|    ent_coef        | 0.486     |
|    ent_coef_loss   | 0.0104    |
|    learning_rate   | 0.0003    |
|    n_updates       | 321344    |
----------------------------------
----------------------------------
| rollout/           |           |
|    ep_len_mean     | 1e+03     |
|    ep_rew_mean     | 2.15e+04  |
| time/              |           |
|    episodes        | 328       |
|    fps             | 36        |
|    time_elapsed    | 8936      |
|    total_timesteps | 326345    |
| train/             |           |
|    actor_loss      | -1.91e+03 |
|    critic_loss     | 177       |
|    ent_coef        | 0.422     |
|    ent_coef_loss   | 0.0545    |
|    learning_rate   | 0.0003    |
|    n_updates       | 325344    |
----------------------------------
---------------------------------
| rollout/           |          |
|    ep_len_mean     | 1e+03    |
|    ep_rew_mean     | 2.05e+04 |
| time/              |          |
|    episodes        | 332      |
|    fps             | 36       |
|    time_elapsed    | 9058     |
|    total_timesteps | 330345   |
| train/             |          |
|    actor_loss      | -1.8e+03 |
|    critic_loss     | 57.5     |
|    ent_coef        | 0.472    |
|    ent_coef_loss   | -0.385   |
|    learning_rate   | 0.0003   |
|    n_updates       | 329344   |
---------------------------------
----------------------------------
| rollout/           |           |
|    ep_len_mean     | 1e+03     |
|    ep_rew_mean     | 1.96e+04  |
| time/              |           |
|    episodes        | 336       |
|    fps             | 36        |
|    time_elapsed    | 9182      |
|    total_timesteps | 334345    |
| train/             |           |
|    actor_loss      | -2.05e+03 |
|    critic_loss     | 27.3      |
|    ent_coef        | 0.419     |
|    ent_coef_loss   | 0.168     |
|    learning_rate   | 0.0003    |
|    n_updates       | 333344    |
----------------------------------
----------------------------------
| rollout/           |           |
|    ep_len_mean     | 1e+03     |
|    ep_rew_mean     | 1.92e+04  |
| time/              |           |
|    episodes        | 340       |
|    fps             | 36        |
|    time_elapsed    | 9298      |
|    total_timesteps | 338345    |
| train/             |           |
|    actor_loss      | -1.94e+03 |
|    critic_loss     | 49.6      |
|    ent_coef        | 0.456     |
|    ent_coef_loss   | -0.0686   |
|    learning_rate   | 0.0003    |
|    n_updates       | 337344    |
----------------------------------
----------------------------------
| rollout/           |           |
|    ep_len_mean     | 1e+03     |
|    ep_rew_mean     | 1.94e+04  |
| time/              |           |
|    episodes        | 344       |
|    fps             | 36        |
|    time_elapsed    | 9407      |
|    total_timesteps | 342345    |
| train/             |           |
|    actor_loss      | -2.03e+03 |
|    critic_loss     | 38.7      |
|    ent_coef        | 0.486     |
|    ent_coef_loss   | -0.0179   |
|    learning_rate   | 0.0003    |
|    n_updates       | 341344    |
----------------------------------
----------------------------------
| rollout/           |           |
|    ep_len_mean     | 1e+03     |
|    ep_rew_mean     | 2.01e+04  |
| time/              |           |
|    episodes        | 348       |
|    fps             | 36        |
|    time_elapsed    | 9517      |
|    total_timesteps | 346345    |
| train/             |           |
|    actor_loss      | -2.11e+03 |
|    critic_loss     | 68.7      |
|    ent_coef        | 0.494     |
|    ent_coef_loss   | -0.13     |
|    learning_rate   | 0.0003    |
|    n_updates       | 345344    |
----------------------------------
----------------------------------
| rollout/           |           |
|    ep_len_mean     | 1e+03     |
|    ep_rew_mean     | 2.12e+04  |
| time/              |           |
|    episodes        | 352       |
|    fps             | 36        |
|    time_elapsed    | 9626      |
|    total_timesteps | 350345    |
| train/             |           |
|    actor_loss      | -2.08e+03 |
|    critic_loss     | 58        |
|    ent_coef        | 0.463     |
|    ent_coef_loss   | -0.188    |
|    learning_rate   | 0.0003    |
|    n_updates       | 349344    |
----------------------------------
----------------------------------
| rollout/           |           |
|    ep_len_mean     | 1e+03     |
|    ep_rew_mean     | 2.23e+04  |
| time/              |           |
|    episodes        | 356       |
|    fps             | 36        |
|    time_elapsed    | 9736      |
|    total_timesteps | 354345    |
| train/             |           |
|    actor_loss      | -1.94e+03 |
|    critic_loss     | 57.1      |
|    ent_coef        | 0.518     |
|    ent_coef_loss   | -0.0651   |
|    learning_rate   | 0.0003    |
|    n_updates       | 353344    |
----------------------------------
----------------------------------
| rollout/           |           |
|    ep_len_mean     | 1e+03     |
|    ep_rew_mean     | 2.24e+04  |
| time/              |           |
|    episodes        | 360       |
|    fps             | 36        |
|    time_elapsed    | 9845      |
|    total_timesteps | 358345    |
| train/             |           |
|    actor_loss      | -2.18e+03 |
|    critic_loss     | 40.6      |
|    ent_coef        | 0.453     |
|    ent_coef_loss   | 0.00589   |
|    learning_rate   | 0.0003    |
|    n_updates       | 357344    |
----------------------------------
----------------------------------
| rollout/           |           |
|    ep_len_mean     | 1e+03     |
|    ep_rew_mean     | 2.31e+04  |
| time/              |           |
|    episodes        | 364       |
|    fps             | 36        |
|    time_elapsed    | 9954      |
|    total_timesteps | 362345    |
| train/             |           |
|    actor_loss      | -2.24e+03 |
|    critic_loss     | 68.1      |
|    ent_coef        | 0.507     |
|    ent_coef_loss   | 0.00545   |
|    learning_rate   | 0.0003    |
|    n_updates       | 361344    |
----------------------------------
----------------------------------
| rollout/           |           |
|    ep_len_mean     | 1e+03     |
|    ep_rew_mean     | 2.43e+04  |
| time/              |           |
|    episodes        | 368       |
|    fps             | 36        |
|    time_elapsed    | 10064     |
|    total_timesteps | 366345    |
| train/             |           |
|    actor_loss      | -2.12e+03 |
|    critic_loss     | 57.4      |
|    ent_coef        | 0.521     |
|    ent_coef_loss   | -0.21     |
|    learning_rate   | 0.0003    |
|    n_updates       | 365344    |
----------------------------------
----------------------------------
| rollout/           |           |
|    ep_len_mean     | 1e+03     |
|    ep_rew_mean     | 2.47e+04  |
| time/              |           |
|    episodes        | 372       |
|    fps             | 36        |
|    time_elapsed    | 10174     |
|    total_timesteps | 370345    |
| train/             |           |
|    actor_loss      | -2.26e+03 |
|    critic_loss     | 67.9      |
|    ent_coef        | 0.509     |
|    ent_coef_loss   | -0.103    |
|    learning_rate   | 0.0003    |
|    n_updates       | 369344    |
----------------------------------
----------------------------------
| rollout/           |           |
|    ep_len_mean     | 1e+03     |
|    ep_rew_mean     | 2.48e+04  |
| time/              |           |
|    episodes        | 376       |
|    fps             | 36        |
|    time_elapsed    | 10283     |
|    total_timesteps | 374345    |
| train/             |           |
|    actor_loss      | -2.44e+03 |
|    critic_loss     | 52.9      |
|    ent_coef        | 0.518     |
|    ent_coef_loss   | -0.00661  |
|    learning_rate   | 0.0003    |
|    n_updates       | 373344    |
----------------------------------
---------------------------------
| rollout/           |          |
|    ep_len_mean     | 1e+03    |
|    ep_rew_mean     | 2.49e+04 |
| time/              |          |
|    episodes        | 380      |
|    fps             | 36       |
|    time_elapsed    | 10395    |
|    total_timesteps | 378345   |
| train/             |          |
|    actor_loss      | -2.5e+03 |
|    critic_loss     | 59.5     |
|    ent_coef        | 0.511    |
|    ent_coef_loss   | 0.133    |
|    learning_rate   | 0.0003   |
|    n_updates       | 377344   |
---------------------------------
----------------------------------
| rollout/           |           |
|    ep_len_mean     | 1e+03     |
|    ep_rew_mean     | 2.51e+04  |
| time/              |           |
|    episodes        | 384       |
|    fps             | 36        |
|    time_elapsed    | 10506     |
|    total_timesteps | 382345    |
| train/             |           |
|    actor_loss      | -2.45e+03 |
|    critic_loss     | 33.7      |
|    ent_coef        | 0.521     |
|    ent_coef_loss   | -0.112    |
|    learning_rate   | 0.0003    |
|    n_updates       | 381344    |
----------------------------------
----------------------------------
| rollout/           |           |
|    ep_len_mean     | 1e+03     |
|    ep_rew_mean     | 2.52e+04  |
| time/              |           |
|    episodes        | 388       |
|    fps             | 36        |
|    time_elapsed    | 10619     |
|    total_timesteps | 386345    |
| train/             |           |
|    actor_loss      | -2.42e+03 |
|    critic_loss     | 53.8      |
|    ent_coef        | 0.531     |
|    ent_coef_loss   | -0.0998   |
|    learning_rate   | 0.0003    |
|    n_updates       | 385344    |
----------------------------------
----------------------------------
| rollout/           |           |
|    ep_len_mean     | 1e+03     |
|    ep_rew_mean     | 2.54e+04  |
| time/              |           |
|    episodes        | 392       |
|    fps             | 36        |
|    time_elapsed    | 10732     |
|    total_timesteps | 390345    |
| train/             |           |
|    actor_loss      | -2.42e+03 |
|    critic_loss     | 10.6      |
|    ent_coef        | 0.553     |
|    ent_coef_loss   | 0.0169    |
|    learning_rate   | 0.0003    |
|    n_updates       | 389344    |
----------------------------------
----------------------------------
| rollout/           |           |
|    ep_len_mean     | 1e+03     |
|    ep_rew_mean     | 2.55e+04  |
| time/              |           |
|    episodes        | 396       |
|    fps             | 36        |
|    time_elapsed    | 10844     |
|    total_timesteps | 394345    |
| train/             |           |
|    actor_loss      | -2.45e+03 |
|    critic_loss     | 25.2      |
|    ent_coef        | 0.531     |
|    ent_coef_loss   | -0.239    |
|    learning_rate   | 0.0003    |
|    n_updates       | 393344    |
----------------------------------
----------------------------------
| rollout/           |           |
|    ep_len_mean     | 1e+03     |
|    ep_rew_mean     | 2.57e+04  |
| time/              |           |
|    episodes        | 400       |
|    fps             | 36        |
|    time_elapsed    | 10957     |
|    total_timesteps | 398345    |
| train/             |           |
|    actor_loss      | -2.46e+03 |
|    critic_loss     | 16.8      |
|    ent_coef        | 0.521     |
|    ent_coef_loss   | -0.0066   |
|    learning_rate   | 0.0003    |
|    n_updates       | 397344    |
----------------------------------
----------------------------------
| rollout/           |           |
|    ep_len_mean     | 1e+03     |
|    ep_rew_mean     | 2.58e+04  |
| time/              |           |
|    episodes        | 404       |
|    fps             | 36        |
|    time_elapsed    | 11069     |
|    total_timesteps | 402345    |
| train/             |           |
|    actor_loss      | -2.44e+03 |
|    critic_loss     | 26.1      |
|    ent_coef        | 0.512     |
|    ent_coef_loss   | -0.0392   |
|    learning_rate   | 0.0003    |
|    n_updates       | 401344    |
----------------------------------
----------------------------------
| rollout/           |           |
|    ep_len_mean     | 1e+03     |
|    ep_rew_mean     | 2.58e+04  |
| time/              |           |
|    episodes        | 408       |
|    fps             | 36        |
|    time_elapsed    | 11180     |
|    total_timesteps | 406345    |
| train/             |           |
|    actor_loss      | -2.46e+03 |
|    critic_loss     | 19.2      |
|    ent_coef        | 0.512     |
|    ent_coef_loss   | -0.253    |
|    learning_rate   | 0.0003    |
|    n_updates       | 405344    |
----------------------------------
----------------------------------
| rollout/           |           |
|    ep_len_mean     | 1e+03     |
|    ep_rew_mean     | 2.59e+04  |
| time/              |           |
|    episodes        | 412       |
|    fps             | 36        |
|    time_elapsed    | 11296     |
|    total_timesteps | 410345    |
| train/             |           |
|    actor_loss      | -2.58e+03 |
|    critic_loss     | 28.4      |
|    ent_coef        | 0.49      |
|    ent_coef_loss   | 0.151     |
|    learning_rate   | 0.0003    |
|    n_updates       | 409344    |
----------------------------------
----------------------------------
| rollout/           |           |
|    ep_len_mean     | 1e+03     |
|    ep_rew_mean     | 2.6e+04   |
| time/              |           |
|    episodes        | 416       |
|    fps             | 36        |
|    time_elapsed    | 11410     |
|    total_timesteps | 414345    |
| train/             |           |
|    actor_loss      | -2.5e+03  |
|    critic_loss     | 20.7      |
|    ent_coef        | 0.481     |
|    ent_coef_loss   | -0.000711 |
|    learning_rate   | 0.0003    |
|    n_updates       | 413344    |
----------------------------------
----------------------------------
| rollout/           |           |
|    ep_len_mean     | 1e+03     |
|    ep_rew_mean     | 2.61e+04  |
| time/              |           |
|    episodes        | 420       |
|    fps             | 36        |
|    time_elapsed    | 11522     |
|    total_timesteps | 418345    |
| train/             |           |
|    actor_loss      | -2.43e+03 |
|    critic_loss     | 28.9      |
|    ent_coef        | 0.452     |
|    ent_coef_loss   | 0.174     |
|    learning_rate   | 0.0003    |
|    n_updates       | 417344    |
----------------------------------
----------------------------------
| rollout/           |           |
|    ep_len_mean     | 1e+03     |
|    ep_rew_mean     | 2.62e+04  |
| time/              |           |
|    episodes        | 424       |
|    fps             | 36        |
|    time_elapsed    | 11634     |
|    total_timesteps | 422345    |
| train/             |           |
|    actor_loss      | -2.53e+03 |
|    critic_loss     | 15.8      |
|    ent_coef        | 0.425     |
|    ent_coef_loss   | 0.105     |
|    learning_rate   | 0.0003    |
|    n_updates       | 421344    |
----------------------------------
----------------------------------
| rollout/           |           |
|    ep_len_mean     | 1e+03     |
|    ep_rew_mean     | 2.62e+04  |
| time/              |           |
|    episodes        | 428       |
|    fps             | 36        |
|    time_elapsed    | 11746     |
|    total_timesteps | 426345    |
| train/             |           |
|    actor_loss      | -2.69e+03 |
|    critic_loss     | 12.7      |
|    ent_coef        | 0.464     |
|    ent_coef_loss   | 0.0913    |
|    learning_rate   | 0.0003    |
|    n_updates       | 425344    |
----------------------------------
----------------------------------
| rollout/           |           |
|    ep_len_mean     | 1e+03     |
|    ep_rew_mean     | 2.74e+04  |
| time/              |           |
|    episodes        | 432       |
|    fps             | 36        |
|    time_elapsed    | 11857     |
|    total_timesteps | 430345    |
| train/             |           |
|    actor_loss      | -2.64e+03 |
|    critic_loss     | 13.5      |
|    ent_coef        | 0.419     |
|    ent_coef_loss   | 0.0151    |
|    learning_rate   | 0.0003    |
|    n_updates       | 429344    |
----------------------------------
----------------------------------
| rollout/           |           |
|    ep_len_mean     | 1e+03     |
|    ep_rew_mean     | 2.85e+04  |
| time/              |           |
|    episodes        | 436       |
|    fps             | 36        |
|    time_elapsed    | 11969     |
|    total_timesteps | 434345    |
| train/             |           |
|    actor_loss      | -2.62e+03 |
|    critic_loss     | 15        |
|    ent_coef        | 0.408     |
|    ent_coef_loss   | 0.000228  |
|    learning_rate   | 0.0003    |
|    n_updates       | 433344    |
----------------------------------
----------------------------------
| rollout/           |           |
|    ep_len_mean     | 1e+03     |
|    ep_rew_mean     | 2.9e+04   |
| time/              |           |
|    episodes        | 440       |
|    fps             | 36        |
|    time_elapsed    | 12080     |
|    total_timesteps | 438345    |
| train/             |           |
|    actor_loss      | -2.55e+03 |
|    critic_loss     | 24.8      |
|    ent_coef        | 0.433     |
|    ent_coef_loss   | 0.358     |
|    learning_rate   | 0.0003    |
|    n_updates       | 437344    |
----------------------------------
---------------------------------
| rollout/           |          |
|    ep_len_mean     | 1e+03    |
|    ep_rew_mean     | 2.91e+04 |
| time/              |          |
|    episodes        | 444      |
|    fps             | 36       |
|    time_elapsed    | 12192    |
|    total_timesteps | 442345   |
| train/             |          |
|    actor_loss      | -2.6e+03 |
|    critic_loss     | 19.7     |
|    ent_coef        | 0.428    |
|    ent_coef_loss   | -0.053   |
|    learning_rate   | 0.0003   |
|    n_updates       | 441344   |
---------------------------------
----------------------------------
| rollout/           |           |
|    ep_len_mean     | 1e+03     |
|    ep_rew_mean     | 2.91e+04  |
| time/              |           |
|    episodes        | 448       |
|    fps             | 36        |
|    time_elapsed    | 12303     |
|    total_timesteps | 446345    |
| train/             |           |
|    actor_loss      | -2.63e+03 |
|    critic_loss     | 23.5      |
|    ent_coef        | 0.385     |
|    ent_coef_loss   | 0.0925    |
|    learning_rate   | 0.0003    |
|    n_updates       | 445344    |
----------------------------------
----------------------------------
| rollout/           |           |
|    ep_len_mean     | 993       |
|    ep_rew_mean     | 2.89e+04  |
| time/              |           |
|    episodes        | 452       |
|    fps             | 36        |
|    time_elapsed    | 12395     |
|    total_timesteps | 449634    |
| train/             |           |
|    actor_loss      | -2.73e+03 |
|    critic_loss     | 14.2      |
|    ent_coef        | 0.369     |
|    ent_coef_loss   | -0.306    |
|    learning_rate   | 0.0003    |
|    n_updates       | 448633    |
----------------------------------
----------------------------------
| rollout/           |           |
|    ep_len_mean     | 993       |
|    ep_rew_mean     | 2.89e+04  |
| time/              |           |
|    episodes        | 456       |
|    fps             | 36        |
|    time_elapsed    | 12507     |
|    total_timesteps | 453634    |
| train/             |           |
|    actor_loss      | -2.61e+03 |
|    critic_loss     | 11.7      |
|    ent_coef        | 0.393     |
|    ent_coef_loss   | -0.144    |
|    learning_rate   | 0.0003    |
|    n_updates       | 452633    |
----------------------------------
----------------------------------
| rollout/           |           |
|    ep_len_mean     | 993       |
|    ep_rew_mean     | 2.9e+04   |
| time/              |           |
|    episodes        | 460       |
|    fps             | 36        |
|    time_elapsed    | 12622     |
|    total_timesteps | 457634    |
| train/             |           |
|    actor_loss      | -2.72e+03 |
|    critic_loss     | 11.4      |
|    ent_coef        | 0.38      |
|    ent_coef_loss   | -0.186    |
|    learning_rate   | 0.0003    |
|    n_updates       | 456633    |
----------------------------------
----------------------------------
| rollout/           |           |
|    ep_len_mean     | 993       |
|    ep_rew_mean     | 2.9e+04   |
| time/              |           |
|    episodes        | 464       |
|    fps             | 36        |
|    time_elapsed    | 12738     |
|    total_timesteps | 461634    |
| train/             |           |
|    actor_loss      | -2.85e+03 |
|    critic_loss     | 15.9      |
|    ent_coef        | 0.398     |
|    ent_coef_loss   | -0.0469   |
|    learning_rate   | 0.0003    |
|    n_updates       | 460633    |
----------------------------------
----------------------------------
| rollout/           |           |
|    ep_len_mean     | 989       |
|    ep_rew_mean     | 2.89e+04  |
| time/              |           |
|    episodes        | 468       |
|    fps             | 36        |
|    time_elapsed    | 12844     |
|    total_timesteps | 465215    |
| train/             |           |
|    actor_loss      | -2.94e+03 |
|    critic_loss     | 6.5       |
|    ent_coef        | 0.362     |
|    ent_coef_loss   | 0.033     |
|    learning_rate   | 0.0003    |
|    n_updates       | 464214    |
----------------------------------
----------------------------------
| rollout/           |           |
|    ep_len_mean     | 989       |
|    ep_rew_mean     | 2.89e+04  |
| time/              |           |
|    episodes        | 472       |
|    fps             | 36        |
|    time_elapsed    | 12957     |
|    total_timesteps | 469215    |
| train/             |           |
|    actor_loss      | -2.86e+03 |
|    critic_loss     | 22.2      |
|    ent_coef        | 0.357     |
|    ent_coef_loss   | 0.186     |
|    learning_rate   | 0.0003    |
|    n_updates       | 468214    |
----------------------------------
----------------------------------
| rollout/           |           |
|    ep_len_mean     | 989       |
|    ep_rew_mean     | 2.89e+04  |
| time/              |           |
|    episodes        | 476       |
|    fps             | 36        |
|    time_elapsed    | 13076     |
|    total_timesteps | 473215    |
| train/             |           |
|    actor_loss      | -2.74e+03 |
|    critic_loss     | 9.74      |
|    ent_coef        | 0.377     |
|    ent_coef_loss   | -0.142    |
|    learning_rate   | 0.0003    |
|    n_updates       | 472214    |
----------------------------------
----------------------------------
| rollout/           |           |
|    ep_len_mean     | 989       |
|    ep_rew_mean     | 2.9e+04   |
| time/              |           |
|    episodes        | 480       |
|    fps             | 36        |
|    time_elapsed    | 13192     |
|    total_timesteps | 477215    |
| train/             |           |
|    actor_loss      | -2.98e+03 |
|    critic_loss     | 13.5      |
|    ent_coef        | 0.362     |
|    ent_coef_loss   | 0.0432    |
|    learning_rate   | 0.0003    |
|    n_updates       | 476214    |
----------------------------------
----------------------------------
| rollout/           |           |
|    ep_len_mean     | 982       |
|    ep_rew_mean     | 2.88e+04  |
| time/              |           |
|    episodes        | 484       |
|    fps             | 36        |
|    time_elapsed    | 13290     |
|    total_timesteps | 480568    |
| train/             |           |
|    actor_loss      | -2.93e+03 |
|    critic_loss     | 13.2      |
|    ent_coef        | 0.39      |
|    ent_coef_loss   | 0.26      |
|    learning_rate   | 0.0003    |
|    n_updates       | 479567    |
----------------------------------
----------------------------------
| rollout/           |           |
|    ep_len_mean     | 982       |
|    ep_rew_mean     | 2.88e+04  |
| time/              |           |
|    episodes        | 488       |
|    fps             | 36        |
|    time_elapsed    | 13405     |
|    total_timesteps | 484568    |
| train/             |           |
|    actor_loss      | -2.93e+03 |
|    critic_loss     | 30.2      |
|    ent_coef        | 0.385     |
|    ent_coef_loss   | -0.00835  |
|    learning_rate   | 0.0003    |
|    n_updates       | 483567    |
----------------------------------
----------------------------------
| rollout/           |           |
|    ep_len_mean     | 982       |
|    ep_rew_mean     | 2.81e+04  |
| time/              |           |
|    episodes        | 492       |
|    fps             | 36        |
|    time_elapsed    | 13523     |
|    total_timesteps | 488568    |
| train/             |           |
|    actor_loss      | -2.92e+03 |
|    critic_loss     | 14.2      |
|    ent_coef        | 0.38      |
|    ent_coef_loss   | 0.0392    |
|    learning_rate   | 0.0003    |
|    n_updates       | 487567    |
----------------------------------
----------------------------------
| rollout/           |           |
|    ep_len_mean     | 982       |
|    ep_rew_mean     | 2.8e+04   |
| time/              |           |
|    episodes        | 496       |
|    fps             | 36        |
|    time_elapsed    | 13638     |
|    total_timesteps | 492568    |
| train/             |           |
|    actor_loss      | -2.84e+03 |
|    critic_loss     | 18.9      |
|    ent_coef        | 0.37      |
|    ent_coef_loss   | 0.205     |
|    learning_rate   | 0.0003    |
|    n_updates       | 491567    |
----------------------------------
----------------------------------
| rollout/           |           |
|    ep_len_mean     | 977       |
|    ep_rew_mean     | 2.71e+04  |
| time/              |           |
|    episodes        | 500       |
|    fps             | 36        |
|    time_elapsed    | 13736     |
|    total_timesteps | 496031    |
| train/             |           |
|    actor_loss      | -2.91e+03 |
|    critic_loss     | 16.6      |
|    ent_coef        | 0.351     |
|    ent_coef_loss   | 0.0664    |
|    learning_rate   | 0.0003    |
|    n_updates       | 495030    |
----------------------------------
[2026-06-21T21:52:46] Training complete in 13844.6s
[2026-06-21T21:52:46] Episodes: 503
[2026-06-21T21:52:46] Best reward: 29983.05
[2026-06-21T21:52:46] Mean reward (100ep): 26277.80
[2026-06-21T21:52:46] Final goal tolerance: 0.6
[2026-06-21T21:52:46] Curriculum stage: 0
[2026-06-21T21:52:46] Saved: {'model': 'C:\\Users\\ranjo\\OneDrive\\Desktop\\ARM-Model\\project_assets\\outputs\\Parallel_Seeds\\seed_02\\sac_model', 'history': 'C:\\Users\\ranjo\\OneDrive\\Desktop\\ARM-Model\\project_assets\\outputs\\Parallel_Seeds\\seed_02\\training_history.csv', 'stats': 'C:\\Users\\ranjo\\OneDrive\\Desktop\\ARM-Model\\project_assets\\outputs\\Parallel_Seeds\\seed_02\\training_stats.json'}
[2026-06-21T21:52:46] Running Fitts' Law sweep (10 trials per condition)...
[2026-06-21T21:53:27] Fitts sweep complete in 41.3s
[2026-06-21T21:53:27] Fitts: MT = -0.0481 + +0.1400 * ID, R^2 = 1.0000 (n_conditions = 2, trials_per_condition = 10)
[2026-06-21T21:53:28] Saved: C:\Users\ranjo\OneDrive\Desktop\ARM-Model\project_assets\outputs\Parallel_Seeds\seed_02\fitts_law.json
[2026-06-21T21:53:28] Saved: C:\Users\ranjo\OneDrive\Desktop\ARM-Model\project_assets\outputs\Parallel_Seeds\seed_02\fitts_law.png
[2026-06-21T21:53:28] Running 2/3 Power Law sweep (20 trials)...
[2026-06-21T21:53:30] Power Law sweep complete in 2.4s
[2026-06-21T21:53:30] Power Law: log V = +0.0262 + -0.2863 * log C, R = -0.2500, R^2 = 0.0625 (n_samples = 3685, n_trials = 0/20)
[2026-06-21T21:53:30] Saved: C:\Users\ranjo\OneDrive\Desktop\ARM-Model\project_assets\outputs\Parallel_Seeds\seed_02\power_law.json
[2026-06-21T21:53:30] Saved: C:\Users\ranjo\OneDrive\Desktop\ARM-Model\project_assets\outputs\Parallel_Seeds\seed_02\power_law.png
[2026-06-21T21:53:30] Session complete. Total wall time: 3:51:29.975915
[2026-06-21T21:53:30] ============================================================
