[2026-06-23T13:23:26] Starting Fischer session: algorithm=SAC, timesteps=500,000, direction=EAST, actuation=muscle, waypoints=[[2.5, 0.8], [0.2, 1.1], [1.8, -1.3]]
[2026-06-23T13:23:26] Save dir: C:\Users\ranjo\OneDrive\Desktop\ARM-Model\project_assets\outputs\Parallel_Seeds\seed_011
[2026-06-23T13:23:26] Waypoint mode active: 3 waypoints, current_waypoint_index=0 at every episode reset
Using cpu device
Wrapping the env with a `Monitor` wrapper
Wrapping the env in a DummyVecEnv.
[HoldCurriculum] Initial hold requirement: 10 steps (ladder: [10, 15, 20], threshold: 60%)
----------------------------------
| rollout/           |           |
|    ep_len_mean     | 1e+03     |
|    ep_rew_mean     | -6.44e+03 |
| time/              |           |
|    episodes        | 4         |
|    fps             | 120       |
|    time_elapsed    | 33        |
|    total_timesteps | 4000      |
| train/             |           |
|    actor_loss      | 62.5      |
|    critic_loss     | 36.6      |
|    ent_coef        | 0.411     |
|    ent_coef_loss   | -5.57     |
|    learning_rate   | 0.0003    |
|    n_updates       | 2999      |
----------------------------------
----------------------------------
| rollout/           |           |
|    ep_len_mean     | 1e+03     |
|    ep_rew_mean     | -4.94e+03 |
| time/              |           |
|    episodes        | 8         |
|    fps             | 102       |
|    time_elapsed    | 78        |
|    total_timesteps | 8000      |
| train/             |           |
|    actor_loss      | 102       |
|    critic_loss     | 11.8      |
|    ent_coef        | 0.146     |
|    ent_coef_loss   | -6.47     |
|    learning_rate   | 0.0003    |
|    n_updates       | 6999      |
----------------------------------
----------------------------------
| rollout/           |           |
|    ep_len_mean     | 1e+03     |
|    ep_rew_mean     | -4.21e+03 |
| time/              |           |
|    episodes        | 12        |
|    fps             | 98        |
|    time_elapsed    | 122       |
|    total_timesteps | 12000     |
| train/             |           |
|    actor_loss      | 103       |
|    critic_loss     | 9.18      |
|    ent_coef        | 0.141     |
|    ent_coef_loss   | 1.96      |
|    learning_rate   | 0.0003    |
|    n_updates       | 10999     |
----------------------------------
----------------------------------
| rollout/           |           |
|    ep_len_mean     | 1e+03     |
|    ep_rew_mean     | -3.57e+03 |
| time/              |           |
|    episodes        | 16        |
|    fps             | 95        |
|    time_elapsed    | 166       |
|    total_timesteps | 16000     |
| train/             |           |
|    actor_loss      | 74        |
|    critic_loss     | 17.2      |
|    ent_coef        | 0.3       |
|    ent_coef_loss   | -0.176    |
|    learning_rate   | 0.0003    |
|    n_updates       | 14999     |
----------------------------------
----------------------------------
| rollout/           |           |
|    ep_len_mean     | 1e+03     |
|    ep_rew_mean     | -3.33e+03 |
| time/              |           |
|    episodes        | 20        |
|    fps             | 94        |
|    time_elapsed    | 211       |
|    total_timesteps | 20000     |
| train/             |           |
|    actor_loss      | 28.3      |
|    critic_loss     | 36.4      |
|    ent_coef        | 0.275     |
|    ent_coef_loss   | 0.368     |
|    learning_rate   | 0.0003    |
|    n_updates       | 18999     |
----------------------------------
----------------------------------
| rollout/           |           |
|    ep_len_mean     | 1e+03     |
|    ep_rew_mean     | -3.05e+03 |
| time/              |           |
|    episodes        | 24        |
|    fps             | 93        |
|    time_elapsed    | 255       |
|    total_timesteps | 24000     |
| train/             |           |
|    actor_loss      | -1.4      |
|    critic_loss     | 134       |
|    ent_coef        | 0.442     |
|    ent_coef_loss   | -0.324    |
|    learning_rate   | 0.0003    |
|    n_updates       | 22999     |
----------------------------------
----------------------------------
| rollout/           |           |
|    ep_len_mean     | 1e+03     |
|    ep_rew_mean     | -3.08e+03 |
| time/              |           |
|    episodes        | 28        |
|    fps             | 93        |
|    time_elapsed    | 299       |
|    total_timesteps | 28000     |
| train/             |           |
|    actor_loss      | -86.7     |
|    critic_loss     | 108       |
|    ent_coef        | 0.576     |
|    ent_coef_loss   | 0.368     |
|    learning_rate   | 0.0003    |
|    n_updates       | 26999     |
----------------------------------
----------------------------------
| rollout/           |           |
|    ep_len_mean     | 1e+03     |
|    ep_rew_mean     | -2.91e+03 |
| time/              |           |
|    episodes        | 32        |
|    fps             | 93        |
|    time_elapsed    | 343       |
|    total_timesteps | 32000     |
| train/             |           |
|    actor_loss      | -120      |
|    critic_loss     | 55.4      |
|    ent_coef        | 0.594     |
|    ent_coef_loss   | 0.0822    |
|    learning_rate   | 0.0003    |
|    n_updates       | 30999     |
----------------------------------
----------------------------------
| rollout/           |           |
|    ep_len_mean     | 1e+03     |
|    ep_rew_mean     | -2.81e+03 |
| time/              |           |
|    episodes        | 36        |
|    fps             | 92        |
|    time_elapsed    | 388       |
|    total_timesteps | 36000     |
| train/             |           |
|    actor_loss      | -163      |
|    critic_loss     | 151       |
|    ent_coef        | 0.686     |
|    ent_coef_loss   | -0.0518   |
|    learning_rate   | 0.0003    |
|    n_updates       | 34999     |
----------------------------------
----------------------------------
| rollout/           |           |
|    ep_len_mean     | 1e+03     |
|    ep_rew_mean     | -2.68e+03 |
| time/              |           |
|    episodes        | 40        |
|    fps             | 92        |
|    time_elapsed    | 432       |
|    total_timesteps | 40000     |
| train/             |           |
|    actor_loss      | -223      |
|    critic_loss     | 268       |
|    ent_coef        | 0.664     |
|    ent_coef_loss   | 0.0544    |
|    learning_rate   | 0.0003    |
|    n_updates       | 38999     |
----------------------------------
----------------------------------
| rollout/           |           |
|    ep_len_mean     | 1e+03     |
|    ep_rew_mean     | -2.54e+03 |
| time/              |           |
|    episodes        | 44        |
|    fps             | 92        |
|    time_elapsed    | 477       |
|    total_timesteps | 44000     |
| train/             |           |
|    actor_loss      | -250      |
|    critic_loss     | 37.1      |
|    ent_coef        | 0.517     |
|    ent_coef_loss   | -0.0602   |
|    learning_rate   | 0.0003    |
|    n_updates       | 42999     |
----------------------------------
----------------------------------
| rollout/           |           |
|    ep_len_mean     | 1e+03     |
|    ep_rew_mean     | -2.41e+03 |
| time/              |           |
|    episodes        | 48        |
|    fps             | 91        |
|    time_elapsed    | 521       |
|    total_timesteps | 48000     |
| train/             |           |
|    actor_loss      | -235      |
|    critic_loss     | 57.8      |
|    ent_coef        | 0.473     |
|    ent_coef_loss   | 0.181     |
|    learning_rate   | 0.0003    |
|    n_updates       | 46999     |
----------------------------------
----------------------------------
| rollout/           |           |
|    ep_len_mean     | 1e+03     |
|    ep_rew_mean     | -2.35e+03 |
| time/              |           |
|    episodes        | 52        |
|    fps             | 91        |
|    time_elapsed    | 567       |
|    total_timesteps | 52000     |
| train/             |           |
|    actor_loss      | -222      |
|    critic_loss     | 160       |
|    ent_coef        | 0.482     |
|    ent_coef_loss   | 0.279     |
|    learning_rate   | 0.0003    |
|    n_updates       | 50999     |
----------------------------------
----------------------------------
| rollout/           |           |
|    ep_len_mean     | 1e+03     |
|    ep_rew_mean     | -2.22e+03 |
| time/              |           |
|    episodes        | 56        |
|    fps             | 91        |
|    time_elapsed    | 612       |
|    total_timesteps | 56000     |
| train/             |           |
|    actor_loss      | -214      |
|    critic_loss     | 24.6      |
|    ent_coef        | 0.487     |
|    ent_coef_loss   | -0.207    |
|    learning_rate   | 0.0003    |
|    n_updates       | 54999     |
----------------------------------
----------------------------------
| rollout/           |           |
|    ep_len_mean     | 1e+03     |
|    ep_rew_mean     | -2.11e+03 |
| time/              |           |
|    episodes        | 60        |
|    fps             | 91        |
|    time_elapsed    | 657       |
|    total_timesteps | 60000     |
| train/             |           |
|    actor_loss      | -229      |
|    critic_loss     | 22.6      |
|    ent_coef        | 0.486     |
|    ent_coef_loss   | -0.0616   |
|    learning_rate   | 0.0003    |
|    n_updates       | 58999     |
----------------------------------
----------------------------------
| rollout/           |           |
|    ep_len_mean     | 1e+03     |
|    ep_rew_mean     | -2.02e+03 |
| time/              |           |
|    episodes        | 64        |
|    fps             | 91        |
|    time_elapsed    | 703       |
|    total_timesteps | 64000     |
| train/             |           |
|    actor_loss      | -250      |
|    critic_loss     | 22.2      |
|    ent_coef        | 0.485     |
|    ent_coef_loss   | 0.055     |
|    learning_rate   | 0.0003    |
|    n_updates       | 62999     |
----------------------------------
----------------------------------
| rollout/           |           |
|    ep_len_mean     | 1e+03     |
|    ep_rew_mean     | -1.98e+03 |
| time/              |           |
|    episodes        | 68        |
|    fps             | 90        |
|    time_elapsed    | 749       |
|    total_timesteps | 68000     |
| train/             |           |
|    actor_loss      | -266      |
|    critic_loss     | 95.4      |
|    ent_coef        | 0.492     |
|    ent_coef_loss   | 0.0536    |
|    learning_rate   | 0.0003    |
|    n_updates       | 66999     |
----------------------------------
---------------------------------
| rollout/           |          |
|    ep_len_mean     | 1e+03    |
|    ep_rew_mean     | -1.9e+03 |
| time/              |          |
|    episodes        | 72       |
|    fps             | 90       |
|    time_elapsed    | 794      |
|    total_timesteps | 72000    |
| train/             |          |
|    actor_loss      | -271     |
|    critic_loss     | 15.8     |
|    ent_coef        | 0.376    |
|    ent_coef_loss   | -0.33    |
|    learning_rate   | 0.0003   |
|    n_updates       | 70999    |
---------------------------------
----------------------------------
| rollout/           |           |
|    ep_len_mean     | 1e+03     |
|    ep_rew_mean     | -1.82e+03 |
| time/              |           |
|    episodes        | 76        |
|    fps             | 90        |
|    time_elapsed    | 840       |
|    total_timesteps | 76000     |
| train/             |           |
|    actor_loss      | -242      |
|    critic_loss     | 91.7      |
|    ent_coef        | 0.329     |
|    ent_coef_loss   | 0.331     |
|    learning_rate   | 0.0003    |
|    n_updates       | 74999     |
----------------------------------
----------------------------------
| rollout/           |           |
|    ep_len_mean     | 1e+03     |
|    ep_rew_mean     | -1.75e+03 |
| time/              |           |
|    episodes        | 80        |
|    fps             | 90        |
|    time_elapsed    | 886       |
|    total_timesteps | 80000     |
| train/             |           |
|    actor_loss      | -243      |
|    critic_loss     | 18.7      |
|    ent_coef        | 0.282     |
|    ent_coef_loss   | 0.22      |
|    learning_rate   | 0.0003    |
|    n_updates       | 78999     |
----------------------------------
----------------------------------
| rollout/           |           |
|    ep_len_mean     | 1e+03     |
|    ep_rew_mean     | -1.69e+03 |
| time/              |           |
|    episodes        | 84        |
|    fps             | 90        |
|    time_elapsed    | 933       |
|    total_timesteps | 84000     |
| train/             |           |
|    actor_loss      | -256      |
|    critic_loss     | 14.7      |
|    ent_coef        | 0.274     |
|    ent_coef_loss   | 0.197     |
|    learning_rate   | 0.0003    |
|    n_updates       | 82999     |
----------------------------------
----------------------------------
| rollout/           |           |
|    ep_len_mean     | 1e+03     |
|    ep_rew_mean     | -1.65e+03 |
| time/              |           |
|    episodes        | 88        |
|    fps             | 89        |
|    time_elapsed    | 979       |
|    total_timesteps | 88000     |
| train/             |           |
|    actor_loss      | -236      |
|    critic_loss     | 9.63      |
|    ent_coef        | 0.334     |
|    ent_coef_loss   | -0.299    |
|    learning_rate   | 0.0003    |
|    n_updates       | 86999     |
----------------------------------
---------------------------------
| rollout/           |          |
|    ep_len_mean     | 1e+03    |
|    ep_rew_mean     | -1.6e+03 |
| time/              |          |
|    episodes        | 92       |
|    fps             | 89       |
|    time_elapsed    | 1025     |
|    total_timesteps | 92000    |
| train/             |          |
|    actor_loss      | -277     |
|    critic_loss     | 12.2     |
|    ent_coef        | 0.264    |
|    ent_coef_loss   | -0.287   |
|    learning_rate   | 0.0003   |
|    n_updates       | 90999    |
---------------------------------
----------------------------------
| rollout/           |           |
|    ep_len_mean     | 1e+03     |
|    ep_rew_mean     | -1.56e+03 |
| time/              |           |
|    episodes        | 96        |
|    fps             | 89        |
|    time_elapsed    | 1071      |
|    total_timesteps | 96000     |
| train/             |           |
|    actor_loss      | -237      |
|    critic_loss     | 35.7      |
|    ent_coef        | 0.242     |
|    ent_coef_loss   | 0.691     |
|    learning_rate   | 0.0003    |
|    n_updates       | 94999     |
----------------------------------
----------------------------------
| rollout/           |           |
|    ep_len_mean     | 1e+03     |
|    ep_rew_mean     | -1.51e+03 |
| time/              |           |
|    episodes        | 100       |
|    fps             | 89        |
|    time_elapsed    | 1117      |
|    total_timesteps | 100000    |
| train/             |           |
|    actor_loss      | -210      |
|    critic_loss     | 7.47      |
|    ent_coef        | 0.218     |
|    ent_coef_loss   | -0.195    |
|    learning_rate   | 0.0003    |
|    n_updates       | 98999     |
----------------------------------
----------------------------------
| rollout/           |           |
|    ep_len_mean     | 1e+03     |
|    ep_rew_mean     | -1.29e+03 |
| time/              |           |
|    episodes        | 104       |
|    fps             | 89        |
|    time_elapsed    | 1163      |
|    total_timesteps | 104000    |
| train/             |           |
|    actor_loss      | -210      |
|    critic_loss     | 7.79      |
|    ent_coef        | 0.205     |
|    ent_coef_loss   | 0.0745    |
|    learning_rate   | 0.0003    |
|    n_updates       | 102999    |
----------------------------------
----------------------------------
| rollout/           |           |
|    ep_len_mean     | 1e+03     |
|    ep_rew_mean     | -1.17e+03 |
| time/              |           |
|    episodes        | 108       |
|    fps             | 89        |
|    time_elapsed    | 1209      |
|    total_timesteps | 108000    |
| train/             |           |
|    actor_loss      | -174      |
|    critic_loss     | 9.19      |
|    ent_coef        | 0.202     |
|    ent_coef_loss   | 0.0503    |
|    learning_rate   | 0.0003    |
|    n_updates       | 106999    |
----------------------------------
----------------------------------
| rollout/           |           |
|    ep_len_mean     | 1e+03     |
|    ep_rew_mean     | -1.06e+03 |
| time/              |           |
|    episodes        | 112       |
|    fps             | 89        |
|    time_elapsed    | 1255      |
|    total_timesteps | 112000    |
| train/             |           |
|    actor_loss      | -181      |
|    critic_loss     | 662       |
|    ent_coef        | 0.17      |
|    ent_coef_loss   | 0.279     |
|    learning_rate   | 0.0003    |
|    n_updates       | 110999    |
----------------------------------
---------------------------------
| rollout/           |          |
|    ep_len_mean     | 1e+03    |
|    ep_rew_mean     | -987     |
| time/              |          |
|    episodes        | 116      |
|    fps             | 89       |
|    time_elapsed    | 1301     |
|    total_timesteps | 116000   |
| train/             |          |
|    actor_loss      | -179     |
|    critic_loss     | 22.9     |
|    ent_coef        | 0.163    |
|    ent_coef_loss   | 0.503    |
|    learning_rate   | 0.0003   |
|    n_updates       | 114999   |
---------------------------------
---------------------------------
| rollout/           |          |
|    ep_len_mean     | 1e+03    |
|    ep_rew_mean     | -882     |
| time/              |          |
|    episodes        | 120      |
|    fps             | 88       |
|    time_elapsed    | 1348     |
|    total_timesteps | 120000   |
| train/             |          |
|    actor_loss      | -175     |
|    critic_loss     | 8.37     |
|    ent_coef        | 0.154    |
|    ent_coef_loss   | 0.981    |
|    learning_rate   | 0.0003   |
|    n_updates       | 118999   |
---------------------------------
---------------------------------
| rollout/           |          |
|    ep_len_mean     | 1e+03    |
|    ep_rew_mean     | -798     |
| time/              |          |
|    episodes        | 124      |
|    fps             | 88       |
|    time_elapsed    | 1394     |
|    total_timesteps | 124000   |
| train/             |          |
|    actor_loss      | -152     |
|    critic_loss     | 6.87     |
|    ent_coef        | 0.146    |
|    ent_coef_loss   | -0.625   |
|    learning_rate   | 0.0003   |
|    n_updates       | 122999   |
---------------------------------
---------------------------------
| rollout/           |          |
|    ep_len_mean     | 1e+03    |
|    ep_rew_mean     | -665     |
| time/              |          |
|    episodes        | 128      |
|    fps             | 88       |
|    time_elapsed    | 1440     |
|    total_timesteps | 128000   |
| train/             |          |
|    actor_loss      | -153     |
|    critic_loss     | 6.65     |
|    ent_coef        | 0.149    |
|    ent_coef_loss   | 0.606    |
|    learning_rate   | 0.0003   |
|    n_updates       | 126999   |
---------------------------------
---------------------------------
| rollout/           |          |
|    ep_len_mean     | 1e+03    |
|    ep_rew_mean     | -577     |
| time/              |          |
|    episodes        | 132      |
|    fps             | 88       |
|    time_elapsed    | 1486     |
|    total_timesteps | 132000   |
| train/             |          |
|    actor_loss      | -137     |
|    critic_loss     | 10.8     |
|    ent_coef        | 0.149    |
|    ent_coef_loss   | -0.372   |
|    learning_rate   | 0.0003   |
|    n_updates       | 130999   |
---------------------------------
---------------------------------
| rollout/           |          |
|    ep_len_mean     | 1e+03    |
|    ep_rew_mean     | -481     |
| time/              |          |
|    episodes        | 136      |
|    fps             | 88       |
|    time_elapsed    | 1533     |
|    total_timesteps | 136000   |
| train/             |          |
|    actor_loss      | -150     |
|    critic_loss     | 5.14     |
|    ent_coef        | 0.129    |
|    ent_coef_loss   | -0.357   |
|    learning_rate   | 0.0003   |
|    n_updates       | 134999   |
---------------------------------
---------------------------------
| rollout/           |          |
|    ep_len_mean     | 1e+03    |
|    ep_rew_mean     | -403     |
| time/              |          |
|    episodes        | 140      |
|    fps             | 88       |
|    time_elapsed    | 1579     |
|    total_timesteps | 140000   |
| train/             |          |
|    actor_loss      | -157     |
|    critic_loss     | 15.2     |
|    ent_coef        | 0.112    |
|    ent_coef_loss   | 0.297    |
|    learning_rate   | 0.0003   |
|    n_updates       | 138999   |
---------------------------------
---------------------------------
| rollout/           |          |
|    ep_len_mean     | 1e+03    |
|    ep_rew_mean     | -373     |
| time/              |          |
|    episodes        | 144      |
|    fps             | 88       |
|    time_elapsed    | 1625     |
|    total_timesteps | 144000   |
| train/             |          |
|    actor_loss      | -167     |
|    critic_loss     | 4.44     |
|    ent_coef        | 0.126    |
|    ent_coef_loss   | 0.28     |
|    learning_rate   | 0.0003   |
|    n_updates       | 142999   |
---------------------------------
---------------------------------
| rollout/           |          |
|    ep_len_mean     | 1e+03    |
|    ep_rew_mean     | -354     |
| time/              |          |
|    episodes        | 148      |
|    fps             | 88       |
|    time_elapsed    | 1672     |
|    total_timesteps | 148000   |
| train/             |          |
|    actor_loss      | -153     |
|    critic_loss     | 3.53     |
|    ent_coef        | 0.144    |
|    ent_coef_loss   | 0.26     |
|    learning_rate   | 0.0003   |
|    n_updates       | 146999   |
---------------------------------
---------------------------------
| rollout/           |          |
|    ep_len_mean     | 1e+03    |
|    ep_rew_mean     | -182     |
| time/              |          |
|    episodes        | 152      |
|    fps             | 88       |
|    time_elapsed    | 1718     |
|    total_timesteps | 151957   |
| train/             |          |
|    actor_loss      | -148     |
|    critic_loss     | 7.52     |
|    ent_coef        | 0.127    |
|    ent_coef_loss   | -0.422   |
|    learning_rate   | 0.0003   |
|    n_updates       | 150956   |
---------------------------------
---------------------------------
| rollout/           |          |
|    ep_len_mean     | 1e+03    |
|    ep_rew_mean     | -173     |
| time/              |          |
|    episodes        | 156      |
|    fps             | 88       |
|    time_elapsed    | 1764     |
|    total_timesteps | 155957   |
| train/             |          |
|    actor_loss      | -167     |
|    critic_loss     | 4.94     |
|    ent_coef        | 0.132    |
|    ent_coef_loss   | 0.201    |
|    learning_rate   | 0.0003   |
|    n_updates       | 154956   |
---------------------------------
---------------------------------
| rollout/           |          |
|    ep_len_mean     | 1e+03    |
|    ep_rew_mean     | -136     |
| time/              |          |
|    episodes        | 160      |
|    fps             | 88       |
|    time_elapsed    | 1810     |
|    total_timesteps | 159957   |
| train/             |          |
|    actor_loss      | -147     |
|    critic_loss     | 5.29     |
|    ent_coef        | 0.0999   |
|    ent_coef_loss   | -0.086   |
|    learning_rate   | 0.0003   |
|    n_updates       | 158956   |
---------------------------------
---------------------------------
| rollout/           |          |
|    ep_len_mean     | 1e+03    |
|    ep_rew_mean     | -92.6    |
| time/              |          |
|    episodes        | 164      |
|    fps             | 88       |
|    time_elapsed    | 1857     |
|    total_timesteps | 163957   |
| train/             |          |
|    actor_loss      | -180     |
|    critic_loss     | 4.46     |
|    ent_coef        | 0.106    |
|    ent_coef_loss   | 0.33     |
|    learning_rate   | 0.0003   |
|    n_updates       | 162956   |
---------------------------------
---------------------------------
| rollout/           |          |
|    ep_len_mean     | 1e+03    |
|    ep_rew_mean     | -21.3    |
| time/              |          |
|    episodes        | 168      |
|    fps             | 88       |
|    time_elapsed    | 1903     |
|    total_timesteps | 167957   |
| train/             |          |
|    actor_loss      | -142     |
|    critic_loss     | 7.82     |
|    ent_coef        | 0.0988   |
|    ent_coef_loss   | -0.0141  |
|    learning_rate   | 0.0003   |
|    n_updates       | 166956   |
---------------------------------
---------------------------------
| rollout/           |          |
|    ep_len_mean     | 1e+03    |
|    ep_rew_mean     | 32.5     |
| time/              |          |
|    episodes        | 172      |
|    fps             | 88       |
|    time_elapsed    | 1949     |
|    total_timesteps | 171957   |
| train/             |          |
|    actor_loss      | -147     |
|    critic_loss     | 6.22     |
|    ent_coef        | 0.101    |
|    ent_coef_loss   | 0.527    |
|    learning_rate   | 0.0003   |
|    n_updates       | 170956   |
---------------------------------
---------------------------------
| rollout/           |          |
|    ep_len_mean     | 1e+03    |
|    ep_rew_mean     | 67.6     |
| time/              |          |
|    episodes        | 176      |
|    fps             | 88       |
|    time_elapsed    | 1995     |
|    total_timesteps | 175957   |
| train/             |          |
|    actor_loss      | -143     |
|    critic_loss     | 32.5     |
|    ent_coef        | 0.0952   |
|    ent_coef_loss   | 0.599    |
|    learning_rate   | 0.0003   |
|    n_updates       | 174956   |
---------------------------------
---------------------------------
| rollout/           |          |
|    ep_len_mean     | 1e+03    |
|    ep_rew_mean     | 113      |
| time/              |          |
|    episodes        | 180      |
|    fps             | 88       |
|    time_elapsed    | 2042     |
|    total_timesteps | 179957   |
| train/             |          |
|    actor_loss      | -143     |
|    critic_loss     | 6.32     |
|    ent_coef        | 0.0896   |
|    ent_coef_loss   | 0.0674   |
|    learning_rate   | 0.0003   |
|    n_updates       | 178956   |
---------------------------------
---------------------------------
| rollout/           |          |
|    ep_len_mean     | 1e+03    |
|    ep_rew_mean     | 155      |
| time/              |          |
|    episodes        | 184      |
|    fps             | 88       |
|    time_elapsed    | 2088     |
|    total_timesteps | 183957   |
| train/             |          |
|    actor_loss      | -138     |
|    critic_loss     | 3.84     |
|    ent_coef        | 0.0844   |
|    ent_coef_loss   | 0.241    |
|    learning_rate   | 0.0003   |
|    n_updates       | 182956   |
---------------------------------
---------------------------------
| rollout/           |          |
|    ep_len_mean     | 1e+03    |
|    ep_rew_mean     | 211      |
| time/              |          |
|    episodes        | 188      |
|    fps             | 88       |
|    time_elapsed    | 2134     |
|    total_timesteps | 187957   |
| train/             |          |
|    actor_loss      | -146     |
|    critic_loss     | 9.41     |
|    ent_coef        | 0.0833   |
|    ent_coef_loss   | -0.464   |
|    learning_rate   | 0.0003   |
|    n_updates       | 186956   |
---------------------------------
---------------------------------
| rollout/           |          |
|    ep_len_mean     | 1e+03    |
|    ep_rew_mean     | 253      |
| time/              |          |
|    episodes        | 192      |
|    fps             | 87       |
|    time_elapsed    | 2181     |
|    total_timesteps | 191957   |
| train/             |          |
|    actor_loss      | -172     |
|    critic_loss     | 4.23     |
|    ent_coef        | 0.0854   |
|    ent_coef_loss   | 0.521    |
|    learning_rate   | 0.0003   |
|    n_updates       | 190956   |
---------------------------------
---------------------------------
| rollout/           |          |
|    ep_len_mean     | 1e+03    |
|    ep_rew_mean     | 297      |
| time/              |          |
|    episodes        | 196      |
|    fps             | 87       |
|    time_elapsed    | 2227     |
|    total_timesteps | 195957   |
| train/             |          |
|    actor_loss      | -156     |
|    critic_loss     | 9.77     |
|    ent_coef        | 0.0851   |
|    ent_coef_loss   | 0.382    |
|    learning_rate   | 0.0003   |
|    n_updates       | 194956   |
---------------------------------
---------------------------------
| rollout/           |          |
|    ep_len_mean     | 1e+03    |
|    ep_rew_mean     | 333      |
| time/              |          |
|    episodes        | 200      |
|    fps             | 87       |
|    time_elapsed    | 2274     |
|    total_timesteps | 199957   |
| train/             |          |
|    actor_loss      | -143     |
|    critic_loss     | 3.28     |
|    ent_coef        | 0.0778   |
|    ent_coef_loss   | 1.16     |
|    learning_rate   | 0.0003   |
|    n_updates       | 198956   |
---------------------------------
---------------------------------
| rollout/           |          |
|    ep_len_mean     | 1e+03    |
|    ep_rew_mean     | 381      |
| time/              |          |
|    episodes        | 204      |
|    fps             | 87       |
|    time_elapsed    | 2320     |
|    total_timesteps | 203957   |
| train/             |          |
|    actor_loss      | -139     |
|    critic_loss     | 5.1      |
|    ent_coef        | 0.0756   |
|    ent_coef_loss   | -0.527   |
|    learning_rate   | 0.0003   |
|    n_updates       | 202956   |
---------------------------------
---------------------------------
| rollout/           |          |
|    ep_len_mean     | 1e+03    |
|    ep_rew_mean     | 428      |
| time/              |          |
|    episodes        | 208      |
|    fps             | 87       |
|    time_elapsed    | 2366     |
|    total_timesteps | 207957   |
| train/             |          |
|    actor_loss      | -133     |
|    critic_loss     | 3.21     |
|    ent_coef        | 0.0667   |
|    ent_coef_loss   | 0.0503   |
|    learning_rate   | 0.0003   |
|    n_updates       | 206956   |
---------------------------------
---------------------------------
| rollout/           |          |
|    ep_len_mean     | 1e+03    |
|    ep_rew_mean     | 436      |
| time/              |          |
|    episodes        | 212      |
|    fps             | 87       |
|    time_elapsed    | 2413     |
|    total_timesteps | 211957   |
| train/             |          |
|    actor_loss      | -141     |
|    critic_loss     | 2.5      |
|    ent_coef        | 0.0621   |
|    ent_coef_loss   | 2.12     |
|    learning_rate   | 0.0003   |
|    n_updates       | 210956   |
---------------------------------
---------------------------------
| rollout/           |          |
|    ep_len_mean     | 1e+03    |
|    ep_rew_mean     | 450      |
| time/              |          |
|    episodes        | 216      |
|    fps             | 87       |
|    time_elapsed    | 2459     |
|    total_timesteps | 215957   |
| train/             |          |
|    actor_loss      | -122     |
|    critic_loss     | 2.87     |
|    ent_coef        | 0.0573   |
|    ent_coef_loss   | 0.245    |
|    learning_rate   | 0.0003   |
|    n_updates       | 214956   |
---------------------------------
---------------------------------
| rollout/           |          |
|    ep_len_mean     | 1e+03    |
|    ep_rew_mean     | 432      |
| time/              |          |
|    episodes        | 220      |
|    fps             | 87       |
|    time_elapsed    | 2506     |
|    total_timesteps | 219957   |
| train/             |          |
|    actor_loss      | -132     |
|    critic_loss     | 3.87     |
|    ent_coef        | 0.0548   |
|    ent_coef_loss   | 0.574    |
|    learning_rate   | 0.0003   |
|    n_updates       | 218956   |
---------------------------------
---------------------------------
| rollout/           |          |
|    ep_len_mean     | 1e+03    |
|    ep_rew_mean     | 375      |
| time/              |          |
|    episodes        | 224      |
|    fps             | 87       |
|    time_elapsed    | 2553     |
|    total_timesteps | 223957   |
| train/             |          |
|    actor_loss      | -153     |
|    critic_loss     | 4.21     |
|    ent_coef        | 0.0522   |
|    ent_coef_loss   | 0.514    |
|    learning_rate   | 0.0003   |
|    n_updates       | 222956   |
---------------------------------
---------------------------------
| rollout/           |          |
|    ep_len_mean     | 1e+03    |
|    ep_rew_mean     | 301      |
| time/              |          |
|    episodes        | 228      |
|    fps             | 87       |
|    time_elapsed    | 2600     |
|    total_timesteps | 227957   |
| train/             |          |
|    actor_loss      | -126     |
|    critic_loss     | 1.83     |
|    ent_coef        | 0.0505   |
|    ent_coef_loss   | 0.00586  |
|    learning_rate   | 0.0003   |
|    n_updates       | 226956   |
---------------------------------
---------------------------------
| rollout/           |          |
|    ep_len_mean     | 1e+03    |
|    ep_rew_mean     | 214      |
| time/              |          |
|    episodes        | 232      |
|    fps             | 87       |
|    time_elapsed    | 2647     |
|    total_timesteps | 231957   |
| train/             |          |
|    actor_loss      | -111     |
|    critic_loss     | 5.25     |
|    ent_coef        | 0.0517   |
|    ent_coef_loss   | -0.29    |
|    learning_rate   | 0.0003   |
|    n_updates       | 230956   |
---------------------------------
---------------------------------
| rollout/           |          |
|    ep_len_mean     | 1e+03    |
|    ep_rew_mean     | 216      |
| time/              |          |
|    episodes        | 236      |
|    fps             | 87       |
|    time_elapsed    | 2695     |
|    total_timesteps | 235957   |
| train/             |          |
|    actor_loss      | -139     |
|    critic_loss     | 4.27     |
|    ent_coef        | 0.0556   |
|    ent_coef_loss   | 0.00103  |
|    learning_rate   | 0.0003   |
|    n_updates       | 234956   |
---------------------------------
---------------------------------
| rollout/           |          |
|    ep_len_mean     | 1e+03    |
|    ep_rew_mean     | 221      |
| time/              |          |
|    episodes        | 240      |
|    fps             | 87       |
|    time_elapsed    | 2742     |
|    total_timesteps | 239957   |
| train/             |          |
|    actor_loss      | -135     |
|    critic_loss     | 3.73     |
|    ent_coef        | 0.0475   |
|    ent_coef_loss   | 1.36     |
|    learning_rate   | 0.0003   |
|    n_updates       | 238956   |
---------------------------------
---------------------------------
| rollout/           |          |
|    ep_len_mean     | 1e+03    |
|    ep_rew_mean     | 258      |
| time/              |          |
|    episodes        | 244      |
|    fps             | 87       |
|    time_elapsed    | 2790     |
|    total_timesteps | 243957   |
| train/             |          |
|    actor_loss      | -129     |
|    critic_loss     | 1.73     |
|    ent_coef        | 0.046    |
|    ent_coef_loss   | -0.069   |
|    learning_rate   | 0.0003   |
|    n_updates       | 242956   |
---------------------------------
---------------------------------
| rollout/           |          |
|    ep_len_mean     | 1e+03    |
|    ep_rew_mean     | 294      |
| time/              |          |
|    episodes        | 248      |
|    fps             | 87       |
|    time_elapsed    | 2837     |
|    total_timesteps | 247957   |
| train/             |          |
|    actor_loss      | -141     |
|    critic_loss     | 1.19     |
|    ent_coef        | 0.0418   |
|    ent_coef_loss   | -0.827   |
|    learning_rate   | 0.0003   |
|    n_updates       | 246956   |
---------------------------------
---------------------------------
| rollout/           |          |
|    ep_len_mean     | 1e+03    |
|    ep_rew_mean     | 209      |
| time/              |          |
|    episodes        | 252      |
|    fps             | 87       |
|    time_elapsed    | 2884     |
|    total_timesteps | 251957   |
| train/             |          |
|    actor_loss      | -108     |
|    critic_loss     | 0.63     |
|    ent_coef        | 0.0385   |
|    ent_coef_loss   | 0.0988   |
|    learning_rate   | 0.0003   |
|    n_updates       | 250956   |
---------------------------------
---------------------------------
| rollout/           |          |
|    ep_len_mean     | 1e+03    |
|    ep_rew_mean     | 240      |
| time/              |          |
|    episodes        | 256      |
|    fps             | 87       |
|    time_elapsed    | 2932     |
|    total_timesteps | 255957   |
| train/             |          |
|    actor_loss      | -112     |
|    critic_loss     | 0.729    |
|    ent_coef        | 0.0386   |
|    ent_coef_loss   | -2.04    |
|    learning_rate   | 0.0003   |
|    n_updates       | 254956   |
---------------------------------
---------------------------------
| rollout/           |          |
|    ep_len_mean     | 1e+03    |
|    ep_rew_mean     | 252      |
| time/              |          |
|    episodes        | 260      |
|    fps             | 87       |
|    time_elapsed    | 2980     |
|    total_timesteps | 259957   |
| train/             |          |
|    actor_loss      | -119     |
|    critic_loss     | 1.64     |
|    ent_coef        | 0.0404   |
|    ent_coef_loss   | -1.81    |
|    learning_rate   | 0.0003   |
|    n_updates       | 258956   |
---------------------------------
---------------------------------
| rollout/           |          |
|    ep_len_mean     | 1e+03    |
|    ep_rew_mean     | 245      |
| time/              |          |
|    episodes        | 264      |
|    fps             | 87       |
|    time_elapsed    | 3027     |
|    total_timesteps | 263957   |
| train/             |          |
|    actor_loss      | -117     |
|    critic_loss     | 1.84     |
|    ent_coef        | 0.0437   |
|    ent_coef_loss   | 0.0595   |
|    learning_rate   | 0.0003   |
|    n_updates       | 262956   |
---------------------------------
---------------------------------
| rollout/           |          |
|    ep_len_mean     | 1e+03    |
|    ep_rew_mean     | 256      |
| time/              |          |
|    episodes        | 268      |
|    fps             | 87       |
|    time_elapsed    | 3074     |
|    total_timesteps | 267957   |
| train/             |          |
|    actor_loss      | -108     |
|    critic_loss     | 0.864    |
|    ent_coef        | 0.0414   |
|    ent_coef_loss   | -0.853   |
|    learning_rate   | 0.0003   |
|    n_updates       | 266956   |
---------------------------------
---------------------------------
| rollout/           |          |
|    ep_len_mean     | 1e+03    |
|    ep_rew_mean     | 262      |
| time/              |          |
|    episodes        | 272      |
|    fps             | 87       |
|    time_elapsed    | 3122     |
|    total_timesteps | 271957   |
| train/             |          |
|    actor_loss      | -119     |
|    critic_loss     | 1.05     |
|    ent_coef        | 0.0392   |
|    ent_coef_loss   | 0.979    |
|    learning_rate   | 0.0003   |
|    n_updates       | 270956   |
---------------------------------
---------------------------------
| rollout/           |          |
|    ep_len_mean     | 1e+03    |
|    ep_rew_mean     | 273      |
| time/              |          |
|    episodes        | 276      |
|    fps             | 87       |
|    time_elapsed    | 3170     |
|    total_timesteps | 275957   |
| train/             |          |
|    actor_loss      | -123     |
|    critic_loss     | 0.634    |
|    ent_coef        | 0.0358   |
|    ent_coef_loss   | 0.234    |
|    learning_rate   | 0.0003   |
|    n_updates       | 274956   |
---------------------------------
---------------------------------
| rollout/           |          |
|    ep_len_mean     | 1e+03    |
|    ep_rew_mean     | 284      |
| time/              |          |
|    episodes        | 280      |
|    fps             | 86       |
|    time_elapsed    | 3218     |
|    total_timesteps | 279957   |
| train/             |          |
|    actor_loss      | -121     |
|    critic_loss     | 0.348    |
|    ent_coef        | 0.0354   |
|    ent_coef_loss   | -0.946   |
|    learning_rate   | 0.0003   |
|    n_updates       | 278956   |
---------------------------------
---------------------------------
| rollout/           |          |
|    ep_len_mean     | 1e+03    |
|    ep_rew_mean     | 295      |
| time/              |          |
|    episodes        | 284      |
|    fps             | 86       |
|    time_elapsed    | 3268     |
|    total_timesteps | 283957   |
| train/             |          |
|    actor_loss      | -131     |
|    critic_loss     | 2.06     |
|    ent_coef        | 0.0427   |
|    ent_coef_loss   | 0.553    |
|    learning_rate   | 0.0003   |
|    n_updates       | 282956   |
---------------------------------
---------------------------------
| rollout/           |          |
|    ep_len_mean     | 1e+03    |
|    ep_rew_mean     | 308      |
| time/              |          |
|    episodes        | 288      |
|    fps             | 86       |
|    time_elapsed    | 3318     |
|    total_timesteps | 287957   |
| train/             |          |
|    actor_loss      | -116     |
|    critic_loss     | 0.663    |
|    ent_coef        | 0.0458   |
|    ent_coef_loss   | -0.565   |
|    learning_rate   | 0.0003   |
|    n_updates       | 286956   |
---------------------------------
---------------------------------
| rollout/           |          |
|    ep_len_mean     | 1e+03    |
|    ep_rew_mean     | 317      |
| time/              |          |
|    episodes        | 292      |
|    fps             | 86       |
|    time_elapsed    | 3369     |
|    total_timesteps | 291957   |
| train/             |          |
|    actor_loss      | -122     |
|    critic_loss     | 1.53     |
|    ent_coef        | 0.0429   |
|    ent_coef_loss   | -0.697   |
|    learning_rate   | 0.0003   |
|    n_updates       | 290956   |
---------------------------------
---------------------------------
| rollout/           |          |
|    ep_len_mean     | 1e+03    |
|    ep_rew_mean     | 316      |
| time/              |          |
|    episodes        | 296      |
|    fps             | 86       |
|    time_elapsed    | 3420     |
|    total_timesteps | 295957   |
| train/             |          |
|    actor_loss      | -128     |
|    critic_loss     | 10.7     |
|    ent_coef        | 0.028    |
|    ent_coef_loss   | -1.93    |
|    learning_rate   | 0.0003   |
|    n_updates       | 294956   |
---------------------------------
---------------------------------
| rollout/           |          |
|    ep_len_mean     | 1e+03    |
|    ep_rew_mean     | 328      |
| time/              |          |
|    episodes        | 300      |
|    fps             | 86       |
|    time_elapsed    | 3470     |
|    total_timesteps | 299957   |
| train/             |          |
|    actor_loss      | -130     |
|    critic_loss     | 1.27     |
|    ent_coef        | 0.0244   |
|    ent_coef_loss   | 1.6      |
|    learning_rate   | 0.0003   |
|    n_updates       | 298956   |
---------------------------------
---------------------------------
| rollout/           |          |
|    ep_len_mean     | 1e+03    |
|    ep_rew_mean     | 369      |
| time/              |          |
|    episodes        | 304      |
|    fps             | 86       |
|    time_elapsed    | 3522     |
|    total_timesteps | 303957   |
| train/             |          |
|    actor_loss      | -159     |
|    critic_loss     | 1.4      |
|    ent_coef        | 0.0314   |
|    ent_coef_loss   | -0.206   |
|    learning_rate   | 0.0003   |
|    n_updates       | 302956   |
---------------------------------
---------------------------------
| rollout/           |          |
|    ep_len_mean     | 1e+03    |
|    ep_rew_mean     | 385      |
| time/              |          |
|    episodes        | 308      |
|    fps             | 86       |
|    time_elapsed    | 3573     |
|    total_timesteps | 307957   |
| train/             |          |
|    actor_loss      | -145     |
|    critic_loss     | 1.68     |
|    ent_coef        | 0.0311   |
|    ent_coef_loss   | -2.01    |
|    learning_rate   | 0.0003   |
|    n_updates       | 306956   |
---------------------------------
---------------------------------
| rollout/           |          |
|    ep_len_mean     | 1e+03    |
|    ep_rew_mean     | 406      |
| time/              |          |
|    episodes        | 312      |
|    fps             | 86       |
|    time_elapsed    | 3624     |
|    total_timesteps | 311957   |
| train/             |          |
|    actor_loss      | -119     |
|    critic_loss     | 0.529    |
|    ent_coef        | 0.0218   |
|    ent_coef_loss   | -3.54    |
|    learning_rate   | 0.0003   |
|    n_updates       | 310956   |
---------------------------------
---------------------------------
| rollout/           |          |
|    ep_len_mean     | 1e+03    |
|    ep_rew_mean     | 407      |
| time/              |          |
|    episodes        | 316      |
|    fps             | 85       |
|    time_elapsed    | 3675     |
|    total_timesteps | 315957   |
| train/             |          |
|    actor_loss      | -129     |
|    critic_loss     | 2.42     |
|    ent_coef        | 0.0215   |
|    ent_coef_loss   | -1.38    |
|    learning_rate   | 0.0003   |
|    n_updates       | 314956   |
---------------------------------
---------------------------------
| rollout/           |          |
|    ep_len_mean     | 1e+03    |
|    ep_rew_mean     | 440      |
| time/              |          |
|    episodes        | 320      |
|    fps             | 85       |
|    time_elapsed    | 3725     |
|    total_timesteps | 319957   |
| train/             |          |
|    actor_loss      | -128     |
|    critic_loss     | 0.98     |
|    ent_coef        | 0.0232   |
|    ent_coef_loss   | -0.76    |
|    learning_rate   | 0.0003   |
|    n_updates       | 318956   |
---------------------------------
---------------------------------
| rollout/           |          |
|    ep_len_mean     | 1e+03    |
|    ep_rew_mean     | 510      |
| time/              |          |
|    episodes        | 324      |
|    fps             | 85       |
|    time_elapsed    | 3777     |
|    total_timesteps | 323957   |
| train/             |          |
|    actor_loss      | -132     |
|    critic_loss     | 1.64     |
|    ent_coef        | 0.0293   |
|    ent_coef_loss   | -0.954   |
|    learning_rate   | 0.0003   |
|    n_updates       | 322956   |
---------------------------------
---------------------------------
| rollout/           |          |
|    ep_len_mean     | 1e+03    |
|    ep_rew_mean     | 616      |
| time/              |          |
|    episodes        | 328      |
|    fps             | 85       |
|    time_elapsed    | 3828     |
|    total_timesteps | 327957   |
| train/             |          |
|    actor_loss      | -135     |
|    critic_loss     | 1.72     |
|    ent_coef        | 0.0252   |
|    ent_coef_loss   | -0.995   |
|    learning_rate   | 0.0003   |
|    n_updates       | 326956   |
---------------------------------
---------------------------------
| rollout/           |          |
|    ep_len_mean     | 1e+03    |
|    ep_rew_mean     | 718      |
| time/              |          |
|    episodes        | 332      |
|    fps             | 85       |
|    time_elapsed    | 3879     |
|    total_timesteps | 331957   |
| train/             |          |
|    actor_loss      | -139     |
|    critic_loss     | 7.63     |
|    ent_coef        | 0.028    |
|    ent_coef_loss   | -1.31    |
|    learning_rate   | 0.0003   |
|    n_updates       | 330956   |
---------------------------------
---------------------------------
| rollout/           |          |
|    ep_len_mean     | 1e+03    |
|    ep_rew_mean     | 730      |
| time/              |          |
|    episodes        | 336      |
|    fps             | 85       |
|    time_elapsed    | 3930     |
|    total_timesteps | 335957   |
| train/             |          |
|    actor_loss      | -143     |
|    critic_loss     | 3.83     |
|    ent_coef        | 0.0377   |
|    ent_coef_loss   | -4.1     |
|    learning_rate   | 0.0003   |
|    n_updates       | 334956   |
---------------------------------
---------------------------------
| rollout/           |          |
|    ep_len_mean     | 1e+03    |
|    ep_rew_mean     | 742      |
| time/              |          |
|    episodes        | 340      |
|    fps             | 85       |
|    time_elapsed    | 3981     |
|    total_timesteps | 339957   |
| train/             |          |
|    actor_loss      | -148     |
|    critic_loss     | 2.59     |
|    ent_coef        | 0.0394   |
|    ent_coef_loss   | 8.74     |
|    learning_rate   | 0.0003   |
|    n_updates       | 338956   |
---------------------------------
---------------------------------
| rollout/           |          |
|    ep_len_mean     | 1e+03    |
|    ep_rew_mean     | 734      |
| time/              |          |
|    episodes        | 344      |
|    fps             | 85       |
|    time_elapsed    | 4032     |
|    total_timesteps | 343957   |
| train/             |          |
|    actor_loss      | -159     |
|    critic_loss     | 6.19     |
|    ent_coef        | 0.047    |
|    ent_coef_loss   | -3.4     |
|    learning_rate   | 0.0003   |
|    n_updates       | 342956   |
---------------------------------
---------------------------------
| rollout/           |          |
|    ep_len_mean     | 1e+03    |
|    ep_rew_mean     | 743      |
| time/              |          |
|    episodes        | 348      |
|    fps             | 85       |
|    time_elapsed    | 4082     |
|    total_timesteps | 347957   |
| train/             |          |
|    actor_loss      | -128     |
|    critic_loss     | 0.673    |
|    ent_coef        | 0.0301   |
|    ent_coef_loss   | -0.781   |
|    learning_rate   | 0.0003   |
|    n_updates       | 346956   |
---------------------------------
---------------------------------
| rollout/           |          |
|    ep_len_mean     | 1e+03    |
|    ep_rew_mean     | 752      |
| time/              |          |
|    episodes        | 352      |
|    fps             | 85       |
|    time_elapsed    | 4133     |
|    total_timesteps | 351957   |
| train/             |          |
|    actor_loss      | -158     |
|    critic_loss     | 1.5      |
|    ent_coef        | 0.0308   |
|    ent_coef_loss   | 1.33     |
|    learning_rate   | 0.0003   |
|    n_updates       | 350956   |
---------------------------------
---------------------------------
| rollout/           |          |
|    ep_len_mean     | 1e+03    |
|    ep_rew_mean     | 763      |
| time/              |          |
|    episodes        | 356      |
|    fps             | 85       |
|    time_elapsed    | 4184     |
|    total_timesteps | 355957   |
| train/             |          |
|    actor_loss      | -143     |
|    critic_loss     | 0.782    |
|    ent_coef        | 0.0222   |
|    ent_coef_loss   | 0.94     |
|    learning_rate   | 0.0003   |
|    n_updates       | 354956   |
---------------------------------
---------------------------------
| rollout/           |          |
|    ep_len_mean     | 1e+03    |
|    ep_rew_mean     | 771      |
| time/              |          |
|    episodes        | 360      |
|    fps             | 84       |
|    time_elapsed    | 4236     |
|    total_timesteps | 359957   |
| train/             |          |
|    actor_loss      | -128     |
|    critic_loss     | 0.328    |
|    ent_coef        | 0.0229   |
|    ent_coef_loss   | -0.319   |
|    learning_rate   | 0.0003   |
|    n_updates       | 358956   |
---------------------------------
---------------------------------
| rollout/           |          |
|    ep_len_mean     | 1e+03    |
|    ep_rew_mean     | 780      |
| time/              |          |
|    episodes        | 364      |
|    fps             | 84       |
|    time_elapsed    | 4289     |
|    total_timesteps | 363957   |
| train/             |          |
|    actor_loss      | -144     |
|    critic_loss     | 1.04     |
|    ent_coef        | 0.0466   |
|    ent_coef_loss   | 1.78     |
|    learning_rate   | 0.0003   |
|    n_updates       | 362956   |
---------------------------------
---------------------------------
| rollout/           |          |
|    ep_len_mean     | 995      |
|    ep_rew_mean     | 807      |
| time/              |          |
|    episodes        | 368      |
|    fps             | 84       |
|    time_elapsed    | 4334     |
|    total_timesteps | 367466   |
| train/             |          |
|    actor_loss      | -173     |
|    critic_loss     | 1.46     |
|    ent_coef        | 0.0821   |
|    ent_coef_loss   | -0.518   |
|    learning_rate   | 0.0003   |
|    n_updates       | 366465   |
---------------------------------
---------------------------------
| rollout/           |          |
|    ep_len_mean     | 995      |
|    ep_rew_mean     | 737      |
| time/              |          |
|    episodes        | 372      |
|    fps             | 84       |
|    time_elapsed    | 4384     |
|    total_timesteps | 371466   |
| train/             |          |
|    actor_loss      | -196     |
|    critic_loss     | 1.33     |
|    ent_coef        | 0.0556   |
|    ent_coef_loss   | 2.35     |
|    learning_rate   | 0.0003   |
|    n_updates       | 370465   |
---------------------------------
---------------------------------
| rollout/           |          |
|    ep_len_mean     | 993      |
|    ep_rew_mean     | 706      |
| time/              |          |
|    episodes        | 376      |
|    fps             | 84       |
|    time_elapsed    | 4432     |
|    total_timesteps | 375269   |
| train/             |          |
|    actor_loss      | -182     |
|    critic_loss     | 12.5     |
|    ent_coef        | 0.0416   |
|    ent_coef_loss   | -0.7     |
|    learning_rate   | 0.0003   |
|    n_updates       | 374268   |
---------------------------------
---------------------------------
| rollout/           |          |
|    ep_len_mean     | 993      |
|    ep_rew_mean     | 650      |
| time/              |          |
|    episodes        | 380      |
|    fps             | 84       |
|    time_elapsed    | 4483     |
|    total_timesteps | 379269   |
| train/             |          |
|    actor_loss      | -170     |
|    critic_loss     | 3.75     |
|    ent_coef        | 0.0275   |
|    ent_coef_loss   | 3.18     |
|    learning_rate   | 0.0003   |
|    n_updates       | 378268   |
---------------------------------
---------------------------------
| rollout/           |          |
|    ep_len_mean     | 993      |
|    ep_rew_mean     | 578      |
| time/              |          |
|    episodes        | 384      |
|    fps             | 84       |
|    time_elapsed    | 4534     |
|    total_timesteps | 383269   |
| train/             |          |
|    actor_loss      | -170     |
|    critic_loss     | 3.17     |
|    ent_coef        | 0.0218   |
|    ent_coef_loss   | -1.69    |
|    learning_rate   | 0.0003   |
|    n_updates       | 382268   |
---------------------------------
---------------------------------
| rollout/           |          |
|    ep_len_mean     | 993      |
|    ep_rew_mean     | 553      |
| time/              |          |
|    episodes        | 388      |
|    fps             | 84       |
|    time_elapsed    | 4585     |
|    total_timesteps | 387269   |
| train/             |          |
|    actor_loss      | -170     |
|    critic_loss     | 2.78     |
|    ent_coef        | 0.0402   |
|    ent_coef_loss   | 0.696    |
|    learning_rate   | 0.0003   |
|    n_updates       | 386268   |
---------------------------------
---------------------------------
| rollout/           |          |
|    ep_len_mean     | 993      |
|    ep_rew_mean     | 500      |
| time/              |          |
|    episodes        | 392      |
|    fps             | 84       |
|    time_elapsed    | 4636     |
|    total_timesteps | 391269   |
| train/             |          |
|    actor_loss      | -147     |
|    critic_loss     | 3.48     |
|    ent_coef        | 0.0346   |
|    ent_coef_loss   | -3.71    |
|    learning_rate   | 0.0003   |
|    n_updates       | 390268   |
---------------------------------
---------------------------------
| rollout/           |          |
|    ep_len_mean     | 993      |
|    ep_rew_mean     | 490      |
| time/              |          |
|    episodes        | 396      |
|    fps             | 84       |
|    time_elapsed    | 4686     |
|    total_timesteps | 395269   |
| train/             |          |
|    actor_loss      | -160     |
|    critic_loss     | 6.74     |
|    ent_coef        | 0.042    |
|    ent_coef_loss   | -0.519   |
|    learning_rate   | 0.0003   |
|    n_updates       | 394268   |
---------------------------------
---------------------------------
| rollout/           |          |
|    ep_len_mean     | 993      |
|    ep_rew_mean     | 481      |
| time/              |          |
|    episodes        | 400      |
|    fps             | 84       |
|    time_elapsed    | 4737     |
|    total_timesteps | 399269   |
| train/             |          |
|    actor_loss      | -154     |
|    critic_loss     | 3.04     |
|    ent_coef        | 0.0352   |
|    ent_coef_loss   | 0.574    |
|    learning_rate   | 0.0003   |
|    n_updates       | 398268   |
---------------------------------
---------------------------------
| rollout/           |          |
|    ep_len_mean     | 993      |
|    ep_rew_mean     | 464      |
| time/              |          |
|    episodes        | 404      |
|    fps             | 84       |
|    time_elapsed    | 4787     |
|    total_timesteps | 403269   |
| train/             |          |
|    actor_loss      | -142     |
|    critic_loss     | 1.16     |
|    ent_coef        | 0.0319   |
|    ent_coef_loss   | -1.21    |
|    learning_rate   | 0.0003   |
|    n_updates       | 402268   |
---------------------------------
---------------------------------
| rollout/           |          |
|    ep_len_mean     | 993      |
|    ep_rew_mean     | 453      |
| time/              |          |
|    episodes        | 408      |
|    fps             | 84       |
|    time_elapsed    | 4839     |
|    total_timesteps | 407269   |
| train/             |          |
|    actor_loss      | -173     |
|    critic_loss     | 2.39     |
|    ent_coef        | 0.0362   |
|    ent_coef_loss   | -2.05    |
|    learning_rate   | 0.0003   |
|    n_updates       | 406268   |
---------------------------------
---------------------------------
| rollout/           |          |
|    ep_len_mean     | 993      |
|    ep_rew_mean     | 461      |
| time/              |          |
|    episodes        | 412      |
|    fps             | 84       |
|    time_elapsed    | 4890     |
|    total_timesteps | 411269   |
| train/             |          |
|    actor_loss      | -155     |
|    critic_loss     | 3.77     |
|    ent_coef        | 0.0389   |
|    ent_coef_loss   | -0.507   |
|    learning_rate   | 0.0003   |
|    n_updates       | 410268   |
---------------------------------
---------------------------------
| rollout/           |          |
|    ep_len_mean     | 993      |
|    ep_rew_mean     | 471      |
| time/              |          |
|    episodes        | 416      |
|    fps             | 84       |
|    time_elapsed    | 4942     |
|    total_timesteps | 415269   |
| train/             |          |
|    actor_loss      | -142     |
|    critic_loss     | 1.39     |
|    ent_coef        | 0.0373   |
|    ent_coef_loss   | -0.592   |
|    learning_rate   | 0.0003   |
|    n_updates       | 414268   |
---------------------------------
---------------------------------
| rollout/           |          |
|    ep_len_mean     | 993      |
|    ep_rew_mean     | 476      |
| time/              |          |
|    episodes        | 420      |
|    fps             | 83       |
|    time_elapsed    | 4993     |
|    total_timesteps | 419269   |
| train/             |          |
|    actor_loss      | -179     |
|    critic_loss     | 1.99     |
|    ent_coef        | 0.0349   |
|    ent_coef_loss   | -1.1     |
|    learning_rate   | 0.0003   |
|    n_updates       | 418268   |
---------------------------------
---------------------------------
| rollout/           |          |
|    ep_len_mean     | 993      |
|    ep_rew_mean     | 478      |
| time/              |          |
|    episodes        | 424      |
|    fps             | 83       |
|    time_elapsed    | 5045     |
|    total_timesteps | 423269   |
| train/             |          |
|    actor_loss      | -173     |
|    critic_loss     | 2.34     |
|    ent_coef        | 0.0316   |
|    ent_coef_loss   | -0.696   |
|    learning_rate   | 0.0003   |
|    n_updates       | 422268   |
---------------------------------
---------------------------------
| rollout/           |          |
|    ep_len_mean     | 993      |
|    ep_rew_mean     | 465      |
| time/              |          |
|    episodes        | 428      |
|    fps             | 83       |
|    time_elapsed    | 5096     |
|    total_timesteps | 427269   |
| train/             |          |
|    actor_loss      | -167     |
|    critic_loss     | 2.89     |
|    ent_coef        | 0.0314   |
|    ent_coef_loss   | 0.304    |
|    learning_rate   | 0.0003   |
|    n_updates       | 426268   |
---------------------------------
---------------------------------
| rollout/           |          |
|    ep_len_mean     | 993      |
|    ep_rew_mean     | 456      |
| time/              |          |
|    episodes        | 432      |
|    fps             | 83       |
|    time_elapsed    | 5148     |
|    total_timesteps | 431269   |
| train/             |          |
|    actor_loss      | -153     |
|    critic_loss     | 1.64     |
|    ent_coef        | 0.038    |
|    ent_coef_loss   | -0.806   |
|    learning_rate   | 0.0003   |
|    n_updates       | 430268   |
---------------------------------
---------------------------------
| rollout/           |          |
|    ep_len_mean     | 993      |
|    ep_rew_mean     | 458      |
| time/              |          |
|    episodes        | 436      |
|    fps             | 83       |
|    time_elapsed    | 5199     |
|    total_timesteps | 435269   |
| train/             |          |
|    actor_loss      | -191     |
|    critic_loss     | 2.44     |
|    ent_coef        | 0.0644   |
|    ent_coef_loss   | -1.11    |
|    learning_rate   | 0.0003   |
|    n_updates       | 434268   |
---------------------------------
---------------------------------
| rollout/           |          |
|    ep_len_mean     | 993      |
|    ep_rew_mean     | 456      |
| time/              |          |
|    episodes        | 440      |
|    fps             | 83       |
|    time_elapsed    | 5251     |
|    total_timesteps | 439269   |
| train/             |          |
|    actor_loss      | -174     |
|    critic_loss     | 3.17     |
|    ent_coef        | 0.0908   |
|    ent_coef_loss   | -1.33    |
|    learning_rate   | 0.0003   |
|    n_updates       | 438268   |
---------------------------------
---------------------------------
| rollout/           |          |
|    ep_len_mean     | 993      |
|    ep_rew_mean     | 391      |
| time/              |          |
|    episodes        | 444      |
|    fps             | 83       |
|    time_elapsed    | 5303     |
|    total_timesteps | 443269   |
| train/             |          |
|    actor_loss      | -213     |
|    critic_loss     | 6.06     |
|    ent_coef        | 0.11     |
|    ent_coef_loss   | 0.604    |
|    learning_rate   | 0.0003   |
|    n_updates       | 442268   |
---------------------------------
---------------------------------
| rollout/           |          |
|    ep_len_mean     | 993      |
|    ep_rew_mean     | 315      |
| time/              |          |
|    episodes        | 448      |
|    fps             | 83       |
|    time_elapsed    | 5355     |
|    total_timesteps | 447269   |
| train/             |          |
|    actor_loss      | -200     |
|    critic_loss     | 1.68     |
|    ent_coef        | 0.149    |
|    ent_coef_loss   | -1.2     |
|    learning_rate   | 0.0003   |
|    n_updates       | 446268   |
---------------------------------
---------------------------------
| rollout/           |          |
|    ep_len_mean     | 993      |
|    ep_rew_mean     | 196      |
| time/              |          |
|    episodes        | 452      |
|    fps             | 83       |
|    time_elapsed    | 5407     |
|    total_timesteps | 451269   |
| train/             |          |
|    actor_loss      | -242     |
|    critic_loss     | 3.98     |
|    ent_coef        | 0.0723   |
|    ent_coef_loss   | 1.19     |
|    learning_rate   | 0.0003   |
|    n_updates       | 450268   |
---------------------------------
---------------------------------
| rollout/           |          |
|    ep_len_mean     | 993      |
|    ep_rew_mean     | 14       |
| time/              |          |
|    episodes        | 456      |
|    fps             | 83       |
|    time_elapsed    | 5458     |
|    total_timesteps | 455269   |
| train/             |          |
|    actor_loss      | -255     |
|    critic_loss     | 7.88     |
|    ent_coef        | 0.081    |
|    ent_coef_loss   | 0.0794   |
|    learning_rate   | 0.0003   |
|    n_updates       | 454268   |
---------------------------------
---------------------------------
| rollout/           |          |
|    ep_len_mean     | 993      |
|    ep_rew_mean     | -152     |
| time/              |          |
|    episodes        | 460      |
|    fps             | 83       |
|    time_elapsed    | 5509     |
|    total_timesteps | 459269   |
| train/             |          |
|    actor_loss      | -243     |
|    critic_loss     | 53       |
|    ent_coef        | 0.0878   |
|    ent_coef_loss   | 2.11     |
|    learning_rate   | 0.0003   |
|    n_updates       | 458268   |
---------------------------------
