[2026-08-16T13:50:43] Starting Fischer session: algorithm=SAC, timesteps=500,000, direction=EAST, actuation=muscle, seed=203
[2026-08-16T13:50:43] Save dir: C:\Users\ranjo\OneDrive\Desktop\ARM-Model\project_assets\outputs\ActuationComparison\muscle_500k_seed203
[2026-08-16T13:50:43] Ablation config: hold_decrement=3, hold_curriculum=on, curriculum_mode=eval
Using cpu device
Wrapping the env with a `Monitor` wrapper
Wrapping the env in a DummyVecEnv.
[HoldCurriculum] Initial hold requirement: 10 steps (ladder: [10, 15, 20], threshold: 60%)
----------------------------------
| rollout/           |           |
|    ep_len_mean     | 1e+03     |
|    ep_rew_mean     | -2.74e+03 |
| time/              |           |
|    episodes        | 4         |
|    fps             | 112       |
|    time_elapsed    | 35        |
|    total_timesteps | 4000      |
| train/             |           |
|    actor_loss      | 11.2      |
|    critic_loss     | 0.144     |
|    ent_coef        | 0.412     |
|    ent_coef_loss   | -5.34     |
|    learning_rate   | 0.0003    |
|    n_updates       | 2999      |
----------------------------------
---------------------------------
| rollout/           |          |
|    ep_len_mean     | 1e+03    |
|    ep_rew_mean     | 213      |
| time/              |          |
|    episodes        | 8        |
|    fps             | 99       |
|    time_elapsed    | 80       |
|    total_timesteps | 8000     |
| train/             |          |
|    actor_loss      | -25.6    |
|    critic_loss     | 0.147    |
|    ent_coef        | 0.137    |
|    ent_coef_loss   | -7.87    |
|    learning_rate   | 0.0003   |
|    n_updates       | 6999     |
---------------------------------
---------------------------------
| rollout/           |          |
|    ep_len_mean     | 1e+03    |
|    ep_rew_mean     | 1.24e+03 |
| time/              |          |
|    episodes        | 12       |
|    fps             | 90       |
|    time_elapsed    | 131      |
|    total_timesteps | 12000    |
| train/             |          |
|    actor_loss      | -89      |
|    critic_loss     | 0.136    |
|    ent_coef        | 0.0465   |
|    ent_coef_loss   | -7.78    |
|    learning_rate   | 0.0003   |
|    n_updates       | 10999    |
---------------------------------
---------------------------------
| rollout/           |          |
|    ep_len_mean     | 1e+03    |
|    ep_rew_mean     | 1.76e+03 |
| time/              |          |
|    episodes        | 16       |
|    fps             | 86       |
|    time_elapsed    | 184      |
|    total_timesteps | 16000    |
| train/             |          |
|    actor_loss      | -149     |
|    critic_loss     | 0.152    |
|    ent_coef        | 0.0174   |
|    ent_coef_loss   | -4.74    |
|    learning_rate   | 0.0003   |
|    n_updates       | 14999    |
---------------------------------
---------------------------------
| rollout/           |          |
|    ep_len_mean     | 1e+03    |
|    ep_rew_mean     | 2.07e+03 |
| time/              |          |
|    episodes        | 20       |
|    fps             | 85       |
|    time_elapsed    | 232      |
|    total_timesteps | 20000    |
| train/             |          |
|    actor_loss      | -175     |
|    critic_loss     | 0.305    |
|    ent_coef        | 0.0113   |
|    ent_coef_loss   | 1.68     |
|    learning_rate   | 0.0003   |
|    n_updates       | 18999    |
---------------------------------
---------------------------------
| rollout/           |          |
|    ep_len_mean     | 1e+03    |
|    ep_rew_mean     | 2.26e+03 |
| time/              |          |
|    episodes        | 24       |
|    fps             | 85       |
|    time_elapsed    | 281      |
|    total_timesteps | 24000    |
| train/             |          |
|    actor_loss      | -223     |
|    critic_loss     | 12.6     |
|    ent_coef        | 0.0178   |
|    ent_coef_loss   | -6.49    |
|    learning_rate   | 0.0003   |
|    n_updates       | 22999    |
---------------------------------
---------------------------------
| rollout/           |          |
|    ep_len_mean     | 1e+03    |
|    ep_rew_mean     | 2.41e+03 |
| time/              |          |
|    episodes        | 28       |
|    fps             | 85       |
|    time_elapsed    | 326      |
|    total_timesteps | 28000    |
| train/             |          |
|    actor_loss      | -253     |
|    critic_loss     | 0.222    |
|    ent_coef        | 0.00938  |
|    ent_coef_loss   | -5.31    |
|    learning_rate   | 0.0003   |
|    n_updates       | 26999    |
---------------------------------
---------------------------------
| rollout/           |          |
|    ep_len_mean     | 1e+03    |
|    ep_rew_mean     | 2.52e+03 |
| time/              |          |
|    episodes        | 32       |
|    fps             | 85       |
|    time_elapsed    | 375      |
|    total_timesteps | 32000    |
| train/             |          |
|    actor_loss      | -268     |
|    critic_loss     | 0.183    |
|    ent_coef        | 0.00793  |
|    ent_coef_loss   | -1.74    |
|    learning_rate   | 0.0003   |
|    n_updates       | 30999    |
---------------------------------
---------------------------------
| rollout/           |          |
|    ep_len_mean     | 1e+03    |
|    ep_rew_mean     | 2.62e+03 |
| time/              |          |
|    episodes        | 36       |
|    fps             | 84       |
|    time_elapsed    | 425      |
|    total_timesteps | 36000    |
| train/             |          |
|    actor_loss      | -287     |
|    critic_loss     | 0.0907   |
|    ent_coef        | 0.00748  |
|    ent_coef_loss   | -0.0376  |
|    learning_rate   | 0.0003   |
|    n_updates       | 34999    |
---------------------------------
---------------------------------
| rollout/           |          |
|    ep_len_mean     | 1e+03    |
|    ep_rew_mean     | 2.69e+03 |
| time/              |          |
|    episodes        | 40       |
|    fps             | 84       |
|    time_elapsed    | 474      |
|    total_timesteps | 40000    |
| train/             |          |
|    actor_loss      | -295     |
|    critic_loss     | 0.163    |
|    ent_coef        | 0.00625  |
|    ent_coef_loss   | -1.88    |
|    learning_rate   | 0.0003   |
|    n_updates       | 38999    |
---------------------------------
---------------------------------
| rollout/           |          |
|    ep_len_mean     | 1e+03    |
|    ep_rew_mean     | 2.75e+03 |
| time/              |          |
|    episodes        | 44       |
|    fps             | 84       |
|    time_elapsed    | 523      |
|    total_timesteps | 44000    |
| train/             |          |
|    actor_loss      | -308     |
|    critic_loss     | 0.101    |
|    ent_coef        | 0.00577  |
|    ent_coef_loss   | -0.867   |
|    learning_rate   | 0.0003   |
|    n_updates       | 42999    |
---------------------------------
---------------------------------
| rollout/           |          |
|    ep_len_mean     | 1e+03    |
|    ep_rew_mean     | 2.8e+03  |
| time/              |          |
|    episodes        | 48       |
|    fps             | 83       |
|    time_elapsed    | 571      |
|    total_timesteps | 48000    |
| train/             |          |
|    actor_loss      | -318     |
|    critic_loss     | 0.273    |
|    ent_coef        | 0.0122   |
|    ent_coef_loss   | 9.33     |
|    learning_rate   | 0.0003   |
|    n_updates       | 46999    |
---------------------------------
---------------------------------
| rollout/           |          |
|    ep_len_mean     | 1e+03    |
|    ep_rew_mean     | 2.83e+03 |
| time/              |          |
|    episodes        | 52       |
|    fps             | 83       |
|    time_elapsed    | 621      |
|    total_timesteps | 52000    |
| train/             |          |
|    actor_loss      | -325     |
|    critic_loss     | 0.955    |
|    ent_coef        | 0.00762  |
|    ent_coef_loss   | -1.34    |
|    learning_rate   | 0.0003   |
|    n_updates       | 50999    |
---------------------------------
---------------------------------
| rollout/           |          |
|    ep_len_mean     | 1e+03    |
|    ep_rew_mean     | 2.87e+03 |
| time/              |          |
|    episodes        | 56       |
|    fps             | 83       |
|    time_elapsed    | 670      |
|    total_timesteps | 56000    |
| train/             |          |
|    actor_loss      | -338     |
|    critic_loss     | 1.34     |
|    ent_coef        | 0.00749  |
|    ent_coef_loss   | -0.109   |
|    learning_rate   | 0.0003   |
|    n_updates       | 54999    |
---------------------------------
---------------------------------
| rollout/           |          |
|    ep_len_mean     | 1e+03    |
|    ep_rew_mean     | 2.9e+03  |
| time/              |          |
|    episodes        | 60       |
|    fps             | 83       |
|    time_elapsed    | 718      |
|    total_timesteps | 60000    |
| train/             |          |
|    actor_loss      | -330     |
|    critic_loss     | 0.249    |
|    ent_coef        | 0.00722  |
|    ent_coef_loss   | 2.19     |
|    learning_rate   | 0.0003   |
|    n_updates       | 58999    |
---------------------------------
---------------------------------
| rollout/           |          |
|    ep_len_mean     | 1e+03    |
|    ep_rew_mean     | 2.93e+03 |
| time/              |          |
|    episodes        | 64       |
|    fps             | 83       |
|    time_elapsed    | 768      |
|    total_timesteps | 64000    |
| train/             |          |
|    actor_loss      | -337     |
|    critic_loss     | 0.454    |
|    ent_coef        | 0.00844  |
|    ent_coef_loss   | 2.79     |
|    learning_rate   | 0.0003   |
|    n_updates       | 62999    |
---------------------------------
---------------------------------
| rollout/           |          |
|    ep_len_mean     | 1e+03    |
|    ep_rew_mean     | 2.96e+03 |
| time/              |          |
|    episodes        | 68       |
|    fps             | 82       |
|    time_elapsed    | 821      |
|    total_timesteps | 68000    |
| train/             |          |
|    actor_loss      | -341     |
|    critic_loss     | 0.218    |
|    ent_coef        | 0.0075   |
|    ent_coef_loss   | 0.851    |
|    learning_rate   | 0.0003   |
|    n_updates       | 66999    |
---------------------------------
---------------------------------
| rollout/           |          |
|    ep_len_mean     | 1e+03    |
|    ep_rew_mean     | 2.98e+03 |
| time/              |          |
|    episodes        | 72       |
|    fps             | 82       |
|    time_elapsed    | 873      |
|    total_timesteps | 72000    |
| train/             |          |
|    actor_loss      | -343     |
|    critic_loss     | 0.743    |
|    ent_coef        | 0.00813  |
|    ent_coef_loss   | 0.376    |
|    learning_rate   | 0.0003   |
|    n_updates       | 70999    |
---------------------------------
---------------------------------
| rollout/           |          |
|    ep_len_mean     | 1e+03    |
|    ep_rew_mean     | 3e+03    |
| time/              |          |
|    episodes        | 76       |
|    fps             | 82       |
|    time_elapsed    | 924      |
|    total_timesteps | 76000    |
| train/             |          |
|    actor_loss      | -350     |
|    critic_loss     | 0.0677   |
|    ent_coef        | 0.00791  |
|    ent_coef_loss   | -1.24    |
|    learning_rate   | 0.0003   |
|    n_updates       | 74999    |
---------------------------------
---------------------------------
| rollout/           |          |
|    ep_len_mean     | 1e+03    |
|    ep_rew_mean     | 3.02e+03 |
| time/              |          |
|    episodes        | 80       |
|    fps             | 81       |
|    time_elapsed    | 976      |
|    total_timesteps | 80000    |
| train/             |          |
|    actor_loss      | -351     |
|    critic_loss     | 0.106    |
|    ent_coef        | 0.00899  |
|    ent_coef_loss   | 0.24     |
|    learning_rate   | 0.0003   |
|    n_updates       | 78999    |
---------------------------------
---------------------------------
| rollout/           |          |
|    ep_len_mean     | 1e+03    |
|    ep_rew_mean     | 3.04e+03 |
| time/              |          |
|    episodes        | 84       |
|    fps             | 81       |
|    time_elapsed    | 1027     |
|    total_timesteps | 84000    |
| train/             |          |
|    actor_loss      | -354     |
|    critic_loss     | 0.232    |
|    ent_coef        | 0.00749  |
|    ent_coef_loss   | 0.294    |
|    learning_rate   | 0.0003   |
|    n_updates       | 82999    |
---------------------------------
---------------------------------
| rollout/           |          |
|    ep_len_mean     | 1e+03    |
|    ep_rew_mean     | 3.05e+03 |
| time/              |          |
|    episodes        | 88       |
|    fps             | 81       |
|    time_elapsed    | 1078     |
|    total_timesteps | 88000    |
| train/             |          |
|    actor_loss      | -349     |
|    critic_loss     | 0.0772   |
|    ent_coef        | 0.0099   |
|    ent_coef_loss   | 3.14     |
|    learning_rate   | 0.0003   |
|    n_updates       | 86999    |
---------------------------------
---------------------------------
| rollout/           |          |
|    ep_len_mean     | 1e+03    |
|    ep_rew_mean     | 3.07e+03 |
| time/              |          |
|    episodes        | 92       |
|    fps             | 81       |
|    time_elapsed    | 1128     |
|    total_timesteps | 92000    |
| train/             |          |
|    actor_loss      | -350     |
|    critic_loss     | 0.131    |
|    ent_coef        | 0.0117   |
|    ent_coef_loss   | -1.42    |
|    learning_rate   | 0.0003   |
|    n_updates       | 90999    |
---------------------------------
---------------------------------
| rollout/           |          |
|    ep_len_mean     | 1e+03    |
|    ep_rew_mean     | 3.08e+03 |
| time/              |          |
|    episodes        | 96       |
|    fps             | 81       |
|    time_elapsed    | 1183     |
|    total_timesteps | 96000    |
| train/             |          |
|    actor_loss      | -346     |
|    critic_loss     | 0.553    |
|    ent_coef        | 0.0102   |
|    ent_coef_loss   | 2.35     |
|    learning_rate   | 0.0003   |
|    n_updates       | 94999    |
---------------------------------
---------------------------------
| rollout/           |          |
|    ep_len_mean     | 1e+03    |
|    ep_rew_mean     | 3.1e+03  |
| time/              |          |
|    episodes        | 100      |
|    fps             | 80       |
|    time_elapsed    | 1234     |
|    total_timesteps | 100000   |
| train/             |          |
|    actor_loss      | -349     |
|    critic_loss     | 0.177    |
|    ent_coef        | 0.0105   |
|    ent_coef_loss   | -1.69    |
|    learning_rate   | 0.0003   |
|    n_updates       | 98999    |
---------------------------------
---------------------------------
| rollout/           |          |
|    ep_len_mean     | 1e+03    |
|    ep_rew_mean     | 3.34e+03 |
| time/              |          |
|    episodes        | 104      |
|    fps             | 81       |
|    time_elapsed    | 1283     |
|    total_timesteps | 104000   |
| train/             |          |
|    actor_loss      | -363     |
|    critic_loss     | 0.0854   |
|    ent_coef        | 0.0108   |
|    ent_coef_loss   | 0.217    |
|    learning_rate   | 0.0003   |
|    n_updates       | 102999   |
---------------------------------
---------------------------------
| rollout/           |          |
|    ep_len_mean     | 1e+03    |
|    ep_rew_mean     | 3.35e+03 |
| time/              |          |
|    episodes        | 108      |
|    fps             | 80       |
|    time_elapsed    | 1333     |
|    total_timesteps | 108000   |
| train/             |          |
|    actor_loss      | -359     |
|    critic_loss     | 0.128    |
|    ent_coef        | 0.0116   |
|    ent_coef_loss   | -1.54    |
|    learning_rate   | 0.0003   |
|    n_updates       | 106999   |
---------------------------------
---------------------------------
| rollout/           |          |
|    ep_len_mean     | 1e+03    |
|    ep_rew_mean     | 3.36e+03 |
| time/              |          |
|    episodes        | 112      |
|    fps             | 80       |
|    time_elapsed    | 1382     |
|    total_timesteps | 112000   |
| train/             |          |
|    actor_loss      | -358     |
|    critic_loss     | 0.0977   |
|    ent_coef        | 0.00897  |
|    ent_coef_loss   | -1.52    |
|    learning_rate   | 0.0003   |
|    n_updates       | 110999   |
---------------------------------
---------------------------------
| rollout/           |          |
|    ep_len_mean     | 1e+03    |
|    ep_rew_mean     | 3.36e+03 |
| time/              |          |
|    episodes        | 116      |
|    fps             | 80       |
|    time_elapsed    | 1432     |
|    total_timesteps | 116000   |
| train/             |          |
|    actor_loss      | -356     |
|    critic_loss     | 0.159    |
|    ent_coef        | 0.00954  |
|    ent_coef_loss   | 3.1      |
|    learning_rate   | 0.0003   |
|    n_updates       | 114999   |
---------------------------------
---------------------------------
| rollout/           |          |
|    ep_len_mean     | 1e+03    |
|    ep_rew_mean     | 3.37e+03 |
| time/              |          |
|    episodes        | 120      |
|    fps             | 80       |
|    time_elapsed    | 1482     |
|    total_timesteps | 120000   |
| train/             |          |
|    actor_loss      | -365     |
|    critic_loss     | 0.133    |
|    ent_coef        | 0.0084   |
|    ent_coef_loss   | 0.531    |
|    learning_rate   | 0.0003   |
|    n_updates       | 118999   |
---------------------------------
---------------------------------
| rollout/           |          |
|    ep_len_mean     | 989      |
|    ep_rew_mean     | 3.38e+03 |
| time/              |          |
|    episodes        | 124      |
|    fps             | 80       |
|    time_elapsed    | 1518     |
|    total_timesteps | 122909   |
| train/             |          |
|    actor_loss      | -360     |
|    critic_loss     | 2.4      |
|    ent_coef        | 0.0152   |
|    ent_coef_loss   | 6.85     |
|    learning_rate   | 0.0003   |
|    n_updates       | 121908   |
---------------------------------
---------------------------------
| rollout/           |          |
|    ep_len_mean     | 954      |
|    ep_rew_mean     | 3.27e+03 |
| time/              |          |
|    episodes        | 128      |
|    fps             | 80       |
|    time_elapsed    | 1524     |
|    total_timesteps | 123415   |
| train/             |          |
|    actor_loss      | -359     |
|    critic_loss     | 0.196    |
|    ent_coef        | 0.0202   |
|    ent_coef_loss   | 9.32     |
|    learning_rate   | 0.0003   |
|    n_updates       | 122414   |
---------------------------------
---------------------------------
| rollout/           |          |
|    ep_len_mean     | 930      |
|    ep_rew_mean     | 3.17e+03 |
| time/              |          |
|    episodes        | 132      |
|    fps             | 81       |
|    time_elapsed    | 1542     |
|    total_timesteps | 124978   |
| train/             |          |
|    actor_loss      | -379     |
|    critic_loss     | 1.42     |
|    ent_coef        | 0.0346   |
|    ent_coef_loss   | 9.99     |
|    learning_rate   | 0.0003   |
|    n_updates       | 123977   |
---------------------------------
---------------------------------
| rollout/           |          |
|    ep_len_mean     | 924      |
|    ep_rew_mean     | 3.16e+03 |
| time/              |          |
|    episodes        | 136      |
|    fps             | 81       |
|    time_elapsed    | 1583     |
|    total_timesteps | 128447   |
| train/             |          |
|    actor_loss      | -412     |
|    critic_loss     | 2.13     |
|    ent_coef        | 0.0777   |
|    ent_coef_loss   | 1.3      |
|    learning_rate   | 0.0003   |
|    n_updates       | 127446   |
---------------------------------
---------------------------------
| rollout/           |          |
|    ep_len_mean     | 889      |
|    ep_rew_mean     | 3.05e+03 |
| time/              |          |
|    episodes        | 140      |
|    fps             | 81       |
|    time_elapsed    | 1589     |
|    total_timesteps | 128879   |
| train/             |          |
|    actor_loss      | -430     |
|    critic_loss     | 0.288    |
|    ent_coef        | 0.084    |
|    ent_coef_loss   | 2        |
|    learning_rate   | 0.0003   |
|    n_updates       | 127878   |
---------------------------------
---------------------------------
| rollout/           |          |
|    ep_len_mean     | 855      |
|    ep_rew_mean     | 2.94e+03 |
| time/              |          |
|    episodes        | 144      |
|    fps             | 81       |
|    time_elapsed    | 1596     |
|    total_timesteps | 129467   |
| train/             |          |
|    actor_loss      | -423     |
|    critic_loss     | 0.687    |
|    ent_coef        | 0.094    |
|    ent_coef_loss   | 0.149    |
|    learning_rate   | 0.0003   |
|    n_updates       | 128466   |
---------------------------------
---------------------------------
| rollout/           |          |
|    ep_len_mean     | 819      |
|    ep_rew_mean     | 2.82e+03 |
| time/              |          |
|    episodes        | 148      |
|    fps             | 81       |
|    time_elapsed    | 1601     |
|    total_timesteps | 129884   |
| train/             |          |
|    actor_loss      | -441     |
|    critic_loss     | 1.68     |
|    ent_coef        | 0.1      |
|    ent_coef_loss   | 1.71     |
|    learning_rate   | 0.0003   |
|    n_updates       | 128883   |
---------------------------------
---------------------------------
| rollout/           |          |
|    ep_len_mean     | 783      |
|    ep_rew_mean     | 2.7e+03  |
| time/              |          |
|    episodes        | 152      |
|    fps             | 81       |
|    time_elapsed    | 1607     |
|    total_timesteps | 130321   |
| train/             |          |
|    actor_loss      | -449     |
|    critic_loss     | 1.58     |
|    ent_coef        | 0.11     |
|    ent_coef_loss   | 0.757    |
|    learning_rate   | 0.0003   |
|    n_updates       | 129320   |
---------------------------------
[HoldCurriculum] Advanced to hold=15 steps (success rate 60.0%, stage 1/2)
---------------------------------
| rollout/           |          |
|    ep_len_mean     | 748      |
|    ep_rew_mean     | 2.59e+03 |
| time/              |          |
|    episodes        | 156      |
|    fps             | 81       |
|    time_elapsed    | 1612     |
|    total_timesteps | 130786   |
| train/             |          |
|    actor_loss      | -460     |
|    critic_loss     | 8.31     |
|    ent_coef        | 0.119    |
|    ent_coef_loss   | -0.267   |
|    learning_rate   | 0.0003   |
|    n_updates       | 129785   |
---------------------------------
---------------------------------
| rollout/           |          |
|    ep_len_mean     | 715      |
|    ep_rew_mean     | 2.48e+03 |
| time/              |          |
|    episodes        | 160      |
|    fps             | 81       |
|    time_elapsed    | 1621     |
|    total_timesteps | 131476   |
| train/             |          |
|    actor_loss      | -458     |
|    critic_loss     | 0.69     |
|    ent_coef        | 0.128    |
|    ent_coef_loss   | 0.439    |
|    learning_rate   | 0.0003   |
|    n_updates       | 130475   |
---------------------------------
---------------------------------
| rollout/           |          |
|    ep_len_mean     | 688      |
|    ep_rew_mean     | 2.39e+03 |
| time/              |          |
|    episodes        | 164      |
|    fps             | 81       |
|    time_elapsed    | 1639     |
|    total_timesteps | 132850   |
| train/             |          |
|    actor_loss      | -493     |
|    critic_loss     | 6.88     |
|    ent_coef        | 0.137    |
|    ent_coef_loss   | 1.02     |
|    learning_rate   | 0.0003   |
|    n_updates       | 131849   |
---------------------------------
---------------------------------
| rollout/           |          |
|    ep_len_mean     | 675      |
|    ep_rew_mean     | 2.33e+03 |
| time/              |          |
|    episodes        | 168      |
|    fps             | 80       |
|    time_elapsed    | 1673     |
|    total_timesteps | 135474   |
| train/             |          |
|    actor_loss      | -527     |
|    critic_loss     | 4.3      |
|    ent_coef        | 0.143    |
|    ent_coef_loss   | 0.38     |
|    learning_rate   | 0.0003   |
|    n_updates       | 134473   |
---------------------------------
---------------------------------
| rollout/           |          |
|    ep_len_mean     | 675      |
|    ep_rew_mean     | 2.4e+03  |
| time/              |          |
|    episodes        | 172      |
|    fps             | 80       |
|    time_elapsed    | 1722     |
|    total_timesteps | 139474   |
| train/             |          |
|    actor_loss      | -546     |
|    critic_loss     | 2.67     |
|    ent_coef        | 0.139    |
|    ent_coef_loss   | 0.697    |
|    learning_rate   | 0.0003   |
|    n_updates       | 138473   |
---------------------------------
---------------------------------
| rollout/           |          |
|    ep_len_mean     | 675      |
|    ep_rew_mean     | 2.84e+03 |
| time/              |          |
|    episodes        | 176      |
|    fps             | 80       |
|    time_elapsed    | 1771     |
|    total_timesteps | 143474   |
| train/             |          |
|    actor_loss      | -655     |
|    critic_loss     | 10.4     |
|    ent_coef        | 0.314    |
|    ent_coef_loss   | 0.28     |
|    learning_rate   | 0.0003   |
|    n_updates       | 142473   |
---------------------------------
---------------------------------
| rollout/           |          |
|    ep_len_mean     | 655      |
|    ep_rew_mean     | 3.03e+03 |
| time/              |          |
|    episodes        | 180      |
|    fps             | 80       |
|    time_elapsed    | 1797     |
|    total_timesteps | 145537   |
| train/             |          |
|    actor_loss      | -717     |
|    critic_loss     | 15       |
|    ent_coef        | 0.346    |
|    ent_coef_loss   | 0.0865   |
|    learning_rate   | 0.0003   |
|    n_updates       | 144536   |
---------------------------------
---------------------------------
| rollout/           |          |
|    ep_len_mean     | 640      |
|    ep_rew_mean     | 3.14e+03 |
| time/              |          |
|    episodes        | 184      |
|    fps             | 80       |
|    time_elapsed    | 1828     |
|    total_timesteps | 148023   |
| train/             |          |
|    actor_loss      | -779     |
|    critic_loss     | 33.2     |
|    ent_coef        | 0.331    |
|    ent_coef_loss   | -0.172   |
|    learning_rate   | 0.0003   |
|    n_updates       | 147022   |
---------------------------------
---------------------------------
| rollout/           |          |
|    ep_len_mean     | 623      |
|    ep_rew_mean     | 3.33e+03 |
| time/              |          |
|    episodes        | 188      |
|    fps             | 80       |
|    time_elapsed    | 1855     |
|    total_timesteps | 150263   |
| train/             |          |
|    actor_loss      | -873     |
|    critic_loss     | 36.7     |
|    ent_coef        | 0.423    |
|    ent_coef_loss   | 0.448    |
|    learning_rate   | 0.0003   |
|    n_updates       | 149262   |
---------------------------------
---------------------------------
| rollout/           |          |
|    ep_len_mean     | 614      |
|    ep_rew_mean     | 3.75e+03 |
| time/              |          |
|    episodes        | 192      |
|    fps             | 80       |
|    time_elapsed    | 1900     |
|    total_timesteps | 153403   |
| train/             |          |
|    actor_loss      | -971     |
|    critic_loss     | 67       |
|    ent_coef        | 0.422    |
|    ent_coef_loss   | -0.0456  |
|    learning_rate   | 0.0003   |
|    n_updates       | 152402   |
---------------------------------
