[2026-06-23T15:06:42] Starting Fischer session: algorithm=SAC, timesteps=500,000, direction=EAST, actuation=muscle, waypoints=[[2.5, 0.8], [0.2, 1.1], [1.8, -1.3]]
[2026-06-23T15:06:42] Save dir: C:\Users\ranjo\OneDrive\Desktop\ARM-Model\project_assets\outputs\Parallel_Seeds\seed_020
[2026-06-23T15:06:42] Waypoint mode active: 3 waypoints, current_waypoint_index=0 at every episode reset
Using cpu device
Wrapping the env with a `Monitor` wrapper
Wrapping the env in a DummyVecEnv.
[HoldCurriculum] Initial hold requirement: 10 steps (ladder: [10, 15, 20], threshold: 60%)
----------------------------------
| rollout/           |           |
|    ep_len_mean     | 1e+03     |
|    ep_rew_mean     | -5.12e+03 |
| time/              |           |
|    episodes        | 4         |
|    fps             | 120       |
|    time_elapsed    | 33        |
|    total_timesteps | 4000      |
| train/             |           |
|    actor_loss      | 45.3      |
|    critic_loss     | 0.42      |
|    ent_coef        | 0.411     |
|    ent_coef_loss   | -5.59     |
|    learning_rate   | 0.0003    |
|    n_updates       | 2999      |
----------------------------------
----------------------------------
| rollout/           |           |
|    ep_len_mean     | 1e+03     |
|    ep_rew_mean     | -4.19e+03 |
| time/              |           |
|    episodes        | 8         |
|    fps             | 103       |
|    time_elapsed    | 77        |
|    total_timesteps | 8000      |
| train/             |           |
|    actor_loss      | 72.4      |
|    critic_loss     | 18.6      |
|    ent_coef        | 0.155     |
|    ent_coef_loss   | -3.98     |
|    learning_rate   | 0.0003    |
|    n_updates       | 6999      |
----------------------------------
----------------------------------
| rollout/           |           |
|    ep_len_mean     | 1e+03     |
|    ep_rew_mean     | -4.45e+03 |
| time/              |           |
|    episodes        | 12        |
|    fps             | 0         |
|    time_elapsed    | 21620     |
|    total_timesteps | 12000     |
| train/             |           |
|    actor_loss      | 92.8      |
|    critic_loss     | 17.4      |
|    ent_coef        | 0.158     |
|    ent_coef_loss   | 0.669     |
|    learning_rate   | 0.0003    |
|    n_updates       | 10999     |
----------------------------------
----------------------------------
| rollout/           |           |
|    ep_len_mean     | 1e+03     |
|    ep_rew_mean     | -4.15e+03 |
| time/              |           |
|    episodes        | 16        |
|    fps             | 0         |
|    time_elapsed    | 21665     |
|    total_timesteps | 16000     |
| train/             |           |
|    actor_loss      | 66.2      |
|    critic_loss     | 18.9      |
|    ent_coef        | 0.227     |
|    ent_coef_loss   | 0.143     |
|    learning_rate   | 0.0003    |
|    n_updates       | 14999     |
----------------------------------
----------------------------------
| rollout/           |           |
|    ep_len_mean     | 1e+03     |
|    ep_rew_mean     | -4.02e+03 |
| time/              |           |
|    episodes        | 20        |
|    fps             | 0         |
|    time_elapsed    | 21712     |
|    total_timesteps | 20000     |
| train/             |           |
|    actor_loss      | 71.7      |
|    critic_loss     | 22.6      |
|    ent_coef        | 0.169     |
|    ent_coef_loss   | -0.354    |
|    learning_rate   | 0.0003    |
|    n_updates       | 18999     |
----------------------------------
----------------------------------
| rollout/           |           |
|    ep_len_mean     | 1e+03     |
|    ep_rew_mean     | -3.64e+03 |
| time/              |           |
|    episodes        | 24        |
|    fps             | 1         |
|    time_elapsed    | 21760     |
|    total_timesteps | 24000     |
| train/             |           |
|    actor_loss      | 0.506     |
|    critic_loss     | 18        |
|    ent_coef        | 0.198     |
|    ent_coef_loss   | 0.359     |
|    learning_rate   | 0.0003    |
|    n_updates       | 22999     |
----------------------------------
----------------------------------
| rollout/           |           |
|    ep_len_mean     | 1e+03     |
|    ep_rew_mean     | -3.49e+03 |
| time/              |           |
|    episodes        | 28        |
|    fps             | 1         |
|    time_elapsed    | 21807     |
|    total_timesteps | 28000     |
| train/             |           |
|    actor_loss      | -13.6     |
|    critic_loss     | 9.24      |
|    ent_coef        | 0.207     |
|    ent_coef_loss   | -1.02     |
|    learning_rate   | 0.0003    |
|    n_updates       | 26999     |
----------------------------------
----------------------------------
| rollout/           |           |
|    ep_len_mean     | 1e+03     |
|    ep_rew_mean     | -3.11e+03 |
| time/              |           |
|    episodes        | 32        |
|    fps             | 1         |
|    time_elapsed    | 21855     |
|    total_timesteps | 32000     |
| train/             |           |
|    actor_loss      | -23.2     |
|    critic_loss     | 9.24      |
|    ent_coef        | 0.172     |
|    ent_coef_loss   | -0.126    |
|    learning_rate   | 0.0003    |
|    n_updates       | 30999     |
----------------------------------
----------------------------------
| rollout/           |           |
|    ep_len_mean     | 1e+03     |
|    ep_rew_mean     | -2.96e+03 |
| time/              |           |
|    episodes        | 36        |
|    fps             | 1         |
|    time_elapsed    | 21902     |
|    total_timesteps | 36000     |
| train/             |           |
|    actor_loss      | -22.6     |
|    critic_loss     | 8.12      |
|    ent_coef        | 0.19      |
|    ent_coef_loss   | -0.0952   |
|    learning_rate   | 0.0003    |
|    n_updates       | 34999     |
----------------------------------
----------------------------------
| rollout/           |           |
|    ep_len_mean     | 1e+03     |
|    ep_rew_mean     | -2.78e+03 |
| time/              |           |
|    episodes        | 40        |
|    fps             | 1         |
|    time_elapsed    | 21950     |
|    total_timesteps | 40000     |
| train/             |           |
|    actor_loss      | -23       |
|    critic_loss     | 10.2      |
|    ent_coef        | 0.19      |
|    ent_coef_loss   | 0.756     |
|    learning_rate   | 0.0003    |
|    n_updates       | 38999     |
----------------------------------
----------------------------------
| rollout/           |           |
|    ep_len_mean     | 1e+03     |
|    ep_rew_mean     | -2.64e+03 |
| time/              |           |
|    episodes        | 44        |
|    fps             | 2         |
|    time_elapsed    | 21993     |
|    total_timesteps | 44000     |
| train/             |           |
|    actor_loss      | -16.7     |
|    critic_loss     | 6.97      |
|    ent_coef        | 0.247     |
|    ent_coef_loss   | -0.423    |
|    learning_rate   | 0.0003    |
|    n_updates       | 42999     |
----------------------------------
----------------------------------
| rollout/           |           |
|    ep_len_mean     | 1e+03     |
|    ep_rew_mean     | -2.54e+03 |
| time/              |           |
|    episodes        | 48        |
|    fps             | 2         |
|    time_elapsed    | 22035     |
|    total_timesteps | 48000     |
| train/             |           |
|    actor_loss      | -44.1     |
|    critic_loss     | 8.53      |
|    ent_coef        | 0.243     |
|    ent_coef_loss   | -0.781    |
|    learning_rate   | 0.0003    |
|    n_updates       | 46999     |
----------------------------------
----------------------------------
| rollout/           |           |
|    ep_len_mean     | 1e+03     |
|    ep_rew_mean     | -2.49e+03 |
| time/              |           |
|    episodes        | 52        |
|    fps             | 2         |
|    time_elapsed    | 22078     |
|    total_timesteps | 52000     |
| train/             |           |
|    actor_loss      | -74.6     |
|    critic_loss     | 11.2      |
|    ent_coef        | 0.181     |
|    ent_coef_loss   | -1.17     |
|    learning_rate   | 0.0003    |
|    n_updates       | 50999     |
----------------------------------
----------------------------------
| rollout/           |           |
|    ep_len_mean     | 1e+03     |
|    ep_rew_mean     | -2.43e+03 |
| time/              |           |
|    episodes        | 56        |
|    fps             | 2         |
|    time_elapsed    | 22121     |
|    total_timesteps | 56000     |
| train/             |           |
|    actor_loss      | -43.2     |
|    critic_loss     | 7.86      |
|    ent_coef        | 0.199     |
|    ent_coef_loss   | -0.145    |
|    learning_rate   | 0.0003    |
|    n_updates       | 54999     |
----------------------------------
----------------------------------
| rollout/           |           |
|    ep_len_mean     | 1e+03     |
|    ep_rew_mean     | -2.33e+03 |
| time/              |           |
|    episodes        | 60        |
|    fps             | 2         |
|    time_elapsed    | 22164     |
|    total_timesteps | 60000     |
| train/             |           |
|    actor_loss      | -89.4     |
|    critic_loss     | 5.85      |
|    ent_coef        | 0.235     |
|    ent_coef_loss   | 0.465     |
|    learning_rate   | 0.0003    |
|    n_updates       | 58999     |
----------------------------------
----------------------------------
| rollout/           |           |
|    ep_len_mean     | 1e+03     |
|    ep_rew_mean     | -2.28e+03 |
| time/              |           |
|    episodes        | 64        |
|    fps             | 2         |
|    time_elapsed    | 22208     |
|    total_timesteps | 64000     |
| train/             |           |
|    actor_loss      | -63.7     |
|    critic_loss     | 3.28      |
|    ent_coef        | 0.18      |
|    ent_coef_loss   | 0.0939    |
|    learning_rate   | 0.0003    |
|    n_updates       | 62999     |
----------------------------------
----------------------------------
| rollout/           |           |
|    ep_len_mean     | 1e+03     |
|    ep_rew_mean     | -2.22e+03 |
| time/              |           |
|    episodes        | 68        |
|    fps             | 3         |
|    time_elapsed    | 22251     |
|    total_timesteps | 68000     |
| train/             |           |
|    actor_loss      | -62       |
|    critic_loss     | 10.4      |
|    ent_coef        | 0.142     |
|    ent_coef_loss   | -0.356    |
|    learning_rate   | 0.0003    |
|    n_updates       | 66999     |
----------------------------------
----------------------------------
| rollout/           |           |
|    ep_len_mean     | 1e+03     |
|    ep_rew_mean     | -2.18e+03 |
| time/              |           |
|    episodes        | 72        |
|    fps             | 3         |
|    time_elapsed    | 22295     |
|    total_timesteps | 72000     |
| train/             |           |
|    actor_loss      | -38       |
|    critic_loss     | 4.77      |
|    ent_coef        | 0.137     |
|    ent_coef_loss   | -1.17     |
|    learning_rate   | 0.0003    |
|    n_updates       | 70999     |
----------------------------------
----------------------------------
| rollout/           |           |
|    ep_len_mean     | 1e+03     |
|    ep_rew_mean     | -2.16e+03 |
| time/              |           |
|    episodes        | 76        |
|    fps             | 3         |
|    time_elapsed    | 22339     |
|    total_timesteps | 76000     |
| train/             |           |
|    actor_loss      | -46.9     |
|    critic_loss     | 4.24      |
|    ent_coef        | 0.131     |
|    ent_coef_loss   | -0.285    |
|    learning_rate   | 0.0003    |
|    n_updates       | 74999     |
----------------------------------
----------------------------------
| rollout/           |           |
|    ep_len_mean     | 1e+03     |
|    ep_rew_mean     | -2.12e+03 |
| time/              |           |
|    episodes        | 80        |
|    fps             | 3         |
|    time_elapsed    | 22382     |
|    total_timesteps | 80000     |
| train/             |           |
|    actor_loss      | -45.4     |
|    critic_loss     | 8.6       |
|    ent_coef        | 0.133     |
|    ent_coef_loss   | 0.686     |
|    learning_rate   | 0.0003    |
|    n_updates       | 78999     |
----------------------------------
----------------------------------
| rollout/           |           |
|    ep_len_mean     | 1e+03     |
|    ep_rew_mean     | -2.06e+03 |
| time/              |           |
|    episodes        | 84        |
|    fps             | 3         |
|    time_elapsed    | 22427     |
|    total_timesteps | 84000     |
| train/             |           |
|    actor_loss      | -40.5     |
|    critic_loss     | 3.2       |
|    ent_coef        | 0.116     |
|    ent_coef_loss   | 0.277     |
|    learning_rate   | 0.0003    |
|    n_updates       | 82999     |
----------------------------------
----------------------------------
| rollout/           |           |
|    ep_len_mean     | 1e+03     |
|    ep_rew_mean     | -1.99e+03 |
| time/              |           |
|    episodes        | 88        |
|    fps             | 3         |
|    time_elapsed    | 22471     |
|    total_timesteps | 88000     |
| train/             |           |
|    actor_loss      | -44.5     |
|    critic_loss     | 4.99      |
|    ent_coef        | 0.122     |
|    ent_coef_loss   | -0.234    |
|    learning_rate   | 0.0003    |
|    n_updates       | 86999     |
----------------------------------
----------------------------------
| rollout/           |           |
|    ep_len_mean     | 1e+03     |
|    ep_rew_mean     | -1.92e+03 |
| time/              |           |
|    episodes        | 92        |
|    fps             | 4         |
|    time_elapsed    | 22514     |
|    total_timesteps | 92000     |
| train/             |           |
|    actor_loss      | -42.9     |
|    critic_loss     | 3.4       |
|    ent_coef        | 0.124     |
|    ent_coef_loss   | 0.365     |
|    learning_rate   | 0.0003    |
|    n_updates       | 90999     |
----------------------------------
----------------------------------
| rollout/           |           |
|    ep_len_mean     | 1e+03     |
|    ep_rew_mean     | -1.85e+03 |
| time/              |           |
|    episodes        | 96        |
|    fps             | 4         |
|    time_elapsed    | 22559     |
|    total_timesteps | 96000     |
| train/             |           |
|    actor_loss      | -46.6     |
|    critic_loss     | 3.17      |
|    ent_coef        | 0.154     |
|    ent_coef_loss   | 0.311     |
|    learning_rate   | 0.0003    |
|    n_updates       | 94999     |
----------------------------------
----------------------------------
| rollout/           |           |
|    ep_len_mean     | 1e+03     |
|    ep_rew_mean     | -1.76e+03 |
| time/              |           |
|    episodes        | 100       |
|    fps             | 4         |
|    time_elapsed    | 22602     |
|    total_timesteps | 100000    |
| train/             |           |
|    actor_loss      | -52.8     |
|    critic_loss     | 3.46      |
|    ent_coef        | 0.125     |
|    ent_coef_loss   | -0.296    |
|    learning_rate   | 0.0003    |
|    n_updates       | 98999     |
----------------------------------
----------------------------------
| rollout/           |           |
|    ep_len_mean     | 1e+03     |
|    ep_rew_mean     | -1.56e+03 |
| time/              |           |
|    episodes        | 104       |
|    fps             | 4         |
|    time_elapsed    | 22645     |
|    total_timesteps | 104000    |
| train/             |           |
|    actor_loss      | -45.3     |
|    critic_loss     | 5.3       |
|    ent_coef        | 0.121     |
|    ent_coef_loss   | -0.771    |
|    learning_rate   | 0.0003    |
|    n_updates       | 102999    |
----------------------------------
----------------------------------
| rollout/           |           |
|    ep_len_mean     | 1e+03     |
|    ep_rew_mean     | -1.45e+03 |
| time/              |           |
|    episodes        | 108       |
|    fps             | 4         |
|    time_elapsed    | 22689     |
|    total_timesteps | 108000    |
| train/             |           |
|    actor_loss      | -45.2     |
|    critic_loss     | 72.9      |
|    ent_coef        | 0.116     |
|    ent_coef_loss   | 0.8       |
|    learning_rate   | 0.0003    |
|    n_updates       | 106999    |
----------------------------------
----------------------------------
| rollout/           |           |
|    ep_len_mean     | 1e+03     |
|    ep_rew_mean     | -1.29e+03 |
| time/              |           |
|    episodes        | 112       |
|    fps             | 4         |
|    time_elapsed    | 22732     |
|    total_timesteps | 112000    |
| train/             |           |
|    actor_loss      | -29.4     |
|    critic_loss     | 2.98      |
|    ent_coef        | 0.1       |
|    ent_coef_loss   | 0.17      |
|    learning_rate   | 0.0003    |
|    n_updates       | 110999    |
----------------------------------
----------------------------------
| rollout/           |           |
|    ep_len_mean     | 1e+03     |
|    ep_rew_mean     | -1.17e+03 |
| time/              |           |
|    episodes        | 116       |
|    fps             | 5         |
|    time_elapsed    | 22776     |
|    total_timesteps | 116000    |
| train/             |           |
|    actor_loss      | -49.7     |
|    critic_loss     | 5.36      |
|    ent_coef        | 0.103     |
|    ent_coef_loss   | 1.23      |
|    learning_rate   | 0.0003    |
|    n_updates       | 114999    |
----------------------------------
----------------------------------
| rollout/           |           |
|    ep_len_mean     | 1e+03     |
|    ep_rew_mean     | -1.03e+03 |
| time/              |           |
|    episodes        | 120       |
|    fps             | 5         |
|    time_elapsed    | 22820     |
|    total_timesteps | 120000    |
| train/             |           |
|    actor_loss      | -45.3     |
|    critic_loss     | 15.5      |
|    ent_coef        | 0.112     |
|    ent_coef_loss   | -0.136    |
|    learning_rate   | 0.0003    |
|    n_updates       | 118999    |
----------------------------------
---------------------------------
| rollout/           |          |
|    ep_len_mean     | 1e+03    |
|    ep_rew_mean     | -943     |
| time/              |          |
|    episodes        | 124      |
|    fps             | 5        |
|    time_elapsed    | 22864    |
|    total_timesteps | 124000   |
| train/             |          |
|    actor_loss      | -55.2    |
|    critic_loss     | 6.68     |
|    ent_coef        | 0.121    |
|    ent_coef_loss   | -0.439   |
|    learning_rate   | 0.0003   |
|    n_updates       | 122999   |
---------------------------------
---------------------------------
| rollout/           |          |
|    ep_len_mean     | 1e+03    |
|    ep_rew_mean     | -826     |
| time/              |          |
|    episodes        | 128      |
|    fps             | 5        |
|    time_elapsed    | 22907    |
|    total_timesteps | 128000   |
| train/             |          |
|    actor_loss      | -65.7    |
|    critic_loss     | 3.46     |
|    ent_coef        | 0.129    |
|    ent_coef_loss   | 0.153    |
|    learning_rate   | 0.0003   |
|    n_updates       | 126999   |
---------------------------------
---------------------------------
| rollout/           |          |
|    ep_len_mean     | 1e+03    |
|    ep_rew_mean     | -813     |
| time/              |          |
|    episodes        | 132      |
|    fps             | 5        |
|    time_elapsed    | 22951    |
|    total_timesteps | 132000   |
| train/             |          |
|    actor_loss      | -92      |
|    critic_loss     | 4.44     |
|    ent_coef        | 0.132    |
|    ent_coef_loss   | 0.695    |
|    learning_rate   | 0.0003   |
|    n_updates       | 130999   |
---------------------------------
---------------------------------
| rollout/           |          |
|    ep_len_mean     | 1e+03    |
|    ep_rew_mean     | -732     |
| time/              |          |
|    episodes        | 136      |
|    fps             | 5        |
|    time_elapsed    | 22995    |
|    total_timesteps | 136000   |
| train/             |          |
|    actor_loss      | -92.4    |
|    critic_loss     | 6.84     |
|    ent_coef        | 0.143    |
|    ent_coef_loss   | -0.103   |
|    learning_rate   | 0.0003   |
|    n_updates       | 134999   |
---------------------------------
---------------------------------
| rollout/           |          |
|    ep_len_mean     | 1e+03    |
|    ep_rew_mean     | -676     |
| time/              |          |
|    episodes        | 140      |
|    fps             | 6        |
|    time_elapsed    | 23039    |
|    total_timesteps | 140000   |
| train/             |          |
|    actor_loss      | -151     |
|    critic_loss     | 8.17     |
|    ent_coef        | 0.198    |
|    ent_coef_loss   | -0.57    |
|    learning_rate   | 0.0003   |
|    n_updates       | 138999   |
---------------------------------
---------------------------------
| rollout/           |          |
|    ep_len_mean     | 1e+03    |
|    ep_rew_mean     | -648     |
| time/              |          |
|    episodes        | 144      |
|    fps             | 6        |
|    time_elapsed    | 23083    |
|    total_timesteps | 144000   |
| train/             |          |
|    actor_loss      | -198     |
|    critic_loss     | 7.54     |
|    ent_coef        | 0.141    |
|    ent_coef_loss   | -1.26    |
|    learning_rate   | 0.0003   |
|    n_updates       | 142999   |
---------------------------------
---------------------------------
| rollout/           |          |
|    ep_len_mean     | 1e+03    |
|    ep_rew_mean     | -609     |
| time/              |          |
|    episodes        | 148      |
|    fps             | 6        |
|    time_elapsed    | 23127    |
|    total_timesteps | 148000   |
| train/             |          |
|    actor_loss      | -188     |
|    critic_loss     | 13.4     |
|    ent_coef        | 0.182    |
|    ent_coef_loss   | -0.315   |
|    learning_rate   | 0.0003   |
|    n_updates       | 146999   |
---------------------------------
---------------------------------
| rollout/           |          |
|    ep_len_mean     | 1e+03    |
|    ep_rew_mean     | -532     |
| time/              |          |
|    episodes        | 152      |
|    fps             | 6        |
|    time_elapsed    | 23171    |
|    total_timesteps | 152000   |
| train/             |          |
|    actor_loss      | -276     |
|    critic_loss     | 6.61     |
|    ent_coef        | 0.195    |
|    ent_coef_loss   | 1.43     |
|    learning_rate   | 0.0003   |
|    n_updates       | 150999   |
---------------------------------
---------------------------------
| rollout/           |          |
|    ep_len_mean     | 1e+03    |
|    ep_rew_mean     | -444     |
| time/              |          |
|    episodes        | 156      |
|    fps             | 6        |
|    time_elapsed    | 23215    |
|    total_timesteps | 156000   |
| train/             |          |
|    actor_loss      | -270     |
|    critic_loss     | 19.8     |
|    ent_coef        | 0.185    |
|    ent_coef_loss   | 0.134    |
|    learning_rate   | 0.0003   |
|    n_updates       | 154999   |
---------------------------------
---------------------------------
| rollout/           |          |
|    ep_len_mean     | 1e+03    |
|    ep_rew_mean     | -394     |
| time/              |          |
|    episodes        | 160      |
|    fps             | 6        |
|    time_elapsed    | 23259    |
|    total_timesteps | 160000   |
| train/             |          |
|    actor_loss      | -264     |
|    critic_loss     | 4.51     |
|    ent_coef        | 0.119    |
|    ent_coef_loss   | -0.671   |
|    learning_rate   | 0.0003   |
|    n_updates       | 158999   |
---------------------------------
---------------------------------
| rollout/           |          |
|    ep_len_mean     | 1e+03    |
|    ep_rew_mean     | -330     |
| time/              |          |
|    episodes        | 164      |
|    fps             | 7        |
|    time_elapsed    | 23303    |
|    total_timesteps | 164000   |
| train/             |          |
|    actor_loss      | -247     |
|    critic_loss     | 3.44     |
|    ent_coef        | 0.118    |
|    ent_coef_loss   | -0.113   |
|    learning_rate   | 0.0003   |
|    n_updates       | 162999   |
---------------------------------
---------------------------------
| rollout/           |          |
|    ep_len_mean     | 1e+03    |
|    ep_rew_mean     | -300     |
| time/              |          |
|    episodes        | 168      |
|    fps             | 7        |
|    time_elapsed    | 23347    |
|    total_timesteps | 168000   |
| train/             |          |
|    actor_loss      | -239     |
|    critic_loss     | 3.32     |
|    ent_coef        | 0.09     |
|    ent_coef_loss   | 0.38     |
|    learning_rate   | 0.0003   |
|    n_updates       | 166999   |
---------------------------------
---------------------------------
| rollout/           |          |
|    ep_len_mean     | 1e+03    |
|    ep_rew_mean     | -249     |
| time/              |          |
|    episodes        | 172      |
|    fps             | 7        |
|    time_elapsed    | 23391    |
|    total_timesteps | 172000   |
| train/             |          |
|    actor_loss      | -225     |
|    critic_loss     | 2.76     |
|    ent_coef        | 0.092    |
|    ent_coef_loss   | 0.708    |
|    learning_rate   | 0.0003   |
|    n_updates       | 170999   |
---------------------------------
---------------------------------
| rollout/           |          |
|    ep_len_mean     | 1e+03    |
|    ep_rew_mean     | -219     |
| time/              |          |
|    episodes        | 176      |
|    fps             | 7        |
|    time_elapsed    | 23435    |
|    total_timesteps | 176000   |
| train/             |          |
|    actor_loss      | -206     |
|    critic_loss     | 2.99     |
|    ent_coef        | 0.102    |
|    ent_coef_loss   | 0.303    |
|    learning_rate   | 0.0003   |
|    n_updates       | 174999   |
---------------------------------
---------------------------------
| rollout/           |          |
|    ep_len_mean     | 1e+03    |
|    ep_rew_mean     | -205     |
| time/              |          |
|    episodes        | 180      |
|    fps             | 7        |
|    time_elapsed    | 23479    |
|    total_timesteps | 180000   |
| train/             |          |
|    actor_loss      | -200     |
|    critic_loss     | 4.6      |
|    ent_coef        | 0.0897   |
|    ent_coef_loss   | 0.208    |
|    learning_rate   | 0.0003   |
|    n_updates       | 178999   |
---------------------------------
---------------------------------
| rollout/           |          |
|    ep_len_mean     | 1e+03    |
|    ep_rew_mean     | -224     |
| time/              |          |
|    episodes        | 184      |
|    fps             | 7        |
|    time_elapsed    | 23523    |
|    total_timesteps | 184000   |
| train/             |          |
|    actor_loss      | -193     |
|    critic_loss     | 2.15     |
|    ent_coef        | 0.0729   |
|    ent_coef_loss   | 0.0891   |
|    learning_rate   | 0.0003   |
|    n_updates       | 182999   |
---------------------------------
---------------------------------
| rollout/           |          |
|    ep_len_mean     | 1e+03    |
|    ep_rew_mean     | -251     |
| time/              |          |
|    episodes        | 188      |
|    fps             | 7        |
|    time_elapsed    | 23567    |
|    total_timesteps | 188000   |
| train/             |          |
|    actor_loss      | -158     |
|    critic_loss     | 1.86     |
|    ent_coef        | 0.0812   |
|    ent_coef_loss   | -0.551   |
|    learning_rate   | 0.0003   |
|    n_updates       | 186999   |
---------------------------------
---------------------------------
| rollout/           |          |
|    ep_len_mean     | 1e+03    |
|    ep_rew_mean     | -235     |
| time/              |          |
|    episodes        | 192      |
|    fps             | 8        |
|    time_elapsed    | 23611    |
|    total_timesteps | 192000   |
| train/             |          |
|    actor_loss      | -163     |
|    critic_loss     | 2.69     |
|    ent_coef        | 0.0866   |
|    ent_coef_loss   | 0.275    |
|    learning_rate   | 0.0003   |
|    n_updates       | 190999   |
---------------------------------
---------------------------------
| rollout/           |          |
|    ep_len_mean     | 1e+03    |
|    ep_rew_mean     | -228     |
| time/              |          |
|    episodes        | 196      |
|    fps             | 8        |
|    time_elapsed    | 23655    |
|    total_timesteps | 196000   |
| train/             |          |
|    actor_loss      | -170     |
|    critic_loss     | 8.32     |
|    ent_coef        | 0.0702   |
|    ent_coef_loss   | 0.744    |
|    learning_rate   | 0.0003   |
|    n_updates       | 194999   |
---------------------------------
---------------------------------
| rollout/           |          |
|    ep_len_mean     | 1e+03    |
|    ep_rew_mean     | -233     |
| time/              |          |
|    episodes        | 200      |
|    fps             | 8        |
|    time_elapsed    | 23700    |
|    total_timesteps | 200000   |
| train/             |          |
|    actor_loss      | -157     |
|    critic_loss     | 2.55     |
|    ent_coef        | 0.0797   |
|    ent_coef_loss   | 0.537    |
|    learning_rate   | 0.0003   |
|    n_updates       | 198999   |
---------------------------------
---------------------------------
| rollout/           |          |
|    ep_len_mean     | 1e+03    |
|    ep_rew_mean     | -217     |
| time/              |          |
|    episodes        | 204      |
|    fps             | 8        |
|    time_elapsed    | 23744    |
|    total_timesteps | 204000   |
| train/             |          |
|    actor_loss      | -175     |
|    critic_loss     | 3.44     |
|    ent_coef        | 0.0806   |
|    ent_coef_loss   | 0.455    |
|    learning_rate   | 0.0003   |
|    n_updates       | 202999   |
---------------------------------
---------------------------------
| rollout/           |          |
|    ep_len_mean     | 1e+03    |
|    ep_rew_mean     | -187     |
| time/              |          |
|    episodes        | 208      |
|    fps             | 8        |
|    time_elapsed    | 23788    |
|    total_timesteps | 208000   |
| train/             |          |
|    actor_loss      | -157     |
|    critic_loss     | 1.75     |
|    ent_coef        | 0.0616   |
|    ent_coef_loss   | -1.62    |
|    learning_rate   | 0.0003   |
|    n_updates       | 206999   |
---------------------------------
---------------------------------
| rollout/           |          |
|    ep_len_mean     | 1e+03    |
|    ep_rew_mean     | -137     |
| time/              |          |
|    episodes        | 212      |
|    fps             | 8        |
|    time_elapsed    | 23834    |
|    total_timesteps | 212000   |
| train/             |          |
|    actor_loss      | -150     |
|    critic_loss     | 2.33     |
|    ent_coef        | 0.0638   |
|    ent_coef_loss   | -0.491   |
|    learning_rate   | 0.0003   |
|    n_updates       | 210999   |
---------------------------------
---------------------------------
| rollout/           |          |
|    ep_len_mean     | 1e+03    |
|    ep_rew_mean     | -110     |
| time/              |          |
|    episodes        | 216      |
|    fps             | 9        |
|    time_elapsed    | 23879    |
|    total_timesteps | 216000   |
| train/             |          |
|    actor_loss      | -163     |
|    critic_loss     | 3.11     |
|    ent_coef        | 0.061    |
|    ent_coef_loss   | 0.8      |
|    learning_rate   | 0.0003   |
|    n_updates       | 214999   |
---------------------------------
---------------------------------
| rollout/           |          |
|    ep_len_mean     | 1e+03    |
|    ep_rew_mean     | -95.5    |
| time/              |          |
|    episodes        | 220      |
|    fps             | 9        |
|    time_elapsed    | 23924    |
|    total_timesteps | 220000   |
| train/             |          |
|    actor_loss      | -161     |
|    critic_loss     | 1.55     |
|    ent_coef        | 0.0637   |
|    ent_coef_loss   | -0.803   |
|    learning_rate   | 0.0003   |
|    n_updates       | 218999   |
---------------------------------
---------------------------------
| rollout/           |          |
|    ep_len_mean     | 1e+03    |
|    ep_rew_mean     | -86.6    |
| time/              |          |
|    episodes        | 224      |
|    fps             | 9        |
|    time_elapsed    | 23970    |
|    total_timesteps | 224000   |
| train/             |          |
|    actor_loss      | -164     |
|    critic_loss     | 1.19     |
|    ent_coef        | 0.0497   |
|    ent_coef_loss   | -1.22    |
|    learning_rate   | 0.0003   |
|    n_updates       | 222999   |
---------------------------------
---------------------------------
| rollout/           |          |
|    ep_len_mean     | 1e+03    |
|    ep_rew_mean     | -74.2    |
| time/              |          |
|    episodes        | 228      |
|    fps             | 9        |
|    time_elapsed    | 24016    |
|    total_timesteps | 228000   |
| train/             |          |
|    actor_loss      | -168     |
|    critic_loss     | 1.31     |
|    ent_coef        | 0.0462   |
|    ent_coef_loss   | -0.539   |
|    learning_rate   | 0.0003   |
|    n_updates       | 226999   |
---------------------------------
---------------------------------
| rollout/           |          |
|    ep_len_mean     | 1e+03    |
|    ep_rew_mean     | -42.9    |
| time/              |          |
|    episodes        | 232      |
|    fps             | 9        |
|    time_elapsed    | 24063    |
|    total_timesteps | 232000   |
| train/             |          |
|    actor_loss      | -157     |
|    critic_loss     | 0.651    |
|    ent_coef        | 0.0385   |
|    ent_coef_loss   | 1.25     |
|    learning_rate   | 0.0003   |
|    n_updates       | 230999   |
---------------------------------
---------------------------------
| rollout/           |          |
|    ep_len_mean     | 1e+03    |
|    ep_rew_mean     | -26.7    |
| time/              |          |
|    episodes        | 236      |
|    fps             | 9        |
|    time_elapsed    | 24109    |
|    total_timesteps | 236000   |
| train/             |          |
|    actor_loss      | -143     |
|    critic_loss     | 1.62     |
|    ent_coef        | 0.0329   |
|    ent_coef_loss   | 1.14     |
|    learning_rate   | 0.0003   |
|    n_updates       | 234999   |
---------------------------------
---------------------------------
| rollout/           |          |
|    ep_len_mean     | 1e+03    |
|    ep_rew_mean     | -49.3    |
| time/              |          |
|    episodes        | 240      |
|    fps             | 9        |
|    time_elapsed    | 24155    |
|    total_timesteps | 240000   |
| train/             |          |
|    actor_loss      | -119     |
|    critic_loss     | 0.566    |
|    ent_coef        | 0.0326   |
|    ent_coef_loss   | -0.752   |
|    learning_rate   | 0.0003   |
|    n_updates       | 238999   |
---------------------------------
---------------------------------
| rollout/           |          |
|    ep_len_mean     | 1e+03    |
|    ep_rew_mean     | -46.2    |
| time/              |          |
|    episodes        | 244      |
|    fps             | 10       |
|    time_elapsed    | 24201    |
|    total_timesteps | 244000   |
| train/             |          |
|    actor_loss      | -117     |
|    critic_loss     | 0.527    |
|    ent_coef        | 0.0323   |
|    ent_coef_loss   | -2.85    |
|    learning_rate   | 0.0003   |
|    n_updates       | 242999   |
---------------------------------
---------------------------------
| rollout/           |          |
|    ep_len_mean     | 1e+03    |
|    ep_rew_mean     | 0.574    |
| time/              |          |
|    episodes        | 248      |
|    fps             | 10       |
|    time_elapsed    | 24248    |
|    total_timesteps | 248000   |
| train/             |          |
|    actor_loss      | -115     |
|    critic_loss     | 0.859    |
|    ent_coef        | 0.0348   |
|    ent_coef_loss   | -0.166   |
|    learning_rate   | 0.0003   |
|    n_updates       | 246999   |
---------------------------------
---------------------------------
| rollout/           |          |
|    ep_len_mean     | 1e+03    |
|    ep_rew_mean     | 20.7     |
| time/              |          |
|    episodes        | 252      |
|    fps             | 10       |
|    time_elapsed    | 24293    |
|    total_timesteps | 252000   |
| train/             |          |
|    actor_loss      | -117     |
|    critic_loss     | 0.565    |
|    ent_coef        | 0.0304   |
|    ent_coef_loss   | -0.806   |
|    learning_rate   | 0.0003   |
|    n_updates       | 250999   |
---------------------------------
---------------------------------
| rollout/           |          |
|    ep_len_mean     | 1e+03    |
|    ep_rew_mean     | 33.3     |
| time/              |          |
|    episodes        | 256      |
|    fps             | 10       |
|    time_elapsed    | 24329    |
|    total_timesteps | 256000   |
| train/             |          |
|    actor_loss      | -107     |
|    critic_loss     | 0.719    |
|    ent_coef        | 0.0266   |
|    ent_coef_loss   | -0.25    |
|    learning_rate   | 0.0003   |
|    n_updates       | 254999   |
---------------------------------
---------------------------------
| rollout/           |          |
|    ep_len_mean     | 1e+03    |
|    ep_rew_mean     | 52.1     |
| time/              |          |
|    episodes        | 260      |
|    fps             | 10       |
|    time_elapsed    | 24363    |
|    total_timesteps | 260000   |
| train/             |          |
|    actor_loss      | -108     |
|    critic_loss     | 0.942    |
|    ent_coef        | 0.0363   |
|    ent_coef_loss   | 2.42     |
|    learning_rate   | 0.0003   |
|    n_updates       | 258999   |
---------------------------------
---------------------------------
| rollout/           |          |
|    ep_len_mean     | 1e+03    |
|    ep_rew_mean     | 80.3     |
| time/              |          |
|    episodes        | 264      |
|    fps             | 10       |
|    time_elapsed    | 24397    |
|    total_timesteps | 264000   |
| train/             |          |
|    actor_loss      | -116     |
|    critic_loss     | 1.01     |
|    ent_coef        | 0.0416   |
|    ent_coef_loss   | -0.526   |
|    learning_rate   | 0.0003   |
|    n_updates       | 262999   |
---------------------------------
---------------------------------
| rollout/           |          |
|    ep_len_mean     | 1e+03    |
|    ep_rew_mean     | 133      |
| time/              |          |
|    episodes        | 268      |
|    fps             | 10       |
|    time_elapsed    | 24431    |
|    total_timesteps | 268000   |
| train/             |          |
|    actor_loss      | -115     |
|    critic_loss     | 8.88     |
|    ent_coef        | 0.0405   |
|    ent_coef_loss   | -1.41    |
|    learning_rate   | 0.0003   |
|    n_updates       | 266999   |
---------------------------------
---------------------------------
| rollout/           |          |
|    ep_len_mean     | 1e+03    |
|    ep_rew_mean     | 180      |
| time/              |          |
|    episodes        | 272      |
|    fps             | 11       |
|    time_elapsed    | 24465    |
|    total_timesteps | 272000   |
| train/             |          |
|    actor_loss      | -126     |
|    critic_loss     | 0.712    |
|    ent_coef        | 0.0414   |
|    ent_coef_loss   | -0.916   |
|    learning_rate   | 0.0003   |
|    n_updates       | 270999   |
---------------------------------
---------------------------------
| rollout/           |          |
|    ep_len_mean     | 1e+03    |
|    ep_rew_mean     | 257      |
| time/              |          |
|    episodes        | 276      |
|    fps             | 11       |
|    time_elapsed    | 24499    |
|    total_timesteps | 276000   |
| train/             |          |
|    actor_loss      | -126     |
|    critic_loss     | 0.345    |
|    ent_coef        | 0.0266   |
|    ent_coef_loss   | -0.712   |
|    learning_rate   | 0.0003   |
|    n_updates       | 274999   |
---------------------------------
---------------------------------
| rollout/           |          |
|    ep_len_mean     | 1e+03    |
|    ep_rew_mean     | 332      |
| time/              |          |
|    episodes        | 280      |
|    fps             | 11       |
|    time_elapsed    | 24533    |
|    total_timesteps | 280000   |
| train/             |          |
|    actor_loss      | -120     |
|    critic_loss     | 0.909    |
|    ent_coef        | 0.0293   |
|    ent_coef_loss   | -0.77    |
|    learning_rate   | 0.0003   |
|    n_updates       | 278999   |
---------------------------------
---------------------------------
| rollout/           |          |
|    ep_len_mean     | 1e+03    |
|    ep_rew_mean     | 422      |
| time/              |          |
|    episodes        | 284      |
|    fps             | 11       |
|    time_elapsed    | 24567    |
|    total_timesteps | 284000   |
| train/             |          |
|    actor_loss      | -123     |
|    critic_loss     | 1.31     |
|    ent_coef        | 0.0344   |
|    ent_coef_loss   | 0.768    |
|    learning_rate   | 0.0003   |
|    n_updates       | 282999   |
---------------------------------
---------------------------------
| rollout/           |          |
|    ep_len_mean     | 1e+03    |
|    ep_rew_mean     | 508      |
| time/              |          |
|    episodes        | 288      |
|    fps             | 11       |
|    time_elapsed    | 24602    |
|    total_timesteps | 288000   |
| train/             |          |
|    actor_loss      | -124     |
|    critic_loss     | 0.746    |
|    ent_coef        | 0.0424   |
|    ent_coef_loss   | -0.901   |
|    learning_rate   | 0.0003   |
|    n_updates       | 286999   |
---------------------------------
---------------------------------
| rollout/           |          |
|    ep_len_mean     | 1e+03    |
|    ep_rew_mean     | 537      |
| time/              |          |
|    episodes        | 292      |
|    fps             | 11       |
|    time_elapsed    | 24636    |
|    total_timesteps | 292000   |
| train/             |          |
|    actor_loss      | -132     |
|    critic_loss     | 0.478    |
|    ent_coef        | 0.0401   |
|    ent_coef_loss   | 0.922    |
|    learning_rate   | 0.0003   |
|    n_updates       | 290999   |
---------------------------------
---------------------------------
| rollout/           |          |
|    ep_len_mean     | 1e+03    |
|    ep_rew_mean     | 559      |
| time/              |          |
|    episodes        | 296      |
|    fps             | 11       |
|    time_elapsed    | 24670    |
|    total_timesteps | 296000   |
| train/             |          |
|    actor_loss      | -134     |
|    critic_loss     | 0.825    |
|    ent_coef        | 0.0395   |
|    ent_coef_loss   | -1.04    |
|    learning_rate   | 0.0003   |
|    n_updates       | 294999   |
---------------------------------
---------------------------------
| rollout/           |          |
|    ep_len_mean     | 1e+03    |
|    ep_rew_mean     | 573      |
| time/              |          |
|    episodes        | 300      |
|    fps             | 12       |
|    time_elapsed    | 24705    |
|    total_timesteps | 300000   |
| train/             |          |
|    actor_loss      | -137     |
|    critic_loss     | 0.469    |
|    ent_coef        | 0.0264   |
|    ent_coef_loss   | -0.473   |
|    learning_rate   | 0.0003   |
|    n_updates       | 298999   |
---------------------------------
---------------------------------
| rollout/           |          |
|    ep_len_mean     | 1e+03    |
|    ep_rew_mean     | 584      |
| time/              |          |
|    episodes        | 304      |
|    fps             | 12       |
|    time_elapsed    | 24739    |
|    total_timesteps | 304000   |
| train/             |          |
|    actor_loss      | -133     |
|    critic_loss     | 0.539    |
|    ent_coef        | 0.0256   |
|    ent_coef_loss   | -1.91    |
|    learning_rate   | 0.0003   |
|    n_updates       | 302999   |
---------------------------------
---------------------------------
| rollout/           |          |
|    ep_len_mean     | 1e+03    |
|    ep_rew_mean     | 602      |
| time/              |          |
|    episodes        | 308      |
|    fps             | 12       |
|    time_elapsed    | 24773    |
|    total_timesteps | 308000   |
| train/             |          |
|    actor_loss      | -132     |
|    critic_loss     | 0.908    |
|    ent_coef        | 0.0241   |
|    ent_coef_loss   | 0.27     |
|    learning_rate   | 0.0003   |
|    n_updates       | 306999   |
---------------------------------
---------------------------------
| rollout/           |          |
|    ep_len_mean     | 1e+03    |
|    ep_rew_mean     | 586      |
| time/              |          |
|    episodes        | 312      |
|    fps             | 12       |
|    time_elapsed    | 24808    |
|    total_timesteps | 312000   |
| train/             |          |
|    actor_loss      | -126     |
|    critic_loss     | 0.572    |
|    ent_coef        | 0.017    |
|    ent_coef_loss   | -0.499   |
|    learning_rate   | 0.0003   |
|    n_updates       | 310999   |
---------------------------------
---------------------------------
| rollout/           |          |
|    ep_len_mean     | 1e+03    |
|    ep_rew_mean     | 575      |
| time/              |          |
|    episodes        | 316      |
|    fps             | 12       |
|    time_elapsed    | 24842    |
|    total_timesteps | 316000   |
| train/             |          |
|    actor_loss      | -122     |
|    critic_loss     | 0.595    |
|    ent_coef        | 0.0188   |
|    ent_coef_loss   | 1.84     |
|    learning_rate   | 0.0003   |
|    n_updates       | 314999   |
---------------------------------
---------------------------------
| rollout/           |          |
|    ep_len_mean     | 1e+03    |
|    ep_rew_mean     | 584      |
| time/              |          |
|    episodes        | 320      |
|    fps             | 12       |
|    time_elapsed    | 24876    |
|    total_timesteps | 320000   |
| train/             |          |
|    actor_loss      | -126     |
|    critic_loss     | 0.244    |
|    ent_coef        | 0.0232   |
|    ent_coef_loss   | -1.67    |
|    learning_rate   | 0.0003   |
|    n_updates       | 318999   |
---------------------------------
---------------------------------
| rollout/           |          |
|    ep_len_mean     | 1e+03    |
|    ep_rew_mean     | 594      |
| time/              |          |
|    episodes        | 324      |
|    fps             | 13       |
|    time_elapsed    | 24910    |
|    total_timesteps | 324000   |
| train/             |          |
|    actor_loss      | -116     |
|    critic_loss     | 0.331    |
|    ent_coef        | 0.0231   |
|    ent_coef_loss   | -0.427   |
|    learning_rate   | 0.0003   |
|    n_updates       | 322999   |
---------------------------------
---------------------------------
| rollout/           |          |
|    ep_len_mean     | 1e+03    |
|    ep_rew_mean     | 603      |
| time/              |          |
|    episodes        | 328      |
|    fps             | 13       |
|    time_elapsed    | 24945    |
|    total_timesteps | 328000   |
| train/             |          |
|    actor_loss      | -115     |
|    critic_loss     | 0.461    |
|    ent_coef        | 0.0255   |
|    ent_coef_loss   | -2.23    |
|    learning_rate   | 0.0003   |
|    n_updates       | 326999   |
---------------------------------
---------------------------------
| rollout/           |          |
|    ep_len_mean     | 1e+03    |
|    ep_rew_mean     | 610      |
| time/              |          |
|    episodes        | 332      |
|    fps             | 13       |
|    time_elapsed    | 24979    |
|    total_timesteps | 332000   |
| train/             |          |
|    actor_loss      | -120     |
|    critic_loss     | 0.347    |
|    ent_coef        | 0.0171   |
|    ent_coef_loss   | 2.28     |
|    learning_rate   | 0.0003   |
|    n_updates       | 330999   |
---------------------------------
---------------------------------
| rollout/           |          |
|    ep_len_mean     | 1e+03    |
|    ep_rew_mean     | 614      |
| time/              |          |
|    episodes        | 336      |
|    fps             | 13       |
|    time_elapsed    | 25014    |
|    total_timesteps | 336000   |
| train/             |          |
|    actor_loss      | -116     |
|    critic_loss     | 0.626    |
|    ent_coef        | 0.0198   |
|    ent_coef_loss   | -0.298   |
|    learning_rate   | 0.0003   |
|    n_updates       | 334999   |
---------------------------------
---------------------------------
| rollout/           |          |
|    ep_len_mean     | 1e+03    |
|    ep_rew_mean     | 657      |
| time/              |          |
|    episodes        | 340      |
|    fps             | 13       |
|    time_elapsed    | 25048    |
|    total_timesteps | 340000   |
| train/             |          |
|    actor_loss      | -111     |
|    critic_loss     | 1.65     |
|    ent_coef        | 0.0212   |
|    ent_coef_loss   | 0.576    |
|    learning_rate   | 0.0003   |
|    n_updates       | 338999   |
---------------------------------
---------------------------------
| rollout/           |          |
|    ep_len_mean     | 1e+03    |
|    ep_rew_mean     | 704      |
| time/              |          |
|    episodes        | 344      |
|    fps             | 13       |
|    time_elapsed    | 25083    |
|    total_timesteps | 344000   |
| train/             |          |
|    actor_loss      | -117     |
|    critic_loss     | 0.531    |
|    ent_coef        | 0.0228   |
|    ent_coef_loss   | 1.12     |
|    learning_rate   | 0.0003   |
|    n_updates       | 342999   |
---------------------------------
---------------------------------
| rollout/           |          |
|    ep_len_mean     | 1e+03    |
|    ep_rew_mean     | 706      |
| time/              |          |
|    episodes        | 348      |
|    fps             | 13       |
|    time_elapsed    | 25117    |
|    total_timesteps | 348000   |
| train/             |          |
|    actor_loss      | -114     |
|    critic_loss     | 0.261    |
|    ent_coef        | 0.0183   |
|    ent_coef_loss   | -0.934   |
|    learning_rate   | 0.0003   |
|    n_updates       | 346999   |
---------------------------------
---------------------------------
| rollout/           |          |
|    ep_len_mean     | 1e+03    |
|    ep_rew_mean     | 712      |
| time/              |          |
|    episodes        | 352      |
|    fps             | 13       |
|    time_elapsed    | 25152    |
|    total_timesteps | 352000   |
| train/             |          |
|    actor_loss      | -116     |
|    critic_loss     | 0.313    |
|    ent_coef        | 0.0169   |
|    ent_coef_loss   | 0.191    |
|    learning_rate   | 0.0003   |
|    n_updates       | 350999   |
---------------------------------
---------------------------------
| rollout/           |          |
|    ep_len_mean     | 1e+03    |
|    ep_rew_mean     | 701      |
| time/              |          |
|    episodes        | 356      |
|    fps             | 14       |
|    time_elapsed    | 25188    |
|    total_timesteps | 356000   |
| train/             |          |
|    actor_loss      | -109     |
|    critic_loss     | 4.51     |
|    ent_coef        | 0.0161   |
|    ent_coef_loss   | 1.03     |
|    learning_rate   | 0.0003   |
|    n_updates       | 354999   |
---------------------------------
---------------------------------
| rollout/           |          |
|    ep_len_mean     | 1e+03    |
|    ep_rew_mean     | 689      |
| time/              |          |
|    episodes        | 360      |
|    fps             | 14       |
|    time_elapsed    | 25223    |
|    total_timesteps | 360000   |
| train/             |          |
|    actor_loss      | -111     |
|    critic_loss     | 0.367    |
|    ent_coef        | 0.0197   |
|    ent_coef_loss   | 0.00301  |
|    learning_rate   | 0.0003   |
|    n_updates       | 358999   |
---------------------------------
---------------------------------
| rollout/           |          |
|    ep_len_mean     | 1e+03    |
|    ep_rew_mean     | 678      |
| time/              |          |
|    episodes        | 364      |
|    fps             | 14       |
|    time_elapsed    | 25257    |
|    total_timesteps | 364000   |
| train/             |          |
|    actor_loss      | -119     |
|    critic_loss     | 0.15     |
|    ent_coef        | 0.0172   |
|    ent_coef_loss   | 1.89     |
|    learning_rate   | 0.0003   |
|    n_updates       | 362999   |
---------------------------------
---------------------------------
| rollout/           |          |
|    ep_len_mean     | 1e+03    |
|    ep_rew_mean     | 666      |
| time/              |          |
|    episodes        | 368      |
|    fps             | 14       |
|    time_elapsed    | 25290    |
|    total_timesteps | 368000   |
| train/             |          |
|    actor_loss      | -108     |
|    critic_loss     | 0.606    |
|    ent_coef        | 0.0185   |
|    ent_coef_loss   | 0.328    |
|    learning_rate   | 0.0003   |
|    n_updates       | 366999   |
---------------------------------
---------------------------------
| rollout/           |          |
|    ep_len_mean     | 1e+03    |
|    ep_rew_mean     | 661      |
| time/              |          |
|    episodes        | 372      |
|    fps             | 14       |
|    time_elapsed    | 25324    |
|    total_timesteps | 372000   |
| train/             |          |
|    actor_loss      | -121     |
|    critic_loss     | 0.635    |
|    ent_coef        | 0.0182   |
|    ent_coef_loss   | -0.55    |
|    learning_rate   | 0.0003   |
|    n_updates       | 370999   |
---------------------------------
---------------------------------
| rollout/           |          |
|    ep_len_mean     | 1e+03    |
|    ep_rew_mean     | 660      |
| time/              |          |
|    episodes        | 376      |
|    fps             | 14       |
|    time_elapsed    | 25357    |
|    total_timesteps | 376000   |
| train/             |          |
|    actor_loss      | -120     |
|    critic_loss     | 1.2      |
|    ent_coef        | 0.0153   |
|    ent_coef_loss   | -0.0217  |
|    learning_rate   | 0.0003   |
|    n_updates       | 374999   |
---------------------------------
---------------------------------
| rollout/           |          |
|    ep_len_mean     | 1e+03    |
|    ep_rew_mean     | 652      |
| time/              |          |
|    episodes        | 380      |
|    fps             | 14       |
|    time_elapsed    | 25390    |
|    total_timesteps | 380000   |
| train/             |          |
|    actor_loss      | -120     |
|    critic_loss     | 0.206    |
|    ent_coef        | 0.0175   |
|    ent_coef_loss   | -1.38    |
|    learning_rate   | 0.0003   |
|    n_updates       | 378999   |
---------------------------------
---------------------------------
| rollout/           |          |
|    ep_len_mean     | 1e+03    |
|    ep_rew_mean     | 648      |
| time/              |          |
|    episodes        | 384      |
|    fps             | 15       |
|    time_elapsed    | 25423    |
|    total_timesteps | 384000   |
| train/             |          |
|    actor_loss      | -117     |
|    critic_loss     | 0.602    |
|    ent_coef        | 0.0219   |
|    ent_coef_loss   | 0.235    |
|    learning_rate   | 0.0003   |
|    n_updates       | 382999   |
---------------------------------
---------------------------------
| rollout/           |          |
|    ep_len_mean     | 1e+03    |
|    ep_rew_mean     | 633      |
| time/              |          |
|    episodes        | 388      |
|    fps             | 15       |
|    time_elapsed    | 25457    |
|    total_timesteps | 388000   |
| train/             |          |
|    actor_loss      | -115     |
|    critic_loss     | 0.292    |
|    ent_coef        | 0.0131   |
|    ent_coef_loss   | -1.29    |
|    learning_rate   | 0.0003   |
|    n_updates       | 386999   |
---------------------------------
---------------------------------
| rollout/           |          |
|    ep_len_mean     | 1e+03    |
|    ep_rew_mean     | 635      |
| time/              |          |
|    episodes        | 392      |
|    fps             | 15       |
|    time_elapsed    | 25490    |
|    total_timesteps | 392000   |
| train/             |          |
|    actor_loss      | -117     |
|    critic_loss     | 1.49     |
|    ent_coef        | 0.0141   |
|    ent_coef_loss   | 0.665    |
|    learning_rate   | 0.0003   |
|    n_updates       | 390999   |
---------------------------------
---------------------------------
| rollout/           |          |
|    ep_len_mean     | 1e+03    |
|    ep_rew_mean     | 653      |
| time/              |          |
|    episodes        | 396      |
|    fps             | 15       |
|    time_elapsed    | 25524    |
|    total_timesteps | 396000   |
| train/             |          |
|    actor_loss      | -118     |
|    critic_loss     | 7        |
|    ent_coef        | 0.0152   |
|    ent_coef_loss   | 0.604    |
|    learning_rate   | 0.0003   |
|    n_updates       | 394999   |
---------------------------------
---------------------------------
| rollout/           |          |
|    ep_len_mean     | 1e+03    |
|    ep_rew_mean     | 664      |
| time/              |          |
|    episodes        | 400      |
|    fps             | 15       |
|    time_elapsed    | 25557    |
|    total_timesteps | 400000   |
| train/             |          |
|    actor_loss      | -116     |
|    critic_loss     | 0.149    |
|    ent_coef        | 0.0147   |
|    ent_coef_loss   | 2.13     |
|    learning_rate   | 0.0003   |
|    n_updates       | 398999   |
---------------------------------
---------------------------------
| rollout/           |          |
|    ep_len_mean     | 1e+03    |
|    ep_rew_mean     | 647      |
| time/              |          |
|    episodes        | 404      |
|    fps             | 15       |
|    time_elapsed    | 25591    |
|    total_timesteps | 404000   |
| train/             |          |
|    actor_loss      | -108     |
|    critic_loss     | 0.689    |
|    ent_coef        | 0.0147   |
|    ent_coef_loss   | -2.43    |
|    learning_rate   | 0.0003   |
|    n_updates       | 402999   |
---------------------------------
---------------------------------
| rollout/           |          |
|    ep_len_mean     | 1e+03    |
|    ep_rew_mean     | 641      |
| time/              |          |
|    episodes        | 408      |
|    fps             | 15       |
|    time_elapsed    | 25624    |
|    total_timesteps | 408000   |
| train/             |          |
|    actor_loss      | -117     |
|    critic_loss     | 0.331    |
|    ent_coef        | 0.0227   |
|    ent_coef_loss   | -0.397   |
|    learning_rate   | 0.0003   |
|    n_updates       | 406999   |
---------------------------------
---------------------------------
| rollout/           |          |
|    ep_len_mean     | 1e+03    |
|    ep_rew_mean     | 674      |
| time/              |          |
|    episodes        | 412      |
|    fps             | 16       |
|    time_elapsed    | 25658    |
|    total_timesteps | 412000   |
| train/             |          |
|    actor_loss      | -122     |
|    critic_loss     | 0.118    |
|    ent_coef        | 0.0107   |
|    ent_coef_loss   | -1.6     |
|    learning_rate   | 0.0003   |
|    n_updates       | 410999   |
---------------------------------
---------------------------------
| rollout/           |          |
|    ep_len_mean     | 1e+03    |
|    ep_rew_mean     | 701      |
| time/              |          |
|    episodes        | 416      |
|    fps             | 16       |
|    time_elapsed    | 25692    |
|    total_timesteps | 416000   |
| train/             |          |
|    actor_loss      | -111     |
|    critic_loss     | 0.153    |
|    ent_coef        | 0.0114   |
|    ent_coef_loss   | 2.3      |
|    learning_rate   | 0.0003   |
|    n_updates       | 414999   |
---------------------------------
---------------------------------
| rollout/           |          |
|    ep_len_mean     | 1e+03    |
|    ep_rew_mean     | 702      |
| time/              |          |
|    episodes        | 420      |
|    fps             | 16       |
|    time_elapsed    | 25725    |
|    total_timesteps | 420000   |
| train/             |          |
|    actor_loss      | -118     |
|    critic_loss     | 2.74     |
|    ent_coef        | 0.0133   |
|    ent_coef_loss   | 1.89     |
|    learning_rate   | 0.0003   |
|    n_updates       | 418999   |
---------------------------------
---------------------------------
| rollout/           |          |
|    ep_len_mean     | 1e+03    |
|    ep_rew_mean     | 702      |
| time/              |          |
|    episodes        | 424      |
|    fps             | 16       |
|    time_elapsed    | 25759    |
|    total_timesteps | 424000   |
| train/             |          |
|    actor_loss      | -115     |
|    critic_loss     | 4.11     |
|    ent_coef        | 0.0194   |
|    ent_coef_loss   | 3.44     |
|    learning_rate   | 0.0003   |
|    n_updates       | 422999   |
---------------------------------
---------------------------------
| rollout/           |          |
|    ep_len_mean     | 1e+03    |
|    ep_rew_mean     | 661      |
| time/              |          |
|    episodes        | 428      |
|    fps             | 16       |
|    time_elapsed    | 25793    |
|    total_timesteps | 428000   |
| train/             |          |
|    actor_loss      | -120     |
|    critic_loss     | 0.421    |
|    ent_coef        | 0.0201   |
|    ent_coef_loss   | 3.06     |
|    learning_rate   | 0.0003   |
|    n_updates       | 426999   |
---------------------------------
---------------------------------
| rollout/           |          |
|    ep_len_mean     | 1e+03    |
|    ep_rew_mean     | 663      |
| time/              |          |
|    episodes        | 432      |
|    fps             | 16       |
|    time_elapsed    | 25826    |
|    total_timesteps | 432000   |
| train/             |          |
|    actor_loss      | -121     |
|    critic_loss     | 0.396    |
|    ent_coef        | 0.0173   |
|    ent_coef_loss   | 0.645    |
|    learning_rate   | 0.0003   |
|    n_updates       | 430999   |
---------------------------------
---------------------------------
| rollout/           |          |
|    ep_len_mean     | 1e+03    |
|    ep_rew_mean     | 660      |
| time/              |          |
|    episodes        | 436      |
|    fps             | 16       |
|    time_elapsed    | 25860    |
|    total_timesteps | 436000   |
| train/             |          |
|    actor_loss      | -124     |
|    critic_loss     | 0.427    |
|    ent_coef        | 0.0131   |
|    ent_coef_loss   | -3.33    |
|    learning_rate   | 0.0003   |
|    n_updates       | 434999   |
---------------------------------
---------------------------------
| rollout/           |          |
|    ep_len_mean     | 1e+03    |
|    ep_rew_mean     | 659      |
| time/              |          |
|    episodes        | 440      |
|    fps             | 16       |
|    time_elapsed    | 25893    |
|    total_timesteps | 440000   |
| train/             |          |
|    actor_loss      | -121     |
|    critic_loss     | 0.825    |
|    ent_coef        | 0.0189   |
|    ent_coef_loss   | -0.0336  |
|    learning_rate   | 0.0003   |
|    n_updates       | 438999   |
---------------------------------
---------------------------------
| rollout/           |          |
|    ep_len_mean     | 1e+03    |
|    ep_rew_mean     | 634      |
| time/              |          |
|    episodes        | 444      |
|    fps             | 17       |
|    time_elapsed    | 25927    |
|    total_timesteps | 444000   |
| train/             |          |
|    actor_loss      | -119     |
|    critic_loss     | 1.96     |
|    ent_coef        | 0.016    |
|    ent_coef_loss   | -0.312   |
|    learning_rate   | 0.0003   |
|    n_updates       | 442999   |
---------------------------------
---------------------------------
| rollout/           |          |
|    ep_len_mean     | 1e+03    |
|    ep_rew_mean     | 633      |
| time/              |          |
|    episodes        | 448      |
|    fps             | 17       |
|    time_elapsed    | 25960    |
|    total_timesteps | 448000   |
| train/             |          |
|    actor_loss      | -123     |
|    critic_loss     | 142      |
|    ent_coef        | 0.0207   |
|    ent_coef_loss   | -0.245   |
|    learning_rate   | 0.0003   |
|    n_updates       | 446999   |
---------------------------------
---------------------------------
| rollout/           |          |
|    ep_len_mean     | 1e+03    |
|    ep_rew_mean     | 643      |
| time/              |          |
|    episodes        | 452      |
|    fps             | 17       |
|    time_elapsed    | 25994    |
|    total_timesteps | 452000   |
| train/             |          |
|    actor_loss      | -123     |
|    critic_loss     | 0.892    |
|    ent_coef        | 0.0151   |
|    ent_coef_loss   | -0.806   |
|    learning_rate   | 0.0003   |
|    n_updates       | 450999   |
---------------------------------
---------------------------------
| rollout/           |          |
|    ep_len_mean     | 1e+03    |
|    ep_rew_mean     | 608      |
| time/              |          |
|    episodes        | 456      |
|    fps             | 17       |
|    time_elapsed    | 26027    |
|    total_timesteps | 456000   |
| train/             |          |
|    actor_loss      | -122     |
|    critic_loss     | 0.386    |
|    ent_coef        | 0.0179   |
|    ent_coef_loss   | -2.73    |
|    learning_rate   | 0.0003   |
|    n_updates       | 454999   |
---------------------------------
---------------------------------
| rollout/           |          |
|    ep_len_mean     | 1e+03    |
|    ep_rew_mean     | 597      |
| time/              |          |
|    episodes        | 460      |
|    fps             | 17       |
|    time_elapsed    | 26060    |
|    total_timesteps | 460000   |
| train/             |          |
|    actor_loss      | -118     |
|    critic_loss     | 0.298    |
|    ent_coef        | 0.0232   |
|    ent_coef_loss   | 1.2      |
|    learning_rate   | 0.0003   |
|    n_updates       | 458999   |
---------------------------------
---------------------------------
| rollout/           |          |
|    ep_len_mean     | 1e+03    |
|    ep_rew_mean     | 614      |
| time/              |          |
|    episodes        | 464      |
|    fps             | 17       |
|    time_elapsed    | 26093    |
|    total_timesteps | 464000   |
| train/             |          |
|    actor_loss      | -118     |
|    critic_loss     | 0.792    |
|    ent_coef        | 0.0237   |
|    ent_coef_loss   | 6.01     |
|    learning_rate   | 0.0003   |
|    n_updates       | 462999   |
---------------------------------
---------------------------------
| rollout/           |          |
|    ep_len_mean     | 1e+03    |
|    ep_rew_mean     | 627      |
| time/              |          |
|    episodes        | 468      |
|    fps             | 17       |
|    time_elapsed    | 26127    |
|    total_timesteps | 468000   |
| train/             |          |
|    actor_loss      | -116     |
|    critic_loss     | 0.26     |
|    ent_coef        | 0.0273   |
|    ent_coef_loss   | -1.37    |
|    learning_rate   | 0.0003   |
|    n_updates       | 466999   |
---------------------------------
---------------------------------
| rollout/           |          |
|    ep_len_mean     | 1e+03    |
|    ep_rew_mean     | 622      |
| time/              |          |
|    episodes        | 472      |
|    fps             | 18       |
|    time_elapsed    | 26160    |
|    total_timesteps | 472000   |
| train/             |          |
|    actor_loss      | -119     |
|    critic_loss     | 0.597    |
|    ent_coef        | 0.0287   |
|    ent_coef_loss   | 0.725    |
|    learning_rate   | 0.0003   |
|    n_updates       | 470999   |
---------------------------------
---------------------------------
| rollout/           |          |
|    ep_len_mean     | 1e+03    |
|    ep_rew_mean     | 553      |
| time/              |          |
|    episodes        | 476      |
|    fps             | 18       |
|    time_elapsed    | 26193    |
|    total_timesteps | 476000   |
| train/             |          |
|    actor_loss      | -128     |
|    critic_loss     | 3.2      |
|    ent_coef        | 0.0379   |
|    ent_coef_loss   | -0.897   |
|    learning_rate   | 0.0003   |
|    n_updates       | 474999   |
---------------------------------
---------------------------------
| rollout/           |          |
|    ep_len_mean     | 1e+03    |
|    ep_rew_mean     | 481      |
| time/              |          |
|    episodes        | 480      |
|    fps             | 18       |
|    time_elapsed    | 26226    |
|    total_timesteps | 480000   |
| train/             |          |
|    actor_loss      | -134     |
|    critic_loss     | 2.19     |
|    ent_coef        | 0.0389   |
|    ent_coef_loss   | -2.35    |
|    learning_rate   | 0.0003   |
|    n_updates       | 478999   |
---------------------------------
---------------------------------
| rollout/           |          |
|    ep_len_mean     | 1e+03    |
|    ep_rew_mean     | 468      |
| time/              |          |
|    episodes        | 484      |
|    fps             | 18       |
|    time_elapsed    | 26259    |
|    total_timesteps | 484000   |
| train/             |          |
|    actor_loss      | -148     |
|    critic_loss     | 0.72     |
|    ent_coef        | 0.0414   |
|    ent_coef_loss   | -2.37    |
|    learning_rate   | 0.0003   |
|    n_updates       | 482999   |
---------------------------------
---------------------------------
| rollout/           |          |
|    ep_len_mean     | 1e+03    |
|    ep_rew_mean     | 443      |
| time/              |          |
|    episodes        | 488      |
|    fps             | 18       |
|    time_elapsed    | 26292    |
|    total_timesteps | 488000   |
| train/             |          |
|    actor_loss      | -148     |
|    critic_loss     | 1.54     |
|    ent_coef        | 0.0525   |
|    ent_coef_loss   | -0.3     |
|    learning_rate   | 0.0003   |
|    n_updates       | 486999   |
---------------------------------
---------------------------------
| rollout/           |          |
|    ep_len_mean     | 1e+03    |
|    ep_rew_mean     | 392      |
| time/              |          |
|    episodes        | 492      |
|    fps             | 18       |
|    time_elapsed    | 26324    |
|    total_timesteps | 492000   |
| train/             |          |
|    actor_loss      | -138     |
|    critic_loss     | 1.66     |
|    ent_coef        | 0.0615   |
|    ent_coef_loss   | -1.02    |
|    learning_rate   | 0.0003   |
|    n_updates       | 490999   |
---------------------------------
---------------------------------
| rollout/           |          |
|    ep_len_mean     | 1e+03    |
|    ep_rew_mean     | 348      |
| time/              |          |
|    episodes        | 496      |
|    fps             | 18       |
|    time_elapsed    | 26353    |
|    total_timesteps | 496000   |
| train/             |          |
|    actor_loss      | -163     |
|    critic_loss     | 16.1     |
|    ent_coef        | 0.0877   |
|    ent_coef_loss   | -0.774   |
|    learning_rate   | 0.0003   |
|    n_updates       | 494999   |
---------------------------------
---------------------------------
| rollout/           |          |
|    ep_len_mean     | 1e+03    |
|    ep_rew_mean     | 306      |
| time/              |          |
|    episodes        | 500      |
|    fps             | 18       |
|    time_elapsed    | 26381    |
|    total_timesteps | 500000   |
| train/             |          |
|    actor_loss      | -179     |
|    critic_loss     | 7.79     |
|    ent_coef        | 0.0817   |
|    ent_coef_loss   | 0.411    |
|    learning_rate   | 0.0003   |
|    n_updates       | 498999   |
---------------------------------
[2026-06-23T22:26:24] Training complete in 26381.1s
[2026-06-23T22:26:24] Episodes: 500
[2026-06-23T22:26:24] Best reward: 983.44
[2026-06-23T22:26:24] Mean reward (100ep): 305.56
[2026-06-23T22:26:24] Final goal tolerance: 0.6
[2026-06-23T22:26:24] Curriculum stage: 0
[2026-06-23T22:26:24] Saved: {'model': 'C:\\Users\\ranjo\\OneDrive\\Desktop\\ARM-Model\\project_assets\\outputs\\Parallel_Seeds\\seed_020\\sac_model', 'history': 'C:\\Users\\ranjo\\OneDrive\\Desktop\\ARM-Model\\project_assets\\outputs\\Parallel_Seeds\\seed_020\\training_history.csv', 'stats': 'C:\\Users\\ranjo\\OneDrive\\Desktop\\ARM-Model\\project_assets\\outputs\\Parallel_Seeds\\seed_020\\training_stats.json'}
[2026-06-23T22:26:24] Running Fitts' Law sweep (10 trials per condition)...
[2026-06-23T22:26:39] Fitts sweep complete in 14.8s
[2026-06-23T22:26:39] Fitts: MT = -0.0660 + +0.3368 * ID, R^2 = 0.9658 (n_conditions = 7, trials_per_condition = 10)
[2026-06-23T22:26:39] Saved: C:\Users\ranjo\OneDrive\Desktop\ARM-Model\project_assets\outputs\Parallel_Seeds\seed_020\fitts_law.json
[2026-06-23T22:26:39] Saved: C:\Users\ranjo\OneDrive\Desktop\ARM-Model\project_assets\outputs\Parallel_Seeds\seed_020\fitts_law.png
[2026-06-23T22:26:39] Running 2/3 Power Law sweep (20 trials)...
[2026-06-23T22:26:40] Power Law sweep complete in 0.9s
[2026-06-23T22:26:40] Power Law: log V = -0.2163 + -0.5442 * log C, R = -0.3033, R^2 = 0.0920 (n_samples = 3368, n_trials = 0/20)
[2026-06-23T22:26:40] Saved: C:\Users\ranjo\OneDrive\Desktop\ARM-Model\project_assets\outputs\Parallel_Seeds\seed_020\power_law.json
[2026-06-23T22:26:40] Saved: C:\Users\ranjo\OneDrive\Desktop\ARM-Model\project_assets\outputs\Parallel_Seeds\seed_020\power_law.png
[2026-06-23T22:26:40] Session complete. Total wall time: 7:19:57.994315
[2026-06-23T22:26:40] ============================================================
