[2026-06-22T12:19:08] Starting Fischer session: algorithm=SAC, timesteps=500,000, direction=EAST, actuation=muscle, waypoints=[[2.3, -1.0], [1.0, 1.5], [2.5, 0.0]]
[2026-06-22T12:19:08] Save dir: C:\Users\ranjo\OneDrive\Desktop\ARM-Model\project_assets\outputs\Parallel_Seeds\seed_003
[2026-06-22T12:19:08] Waypoint mode active: 3 waypoints, current_waypoint_index=0 at every episode reset
Using cpu device
Wrapping the env with a `Monitor` wrapper
Wrapping the env in a DummyVecEnv.
---------------------------------
| rollout/           |          |
|    ep_len_mean     | 1e+03    |
|    ep_rew_mean     | -6e+03   |
| time/              |          |
|    episodes        | 4        |
|    fps             | 95       |
|    time_elapsed    | 42       |
|    total_timesteps | 4000     |
| train/             |          |
|    actor_loss      | 55.8     |
|    critic_loss     | 0.598    |
|    ent_coef        | 0.411    |
|    ent_coef_loss   | -5.52    |
|    learning_rate   | 0.0003   |
|    n_updates       | 2999     |
---------------------------------
----------------------------------
| rollout/           |           |
|    ep_len_mean     | 1e+03     |
|    ep_rew_mean     | -3.98e+03 |
| time/              |           |
|    episodes        | 8         |
|    fps             | 77        |
|    time_elapsed    | 103       |
|    total_timesteps | 8000      |
| train/             |           |
|    actor_loss      | 77.7      |
|    critic_loss     | 43.4      |
|    ent_coef        | 0.157     |
|    ent_coef_loss   | -3.16     |
|    learning_rate   | 0.0003    |
|    n_updates       | 6999      |
----------------------------------
----------------------------------
| rollout/           |           |
|    ep_len_mean     | 931       |
|    ep_rew_mean     | -1.73e+03 |
| time/              |           |
|    episodes        | 12        |
|    fps             | 74        |
|    time_elapsed    | 150       |
|    total_timesteps | 11172     |
| train/             |           |
|    actor_loss      | 30.2      |
|    critic_loss     | 76.8      |
|    ent_coef        | 0.176     |
|    ent_coef_loss   | 1.81      |
|    learning_rate   | 0.0003    |
|    n_updates       | 10171     |
----------------------------------
---------------------------------
| rollout/           |          |
|    ep_len_mean     | 927      |
|    ep_rew_mean     | -612     |
| time/              |          |
|    episodes        | 16       |
|    fps             | 72       |
|    time_elapsed    | 204      |
|    total_timesteps | 14835    |
| train/             |          |
|    actor_loss      | -86.7    |
|    critic_loss     | 104      |
|    ent_coef        | 0.329    |
|    ent_coef_loss   | 0.681    |
|    learning_rate   | 0.0003   |
|    n_updates       | 13834    |
---------------------------------
---------------------------------
| rollout/           |          |
|    ep_len_mean     | 918      |
|    ep_rew_mean     | -660     |
| time/              |          |
|    episodes        | 20       |
|    fps             | 71       |
|    time_elapsed    | 257      |
|    total_timesteps | 18370    |
| train/             |          |
|    actor_loss      | -179     |
|    critic_loss     | 75.3     |
|    ent_coef        | 0.519    |
|    ent_coef_loss   | -0.0104  |
|    learning_rate   | 0.0003   |
|    n_updates       | 17369    |
---------------------------------
---------------------------------
| rollout/           |          |
|    ep_len_mean     | 932      |
|    ep_rew_mean     | -567     |
| time/              |          |
|    episodes        | 24       |
|    fps             | 70       |
|    time_elapsed    | 315      |
|    total_timesteps | 22370    |
| train/             |          |
|    actor_loss      | -263     |
|    critic_loss     | 53.9     |
|    ent_coef        | 0.571    |
|    ent_coef_loss   | 0.255    |
|    learning_rate   | 0.0003   |
|    n_updates       | 21369    |
---------------------------------
---------------------------------
| rollout/           |          |
|    ep_len_mean     | 899      |
|    ep_rew_mean     | 127      |
| time/              |          |
|    episodes        | 28       |
|    fps             | 70       |
|    time_elapsed    | 357      |
|    total_timesteps | 25180    |
| train/             |          |
|    actor_loss      | -344     |
|    critic_loss     | 57.9     |
|    ent_coef        | 0.526    |
|    ent_coef_loss   | -0.0882  |
|    learning_rate   | 0.0003   |
|    n_updates       | 24179    |
---------------------------------
---------------------------------
| rollout/           |          |
|    ep_len_mean     | 912      |
|    ep_rew_mean     | 0.907    |
| time/              |          |
|    episodes        | 32       |
|    fps             | 69       |
|    time_elapsed    | 417      |
|    total_timesteps | 29180    |
| train/             |          |
|    actor_loss      | -385     |
|    critic_loss     | 86.5     |
|    ent_coef        | 0.564    |
|    ent_coef_loss   | 0.0675   |
|    learning_rate   | 0.0003   |
|    n_updates       | 28179    |
---------------------------------
---------------------------------
| rollout/           |          |
|    ep_len_mean     | 922      |
|    ep_rew_mean     | -116     |
| time/              |          |
|    episodes        | 36       |
|    fps             | 69       |
|    time_elapsed    | 476      |
|    total_timesteps | 33180    |
| train/             |          |
|    actor_loss      | -364     |
|    critic_loss     | 86.1     |
|    ent_coef        | 0.474    |
|    ent_coef_loss   | -0.0583  |
|    learning_rate   | 0.0003   |
|    n_updates       | 32179    |
---------------------------------
---------------------------------
| rollout/           |          |
|    ep_len_mean     | 930      |
|    ep_rew_mean     | -112     |
| time/              |          |
|    episodes        | 40       |
|    fps             | 68       |
|    time_elapsed    | 540      |
|    total_timesteps | 37180    |
| train/             |          |
|    actor_loss      | -348     |
|    critic_loss     | 111      |
|    ent_coef        | 0.427    |
|    ent_coef_loss   | -0.45    |
|    learning_rate   | 0.0003   |
|    n_updates       | 36179    |
---------------------------------
---------------------------------
| rollout/           |          |
|    ep_len_mean     | 936      |
|    ep_rew_mean     | -75.1    |
| time/              |          |
|    episodes        | 44       |
|    fps             | 68       |
|    time_elapsed    | 600      |
|    total_timesteps | 41180    |
| train/             |          |
|    actor_loss      | -384     |
|    critic_loss     | 204      |
|    ent_coef        | 0.446    |
|    ent_coef_loss   | 0.104    |
|    learning_rate   | 0.0003   |
|    n_updates       | 40179    |
---------------------------------
---------------------------------
| rollout/           |          |
|    ep_len_mean     | 941      |
|    ep_rew_mean     | 121      |
| time/              |          |
|    episodes        | 48       |
|    fps             | 68       |
|    time_elapsed    | 656      |
|    total_timesteps | 45180    |
| train/             |          |
|    actor_loss      | -395     |
|    critic_loss     | 57.5     |
|    ent_coef        | 0.427    |
|    ent_coef_loss   | -0.315   |
|    learning_rate   | 0.0003   |
|    n_updates       | 44179    |
---------------------------------
---------------------------------
| rollout/           |          |
|    ep_len_mean     | 946      |
|    ep_rew_mean     | 1.1e+03  |
| time/              |          |
|    episodes        | 52       |
|    fps             | 69       |
|    time_elapsed    | 710      |
|    total_timesteps | 49180    |
| train/             |          |
|    actor_loss      | -492     |
|    critic_loss     | 252      |
|    ent_coef        | 0.528    |
|    ent_coef_loss   | -0.115   |
|    learning_rate   | 0.0003   |
|    n_updates       | 48179    |
---------------------------------
---------------------------------
| rollout/           |          |
|    ep_len_mean     | 950      |
|    ep_rew_mean     | 1.28e+03 |
| time/              |          |
|    episodes        | 56       |
|    fps             | 69       |
|    time_elapsed    | 764      |
|    total_timesteps | 53180    |
| train/             |          |
|    actor_loss      | -528     |
|    critic_loss     | 115      |
|    ent_coef        | 0.461    |
|    ent_coef_loss   | -0.0635  |
|    learning_rate   | 0.0003   |
|    n_updates       | 52179    |
---------------------------------
---------------------------------
| rollout/           |          |
|    ep_len_mean     | 953      |
|    ep_rew_mean     | 1.21e+03 |
| time/              |          |
|    episodes        | 60       |
|    fps             | 69       |
|    time_elapsed    | 820      |
|    total_timesteps | 57180    |
| train/             |          |
|    actor_loss      | -496     |
|    critic_loss     | 168      |
|    ent_coef        | 0.46     |
|    ent_coef_loss   | -0.203   |
|    learning_rate   | 0.0003   |
|    n_updates       | 56179    |
---------------------------------
---------------------------------
| rollout/           |          |
|    ep_len_mean     | 956      |
|    ep_rew_mean     | 1.16e+03 |
| time/              |          |
|    episodes        | 64       |
|    fps             | 69       |
|    time_elapsed    | 882      |
|    total_timesteps | 61180    |
| train/             |          |
|    actor_loss      | -578     |
|    critic_loss     | 108      |
|    ent_coef        | 0.449    |
|    ent_coef_loss   | -0.258   |
|    learning_rate   | 0.0003   |
|    n_updates       | 60179    |
---------------------------------
---------------------------------
| rollout/           |          |
|    ep_len_mean     | 959      |
|    ep_rew_mean     | 1.51e+03 |
| time/              |          |
|    episodes        | 68       |
|    fps             | 68       |
|    time_elapsed    | 945      |
|    total_timesteps | 65180    |
| train/             |          |
|    actor_loss      | -558     |
|    critic_loss     | 50.8     |
|    ent_coef        | 0.455    |
|    ent_coef_loss   | 0.00247  |
|    learning_rate   | 0.0003   |
|    n_updates       | 64179    |
---------------------------------
---------------------------------
| rollout/           |          |
|    ep_len_mean     | 961      |
|    ep_rew_mean     | 2.3e+03  |
| time/              |          |
|    episodes        | 72       |
|    fps             | 68       |
|    time_elapsed    | 1007     |
|    total_timesteps | 69180    |
| train/             |          |
|    actor_loss      | -602     |
|    critic_loss     | 33.2     |
|    ent_coef        | 0.379    |
|    ent_coef_loss   | -0.133   |
|    learning_rate   | 0.0003   |
|    n_updates       | 68179    |
---------------------------------
---------------------------------
| rollout/           |          |
|    ep_len_mean     | 963      |
|    ep_rew_mean     | 2.19e+03 |
| time/              |          |
|    episodes        | 76       |
|    fps             | 68       |
|    time_elapsed    | 1070     |
|    total_timesteps | 73180    |
| train/             |          |
|    actor_loss      | -594     |
|    critic_loss     | 34.6     |
|    ent_coef        | 0.409    |
|    ent_coef_loss   | -0.161   |
|    learning_rate   | 0.0003   |
|    n_updates       | 72179    |
---------------------------------
---------------------------------
| rollout/           |          |
|    ep_len_mean     | 965      |
|    ep_rew_mean     | 2.06e+03 |
| time/              |          |
|    episodes        | 80       |
|    fps             | 67       |
|    time_elapsed    | 1135     |
|    total_timesteps | 77180    |
| train/             |          |
|    actor_loss      | -590     |
|    critic_loss     | 140      |
|    ent_coef        | 0.373    |
|    ent_coef_loss   | -0.0403  |
|    learning_rate   | 0.0003   |
|    n_updates       | 76179    |
---------------------------------
---------------------------------
| rollout/           |          |
|    ep_len_mean     | 966      |
|    ep_rew_mean     | 1.89e+03 |
| time/              |          |
|    episodes        | 84       |
|    fps             | 67       |
|    time_elapsed    | 1199     |
|    total_timesteps | 81180    |
| train/             |          |
|    actor_loss      | -586     |
|    critic_loss     | 36.3     |
|    ent_coef        | 0.615    |
|    ent_coef_loss   | -0.163   |
|    learning_rate   | 0.0003   |
|    n_updates       | 80179    |
---------------------------------
---------------------------------
| rollout/           |          |
|    ep_len_mean     | 968      |
|    ep_rew_mean     | 1.94e+03 |
| time/              |          |
|    episodes        | 88       |
|    fps             | 67       |
|    time_elapsed    | 1258     |
|    total_timesteps | 85180    |
| train/             |          |
|    actor_loss      | -661     |
|    critic_loss     | 50.7     |
|    ent_coef        | 0.576    |
|    ent_coef_loss   | -0.109   |
|    learning_rate   | 0.0003   |
|    n_updates       | 84179    |
---------------------------------
---------------------------------
| rollout/           |          |
|    ep_len_mean     | 969      |
|    ep_rew_mean     | 2.22e+03 |
| time/              |          |
|    episodes        | 92       |
|    fps             | 67       |
|    time_elapsed    | 1315     |
|    total_timesteps | 89180    |
| train/             |          |
|    actor_loss      | -777     |
|    critic_loss     | 38.9     |
|    ent_coef        | 0.433    |
|    ent_coef_loss   | 0.429    |
|    learning_rate   | 0.0003   |
|    n_updates       | 88179    |
---------------------------------
---------------------------------
| rollout/           |          |
|    ep_len_mean     | 971      |
|    ep_rew_mean     | 2.92e+03 |
| time/              |          |
|    episodes        | 96       |
|    fps             | 67       |
|    time_elapsed    | 1374     |
|    total_timesteps | 93180    |
| train/             |          |
|    actor_loss      | -801     |
|    critic_loss     | 69.8     |
|    ent_coef        | 0.471    |
|    ent_coef_loss   | -0.00415 |
|    learning_rate   | 0.0003   |
|    n_updates       | 92179    |
---------------------------------
---------------------------------
| rollout/           |          |
|    ep_len_mean     | 972      |
|    ep_rew_mean     | 2.76e+03 |
| time/              |          |
|    episodes        | 100      |
|    fps             | 67       |
|    time_elapsed    | 1434     |
|    total_timesteps | 97180    |
| train/             |          |
|    actor_loss      | -745     |
|    critic_loss     | 33.6     |
|    ent_coef        | 0.474    |
|    ent_coef_loss   | -0.275   |
|    learning_rate   | 0.0003   |
|    n_updates       | 96179    |
---------------------------------
---------------------------------
| rollout/           |          |
|    ep_len_mean     | 972      |
|    ep_rew_mean     | 3.23e+03 |
| time/              |          |
|    episodes        | 104      |
|    fps             | 67       |
|    time_elapsed    | 1495     |
|    total_timesteps | 101180   |
| train/             |          |
|    actor_loss      | -759     |
|    critic_loss     | 75.8     |
|    ent_coef        | 0.448    |
|    ent_coef_loss   | 0.149    |
|    learning_rate   | 0.0003   |
|    n_updates       | 100179   |
---------------------------------
---------------------------------
| rollout/           |          |
|    ep_len_mean     | 972      |
|    ep_rew_mean     | 4.09e+03 |
| time/              |          |
|    episodes        | 108      |
|    fps             | 67       |
|    time_elapsed    | 1555     |
|    total_timesteps | 105180   |
| train/             |          |
|    actor_loss      | -761     |
|    critic_loss     | 63.9     |
|    ent_coef        | 0.383    |
|    ent_coef_loss   | -0.387   |
|    learning_rate   | 0.0003   |
|    n_updates       | 104179   |
---------------------------------
---------------------------------
| rollout/           |          |
|    ep_len_mean     | 980      |
|    ep_rew_mean     | 4.39e+03 |
| time/              |          |
|    episodes        | 112      |
|    fps             | 67       |
|    time_elapsed    | 1618     |
|    total_timesteps | 109180   |
| train/             |          |
|    actor_loss      | -890     |
|    critic_loss     | 52.9     |
|    ent_coef        | 0.453    |
|    ent_coef_loss   | -0.159   |
|    learning_rate   | 0.0003   |
|    n_updates       | 108179   |
---------------------------------
---------------------------------
| rollout/           |          |
|    ep_len_mean     | 983      |
|    ep_rew_mean     | 5.14e+03 |
| time/              |          |
|    episodes        | 116      |
|    fps             | 66       |
|    time_elapsed    | 1695     |
|    total_timesteps | 113180   |
| train/             |          |
|    actor_loss      | -829     |
|    critic_loss     | 54       |
|    ent_coef        | 0.418    |
|    ent_coef_loss   | 0.0483   |
|    learning_rate   | 0.0003   |
|    n_updates       | 112179   |
---------------------------------
----------------------------------
| rollout/           |           |
|    ep_len_mean     | 988       |
|    ep_rew_mean     | 6.02e+03  |
| time/              |           |
|    episodes        | 120       |
|    fps             | 66        |
|    time_elapsed    | 1753      |
|    total_timesteps | 117180    |
| train/             |           |
|    actor_loss      | -1.01e+03 |
|    critic_loss     | 70.1      |
|    ent_coef        | 0.452     |
|    ent_coef_loss   | 0.192     |
|    learning_rate   | 0.0003    |
|    n_updates       | 116179    |
----------------------------------
---------------------------------
| rollout/           |          |
|    ep_len_mean     | 988      |
|    ep_rew_mean     | 6.87e+03 |
| time/              |          |
|    episodes        | 124      |
|    fps             | 66       |
|    time_elapsed    | 1816     |
|    total_timesteps | 121180   |
| train/             |          |
|    actor_loss      | -926     |
|    critic_loss     | 42.5     |
|    ent_coef        | 0.466    |
|    ent_coef_loss   | 0.0858   |
|    learning_rate   | 0.0003   |
|    n_updates       | 120179   |
---------------------------------
----------------------------------
| rollout/           |           |
|    ep_len_mean     | 1e+03     |
|    ep_rew_mean     | 7.58e+03  |
| time/              |           |
|    episodes        | 128       |
|    fps             | 66        |
|    time_elapsed    | 1877      |
|    total_timesteps | 125180    |
| train/             |           |
|    actor_loss      | -1.03e+03 |
|    critic_loss     | 1.06e+03  |
|    ent_coef        | 0.494     |
|    ent_coef_loss   | 0.0556    |
|    learning_rate   | 0.0003    |
|    n_updates       | 124179    |
----------------------------------
----------------------------------
| rollout/           |           |
|    ep_len_mean     | 1e+03     |
|    ep_rew_mean     | 8.53e+03  |
| time/              |           |
|    episodes        | 132       |
|    fps             | 66        |
|    time_elapsed    | 1939      |
|    total_timesteps | 129180    |
| train/             |           |
|    actor_loss      | -1.05e+03 |
|    critic_loss     | 49.3      |
|    ent_coef        | 0.463     |
|    ent_coef_loss   | 0.149     |
|    learning_rate   | 0.0003    |
|    n_updates       | 128179    |
----------------------------------
----------------------------------
| rollout/           |           |
|    ep_len_mean     | 1e+03     |
|    ep_rew_mean     | 9.51e+03  |
| time/              |           |
|    episodes        | 136       |
|    fps             | 66        |
|    time_elapsed    | 1997      |
|    total_timesteps | 133180    |
| train/             |           |
|    actor_loss      | -1.07e+03 |
|    critic_loss     | 40.3      |
|    ent_coef        | 0.542     |
|    ent_coef_loss   | -0.136    |
|    learning_rate   | 0.0003    |
|    n_updates       | 132179    |
----------------------------------
----------------------------------
| rollout/           |           |
|    ep_len_mean     | 1e+03     |
|    ep_rew_mean     | 1.04e+04  |
| time/              |           |
|    episodes        | 140       |
|    fps             | 66        |
|    time_elapsed    | 2059      |
|    total_timesteps | 137180    |
| train/             |           |
|    actor_loss      | -1.26e+03 |
|    critic_loss     | 42.2      |
|    ent_coef        | 0.521     |
|    ent_coef_loss   | 0.116     |
|    learning_rate   | 0.0003    |
|    n_updates       | 136179    |
----------------------------------
----------------------------------
| rollout/           |           |
|    ep_len_mean     | 1e+03     |
|    ep_rew_mean     | 1.04e+04  |
| time/              |           |
|    episodes        | 144       |
|    fps             | 66        |
|    time_elapsed    | 2120      |
|    total_timesteps | 141180    |
| train/             |           |
|    actor_loss      | -1.24e+03 |
|    critic_loss     | 129       |
|    ent_coef        | 0.51      |
|    ent_coef_loss   | -0.0522   |
|    learning_rate   | 0.0003    |
|    n_updates       | 140179    |
----------------------------------
----------------------------------
| rollout/           |           |
|    ep_len_mean     | 1e+03     |
|    ep_rew_mean     | 1.04e+04  |
| time/              |           |
|    episodes        | 148       |
|    fps             | 66        |
|    time_elapsed    | 2181      |
|    total_timesteps | 145180    |
| train/             |           |
|    actor_loss      | -1.15e+03 |
|    critic_loss     | 45.3      |
|    ent_coef        | 0.467     |
|    ent_coef_loss   | 0.0796    |
|    learning_rate   | 0.0003    |
|    n_updates       | 144179    |
----------------------------------
----------------------------------
| rollout/           |           |
|    ep_len_mean     | 1e+03     |
|    ep_rew_mean     | 9.88e+03  |
| time/              |           |
|    episodes        | 152       |
|    fps             | 66        |
|    time_elapsed    | 2242      |
|    total_timesteps | 149180    |
| train/             |           |
|    actor_loss      | -1.02e+03 |
|    critic_loss     | 137       |
|    ent_coef        | 0.435     |
|    ent_coef_loss   | 0.0484    |
|    learning_rate   | 0.0003    |
|    n_updates       | 148179    |
----------------------------------
----------------------------------
| rollout/           |           |
|    ep_len_mean     | 1e+03     |
|    ep_rew_mean     | 9.76e+03  |
| time/              |           |
|    episodes        | 156       |
|    fps             | 66        |
|    time_elapsed    | 2302      |
|    total_timesteps | 153180    |
| train/             |           |
|    actor_loss      | -1.15e+03 |
|    critic_loss     | 33.7      |
|    ent_coef        | 0.423     |
|    ent_coef_loss   | 0.103     |
|    learning_rate   | 0.0003    |
|    n_updates       | 152179    |
----------------------------------
----------------------------------
| rollout/           |           |
|    ep_len_mean     | 1e+03     |
|    ep_rew_mean     | 1.06e+04  |
| time/              |           |
|    episodes        | 160       |
|    fps             | 66        |
|    time_elapsed    | 2364      |
|    total_timesteps | 157180    |
| train/             |           |
|    actor_loss      | -1.07e+03 |
|    critic_loss     | 33.2      |
|    ent_coef        | 0.421     |
|    ent_coef_loss   | -0.0707   |
|    learning_rate   | 0.0003    |
|    n_updates       | 156179    |
----------------------------------
----------------------------------
| rollout/           |           |
|    ep_len_mean     | 1e+03     |
|    ep_rew_mean     | 1.15e+04  |
| time/              |           |
|    episodes        | 164       |
|    fps             | 66        |
|    time_elapsed    | 2424      |
|    total_timesteps | 161180    |
| train/             |           |
|    actor_loss      | -1.19e+03 |
|    critic_loss     | 65.9      |
|    ent_coef        | 0.441     |
|    ent_coef_loss   | 0.179     |
|    learning_rate   | 0.0003    |
|    n_updates       | 160179    |
----------------------------------
----------------------------------
| rollout/           |           |
|    ep_len_mean     | 1e+03     |
|    ep_rew_mean     | 1.22e+04  |
| time/              |           |
|    episodes        | 168       |
|    fps             | 66        |
|    time_elapsed    | 2485      |
|    total_timesteps | 165180    |
| train/             |           |
|    actor_loss      | -1.13e+03 |
|    critic_loss     | 53.6      |
|    ent_coef        | 0.432     |
|    ent_coef_loss   | -0.049    |
|    learning_rate   | 0.0003    |
|    n_updates       | 164179    |
----------------------------------
----------------------------------
| rollout/           |           |
|    ep_len_mean     | 1e+03     |
|    ep_rew_mean     | 1.25e+04  |
| time/              |           |
|    episodes        | 172       |
|    fps             | 66        |
|    time_elapsed    | 2547      |
|    total_timesteps | 169180    |
| train/             |           |
|    actor_loss      | -1.22e+03 |
|    critic_loss     | 33.9      |
|    ent_coef        | 0.56      |
|    ent_coef_loss   | 0.221     |
|    learning_rate   | 0.0003    |
|    n_updates       | 168179    |
----------------------------------
----------------------------------
| rollout/           |           |
|    ep_len_mean     | 1e+03     |
|    ep_rew_mean     | 1.35e+04  |
| time/              |           |
|    episodes        | 176       |
|    fps             | 66        |
|    time_elapsed    | 2598      |
|    total_timesteps | 173180    |
| train/             |           |
|    actor_loss      | -1.17e+03 |
|    critic_loss     | 39.2      |
|    ent_coef        | 0.49      |
|    ent_coef_loss   | -0.0332   |
|    learning_rate   | 0.0003    |
|    n_updates       | 172179    |
----------------------------------
----------------------------------
| rollout/           |           |
|    ep_len_mean     | 1e+03     |
|    ep_rew_mean     | 1.46e+04  |
| time/              |           |
|    episodes        | 180       |
|    fps             | 66        |
|    time_elapsed    | 2647      |
|    total_timesteps | 177180    |
| train/             |           |
|    actor_loss      | -1.27e+03 |
|    critic_loss     | 52.9      |
|    ent_coef        | 0.463     |
|    ent_coef_loss   | 0.121     |
|    learning_rate   | 0.0003    |
|    n_updates       | 176179    |
----------------------------------
----------------------------------
| rollout/           |           |
|    ep_len_mean     | 1e+03     |
|    ep_rew_mean     | 1.56e+04  |
| time/              |           |
|    episodes        | 184       |
|    fps             | 67        |
|    time_elapsed    | 2696      |
|    total_timesteps | 181180    |
| train/             |           |
|    actor_loss      | -1.32e+03 |
|    critic_loss     | 46.1      |
|    ent_coef        | 0.492     |
|    ent_coef_loss   | 0.243     |
|    learning_rate   | 0.0003    |
|    n_updates       | 180179    |
----------------------------------
----------------------------------
| rollout/           |           |
|    ep_len_mean     | 1e+03     |
|    ep_rew_mean     | 1.65e+04  |
| time/              |           |
|    episodes        | 188       |
|    fps             | 67        |
|    time_elapsed    | 2745      |
|    total_timesteps | 185180    |
| train/             |           |
|    actor_loss      | -1.41e+03 |
|    critic_loss     | 58.5      |
|    ent_coef        | 0.471     |
|    ent_coef_loss   | -0.252    |
|    learning_rate   | 0.0003    |
|    n_updates       | 184179    |
----------------------------------
---------------------------------
| rollout/           |          |
|    ep_len_mean     | 1e+03    |
|    ep_rew_mean     | 1.72e+04 |
| time/              |          |
|    episodes        | 192      |
|    fps             | 67       |
|    time_elapsed    | 2794     |
|    total_timesteps | 189180   |
| train/             |          |
|    actor_loss      | -1.6e+03 |
|    critic_loss     | 67.4     |
|    ent_coef        | 0.483    |
|    ent_coef_loss   | 0.0108   |
|    learning_rate   | 0.0003   |
|    n_updates       | 188179   |
---------------------------------
----------------------------------
| rollout/           |           |
|    ep_len_mean     | 1e+03     |
|    ep_rew_mean     | 1.74e+04  |
| time/              |           |
|    episodes        | 196       |
|    fps             | 67        |
|    time_elapsed    | 2845      |
|    total_timesteps | 193180    |
| train/             |           |
|    actor_loss      | -1.46e+03 |
|    critic_loss     | 36.4      |
|    ent_coef        | 0.462     |
|    ent_coef_loss   | 0.229     |
|    learning_rate   | 0.0003    |
|    n_updates       | 192179    |
----------------------------------
----------------------------------
| rollout/           |           |
|    ep_len_mean     | 1e+03     |
|    ep_rew_mean     | 1.86e+04  |
| time/              |           |
|    episodes        | 200       |
|    fps             | 68        |
|    time_elapsed    | 2893      |
|    total_timesteps | 197180    |
| train/             |           |
|    actor_loss      | -1.4e+03  |
|    critic_loss     | 49.4      |
|    ent_coef        | 0.453     |
|    ent_coef_loss   | -0.000846 |
|    learning_rate   | 0.0003    |
|    n_updates       | 196179    |
----------------------------------
----------------------------------
| rollout/           |           |
|    ep_len_mean     | 992       |
|    ep_rew_mean     | 1.92e+04  |
| time/              |           |
|    episodes        | 204       |
|    fps             | 68        |
|    time_elapsed    | 2933      |
|    total_timesteps | 200371    |
| train/             |           |
|    actor_loss      | -1.42e+03 |
|    critic_loss     | 77.8      |
|    ent_coef        | 0.542     |
|    ent_coef_loss   | 0.0585    |
|    learning_rate   | 0.0003    |
|    n_updates       | 199370    |
----------------------------------
----------------------------------
| rollout/           |           |
|    ep_len_mean     | 988       |
|    ep_rew_mean     | 1.93e+04  |
| time/              |           |
|    episodes        | 208       |
|    fps             | 68        |
|    time_elapsed    | 2977      |
|    total_timesteps | 203942    |
| train/             |           |
|    actor_loss      | -1.57e+03 |
|    critic_loss     | 1.22e+03  |
|    ent_coef        | 0.482     |
|    ent_coef_loss   | -0.0143   |
|    learning_rate   | 0.0003    |
|    n_updates       | 202941    |
----------------------------------
---------------------------------
| rollout/           |          |
|    ep_len_mean     | 988      |
|    ep_rew_mean     | 2e+04    |
| time/              |          |
|    episodes        | 212      |
|    fps             | 68       |
|    time_elapsed    | 3027     |
|    total_timesteps | 207942   |
| train/             |          |
|    actor_loss      | -1.6e+03 |
|    critic_loss     | 63       |
|    ent_coef        | 0.504    |
|    ent_coef_loss   | 0.247    |
|    learning_rate   | 0.0003   |
|    n_updates       | 206941   |
---------------------------------
----------------------------------
| rollout/           |           |
|    ep_len_mean     | 988       |
|    ep_rew_mean     | 2.02e+04  |
| time/              |           |
|    episodes        | 216       |
|    fps             | 68        |
|    time_elapsed    | 3076      |
|    total_timesteps | 211942    |
| train/             |           |
|    actor_loss      | -1.69e+03 |
|    critic_loss     | 31.8      |
|    ent_coef        | 0.487     |
|    ent_coef_loss   | 0.0796    |
|    learning_rate   | 0.0003    |
|    n_updates       | 210941    |
----------------------------------
----------------------------------
| rollout/           |           |
|    ep_len_mean     | 988       |
|    ep_rew_mean     | 2.05e+04  |
| time/              |           |
|    episodes        | 220       |
|    fps             | 69        |
|    time_elapsed    | 3125      |
|    total_timesteps | 215942    |
| train/             |           |
|    actor_loss      | -1.79e+03 |
|    critic_loss     | 173       |
|    ent_coef        | 0.495     |
|    ent_coef_loss   | 0.227     |
|    learning_rate   | 0.0003    |
|    n_updates       | 214941    |
----------------------------------
----------------------------------
| rollout/           |           |
|    ep_len_mean     | 988       |
|    ep_rew_mean     | 2.07e+04  |
| time/              |           |
|    episodes        | 224       |
|    fps             | 69        |
|    time_elapsed    | 3175      |
|    total_timesteps | 219942    |
| train/             |           |
|    actor_loss      | -1.66e+03 |
|    critic_loss     | 59.1      |
|    ent_coef        | 0.55      |
|    ent_coef_loss   | -0.0842   |
|    learning_rate   | 0.0003    |
|    n_updates       | 218941    |
----------------------------------
----------------------------------
| rollout/           |           |
|    ep_len_mean     | 988       |
|    ep_rew_mean     | 2.1e+04   |
| time/              |           |
|    episodes        | 228       |
|    fps             | 69        |
|    time_elapsed    | 3224      |
|    total_timesteps | 223942    |
| train/             |           |
|    actor_loss      | -1.65e+03 |
|    critic_loss     | 52.8      |
|    ent_coef        | 0.547     |
|    ent_coef_loss   | -0.21     |
|    learning_rate   | 0.0003    |
|    n_updates       | 222941    |
----------------------------------
----------------------------------
| rollout/           |           |
|    ep_len_mean     | 988       |
|    ep_rew_mean     | 2.12e+04  |
| time/              |           |
|    episodes        | 232       |
|    fps             | 69        |
|    time_elapsed    | 3274      |
|    total_timesteps | 227942    |
| train/             |           |
|    actor_loss      | -1.86e+03 |
|    critic_loss     | 62.1      |
|    ent_coef        | 0.589     |
|    ent_coef_loss   | 0.233     |
|    learning_rate   | 0.0003    |
|    n_updates       | 226941    |
----------------------------------
----------------------------------
| rollout/           |           |
|    ep_len_mean     | 988       |
|    ep_rew_mean     | 2.13e+04  |
| time/              |           |
|    episodes        | 236       |
|    fps             | 69        |
|    time_elapsed    | 3323      |
|    total_timesteps | 231942    |
| train/             |           |
|    actor_loss      | -1.82e+03 |
|    critic_loss     | 48.4      |
|    ent_coef        | 0.587     |
|    ent_coef_loss   | -0.0231   |
|    learning_rate   | 0.0003    |
|    n_updates       | 230941    |
----------------------------------
----------------------------------
| rollout/           |           |
|    ep_len_mean     | 988       |
|    ep_rew_mean     | 2.15e+04  |
| time/              |           |
|    episodes        | 240       |
|    fps             | 69        |
|    time_elapsed    | 3373      |
|    total_timesteps | 235942    |
| train/             |           |
|    actor_loss      | -1.87e+03 |
|    critic_loss     | 42        |
|    ent_coef        | 0.558     |
|    ent_coef_loss   | 0.0322    |
|    learning_rate   | 0.0003    |
|    n_updates       | 234941    |
----------------------------------
----------------------------------
| rollout/           |           |
|    ep_len_mean     | 988       |
|    ep_rew_mean     | 2.26e+04  |
| time/              |           |
|    episodes        | 244       |
|    fps             | 70        |
|    time_elapsed    | 3422      |
|    total_timesteps | 239942    |
| train/             |           |
|    actor_loss      | -2.06e+03 |
|    critic_loss     | 78.6      |
|    ent_coef        | 0.524     |
|    ent_coef_loss   | -0.182    |
|    learning_rate   | 0.0003    |
|    n_updates       | 238941    |
----------------------------------
----------------------------------
| rollout/           |           |
|    ep_len_mean     | 988       |
|    ep_rew_mean     | 2.37e+04  |
| time/              |           |
|    episodes        | 248       |
|    fps             | 70        |
|    time_elapsed    | 3471      |
|    total_timesteps | 243942    |
| train/             |           |
|    actor_loss      | -1.93e+03 |
|    critic_loss     | 44.7      |
|    ent_coef        | 0.521     |
|    ent_coef_loss   | 0.0996    |
|    learning_rate   | 0.0003    |
|    n_updates       | 242941    |
----------------------------------
----------------------------------
| rollout/           |           |
|    ep_len_mean     | 988       |
|    ep_rew_mean     | 2.48e+04  |
| time/              |           |
|    episodes        | 252       |
|    fps             | 70        |
|    time_elapsed    | 3522      |
|    total_timesteps | 247942    |
| train/             |           |
|    actor_loss      | -1.97e+03 |
|    critic_loss     | 46.7      |
|    ent_coef        | 0.516     |
|    ent_coef_loss   | 0.0329    |
|    learning_rate   | 0.0003    |
|    n_updates       | 246941    |
----------------------------------
----------------------------------
| rollout/           |           |
|    ep_len_mean     | 988       |
|    ep_rew_mean     | 2.6e+04   |
| time/              |           |
|    episodes        | 256       |
|    fps             | 70        |
|    time_elapsed    | 3572      |
|    total_timesteps | 251942    |
| train/             |           |
|    actor_loss      | -2.01e+03 |
|    critic_loss     | 25.5      |
|    ent_coef        | 0.505     |
|    ent_coef_loss   | -0.256    |
|    learning_rate   | 0.0003    |
|    n_updates       | 250941    |
----------------------------------
----------------------------------
| rollout/           |           |
|    ep_len_mean     | 988       |
|    ep_rew_mean     | 2.62e+04  |
| time/              |           |
|    episodes        | 260       |
|    fps             | 70        |
|    time_elapsed    | 3622      |
|    total_timesteps | 255942    |
| train/             |           |
|    actor_loss      | -2.29e+03 |
|    critic_loss     | 44.9      |
|    ent_coef        | 0.518     |
|    ent_coef_loss   | -0.189    |
|    learning_rate   | 0.0003    |
|    n_updates       | 254941    |
----------------------------------
----------------------------------
| rollout/           |           |
|    ep_len_mean     | 988       |
|    ep_rew_mean     | 2.63e+04  |
| time/              |           |
|    episodes        | 264       |
|    fps             | 70        |
|    time_elapsed    | 3671      |
|    total_timesteps | 259942    |
| train/             |           |
|    actor_loss      | -2.05e+03 |
|    critic_loss     | 48.7      |
|    ent_coef        | 0.538     |
|    ent_coef_loss   | -0.252    |
|    learning_rate   | 0.0003    |
|    n_updates       | 258941    |
----------------------------------
----------------------------------
| rollout/           |           |
|    ep_len_mean     | 988       |
|    ep_rew_mean     | 2.66e+04  |
| time/              |           |
|    episodes        | 268       |
|    fps             | 70        |
|    time_elapsed    | 3722      |
|    total_timesteps | 263942    |
| train/             |           |
|    actor_loss      | -2.21e+03 |
|    critic_loss     | 63        |
|    ent_coef        | 0.563     |
|    ent_coef_loss   | 0.0417    |
|    learning_rate   | 0.0003    |
|    n_updates       | 262941    |
----------------------------------
----------------------------------
| rollout/           |           |
|    ep_len_mean     | 988       |
|    ep_rew_mean     | 2.67e+04  |
| time/              |           |
|    episodes        | 272       |
|    fps             | 71        |
|    time_elapsed    | 3771      |
|    total_timesteps | 267942    |
| train/             |           |
|    actor_loss      | -2.18e+03 |
|    critic_loss     | 114       |
|    ent_coef        | 0.624     |
|    ent_coef_loss   | 0.0681    |
|    learning_rate   | 0.0003    |
|    n_updates       | 266941    |
----------------------------------
----------------------------------
| rollout/           |           |
|    ep_len_mean     | 988       |
|    ep_rew_mean     | 2.68e+04  |
| time/              |           |
|    episodes        | 276       |
|    fps             | 71        |
|    time_elapsed    | 3821      |
|    total_timesteps | 271942    |
| train/             |           |
|    actor_loss      | -2.26e+03 |
|    critic_loss     | 33        |
|    ent_coef        | 0.617     |
|    ent_coef_loss   | -0.0744   |
|    learning_rate   | 0.0003    |
|    n_updates       | 270941    |
----------------------------------
----------------------------------
| rollout/           |           |
|    ep_len_mean     | 988       |
|    ep_rew_mean     | 2.67e+04  |
| time/              |           |
|    episodes        | 280       |
|    fps             | 71        |
|    time_elapsed    | 3870      |
|    total_timesteps | 275942    |
| train/             |           |
|    actor_loss      | -2.42e+03 |
|    critic_loss     | 151       |
|    ent_coef        | 0.565     |
|    ent_coef_loss   | -0.0316   |
|    learning_rate   | 0.0003    |
|    n_updates       | 274941    |
----------------------------------
----------------------------------
| rollout/           |           |
|    ep_len_mean     | 988       |
|    ep_rew_mean     | 2.66e+04  |
| time/              |           |
|    episodes        | 284       |
|    fps             | 71        |
|    time_elapsed    | 3921      |
|    total_timesteps | 279942    |
| train/             |           |
|    actor_loss      | -2.41e+03 |
|    critic_loss     | 437       |
|    ent_coef        | 0.52      |
|    ent_coef_loss   | -0.0524   |
|    learning_rate   | 0.0003    |
|    n_updates       | 278941    |
----------------------------------
----------------------------------
| rollout/           |           |
|    ep_len_mean     | 988       |
|    ep_rew_mean     | 2.68e+04  |
| time/              |           |
|    episodes        | 288       |
|    fps             | 71        |
|    time_elapsed    | 3971      |
|    total_timesteps | 283942    |
| train/             |           |
|    actor_loss      | -2.48e+03 |
|    critic_loss     | 104       |
|    ent_coef        | 0.54      |
|    ent_coef_loss   | -0.0958   |
|    learning_rate   | 0.0003    |
|    n_updates       | 282941    |
----------------------------------
----------------------------------
| rollout/           |           |
|    ep_len_mean     | 988       |
|    ep_rew_mean     | 2.69e+04  |
| time/              |           |
|    episodes        | 292       |
|    fps             | 71        |
|    time_elapsed    | 4021      |
|    total_timesteps | 287942    |
| train/             |           |
|    actor_loss      | -2.73e+03 |
|    critic_loss     | 68.3      |
|    ent_coef        | 0.504     |
|    ent_coef_loss   | 0.00327   |
|    learning_rate   | 0.0003    |
|    n_updates       | 286941    |
----------------------------------
----------------------------------
| rollout/           |           |
|    ep_len_mean     | 988       |
|    ep_rew_mean     | 2.61e+04  |
| time/              |           |
|    episodes        | 296       |
|    fps             | 71        |
|    time_elapsed    | 4072      |
|    total_timesteps | 291942    |
| train/             |           |
|    actor_loss      | -2.59e+03 |
|    critic_loss     | 60.4      |
|    ent_coef        | 0.518     |
|    ent_coef_loss   | 0.159     |
|    learning_rate   | 0.0003    |
|    n_updates       | 290941    |
----------------------------------
----------------------------------
| rollout/           |           |
|    ep_len_mean     | 988       |
|    ep_rew_mean     | 2.53e+04  |
| time/              |           |
|    episodes        | 300       |
|    fps             | 71        |
|    time_elapsed    | 4122      |
|    total_timesteps | 295942    |
| train/             |           |
|    actor_loss      | -2.62e+03 |
|    critic_loss     | 136       |
|    ent_coef        | 0.5       |
|    ent_coef_loss   | 0.211     |
|    learning_rate   | 0.0003    |
|    n_updates       | 294941    |
----------------------------------
----------------------------------
| rollout/           |           |
|    ep_len_mean     | 996       |
|    ep_rew_mean     | 2.55e+04  |
| time/              |           |
|    episodes        | 304       |
|    fps             | 71        |
|    time_elapsed    | 4171      |
|    total_timesteps | 299942    |
| train/             |           |
|    actor_loss      | -2.65e+03 |
|    critic_loss     | 40.2      |
|    ent_coef        | 0.496     |
|    ent_coef_loss   | -0.0556   |
|    learning_rate   | 0.0003    |
|    n_updates       | 298941    |
----------------------------------
---------------------------------
| rollout/           |          |
|    ep_len_mean     | 1e+03    |
|    ep_rew_mean     | 2.57e+04 |
| time/              |          |
|    episodes        | 308      |
|    fps             | 71       |
|    time_elapsed    | 4222     |
|    total_timesteps | 303942   |
| train/             |          |
|    actor_loss      | -2.5e+03 |
|    critic_loss     | 70.9     |
|    ent_coef        | 0.588    |
|    ent_coef_loss   | -0.126   |
|    learning_rate   | 0.0003   |
|    n_updates       | 302941   |
---------------------------------
----------------------------------
| rollout/           |           |
|    ep_len_mean     | 1e+03     |
|    ep_rew_mean     | 2.58e+04  |
| time/              |           |
|    episodes        | 312       |
|    fps             | 72        |
|    time_elapsed    | 4274      |
|    total_timesteps | 307942    |
| train/             |           |
|    actor_loss      | -2.58e+03 |
|    critic_loss     | 42.4      |
|    ent_coef        | 0.535     |
|    ent_coef_loss   | -0.206    |
|    learning_rate   | 0.0003    |
|    n_updates       | 306941    |
----------------------------------
----------------------------------
| rollout/           |           |
|    ep_len_mean     | 1e+03     |
|    ep_rew_mean     | 2.59e+04  |
| time/              |           |
|    episodes        | 316       |
|    fps             | 72        |
|    time_elapsed    | 4324      |
|    total_timesteps | 311942    |
| train/             |           |
|    actor_loss      | -2.69e+03 |
|    critic_loss     | 51.5      |
|    ent_coef        | 0.541     |
|    ent_coef_loss   | -0.0567   |
|    learning_rate   | 0.0003    |
|    n_updates       | 310941    |
----------------------------------
----------------------------------
| rollout/           |           |
|    ep_len_mean     | 1e+03     |
|    ep_rew_mean     | 2.6e+04   |
| time/              |           |
|    episodes        | 320       |
|    fps             | 72        |
|    time_elapsed    | 4374      |
|    total_timesteps | 315942    |
| train/             |           |
|    actor_loss      | -2.62e+03 |
|    critic_loss     | 36.6      |
|    ent_coef        | 0.516     |
|    ent_coef_loss   | 0.0428    |
|    learning_rate   | 0.0003    |
|    n_updates       | 314941    |
----------------------------------
----------------------------------
| rollout/           |           |
|    ep_len_mean     | 1e+03     |
|    ep_rew_mean     | 2.61e+04  |
| time/              |           |
|    episodes        | 324       |
|    fps             | 72        |
|    time_elapsed    | 4424      |
|    total_timesteps | 319942    |
| train/             |           |
|    actor_loss      | -2.66e+03 |
|    critic_loss     | 37.5      |
|    ent_coef        | 0.516     |
|    ent_coef_loss   | -0.0399   |
|    learning_rate   | 0.0003    |
|    n_updates       | 318941    |
----------------------------------
----------------------------------
| rollout/           |           |
|    ep_len_mean     | 1e+03     |
|    ep_rew_mean     | 2.62e+04  |
| time/              |           |
|    episodes        | 328       |
|    fps             | 72        |
|    time_elapsed    | 4476      |
|    total_timesteps | 323942    |
| train/             |           |
|    actor_loss      | -2.79e+03 |
|    critic_loss     | 30.8      |
|    ent_coef        | 0.503     |
|    ent_coef_loss   | 0.251     |
|    learning_rate   | 0.0003    |
|    n_updates       | 322941    |
----------------------------------
----------------------------------
| rollout/           |           |
|    ep_len_mean     | 1e+03     |
|    ep_rew_mean     | 2.63e+04  |
| time/              |           |
|    episodes        | 332       |
|    fps             | 72        |
|    time_elapsed    | 4525      |
|    total_timesteps | 327942    |
| train/             |           |
|    actor_loss      | -2.62e+03 |
|    critic_loss     | 42.8      |
|    ent_coef        | 0.478     |
|    ent_coef_loss   | 0.0404    |
|    learning_rate   | 0.0003    |
|    n_updates       | 326941    |
----------------------------------
----------------------------------
| rollout/           |           |
|    ep_len_mean     | 1e+03     |
|    ep_rew_mean     | 2.64e+04  |
| time/              |           |
|    episodes        | 336       |
|    fps             | 72        |
|    time_elapsed    | 4576      |
|    total_timesteps | 331942    |
| train/             |           |
|    actor_loss      | -2.71e+03 |
|    critic_loss     | 27.8      |
|    ent_coef        | 0.503     |
|    ent_coef_loss   | 0.113     |
|    learning_rate   | 0.0003    |
|    n_updates       | 330941    |
----------------------------------
----------------------------------
| rollout/           |           |
|    ep_len_mean     | 1e+03     |
|    ep_rew_mean     | 2.65e+04  |
| time/              |           |
|    episodes        | 340       |
|    fps             | 72        |
|    time_elapsed    | 4628      |
|    total_timesteps | 335942    |
| train/             |           |
|    actor_loss      | -2.74e+03 |
|    critic_loss     | 16.5      |
|    ent_coef        | 0.533     |
|    ent_coef_loss   | -0.0786   |
|    learning_rate   | 0.0003    |
|    n_updates       | 334941    |
----------------------------------
----------------------------------
| rollout/           |           |
|    ep_len_mean     | 992       |
|    ep_rew_mean     | 2.63e+04  |
| time/              |           |
|    episodes        | 344       |
|    fps             | 72        |
|    time_elapsed    | 4668      |
|    total_timesteps | 339176    |
| train/             |           |
|    actor_loss      | -2.71e+03 |
|    critic_loss     | 24.3      |
|    ent_coef        | 0.533     |
|    ent_coef_loss   | 0.00801   |
|    learning_rate   | 0.0003    |
|    n_updates       | 338175    |
----------------------------------
----------------------------------
| rollout/           |           |
|    ep_len_mean     | 992       |
|    ep_rew_mean     | 2.64e+04  |
| time/              |           |
|    episodes        | 348       |
|    fps             | 72        |
|    time_elapsed    | 4719      |
|    total_timesteps | 343176    |
| train/             |           |
|    actor_loss      | -2.77e+03 |
|    critic_loss     | 41.7      |
|    ent_coef        | 0.518     |
|    ent_coef_loss   | -0.171    |
|    learning_rate   | 0.0003    |
|    n_updates       | 342175    |
----------------------------------
----------------------------------
| rollout/           |           |
|    ep_len_mean     | 992       |
|    ep_rew_mean     | 2.65e+04  |
| time/              |           |
|    episodes        | 352       |
|    fps             | 72        |
|    time_elapsed    | 4769      |
|    total_timesteps | 347176    |
| train/             |           |
|    actor_loss      | -2.86e+03 |
|    critic_loss     | 38.4      |
|    ent_coef        | 0.497     |
|    ent_coef_loss   | 0.259     |
|    learning_rate   | 0.0003    |
|    n_updates       | 346175    |
----------------------------------
----------------------------------
| rollout/           |           |
|    ep_len_mean     | 992       |
|    ep_rew_mean     | 2.66e+04  |
| time/              |           |
|    episodes        | 356       |
|    fps             | 72        |
|    time_elapsed    | 4821      |
|    total_timesteps | 351176    |
| train/             |           |
|    actor_loss      | -2.87e+03 |
|    critic_loss     | 28.7      |
|    ent_coef        | 0.502     |
|    ent_coef_loss   | 0.042     |
|    learning_rate   | 0.0003    |
|    n_updates       | 350175    |
----------------------------------
----------------------------------
| rollout/           |           |
|    ep_len_mean     | 992       |
|    ep_rew_mean     | 2.68e+04  |
| time/              |           |
|    episodes        | 360       |
|    fps             | 72        |
|    time_elapsed    | 4872      |
|    total_timesteps | 355176    |
| train/             |           |
|    actor_loss      | -2.92e+03 |
|    critic_loss     | 39        |
|    ent_coef        | 0.481     |
|    ent_coef_loss   | -0.128    |
|    learning_rate   | 0.0003    |
|    n_updates       | 354175    |
----------------------------------
----------------------------------
| rollout/           |           |
|    ep_len_mean     | 992       |
|    ep_rew_mean     | 2.69e+04  |
| time/              |           |
|    episodes        | 364       |
|    fps             | 72        |
|    time_elapsed    | 4923      |
|    total_timesteps | 359176    |
| train/             |           |
|    actor_loss      | -3.06e+03 |
|    critic_loss     | 21.7      |
|    ent_coef        | 0.469     |
|    ent_coef_loss   | 0.0658    |
|    learning_rate   | 0.0003    |
|    n_updates       | 358175    |
----------------------------------
----------------------------------
| rollout/           |           |
|    ep_len_mean     | 992       |
|    ep_rew_mean     | 2.7e+04   |
| time/              |           |
|    episodes        | 368       |
|    fps             | 73        |
|    time_elapsed    | 4974      |
|    total_timesteps | 363176    |
| train/             |           |
|    actor_loss      | -3.06e+03 |
|    critic_loss     | 35.5      |
|    ent_coef        | 0.452     |
|    ent_coef_loss   | 0.18      |
|    learning_rate   | 0.0003    |
|    n_updates       | 362175    |
----------------------------------
----------------------------------
| rollout/           |           |
|    ep_len_mean     | 992       |
|    ep_rew_mean     | 2.71e+04  |
| time/              |           |
|    episodes        | 372       |
|    fps             | 73        |
|    time_elapsed    | 5025      |
|    total_timesteps | 367176    |
| train/             |           |
|    actor_loss      | -2.99e+03 |
|    critic_loss     | 15.6      |
|    ent_coef        | 0.464     |
|    ent_coef_loss   | 0.0291    |
|    learning_rate   | 0.0003    |
|    n_updates       | 366175    |
----------------------------------
----------------------------------
| rollout/           |           |
|    ep_len_mean     | 992       |
|    ep_rew_mean     | 2.71e+04  |
| time/              |           |
|    episodes        | 376       |
|    fps             | 73        |
|    time_elapsed    | 5075      |
|    total_timesteps | 371176    |
| train/             |           |
|    actor_loss      | -2.99e+03 |
|    critic_loss     | 58        |
|    ent_coef        | 0.454     |
|    ent_coef_loss   | -0.0887   |
|    learning_rate   | 0.0003    |
|    n_updates       | 370175    |
----------------------------------
---------------------------------
| rollout/           |          |
|    ep_len_mean     | 990      |
|    ep_rew_mean     | 2.75e+04 |
| time/              |          |
|    episodes        | 380      |
|    fps             | 73       |
|    time_elapsed    | 5124     |
|    total_timesteps | 374975   |
| train/             |          |
|    actor_loss      | -3.1e+03 |
|    critic_loss     | 43.2     |
|    ent_coef        | 0.441    |
|    ent_coef_loss   | 0.0438   |
|    learning_rate   | 0.0003   |
|    n_updates       | 373974   |
---------------------------------
----------------------------------
| rollout/           |           |
|    ep_len_mean     | 990       |
|    ep_rew_mean     | 2.78e+04  |
| time/              |           |
|    episodes        | 384       |
|    fps             | 73        |
|    time_elapsed    | 5176      |
|    total_timesteps | 378975    |
| train/             |           |
|    actor_loss      | -2.97e+03 |
|    critic_loss     | 13.7      |
|    ent_coef        | 0.446     |
|    ent_coef_loss   | -0.0208   |
|    learning_rate   | 0.0003    |
|    n_updates       | 377974    |
----------------------------------
----------------------------------
| rollout/           |           |
|    ep_len_mean     | 990       |
|    ep_rew_mean     | 2.78e+04  |
| time/              |           |
|    episodes        | 388       |
|    fps             | 73        |
|    time_elapsed    | 5227      |
|    total_timesteps | 382975    |
| train/             |           |
|    actor_loss      | -3.06e+03 |
|    critic_loss     | 177       |
|    ent_coef        | 0.45      |
|    ent_coef_loss   | 0.0637    |
|    learning_rate   | 0.0003    |
|    n_updates       | 381974    |
----------------------------------
----------------------------------
| rollout/           |           |
|    ep_len_mean     | 990       |
|    ep_rew_mean     | 2.79e+04  |
| time/              |           |
|    episodes        | 392       |
|    fps             | 73        |
|    time_elapsed    | 5277      |
|    total_timesteps | 386975    |
| train/             |           |
|    actor_loss      | -3.01e+03 |
|    critic_loss     | 26.2      |
|    ent_coef        | 0.444     |
|    ent_coef_loss   | -0.0682   |
|    learning_rate   | 0.0003    |
|    n_updates       | 385974    |
----------------------------------
----------------------------------
| rollout/           |           |
|    ep_len_mean     | 990       |
|    ep_rew_mean     | 2.89e+04  |
| time/              |           |
|    episodes        | 396       |
|    fps             | 73        |
|    time_elapsed    | 5329      |
|    total_timesteps | 390975    |
| train/             |           |
|    actor_loss      | -3.03e+03 |
|    critic_loss     | 13.9      |
|    ent_coef        | 0.443     |
|    ent_coef_loss   | -0.12     |
|    learning_rate   | 0.0003    |
|    n_updates       | 389974    |
----------------------------------
----------------------------------
| rollout/           |           |
|    ep_len_mean     | 990       |
|    ep_rew_mean     | 2.98e+04  |
| time/              |           |
|    episodes        | 400       |
|    fps             | 73        |
|    time_elapsed    | 5380      |
|    total_timesteps | 394975    |
| train/             |           |
|    actor_loss      | -3.08e+03 |
|    critic_loss     | 38.3      |
|    ent_coef        | 0.442     |
|    ent_coef_loss   | 0.265     |
|    learning_rate   | 0.0003    |
|    n_updates       | 393974    |
----------------------------------
----------------------------------
| rollout/           |           |
|    ep_len_mean     | 990       |
|    ep_rew_mean     | 2.96e+04  |
| time/              |           |
|    episodes        | 404       |
|    fps             | 73        |
|    time_elapsed    | 5431      |
|    total_timesteps | 398975    |
| train/             |           |
|    actor_loss      | -3.06e+03 |
|    critic_loss     | 32.8      |
|    ent_coef        | 0.419     |
|    ent_coef_loss   | -0.0909   |
|    learning_rate   | 0.0003    |
|    n_updates       | 397974    |
----------------------------------
----------------------------------
| rollout/           |           |
|    ep_len_mean     | 990       |
|    ep_rew_mean     | 2.85e+04  |
| time/              |           |
|    episodes        | 408       |
|    fps             | 73        |
|    time_elapsed    | 5482      |
|    total_timesteps | 402975    |
| train/             |           |
|    actor_loss      | -2.98e+03 |
|    critic_loss     | 12.4      |
|    ent_coef        | 0.399     |
|    ent_coef_loss   | 0.000852  |
|    learning_rate   | 0.0003    |
|    n_updates       | 401974    |
----------------------------------
---------------------------------
| rollout/           |          |
|    ep_len_mean     | 987      |
|    ep_rew_mean     | 2.78e+04 |
| time/              |          |
|    episodes        | 412      |
|    fps             | 73       |
|    time_elapsed    | 5530     |
|    total_timesteps | 406619   |
| train/             |          |
|    actor_loss      | -2.9e+03 |
|    critic_loss     | 13.9     |
|    ent_coef        | 0.373    |
|    ent_coef_loss   | -0.404   |
|    learning_rate   | 0.0003   |
|    n_updates       | 405618   |
---------------------------------
----------------------------------
| rollout/           |           |
|    ep_len_mean     | 976       |
|    ep_rew_mean     | 2.73e+04  |
| time/              |           |
|    episodes        | 416       |
|    fps             | 73        |
|    time_elapsed    | 5567      |
|    total_timesteps | 409510    |
| train/             |           |
|    actor_loss      | -2.99e+03 |
|    critic_loss     | 58.5      |
|    ent_coef        | 0.396     |
|    ent_coef_loss   | 0.474     |
|    learning_rate   | 0.0003    |
|    n_updates       | 408509    |
----------------------------------
----------------------------------
| rollout/           |           |
|    ep_len_mean     | 976       |
|    ep_rew_mean     | 2.73e+04  |
| time/              |           |
|    episodes        | 420       |
|    fps             | 73        |
|    time_elapsed    | 5618      |
|    total_timesteps | 413510    |
| train/             |           |
|    actor_loss      | -2.92e+03 |
|    critic_loss     | 31.5      |
|    ent_coef        | 0.415     |
|    ent_coef_loss   | -0.277    |
|    learning_rate   | 0.0003    |
|    n_updates       | 412509    |
----------------------------------
----------------------------------
| rollout/           |           |
|    ep_len_mean     | 976       |
|    ep_rew_mean     | 2.73e+04  |
| time/              |           |
|    episodes        | 424       |
|    fps             | 73        |
|    time_elapsed    | 5669      |
|    total_timesteps | 417510    |
| train/             |           |
|    actor_loss      | -3.05e+03 |
|    critic_loss     | 54.2      |
|    ent_coef        | 0.394     |
|    ent_coef_loss   | 0.0397    |
|    learning_rate   | 0.0003    |
|    n_updates       | 416509    |
----------------------------------
----------------------------------
| rollout/           |           |
|    ep_len_mean     | 976       |
|    ep_rew_mean     | 2.73e+04  |
| time/              |           |
|    episodes        | 428       |
|    fps             | 73        |
|    time_elapsed    | 5723      |
|    total_timesteps | 421510    |
| train/             |           |
|    actor_loss      | -2.93e+03 |
|    critic_loss     | 8.53      |
|    ent_coef        | 0.405     |
|    ent_coef_loss   | -0.132    |
|    learning_rate   | 0.0003    |
|    n_updates       | 420509    |
----------------------------------
----------------------------------
| rollout/           |           |
|    ep_len_mean     | 976       |
|    ep_rew_mean     | 2.74e+04  |
| time/              |           |
|    episodes        | 432       |
|    fps             | 73        |
|    time_elapsed    | 5777      |
|    total_timesteps | 425510    |
| train/             |           |
|    actor_loss      | -2.91e+03 |
|    critic_loss     | 12.7      |
|    ent_coef        | 0.386     |
|    ent_coef_loss   | -0.00456  |
|    learning_rate   | 0.0003    |
|    n_updates       | 424509    |
----------------------------------
----------------------------------
| rollout/           |           |
|    ep_len_mean     | 976       |
|    ep_rew_mean     | 2.74e+04  |
| time/              |           |
|    episodes        | 436       |
|    fps             | 73        |
|    time_elapsed    | 5829      |
|    total_timesteps | 429510    |
| train/             |           |
|    actor_loss      | -3.04e+03 |
|    critic_loss     | 101       |
|    ent_coef        | 0.413     |
|    ent_coef_loss   | 0.777     |
|    learning_rate   | 0.0003    |
|    n_updates       | 428509    |
----------------------------------
----------------------------------
| rollout/           |           |
|    ep_len_mean     | 976       |
|    ep_rew_mean     | 2.74e+04  |
| time/              |           |
|    episodes        | 440       |
|    fps             | 73        |
|    time_elapsed    | 5884      |
|    total_timesteps | 433510    |
| train/             |           |
|    actor_loss      | -2.95e+03 |
|    critic_loss     | 9.83      |
|    ent_coef        | 0.405     |
|    ent_coef_loss   | -0.0263   |
|    learning_rate   | 0.0003    |
|    n_updates       | 432509    |
----------------------------------
----------------------------------
| rollout/           |           |
|    ep_len_mean     | 983       |
|    ep_rew_mean     | 2.77e+04  |
| time/              |           |
|    episodes        | 444       |
|    fps             | 73        |
|    time_elapsed    | 5936      |
|    total_timesteps | 437510    |
| train/             |           |
|    actor_loss      | -3.02e+03 |
|    critic_loss     | 12.9      |
|    ent_coef        | 0.411     |
|    ent_coef_loss   | -0.125    |
|    learning_rate   | 0.0003    |
|    n_updates       | 436509    |
----------------------------------
----------------------------------
| rollout/           |           |
|    ep_len_mean     | 983       |
|    ep_rew_mean     | 2.77e+04  |
| time/              |           |
|    episodes        | 448       |
|    fps             | 73        |
|    time_elapsed    | 5993      |
|    total_timesteps | 441510    |
| train/             |           |
|    actor_loss      | -2.95e+03 |
|    critic_loss     | 111       |
|    ent_coef        | 0.394     |
|    ent_coef_loss   | 0.0871    |
|    learning_rate   | 0.0003    |
|    n_updates       | 440509    |
----------------------------------
----------------------------------
| rollout/           |           |
|    ep_len_mean     | 983       |
|    ep_rew_mean     | 2.77e+04  |
| time/              |           |
|    episodes        | 452       |
|    fps             | 73        |
|    time_elapsed    | 6062      |
|    total_timesteps | 445510    |
| train/             |           |
|    actor_loss      | -2.99e+03 |
|    critic_loss     | 12.5      |
|    ent_coef        | 0.41      |
|    ent_coef_loss   | -0.0123   |
|    learning_rate   | 0.0003    |
|    n_updates       | 444509    |
----------------------------------
----------------------------------
| rollout/           |           |
|    ep_len_mean     | 983       |
|    ep_rew_mean     | 2.77e+04  |
| time/              |           |
|    episodes        | 456       |
|    fps             | 73        |
|    time_elapsed    | 6135      |
|    total_timesteps | 449510    |
| train/             |           |
|    actor_loss      | -3.03e+03 |
|    critic_loss     | 14.5      |
|    ent_coef        | 0.394     |
|    ent_coef_loss   | 0.0848    |
|    learning_rate   | 0.0003    |
|    n_updates       | 448509    |
----------------------------------
----------------------------------
| rollout/           |           |
|    ep_len_mean     | 983       |
|    ep_rew_mean     | 2.77e+04  |
| time/              |           |
|    episodes        | 460       |
|    fps             | 73        |
|    time_elapsed    | 6208      |
|    total_timesteps | 453510    |
| train/             |           |
|    actor_loss      | -2.88e+03 |
|    critic_loss     | 6.97      |
|    ent_coef        | 0.389     |
|    ent_coef_loss   | -0.294    |
|    learning_rate   | 0.0003    |
|    n_updates       | 452509    |
----------------------------------
----------------------------------
| rollout/           |           |
|    ep_len_mean     | 983       |
|    ep_rew_mean     | 2.78e+04  |
| time/              |           |
|    episodes        | 464       |
|    fps             | 72        |
|    time_elapsed    | 6281      |
|    total_timesteps | 457510    |
| train/             |           |
|    actor_loss      | -3.09e+03 |
|    critic_loss     | 14.9      |
|    ent_coef        | 0.372     |
|    ent_coef_loss   | 0.184     |
|    learning_rate   | 0.0003    |
|    n_updates       | 456509    |
----------------------------------
----------------------------------
| rollout/           |           |
|    ep_len_mean     | 983       |
|    ep_rew_mean     | 2.78e+04  |
| time/              |           |
|    episodes        | 468       |
|    fps             | 72        |
|    time_elapsed    | 6354      |
|    total_timesteps | 461510    |
| train/             |           |
|    actor_loss      | -3.04e+03 |
|    critic_loss     | 8.17      |
|    ent_coef        | 0.368     |
|    ent_coef_loss   | 0.139     |
|    learning_rate   | 0.0003    |
|    n_updates       | 460509    |
----------------------------------
----------------------------------
| rollout/           |           |
|    ep_len_mean     | 983       |
|    ep_rew_mean     | 2.78e+04  |
| time/              |           |
|    episodes        | 472       |
|    fps             | 72        |
|    time_elapsed    | 6427      |
|    total_timesteps | 465510    |
| train/             |           |
|    actor_loss      | -3.04e+03 |
|    critic_loss     | 11.4      |
|    ent_coef        | 0.395     |
|    ent_coef_loss   | -0.0705   |
|    learning_rate   | 0.0003    |
|    n_updates       | 464509    |
----------------------------------
----------------------------------
| rollout/           |           |
|    ep_len_mean     | 983       |
|    ep_rew_mean     | 2.78e+04  |
| time/              |           |
|    episodes        | 476       |
|    fps             | 72        |
|    time_elapsed    | 6499      |
|    total_timesteps | 469510    |
| train/             |           |
|    actor_loss      | -3.01e+03 |
|    critic_loss     | 49.1      |
|    ent_coef        | 0.389     |
|    ent_coef_loss   | 0.222     |
|    learning_rate   | 0.0003    |
|    n_updates       | 468509    |
----------------------------------
----------------------------------
| rollout/           |           |
|    ep_len_mean     | 985       |
|    ep_rew_mean     | 2.79e+04  |
| time/              |           |
|    episodes        | 480       |
|    fps             | 72        |
|    time_elapsed    | 6572      |
|    total_timesteps | 473510    |
| train/             |           |
|    actor_loss      | -3.05e+03 |
|    critic_loss     | 36.4      |
|    ent_coef        | 0.362     |
|    ent_coef_loss   | 0.77      |
|    learning_rate   | 0.0003    |
|    n_updates       | 472509    |
----------------------------------
----------------------------------
| rollout/           |           |
|    ep_len_mean     | 985       |
|    ep_rew_mean     | 2.79e+04  |
| time/              |           |
|    episodes        | 484       |
|    fps             | 71        |
|    time_elapsed    | 6645      |
|    total_timesteps | 477510    |
| train/             |           |
|    actor_loss      | -2.99e+03 |
|    critic_loss     | 5.53      |
|    ent_coef        | 0.335     |
|    ent_coef_loss   | -0.304    |
|    learning_rate   | 0.0003    |
|    n_updates       | 476509    |
----------------------------------
----------------------------------
| rollout/           |           |
|    ep_len_mean     | 985       |
|    ep_rew_mean     | 2.79e+04  |
| time/              |           |
|    episodes        | 488       |
|    fps             | 71        |
|    time_elapsed    | 6718      |
|    total_timesteps | 481510    |
| train/             |           |
|    actor_loss      | -3.09e+03 |
|    critic_loss     | 9.13      |
|    ent_coef        | 0.335     |
|    ent_coef_loss   | 0.235     |
|    learning_rate   | 0.0003    |
|    n_updates       | 480509    |
----------------------------------
----------------------------------
| rollout/           |           |
|    ep_len_mean     | 985       |
|    ep_rew_mean     | 2.79e+04  |
| time/              |           |
|    episodes        | 492       |
|    fps             | 71        |
|    time_elapsed    | 6790      |
|    total_timesteps | 485492    |
| train/             |           |
|    actor_loss      | -2.98e+03 |
|    critic_loss     | 8.68      |
|    ent_coef        | 0.359     |
|    ent_coef_loss   | -0.0744   |
|    learning_rate   | 0.0003    |
|    n_updates       | 484491    |
----------------------------------
----------------------------------
| rollout/           |           |
|    ep_len_mean     | 985       |
|    ep_rew_mean     | 2.8e+04   |
| time/              |           |
|    episodes        | 496       |
|    fps             | 71        |
|    time_elapsed    | 6862      |
|    total_timesteps | 489492    |
| train/             |           |
|    actor_loss      | -2.94e+03 |
|    critic_loss     | 6.32      |
|    ent_coef        | 0.374     |
|    ent_coef_loss   | -0.249    |
|    learning_rate   | 0.0003    |
|    n_updates       | 488491    |
----------------------------------
----------------------------------
| rollout/           |           |
|    ep_len_mean     | 985       |
|    ep_rew_mean     | 2.81e+04  |
| time/              |           |
|    episodes        | 500       |
|    fps             | 71        |
|    time_elapsed    | 6934      |
|    total_timesteps | 493492    |
| train/             |           |
|    actor_loss      | -3.17e+03 |
|    critic_loss     | 18.1      |
|    ent_coef        | 0.338     |
|    ent_coef_loss   | 0.328     |
|    learning_rate   | 0.0003    |
|    n_updates       | 492491    |
----------------------------------
----------------------------------
| rollout/           |           |
|    ep_len_mean     | 985       |
|    ep_rew_mean     | 2.84e+04  |
| time/              |           |
|    episodes        | 504       |
|    fps             | 71        |
|    time_elapsed    | 7006      |
|    total_timesteps | 497492    |
| train/             |           |
|    actor_loss      | -3.13e+03 |
|    critic_loss     | 13.8      |
|    ent_coef        | 0.349     |
|    ent_coef_loss   | 0.337     |
|    learning_rate   | 0.0003    |
|    n_updates       | 496491    |
----------------------------------
[2026-06-22T14:16:41] Training complete in 7051.6s
[2026-06-22T14:16:41] Episodes: 506
[2026-06-22T14:16:41] Best reward: 31566.56
[2026-06-22T14:16:41] Mean reward (100ep): 29048.11
[2026-06-22T14:16:41] Final goal tolerance: 0.6
[2026-06-22T14:16:41] Curriculum stage: 0
[2026-06-22T14:16:41] Saved: {'model': 'C:\\Users\\ranjo\\OneDrive\\Desktop\\ARM-Model\\project_assets\\outputs\\Parallel_Seeds\\seed_003\\sac_model', 'history': 'C:\\Users\\ranjo\\OneDrive\\Desktop\\ARM-Model\\project_assets\\outputs\\Parallel_Seeds\\seed_003\\training_history.csv', 'stats': 'C:\\Users\\ranjo\\OneDrive\\Desktop\\ARM-Model\\project_assets\\outputs\\Parallel_Seeds\\seed_003\\training_stats.json'}
[2026-06-22T14:16:41] Running Fitts' Law sweep (10 trials per condition)...
[2026-06-22T14:17:10] Fitts sweep complete in 28.8s
[2026-06-22T14:17:10] Fitts: MT = +0.0136 + +0.0347 * ID, R^2 = 0.5642 (n_conditions = 20, trials_per_condition = 10)
[2026-06-22T14:17:10] Saved: C:\Users\ranjo\OneDrive\Desktop\ARM-Model\project_assets\outputs\Parallel_Seeds\seed_003\fitts_law.json
[2026-06-22T14:17:10] Saved: C:\Users\ranjo\OneDrive\Desktop\ARM-Model\project_assets\outputs\Parallel_Seeds\seed_003\fitts_law.png
[2026-06-22T14:17:10] Running 2/3 Power Law sweep (20 trials)...
[2026-06-22T14:17:12] Power Law sweep complete in 1.9s
[2026-06-22T14:17:12] Power Law: log V = +0.0375 + -0.2927 * log C, R = -0.3941, R^2 = 0.1553 (n_samples = 3896, n_trials = 0/20)
[2026-06-22T14:17:12] Saved: C:\Users\ranjo\OneDrive\Desktop\ARM-Model\project_assets\outputs\Parallel_Seeds\seed_003\power_law.json
[2026-06-22T14:17:12] Saved: C:\Users\ranjo\OneDrive\Desktop\ARM-Model\project_assets\outputs\Parallel_Seeds\seed_003\power_law.png
[2026-06-22T14:17:12] Session complete. Total wall time: 1:58:04.590681
[2026-06-22T14:17:12] ============================================================
