[2026-06-23T13:23:26] Starting Fischer session: algorithm=SAC, timesteps=500,000, direction=EAST, actuation=muscle, waypoints=[[2.5, 0.8], [0.2, 1.1], [1.8, -1.3]]
[2026-06-23T13:23:26] Save dir: C:\Users\ranjo\OneDrive\Desktop\ARM-Model\project_assets\outputs\Parallel_Seeds\seed_012
[2026-06-23T13:23:26] Waypoint mode active: 3 waypoints, current_waypoint_index=0 at every episode reset
Using cpu device
Wrapping the env with a `Monitor` wrapper
Wrapping the env in a DummyVecEnv.
[HoldCurriculum] Initial hold requirement: 10 steps (ladder: [10, 15, 20], threshold: 60%)
----------------------------------
| rollout/           |           |
|    ep_len_mean     | 1e+03     |
|    ep_rew_mean     | -5.65e+03 |
| time/              |           |
|    episodes        | 4         |
|    fps             | 121       |
|    time_elapsed    | 33        |
|    total_timesteps | 4000      |
| train/             |           |
|    actor_loss      | 56.9      |
|    critic_loss     | 0.737     |
|    ent_coef        | 0.415     |
|    ent_coef_loss   | -4.98     |
|    learning_rate   | 0.0003    |
|    n_updates       | 2999      |
----------------------------------
----------------------------------
| rollout/           |           |
|    ep_len_mean     | 1e+03     |
|    ep_rew_mean     | -4.52e+03 |
| time/              |           |
|    episodes        | 8         |
|    fps             | 103       |
|    time_elapsed    | 77        |
|    total_timesteps | 8000      |
| train/             |           |
|    actor_loss      | 66.4      |
|    critic_loss     | 11.6      |
|    ent_coef        | 0.166     |
|    ent_coef_loss   | -2.54     |
|    learning_rate   | 0.0003    |
|    n_updates       | 6999      |
----------------------------------
----------------------------------
| rollout/           |           |
|    ep_len_mean     | 1e+03     |
|    ep_rew_mean     | -4.46e+03 |
| time/              |           |
|    episodes        | 12        |
|    fps             | 98        |
|    time_elapsed    | 121       |
|    total_timesteps | 12000     |
| train/             |           |
|    actor_loss      | 45.6      |
|    critic_loss     | 409       |
|    ent_coef        | 0.216     |
|    ent_coef_loss   | 0.295     |
|    learning_rate   | 0.0003    |
|    n_updates       | 10999     |
----------------------------------
----------------------------------
| rollout/           |           |
|    ep_len_mean     | 1e+03     |
|    ep_rew_mean     | -5.05e+03 |
| time/              |           |
|    episodes        | 16        |
|    fps             | 96        |
|    time_elapsed    | 165       |
|    total_timesteps | 16000     |
| train/             |           |
|    actor_loss      | 11.3      |
|    critic_loss     | 66.9      |
|    ent_coef        | 0.391     |
|    ent_coef_loss   | 0.389     |
|    learning_rate   | 0.0003    |
|    n_updates       | 14999     |
----------------------------------
----------------------------------
| rollout/           |           |
|    ep_len_mean     | 1e+03     |
|    ep_rew_mean     | -4.68e+03 |
| time/              |           |
|    episodes        | 20        |
|    fps             | 94        |
|    time_elapsed    | 210       |
|    total_timesteps | 20000     |
| train/             |           |
|    actor_loss      | 28.6      |
|    critic_loss     | 31.1      |
|    ent_coef        | 0.493     |
|    ent_coef_loss   | -0.318    |
|    learning_rate   | 0.0003    |
|    n_updates       | 18999     |
----------------------------------
----------------------------------
| rollout/           |           |
|    ep_len_mean     | 1e+03     |
|    ep_rew_mean     | -4.63e+03 |
| time/              |           |
|    episodes        | 24        |
|    fps             | 93        |
|    time_elapsed    | 255       |
|    total_timesteps | 24000     |
| train/             |           |
|    actor_loss      | -5.64     |
|    critic_loss     | 89.1      |
|    ent_coef        | 0.428     |
|    ent_coef_loss   | 0.074     |
|    learning_rate   | 0.0003    |
|    n_updates       | 22999     |
----------------------------------
----------------------------------
| rollout/           |           |
|    ep_len_mean     | 1e+03     |
|    ep_rew_mean     | -4.22e+03 |
| time/              |           |
|    episodes        | 28        |
|    fps             | 93        |
|    time_elapsed    | 299       |
|    total_timesteps | 28000     |
| train/             |           |
|    actor_loss      | -100      |
|    critic_loss     | 223       |
|    ent_coef        | 0.45      |
|    ent_coef_loss   | 0.154     |
|    learning_rate   | 0.0003    |
|    n_updates       | 26999     |
----------------------------------
----------------------------------
| rollout/           |           |
|    ep_len_mean     | 1e+03     |
|    ep_rew_mean     | -3.87e+03 |
| time/              |           |
|    episodes        | 32        |
|    fps             | 92        |
|    time_elapsed    | 344       |
|    total_timesteps | 32000     |
| train/             |           |
|    actor_loss      | -134      |
|    critic_loss     | 1.21e+03  |
|    ent_coef        | 0.498     |
|    ent_coef_loss   | 0.237     |
|    learning_rate   | 0.0003    |
|    n_updates       | 30999     |
----------------------------------
----------------------------------
| rollout/           |           |
|    ep_len_mean     | 1e+03     |
|    ep_rew_mean     | -3.76e+03 |
| time/              |           |
|    episodes        | 36        |
|    fps             | 92        |
|    time_elapsed    | 388       |
|    total_timesteps | 36000     |
| train/             |           |
|    actor_loss      | -294      |
|    critic_loss     | 59.4      |
|    ent_coef        | 0.615     |
|    ent_coef_loss   | -0.0794   |
|    learning_rate   | 0.0003    |
|    n_updates       | 34999     |
----------------------------------
----------------------------------
| rollout/           |           |
|    ep_len_mean     | 1e+03     |
|    ep_rew_mean     | -3.48e+03 |
| time/              |           |
|    episodes        | 40        |
|    fps             | 92        |
|    time_elapsed    | 433       |
|    total_timesteps | 40000     |
| train/             |           |
|    actor_loss      | -328      |
|    critic_loss     | 93.5      |
|    ent_coef        | 0.625     |
|    ent_coef_loss   | 0.0834    |
|    learning_rate   | 0.0003    |
|    n_updates       | 38999     |
----------------------------------
----------------------------------
| rollout/           |           |
|    ep_len_mean     | 1e+03     |
|    ep_rew_mean     | -3.22e+03 |
| time/              |           |
|    episodes        | 44        |
|    fps             | 91        |
|    time_elapsed    | 478       |
|    total_timesteps | 44000     |
| train/             |           |
|    actor_loss      | -345      |
|    critic_loss     | 41.2      |
|    ent_coef        | 0.565     |
|    ent_coef_loss   | 0.256     |
|    learning_rate   | 0.0003    |
|    n_updates       | 42999     |
----------------------------------
----------------------------------
| rollout/           |           |
|    ep_len_mean     | 1e+03     |
|    ep_rew_mean     | -3.01e+03 |
| time/              |           |
|    episodes        | 48        |
|    fps             | 91        |
|    time_elapsed    | 523       |
|    total_timesteps | 48000     |
| train/             |           |
|    actor_loss      | -340      |
|    critic_loss     | 33.8      |
|    ent_coef        | 0.534     |
|    ent_coef_loss   | -0.166    |
|    learning_rate   | 0.0003    |
|    n_updates       | 46999     |
----------------------------------
---------------------------------
| rollout/           |          |
|    ep_len_mean     | 1e+03    |
|    ep_rew_mean     | -2.9e+03 |
| time/              |          |
|    episodes        | 52       |
|    fps             | 91       |
|    time_elapsed    | 568      |
|    total_timesteps | 52000    |
| train/             |          |
|    actor_loss      | -298     |
|    critic_loss     | 48.8     |
|    ent_coef        | 0.527    |
|    ent_coef_loss   | -0.0338  |
|    learning_rate   | 0.0003   |
|    n_updates       | 50999    |
---------------------------------
----------------------------------
| rollout/           |           |
|    ep_len_mean     | 1e+03     |
|    ep_rew_mean     | -2.82e+03 |
| time/              |           |
|    episodes        | 56        |
|    fps             | 91        |
|    time_elapsed    | 615       |
|    total_timesteps | 56000     |
| train/             |           |
|    actor_loss      | -291      |
|    critic_loss     | 1.27e+03  |
|    ent_coef        | 0.605     |
|    ent_coef_loss   | -0.00946  |
|    learning_rate   | 0.0003    |
|    n_updates       | 54999     |
----------------------------------
----------------------------------
| rollout/           |           |
|    ep_len_mean     | 1e+03     |
|    ep_rew_mean     | -2.65e+03 |
| time/              |           |
|    episodes        | 60        |
|    fps             | 90        |
|    time_elapsed    | 660       |
|    total_timesteps | 60000     |
| train/             |           |
|    actor_loss      | -262      |
|    critic_loss     | 37        |
|    ent_coef        | 0.48      |
|    ent_coef_loss   | -0.174    |
|    learning_rate   | 0.0003    |
|    n_updates       | 58999     |
----------------------------------
---------------------------------
| rollout/           |          |
|    ep_len_mean     | 1e+03    |
|    ep_rew_mean     | -2.6e+03 |
| time/              |          |
|    episodes        | 64       |
|    fps             | 90       |
|    time_elapsed    | 706      |
|    total_timesteps | 64000    |
| train/             |          |
|    actor_loss      | -247     |
|    critic_loss     | 34.2     |
|    ent_coef        | 0.394    |
|    ent_coef_loss   | 0.0523   |
|    learning_rate   | 0.0003   |
|    n_updates       | 62999    |
---------------------------------
----------------------------------
| rollout/           |           |
|    ep_len_mean     | 1e+03     |
|    ep_rew_mean     | -2.54e+03 |
| time/              |           |
|    episodes        | 68        |
|    fps             | 90        |
|    time_elapsed    | 753       |
|    total_timesteps | 68000     |
| train/             |           |
|    actor_loss      | -206      |
|    critic_loss     | 19        |
|    ent_coef        | 0.397     |
|    ent_coef_loss   | -0.129    |
|    learning_rate   | 0.0003    |
|    n_updates       | 66999     |
----------------------------------
----------------------------------
| rollout/           |           |
|    ep_len_mean     | 1e+03     |
|    ep_rew_mean     | -2.46e+03 |
| time/              |           |
|    episodes        | 72        |
|    fps             | 89        |
|    time_elapsed    | 800       |
|    total_timesteps | 72000     |
| train/             |           |
|    actor_loss      | -195      |
|    critic_loss     | 755       |
|    ent_coef        | 0.372     |
|    ent_coef_loss   | -0.0772   |
|    learning_rate   | 0.0003    |
|    n_updates       | 70999     |
----------------------------------
----------------------------------
| rollout/           |           |
|    ep_len_mean     | 1e+03     |
|    ep_rew_mean     | -2.38e+03 |
| time/              |           |
|    episodes        | 76        |
|    fps             | 89        |
|    time_elapsed    | 846       |
|    total_timesteps | 76000     |
| train/             |           |
|    actor_loss      | -265      |
|    critic_loss     | 23.8      |
|    ent_coef        | 0.436     |
|    ent_coef_loss   | 0.213     |
|    learning_rate   | 0.0003    |
|    n_updates       | 74999     |
----------------------------------
----------------------------------
| rollout/           |           |
|    ep_len_mean     | 1e+03     |
|    ep_rew_mean     | -2.29e+03 |
| time/              |           |
|    episodes        | 80        |
|    fps             | 89        |
|    time_elapsed    | 892       |
|    total_timesteps | 80000     |
| train/             |           |
|    actor_loss      | -262      |
|    critic_loss     | 24.4      |
|    ent_coef        | 0.384     |
|    ent_coef_loss   | 0.125     |
|    learning_rate   | 0.0003    |
|    n_updates       | 78999     |
----------------------------------
----------------------------------
| rollout/           |           |
|    ep_len_mean     | 1e+03     |
|    ep_rew_mean     | -2.22e+03 |
| time/              |           |
|    episodes        | 84        |
|    fps             | 89        |
|    time_elapsed    | 940       |
|    total_timesteps | 84000     |
| train/             |           |
|    actor_loss      | -256      |
|    critic_loss     | 30.6      |
|    ent_coef        | 0.379     |
|    ent_coef_loss   | 0.015     |
|    learning_rate   | 0.0003    |
|    n_updates       | 82999     |
----------------------------------
----------------------------------
| rollout/           |           |
|    ep_len_mean     | 1e+03     |
|    ep_rew_mean     | -2.14e+03 |
| time/              |           |
|    episodes        | 88        |
|    fps             | 89        |
|    time_elapsed    | 987       |
|    total_timesteps | 88000     |
| train/             |           |
|    actor_loss      | -222      |
|    critic_loss     | 17.4      |
|    ent_coef        | 0.391     |
|    ent_coef_loss   | -0.258    |
|    learning_rate   | 0.0003    |
|    n_updates       | 86999     |
----------------------------------
----------------------------------
| rollout/           |           |
|    ep_len_mean     | 1e+03     |
|    ep_rew_mean     | -2.06e+03 |
| time/              |           |
|    episodes        | 92        |
|    fps             | 89        |
|    time_elapsed    | 1033      |
|    total_timesteps | 92000     |
| train/             |           |
|    actor_loss      | -268      |
|    critic_loss     | 13.4      |
|    ent_coef        | 0.329     |
|    ent_coef_loss   | 0.148     |
|    learning_rate   | 0.0003    |
|    n_updates       | 90999     |
----------------------------------
----------------------------------
| rollout/           |           |
|    ep_len_mean     | 1e+03     |
|    ep_rew_mean     | -2.01e+03 |
| time/              |           |
|    episodes        | 96        |
|    fps             | 88        |
|    time_elapsed    | 1079      |
|    total_timesteps | 96000     |
| train/             |           |
|    actor_loss      | -219      |
|    critic_loss     | 10.7      |
|    ent_coef        | 0.289     |
|    ent_coef_loss   | -0.477    |
|    learning_rate   | 0.0003    |
|    n_updates       | 94999     |
----------------------------------
----------------------------------
| rollout/           |           |
|    ep_len_mean     | 1e+03     |
|    ep_rew_mean     | -1.97e+03 |
| time/              |           |
|    episodes        | 100       |
|    fps             | 88        |
|    time_elapsed    | 1126      |
|    total_timesteps | 100000    |
| train/             |           |
|    actor_loss      | -187      |
|    critic_loss     | 10.4      |
|    ent_coef        | 0.361     |
|    ent_coef_loss   | 0.109     |
|    learning_rate   | 0.0003    |
|    n_updates       | 98999     |
----------------------------------
----------------------------------
| rollout/           |           |
|    ep_len_mean     | 1e+03     |
|    ep_rew_mean     | -1.75e+03 |
| time/              |           |
|    episodes        | 104       |
|    fps             | 88        |
|    time_elapsed    | 1173      |
|    total_timesteps | 104000    |
| train/             |           |
|    actor_loss      | -188      |
|    critic_loss     | 8.71      |
|    ent_coef        | 0.292     |
|    ent_coef_loss   | -0.302    |
|    learning_rate   | 0.0003    |
|    n_updates       | 102999    |
----------------------------------
----------------------------------
| rollout/           |           |
|    ep_len_mean     | 1e+03     |
|    ep_rew_mean     | -1.64e+03 |
| time/              |           |
|    episodes        | 108       |
|    fps             | 88        |
|    time_elapsed    | 1219      |
|    total_timesteps | 108000    |
| train/             |           |
|    actor_loss      | -146      |
|    critic_loss     | 6.49      |
|    ent_coef        | 0.267     |
|    ent_coef_loss   | -0.199    |
|    learning_rate   | 0.0003    |
|    n_updates       | 106999    |
----------------------------------
----------------------------------
| rollout/           |           |
|    ep_len_mean     | 1e+03     |
|    ep_rew_mean     | -1.47e+03 |
| time/              |           |
|    episodes        | 112       |
|    fps             | 88        |
|    time_elapsed    | 1267      |
|    total_timesteps | 112000    |
| train/             |           |
|    actor_loss      | -141      |
|    critic_loss     | 6.47      |
|    ent_coef        | 0.231     |
|    ent_coef_loss   | -0.224    |
|    learning_rate   | 0.0003    |
|    n_updates       | 110999    |
----------------------------------
----------------------------------
| rollout/           |           |
|    ep_len_mean     | 1e+03     |
|    ep_rew_mean     | -1.19e+03 |
| time/              |           |
|    episodes        | 116       |
|    fps             | 88        |
|    time_elapsed    | 1314      |
|    total_timesteps | 116000    |
| train/             |           |
|    actor_loss      | -128      |
|    critic_loss     | 8.64      |
|    ent_coef        | 0.221     |
|    ent_coef_loss   | -0.0706   |
|    learning_rate   | 0.0003    |
|    n_updates       | 114999    |
----------------------------------
----------------------------------
| rollout/           |           |
|    ep_len_mean     | 1e+03     |
|    ep_rew_mean     | -1.09e+03 |
| time/              |           |
|    episodes        | 120       |
|    fps             | 88        |
|    time_elapsed    | 1361      |
|    total_timesteps | 120000    |
| train/             |           |
|    actor_loss      | -126      |
|    critic_loss     | 5.74      |
|    ent_coef        | 0.192     |
|    ent_coef_loss   | -0.00251  |
|    learning_rate   | 0.0003    |
|    n_updates       | 118999    |
----------------------------------
---------------------------------
| rollout/           |          |
|    ep_len_mean     | 1e+03    |
|    ep_rew_mean     | -954     |
| time/              |          |
|    episodes        | 124      |
|    fps             | 88       |
|    time_elapsed    | 1408     |
|    total_timesteps | 124000   |
| train/             |          |
|    actor_loss      | -103     |
|    critic_loss     | 5.37     |
|    ent_coef        | 0.17     |
|    ent_coef_loss   | -0.465   |
|    learning_rate   | 0.0003   |
|    n_updates       | 122999   |
---------------------------------
---------------------------------
| rollout/           |          |
|    ep_len_mean     | 1e+03    |
|    ep_rew_mean     | -893     |
| time/              |          |
|    episodes        | 128      |
|    fps             | 87       |
|    time_elapsed    | 1454     |
|    total_timesteps | 128000   |
| train/             |          |
|    actor_loss      | -97.9    |
|    critic_loss     | 17.4     |
|    ent_coef        | 0.152    |
|    ent_coef_loss   | 0.422    |
|    learning_rate   | 0.0003   |
|    n_updates       | 126999   |
---------------------------------
---------------------------------
| rollout/           |          |
|    ep_len_mean     | 1e+03    |
|    ep_rew_mean     | -832     |
| time/              |          |
|    episodes        | 132      |
|    fps             | 87       |
|    time_elapsed    | 1502     |
|    total_timesteps | 132000   |
| train/             |          |
|    actor_loss      | -87.4    |
|    critic_loss     | 7.82     |
|    ent_coef        | 0.168    |
|    ent_coef_loss   | 0.346    |
|    learning_rate   | 0.0003   |
|    n_updates       | 130999   |
---------------------------------
---------------------------------
| rollout/           |          |
|    ep_len_mean     | 1e+03    |
|    ep_rew_mean     | -712     |
| time/              |          |
|    episodes        | 136      |
|    fps             | 87       |
|    time_elapsed    | 1548     |
|    total_timesteps | 136000   |
| train/             |          |
|    actor_loss      | -107     |
|    critic_loss     | 5.79     |
|    ent_coef        | 0.172    |
|    ent_coef_loss   | 0.197    |
|    learning_rate   | 0.0003   |
|    n_updates       | 134999   |
---------------------------------
---------------------------------
| rollout/           |          |
|    ep_len_mean     | 1e+03    |
|    ep_rew_mean     | -672     |
| time/              |          |
|    episodes        | 140      |
|    fps             | 87       |
|    time_elapsed    | 1595     |
|    total_timesteps | 140000   |
| train/             |          |
|    actor_loss      | -102     |
|    critic_loss     | 5.77     |
|    ent_coef        | 0.173    |
|    ent_coef_loss   | 0.13     |
|    learning_rate   | 0.0003   |
|    n_updates       | 138999   |
---------------------------------
---------------------------------
| rollout/           |          |
|    ep_len_mean     | 1e+03    |
|    ep_rew_mean     | -637     |
| time/              |          |
|    episodes        | 144      |
|    fps             | 87       |
|    time_elapsed    | 1643     |
|    total_timesteps | 144000   |
| train/             |          |
|    actor_loss      | -96.1    |
|    critic_loss     | 4.44     |
|    ent_coef        | 0.147    |
|    ent_coef_loss   | -0.63    |
|    learning_rate   | 0.0003   |
|    n_updates       | 142999   |
---------------------------------
---------------------------------
| rollout/           |          |
|    ep_len_mean     | 1e+03    |
|    ep_rew_mean     | -587     |
| time/              |          |
|    episodes        | 148      |
|    fps             | 87       |
|    time_elapsed    | 1691     |
|    total_timesteps | 148000   |
| train/             |          |
|    actor_loss      | -88.5    |
|    critic_loss     | 3.58     |
|    ent_coef        | 0.157    |
|    ent_coef_loss   | -0.0188  |
|    learning_rate   | 0.0003   |
|    n_updates       | 146999   |
---------------------------------
---------------------------------
| rollout/           |          |
|    ep_len_mean     | 1e+03    |
|    ep_rew_mean     | -507     |
| time/              |          |
|    episodes        | 152      |
|    fps             | 87       |
|    time_elapsed    | 1738     |
|    total_timesteps | 152000   |
| train/             |          |
|    actor_loss      | -84.9    |
|    critic_loss     | 9.13     |
|    ent_coef        | 0.146    |
|    ent_coef_loss   | -0.0102  |
|    learning_rate   | 0.0003   |
|    n_updates       | 150999   |
---------------------------------
---------------------------------
| rollout/           |          |
|    ep_len_mean     | 1e+03    |
|    ep_rew_mean     | -415     |
| time/              |          |
|    episodes        | 156      |
|    fps             | 87       |
|    time_elapsed    | 1785     |
|    total_timesteps | 156000   |
| train/             |          |
|    actor_loss      | -78.1    |
|    critic_loss     | 2.85     |
|    ent_coef        | 0.15     |
|    ent_coef_loss   | 0.912    |
|    learning_rate   | 0.0003   |
|    n_updates       | 154999   |
---------------------------------
---------------------------------
| rollout/           |          |
|    ep_len_mean     | 1e+03    |
|    ep_rew_mean     | -379     |
| time/              |          |
|    episodes        | 160      |
|    fps             | 87       |
|    time_elapsed    | 1832     |
|    total_timesteps | 160000   |
| train/             |          |
|    actor_loss      | -98.3    |
|    critic_loss     | 39       |
|    ent_coef        | 0.132    |
|    ent_coef_loss   | 0.857    |
|    learning_rate   | 0.0003   |
|    n_updates       | 158999   |
---------------------------------
---------------------------------
| rollout/           |          |
|    ep_len_mean     | 1e+03    |
|    ep_rew_mean     | -301     |
| time/              |          |
|    episodes        | 164      |
|    fps             | 87       |
|    time_elapsed    | 1879     |
|    total_timesteps | 164000   |
| train/             |          |
|    actor_loss      | -84      |
|    critic_loss     | 115      |
|    ent_coef        | 0.143    |
|    ent_coef_loss   | 0.631    |
|    learning_rate   | 0.0003   |
|    n_updates       | 162999   |
---------------------------------
---------------------------------
| rollout/           |          |
|    ep_len_mean     | 1e+03    |
|    ep_rew_mean     | -231     |
| time/              |          |
|    episodes        | 168      |
|    fps             | 87       |
|    time_elapsed    | 1927     |
|    total_timesteps | 168000   |
| train/             |          |
|    actor_loss      | -92.3    |
|    critic_loss     | 8.02     |
|    ent_coef        | 0.156    |
|    ent_coef_loss   | -0.225   |
|    learning_rate   | 0.0003   |
|    n_updates       | 166999   |
---------------------------------
---------------------------------
| rollout/           |          |
|    ep_len_mean     | 1e+03    |
|    ep_rew_mean     | -183     |
| time/              |          |
|    episodes        | 172      |
|    fps             | 87       |
|    time_elapsed    | 1974     |
|    total_timesteps | 172000   |
| train/             |          |
|    actor_loss      | -77.1    |
|    critic_loss     | 20.6     |
|    ent_coef        | 0.137    |
|    ent_coef_loss   | -0.673   |
|    learning_rate   | 0.0003   |
|    n_updates       | 170999   |
---------------------------------
---------------------------------
| rollout/           |          |
|    ep_len_mean     | 1e+03    |
|    ep_rew_mean     | -134     |
| time/              |          |
|    episodes        | 176      |
|    fps             | 87       |
|    time_elapsed    | 2022     |
|    total_timesteps | 176000   |
| train/             |          |
|    actor_loss      | -92.4    |
|    critic_loss     | 14.5     |
|    ent_coef        | 0.162    |
|    ent_coef_loss   | 1.57     |
|    learning_rate   | 0.0003   |
|    n_updates       | 174999   |
---------------------------------
---------------------------------
| rollout/           |          |
|    ep_len_mean     | 1e+03    |
|    ep_rew_mean     | -87.3    |
| time/              |          |
|    episodes        | 180      |
|    fps             | 86       |
|    time_elapsed    | 2069     |
|    total_timesteps | 180000   |
| train/             |          |
|    actor_loss      | -84.9    |
|    critic_loss     | 12.1     |
|    ent_coef        | 0.153    |
|    ent_coef_loss   | 0.176    |
|    learning_rate   | 0.0003   |
|    n_updates       | 178999   |
---------------------------------
---------------------------------
| rollout/           |          |
|    ep_len_mean     | 1e+03    |
|    ep_rew_mean     | -23.5    |
| time/              |          |
|    episodes        | 184      |
|    fps             | 86       |
|    time_elapsed    | 2116     |
|    total_timesteps | 184000   |
| train/             |          |
|    actor_loss      | -89.8    |
|    critic_loss     | 2.55     |
|    ent_coef        | 0.154    |
|    ent_coef_loss   | 0.297    |
|    learning_rate   | 0.0003   |
|    n_updates       | 182999   |
---------------------------------
---------------------------------
| rollout/           |          |
|    ep_len_mean     | 1e+03    |
|    ep_rew_mean     | 5.87     |
| time/              |          |
|    episodes        | 188      |
|    fps             | 86       |
|    time_elapsed    | 2163     |
|    total_timesteps | 188000   |
| train/             |          |
|    actor_loss      | -93.6    |
|    critic_loss     | 3.23     |
|    ent_coef        | 0.171    |
|    ent_coef_loss   | 0.252    |
|    learning_rate   | 0.0003   |
|    n_updates       | 186999   |
---------------------------------
---------------------------------
| rollout/           |          |
|    ep_len_mean     | 1e+03    |
|    ep_rew_mean     | 6.14     |
| time/              |          |
|    episodes        | 192      |
|    fps             | 86       |
|    time_elapsed    | 2211     |
|    total_timesteps | 192000   |
| train/             |          |
|    actor_loss      | -90.8    |
|    critic_loss     | 3.97     |
|    ent_coef        | 0.142    |
|    ent_coef_loss   | 0.894    |
|    learning_rate   | 0.0003   |
|    n_updates       | 190999   |
---------------------------------
---------------------------------
| rollout/           |          |
|    ep_len_mean     | 1e+03    |
|    ep_rew_mean     | 70.4     |
| time/              |          |
|    episodes        | 196      |
|    fps             | 86       |
|    time_elapsed    | 2259     |
|    total_timesteps | 196000   |
| train/             |          |
|    actor_loss      | -90.8    |
|    critic_loss     | 2.25     |
|    ent_coef        | 0.141    |
|    ent_coef_loss   | 0.115    |
|    learning_rate   | 0.0003   |
|    n_updates       | 194999   |
---------------------------------
---------------------------------
| rollout/           |          |
|    ep_len_mean     | 1e+03    |
|    ep_rew_mean     | 148      |
| time/              |          |
|    episodes        | 200      |
|    fps             | 86       |
|    time_elapsed    | 2306     |
|    total_timesteps | 200000   |
| train/             |          |
|    actor_loss      | -93.9    |
|    critic_loss     | 3.83     |
|    ent_coef        | 0.135    |
|    ent_coef_loss   | -0.0135  |
|    learning_rate   | 0.0003   |
|    n_updates       | 198999   |
---------------------------------
---------------------------------
| rollout/           |          |
|    ep_len_mean     | 1e+03    |
|    ep_rew_mean     | 184      |
| time/              |          |
|    episodes        | 204      |
|    fps             | 86       |
|    time_elapsed    | 2354     |
|    total_timesteps | 204000   |
| train/             |          |
|    actor_loss      | -112     |
|    critic_loss     | 3.2      |
|    ent_coef        | 0.131    |
|    ent_coef_loss   | 0.706    |
|    learning_rate   | 0.0003   |
|    n_updates       | 202999   |
---------------------------------
---------------------------------
| rollout/           |          |
|    ep_len_mean     | 1e+03    |
|    ep_rew_mean     | 237      |
| time/              |          |
|    episodes        | 208      |
|    fps             | 86       |
|    time_elapsed    | 2402     |
|    total_timesteps | 208000   |
| train/             |          |
|    actor_loss      | -114     |
|    critic_loss     | 2.99     |
|    ent_coef        | 0.128    |
|    ent_coef_loss   | -0.0444  |
|    learning_rate   | 0.0003   |
|    n_updates       | 206999   |
---------------------------------
---------------------------------
| rollout/           |          |
|    ep_len_mean     | 1e+03    |
|    ep_rew_mean     | 272      |
| time/              |          |
|    episodes        | 212      |
|    fps             | 86       |
|    time_elapsed    | 2450     |
|    total_timesteps | 212000   |
| train/             |          |
|    actor_loss      | -126     |
|    critic_loss     | 4.85     |
|    ent_coef        | 0.121    |
|    ent_coef_loss   | 0.803    |
|    learning_rate   | 0.0003   |
|    n_updates       | 210999   |
---------------------------------
---------------------------------
| rollout/           |          |
|    ep_len_mean     | 1e+03    |
|    ep_rew_mean     | 306      |
| time/              |          |
|    episodes        | 216      |
|    fps             | 86       |
|    time_elapsed    | 2497     |
|    total_timesteps | 216000   |
| train/             |          |
|    actor_loss      | -128     |
|    critic_loss     | 2.23     |
|    ent_coef        | 0.11     |
|    ent_coef_loss   | 0.286    |
|    learning_rate   | 0.0003   |
|    n_updates       | 214999   |
---------------------------------
---------------------------------
| rollout/           |          |
|    ep_len_mean     | 1e+03    |
|    ep_rew_mean     | 351      |
| time/              |          |
|    episodes        | 220      |
|    fps             | 86       |
|    time_elapsed    | 2545     |
|    total_timesteps | 220000   |
| train/             |          |
|    actor_loss      | -128     |
|    critic_loss     | 3.04     |
|    ent_coef        | 0.106    |
|    ent_coef_loss   | 0.22     |
|    learning_rate   | 0.0003   |
|    n_updates       | 218999   |
---------------------------------
---------------------------------
| rollout/           |          |
|    ep_len_mean     | 1e+03    |
|    ep_rew_mean     | 425      |
| time/              |          |
|    episodes        | 224      |
|    fps             | 86       |
|    time_elapsed    | 2594     |
|    total_timesteps | 224000   |
| train/             |          |
|    actor_loss      | -132     |
|    critic_loss     | 3        |
|    ent_coef        | 0.102    |
|    ent_coef_loss   | 0.204    |
|    learning_rate   | 0.0003   |
|    n_updates       | 222999   |
---------------------------------
---------------------------------
| rollout/           |          |
|    ep_len_mean     | 1e+03    |
|    ep_rew_mean     | 447      |
| time/              |          |
|    episodes        | 228      |
|    fps             | 86       |
|    time_elapsed    | 2643     |
|    total_timesteps | 228000   |
| train/             |          |
|    actor_loss      | -132     |
|    critic_loss     | 1.13     |
|    ent_coef        | 0.11     |
|    ent_coef_loss   | -0.696   |
|    learning_rate   | 0.0003   |
|    n_updates       | 226999   |
---------------------------------
---------------------------------
| rollout/           |          |
|    ep_len_mean     | 1e+03    |
|    ep_rew_mean     | 456      |
| time/              |          |
|    episodes        | 232      |
|    fps             | 86       |
|    time_elapsed    | 2693     |
|    total_timesteps | 232000   |
| train/             |          |
|    actor_loss      | -124     |
|    critic_loss     | 1.19     |
|    ent_coef        | 0.0893   |
|    ent_coef_loss   | -1.48    |
|    learning_rate   | 0.0003   |
|    n_updates       | 230999   |
---------------------------------
---------------------------------
| rollout/           |          |
|    ep_len_mean     | 1e+03    |
|    ep_rew_mean     | 474      |
| time/              |          |
|    episodes        | 236      |
|    fps             | 86       |
|    time_elapsed    | 2743     |
|    total_timesteps | 236000   |
| train/             |          |
|    actor_loss      | -125     |
|    critic_loss     | 1.18     |
|    ent_coef        | 0.0969   |
|    ent_coef_loss   | -0.706   |
|    learning_rate   | 0.0003   |
|    n_updates       | 234999   |
---------------------------------
---------------------------------
| rollout/           |          |
|    ep_len_mean     | 1e+03    |
|    ep_rew_mean     | 506      |
| time/              |          |
|    episodes        | 240      |
|    fps             | 85       |
|    time_elapsed    | 2793     |
|    total_timesteps | 240000   |
| train/             |          |
|    actor_loss      | -119     |
|    critic_loss     | 1.29     |
|    ent_coef        | 0.092    |
|    ent_coef_loss   | -0.786   |
|    learning_rate   | 0.0003   |
|    n_updates       | 238999   |
---------------------------------
---------------------------------
| rollout/           |          |
|    ep_len_mean     | 1e+03    |
|    ep_rew_mean     | 535      |
| time/              |          |
|    episodes        | 244      |
|    fps             | 85       |
|    time_elapsed    | 2842     |
|    total_timesteps | 244000   |
| train/             |          |
|    actor_loss      | -119     |
|    critic_loss     | 0.778    |
|    ent_coef        | 0.0719   |
|    ent_coef_loss   | -0.341   |
|    learning_rate   | 0.0003   |
|    n_updates       | 242999   |
---------------------------------
---------------------------------
| rollout/           |          |
|    ep_len_mean     | 1e+03    |
|    ep_rew_mean     | 548      |
| time/              |          |
|    episodes        | 248      |
|    fps             | 85       |
|    time_elapsed    | 2891     |
|    total_timesteps | 248000   |
| train/             |          |
|    actor_loss      | -113     |
|    critic_loss     | 0.854    |
|    ent_coef        | 0.0701   |
|    ent_coef_loss   | 0.326    |
|    learning_rate   | 0.0003   |
|    n_updates       | 246999   |
---------------------------------
---------------------------------
| rollout/           |          |
|    ep_len_mean     | 1e+03    |
|    ep_rew_mean     | 553      |
| time/              |          |
|    episodes        | 252      |
|    fps             | 85       |
|    time_elapsed    | 2941     |
|    total_timesteps | 252000   |
| train/             |          |
|    actor_loss      | -119     |
|    critic_loss     | 27.3     |
|    ent_coef        | 0.0621   |
|    ent_coef_loss   | -1.58    |
|    learning_rate   | 0.0003   |
|    n_updates       | 250999   |
---------------------------------
---------------------------------
| rollout/           |          |
|    ep_len_mean     | 1e+03    |
|    ep_rew_mean     | 565      |
| time/              |          |
|    episodes        | 256      |
|    fps             | 85       |
|    time_elapsed    | 2990     |
|    total_timesteps | 256000   |
| train/             |          |
|    actor_loss      | -107     |
|    critic_loss     | 1.64     |
|    ent_coef        | 0.0477   |
|    ent_coef_loss   | 0.0445   |
|    learning_rate   | 0.0003   |
|    n_updates       | 254999   |
---------------------------------
---------------------------------
| rollout/           |          |
|    ep_len_mean     | 1e+03    |
|    ep_rew_mean     | 581      |
| time/              |          |
|    episodes        | 260      |
|    fps             | 85       |
|    time_elapsed    | 3040     |
|    total_timesteps | 260000   |
| train/             |          |
|    actor_loss      | -120     |
|    critic_loss     | 0.828    |
|    ent_coef        | 0.0499   |
|    ent_coef_loss   | 0.122    |
|    learning_rate   | 0.0003   |
|    n_updates       | 258999   |
---------------------------------
---------------------------------
| rollout/           |          |
|    ep_len_mean     | 1e+03    |
|    ep_rew_mean     | 610      |
| time/              |          |
|    episodes        | 264      |
|    fps             | 85       |
|    time_elapsed    | 3091     |
|    total_timesteps | 264000   |
| train/             |          |
|    actor_loss      | -120     |
|    critic_loss     | 1.19     |
|    ent_coef        | 0.049    |
|    ent_coef_loss   | 1.16     |
|    learning_rate   | 0.0003   |
|    n_updates       | 262999   |
---------------------------------
---------------------------------
| rollout/           |          |
|    ep_len_mean     | 1e+03    |
|    ep_rew_mean     | 644      |
| time/              |          |
|    episodes        | 268      |
|    fps             | 85       |
|    time_elapsed    | 3140     |
|    total_timesteps | 268000   |
| train/             |          |
|    actor_loss      | -142     |
|    critic_loss     | 0.688    |
|    ent_coef        | 0.0454   |
|    ent_coef_loss   | 0.278    |
|    learning_rate   | 0.0003   |
|    n_updates       | 266999   |
---------------------------------
---------------------------------
| rollout/           |          |
|    ep_len_mean     | 1e+03    |
|    ep_rew_mean     | 675      |
| time/              |          |
|    episodes        | 272      |
|    fps             | 85       |
|    time_elapsed    | 3190     |
|    total_timesteps | 272000   |
| train/             |          |
|    actor_loss      | -129     |
|    critic_loss     | 17.2     |
|    ent_coef        | 0.0503   |
|    ent_coef_loss   | -2       |
|    learning_rate   | 0.0003   |
|    n_updates       | 270999   |
---------------------------------
---------------------------------
| rollout/           |          |
|    ep_len_mean     | 1e+03    |
|    ep_rew_mean     | 688      |
| time/              |          |
|    episodes        | 276      |
|    fps             | 85       |
|    time_elapsed    | 3240     |
|    total_timesteps | 276000   |
| train/             |          |
|    actor_loss      | -134     |
|    critic_loss     | 62.3     |
|    ent_coef        | 0.049    |
|    ent_coef_loss   | -0.665   |
|    learning_rate   | 0.0003   |
|    n_updates       | 274999   |
---------------------------------
---------------------------------
| rollout/           |          |
|    ep_len_mean     | 1e+03    |
|    ep_rew_mean     | 701      |
| time/              |          |
|    episodes        | 280      |
|    fps             | 84       |
|    time_elapsed    | 3294     |
|    total_timesteps | 280000   |
| train/             |          |
|    actor_loss      | -143     |
|    critic_loss     | 0.383    |
|    ent_coef        | 0.0367   |
|    ent_coef_loss   | -1.35    |
|    learning_rate   | 0.0003   |
|    n_updates       | 278999   |
---------------------------------
---------------------------------
| rollout/           |          |
|    ep_len_mean     | 1e+03    |
|    ep_rew_mean     | 702      |
| time/              |          |
|    episodes        | 284      |
|    fps             | 84       |
|    time_elapsed    | 3347     |
|    total_timesteps | 284000   |
| train/             |          |
|    actor_loss      | -138     |
|    critic_loss     | 0.402    |
|    ent_coef        | 0.0534   |
|    ent_coef_loss   | -3.81    |
|    learning_rate   | 0.0003   |
|    n_updates       | 282999   |
---------------------------------
---------------------------------
| rollout/           |          |
|    ep_len_mean     | 1e+03    |
|    ep_rew_mean     | 729      |
| time/              |          |
|    episodes        | 288      |
|    fps             | 84       |
|    time_elapsed    | 3401     |
|    total_timesteps | 288000   |
| train/             |          |
|    actor_loss      | -123     |
|    critic_loss     | 0.268    |
|    ent_coef        | 0.0265   |
|    ent_coef_loss   | -0.327   |
|    learning_rate   | 0.0003   |
|    n_updates       | 286999   |
---------------------------------
---------------------------------
| rollout/           |          |
|    ep_len_mean     | 1e+03    |
|    ep_rew_mean     | 761      |
| time/              |          |
|    episodes        | 292      |
|    fps             | 84       |
|    time_elapsed    | 3456     |
|    total_timesteps | 292000   |
| train/             |          |
|    actor_loss      | -132     |
|    critic_loss     | 2.07     |
|    ent_coef        | 0.0314   |
|    ent_coef_loss   | 2.31     |
|    learning_rate   | 0.0003   |
|    n_updates       | 290999   |
---------------------------------
---------------------------------
| rollout/           |          |
|    ep_len_mean     | 1e+03    |
|    ep_rew_mean     | 762      |
| time/              |          |
|    episodes        | 296      |
|    fps             | 84       |
|    time_elapsed    | 3511     |
|    total_timesteps | 296000   |
| train/             |          |
|    actor_loss      | -122     |
|    critic_loss     | 0.188    |
|    ent_coef        | 0.0309   |
|    ent_coef_loss   | -2.18    |
|    learning_rate   | 0.0003   |
|    n_updates       | 294999   |
---------------------------------
---------------------------------
| rollout/           |          |
|    ep_len_mean     | 1e+03    |
|    ep_rew_mean     | 734      |
| time/              |          |
|    episodes        | 300      |
|    fps             | 84       |
|    time_elapsed    | 3566     |
|    total_timesteps | 300000   |
| train/             |          |
|    actor_loss      | -121     |
|    critic_loss     | 0.415    |
|    ent_coef        | 0.0238   |
|    ent_coef_loss   | 1.53     |
|    learning_rate   | 0.0003   |
|    n_updates       | 298999   |
---------------------------------
---------------------------------
| rollout/           |          |
|    ep_len_mean     | 1e+03    |
|    ep_rew_mean     | 644      |
| time/              |          |
|    episodes        | 304      |
|    fps             | 83       |
|    time_elapsed    | 3621     |
|    total_timesteps | 304000   |
| train/             |          |
|    actor_loss      | -123     |
|    critic_loss     | 0.231    |
|    ent_coef        | 0.0266   |
|    ent_coef_loss   | -2.94    |
|    learning_rate   | 0.0003   |
|    n_updates       | 302999   |
---------------------------------
---------------------------------
| rollout/           |          |
|    ep_len_mean     | 1e+03    |
|    ep_rew_mean     | 624      |
| time/              |          |
|    episodes        | 308      |
|    fps             | 83       |
|    time_elapsed    | 3675     |
|    total_timesteps | 308000   |
| train/             |          |
|    actor_loss      | -131     |
|    critic_loss     | 0.331    |
|    ent_coef        | 0.0239   |
|    ent_coef_loss   | -0.898   |
|    learning_rate   | 0.0003   |
|    n_updates       | 306999   |
---------------------------------
---------------------------------
| rollout/           |          |
|    ep_len_mean     | 1e+03    |
|    ep_rew_mean     | 621      |
| time/              |          |
|    episodes        | 312      |
|    fps             | 83       |
|    time_elapsed    | 3729     |
|    total_timesteps | 312000   |
| train/             |          |
|    actor_loss      | -122     |
|    critic_loss     | 0.461    |
|    ent_coef        | 0.0221   |
|    ent_coef_loss   | 0.161    |
|    learning_rate   | 0.0003   |
|    n_updates       | 310999   |
---------------------------------
---------------------------------
| rollout/           |          |
|    ep_len_mean     | 1e+03    |
|    ep_rew_mean     | 618      |
| time/              |          |
|    episodes        | 316      |
|    fps             | 83       |
|    time_elapsed    | 3783     |
|    total_timesteps | 316000   |
| train/             |          |
|    actor_loss      | -123     |
|    critic_loss     | 0.456    |
|    ent_coef        | 0.0225   |
|    ent_coef_loss   | 0.242    |
|    learning_rate   | 0.0003   |
|    n_updates       | 314999   |
---------------------------------
---------------------------------
| rollout/           |          |
|    ep_len_mean     | 1e+03    |
|    ep_rew_mean     | 637      |
| time/              |          |
|    episodes        | 320      |
|    fps             | 83       |
|    time_elapsed    | 3837     |
|    total_timesteps | 320000   |
| train/             |          |
|    actor_loss      | -122     |
|    critic_loss     | 0.558    |
|    ent_coef        | 0.0238   |
|    ent_coef_loss   | -1.08    |
|    learning_rate   | 0.0003   |
|    n_updates       | 318999   |
---------------------------------
---------------------------------
| rollout/           |          |
|    ep_len_mean     | 1e+03    |
|    ep_rew_mean     | 640      |
| time/              |          |
|    episodes        | 324      |
|    fps             | 83       |
|    time_elapsed    | 3891     |
|    total_timesteps | 324000   |
| train/             |          |
|    actor_loss      | -123     |
|    critic_loss     | 0.483    |
|    ent_coef        | 0.0237   |
|    ent_coef_loss   | 0.233    |
|    learning_rate   | 0.0003   |
|    n_updates       | 322999   |
---------------------------------
---------------------------------
| rollout/           |          |
|    ep_len_mean     | 1e+03    |
|    ep_rew_mean     | 632      |
| time/              |          |
|    episodes        | 328      |
|    fps             | 83       |
|    time_elapsed    | 3946     |
|    total_timesteps | 328000   |
| train/             |          |
|    actor_loss      | -125     |
|    critic_loss     | 0.368    |
|    ent_coef        | 0.0229   |
|    ent_coef_loss   | 0.39     |
|    learning_rate   | 0.0003   |
|    n_updates       | 326999   |
---------------------------------
---------------------------------
| rollout/           |          |
|    ep_len_mean     | 1e+03    |
|    ep_rew_mean     | 657      |
| time/              |          |
|    episodes        | 332      |
|    fps             | 82       |
|    time_elapsed    | 4001     |
|    total_timesteps | 332000   |
| train/             |          |
|    actor_loss      | -121     |
|    critic_loss     | 0.146    |
|    ent_coef        | 0.0214   |
|    ent_coef_loss   | -1.68    |
|    learning_rate   | 0.0003   |
|    n_updates       | 330999   |
---------------------------------
---------------------------------
| rollout/           |          |
|    ep_len_mean     | 1e+03    |
|    ep_rew_mean     | 663      |
| time/              |          |
|    episodes        | 336      |
|    fps             | 82       |
|    time_elapsed    | 4055     |
|    total_timesteps | 336000   |
| train/             |          |
|    actor_loss      | -131     |
|    critic_loss     | 0.917    |
|    ent_coef        | 0.0186   |
|    ent_coef_loss   | 2.62     |
|    learning_rate   | 0.0003   |
|    n_updates       | 334999   |
---------------------------------
---------------------------------
| rollout/           |          |
|    ep_len_mean     | 1e+03    |
|    ep_rew_mean     | 666      |
| time/              |          |
|    episodes        | 340      |
|    fps             | 82       |
|    time_elapsed    | 4110     |
|    total_timesteps | 340000   |
| train/             |          |
|    actor_loss      | -128     |
|    critic_loss     | 0.344    |
|    ent_coef        | 0.0184   |
|    ent_coef_loss   | 0.0702   |
|    learning_rate   | 0.0003   |
|    n_updates       | 338999   |
---------------------------------
---------------------------------
| rollout/           |          |
|    ep_len_mean     | 1e+03    |
|    ep_rew_mean     | 643      |
| time/              |          |
|    episodes        | 344      |
|    fps             | 82       |
|    time_elapsed    | 4164     |
|    total_timesteps | 344000   |
| train/             |          |
|    actor_loss      | -128     |
|    critic_loss     | 96.2     |
|    ent_coef        | 0.0235   |
|    ent_coef_loss   | 0.844    |
|    learning_rate   | 0.0003   |
|    n_updates       | 342999   |
---------------------------------
---------------------------------
| rollout/           |          |
|    ep_len_mean     | 1e+03    |
|    ep_rew_mean     | 637      |
| time/              |          |
|    episodes        | 348      |
|    fps             | 82       |
|    time_elapsed    | 4218     |
|    total_timesteps | 348000   |
| train/             |          |
|    actor_loss      | -126     |
|    critic_loss     | 0.47     |
|    ent_coef        | 0.0189   |
|    ent_coef_loss   | -0.29    |
|    learning_rate   | 0.0003   |
|    n_updates       | 346999   |
---------------------------------
---------------------------------
| rollout/           |          |
|    ep_len_mean     | 1e+03    |
|    ep_rew_mean     | 654      |
| time/              |          |
|    episodes        | 352      |
|    fps             | 82       |
|    time_elapsed    | 4273     |
|    total_timesteps | 352000   |
| train/             |          |
|    actor_loss      | -129     |
|    critic_loss     | 0.312    |
|    ent_coef        | 0.0186   |
|    ent_coef_loss   | -0.0372  |
|    learning_rate   | 0.0003   |
|    n_updates       | 350999   |
---------------------------------
---------------------------------
| rollout/           |          |
|    ep_len_mean     | 1e+03    |
|    ep_rew_mean     | 645      |
| time/              |          |
|    episodes        | 356      |
|    fps             | 82       |
|    time_elapsed    | 4326     |
|    total_timesteps | 356000   |
| train/             |          |
|    actor_loss      | -134     |
|    critic_loss     | 0.329    |
|    ent_coef        | 0.0192   |
|    ent_coef_loss   | -0.971   |
|    learning_rate   | 0.0003   |
|    n_updates       | 354999   |
---------------------------------
---------------------------------
| rollout/           |          |
|    ep_len_mean     | 1e+03    |
|    ep_rew_mean     | 647      |
| time/              |          |
|    episodes        | 360      |
|    fps             | 82       |
|    time_elapsed    | 4382     |
|    total_timesteps | 360000   |
| train/             |          |
|    actor_loss      | -125     |
|    critic_loss     | 0.211    |
|    ent_coef        | 0.0185   |
|    ent_coef_loss   | -0.736   |
|    learning_rate   | 0.0003   |
|    n_updates       | 358999   |
---------------------------------
---------------------------------
| rollout/           |          |
|    ep_len_mean     | 1e+03    |
|    ep_rew_mean     | 648      |
| time/              |          |
|    episodes        | 364      |
|    fps             | 82       |
|    time_elapsed    | 4436     |
|    total_timesteps | 364000   |
| train/             |          |
|    actor_loss      | -129     |
|    critic_loss     | 0.173    |
|    ent_coef        | 0.0204   |
|    ent_coef_loss   | 0.16     |
|    learning_rate   | 0.0003   |
|    n_updates       | 362999   |
---------------------------------
---------------------------------
| rollout/           |          |
|    ep_len_mean     | 1e+03    |
|    ep_rew_mean     | 651      |
| time/              |          |
|    episodes        | 368      |
|    fps             | 81       |
|    time_elapsed    | 4490     |
|    total_timesteps | 368000   |
| train/             |          |
|    actor_loss      | -125     |
|    critic_loss     | 1.45     |
|    ent_coef        | 0.0186   |
|    ent_coef_loss   | 0.168    |
|    learning_rate   | 0.0003   |
|    n_updates       | 366999   |
---------------------------------
---------------------------------
| rollout/           |          |
|    ep_len_mean     | 1e+03    |
|    ep_rew_mean     | 645      |
| time/              |          |
|    episodes        | 372      |
|    fps             | 81       |
|    time_elapsed    | 4545     |
|    total_timesteps | 372000   |
| train/             |          |
|    actor_loss      | -131     |
|    critic_loss     | 0.343    |
|    ent_coef        | 0.0178   |
|    ent_coef_loss   | 1.16     |
|    learning_rate   | 0.0003   |
|    n_updates       | 370999   |
---------------------------------
---------------------------------
| rollout/           |          |
|    ep_len_mean     | 1e+03    |
|    ep_rew_mean     | 650      |
| time/              |          |
|    episodes        | 376      |
|    fps             | 81       |
|    time_elapsed    | 4601     |
|    total_timesteps | 376000   |
| train/             |          |
|    actor_loss      | -125     |
|    critic_loss     | 0.14     |
|    ent_coef        | 0.0156   |
|    ent_coef_loss   | -1.96    |
|    learning_rate   | 0.0003   |
|    n_updates       | 374999   |
---------------------------------
---------------------------------
| rollout/           |          |
|    ep_len_mean     | 1e+03    |
|    ep_rew_mean     | 652      |
| time/              |          |
|    episodes        | 380      |
|    fps             | 81       |
|    time_elapsed    | 4657     |
|    total_timesteps | 380000   |
| train/             |          |
|    actor_loss      | -125     |
|    critic_loss     | 0.468    |
|    ent_coef        | 0.0174   |
|    ent_coef_loss   | 2.05     |
|    learning_rate   | 0.0003   |
|    n_updates       | 378999   |
---------------------------------
---------------------------------
| rollout/           |          |
|    ep_len_mean     | 1e+03    |
|    ep_rew_mean     | 660      |
| time/              |          |
|    episodes        | 384      |
|    fps             | 81       |
|    time_elapsed    | 4712     |
|    total_timesteps | 384000   |
| train/             |          |
|    actor_loss      | -130     |
|    critic_loss     | 0.336    |
|    ent_coef        | 0.0187   |
|    ent_coef_loss   | -0.171   |
|    learning_rate   | 0.0003   |
|    n_updates       | 382999   |
---------------------------------
---------------------------------
| rollout/           |          |
|    ep_len_mean     | 1e+03    |
|    ep_rew_mean     | 663      |
| time/              |          |
|    episodes        | 388      |
|    fps             | 81       |
|    time_elapsed    | 4768     |
|    total_timesteps | 388000   |
| train/             |          |
|    actor_loss      | -132     |
|    critic_loss     | 0.398    |
|    ent_coef        | 0.0172   |
|    ent_coef_loss   | 3.19     |
|    learning_rate   | 0.0003   |
|    n_updates       | 386999   |
---------------------------------
---------------------------------
| rollout/           |          |
|    ep_len_mean     | 1e+03    |
|    ep_rew_mean     | 684      |
| time/              |          |
|    episodes        | 392      |
|    fps             | 81       |
|    time_elapsed    | 4824     |
|    total_timesteps | 392000   |
| train/             |          |
|    actor_loss      | -124     |
|    critic_loss     | 0.544    |
|    ent_coef        | 0.0179   |
|    ent_coef_loss   | 0.0896   |
|    learning_rate   | 0.0003   |
|    n_updates       | 390999   |
---------------------------------
---------------------------------
| rollout/           |          |
|    ep_len_mean     | 1e+03    |
|    ep_rew_mean     | 678      |
| time/              |          |
|    episodes        | 396      |
|    fps             | 81       |
|    time_elapsed    | 4880     |
|    total_timesteps | 396000   |
| train/             |          |
|    actor_loss      | -130     |
|    critic_loss     | 143      |
|    ent_coef        | 0.0189   |
|    ent_coef_loss   | -0.472   |
|    learning_rate   | 0.0003   |
|    n_updates       | 394999   |
---------------------------------
---------------------------------
| rollout/           |          |
|    ep_len_mean     | 1e+03    |
|    ep_rew_mean     | 697      |
| time/              |          |
|    episodes        | 400      |
|    fps             | 81       |
|    time_elapsed    | 4936     |
|    total_timesteps | 400000   |
| train/             |          |
|    actor_loss      | -130     |
|    critic_loss     | 0.113    |
|    ent_coef        | 0.0211   |
|    ent_coef_loss   | -2.41    |
|    learning_rate   | 0.0003   |
|    n_updates       | 398999   |
---------------------------------
---------------------------------
| rollout/           |          |
|    ep_len_mean     | 1e+03    |
|    ep_rew_mean     | 796      |
| time/              |          |
|    episodes        | 404      |
|    fps             | 80       |
|    time_elapsed    | 4991     |
|    total_timesteps | 404000   |
| train/             |          |
|    actor_loss      | -131     |
|    critic_loss     | 0.197    |
|    ent_coef        | 0.0162   |
|    ent_coef_loss   | -1.57    |
|    learning_rate   | 0.0003   |
|    n_updates       | 402999   |
---------------------------------
---------------------------------
| rollout/           |          |
|    ep_len_mean     | 1e+03    |
|    ep_rew_mean     | 823      |
| time/              |          |
|    episodes        | 408      |
|    fps             | 80       |
|    time_elapsed    | 5047     |
|    total_timesteps | 408000   |
| train/             |          |
|    actor_loss      | -127     |
|    critic_loss     | 0.72     |
|    ent_coef        | 0.0167   |
|    ent_coef_loss   | 0.0439   |
|    learning_rate   | 0.0003   |
|    n_updates       | 406999   |
---------------------------------
---------------------------------
| rollout/           |          |
|    ep_len_mean     | 1e+03    |
|    ep_rew_mean     | 831      |
| time/              |          |
|    episodes        | 412      |
|    fps             | 80       |
|    time_elapsed    | 5103     |
|    total_timesteps | 412000   |
| train/             |          |
|    actor_loss      | -131     |
|    critic_loss     | 0.25     |
|    ent_coef        | 0.0175   |
|    ent_coef_loss   | 0.694    |
|    learning_rate   | 0.0003   |
|    n_updates       | 410999   |
---------------------------------
---------------------------------
| rollout/           |          |
|    ep_len_mean     | 1e+03    |
|    ep_rew_mean     | 829      |
| time/              |          |
|    episodes        | 416      |
|    fps             | 80       |
|    time_elapsed    | 5159     |
|    total_timesteps | 416000   |
| train/             |          |
|    actor_loss      | -132     |
|    critic_loss     | 0.701    |
|    ent_coef        | 0.018    |
|    ent_coef_loss   | -1.89    |
|    learning_rate   | 0.0003   |
|    n_updates       | 414999   |
---------------------------------
---------------------------------
| rollout/           |          |
|    ep_len_mean     | 1e+03    |
|    ep_rew_mean     | 824      |
| time/              |          |
|    episodes        | 420      |
|    fps             | 80       |
|    time_elapsed    | 5215     |
|    total_timesteps | 420000   |
| train/             |          |
|    actor_loss      | -132     |
|    critic_loss     | 0.0762   |
|    ent_coef        | 0.0177   |
|    ent_coef_loss   | -2.53    |
|    learning_rate   | 0.0003   |
|    n_updates       | 418999   |
---------------------------------
---------------------------------
| rollout/           |          |
|    ep_len_mean     | 1e+03    |
|    ep_rew_mean     | 826      |
| time/              |          |
|    episodes        | 424      |
|    fps             | 80       |
|    time_elapsed    | 5270     |
|    total_timesteps | 424000   |
| train/             |          |
|    actor_loss      | -126     |
|    critic_loss     | 0.366    |
|    ent_coef        | 0.0143   |
|    ent_coef_loss   | -0.0491  |
|    learning_rate   | 0.0003   |
|    n_updates       | 422999   |
---------------------------------
---------------------------------
| rollout/           |          |
|    ep_len_mean     | 1e+03    |
|    ep_rew_mean     | 841      |
| time/              |          |
|    episodes        | 428      |
|    fps             | 80       |
|    time_elapsed    | 5327     |
|    total_timesteps | 428000   |
| train/             |          |
|    actor_loss      | -132     |
|    critic_loss     | 0.235    |
|    ent_coef        | 0.0152   |
|    ent_coef_loss   | -0.784   |
|    learning_rate   | 0.0003   |
|    n_updates       | 426999   |
---------------------------------
---------------------------------
| rollout/           |          |
|    ep_len_mean     | 1e+03    |
|    ep_rew_mean     | 842      |
| time/              |          |
|    episodes        | 432      |
|    fps             | 80       |
|    time_elapsed    | 5382     |
|    total_timesteps | 432000   |
| train/             |          |
|    actor_loss      | -124     |
|    critic_loss     | 0.442    |
|    ent_coef        | 0.0152   |
|    ent_coef_loss   | 1.4      |
|    learning_rate   | 0.0003   |
|    n_updates       | 430999   |
---------------------------------
---------------------------------
| rollout/           |          |
|    ep_len_mean     | 1e+03    |
|    ep_rew_mean     | 845      |
| time/              |          |
|    episodes        | 436      |
|    fps             | 80       |
|    time_elapsed    | 5439     |
|    total_timesteps | 436000   |
| train/             |          |
|    actor_loss      | -129     |
|    critic_loss     | 0.094    |
|    ent_coef        | 0.0142   |
|    ent_coef_loss   | -2.73    |
|    learning_rate   | 0.0003   |
|    n_updates       | 434999   |
---------------------------------
---------------------------------
| rollout/           |          |
|    ep_len_mean     | 1e+03    |
|    ep_rew_mean     | 844      |
| time/              |          |
|    episodes        | 440      |
|    fps             | 80       |
|    time_elapsed    | 5495     |
|    total_timesteps | 440000   |
| train/             |          |
|    actor_loss      | -124     |
|    critic_loss     | 0.348    |
|    ent_coef        | 0.0149   |
|    ent_coef_loss   | -0.946   |
|    learning_rate   | 0.0003   |
|    n_updates       | 438999   |
---------------------------------
---------------------------------
| rollout/           |          |
|    ep_len_mean     | 1e+03    |
|    ep_rew_mean     | 855      |
| time/              |          |
|    episodes        | 444      |
|    fps             | 80       |
|    time_elapsed    | 5549     |
|    total_timesteps | 444000   |
| train/             |          |
|    actor_loss      | -121     |
|    critic_loss     | 1.35     |
|    ent_coef        | 0.0167   |
|    ent_coef_loss   | -2.18    |
|    learning_rate   | 0.0003   |
|    n_updates       | 442999   |
---------------------------------
---------------------------------
| rollout/           |          |
|    ep_len_mean     | 1e+03    |
|    ep_rew_mean     | 854      |
| time/              |          |
|    episodes        | 448      |
|    fps             | 79       |
|    time_elapsed    | 5601     |
|    total_timesteps | 448000   |
| train/             |          |
|    actor_loss      | -127     |
|    critic_loss     | 0.194    |
|    ent_coef        | 0.0151   |
|    ent_coef_loss   | -0.824   |
|    learning_rate   | 0.0003   |
|    n_updates       | 446999   |
---------------------------------
---------------------------------
| rollout/           |          |
|    ep_len_mean     | 1e+03    |
|    ep_rew_mean     | 843      |
| time/              |          |
|    episodes        | 452      |
|    fps             | 79       |
|    time_elapsed    | 5654     |
|    total_timesteps | 452000   |
| train/             |          |
|    actor_loss      | -132     |
|    critic_loss     | 0.199    |
|    ent_coef        | 0.0144   |
|    ent_coef_loss   | 0.21     |
|    learning_rate   | 0.0003   |
|    n_updates       | 450999   |
---------------------------------
---------------------------------
| rollout/           |          |
|    ep_len_mean     | 1e+03    |
|    ep_rew_mean     | 853      |
| time/              |          |
|    episodes        | 456      |
|    fps             | 79       |
|    time_elapsed    | 5705     |
|    total_timesteps | 456000   |
| train/             |          |
|    actor_loss      | -131     |
|    critic_loss     | 0.402    |
|    ent_coef        | 0.0146   |
|    ent_coef_loss   | 3.29     |
|    learning_rate   | 0.0003   |
|    n_updates       | 454999   |
---------------------------------
---------------------------------
| rollout/           |          |
|    ep_len_mean     | 1e+03    |
|    ep_rew_mean     | 838      |
| time/              |          |
|    episodes        | 460      |
|    fps             | 79       |
|    time_elapsed    | 5757     |
|    total_timesteps | 460000   |
| train/             |          |
|    actor_loss      | -121     |
|    critic_loss     | 0.396    |
|    ent_coef        | 0.0157   |
|    ent_coef_loss   | 1.35     |
|    learning_rate   | 0.0003   |
|    n_updates       | 458999   |
---------------------------------
---------------------------------
| rollout/           |          |
|    ep_len_mean     | 1e+03    |
|    ep_rew_mean     | 821      |
| time/              |          |
|    episodes        | 464      |
|    fps             | 79       |
|    time_elapsed    | 5808     |
|    total_timesteps | 464000   |
| train/             |          |
|    actor_loss      | -120     |
|    critic_loss     | 0.295    |
|    ent_coef        | 0.0152   |
|    ent_coef_loss   | -3.4     |
|    learning_rate   | 0.0003   |
|    n_updates       | 462999   |
---------------------------------
---------------------------------
| rollout/           |          |
|    ep_len_mean     | 1e+03    |
|    ep_rew_mean     | 818      |
| time/              |          |
|    episodes        | 468      |
|    fps             | 79       |
|    time_elapsed    | 5860     |
|    total_timesteps | 468000   |
| train/             |          |
|    actor_loss      | -124     |
|    critic_loss     | 0.134    |
|    ent_coef        | 0.0163   |
|    ent_coef_loss   | -1.79    |
|    learning_rate   | 0.0003   |
|    n_updates       | 466999   |
---------------------------------
---------------------------------
| rollout/           |          |
|    ep_len_mean     | 1e+03    |
|    ep_rew_mean     | 826      |
| time/              |          |
|    episodes        | 472      |
|    fps             | 79       |
|    time_elapsed    | 5912     |
|    total_timesteps | 472000   |
| train/             |          |
|    actor_loss      | -131     |
|    critic_loss     | 0.266    |
|    ent_coef        | 0.0122   |
|    ent_coef_loss   | 0.712    |
|    learning_rate   | 0.0003   |
|    n_updates       | 470999   |
---------------------------------
---------------------------------
| rollout/           |          |
|    ep_len_mean     | 1e+03    |
|    ep_rew_mean     | 837      |
| time/              |          |
|    episodes        | 476      |
|    fps             | 79       |
|    time_elapsed    | 5950     |
|    total_timesteps | 476000   |
| train/             |          |
|    actor_loss      | -126     |
|    critic_loss     | 0.161    |
|    ent_coef        | 0.0175   |
|    ent_coef_loss   | 2.12     |
|    learning_rate   | 0.0003   |
|    n_updates       | 474999   |
---------------------------------
---------------------------------
| rollout/           |          |
|    ep_len_mean     | 1e+03    |
|    ep_rew_mean     | 835      |
| time/              |          |
|    episodes        | 480      |
|    fps             | 80       |
|    time_elapsed    | 5988     |
|    total_timesteps | 480000   |
| train/             |          |
|    actor_loss      | -126     |
|    critic_loss     | 0.0971   |
|    ent_coef        | 0.0147   |
|    ent_coef_loss   | -0.332   |
|    learning_rate   | 0.0003   |
|    n_updates       | 478999   |
---------------------------------
---------------------------------
| rollout/           |          |
|    ep_len_mean     | 1e+03    |
|    ep_rew_mean     | 831      |
| time/              |          |
|    episodes        | 484      |
|    fps             | 80       |
|    time_elapsed    | 6025     |
|    total_timesteps | 484000   |
| train/             |          |
|    actor_loss      | -133     |
|    critic_loss     | 0.154    |
|    ent_coef        | 0.0141   |
|    ent_coef_loss   | -1.82    |
|    learning_rate   | 0.0003   |
|    n_updates       | 482999   |
---------------------------------
---------------------------------
| rollout/           |          |
|    ep_len_mean     | 1e+03    |
|    ep_rew_mean     | 815      |
| time/              |          |
|    episodes        | 488      |
|    fps             | 80       |
|    time_elapsed    | 6055     |
|    total_timesteps | 488000   |
| train/             |          |
|    actor_loss      | -128     |
|    critic_loss     | 86.6     |
|    ent_coef        | 0.0141   |
|    ent_coef_loss   | -0.769   |
|    learning_rate   | 0.0003   |
|    n_updates       | 486999   |
---------------------------------
---------------------------------
| rollout/           |          |
|    ep_len_mean     | 1e+03    |
|    ep_rew_mean     | 803      |
| time/              |          |
|    episodes        | 492      |
|    fps             | 80       |
|    time_elapsed    | 6085     |
|    total_timesteps | 492000   |
| train/             |          |
|    actor_loss      | -124     |
|    critic_loss     | 0.899    |
|    ent_coef        | 0.0149   |
|    ent_coef_loss   | 0.149    |
|    learning_rate   | 0.0003   |
|    n_updates       | 490999   |
---------------------------------
---------------------------------
| rollout/           |          |
|    ep_len_mean     | 1e+03    |
|    ep_rew_mean     | 807      |
| time/              |          |
|    episodes        | 496      |
|    fps             | 81       |
|    time_elapsed    | 6116     |
|    total_timesteps | 496000   |
| train/             |          |
|    actor_loss      | -127     |
|    critic_loss     | 0.408    |
|    ent_coef        | 0.0129   |
|    ent_coef_loss   | 1.09     |
|    learning_rate   | 0.0003   |
|    n_updates       | 494999   |
---------------------------------
---------------------------------
| rollout/           |          |
|    ep_len_mean     | 1e+03    |
|    ep_rew_mean     | 818      |
| time/              |          |
|    episodes        | 500      |
|    fps             | 81       |
|    time_elapsed    | 6147     |
|    total_timesteps | 500000   |
| train/             |          |
|    actor_loss      | -122     |
|    critic_loss     | 0.148    |
|    ent_coef        | 0.0243   |
|    ent_coef_loss   | 3.03     |
|    learning_rate   | 0.0003   |
|    n_updates       | 498999   |
---------------------------------
[2026-06-23T15:05:54] Training complete in 6147.2s
[2026-06-23T15:05:54] Episodes: 500
[2026-06-23T15:05:54] Best reward: 1007.34
[2026-06-23T15:05:54] Mean reward (100ep): 817.76
[2026-06-23T15:05:54] Final goal tolerance: 0.6
[2026-06-23T15:05:54] Curriculum stage: 0
[2026-06-23T15:05:54] Saved: {'model': 'C:\\Users\\ranjo\\OneDrive\\Desktop\\ARM-Model\\project_assets\\outputs\\Parallel_Seeds\\seed_012\\sac_model', 'history': 'C:\\Users\\ranjo\\OneDrive\\Desktop\\ARM-Model\\project_assets\\outputs\\Parallel_Seeds\\seed_012\\training_history.csv', 'stats': 'C:\\Users\\ranjo\\OneDrive\\Desktop\\ARM-Model\\project_assets\\outputs\\Parallel_Seeds\\seed_012\\training_stats.json'}
[2026-06-23T15:05:54] Running Fitts' Law sweep (10 trials per condition)...
[2026-06-23T15:06:09] Fitts sweep complete in 14.2s
[2026-06-23T15:06:09] Fitts: MT = -0.0249 + +0.0790 * ID, R^2 = 0.2512 (n_conditions = 20, trials_per_condition = 10)
[2026-06-23T15:06:09] Saved: C:\Users\ranjo\OneDrive\Desktop\ARM-Model\project_assets\outputs\Parallel_Seeds\seed_012\fitts_law.json
[2026-06-23T15:06:09] Saved: C:\Users\ranjo\OneDrive\Desktop\ARM-Model\project_assets\outputs\Parallel_Seeds\seed_012\fitts_law.png
[2026-06-23T15:06:09] Running 2/3 Power Law sweep (20 trials)...
[2026-06-23T15:06:10] Power Law sweep complete in 0.9s
[2026-06-23T15:06:10] Power Law: log V = -0.2122 + -0.5749 * log C, R = -0.6465, R^2 = 0.4179 (n_samples = 3347, n_trials = 0/20)
[2026-06-23T15:06:10] Saved: C:\Users\ranjo\OneDrive\Desktop\ARM-Model\project_assets\outputs\Parallel_Seeds\seed_012\power_law.json
[2026-06-23T15:06:10] Saved: C:\Users\ranjo\OneDrive\Desktop\ARM-Model\project_assets\outputs\Parallel_Seeds\seed_012\power_law.png
[2026-06-23T15:06:10] Session complete. Total wall time: 1:42:43.482948
[2026-06-23T15:06:10] ============================================================
