[2026-08-14T19:47:48] Starting Fischer session: algorithm=SAC, timesteps=500,000, direction=EAST, actuation=muscle, waypoints=[[0.2, 1.2], [2.2, 0.5], [1.0, -1.6]], seed=103
[2026-08-14T19:47:48] Save dir: C:\Users\ranjo\OneDrive\Desktop\ARM-Model\project_assets\outputs\Ablation\full\seed_103
[2026-08-14T19:47:48] Waypoint mode active: 3 waypoints, current_waypoint_index=0 at every episode reset
[2026-08-14T19:47:48] Ablation config: hold_decrement=3, hold_curriculum=on, curriculum_mode=eval
[2026-08-14T19:47:48] Waypoint mode: tolerance curriculum floor raised to 0.2 m (eval standard is 0.6 m)
[2026-08-14T19:47:48] Best-model checkpointing active: deterministic eval every 25K steps, best snapshot saved to sac_model_best.zip
Using cpu device
Wrapping the env with a `Monitor` wrapper
Wrapping the env in a DummyVecEnv.
[EvalCheckpoint] Active: eval every 25,000 steps, 5 deterministic episodes at production standard (tol 0.6 m, hold 20). Training starts at tol 0.6 m, hold 10. Best model -> C:\Users\ranjo\OneDrive\Desktop\ARM-Model\project_assets\outputs\Ablation\full\seed_103\sac_model_best
----------------------------------
| rollout/           |           |
|    ep_len_mean     | 1e+03     |
|    ep_rew_mean     | -5.76e+03 |
| time/              |           |
|    episodes        | 4         |
|    fps             | 93        |
|    time_elapsed    | 42        |
|    total_timesteps | 4000      |
| train/             |           |
|    actor_loss      | 55.8      |
|    critic_loss     | 0.142     |
|    ent_coef        | 0.409     |
|    ent_coef_loss   | -5.76     |
|    learning_rate   | 0.0003    |
|    n_updates       | 2999      |
----------------------------------
----------------------------------
| rollout/           |           |
|    ep_len_mean     | 1e+03     |
|    ep_rew_mean     | -4.91e+03 |
| time/              |           |
|    episodes        | 8         |
|    fps             | 78        |
|    time_elapsed    | 102       |
|    total_timesteps | 8000      |
| train/             |           |
|    actor_loss      | 117       |
|    critic_loss     | 0.671     |
|    ent_coef        | 0.131     |
|    ent_coef_loss   | -9.12     |
|    learning_rate   | 0.0003    |
|    n_updates       | 6999      |
----------------------------------
----------------------------------
| rollout/           |           |
|    ep_len_mean     | 1e+03     |
|    ep_rew_mean     | -4.66e+03 |
| time/              |           |
|    episodes        | 12        |
|    fps             | 73        |
|    time_elapsed    | 162       |
|    total_timesteps | 12000     |
| train/             |           |
|    actor_loss      | 156       |
|    critic_loss     | 0.992     |
|    ent_coef        | 0.0544    |
|    ent_coef_loss   | -2.58     |
|    learning_rate   | 0.0003    |
|    n_updates       | 10999     |
----------------------------------
---------------------------------
| rollout/           |          |
|    ep_len_mean     | 1e+03    |
|    ep_rew_mean     | -4.5e+03 |
| time/              |          |
|    episodes        | 16       |
|    fps             | 72       |
|    time_elapsed    | 220      |
|    total_timesteps | 16000    |
| train/             |          |
|    actor_loss      | 175      |
|    critic_loss     | 1.56     |
|    ent_coef        | 0.0311   |
|    ent_coef_loss   | 0.0692   |
|    learning_rate   | 0.0003   |
|    n_updates       | 14999    |
---------------------------------
----------------------------------
| rollout/           |           |
|    ep_len_mean     | 1e+03     |
|    ep_rew_mean     | -4.72e+03 |
| time/              |           |
|    episodes        | 20        |
|    fps             | 71        |
|    time_elapsed    | 279       |
|    total_timesteps | 20000     |
| train/             |           |
|    actor_loss      | 190       |
|    critic_loss     | 1.89      |
|    ent_coef        | 0.0566    |
|    ent_coef_loss   | 2.29      |
|    learning_rate   | 0.0003    |
|    n_updates       | 18999     |
----------------------------------
----------------------------------
| rollout/           |           |
|    ep_len_mean     | 1e+03     |
|    ep_rew_mean     | -5.11e+03 |
| time/              |           |
|    episodes        | 24        |
|    fps             | 70        |
|    time_elapsed    | 338       |
|    total_timesteps | 24000     |
| train/             |           |
|    actor_loss      | 173       |
|    critic_loss     | 6.34      |
|    ent_coef        | 0.0602    |
|    ent_coef_loss   | 1.72      |
|    learning_rate   | 0.0003    |
|    n_updates       | 22999     |
----------------------------------
[EvalCheckpoint] step 25,000: 0/5 success, mean waypoints 1.0, mean steps 800 (train tol 0.60 m, hold 10)
[EvalCheckpoint] New best model saved (score (0, 1.0, -800.0))
----------------------------------
| rollout/           |           |
|    ep_len_mean     | 1e+03     |
|    ep_rew_mean     | -5.35e+03 |
| time/              |           |
|    episodes        | 28        |
|    fps             | 70        |
|    time_elapsed    | 399       |
|    total_timesteps | 28000     |
| train/             |           |
|    actor_loss      | 192       |
|    critic_loss     | 6.4       |
|    ent_coef        | 0.0803    |
|    ent_coef_loss   | -1.7      |
|    learning_rate   | 0.0003    |
|    n_updates       | 26999     |
----------------------------------
----------------------------------
| rollout/           |           |
|    ep_len_mean     | 1e+03     |
|    ep_rew_mean     | -5.51e+03 |
| time/              |           |
|    episodes        | 32        |
|    fps             | 69        |
|    time_elapsed    | 458       |
|    total_timesteps | 32000     |
| train/             |           |
|    actor_loss      | 157       |
|    critic_loss     | 2.93      |
|    ent_coef        | 0.0684    |
|    ent_coef_loss   | 0.979     |
|    learning_rate   | 0.0003    |
|    n_updates       | 30999     |
----------------------------------
----------------------------------
| rollout/           |           |
|    ep_len_mean     | 1e+03     |
|    ep_rew_mean     | -5.63e+03 |
| time/              |           |
|    episodes        | 36        |
|    fps             | 69        |
|    time_elapsed    | 517       |
|    total_timesteps | 36000     |
| train/             |           |
|    actor_loss      | 194       |
|    critic_loss     | 1.23      |
|    ent_coef        | 0.0473    |
|    ent_coef_loss   | -1.48     |
|    learning_rate   | 0.0003    |
|    n_updates       | 34999     |
----------------------------------
----------------------------------
| rollout/           |           |
|    ep_len_mean     | 1e+03     |
|    ep_rew_mean     | -5.49e+03 |
| time/              |           |
|    episodes        | 40        |
|    fps             | 69        |
|    time_elapsed    | 577       |
|    total_timesteps | 40000     |
| train/             |           |
|    actor_loss      | 218       |
|    critic_loss     | 2.08      |
|    ent_coef        | 0.0572    |
|    ent_coef_loss   | 0.0322    |
|    learning_rate   | 0.0003    |
|    n_updates       | 38999     |
----------------------------------
----------------------------------
| rollout/           |           |
|    ep_len_mean     | 1e+03     |
|    ep_rew_mean     | -5.36e+03 |
| time/              |           |
|    episodes        | 44        |
|    fps             | 68        |
|    time_elapsed    | 637       |
|    total_timesteps | 44000     |
| train/             |           |
|    actor_loss      | 203       |
|    critic_loss     | 1.66      |
|    ent_coef        | 0.0658    |
|    ent_coef_loss   | 1.59      |
|    learning_rate   | 0.0003    |
|    n_updates       | 42999     |
----------------------------------
---------------------------------
| rollout/           |          |
|    ep_len_mean     | 1e+03    |
|    ep_rew_mean     | -5.1e+03 |
| time/              |          |
|    episodes        | 48       |
|    fps             | 68       |
|    time_elapsed    | 698      |
|    total_timesteps | 48000    |
| train/             |          |
|    actor_loss      | 203      |
|    critic_loss     | 32.1     |
|    ent_coef        | 0.0848   |
|    ent_coef_loss   | 0.509    |
|    learning_rate   | 0.0003   |
|    n_updates       | 46999    |
---------------------------------
[EvalCheckpoint] step 50,000: 0/5 success, mean waypoints 2.0, mean steps 800 (train tol 0.60 m, hold 10)
[EvalCheckpoint] New best model saved (score (0, 2.0, -800.0))
----------------------------------
| rollout/           |           |
|    ep_len_mean     | 1e+03     |
|    ep_rew_mean     | -4.99e+03 |
| time/              |           |
|    episodes        | 52        |
|    fps             | 68        |
|    time_elapsed    | 761       |
|    total_timesteps | 52000     |
| train/             |           |
|    actor_loss      | 190       |
|    critic_loss     | 2.84      |
|    ent_coef        | 0.0779    |
|    ent_coef_loss   | 0.26      |
|    learning_rate   | 0.0003    |
|    n_updates       | 50999     |
----------------------------------
----------------------------------
| rollout/           |           |
|    ep_len_mean     | 1e+03     |
|    ep_rew_mean     | -4.69e+03 |
| time/              |           |
|    episodes        | 56        |
|    fps             | 68        |
|    time_elapsed    | 819       |
|    total_timesteps | 56000     |
| train/             |           |
|    actor_loss      | 201       |
|    critic_loss     | 2.35      |
|    ent_coef        | 0.0862    |
|    ent_coef_loss   | -0.6      |
|    learning_rate   | 0.0003    |
|    n_updates       | 54999     |
----------------------------------
----------------------------------
| rollout/           |           |
|    ep_len_mean     | 1e+03     |
|    ep_rew_mean     | -4.45e+03 |
| time/              |           |
|    episodes        | 60        |
|    fps             | 68        |
|    time_elapsed    | 877       |
|    total_timesteps | 60000     |
| train/             |           |
|    actor_loss      | 192       |
|    critic_loss     | 2.65      |
|    ent_coef        | 0.0867    |
|    ent_coef_loss   | 0.544     |
|    learning_rate   | 0.0003    |
|    n_updates       | 58999     |
----------------------------------
----------------------------------
| rollout/           |           |
|    ep_len_mean     | 1e+03     |
|    ep_rew_mean     | -4.24e+03 |
| time/              |           |
|    episodes        | 64        |
|    fps             | 68        |
|    time_elapsed    | 935       |
|    total_timesteps | 64000     |
| train/             |           |
|    actor_loss      | 190       |
|    critic_loss     | 4.01      |
|    ent_coef        | 0.0931    |
|    ent_coef_loss   | -0.598    |
|    learning_rate   | 0.0003    |
|    n_updates       | 62999     |
----------------------------------
----------------------------------
| rollout/           |           |
|    ep_len_mean     | 1e+03     |
|    ep_rew_mean     | -4.05e+03 |
| time/              |           |
|    episodes        | 68        |
|    fps             | 68        |
|    time_elapsed    | 992       |
|    total_timesteps | 68000     |
| train/             |           |
|    actor_loss      | 209       |
|    critic_loss     | 5.57      |
|    ent_coef        | 0.0933    |
|    ent_coef_loss   | -0.496    |
|    learning_rate   | 0.0003    |
|    n_updates       | 66999     |
----------------------------------
----------------------------------
| rollout/           |           |
|    ep_len_mean     | 1e+03     |
|    ep_rew_mean     | -3.87e+03 |
| time/              |           |
|    episodes        | 72        |
|    fps             | 68        |
|    time_elapsed    | 1052      |
|    total_timesteps | 72000     |
| train/             |           |
|    actor_loss      | 164       |
|    critic_loss     | 1.83      |
|    ent_coef        | 0.118     |
|    ent_coef_loss   | 0.742     |
|    learning_rate   | 0.0003    |
|    n_updates       | 70999     |
----------------------------------
[EvalCheckpoint] step 75,000: 0/5 success, mean waypoints 0.0, mean steps 800 (train tol 0.60 m, hold 10)
----------------------------------
| rollout/           |           |
|    ep_len_mean     | 1e+03     |
|    ep_rew_mean     | -3.72e+03 |
| time/              |           |
|    episodes        | 76        |
|    fps             | 68        |
|    time_elapsed    | 1115      |
|    total_timesteps | 76000     |
| train/             |           |
|    actor_loss      | 160       |
|    critic_loss     | 150       |
|    ent_coef        | 0.126     |
|    ent_coef_loss   | 0.0766    |
|    learning_rate   | 0.0003    |
|    n_updates       | 74999     |
----------------------------------
----------------------------------
| rollout/           |           |
|    ep_len_mean     | 1e+03     |
|    ep_rew_mean     | -3.59e+03 |
| time/              |           |
|    episodes        | 80        |
|    fps             | 67        |
|    time_elapsed    | 1178      |
|    total_timesteps | 80000     |
| train/             |           |
|    actor_loss      | 147       |
|    critic_loss     | 2.21      |
|    ent_coef        | 0.135     |
|    ent_coef_loss   | -0.302    |
|    learning_rate   | 0.0003    |
|    n_updates       | 78999     |
----------------------------------
----------------------------------
| rollout/           |           |
|    ep_len_mean     | 1e+03     |
|    ep_rew_mean     | -3.51e+03 |
| time/              |           |
|    episodes        | 84        |
|    fps             | 67        |
|    time_elapsed    | 1235      |
|    total_timesteps | 84000     |
| train/             |           |
|    actor_loss      | 141       |
|    critic_loss     | 2.9       |
|    ent_coef        | 0.122     |
|    ent_coef_loss   | -0.863    |
|    learning_rate   | 0.0003    |
|    n_updates       | 82999     |
----------------------------------
----------------------------------
| rollout/           |           |
|    ep_len_mean     | 1e+03     |
|    ep_rew_mean     | -3.41e+03 |
| time/              |           |
|    episodes        | 88        |
|    fps             | 68        |
|    time_elapsed    | 1291      |
|    total_timesteps | 88000     |
| train/             |           |
|    actor_loss      | 116       |
|    critic_loss     | 3.55      |
|    ent_coef        | 0.12      |
|    ent_coef_loss   | 0.34      |
|    learning_rate   | 0.0003    |
|    n_updates       | 86999     |
----------------------------------
---------------------------------
| rollout/           |          |
|    ep_len_mean     | 1e+03    |
|    ep_rew_mean     | -3.3e+03 |
| time/              |          |
|    episodes        | 92       |
|    fps             | 68       |
|    time_elapsed    | 1351     |
|    total_timesteps | 92000    |
| train/             |          |
|    actor_loss      | 108      |
|    critic_loss     | 4.34     |
|    ent_coef        | 0.12     |
|    ent_coef_loss   | -0.227   |
|    learning_rate   | 0.0003   |
|    n_updates       | 90999    |
---------------------------------
----------------------------------
| rollout/           |           |
|    ep_len_mean     | 1e+03     |
|    ep_rew_mean     | -3.19e+03 |
| time/              |           |
|    episodes        | 96        |
|    fps             | 68        |
|    time_elapsed    | 1410      |
|    total_timesteps | 96000     |
| train/             |           |
|    actor_loss      | 102       |
|    critic_loss     | 7.85      |
|    ent_coef        | 0.142     |
|    ent_coef_loss   | 0.298     |
|    learning_rate   | 0.0003    |
|    n_updates       | 94999     |
----------------------------------
[EvalCheckpoint] step 100,000: 0/5 success, mean waypoints 0.0, mean steps 800 (train tol 0.60 m, hold 10)
----------------------------------
| rollout/           |           |
|    ep_len_mean     | 1e+03     |
|    ep_rew_mean     | -3.09e+03 |
| time/              |           |
|    episodes        | 100       |
|    fps             | 68        |
|    time_elapsed    | 1470      |
|    total_timesteps | 100000    |
| train/             |           |
|    actor_loss      | 90.3      |
|    critic_loss     | 3.64      |
|    ent_coef        | 0.116     |
|    ent_coef_loss   | -0.204    |
|    learning_rate   | 0.0003    |
|    n_updates       | 98999     |
----------------------------------
----------------------------------
| rollout/           |           |
|    ep_len_mean     | 1e+03     |
|    ep_rew_mean     | -2.89e+03 |
| time/              |           |
|    episodes        | 104       |
|    fps             | 68        |
|    time_elapsed    | 1528      |
|    total_timesteps | 104000    |
| train/             |           |
|    actor_loss      | 81.9      |
|    critic_loss     | 7.38      |
|    ent_coef        | 0.134     |
|    ent_coef_loss   | 0.782     |
|    learning_rate   | 0.0003    |
|    n_updates       | 102999    |
----------------------------------
----------------------------------
| rollout/           |           |
|    ep_len_mean     | 1e+03     |
|    ep_rew_mean     | -2.75e+03 |
| time/              |           |
|    episodes        | 108       |
|    fps             | 67        |
|    time_elapsed    | 1590      |
|    total_timesteps | 108000    |
| train/             |           |
|    actor_loss      | 74.3      |
|    critic_loss     | 1.11      |
|    ent_coef        | 0.116     |
|    ent_coef_loss   | -0.188    |
|    learning_rate   | 0.0003    |
|    n_updates       | 106999    |
----------------------------------
---------------------------------
| rollout/           |          |
|    ep_len_mean     | 1e+03    |
|    ep_rew_mean     | -2.6e+03 |
| time/              |          |
|    episodes        | 112      |
|    fps             | 67       |
|    time_elapsed    | 1651     |
|    total_timesteps | 112000   |
| train/             |          |
|    actor_loss      | 73.2     |
|    critic_loss     | 7.72     |
|    ent_coef        | 0.126    |
|    ent_coef_loss   | -0.619   |
|    learning_rate   | 0.0003   |
|    n_updates       | 110999   |
---------------------------------
----------------------------------
| rollout/           |           |
|    ep_len_mean     | 1e+03     |
|    ep_rew_mean     | -2.52e+03 |
| time/              |           |
|    episodes        | 116       |
|    fps             | 67        |
|    time_elapsed    | 1710      |
|    total_timesteps | 116000    |
| train/             |           |
|    actor_loss      | 76.9      |
|    critic_loss     | 2.06      |
|    ent_coef        | 0.12      |
|    ent_coef_loss   | -0.502    |
|    learning_rate   | 0.0003    |
|    n_updates       | 114999    |
----------------------------------
----------------------------------
| rollout/           |           |
|    ep_len_mean     | 1e+03     |
|    ep_rew_mean     | -2.34e+03 |
| time/              |           |
|    episodes        | 120       |
|    fps             | 67        |
|    time_elapsed    | 1772      |
|    total_timesteps | 120000    |
| train/             |           |
|    actor_loss      | 69.1      |
|    critic_loss     | 2.8       |
|    ent_coef        | 0.12      |
|    ent_coef_loss   | -0.213    |
|    learning_rate   | 0.0003    |
|    n_updates       | 118999    |
----------------------------------
----------------------------------
| rollout/           |           |
|    ep_len_mean     | 1e+03     |
|    ep_rew_mean     | -2.13e+03 |
| time/              |           |
|    episodes        | 124       |
|    fps             | 67        |
|    time_elapsed    | 1832      |
|    total_timesteps | 124000    |
| train/             |           |
|    actor_loss      | 58.6      |
|    critic_loss     | 1.78      |
|    ent_coef        | 0.0941    |
|    ent_coef_loss   | 0.122     |
|    learning_rate   | 0.0003    |
|    n_updates       | 122999    |
----------------------------------
[EvalCheckpoint] step 125,000: 0/5 success, mean waypoints 1.0, mean steps 800 (train tol 0.60 m, hold 10)
----------------------------------
| rollout/           |           |
|    ep_len_mean     | 1e+03     |
|    ep_rew_mean     | -1.92e+03 |
| time/              |           |
|    episodes        | 128       |
|    fps             | 67        |
|    time_elapsed    | 1893      |
|    total_timesteps | 128000    |
| train/             |           |
|    actor_loss      | 70.3      |
|    critic_loss     | 1.81      |
|    ent_coef        | 0.092     |
|    ent_coef_loss   | -0.63     |
|    learning_rate   | 0.0003    |
|    n_updates       | 126999    |
----------------------------------
----------------------------------
| rollout/           |           |
|    ep_len_mean     | 1e+03     |
|    ep_rew_mean     | -1.68e+03 |
| time/              |           |
|    episodes        | 132       |
|    fps             | 67        |
|    time_elapsed    | 1952      |
|    total_timesteps | 132000    |
| train/             |           |
|    actor_loss      | 41.5      |
|    critic_loss     | 2.84      |
|    ent_coef        | 0.0816    |
|    ent_coef_loss   | 1.06      |
|    learning_rate   | 0.0003    |
|    n_updates       | 130999    |
----------------------------------
----------------------------------
| rollout/           |           |
|    ep_len_mean     | 1e+03     |
|    ep_rew_mean     | -1.47e+03 |
| time/              |           |
|    episodes        | 136       |
|    fps             | 67        |
|    time_elapsed    | 2014      |
|    total_timesteps | 136000    |
| train/             |           |
|    actor_loss      | 43.9      |
|    critic_loss     | 1.41      |
|    ent_coef        | 0.0837    |
|    ent_coef_loss   | 0.121     |
|    learning_rate   | 0.0003    |
|    n_updates       | 134999    |
----------------------------------
----------------------------------
| rollout/           |           |
|    ep_len_mean     | 1e+03     |
|    ep_rew_mean     | -1.34e+03 |
| time/              |           |
|    episodes        | 140       |
|    fps             | 67        |
|    time_elapsed    | 2078      |
|    total_timesteps | 140000    |
| train/             |           |
|    actor_loss      | 68.8      |
|    critic_loss     | 1.58      |
|    ent_coef        | 0.0791    |
|    ent_coef_loss   | -0.265    |
|    learning_rate   | 0.0003    |
|    n_updates       | 138999    |
----------------------------------
----------------------------------
| rollout/           |           |
|    ep_len_mean     | 1e+03     |
|    ep_rew_mean     | -1.22e+03 |
| time/              |           |
|    episodes        | 144       |
|    fps             | 67        |
|    time_elapsed    | 2146      |
|    total_timesteps | 144000    |
| train/             |           |
|    actor_loss      | 65.2      |
|    critic_loss     | 6.68      |
|    ent_coef        | 0.0722    |
|    ent_coef_loss   | -0.889    |
|    learning_rate   | 0.0003    |
|    n_updates       | 142999    |
----------------------------------
----------------------------------
| rollout/           |           |
|    ep_len_mean     | 1e+03     |
|    ep_rew_mean     | -1.15e+03 |
| time/              |           |
|    episodes        | 148       |
|    fps             | 66        |
|    time_elapsed    | 2216      |
|    total_timesteps | 148000    |
| train/             |           |
|    actor_loss      | 55.1      |
|    critic_loss     | 1.88      |
|    ent_coef        | 0.0678    |
|    ent_coef_loss   | 0.121     |
|    learning_rate   | 0.0003    |
|    n_updates       | 146999    |
----------------------------------
[EvalCheckpoint] step 150,000: 0/5 success, mean waypoints 0.0, mean steps 800 (train tol 0.60 m, hold 10)
----------------------------------
| rollout/           |           |
|    ep_len_mean     | 1e+03     |
|    ep_rew_mean     | -1.02e+03 |
| time/              |           |
|    episodes        | 152       |
|    fps             | 66        |
|    time_elapsed    | 2290      |
|    total_timesteps | 152000    |
| train/             |           |
|    actor_loss      | 83.6      |
|    critic_loss     | 1.42      |
|    ent_coef        | 0.0728    |
|    ent_coef_loss   | -0.344    |
|    learning_rate   | 0.0003    |
|    n_updates       | 150999    |
----------------------------------
----------------------------------
| rollout/           |           |
|    ep_len_mean     | 1e+03     |
|    ep_rew_mean     | -1.01e+03 |
| time/              |           |
|    episodes        | 156       |
|    fps             | 66        |
|    time_elapsed    | 2355      |
|    total_timesteps | 156000    |
| train/             |           |
|    actor_loss      | 42.8      |
|    critic_loss     | 2.78      |
|    ent_coef        | 0.0751    |
|    ent_coef_loss   | -0.864    |
|    learning_rate   | 0.0003    |
|    n_updates       | 154999    |
----------------------------------
---------------------------------
| rollout/           |          |
|    ep_len_mean     | 1e+03    |
|    ep_rew_mean     | -984     |
| time/              |          |
|    episodes        | 160      |
|    fps             | 66       |
|    time_elapsed    | 2410     |
|    total_timesteps | 160000   |
| train/             |          |
|    actor_loss      | 55.9     |
|    critic_loss     | 4.99     |
|    ent_coef        | 0.0753   |
|    ent_coef_loss   | -0.312   |
|    learning_rate   | 0.0003   |
|    n_updates       | 158999   |
---------------------------------
---------------------------------
| rollout/           |          |
|    ep_len_mean     | 1e+03    |
|    ep_rew_mean     | -961     |
| time/              |          |
|    episodes        | 164      |
|    fps             | 66       |
|    time_elapsed    | 2468     |
|    total_timesteps | 164000   |
| train/             |          |
|    actor_loss      | 68.4     |
|    critic_loss     | 1.85     |
|    ent_coef        | 0.074    |
|    ent_coef_loss   | -1.29    |
|    learning_rate   | 0.0003   |
|    n_updates       | 162999   |
---------------------------------
---------------------------------
| rollout/           |          |
|    ep_len_mean     | 1e+03    |
|    ep_rew_mean     | -948     |
| time/              |          |
|    episodes        | 168      |
|    fps             | 66       |
|    time_elapsed    | 2524     |
|    total_timesteps | 168000   |
| train/             |          |
|    actor_loss      | 33.3     |
|    critic_loss     | 1.53     |
|    ent_coef        | 0.0824   |
|    ent_coef_loss   | -0.195   |
|    learning_rate   | 0.0003   |
|    n_updates       | 166999   |
---------------------------------
---------------------------------
| rollout/           |          |
|    ep_len_mean     | 1e+03    |
|    ep_rew_mean     | -928     |
| time/              |          |
|    episodes        | 172      |
|    fps             | 66       |
|    time_elapsed    | 2574     |
|    total_timesteps | 172000   |
| train/             |          |
|    actor_loss      | 39.8     |
|    critic_loss     | 1.52     |
|    ent_coef        | 0.0759   |
|    ent_coef_loss   | 0.341    |
|    learning_rate   | 0.0003   |
|    n_updates       | 170999   |
---------------------------------
[EvalCheckpoint] step 175,000: 0/5 success, mean waypoints 0.0, mean steps 800 (train tol 0.60 m, hold 10)
---------------------------------
| rollout/           |          |
|    ep_len_mean     | 1e+03    |
|    ep_rew_mean     | -898     |
| time/              |          |
|    episodes        | 176      |
|    fps             | 67       |
|    time_elapsed    | 2625     |
|    total_timesteps | 176000   |
| train/             |          |
|    actor_loss      | 37.5     |
|    critic_loss     | 2.75     |
|    ent_coef        | 0.0925   |
|    ent_coef_loss   | 0.499    |
|    learning_rate   | 0.0003   |
|    n_updates       | 174999   |
---------------------------------
---------------------------------
| rollout/           |          |
|    ep_len_mean     | 1e+03    |
|    ep_rew_mean     | -893     |
| time/              |          |
|    episodes        | 180      |
|    fps             | 67       |
|    time_elapsed    | 2679     |
|    total_timesteps | 180000   |
| train/             |          |
|    actor_loss      | 22.6     |
|    critic_loss     | 1.36     |
|    ent_coef        | 0.0796   |
|    ent_coef_loss   | 1.16     |
|    learning_rate   | 0.0003   |
|    n_updates       | 178999   |
---------------------------------
---------------------------------
| rollout/           |          |
|    ep_len_mean     | 1e+03    |
|    ep_rew_mean     | -848     |
| time/              |          |
|    episodes        | 184      |
|    fps             | 67       |
|    time_elapsed    | 2727     |
|    total_timesteps | 184000   |
| train/             |          |
|    actor_loss      | 12.4     |
|    critic_loss     | 2.61     |
|    ent_coef        | 0.0728   |
|    ent_coef_loss   | 0.24     |
|    learning_rate   | 0.0003   |
|    n_updates       | 182999   |
---------------------------------
---------------------------------
| rollout/           |          |
|    ep_len_mean     | 1e+03    |
|    ep_rew_mean     | -817     |
| time/              |          |
|    episodes        | 188      |
|    fps             | 67       |
|    time_elapsed    | 2779     |
|    total_timesteps | 188000   |
| train/             |          |
|    actor_loss      | 27.6     |
|    critic_loss     | 1.34     |
|    ent_coef        | 0.0661   |
|    ent_coef_loss   | 0.118    |
|    learning_rate   | 0.0003   |
|    n_updates       | 186999   |
---------------------------------
---------------------------------
| rollout/           |          |
|    ep_len_mean     | 1e+03    |
|    ep_rew_mean     | -819     |
| time/              |          |
|    episodes        | 192      |
|    fps             | 67       |
|    time_elapsed    | 2830     |
|    total_timesteps | 192000   |
| train/             |          |
|    actor_loss      | 23.3     |
|    critic_loss     | 1.03     |
|    ent_coef        | 0.0557   |
|    ent_coef_loss   | -0.372   |
|    learning_rate   | 0.0003   |
|    n_updates       | 190999   |
---------------------------------
---------------------------------
| rollout/           |          |
|    ep_len_mean     | 1e+03    |
|    ep_rew_mean     | -808     |
| time/              |          |
|    episodes        | 196      |
|    fps             | 68       |
|    time_elapsed    | 2882     |
|    total_timesteps | 196000   |
| train/             |          |
|    actor_loss      | 32.8     |
|    critic_loss     | 10.9     |
|    ent_coef        | 0.054    |
|    ent_coef_loss   | 0.0951   |
|    learning_rate   | 0.0003   |
|    n_updates       | 194999   |
---------------------------------
[EvalCheckpoint] step 200,000: 0/5 success, mean waypoints 0.0, mean steps 800 (train tol 0.60 m, hold 10)
---------------------------------
| rollout/           |          |
|    ep_len_mean     | 1e+03    |
|    ep_rew_mean     | -787     |
| time/              |          |
|    episodes        | 200      |
|    fps             | 68       |
|    time_elapsed    | 2936     |
|    total_timesteps | 200000   |
| train/             |          |
|    actor_loss      | 19.4     |
|    critic_loss     | 1.34     |
|    ent_coef        | 0.0862   |
|    ent_coef_loss   | -1.15    |
|    learning_rate   | 0.0003   |
|    n_updates       | 198999   |
---------------------------------
---------------------------------
| rollout/           |          |
|    ep_len_mean     | 1e+03    |
|    ep_rew_mean     | -783     |
| time/              |          |
|    episodes        | 204      |
|    fps             | 68       |
|    time_elapsed    | 2988     |
|    total_timesteps | 204000   |
| train/             |          |
|    actor_loss      | 9.56     |
|    critic_loss     | 1.19     |
|    ent_coef        | 0.0491   |
|    ent_coef_loss   | -0.21    |
|    learning_rate   | 0.0003   |
|    n_updates       | 202999   |
---------------------------------
---------------------------------
| rollout/           |          |
|    ep_len_mean     | 1e+03    |
|    ep_rew_mean     | -781     |
| time/              |          |
|    episodes        | 208      |
|    fps             | 68       |
|    time_elapsed    | 3036     |
|    total_timesteps | 208000   |
| train/             |          |
|    actor_loss      | 18.6     |
|    critic_loss     | 1.04     |
|    ent_coef        | 0.0663   |
|    ent_coef_loss   | 1.29     |
|    learning_rate   | 0.0003   |
|    n_updates       | 206999   |
---------------------------------
---------------------------------
| rollout/           |          |
|    ep_len_mean     | 1e+03    |
|    ep_rew_mean     | -801     |
| time/              |          |
|    episodes        | 212      |
|    fps             | 68       |
|    time_elapsed    | 3085     |
|    total_timesteps | 212000   |
| train/             |          |
|    actor_loss      | -2.4     |
|    critic_loss     | 0.698    |
|    ent_coef        | 0.054    |
|    ent_coef_loss   | -0.502   |
|    learning_rate   | 0.0003   |
|    n_updates       | 210999   |
---------------------------------
---------------------------------
| rollout/           |          |
|    ep_len_mean     | 1e+03    |
|    ep_rew_mean     | -735     |
| time/              |          |
|    episodes        | 216      |
|    fps             | 68       |
|    time_elapsed    | 3135     |
|    total_timesteps | 216000   |
| train/             |          |
|    actor_loss      | -5.72    |
|    critic_loss     | 14.4     |
|    ent_coef        | 0.0806   |
|    ent_coef_loss   | 0.689    |
|    learning_rate   | 0.0003   |
|    n_updates       | 214999   |
---------------------------------
---------------------------------
| rollout/           |          |
|    ep_len_mean     | 1e+03    |
|    ep_rew_mean     | -694     |
| time/              |          |
|    episodes        | 220      |
|    fps             | 69       |
|    time_elapsed    | 3187     |
|    total_timesteps | 220000   |
| train/             |          |
|    actor_loss      | -1.87    |
|    critic_loss     | 0.663    |
|    ent_coef        | 0.0761   |
|    ent_coef_loss   | -1.04    |
|    learning_rate   | 0.0003   |
|    n_updates       | 218999   |
---------------------------------
---------------------------------
| rollout/           |          |
|    ep_len_mean     | 1e+03    |
|    ep_rew_mean     | -627     |
| time/              |          |
|    episodes        | 224      |
|    fps             | 69       |
|    time_elapsed    | 3239     |
|    total_timesteps | 224000   |
| train/             |          |
|    actor_loss      | -30.8    |
|    critic_loss     | 2.69     |
|    ent_coef        | 0.0456   |
|    ent_coef_loss   | -0.781   |
|    learning_rate   | 0.0003   |
|    n_updates       | 222999   |
---------------------------------
[EvalCheckpoint] step 225,000: 0/5 success, mean waypoints 0.0, mean steps 800 (train tol 0.60 m, hold 10)
---------------------------------
| rollout/           |          |
|    ep_len_mean     | 1e+03    |
|    ep_rew_mean     | -576     |
| time/              |          |
|    episodes        | 228      |
|    fps             | 69       |
|    time_elapsed    | 3292     |
|    total_timesteps | 228000   |
| train/             |          |
|    actor_loss      | -9.77    |
|    critic_loss     | 0.726    |
|    ent_coef        | 0.0461   |
|    ent_coef_loss   | 0.178    |
|    learning_rate   | 0.0003   |
|    n_updates       | 226999   |
---------------------------------
---------------------------------
| rollout/           |          |
|    ep_len_mean     | 1e+03    |
|    ep_rew_mean     | -563     |
| time/              |          |
|    episodes        | 232      |
|    fps             | 69       |
|    time_elapsed    | 3344     |
|    total_timesteps | 232000   |
| train/             |          |
|    actor_loss      | -16.3    |
|    critic_loss     | 0.647    |
|    ent_coef        | 0.066    |
|    ent_coef_loss   | 0.115    |
|    learning_rate   | 0.0003   |
|    n_updates       | 230999   |
---------------------------------
---------------------------------
| rollout/           |          |
|    ep_len_mean     | 1e+03    |
|    ep_rew_mean     | -520     |
| time/              |          |
|    episodes        | 236      |
|    fps             | 69       |
|    time_elapsed    | 3394     |
|    total_timesteps | 236000   |
| train/             |          |
|    actor_loss      | -28.9    |
|    critic_loss     | 0.732    |
|    ent_coef        | 0.0576   |
|    ent_coef_loss   | -0.697   |
|    learning_rate   | 0.0003   |
|    n_updates       | 234999   |
---------------------------------
---------------------------------
| rollout/           |          |
|    ep_len_mean     | 1e+03    |
|    ep_rew_mean     | -491     |
| time/              |          |
|    episodes        | 240      |
|    fps             | 69       |
|    time_elapsed    | 3446     |
|    total_timesteps | 240000   |
| train/             |          |
|    actor_loss      | -46.4    |
|    critic_loss     | 0.661    |
|    ent_coef        | 0.0575   |
|    ent_coef_loss   | 0.825    |
|    learning_rate   | 0.0003   |
|    n_updates       | 238999   |
---------------------------------
---------------------------------
| rollout/           |          |
|    ep_len_mean     | 1e+03    |
|    ep_rew_mean     | -461     |
| time/              |          |
|    episodes        | 244      |
|    fps             | 69       |
|    time_elapsed    | 3499     |
|    total_timesteps | 244000   |
| train/             |          |
|    actor_loss      | -33.8    |
|    critic_loss     | 0.845    |
|    ent_coef        | 0.0504   |
|    ent_coef_loss   | -0.757   |
|    learning_rate   | 0.0003   |
|    n_updates       | 242999   |
---------------------------------
---------------------------------
| rollout/           |          |
|    ep_len_mean     | 1e+03    |
|    ep_rew_mean     | -446     |
| time/              |          |
|    episodes        | 248      |
|    fps             | 69       |
|    time_elapsed    | 3548     |
|    total_timesteps | 248000   |
| train/             |          |
|    actor_loss      | -43.8    |
|    critic_loss     | 0.569    |
|    ent_coef        | 0.0544   |
|    ent_coef_loss   | 0.656    |
|    learning_rate   | 0.0003   |
|    n_updates       | 246999   |
---------------------------------
[EvalCheckpoint] step 250,000: 0/5 success, mean waypoints 0.0, mean steps 800 (train tol 0.60 m, hold 10)
---------------------------------
| rollout/           |          |
|    ep_len_mean     | 1e+03    |
|    ep_rew_mean     | -435     |
| time/              |          |
|    episodes        | 252      |
|    fps             | 69       |
|    time_elapsed    | 3606     |
|    total_timesteps | 252000   |
| train/             |          |
|    actor_loss      | -46.3    |
|    critic_loss     | 0.799    |
|    ent_coef        | 0.0419   |
|    ent_coef_loss   | -0.695   |
|    learning_rate   | 0.0003   |
|    n_updates       | 250999   |
---------------------------------
---------------------------------
| rollout/           |          |
|    ep_len_mean     | 1e+03    |
|    ep_rew_mean     | -478     |
| time/              |          |
|    episodes        | 256      |
|    fps             | 69       |
|    time_elapsed    | 3659     |
|    total_timesteps | 256000   |
| train/             |          |
|    actor_loss      | -39      |
|    critic_loss     | 0.667    |
|    ent_coef        | 0.0382   |
|    ent_coef_loss   | -0.556   |
|    learning_rate   | 0.0003   |
|    n_updates       | 254999   |
---------------------------------
---------------------------------
| rollout/           |          |
|    ep_len_mean     | 1e+03    |
|    ep_rew_mean     | -488     |
| time/              |          |
|    episodes        | 260      |
|    fps             | 69       |
|    time_elapsed    | 3715     |
|    total_timesteps | 260000   |
| train/             |          |
|    actor_loss      | -52.1    |
|    critic_loss     | 0.556    |
|    ent_coef        | 0.051    |
|    ent_coef_loss   | 1.15     |
|    learning_rate   | 0.0003   |
|    n_updates       | 258999   |
---------------------------------
---------------------------------
| rollout/           |          |
|    ep_len_mean     | 1e+03    |
|    ep_rew_mean     | -519     |
| time/              |          |
|    episodes        | 264      |
|    fps             | 70       |
|    time_elapsed    | 3770     |
|    total_timesteps | 264000   |
| train/             |          |
|    actor_loss      | -53.6    |
|    critic_loss     | 0.642    |
|    ent_coef        | 0.043    |
|    ent_coef_loss   | -1.41    |
|    learning_rate   | 0.0003   |
|    n_updates       | 262999   |
---------------------------------
---------------------------------
| rollout/           |          |
|    ep_len_mean     | 1e+03    |
|    ep_rew_mean     | -503     |
| time/              |          |
|    episodes        | 268      |
|    fps             | 70       |
|    time_elapsed    | 3821     |
|    total_timesteps | 268000   |
| train/             |          |
|    actor_loss      | -42.2    |
|    critic_loss     | 0.338    |
|    ent_coef        | 0.0369   |
|    ent_coef_loss   | 1.67     |
|    learning_rate   | 0.0003   |
|    n_updates       | 266999   |
---------------------------------
---------------------------------
| rollout/           |          |
|    ep_len_mean     | 1e+03    |
|    ep_rew_mean     | -496     |
| time/              |          |
|    episodes        | 272      |
|    fps             | 70       |
|    time_elapsed    | 3872     |
|    total_timesteps | 272000   |
| train/             |          |
|    actor_loss      | -33.1    |
|    critic_loss     | 0.675    |
|    ent_coef        | 0.041    |
|    ent_coef_loss   | -0.253   |
|    learning_rate   | 0.0003   |
|    n_updates       | 270999   |
---------------------------------
[EvalCheckpoint] step 275,000: 0/5 success, mean waypoints 0.0, mean steps 800 (train tol 0.60 m, hold 10)
---------------------------------
| rollout/           |          |
|    ep_len_mean     | 1e+03    |
|    ep_rew_mean     | -493     |
| time/              |          |
|    episodes        | 276      |
|    fps             | 70       |
|    time_elapsed    | 3926     |
|    total_timesteps | 276000   |
| train/             |          |
|    actor_loss      | -46      |
|    critic_loss     | 2.33     |
|    ent_coef        | 0.0351   |
|    ent_coef_loss   | -1.79    |
|    learning_rate   | 0.0003   |
|    n_updates       | 274999   |
---------------------------------
---------------------------------
| rollout/           |          |
|    ep_len_mean     | 1e+03    |
|    ep_rew_mean     | -463     |
| time/              |          |
|    episodes        | 280      |
|    fps             | 70       |
|    time_elapsed    | 3976     |
|    total_timesteps | 280000   |
| train/             |          |
|    actor_loss      | -37      |
|    critic_loss     | 0.62     |
|    ent_coef        | 0.0335   |
|    ent_coef_loss   | -0.436   |
|    learning_rate   | 0.0003   |
|    n_updates       | 278999   |
---------------------------------
---------------------------------
| rollout/           |          |
|    ep_len_mean     | 1e+03    |
|    ep_rew_mean     | -447     |
| time/              |          |
|    episodes        | 284      |
|    fps             | 70       |
|    time_elapsed    | 4027     |
|    total_timesteps | 284000   |
| train/             |          |
|    actor_loss      | -60.3    |
|    critic_loss     | 0.306    |
|    ent_coef        | 0.0291   |
|    ent_coef_loss   | 0.492    |
|    learning_rate   | 0.0003   |
|    n_updates       | 282999   |
---------------------------------
---------------------------------
| rollout/           |          |
|    ep_len_mean     | 1e+03    |
|    ep_rew_mean     | -429     |
| time/              |          |
|    episodes        | 288      |
|    fps             | 70       |
|    time_elapsed    | 4077     |
|    total_timesteps | 288000   |
| train/             |          |
|    actor_loss      | -42.1    |
|    critic_loss     | 0.362    |
|    ent_coef        | 0.0297   |
|    ent_coef_loss   | -0.513   |
|    learning_rate   | 0.0003   |
|    n_updates       | 286999   |
---------------------------------
---------------------------------
| rollout/           |          |
|    ep_len_mean     | 1e+03    |
|    ep_rew_mean     | -405     |
| time/              |          |
|    episodes        | 292      |
|    fps             | 70       |
|    time_elapsed    | 4128     |
|    total_timesteps | 292000   |
| train/             |          |
|    actor_loss      | -61      |
|    critic_loss     | 0.181    |
|    ent_coef        | 0.0381   |
|    ent_coef_loss   | 1.85     |
|    learning_rate   | 0.0003   |
|    n_updates       | 290999   |
---------------------------------
---------------------------------
| rollout/           |          |
|    ep_len_mean     | 1e+03    |
|    ep_rew_mean     | -383     |
| time/              |          |
|    episodes        | 296      |
|    fps             | 70       |
|    time_elapsed    | 4197     |
|    total_timesteps | 296000   |
| train/             |          |
|    actor_loss      | -52.4    |
|    critic_loss     | 0.429    |
|    ent_coef        | 0.0388   |
|    ent_coef_loss   | 1.6      |
|    learning_rate   | 0.0003   |
|    n_updates       | 294999   |
---------------------------------
[EvalCheckpoint] step 300,000: 0/5 success, mean waypoints 0.0, mean steps 800 (train tol 0.60 m, hold 10)
---------------------------------
| rollout/           |          |
|    ep_len_mean     | 1e+03    |
|    ep_rew_mean     | -380     |
| time/              |          |
|    episodes        | 300      |
|    fps             | 70       |
|    time_elapsed    | 4265     |
|    total_timesteps | 300000   |
| train/             |          |
|    actor_loss      | -50.3    |
|    critic_loss     | 0.348    |
|    ent_coef        | 0.03     |
|    ent_coef_loss   | -0.602   |
|    learning_rate   | 0.0003   |
|    n_updates       | 298999   |
---------------------------------
---------------------------------
| rollout/           |          |
|    ep_len_mean     | 1e+03    |
|    ep_rew_mean     | -356     |
| time/              |          |
|    episodes        | 304      |
|    fps             | 70       |
|    time_elapsed    | 4336     |
|    total_timesteps | 304000   |
| train/             |          |
|    actor_loss      | -36.4    |
|    critic_loss     | 0.342    |
|    ent_coef        | 0.0238   |
|    ent_coef_loss   | -0.273   |
|    learning_rate   | 0.0003   |
|    n_updates       | 302999   |
---------------------------------
---------------------------------
| rollout/           |          |
|    ep_len_mean     | 1e+03    |
|    ep_rew_mean     | -328     |
| time/              |          |
|    episodes        | 308      |
|    fps             | 69       |
|    time_elapsed    | 4413     |
|    total_timesteps | 308000   |
| train/             |          |
|    actor_loss      | -44.1    |
|    critic_loss     | 0.783    |
|    ent_coef        | 0.0322   |
|    ent_coef_loss   | -0.0168  |
|    learning_rate   | 0.0003   |
|    n_updates       | 306999   |
---------------------------------
---------------------------------
| rollout/           |          |
|    ep_len_mean     | 1e+03    |
|    ep_rew_mean     | -284     |
| time/              |          |
|    episodes        | 312      |
|    fps             | 69       |
|    time_elapsed    | 4491     |
|    total_timesteps | 312000   |
| train/             |          |
|    actor_loss      | -47.4    |
|    critic_loss     | 1.17     |
|    ent_coef        | 0.0357   |
|    ent_coef_loss   | 0.297    |
|    learning_rate   | 0.0003   |
|    n_updates       | 310999   |
---------------------------------
---------------------------------
| rollout/           |          |
|    ep_len_mean     | 1e+03    |
|    ep_rew_mean     | -266     |
| time/              |          |
|    episodes        | 316      |
|    fps             | 69       |
|    time_elapsed    | 4567     |
|    total_timesteps | 316000   |
| train/             |          |
|    actor_loss      | -59.5    |
|    critic_loss     | 0.226    |
|    ent_coef        | 0.0336   |
|    ent_coef_loss   | -1.02    |
|    learning_rate   | 0.0003   |
|    n_updates       | 314999   |
---------------------------------
---------------------------------
| rollout/           |          |
|    ep_len_mean     | 1e+03    |
|    ep_rew_mean     | -264     |
| time/              |          |
|    episodes        | 320      |
|    fps             | 68       |
|    time_elapsed    | 4644     |
|    total_timesteps | 320000   |
| train/             |          |
|    actor_loss      | -62.8    |
|    critic_loss     | 0.214    |
|    ent_coef        | 0.0266   |
|    ent_coef_loss   | -0.0063  |
|    learning_rate   | 0.0003   |
|    n_updates       | 318999   |
---------------------------------
---------------------------------
| rollout/           |          |
|    ep_len_mean     | 1e+03    |
|    ep_rew_mean     | -255     |
| time/              |          |
|    episodes        | 324      |
|    fps             | 68       |
|    time_elapsed    | 4717     |
|    total_timesteps | 324000   |
| train/             |          |
|    actor_loss      | -60.6    |
|    critic_loss     | 0.245    |
|    ent_coef        | 0.0232   |
|    ent_coef_loss   | -1.56    |
|    learning_rate   | 0.0003   |
|    n_updates       | 322999   |
---------------------------------
[EvalCheckpoint] step 325,000: 0/5 success, mean waypoints 0.0, mean steps 800 (train tol 0.60 m, hold 10)
---------------------------------
| rollout/           |          |
|    ep_len_mean     | 1e+03    |
|    ep_rew_mean     | -281     |
| time/              |          |
|    episodes        | 328      |
|    fps             | 68       |
|    time_elapsed    | 4790     |
|    total_timesteps | 328000   |
| train/             |          |
|    actor_loss      | -51.9    |
|    critic_loss     | 0.25     |
|    ent_coef        | 0.0282   |
|    ent_coef_loss   | 0.495    |
|    learning_rate   | 0.0003   |
|    n_updates       | 326999   |
---------------------------------
---------------------------------
| rollout/           |          |
|    ep_len_mean     | 1e+03    |
|    ep_rew_mean     | -262     |
| time/              |          |
|    episodes        | 332      |
|    fps             | 68       |
|    time_elapsed    | 4870     |
|    total_timesteps | 332000   |
| train/             |          |
|    actor_loss      | -66      |
|    critic_loss     | 0.198    |
|    ent_coef        | 0.0241   |
|    ent_coef_loss   | -0.0425  |
|    learning_rate   | 0.0003   |
|    n_updates       | 330999   |
---------------------------------
---------------------------------
| rollout/           |          |
|    ep_len_mean     | 1e+03    |
|    ep_rew_mean     | -240     |
| time/              |          |
|    episodes        | 336      |
|    fps             | 67       |
|    time_elapsed    | 4948     |
|    total_timesteps | 336000   |
| train/             |          |
|    actor_loss      | -67.8    |
|    critic_loss     | 0.175    |
|    ent_coef        | 0.0246   |
|    ent_coef_loss   | -0.118   |
|    learning_rate   | 0.0003   |
|    n_updates       | 334999   |
---------------------------------
---------------------------------
| rollout/           |          |
|    ep_len_mean     | 1e+03    |
|    ep_rew_mean     | -221     |
| time/              |          |
|    episodes        | 340      |
|    fps             | 67       |
|    time_elapsed    | 5026     |
|    total_timesteps | 340000   |
| train/             |          |
|    actor_loss      | -66.9    |
|    critic_loss     | 0.213    |
|    ent_coef        | 0.0229   |
|    ent_coef_loss   | -0.275   |
|    learning_rate   | 0.0003   |
|    n_updates       | 338999   |
---------------------------------
---------------------------------
| rollout/           |          |
|    ep_len_mean     | 1e+03    |
|    ep_rew_mean     | -207     |
| time/              |          |
|    episodes        | 344      |
|    fps             | 67       |
|    time_elapsed    | 5100     |
|    total_timesteps | 344000   |
| train/             |          |
|    actor_loss      | -65.3    |
|    critic_loss     | 0.157    |
|    ent_coef        | 0.0246   |
|    ent_coef_loss   | -0.883   |
|    learning_rate   | 0.0003   |
|    n_updates       | 342999   |
---------------------------------
---------------------------------
| rollout/           |          |
|    ep_len_mean     | 1e+03    |
|    ep_rew_mean     | -188     |
| time/              |          |
|    episodes        | 348      |
|    fps             | 67       |
|    time_elapsed    | 5167     |
|    total_timesteps | 348000   |
| train/             |          |
|    actor_loss      | -41.7    |
|    critic_loss     | 0.217    |
|    ent_coef        | 0.023    |
|    ent_coef_loss   | 2.18     |
|    learning_rate   | 0.0003   |
|    n_updates       | 346999   |
---------------------------------
[EvalCheckpoint] step 350,000: 0/5 success, mean waypoints 0.0, mean steps 800 (train tol 0.60 m, hold 10)
---------------------------------
| rollout/           |          |
|    ep_len_mean     | 1e+03    |
|    ep_rew_mean     | -169     |
| time/              |          |
|    episodes        | 352      |
|    fps             | 67       |
|    time_elapsed    | 5239     |
|    total_timesteps | 352000   |
| train/             |          |
|    actor_loss      | -62.7    |
|    critic_loss     | 0.188    |
|    ent_coef        | 0.0223   |
|    ent_coef_loss   | 0.921    |
|    learning_rate   | 0.0003   |
|    n_updates       | 350999   |
---------------------------------
---------------------------------
| rollout/           |          |
|    ep_len_mean     | 1e+03    |
|    ep_rew_mean     | -140     |
| time/              |          |
|    episodes        | 356      |
|    fps             | 66       |
|    time_elapsed    | 5324     |
|    total_timesteps | 356000   |
| train/             |          |
|    actor_loss      | -55.4    |
|    critic_loss     | 0.181    |
|    ent_coef        | 0.0226   |
|    ent_coef_loss   | 1.45     |
|    learning_rate   | 0.0003   |
|    n_updates       | 354999   |
---------------------------------
---------------------------------
| rollout/           |          |
|    ep_len_mean     | 1e+03    |
|    ep_rew_mean     | -409     |
| time/              |          |
|    episodes        | 360      |
|    fps             | 66       |
|    time_elapsed    | 5404     |
|    total_timesteps | 360000   |
| train/             |          |
|    actor_loss      | -68.4    |
|    critic_loss     | 0.189    |
|    ent_coef        | 0.0234   |
|    ent_coef_loss   | 1.27     |
|    learning_rate   | 0.0003   |
|    n_updates       | 358999   |
---------------------------------
---------------------------------
| rollout/           |          |
|    ep_len_mean     | 1e+03    |
|    ep_rew_mean     | -536     |
| time/              |          |
|    episodes        | 364      |
|    fps             | 66       |
|    time_elapsed    | 5485     |
|    total_timesteps | 364000   |
| train/             |          |
|    actor_loss      | -56.2    |
|    critic_loss     | 0.438    |
|    ent_coef        | 0.0225   |
|    ent_coef_loss   | -0.745   |
|    learning_rate   | 0.0003   |
|    n_updates       | 362999   |
---------------------------------
---------------------------------
| rollout/           |          |
|    ep_len_mean     | 1e+03    |
|    ep_rew_mean     | -668     |
| time/              |          |
|    episodes        | 368      |
|    fps             | 66       |
|    time_elapsed    | 5569     |
|    total_timesteps | 368000   |
| train/             |          |
|    actor_loss      | -45.8    |
|    critic_loss     | 0.159    |
|    ent_coef        | 0.0221   |
|    ent_coef_loss   | 0.192    |
|    learning_rate   | 0.0003   |
|    n_updates       | 366999   |
---------------------------------
---------------------------------
| rollout/           |          |
|    ep_len_mean     | 1e+03    |
|    ep_rew_mean     | -645     |
| time/              |          |
|    episodes        | 372      |
|    fps             | 65       |
|    time_elapsed    | 5645     |
|    total_timesteps | 372000   |
| train/             |          |
|    actor_loss      | -49      |
|    critic_loss     | 0.206    |
|    ent_coef        | 0.0225   |
|    ent_coef_loss   | 0.611    |
|    learning_rate   | 0.0003   |
|    n_updates       | 370999   |
---------------------------------
[EvalCheckpoint] step 375,000: 0/5 success, mean waypoints 0.0, mean steps 800 (train tol 0.60 m, hold 10)
---------------------------------
| rollout/           |          |
|    ep_len_mean     | 1e+03    |
|    ep_rew_mean     | -626     |
| time/              |          |
|    episodes        | 376      |
|    fps             | 65       |
|    time_elapsed    | 5726     |
|    total_timesteps | 376000   |
| train/             |          |
|    actor_loss      | -54.6    |
|    critic_loss     | 0.124    |
|    ent_coef        | 0.0175   |
|    ent_coef_loss   | -1.26    |
|    learning_rate   | 0.0003   |
|    n_updates       | 374999   |
---------------------------------
---------------------------------
| rollout/           |          |
|    ep_len_mean     | 1e+03    |
|    ep_rew_mean     | -607     |
| time/              |          |
|    episodes        | 380      |
|    fps             | 65       |
|    time_elapsed    | 5806     |
|    total_timesteps | 380000   |
| train/             |          |
|    actor_loss      | -31.9    |
|    critic_loss     | 0.136    |
|    ent_coef        | 0.0208   |
|    ent_coef_loss   | 1.09     |
|    learning_rate   | 0.0003   |
|    n_updates       | 378999   |
---------------------------------
---------------------------------
| rollout/           |          |
|    ep_len_mean     | 1e+03    |
|    ep_rew_mean     | -587     |
| time/              |          |
|    episodes        | 384      |
|    fps             | 65       |
|    time_elapsed    | 5884     |
|    total_timesteps | 384000   |
| train/             |          |
|    actor_loss      | -52.7    |
|    critic_loss     | 0.293    |
|    ent_coef        | 0.0214   |
|    ent_coef_loss   | -1.09    |
|    learning_rate   | 0.0003   |
|    n_updates       | 382999   |
---------------------------------
---------------------------------
| rollout/           |          |
|    ep_len_mean     | 1e+03    |
|    ep_rew_mean     | -567     |
| time/              |          |
|    episodes        | 388      |
|    fps             | 65       |
|    time_elapsed    | 5962     |
|    total_timesteps | 388000   |
| train/             |          |
|    actor_loss      | -38.9    |
|    critic_loss     | 0.189    |
|    ent_coef        | 0.0212   |
|    ent_coef_loss   | 1.46     |
|    learning_rate   | 0.0003   |
|    n_updates       | 386999   |
---------------------------------
---------------------------------
| rollout/           |          |
|    ep_len_mean     | 1e+03    |
|    ep_rew_mean     | -558     |
| time/              |          |
|    episodes        | 392      |
|    fps             | 64       |
|    time_elapsed    | 6042     |
|    total_timesteps | 392000   |
| train/             |          |
|    actor_loss      | -50.4    |
|    critic_loss     | 0.511    |
|    ent_coef        | 0.0202   |
|    ent_coef_loss   | 0.0438   |
|    learning_rate   | 0.0003   |
|    n_updates       | 390999   |
---------------------------------
---------------------------------
| rollout/           |          |
|    ep_len_mean     | 1e+03    |
|    ep_rew_mean     | -552     |
| time/              |          |
|    episodes        | 396      |
|    fps             | 64       |
|    time_elapsed    | 6118     |
|    total_timesteps | 396000   |
| train/             |          |
|    actor_loss      | -50.3    |
|    critic_loss     | 0.289    |
|    ent_coef        | 0.0189   |
|    ent_coef_loss   | 0.996    |
|    learning_rate   | 0.0003   |
|    n_updates       | 394999   |
---------------------------------
[EvalCheckpoint] step 400,000: 0/5 success, mean waypoints 0.0, mean steps 800 (train tol 0.60 m, hold 10)
---------------------------------
| rollout/           |          |
|    ep_len_mean     | 1e+03    |
|    ep_rew_mean     | -531     |
| time/              |          |
|    episodes        | 400      |
|    fps             | 64       |
|    time_elapsed    | 6193     |
|    total_timesteps | 400000   |
| train/             |          |
|    actor_loss      | -43.9    |
|    critic_loss     | 1.84     |
|    ent_coef        | 0.0206   |
|    ent_coef_loss   | 1.27     |
|    learning_rate   | 0.0003   |
|    n_updates       | 398999   |
---------------------------------
---------------------------------
| rollout/           |          |
|    ep_len_mean     | 1e+03    |
|    ep_rew_mean     | -527     |
| time/              |          |
|    episodes        | 404      |
|    fps             | 64       |
|    time_elapsed    | 6263     |
|    total_timesteps | 404000   |
| train/             |          |
|    actor_loss      | -66.9    |
|    critic_loss     | 0.208    |
|    ent_coef        | 0.0234   |
|    ent_coef_loss   | -0.77    |
|    learning_rate   | 0.0003   |
|    n_updates       | 402999   |
---------------------------------
---------------------------------
| rollout/           |          |
|    ep_len_mean     | 1e+03    |
|    ep_rew_mean     | -524     |
| time/              |          |
|    episodes        | 408      |
|    fps             | 64       |
|    time_elapsed    | 6331     |
|    total_timesteps | 408000   |
| train/             |          |
|    actor_loss      | -57.9    |
|    critic_loss     | 0.366    |
|    ent_coef        | 0.0248   |
|    ent_coef_loss   | -2.4     |
|    learning_rate   | 0.0003   |
|    n_updates       | 406999   |
---------------------------------
---------------------------------
| rollout/           |          |
|    ep_len_mean     | 1e+03    |
|    ep_rew_mean     | -522     |
| time/              |          |
|    episodes        | 412      |
|    fps             | 64       |
|    time_elapsed    | 6403     |
|    total_timesteps | 412000   |
| train/             |          |
|    actor_loss      | -62.3    |
|    critic_loss     | 0.64     |
|    ent_coef        | 0.0223   |
|    ent_coef_loss   | 0.487    |
|    learning_rate   | 0.0003   |
|    n_updates       | 410999   |
---------------------------------
---------------------------------
| rollout/           |          |
|    ep_len_mean     | 1e+03    |
|    ep_rew_mean     | -522     |
| time/              |          |
|    episodes        | 416      |
|    fps             | 64       |
|    time_elapsed    | 6486     |
|    total_timesteps | 416000   |
| train/             |          |
|    actor_loss      | -52.2    |
|    critic_loss     | 0.998    |
|    ent_coef        | 0.0309   |
|    ent_coef_loss   | -1.85    |
|    learning_rate   | 0.0003   |
|    n_updates       | 414999   |
---------------------------------
---------------------------------
| rollout/           |          |
|    ep_len_mean     | 1e+03    |
|    ep_rew_mean     | -506     |
| time/              |          |
|    episodes        | 420      |
|    fps             | 63       |
|    time_elapsed    | 6568     |
|    total_timesteps | 420000   |
| train/             |          |
|    actor_loss      | -71      |
|    critic_loss     | 0.401    |
|    ent_coef        | 0.0393   |
|    ent_coef_loss   | -2.02    |
|    learning_rate   | 0.0003   |
|    n_updates       | 418999   |
---------------------------------
---------------------------------
| rollout/           |          |
|    ep_len_mean     | 1e+03    |
|    ep_rew_mean     | -510     |
| time/              |          |
|    episodes        | 424      |
|    fps             | 63       |
|    time_elapsed    | 6651     |
|    total_timesteps | 424000   |
| train/             |          |
|    actor_loss      | -63.6    |
|    critic_loss     | 0.513    |
|    ent_coef        | 0.043    |
|    ent_coef_loss   | -0.875   |
|    learning_rate   | 0.0003   |
|    n_updates       | 422999   |
---------------------------------
[EvalCheckpoint] step 425,000: 0/5 success, mean waypoints 1.0, mean steps 800 (train tol 0.60 m, hold 10)
---------------------------------
| rollout/           |          |
|    ep_len_mean     | 1e+03    |
|    ep_rew_mean     | -497     |
| time/              |          |
|    episodes        | 428      |
|    fps             | 63       |
|    time_elapsed    | 6734     |
|    total_timesteps | 428000   |
| train/             |          |
|    actor_loss      | -69.9    |
|    critic_loss     | 3.24     |
|    ent_coef        | 0.0371   |
|    ent_coef_loss   | -0.309   |
|    learning_rate   | 0.0003   |
|    n_updates       | 426999   |
---------------------------------
---------------------------------
| rollout/           |          |
|    ep_len_mean     | 1e+03    |
|    ep_rew_mean     | -517     |
| time/              |          |
|    episodes        | 432      |
|    fps             | 63       |
|    time_elapsed    | 6816     |
|    total_timesteps | 432000   |
| train/             |          |
|    actor_loss      | -70.7    |
|    critic_loss     | 0.248    |
|    ent_coef        | 0.0253   |
|    ent_coef_loss   | -0.754   |
|    learning_rate   | 0.0003   |
|    n_updates       | 430999   |
---------------------------------
---------------------------------
| rollout/           |          |
|    ep_len_mean     | 1e+03    |
|    ep_rew_mean     | -531     |
| time/              |          |
|    episodes        | 436      |
|    fps             | 63       |
|    time_elapsed    | 6898     |
|    total_timesteps | 436000   |
| train/             |          |
|    actor_loss      | -73.6    |
|    critic_loss     | 0.604    |
|    ent_coef        | 0.0206   |
|    ent_coef_loss   | -1.65    |
|    learning_rate   | 0.0003   |
|    n_updates       | 434999   |
---------------------------------
---------------------------------
| rollout/           |          |
|    ep_len_mean     | 1e+03    |
|    ep_rew_mean     | -529     |
| time/              |          |
|    episodes        | 440      |
|    fps             | 63       |
|    time_elapsed    | 6973     |
|    total_timesteps | 440000   |
| train/             |          |
|    actor_loss      | -66.6    |
|    critic_loss     | 0.434    |
|    ent_coef        | 0.0186   |
|    ent_coef_loss   | -0.705   |
|    learning_rate   | 0.0003   |
|    n_updates       | 438999   |
---------------------------------
---------------------------------
| rollout/           |          |
|    ep_len_mean     | 1e+03    |
|    ep_rew_mean     | -521     |
| time/              |          |
|    episodes        | 444      |
|    fps             | 62       |
|    time_elapsed    | 7056     |
|    total_timesteps | 444000   |
| train/             |          |
|    actor_loss      | -59.6    |
|    critic_loss     | 0.41     |
|    ent_coef        | 0.0175   |
|    ent_coef_loss   | -0.453   |
|    learning_rate   | 0.0003   |
|    n_updates       | 442999   |
---------------------------------
---------------------------------
| rollout/           |          |
|    ep_len_mean     | 1e+03    |
|    ep_rew_mean     | -523     |
| time/              |          |
|    episodes        | 448      |
|    fps             | 62       |
|    time_elapsed    | 7139     |
|    total_timesteps | 448000   |
| train/             |          |
|    actor_loss      | -74.6    |
|    critic_loss     | 0.354    |
|    ent_coef        | 0.018    |
|    ent_coef_loss   | -1.71    |
|    learning_rate   | 0.0003   |
|    n_updates       | 446999   |
---------------------------------
[EvalCheckpoint] step 450,000: 0/5 success, mean waypoints 0.0, mean steps 800 (train tol 0.60 m, hold 10)
---------------------------------
| rollout/           |          |
|    ep_len_mean     | 1e+03    |
|    ep_rew_mean     | -527     |
| time/              |          |
|    episodes        | 452      |
|    fps             | 62       |
|    time_elapsed    | 7222     |
|    total_timesteps | 452000   |
| train/             |          |
|    actor_loss      | -74.8    |
|    critic_loss     | 0.388    |
|    ent_coef        | 0.0198   |
|    ent_coef_loss   | -1.39    |
|    learning_rate   | 0.0003   |
|    n_updates       | 450999   |
---------------------------------
---------------------------------
| rollout/           |          |
|    ep_len_mean     | 1e+03    |
|    ep_rew_mean     | -512     |
| time/              |          |
|    episodes        | 456      |
|    fps             | 62       |
|    time_elapsed    | 7303     |
|    total_timesteps | 456000   |
| train/             |          |
|    actor_loss      | -73.2    |
|    critic_loss     | 0.269    |
|    ent_coef        | 0.0164   |
|    ent_coef_loss   | 1.41     |
|    learning_rate   | 0.0003   |
|    n_updates       | 454999   |
---------------------------------
---------------------------------
| rollout/           |          |
|    ep_len_mean     | 1e+03    |
|    ep_rew_mean     | -262     |
| time/              |          |
|    episodes        | 460      |
|    fps             | 62       |
|    time_elapsed    | 7385     |
|    total_timesteps | 460000   |
| train/             |          |
|    actor_loss      | -49.9    |
|    critic_loss     | 0.396    |
|    ent_coef        | 0.02     |
|    ent_coef_loss   | -0.736   |
|    learning_rate   | 0.0003   |
|    n_updates       | 458999   |
---------------------------------
---------------------------------
| rollout/           |          |
|    ep_len_mean     | 1e+03    |
|    ep_rew_mean     | -97.2    |
| time/              |          |
|    episodes        | 464      |
|    fps             | 62       |
|    time_elapsed    | 7462     |
|    total_timesteps | 464000   |
| train/             |          |
|    actor_loss      | -52.3    |
|    critic_loss     | 2.73     |
|    ent_coef        | 0.0182   |
|    ent_coef_loss   | 0.627    |
|    learning_rate   | 0.0003   |
|    n_updates       | 462999   |
---------------------------------
---------------------------------
| rollout/           |          |
|    ep_len_mean     | 1e+03    |
|    ep_rew_mean     | 39.1     |
| time/              |          |
|    episodes        | 468      |
|    fps             | 62       |
|    time_elapsed    | 7530     |
|    total_timesteps | 468000   |
| train/             |          |
|    actor_loss      | -62.3    |
|    critic_loss     | 3.19     |
|    ent_coef        | 0.0184   |
|    ent_coef_loss   | 1.08     |
|    learning_rate   | 0.0003   |
|    n_updates       | 466999   |
---------------------------------
---------------------------------
| rollout/           |          |
|    ep_len_mean     | 1e+03    |
|    ep_rew_mean     | -22.1    |
| time/              |          |
|    episodes        | 472      |
|    fps             | 62       |
|    time_elapsed    | 7610     |
|    total_timesteps | 472000   |
| train/             |          |
|    actor_loss      | -49.8    |
|    critic_loss     | 0.41     |
|    ent_coef        | 0.0165   |
|    ent_coef_loss   | -0.126   |
|    learning_rate   | 0.0003   |
|    n_updates       | 470999   |
---------------------------------
[EvalCheckpoint] step 475,000: 0/5 success, mean waypoints 0.0, mean steps 800 (train tol 0.60 m, hold 10)
---------------------------------
| rollout/           |          |
|    ep_len_mean     | 1e+03    |
|    ep_rew_mean     | -61      |
| time/              |          |
|    episodes        | 476      |
|    fps             | 61       |
|    time_elapsed    | 7694     |
|    total_timesteps | 476000   |
| train/             |          |
|    actor_loss      | -66.8    |
|    critic_loss     | 0.219    |
|    ent_coef        | 0.019    |
|    ent_coef_loss   | -0.358   |
|    learning_rate   | 0.0003   |
|    n_updates       | 474999   |
---------------------------------
---------------------------------
| rollout/           |          |
|    ep_len_mean     | 1e+03    |
|    ep_rew_mean     | -69.9    |
| time/              |          |
|    episodes        | 480      |
|    fps             | 61       |
|    time_elapsed    | 7775     |
|    total_timesteps | 480000   |
| train/             |          |
|    actor_loss      | -57.3    |
|    critic_loss     | 0.694    |
|    ent_coef        | 0.0241   |
|    ent_coef_loss   | 0.207    |
|    learning_rate   | 0.0003   |
|    n_updates       | 478999   |
---------------------------------
---------------------------------
| rollout/           |          |
|    ep_len_mean     | 1e+03    |
|    ep_rew_mean     | -71.7    |
| time/              |          |
|    episodes        | 484      |
|    fps             | 61       |
|    time_elapsed    | 7855     |
|    total_timesteps | 484000   |
| train/             |          |
|    actor_loss      | -69.8    |
|    critic_loss     | 0.576    |
|    ent_coef        | 0.0237   |
|    ent_coef_loss   | -1.89    |
|    learning_rate   | 0.0003   |
|    n_updates       | 482999   |
---------------------------------
---------------------------------
| rollout/           |          |
|    ep_len_mean     | 1e+03    |
|    ep_rew_mean     | -74.3    |
| time/              |          |
|    episodes        | 488      |
|    fps             | 61       |
|    time_elapsed    | 7936     |
|    total_timesteps | 488000   |
| train/             |          |
|    actor_loss      | -43.4    |
|    critic_loss     | 0.883    |
|    ent_coef        | 0.0208   |
|    ent_coef_loss   | 0.286    |
|    learning_rate   | 0.0003   |
|    n_updates       | 486999   |
---------------------------------
---------------------------------
| rollout/           |          |
|    ep_len_mean     | 1e+03    |
|    ep_rew_mean     | -64.6    |
| time/              |          |
|    episodes        | 492      |
|    fps             | 61       |
|    time_elapsed    | 8018     |
|    total_timesteps | 492000   |
| train/             |          |
|    actor_loss      | -67.7    |
|    critic_loss     | 0.352    |
|    ent_coef        | 0.022    |
|    ent_coef_loss   | -0.839   |
|    learning_rate   | 0.0003   |
|    n_updates       | 490999   |
---------------------------------
---------------------------------
| rollout/           |          |
|    ep_len_mean     | 1e+03    |
|    ep_rew_mean     | -120     |
| time/              |          |
|    episodes        | 496      |
|    fps             | 61       |
|    time_elapsed    | 8099     |
|    total_timesteps | 496000   |
| train/             |          |
|    actor_loss      | -56.7    |
|    critic_loss     | 0.932    |
|    ent_coef        | 0.0212   |
|    ent_coef_loss   | 2.32     |
|    learning_rate   | 0.0003   |
|    n_updates       | 494999   |
---------------------------------
[EvalCheckpoint] step 500,000: 0/5 success, mean waypoints 0.0, mean steps 800 (train tol 0.60 m, hold 10)
---------------------------------
| rollout/           |          |
|    ep_len_mean     | 1e+03    |
|    ep_rew_mean     | -130     |
| time/              |          |
|    episodes        | 500      |
|    fps             | 61       |
|    time_elapsed    | 8183     |
|    total_timesteps | 500000   |
| train/             |          |
|    actor_loss      | -64.9    |
|    critic_loss     | 0.369    |
|    ent_coef        | 0.0181   |
|    ent_coef_loss   | 0.34     |
|    learning_rate   | 0.0003   |
|    n_updates       | 498999   |
---------------------------------
[2026-08-14T22:04:12] Training complete in 8183.5s
[2026-08-14T22:04:12] Episodes: 500
[2026-08-14T22:04:12] Best reward: 359.03
[2026-08-14T22:04:12] Mean reward (100ep): -129.54
[2026-08-14T22:04:12] Final goal tolerance: 0.6
[2026-08-14T22:04:12] Curriculum stage: 0
[2026-08-14T22:04:12] Saved: {'model': 'C:\\Users\\ranjo\\OneDrive\\Desktop\\ARM-Model\\project_assets\\outputs\\Ablation\\full\\seed_103\\sac_model', 'history': 'C:\\Users\\ranjo\\OneDrive\\Desktop\\ARM-Model\\project_assets\\outputs\\Ablation\\full\\seed_103\\training_history.csv', 'stats': 'C:\\Users\\ranjo\\OneDrive\\Desktop\\ARM-Model\\project_assets\\outputs\\Ablation\\full\\seed_103\\training_stats.json'}
[2026-08-14T22:04:12] Best checkpoint: score=(0, 2.0, -800.0) at step 50000 -> C:\Users\ranjo\OneDrive\Desktop\ARM-Model\project_assets\outputs\Ablation\full\seed_103\sac_model_best.zip
[2026-08-14T22:04:12] Running Fitts' Law sweep (1 trials per condition)...
[2026-08-14T22:04:15] Fitts sweep complete in 2.2s
[2026-08-14T22:04:15] Fitts: MT = +0.0207 + +0.0349 * ID, R^2 = 0.2617 (n_conditions = 16, trials_per_condition = 1)
[2026-08-14T22:04:15] Saved: C:\Users\ranjo\OneDrive\Desktop\ARM-Model\project_assets\outputs\Ablation\full\seed_103\fitts_law.json
[2026-08-14T22:04:15] Saved: C:\Users\ranjo\OneDrive\Desktop\ARM-Model\project_assets\outputs\Ablation\full\seed_103\fitts_law.png
[2026-08-14T22:04:15] Running 2/3 Power Law sweep (1 trials)...
[2026-08-14T22:04:15] Power Law sweep complete in 0.1s
[2026-08-14T22:04:15] Power Law: log V = +0.3602 + -0.3662 * log C, R = -0.7843, R^2 = 0.6151 (n_samples = 199, n_trials = 0/1)
[2026-08-14T22:04:16] Saved: C:\Users\ranjo\OneDrive\Desktop\ARM-Model\project_assets\outputs\Ablation\full\seed_103\power_law.json
[2026-08-14T22:04:16] Saved: C:\Users\ranjo\OneDrive\Desktop\ARM-Model\project_assets\outputs\Ablation\full\seed_103\power_law.png
[2026-08-14T22:04:16] Session complete. Total wall time: 2:16:27.991882
[2026-08-14T22:04:16] ============================================================
