[2026-08-14T19:59:53] Starting Fischer session: algorithm=SAC, timesteps=500,000, direction=EAST, actuation=muscle, waypoints=[[0.2, 1.2], [2.2, 0.5], [1.0, -1.6]], seed=103
[2026-08-14T19:59:53] Save dir: C:\Users\ranjo\OneDrive\Desktop\ARM-Model\project_assets\outputs\Ablation\stochastic\seed_103
[2026-08-14T19:59:53] Waypoint mode active: 3 waypoints, current_waypoint_index=0 at every episode reset
[2026-08-14T19:59:53] Ablation config: hold_decrement=3, hold_curriculum=on, curriculum_mode=stochastic
[2026-08-14T19:59:53] Waypoint mode: tolerance curriculum floor raised to 0.2 m (eval standard is 0.6 m)
[2026-08-14T19:59:53] Curriculum mode 'stochastic': using training-policy success rate, no best-model checkpointing (ablation condition)
Using cpu device
Wrapping the env with a `Monitor` wrapper
Wrapping the env in a DummyVecEnv.
[HoldCurriculum] Initial hold requirement: 10 steps (ladder: [10, 15, 20], threshold: 60%)
----------------------------------
| rollout/           |           |
|    ep_len_mean     | 1e+03     |
|    ep_rew_mean     | -5.72e+03 |
| time/              |           |
|    episodes        | 4         |
|    fps             | 84        |
|    time_elapsed    | 47        |
|    total_timesteps | 4000      |
| train/             |           |
|    actor_loss      | 56.6      |
|    critic_loss     | 0.0526    |
|    ent_coef        | 0.408     |
|    ent_coef_loss   | -5.84     |
|    learning_rate   | 0.0003    |
|    n_updates       | 2999      |
----------------------------------
---------------------------------
| rollout/           |          |
|    ep_len_mean     | 1e+03    |
|    ep_rew_mean     | -4.9e+03 |
| time/              |          |
|    episodes        | 8        |
|    fps             | 75       |
|    time_elapsed    | 106      |
|    total_timesteps | 8000     |
| train/             |          |
|    actor_loss      | 117      |
|    critic_loss     | 0.159    |
|    ent_coef        | 0.128    |
|    ent_coef_loss   | -11.2    |
|    learning_rate   | 0.0003   |
|    n_updates       | 6999     |
---------------------------------
---------------------------------
| rollout/           |          |
|    ep_len_mean     | 1e+03    |
|    ep_rew_mean     | -4.6e+03 |
| time/              |          |
|    episodes        | 12       |
|    fps             | 72       |
|    time_elapsed    | 165      |
|    total_timesteps | 12000    |
| train/             |          |
|    actor_loss      | 157      |
|    critic_loss     | 0.105    |
|    ent_coef        | 0.0422   |
|    ent_coef_loss   | -11.8    |
|    learning_rate   | 0.0003   |
|    n_updates       | 10999    |
---------------------------------
----------------------------------
| rollout/           |           |
|    ep_len_mean     | 1e+03     |
|    ep_rew_mean     | -4.44e+03 |
| time/              |           |
|    episodes        | 16        |
|    fps             | 71        |
|    time_elapsed    | 224       |
|    total_timesteps | 16000     |
| train/             |           |
|    actor_loss      | 199       |
|    critic_loss     | 0.121     |
|    ent_coef        | 0.017     |
|    ent_coef_loss   | -1.53     |
|    learning_rate   | 0.0003    |
|    n_updates       | 14999     |
----------------------------------
----------------------------------
| rollout/           |           |
|    ep_len_mean     | 1e+03     |
|    ep_rew_mean     | -4.34e+03 |
| time/              |           |
|    episodes        | 20        |
|    fps             | 70        |
|    time_elapsed    | 283       |
|    total_timesteps | 20000     |
| train/             |           |
|    actor_loss      | 228       |
|    critic_loss     | 0.208     |
|    ent_coef        | 0.0109    |
|    ent_coef_loss   | -3.05     |
|    learning_rate   | 0.0003    |
|    n_updates       | 18999     |
----------------------------------
----------------------------------
| rollout/           |           |
|    ep_len_mean     | 1e+03     |
|    ep_rew_mean     | -4.27e+03 |
| time/              |           |
|    episodes        | 24        |
|    fps             | 69        |
|    time_elapsed    | 343       |
|    total_timesteps | 24000     |
| train/             |           |
|    actor_loss      | 254       |
|    critic_loss     | 0.118     |
|    ent_coef        | 0.00775   |
|    ent_coef_loss   | -1.94     |
|    learning_rate   | 0.0003    |
|    n_updates       | 22999     |
----------------------------------
----------------------------------
| rollout/           |           |
|    ep_len_mean     | 1e+03     |
|    ep_rew_mean     | -4.22e+03 |
| time/              |           |
|    episodes        | 28        |
|    fps             | 69        |
|    time_elapsed    | 405       |
|    total_timesteps | 28000     |
| train/             |           |
|    actor_loss      | 274       |
|    critic_loss     | 0.0435    |
|    ent_coef        | 0.00832   |
|    ent_coef_loss   | -2.66     |
|    learning_rate   | 0.0003    |
|    n_updates       | 26999     |
----------------------------------
----------------------------------
| rollout/           |           |
|    ep_len_mean     | 1e+03     |
|    ep_rew_mean     | -4.18e+03 |
| time/              |           |
|    episodes        | 32        |
|    fps             | 68        |
|    time_elapsed    | 466       |
|    total_timesteps | 32000     |
| train/             |           |
|    actor_loss      | 293       |
|    critic_loss     | 0.0504    |
|    ent_coef        | 0.00661   |
|    ent_coef_loss   | -1.54     |
|    learning_rate   | 0.0003    |
|    n_updates       | 30999     |
----------------------------------
----------------------------------
| rollout/           |           |
|    ep_len_mean     | 1e+03     |
|    ep_rew_mean     | -4.14e+03 |
| time/              |           |
|    episodes        | 36        |
|    fps             | 68        |
|    time_elapsed    | 523       |
|    total_timesteps | 36000     |
| train/             |           |
|    actor_loss      | 308       |
|    critic_loss     | 0.0246    |
|    ent_coef        | 0.00629   |
|    ent_coef_loss   | -2.12     |
|    learning_rate   | 0.0003    |
|    n_updates       | 34999     |
----------------------------------
----------------------------------
| rollout/           |           |
|    ep_len_mean     | 1e+03     |
|    ep_rew_mean     | -4.12e+03 |
| time/              |           |
|    episodes        | 40        |
|    fps             | 69        |
|    time_elapsed    | 579       |
|    total_timesteps | 40000     |
| train/             |           |
|    actor_loss      | 320       |
|    critic_loss     | 0.0514    |
|    ent_coef        | 0.00584   |
|    ent_coef_loss   | -2.26     |
|    learning_rate   | 0.0003    |
|    n_updates       | 38999     |
----------------------------------
---------------------------------
| rollout/           |          |
|    ep_len_mean     | 1e+03    |
|    ep_rew_mean     | -4.1e+03 |
| time/              |          |
|    episodes        | 44       |
|    fps             | 68       |
|    time_elapsed    | 639      |
|    total_timesteps | 44000    |
| train/             |          |
|    actor_loss      | 326      |
|    critic_loss     | 0.023    |
|    ent_coef        | 0.00489  |
|    ent_coef_loss   | -2.1     |
|    learning_rate   | 0.0003   |
|    n_updates       | 42999    |
---------------------------------
----------------------------------
| rollout/           |           |
|    ep_len_mean     | 1e+03     |
|    ep_rew_mean     | -4.08e+03 |
| time/              |           |
|    episodes        | 48        |
|    fps             | 68        |
|    time_elapsed    | 700       |
|    total_timesteps | 48000     |
| train/             |           |
|    actor_loss      | 336       |
|    critic_loss     | 0.0262    |
|    ent_coef        | 0.00442   |
|    ent_coef_loss   | -1.91     |
|    learning_rate   | 0.0003    |
|    n_updates       | 46999     |
----------------------------------
----------------------------------
| rollout/           |           |
|    ep_len_mean     | 1e+03     |
|    ep_rew_mean     | -4.07e+03 |
| time/              |           |
|    episodes        | 52        |
|    fps             | 68        |
|    time_elapsed    | 757       |
|    total_timesteps | 52000     |
| train/             |           |
|    actor_loss      | 343       |
|    critic_loss     | 0.0785    |
|    ent_coef        | 0.00473   |
|    ent_coef_loss   | -0.869    |
|    learning_rate   | 0.0003    |
|    n_updates       | 50999     |
----------------------------------
----------------------------------
| rollout/           |           |
|    ep_len_mean     | 1e+03     |
|    ep_rew_mean     | -4.06e+03 |
| time/              |           |
|    episodes        | 56        |
|    fps             | 68        |
|    time_elapsed    | 820       |
|    total_timesteps | 56000     |
| train/             |           |
|    actor_loss      | 349       |
|    critic_loss     | 0.0593    |
|    ent_coef        | 0.00462   |
|    ent_coef_loss   | -2.45     |
|    learning_rate   | 0.0003    |
|    n_updates       | 54999     |
----------------------------------
----------------------------------
| rollout/           |           |
|    ep_len_mean     | 1e+03     |
|    ep_rew_mean     | -4.04e+03 |
| time/              |           |
|    episodes        | 60        |
|    fps             | 67        |
|    time_elapsed    | 884       |
|    total_timesteps | 60000     |
| train/             |           |
|    actor_loss      | 352       |
|    critic_loss     | 0.0706    |
|    ent_coef        | 0.0045    |
|    ent_coef_loss   | -0.0967   |
|    learning_rate   | 0.0003    |
|    n_updates       | 58999     |
----------------------------------
----------------------------------
| rollout/           |           |
|    ep_len_mean     | 1e+03     |
|    ep_rew_mean     | -4.04e+03 |
| time/              |           |
|    episodes        | 64        |
|    fps             | 67        |
|    time_elapsed    | 949       |
|    total_timesteps | 64000     |
| train/             |           |
|    actor_loss      | 356       |
|    critic_loss     | 0.21      |
|    ent_coef        | 0.00462   |
|    ent_coef_loss   | 0.0331    |
|    learning_rate   | 0.0003    |
|    n_updates       | 62999     |
----------------------------------
----------------------------------
| rollout/           |           |
|    ep_len_mean     | 1e+03     |
|    ep_rew_mean     | -4.03e+03 |
| time/              |           |
|    episodes        | 68        |
|    fps             | 66        |
|    time_elapsed    | 1014      |
|    total_timesteps | 68000     |
| train/             |           |
|    actor_loss      | 360       |
|    critic_loss     | 0.103     |
|    ent_coef        | 0.00457   |
|    ent_coef_loss   | 1.48      |
|    learning_rate   | 0.0003    |
|    n_updates       | 66999     |
----------------------------------
----------------------------------
| rollout/           |           |
|    ep_len_mean     | 1e+03     |
|    ep_rew_mean     | -4.02e+03 |
| time/              |           |
|    episodes        | 72        |
|    fps             | 66        |
|    time_elapsed    | 1081      |
|    total_timesteps | 72000     |
| train/             |           |
|    actor_loss      | 361       |
|    critic_loss     | 0.02      |
|    ent_coef        | 0.00464   |
|    ent_coef_loss   | -1.06     |
|    learning_rate   | 0.0003    |
|    n_updates       | 70999     |
----------------------------------
----------------------------------
| rollout/           |           |
|    ep_len_mean     | 1e+03     |
|    ep_rew_mean     | -4.01e+03 |
| time/              |           |
|    episodes        | 76        |
|    fps             | 66        |
|    time_elapsed    | 1147      |
|    total_timesteps | 76000     |
| train/             |           |
|    actor_loss      | 362       |
|    critic_loss     | 0.034     |
|    ent_coef        | 0.00456   |
|    ent_coef_loss   | 2.83      |
|    learning_rate   | 0.0003    |
|    n_updates       | 74999     |
----------------------------------
---------------------------------
| rollout/           |          |
|    ep_len_mean     | 1e+03    |
|    ep_rew_mean     | -4e+03   |
| time/              |          |
|    episodes        | 80       |
|    fps             | 65       |
|    time_elapsed    | 1213     |
|    total_timesteps | 80000    |
| train/             |          |
|    actor_loss      | 368      |
|    critic_loss     | 0.0491   |
|    ent_coef        | 0.00443  |
|    ent_coef_loss   | -0.0866  |
|    learning_rate   | 0.0003   |
|    n_updates       | 78999    |
---------------------------------
---------------------------------
| rollout/           |          |
|    ep_len_mean     | 1e+03    |
|    ep_rew_mean     | -4e+03   |
| time/              |          |
|    episodes        | 84       |
|    fps             | 65       |
|    time_elapsed    | 1280     |
|    total_timesteps | 84000    |
| train/             |          |
|    actor_loss      | 365      |
|    critic_loss     | 0.0266   |
|    ent_coef        | 0.00363  |
|    ent_coef_loss   | 1.14     |
|    learning_rate   | 0.0003   |
|    n_updates       | 82999    |
---------------------------------
----------------------------------
| rollout/           |           |
|    ep_len_mean     | 1e+03     |
|    ep_rew_mean     | -3.99e+03 |
| time/              |           |
|    episodes        | 88        |
|    fps             | 65        |
|    time_elapsed    | 1349      |
|    total_timesteps | 88000     |
| train/             |           |
|    actor_loss      | 365       |
|    critic_loss     | 0.0134    |
|    ent_coef        | 0.0041    |
|    ent_coef_loss   | 1.93      |
|    learning_rate   | 0.0003    |
|    n_updates       | 86999     |
----------------------------------
----------------------------------
| rollout/           |           |
|    ep_len_mean     | 1e+03     |
|    ep_rew_mean     | -3.99e+03 |
| time/              |           |
|    episodes        | 92        |
|    fps             | 64        |
|    time_elapsed    | 1424      |
|    total_timesteps | 92000     |
| train/             |           |
|    actor_loss      | 366       |
|    critic_loss     | 0.0438    |
|    ent_coef        | 0.00472   |
|    ent_coef_loss   | -2.71     |
|    learning_rate   | 0.0003    |
|    n_updates       | 90999     |
----------------------------------
----------------------------------
| rollout/           |           |
|    ep_len_mean     | 1e+03     |
|    ep_rew_mean     | -3.99e+03 |
| time/              |           |
|    episodes        | 96        |
|    fps             | 63        |
|    time_elapsed    | 1501      |
|    total_timesteps | 96000     |
| train/             |           |
|    actor_loss      | 370       |
|    critic_loss     | 0.387     |
|    ent_coef        | 0.00516   |
|    ent_coef_loss   | 0.112     |
|    learning_rate   | 0.0003    |
|    n_updates       | 94999     |
----------------------------------
----------------------------------
| rollout/           |           |
|    ep_len_mean     | 1e+03     |
|    ep_rew_mean     | -4.01e+03 |
| time/              |           |
|    episodes        | 100       |
|    fps             | 63        |
|    time_elapsed    | 1579      |
|    total_timesteps | 100000    |
| train/             |           |
|    actor_loss      | 367       |
|    critic_loss     | 0.4       |
|    ent_coef        | 0.00537   |
|    ent_coef_loss   | -0.387    |
|    learning_rate   | 0.0003    |
|    n_updates       | 98999     |
----------------------------------
----------------------------------
| rollout/           |           |
|    ep_len_mean     | 1e+03     |
|    ep_rew_mean     | -4.01e+03 |
| time/              |           |
|    episodes        | 104       |
|    fps             | 63        |
|    time_elapsed    | 1647      |
|    total_timesteps | 104000    |
| train/             |           |
|    actor_loss      | 366       |
|    critic_loss     | 0.12      |
|    ent_coef        | 0.00617   |
|    ent_coef_loss   | -2.28     |
|    learning_rate   | 0.0003    |
|    n_updates       | 102999    |
----------------------------------
---------------------------------
| rollout/           |          |
|    ep_len_mean     | 1e+03    |
|    ep_rew_mean     | -4e+03   |
| time/              |          |
|    episodes        | 108      |
|    fps             | 63       |
|    time_elapsed    | 1706     |
|    total_timesteps | 108000   |
| train/             |          |
|    actor_loss      | 369      |
|    critic_loss     | 0.0443   |
|    ent_coef        | 0.00575  |
|    ent_coef_loss   | 0.506    |
|    learning_rate   | 0.0003   |
|    n_updates       | 106999   |
---------------------------------
---------------------------------
| rollout/           |          |
|    ep_len_mean     | 1e+03    |
|    ep_rew_mean     | -4e+03   |
| time/              |          |
|    episodes        | 112      |
|    fps             | 63       |
|    time_elapsed    | 1768     |
|    total_timesteps | 112000   |
| train/             |          |
|    actor_loss      | 367      |
|    critic_loss     | 0.0882   |
|    ent_coef        | 0.0055   |
|    ent_coef_loss   | 18.3     |
|    learning_rate   | 0.0003   |
|    n_updates       | 110999   |
---------------------------------
---------------------------------
| rollout/           |          |
|    ep_len_mean     | 1e+03    |
|    ep_rew_mean     | -4e+03   |
| time/              |          |
|    episodes        | 116      |
|    fps             | 63       |
|    time_elapsed    | 1826     |
|    total_timesteps | 116000   |
| train/             |          |
|    actor_loss      | 371      |
|    critic_loss     | 0.157    |
|    ent_coef        | 0.00611  |
|    ent_coef_loss   | 0.315    |
|    learning_rate   | 0.0003   |
|    n_updates       | 114999   |
---------------------------------
---------------------------------
| rollout/           |          |
|    ep_len_mean     | 1e+03    |
|    ep_rew_mean     | -4e+03   |
| time/              |          |
|    episodes        | 120      |
|    fps             | 63       |
|    time_elapsed    | 1877     |
|    total_timesteps | 120000   |
| train/             |          |
|    actor_loss      | 370      |
|    critic_loss     | 0.175    |
|    ent_coef        | 0.00615  |
|    ent_coef_loss   | 3.32     |
|    learning_rate   | 0.0003   |
|    n_updates       | 118999   |
---------------------------------
---------------------------------
| rollout/           |          |
|    ep_len_mean     | 1e+03    |
|    ep_rew_mean     | -4e+03   |
| time/              |          |
|    episodes        | 124      |
|    fps             | 64       |
|    time_elapsed    | 1932     |
|    total_timesteps | 124000   |
| train/             |          |
|    actor_loss      | 366      |
|    critic_loss     | 0.505    |
|    ent_coef        | 0.0089   |
|    ent_coef_loss   | 4.16     |
|    learning_rate   | 0.0003   |
|    n_updates       | 122999   |
---------------------------------
---------------------------------
| rollout/           |          |
|    ep_len_mean     | 1e+03    |
|    ep_rew_mean     | -4e+03   |
| time/              |          |
|    episodes        | 128      |
|    fps             | 64       |
|    time_elapsed    | 1987     |
|    total_timesteps | 128000   |
| train/             |          |
|    actor_loss      | 373      |
|    critic_loss     | 0.198    |
|    ent_coef        | 0.00874  |
|    ent_coef_loss   | -5.17    |
|    learning_rate   | 0.0003   |
|    n_updates       | 126999   |
---------------------------------
---------------------------------
| rollout/           |          |
|    ep_len_mean     | 1e+03    |
|    ep_rew_mean     | -4e+03   |
| time/              |          |
|    episodes        | 132      |
|    fps             | 64       |
|    time_elapsed    | 2042     |
|    total_timesteps | 132000   |
| train/             |          |
|    actor_loss      | 366      |
|    critic_loss     | 0.133    |
|    ent_coef        | 0.0074   |
|    ent_coef_loss   | 20.8     |
|    learning_rate   | 0.0003   |
|    n_updates       | 130999   |
---------------------------------
----------------------------------
| rollout/           |           |
|    ep_len_mean     | 1e+03     |
|    ep_rew_mean     | -3.92e+03 |
| time/              |           |
|    episodes        | 136       |
|    fps             | 64        |
|    time_elapsed    | 2097      |
|    total_timesteps | 136000    |
| train/             |           |
|    actor_loss      | 341       |
|    critic_loss     | 0.547     |
|    ent_coef        | 0.0155    |
|    ent_coef_loss   | 0.721     |
|    learning_rate   | 0.0003    |
|    n_updates       | 134999    |
----------------------------------
----------------------------------
| rollout/           |           |
|    ep_len_mean     | 1e+03     |
|    ep_rew_mean     | -3.84e+03 |
| time/              |           |
|    episodes        | 140       |
|    fps             | 65        |
|    time_elapsed    | 2152      |
|    total_timesteps | 140000    |
| train/             |           |
|    actor_loss      | 346       |
|    critic_loss     | 0.239     |
|    ent_coef        | 0.0197    |
|    ent_coef_loss   | 1.25      |
|    learning_rate   | 0.0003    |
|    n_updates       | 138999    |
----------------------------------
----------------------------------
| rollout/           |           |
|    ep_len_mean     | 1e+03     |
|    ep_rew_mean     | -3.75e+03 |
| time/              |           |
|    episodes        | 144       |
|    fps             | 65        |
|    time_elapsed    | 2210      |
|    total_timesteps | 144000    |
| train/             |           |
|    actor_loss      | 332       |
|    critic_loss     | 0.111     |
|    ent_coef        | 0.0159    |
|    ent_coef_loss   | 0.158     |
|    learning_rate   | 0.0003    |
|    n_updates       | 142999    |
----------------------------------
----------------------------------
| rollout/           |           |
|    ep_len_mean     | 1e+03     |
|    ep_rew_mean     | -3.65e+03 |
| time/              |           |
|    episodes        | 148       |
|    fps             | 65        |
|    time_elapsed    | 2266      |
|    total_timesteps | 148000    |
| train/             |           |
|    actor_loss      | 319       |
|    critic_loss     | 0.0721    |
|    ent_coef        | 0.0167    |
|    ent_coef_loss   | 0.966     |
|    learning_rate   | 0.0003    |
|    n_updates       | 146999    |
----------------------------------
----------------------------------
| rollout/           |           |
|    ep_len_mean     | 1e+03     |
|    ep_rew_mean     | -3.54e+03 |
| time/              |           |
|    episodes        | 152       |
|    fps             | 65        |
|    time_elapsed    | 2319      |
|    total_timesteps | 152000    |
| train/             |           |
|    actor_loss      | 326       |
|    critic_loss     | 0.831     |
|    ent_coef        | 0.0105    |
|    ent_coef_loss   | 1.68      |
|    learning_rate   | 0.0003    |
|    n_updates       | 150999    |
----------------------------------
----------------------------------
| rollout/           |           |
|    ep_len_mean     | 1e+03     |
|    ep_rew_mean     | -3.41e+03 |
| time/              |           |
|    episodes        | 156       |
|    fps             | 65        |
|    time_elapsed    | 2371      |
|    total_timesteps | 156000    |
| train/             |           |
|    actor_loss      | 293       |
|    critic_loss     | 0.121     |
|    ent_coef        | 0.0108    |
|    ent_coef_loss   | 2.99      |
|    learning_rate   | 0.0003    |
|    n_updates       | 154999    |
----------------------------------
---------------------------------
| rollout/           |          |
|    ep_len_mean     | 1e+03    |
|    ep_rew_mean     | -3.3e+03 |
| time/              |          |
|    episodes        | 160      |
|    fps             | 65       |
|    time_elapsed    | 2427     |
|    total_timesteps | 160000   |
| train/             |          |
|    actor_loss      | 317      |
|    critic_loss     | 36.8     |
|    ent_coef        | 0.00838  |
|    ent_coef_loss   | 1.77     |
|    learning_rate   | 0.0003   |
|    n_updates       | 158999   |
---------------------------------
----------------------------------
| rollout/           |           |
|    ep_len_mean     | 1e+03     |
|    ep_rew_mean     | -3.17e+03 |
| time/              |           |
|    episodes        | 164       |
|    fps             | 66        |
|    time_elapsed    | 2483      |
|    total_timesteps | 164000    |
| train/             |           |
|    actor_loss      | 323       |
|    critic_loss     | 0.146     |
|    ent_coef        | 0.00767   |
|    ent_coef_loss   | -1.32     |
|    learning_rate   | 0.0003    |
|    n_updates       | 162999    |
----------------------------------
----------------------------------
| rollout/           |           |
|    ep_len_mean     | 1e+03     |
|    ep_rew_mean     | -3.05e+03 |
| time/              |           |
|    episodes        | 168       |
|    fps             | 66        |
|    time_elapsed    | 2539      |
|    total_timesteps | 168000    |
| train/             |           |
|    actor_loss      | 286       |
|    critic_loss     | 0.277     |
|    ent_coef        | 0.00939   |
|    ent_coef_loss   | 9.55      |
|    learning_rate   | 0.0003    |
|    n_updates       | 166999    |
----------------------------------
----------------------------------
| rollout/           |           |
|    ep_len_mean     | 1e+03     |
|    ep_rew_mean     | -2.92e+03 |
| time/              |           |
|    episodes        | 172       |
|    fps             | 66        |
|    time_elapsed    | 2595      |
|    total_timesteps | 172000    |
| train/             |           |
|    actor_loss      | 286       |
|    critic_loss     | 0.488     |
|    ent_coef        | 0.0151    |
|    ent_coef_loss   | -2.57     |
|    learning_rate   | 0.0003    |
|    n_updates       | 170999    |
----------------------------------
---------------------------------
| rollout/           |          |
|    ep_len_mean     | 1e+03    |
|    ep_rew_mean     | -2.8e+03 |
| time/              |          |
|    episodes        | 176      |
|    fps             | 66       |
|    time_elapsed    | 2648     |
|    total_timesteps | 176000   |
| train/             |          |
|    actor_loss      | 287      |
|    critic_loss     | 0.358    |
|    ent_coef        | 0.0161   |
|    ent_coef_loss   | -3.4     |
|    learning_rate   | 0.0003   |
|    n_updates       | 174999   |
---------------------------------
----------------------------------
| rollout/           |           |
|    ep_len_mean     | 1e+03     |
|    ep_rew_mean     | -2.69e+03 |
| time/              |           |
|    episodes        | 180       |
|    fps             | 66        |
|    time_elapsed    | 2701      |
|    total_timesteps | 180000    |
| train/             |           |
|    actor_loss      | 284       |
|    critic_loss     | 0.137     |
|    ent_coef        | 0.0113    |
|    ent_coef_loss   | -2.8      |
|    learning_rate   | 0.0003    |
|    n_updates       | 178999    |
----------------------------------
----------------------------------
| rollout/           |           |
|    ep_len_mean     | 1e+03     |
|    ep_rew_mean     | -2.57e+03 |
| time/              |           |
|    episodes        | 184       |
|    fps             | 66        |
|    time_elapsed    | 2759      |
|    total_timesteps | 184000    |
| train/             |           |
|    actor_loss      | 264       |
|    critic_loss     | 0.311     |
|    ent_coef        | 0.0155    |
|    ent_coef_loss   | -2.08     |
|    learning_rate   | 0.0003    |
|    n_updates       | 182999    |
----------------------------------
----------------------------------
| rollout/           |           |
|    ep_len_mean     | 1e+03     |
|    ep_rew_mean     | -2.44e+03 |
| time/              |           |
|    episodes        | 188       |
|    fps             | 66        |
|    time_elapsed    | 2810      |
|    total_timesteps | 188000    |
| train/             |           |
|    actor_loss      | 265       |
|    critic_loss     | 0.229     |
|    ent_coef        | 0.0122    |
|    ent_coef_loss   | -5.15     |
|    learning_rate   | 0.0003    |
|    n_updates       | 186999    |
----------------------------------
----------------------------------
| rollout/           |           |
|    ep_len_mean     | 1e+03     |
|    ep_rew_mean     | -2.32e+03 |
| time/              |           |
|    episodes        | 192       |
|    fps             | 67        |
|    time_elapsed    | 2865      |
|    total_timesteps | 192000    |
| train/             |           |
|    actor_loss      | 264       |
|    critic_loss     | 2.03      |
|    ent_coef        | 0.0199    |
|    ent_coef_loss   | -3.58     |
|    learning_rate   | 0.0003    |
|    n_updates       | 190999    |
----------------------------------
---------------------------------
| rollout/           |          |
|    ep_len_mean     | 1e+03    |
|    ep_rew_mean     | -2.2e+03 |
| time/              |          |
|    episodes        | 196      |
|    fps             | 67       |
|    time_elapsed    | 2921     |
|    total_timesteps | 196000   |
| train/             |          |
|    actor_loss      | 259      |
|    critic_loss     | 0.166    |
|    ent_coef        | 0.0204   |
|    ent_coef_loss   | -0.143   |
|    learning_rate   | 0.0003   |
|    n_updates       | 194999   |
---------------------------------
----------------------------------
| rollout/           |           |
|    ep_len_mean     | 1e+03     |
|    ep_rew_mean     | -2.05e+03 |
| time/              |           |
|    episodes        | 200       |
|    fps             | 67        |
|    time_elapsed    | 2976      |
|    total_timesteps | 200000    |
| train/             |           |
|    actor_loss      | 234       |
|    critic_loss     | 0.159     |
|    ent_coef        | 0.0263    |
|    ent_coef_loss   | -1.34     |
|    learning_rate   | 0.0003    |
|    n_updates       | 198999    |
----------------------------------
----------------------------------
| rollout/           |           |
|    ep_len_mean     | 1e+03     |
|    ep_rew_mean     | -1.93e+03 |
| time/              |           |
|    episodes        | 204       |
|    fps             | 67        |
|    time_elapsed    | 3034      |
|    total_timesteps | 204000    |
| train/             |           |
|    actor_loss      | 230       |
|    critic_loss     | 0.165     |
|    ent_coef        | 0.032     |
|    ent_coef_loss   | 0.177     |
|    learning_rate   | 0.0003    |
|    n_updates       | 202999    |
----------------------------------
----------------------------------
| rollout/           |           |
|    ep_len_mean     | 1e+03     |
|    ep_rew_mean     | -1.93e+03 |
| time/              |           |
|    episodes        | 208       |
|    fps             | 67        |
|    time_elapsed    | 3087      |
|    total_timesteps | 208000    |
| train/             |           |
|    actor_loss      | 240       |
|    critic_loss     | 0.592     |
|    ent_coef        | 0.0196    |
|    ent_coef_loss   | -2.42     |
|    learning_rate   | 0.0003    |
|    n_updates       | 206999    |
----------------------------------
----------------------------------
| rollout/           |           |
|    ep_len_mean     | 1e+03     |
|    ep_rew_mean     | -1.84e+03 |
| time/              |           |
|    episodes        | 212       |
|    fps             | 67        |
|    time_elapsed    | 3141      |
|    total_timesteps | 212000    |
| train/             |           |
|    actor_loss      | 220       |
|    critic_loss     | 0.492     |
|    ent_coef        | 0.0198    |
|    ent_coef_loss   | 1.38      |
|    learning_rate   | 0.0003    |
|    n_updates       | 210999    |
----------------------------------
----------------------------------
| rollout/           |           |
|    ep_len_mean     | 1e+03     |
|    ep_rew_mean     | -1.71e+03 |
| time/              |           |
|    episodes        | 216       |
|    fps             | 67        |
|    time_elapsed    | 3195      |
|    total_timesteps | 216000    |
| train/             |           |
|    actor_loss      | 213       |
|    critic_loss     | 0.409     |
|    ent_coef        | 0.0407    |
|    ent_coef_loss   | 10.2      |
|    learning_rate   | 0.0003    |
|    n_updates       | 214999    |
----------------------------------
----------------------------------
| rollout/           |           |
|    ep_len_mean     | 1e+03     |
|    ep_rew_mean     | -1.58e+03 |
| time/              |           |
|    episodes        | 220       |
|    fps             | 67        |
|    time_elapsed    | 3247      |
|    total_timesteps | 220000    |
| train/             |           |
|    actor_loss      | 185       |
|    critic_loss     | 0.682     |
|    ent_coef        | 0.0829    |
|    ent_coef_loss   | 1.74      |
|    learning_rate   | 0.0003    |
|    n_updates       | 218999    |
----------------------------------
----------------------------------
| rollout/           |           |
|    ep_len_mean     | 1e+03     |
|    ep_rew_mean     | -1.46e+03 |
| time/              |           |
|    episodes        | 224       |
|    fps             | 67        |
|    time_elapsed    | 3300      |
|    total_timesteps | 224000    |
| train/             |           |
|    actor_loss      | 161       |
|    critic_loss     | 0.533     |
|    ent_coef        | 0.0624    |
|    ent_coef_loss   | 0.82      |
|    learning_rate   | 0.0003    |
|    n_updates       | 222999    |
----------------------------------
----------------------------------
| rollout/           |           |
|    ep_len_mean     | 1e+03     |
|    ep_rew_mean     | -1.37e+03 |
| time/              |           |
|    episodes        | 228       |
|    fps             | 68        |
|    time_elapsed    | 3351      |
|    total_timesteps | 228000    |
| train/             |           |
|    actor_loss      | 160       |
|    critic_loss     | 0.944     |
|    ent_coef        | 0.0475    |
|    ent_coef_loss   | -0.0275   |
|    learning_rate   | 0.0003    |
|    n_updates       | 226999    |
----------------------------------
----------------------------------
| rollout/           |           |
|    ep_len_mean     | 1e+03     |
|    ep_rew_mean     | -1.24e+03 |
| time/              |           |
|    episodes        | 232       |
|    fps             | 68        |
|    time_elapsed    | 3405      |
|    total_timesteps | 232000    |
| train/             |           |
|    actor_loss      | 135       |
|    critic_loss     | 0.339     |
|    ent_coef        | 0.0527    |
|    ent_coef_loss   | 0.55      |
|    learning_rate   | 0.0003    |
|    n_updates       | 230999    |
----------------------------------
----------------------------------
| rollout/           |           |
|    ep_len_mean     | 1e+03     |
|    ep_rew_mean     | -1.19e+03 |
| time/              |           |
|    episodes        | 236       |
|    fps             | 67        |
|    time_elapsed    | 3477      |
|    total_timesteps | 236000    |
| train/             |           |
|    actor_loss      | 137       |
|    critic_loss     | 1.37      |
|    ent_coef        | 0.0431    |
|    ent_coef_loss   | -1.12     |
|    learning_rate   | 0.0003    |
|    n_updates       | 234999    |
----------------------------------
----------------------------------
| rollout/           |           |
|    ep_len_mean     | 1e+03     |
|    ep_rew_mean     | -1.16e+03 |
| time/              |           |
|    episodes        | 240       |
|    fps             | 67        |
|    time_elapsed    | 3545      |
|    total_timesteps | 240000    |
| train/             |           |
|    actor_loss      | 114       |
|    critic_loss     | 0.456     |
|    ent_coef        | 0.0446    |
|    ent_coef_loss   | -0.0108   |
|    learning_rate   | 0.0003    |
|    n_updates       | 238999    |
----------------------------------
----------------------------------
| rollout/           |           |
|    ep_len_mean     | 1e+03     |
|    ep_rew_mean     | -1.14e+03 |
| time/              |           |
|    episodes        | 244       |
|    fps             | 67        |
|    time_elapsed    | 3619      |
|    total_timesteps | 244000    |
| train/             |           |
|    actor_loss      | 128       |
|    critic_loss     | 0.473     |
|    ent_coef        | 0.0337    |
|    ent_coef_loss   | 0.322     |
|    learning_rate   | 0.0003    |
|    n_updates       | 242999    |
----------------------------------
----------------------------------
| rollout/           |           |
|    ep_len_mean     | 1e+03     |
|    ep_rew_mean     | -1.13e+03 |
| time/              |           |
|    episodes        | 248       |
|    fps             | 67        |
|    time_elapsed    | 3699      |
|    total_timesteps | 248000    |
| train/             |           |
|    actor_loss      | 113       |
|    critic_loss     | 0.521     |
|    ent_coef        | 0.0289    |
|    ent_coef_loss   | 0.102     |
|    learning_rate   | 0.0003    |
|    n_updates       | 246999    |
----------------------------------
----------------------------------
| rollout/           |           |
|    ep_len_mean     | 1e+03     |
|    ep_rew_mean     | -1.13e+03 |
| time/              |           |
|    episodes        | 252       |
|    fps             | 66        |
|    time_elapsed    | 3778      |
|    total_timesteps | 252000    |
| train/             |           |
|    actor_loss      | 143       |
|    critic_loss     | 1.05      |
|    ent_coef        | 0.0365    |
|    ent_coef_loss   | 0.261     |
|    learning_rate   | 0.0003    |
|    n_updates       | 250999    |
----------------------------------
----------------------------------
| rollout/           |           |
|    ep_len_mean     | 1e+03     |
|    ep_rew_mean     | -1.13e+03 |
| time/              |           |
|    episodes        | 256       |
|    fps             | 66        |
|    time_elapsed    | 3856      |
|    total_timesteps | 256000    |
| train/             |           |
|    actor_loss      | 154       |
|    critic_loss     | 0.607     |
|    ent_coef        | 0.0405    |
|    ent_coef_loss   | 1.32      |
|    learning_rate   | 0.0003    |
|    n_updates       | 254999    |
----------------------------------
----------------------------------
| rollout/           |           |
|    ep_len_mean     | 1e+03     |
|    ep_rew_mean     | -1.12e+03 |
| time/              |           |
|    episodes        | 260       |
|    fps             | 66        |
|    time_elapsed    | 3935      |
|    total_timesteps | 260000    |
| train/             |           |
|    actor_loss      | 128       |
|    critic_loss     | 82.1      |
|    ent_coef        | 0.0587    |
|    ent_coef_loss   | 0.553     |
|    learning_rate   | 0.0003    |
|    n_updates       | 258999    |
----------------------------------
----------------------------------
| rollout/           |           |
|    ep_len_mean     | 1e+03     |
|    ep_rew_mean     | -1.12e+03 |
| time/              |           |
|    episodes        | 264       |
|    fps             | 65        |
|    time_elapsed    | 4009      |
|    total_timesteps | 264000    |
| train/             |           |
|    actor_loss      | 100       |
|    critic_loss     | 1.55      |
|    ent_coef        | 0.0544    |
|    ent_coef_loss   | -0.591    |
|    learning_rate   | 0.0003    |
|    n_updates       | 262999    |
----------------------------------
----------------------------------
| rollout/           |           |
|    ep_len_mean     | 1e+03     |
|    ep_rew_mean     | -1.11e+03 |
| time/              |           |
|    episodes        | 268       |
|    fps             | 65        |
|    time_elapsed    | 4083      |
|    total_timesteps | 268000    |
| train/             |           |
|    actor_loss      | 95.3      |
|    critic_loss     | 1.17      |
|    ent_coef        | 0.0676    |
|    ent_coef_loss   | 0.702     |
|    learning_rate   | 0.0003    |
|    n_updates       | 266999    |
----------------------------------
----------------------------------
| rollout/           |           |
|    ep_len_mean     | 1e+03     |
|    ep_rew_mean     | -1.12e+03 |
| time/              |           |
|    episodes        | 272       |
|    fps             | 65        |
|    time_elapsed    | 4164      |
|    total_timesteps | 272000    |
| train/             |           |
|    actor_loss      | 101       |
|    critic_loss     | 0.907     |
|    ent_coef        | 0.0559    |
|    ent_coef_loss   | -0.478    |
|    learning_rate   | 0.0003    |
|    n_updates       | 270999    |
----------------------------------
----------------------------------
| rollout/           |           |
|    ep_len_mean     | 1e+03     |
|    ep_rew_mean     | -1.09e+03 |
| time/              |           |
|    episodes        | 276       |
|    fps             | 65        |
|    time_elapsed    | 4244      |
|    total_timesteps | 276000    |
| train/             |           |
|    actor_loss      | 81.7      |
|    critic_loss     | 0.588     |
|    ent_coef        | 0.0531    |
|    ent_coef_loss   | 0.716     |
|    learning_rate   | 0.0003    |
|    n_updates       | 274999    |
----------------------------------
----------------------------------
| rollout/           |           |
|    ep_len_mean     | 1e+03     |
|    ep_rew_mean     | -1.07e+03 |
| time/              |           |
|    episodes        | 280       |
|    fps             | 64        |
|    time_elapsed    | 4324      |
|    total_timesteps | 280000    |
| train/             |           |
|    actor_loss      | 86.3      |
|    critic_loss     | 1.19      |
|    ent_coef        | 0.0521    |
|    ent_coef_loss   | -0.735    |
|    learning_rate   | 0.0003    |
|    n_updates       | 278999    |
----------------------------------
----------------------------------
| rollout/           |           |
|    ep_len_mean     | 1e+03     |
|    ep_rew_mean     | -1.05e+03 |
| time/              |           |
|    episodes        | 284       |
|    fps             | 64        |
|    time_elapsed    | 4397      |
|    total_timesteps | 284000    |
| train/             |           |
|    actor_loss      | 66.8      |
|    critic_loss     | 73.8      |
|    ent_coef        | 0.0458    |
|    ent_coef_loss   | -0.118    |
|    learning_rate   | 0.0003    |
|    n_updates       | 282999    |
----------------------------------
----------------------------------
| rollout/           |           |
|    ep_len_mean     | 1e+03     |
|    ep_rew_mean     | -1.03e+03 |
| time/              |           |
|    episodes        | 288       |
|    fps             | 64        |
|    time_elapsed    | 4465      |
|    total_timesteps | 288000    |
| train/             |           |
|    actor_loss      | 72.3      |
|    critic_loss     | 0.877     |
|    ent_coef        | 0.0537    |
|    ent_coef_loss   | 0.858     |
|    learning_rate   | 0.0003    |
|    n_updates       | 286999    |
----------------------------------
----------------------------------
| rollout/           |           |
|    ep_len_mean     | 1e+03     |
|    ep_rew_mean     | -1.02e+03 |
| time/              |           |
|    episodes        | 292       |
|    fps             | 64        |
|    time_elapsed    | 4543      |
|    total_timesteps | 292000    |
| train/             |           |
|    actor_loss      | 57        |
|    critic_loss     | 0.422     |
|    ent_coef        | 0.0519    |
|    ent_coef_loss   | 0.524     |
|    learning_rate   | 0.0003    |
|    n_updates       | 290999    |
----------------------------------
---------------------------------
| rollout/           |          |
|    ep_len_mean     | 1e+03    |
|    ep_rew_mean     | -1e+03   |
| time/              |          |
|    episodes        | 296      |
|    fps             | 63       |
|    time_elapsed    | 4625     |
|    total_timesteps | 296000   |
| train/             |          |
|    actor_loss      | 42.7     |
|    critic_loss     | 0.56     |
|    ent_coef        | 0.0535   |
|    ent_coef_loss   | -0.0585  |
|    learning_rate   | 0.0003   |
|    n_updates       | 294999   |
---------------------------------
---------------------------------
| rollout/           |          |
|    ep_len_mean     | 1e+03    |
|    ep_rew_mean     | -983     |
| time/              |          |
|    episodes        | 300      |
|    fps             | 63       |
|    time_elapsed    | 4707     |
|    total_timesteps | 300000   |
| train/             |          |
|    actor_loss      | 54.2     |
|    critic_loss     | 0.359    |
|    ent_coef        | 0.059    |
|    ent_coef_loss   | -0.111   |
|    learning_rate   | 0.0003   |
|    n_updates       | 298999   |
---------------------------------
---------------------------------
| rollout/           |          |
|    ep_len_mean     | 1e+03    |
|    ep_rew_mean     | -878     |
| time/              |          |
|    episodes        | 304      |
|    fps             | 63       |
|    time_elapsed    | 4790     |
|    total_timesteps | 304000   |
| train/             |          |
|    actor_loss      | 39.2     |
|    critic_loss     | 0.682    |
|    ent_coef        | 0.0585   |
|    ent_coef_loss   | -0.158   |
|    learning_rate   | 0.0003   |
|    n_updates       | 302999   |
---------------------------------
---------------------------------
| rollout/           |          |
|    ep_len_mean     | 1e+03    |
|    ep_rew_mean     | -751     |
| time/              |          |
|    episodes        | 308      |
|    fps             | 63       |
|    time_elapsed    | 4876     |
|    total_timesteps | 308000   |
| train/             |          |
|    actor_loss      | 51.9     |
|    critic_loss     | 0.671    |
|    ent_coef        | 0.0556   |
|    ent_coef_loss   | -1.15    |
|    learning_rate   | 0.0003   |
|    n_updates       | 306999   |
---------------------------------
---------------------------------
| rollout/           |          |
|    ep_len_mean     | 1e+03    |
|    ep_rew_mean     | -691     |
| time/              |          |
|    episodes        | 312      |
|    fps             | 63       |
|    time_elapsed    | 4948     |
|    total_timesteps | 312000   |
| train/             |          |
|    actor_loss      | 40.5     |
|    critic_loss     | 0.637    |
|    ent_coef        | 0.0512   |
|    ent_coef_loss   | -0.24    |
|    learning_rate   | 0.0003   |
|    n_updates       | 310999   |
---------------------------------
---------------------------------
| rollout/           |          |
|    ep_len_mean     | 1e+03    |
|    ep_rew_mean     | -681     |
| time/              |          |
|    episodes        | 316      |
|    fps             | 62       |
|    time_elapsed    | 5033     |
|    total_timesteps | 316000   |
| train/             |          |
|    actor_loss      | 17.9     |
|    critic_loss     | 0.306    |
|    ent_coef        | 0.0539   |
|    ent_coef_loss   | 0.718    |
|    learning_rate   | 0.0003   |
|    n_updates       | 314999   |
---------------------------------
---------------------------------
| rollout/           |          |
|    ep_len_mean     | 1e+03    |
|    ep_rew_mean     | -659     |
| time/              |          |
|    episodes        | 320      |
|    fps             | 62       |
|    time_elapsed    | 5115     |
|    total_timesteps | 320000   |
| train/             |          |
|    actor_loss      | 18.3     |
|    critic_loss     | 1.93     |
|    ent_coef        | 0.0585   |
|    ent_coef_loss   | -0.386   |
|    learning_rate   | 0.0003   |
|    n_updates       | 318999   |
---------------------------------
---------------------------------
| rollout/           |          |
|    ep_len_mean     | 1e+03    |
|    ep_rew_mean     | -624     |
| time/              |          |
|    episodes        | 324      |
|    fps             | 62       |
|    time_elapsed    | 5193     |
|    total_timesteps | 324000   |
| train/             |          |
|    actor_loss      | 3.55     |
|    critic_loss     | 0.923    |
|    ent_coef        | 0.0689   |
|    ent_coef_loss   | -0.809   |
|    learning_rate   | 0.0003   |
|    n_updates       | 322999   |
---------------------------------
---------------------------------
| rollout/           |          |
|    ep_len_mean     | 1e+03    |
|    ep_rew_mean     | -554     |
| time/              |          |
|    episodes        | 328      |
|    fps             | 62       |
|    time_elapsed    | 5273     |
|    total_timesteps | 328000   |
| train/             |          |
|    actor_loss      | 0.0797   |
|    critic_loss     | 404      |
|    ent_coef        | 0.0674   |
|    ent_coef_loss   | -0.553   |
|    learning_rate   | 0.0003   |
|    n_updates       | 326999   |
---------------------------------
---------------------------------
| rollout/           |          |
|    ep_len_mean     | 1e+03    |
|    ep_rew_mean     | -517     |
| time/              |          |
|    episodes        | 332      |
|    fps             | 62       |
|    time_elapsed    | 5354     |
|    total_timesteps | 332000   |
| train/             |          |
|    actor_loss      | -18.1    |
|    critic_loss     | 0.381    |
|    ent_coef        | 0.0646   |
|    ent_coef_loss   | 0.501    |
|    learning_rate   | 0.0003   |
|    n_updates       | 330999   |
---------------------------------
---------------------------------
| rollout/           |          |
|    ep_len_mean     | 1e+03    |
|    ep_rew_mean     | -500     |
| time/              |          |
|    episodes        | 336      |
|    fps             | 61       |
|    time_elapsed    | 5429     |
|    total_timesteps | 336000   |
| train/             |          |
|    actor_loss      | -27.8    |
|    critic_loss     | 0.528    |
|    ent_coef        | 0.0632   |
|    ent_coef_loss   | 0.311    |
|    learning_rate   | 0.0003   |
|    n_updates       | 334999   |
---------------------------------
---------------------------------
| rollout/           |          |
|    ep_len_mean     | 1e+03    |
|    ep_rew_mean     | -470     |
| time/              |          |
|    episodes        | 340      |
|    fps             | 61       |
|    time_elapsed    | 5503     |
|    total_timesteps | 340000   |
| train/             |          |
|    actor_loss      | -20.2    |
|    critic_loss     | 0.619    |
|    ent_coef        | 0.0636   |
|    ent_coef_loss   | -0.189   |
|    learning_rate   | 0.0003   |
|    n_updates       | 338999   |
---------------------------------
---------------------------------
| rollout/           |          |
|    ep_len_mean     | 1e+03    |
|    ep_rew_mean     | -407     |
| time/              |          |
|    episodes        | 344      |
|    fps             | 61       |
|    time_elapsed    | 5573     |
|    total_timesteps | 344000   |
| train/             |          |
|    actor_loss      | -9.65    |
|    critic_loss     | 314      |
|    ent_coef        | 0.0625   |
|    ent_coef_loss   | -0.512   |
|    learning_rate   | 0.0003   |
|    n_updates       | 342999   |
---------------------------------
---------------------------------
| rollout/           |          |
|    ep_len_mean     | 1e+03    |
|    ep_rew_mean     | -380     |
| time/              |          |
|    episodes        | 348      |
|    fps             | 61       |
|    time_elapsed    | 5642     |
|    total_timesteps | 348000   |
| train/             |          |
|    actor_loss      | -0.94    |
|    critic_loss     | 1.11     |
|    ent_coef        | 0.0602   |
|    ent_coef_loss   | -0.302   |
|    learning_rate   | 0.0003   |
|    n_updates       | 346999   |
---------------------------------
---------------------------------
| rollout/           |          |
|    ep_len_mean     | 1e+03    |
|    ep_rew_mean     | -344     |
| time/              |          |
|    episodes        | 352      |
|    fps             | 61       |
|    time_elapsed    | 5724     |
|    total_timesteps | 352000   |
| train/             |          |
|    actor_loss      | -20.1    |
|    critic_loss     | 0.411    |
|    ent_coef        | 0.0546   |
|    ent_coef_loss   | -0.161   |
|    learning_rate   | 0.0003   |
|    n_updates       | 350999   |
---------------------------------
---------------------------------
| rollout/           |          |
|    ep_len_mean     | 1e+03    |
|    ep_rew_mean     | -324     |
| time/              |          |
|    episodes        | 356      |
|    fps             | 61       |
|    time_elapsed    | 5809     |
|    total_timesteps | 356000   |
| train/             |          |
|    actor_loss      | -17.6    |
|    critic_loss     | 0.795    |
|    ent_coef        | 0.0535   |
|    ent_coef_loss   | -0.28    |
|    learning_rate   | 0.0003   |
|    n_updates       | 354999   |
---------------------------------
---------------------------------
| rollout/           |          |
|    ep_len_mean     | 1e+03    |
|    ep_rew_mean     | -298     |
| time/              |          |
|    episodes        | 360      |
|    fps             | 61       |
|    time_elapsed    | 5893     |
|    total_timesteps | 360000   |
| train/             |          |
|    actor_loss      | -30.8    |
|    critic_loss     | 0.623    |
|    ent_coef        | 0.0512   |
|    ent_coef_loss   | 1.52     |
|    learning_rate   | 0.0003   |
|    n_updates       | 358999   |
---------------------------------
---------------------------------
| rollout/           |          |
|    ep_len_mean     | 1e+03    |
|    ep_rew_mean     | -290     |
| time/              |          |
|    episodes        | 364      |
|    fps             | 60       |
|    time_elapsed    | 5976     |
|    total_timesteps | 364000   |
| train/             |          |
|    actor_loss      | -19.5    |
|    critic_loss     | 0.785    |
|    ent_coef        | 0.054    |
|    ent_coef_loss   | -0.464   |
|    learning_rate   | 0.0003   |
|    n_updates       | 362999   |
---------------------------------
---------------------------------
| rollout/           |          |
|    ep_len_mean     | 1e+03    |
|    ep_rew_mean     | -253     |
| time/              |          |
|    episodes        | 368      |
|    fps             | 60       |
|    time_elapsed    | 6059     |
|    total_timesteps | 368000   |
| train/             |          |
|    actor_loss      | -28.6    |
|    critic_loss     | 0.686    |
|    ent_coef        | 0.0511   |
|    ent_coef_loss   | 1.22     |
|    learning_rate   | 0.0003   |
|    n_updates       | 366999   |
---------------------------------
---------------------------------
| rollout/           |          |
|    ep_len_mean     | 1e+03    |
|    ep_rew_mean     | -216     |
| time/              |          |
|    episodes        | 372      |
|    fps             | 60       |
|    time_elapsed    | 6143     |
|    total_timesteps | 372000   |
| train/             |          |
|    actor_loss      | -29.5    |
|    critic_loss     | 0.522    |
|    ent_coef        | 0.0565   |
|    ent_coef_loss   | 0.289    |
|    learning_rate   | 0.0003   |
|    n_updates       | 370999   |
---------------------------------
---------------------------------
| rollout/           |          |
|    ep_len_mean     | 1e+03    |
|    ep_rew_mean     | -202     |
| time/              |          |
|    episodes        | 376      |
|    fps             | 60       |
|    time_elapsed    | 6224     |
|    total_timesteps | 376000   |
| train/             |          |
|    actor_loss      | -34.4    |
|    critic_loss     | 0.735    |
|    ent_coef        | 0.0554   |
|    ent_coef_loss   | 1.01     |
|    learning_rate   | 0.0003   |
|    n_updates       | 374999   |
---------------------------------
---------------------------------
| rollout/           |          |
|    ep_len_mean     | 1e+03    |
|    ep_rew_mean     | -176     |
| time/              |          |
|    episodes        | 380      |
|    fps             | 60       |
|    time_elapsed    | 6306     |
|    total_timesteps | 380000   |
| train/             |          |
|    actor_loss      | -37.3    |
|    critic_loss     | 51.1     |
|    ent_coef        | 0.0598   |
|    ent_coef_loss   | -0.398   |
|    learning_rate   | 0.0003   |
|    n_updates       | 378999   |
---------------------------------
---------------------------------
| rollout/           |          |
|    ep_len_mean     | 1e+03    |
|    ep_rew_mean     | -148     |
| time/              |          |
|    episodes        | 384      |
|    fps             | 60       |
|    time_elapsed    | 6391     |
|    total_timesteps | 384000   |
| train/             |          |
|    actor_loss      | -41.1    |
|    critic_loss     | 3.62     |
|    ent_coef        | 0.0551   |
|    ent_coef_loss   | -0.573   |
|    learning_rate   | 0.0003   |
|    n_updates       | 382999   |
---------------------------------
---------------------------------
| rollout/           |          |
|    ep_len_mean     | 1e+03    |
|    ep_rew_mean     | -144     |
| time/              |          |
|    episodes        | 388      |
|    fps             | 59       |
|    time_elapsed    | 6475     |
|    total_timesteps | 388000   |
| train/             |          |
|    actor_loss      | -35.3    |
|    critic_loss     | 0.678    |
|    ent_coef        | 0.0599   |
|    ent_coef_loss   | 0.776    |
|    learning_rate   | 0.0003   |
|    n_updates       | 386999   |
---------------------------------
---------------------------------
| rollout/           |          |
|    ep_len_mean     | 1e+03    |
|    ep_rew_mean     | -123     |
| time/              |          |
|    episodes        | 392      |
|    fps             | 59       |
|    time_elapsed    | 6559     |
|    total_timesteps | 392000   |
| train/             |          |
|    actor_loss      | -34.3    |
|    critic_loss     | 0.408    |
|    ent_coef        | 0.0508   |
|    ent_coef_loss   | -0.604   |
|    learning_rate   | 0.0003   |
|    n_updates       | 390999   |
---------------------------------
---------------------------------
| rollout/           |          |
|    ep_len_mean     | 1e+03    |
|    ep_rew_mean     | -92.4    |
| time/              |          |
|    episodes        | 396      |
|    fps             | 59       |
|    time_elapsed    | 6644     |
|    total_timesteps | 396000   |
| train/             |          |
|    actor_loss      | -47.6    |
|    critic_loss     | 0.34     |
|    ent_coef        | 0.0554   |
|    ent_coef_loss   | -0.509   |
|    learning_rate   | 0.0003   |
|    n_updates       | 394999   |
---------------------------------
---------------------------------
| rollout/           |          |
|    ep_len_mean     | 1e+03    |
|    ep_rew_mean     | -66      |
| time/              |          |
|    episodes        | 400      |
|    fps             | 59       |
|    time_elapsed    | 6724     |
|    total_timesteps | 400000   |
| train/             |          |
|    actor_loss      | -37.5    |
|    critic_loss     | 0.807    |
|    ent_coef        | 0.0556   |
|    ent_coef_loss   | 1.65     |
|    learning_rate   | 0.0003   |
|    n_updates       | 398999   |
---------------------------------
---------------------------------
| rollout/           |          |
|    ep_len_mean     | 1e+03    |
|    ep_rew_mean     | -48      |
| time/              |          |
|    episodes        | 404      |
|    fps             | 59       |
|    time_elapsed    | 6795     |
|    total_timesteps | 404000   |
| train/             |          |
|    actor_loss      | -48.3    |
|    critic_loss     | 6.06     |
|    ent_coef        | 0.0502   |
|    ent_coef_loss   | 0.106    |
|    learning_rate   | 0.0003   |
|    n_updates       | 402999   |
---------------------------------
---------------------------------
| rollout/           |          |
|    ep_len_mean     | 1e+03    |
|    ep_rew_mean     | -25.5    |
| time/              |          |
|    episodes        | 408      |
|    fps             | 59       |
|    time_elapsed    | 6874     |
|    total_timesteps | 408000   |
| train/             |          |
|    actor_loss      | -41.6    |
|    critic_loss     | 0.393    |
|    ent_coef        | 0.0483   |
|    ent_coef_loss   | -0.0647  |
|    learning_rate   | 0.0003   |
|    n_updates       | 406999   |
---------------------------------
---------------------------------
| rollout/           |          |
|    ep_len_mean     | 1e+03    |
|    ep_rew_mean     | -0.587   |
| time/              |          |
|    episodes        | 412      |
|    fps             | 59       |
|    time_elapsed    | 6957     |
|    total_timesteps | 412000   |
| train/             |          |
|    actor_loss      | -52.1    |
|    critic_loss     | 0.233    |
|    ent_coef        | 0.0504   |
|    ent_coef_loss   | -0.65    |
|    learning_rate   | 0.0003   |
|    n_updates       | 410999   |
---------------------------------
---------------------------------
| rollout/           |          |
|    ep_len_mean     | 1e+03    |
|    ep_rew_mean     | 21.6     |
| time/              |          |
|    episodes        | 416      |
|    fps             | 59       |
|    time_elapsed    | 7040     |
|    total_timesteps | 416000   |
| train/             |          |
|    actor_loss      | -49.4    |
|    critic_loss     | 0.437    |
|    ent_coef        | 0.0505   |
|    ent_coef_loss   | 0.506    |
|    learning_rate   | 0.0003   |
|    n_updates       | 414999   |
---------------------------------
---------------------------------
| rollout/           |          |
|    ep_len_mean     | 1e+03    |
|    ep_rew_mean     | 35.1     |
| time/              |          |
|    episodes        | 420      |
|    fps             | 58       |
|    time_elapsed    | 7122     |
|    total_timesteps | 420000   |
| train/             |          |
|    actor_loss      | -57.8    |
|    critic_loss     | 1.47     |
|    ent_coef        | 0.0469   |
|    ent_coef_loss   | -0.511   |
|    learning_rate   | 0.0003   |
|    n_updates       | 418999   |
---------------------------------
---------------------------------
| rollout/           |          |
|    ep_len_mean     | 1e+03    |
|    ep_rew_mean     | 36.9     |
| time/              |          |
|    episodes        | 424      |
|    fps             | 58       |
|    time_elapsed    | 7205     |
|    total_timesteps | 424000   |
| train/             |          |
|    actor_loss      | -49.2    |
|    critic_loss     | 0.319    |
|    ent_coef        | 0.0445   |
|    ent_coef_loss   | -0.439   |
|    learning_rate   | 0.0003   |
|    n_updates       | 422999   |
---------------------------------
---------------------------------
| rollout/           |          |
|    ep_len_mean     | 1e+03    |
|    ep_rew_mean     | 36.6     |
| time/              |          |
|    episodes        | 428      |
|    fps             | 58       |
|    time_elapsed    | 7289     |
|    total_timesteps | 428000   |
| train/             |          |
|    actor_loss      | -55.4    |
|    critic_loss     | 0.293    |
|    ent_coef        | 0.0363   |
|    ent_coef_loss   | -0.683   |
|    learning_rate   | 0.0003   |
|    n_updates       | 426999   |
---------------------------------
---------------------------------
| rollout/           |          |
|    ep_len_mean     | 1e+03    |
|    ep_rew_mean     | 31       |
| time/              |          |
|    episodes        | 432      |
|    fps             | 58       |
|    time_elapsed    | 7373     |
|    total_timesteps | 432000   |
| train/             |          |
|    actor_loss      | -58.3    |
|    critic_loss     | 0.265    |
|    ent_coef        | 0.0372   |
|    ent_coef_loss   | -0.34    |
|    learning_rate   | 0.0003   |
|    n_updates       | 430999   |
---------------------------------
---------------------------------
| rollout/           |          |
|    ep_len_mean     | 1e+03    |
|    ep_rew_mean     | 44.3     |
| time/              |          |
|    episodes        | 436      |
|    fps             | 58       |
|    time_elapsed    | 7458     |
|    total_timesteps | 436000   |
| train/             |          |
|    actor_loss      | -57.9    |
|    critic_loss     | 0.188    |
|    ent_coef        | 0.0311   |
|    ent_coef_loss   | -0.685   |
|    learning_rate   | 0.0003   |
|    n_updates       | 434999   |
---------------------------------
---------------------------------
| rollout/           |          |
|    ep_len_mean     | 1e+03    |
|    ep_rew_mean     | 60.2     |
| time/              |          |
|    episodes        | 440      |
|    fps             | 58       |
|    time_elapsed    | 7535     |
|    total_timesteps | 440000   |
| train/             |          |
|    actor_loss      | -61.6    |
|    critic_loss     | 0.203    |
|    ent_coef        | 0.0291   |
|    ent_coef_loss   | 1.04     |
|    learning_rate   | 0.0003   |
|    n_updates       | 438999   |
---------------------------------
---------------------------------
| rollout/           |          |
|    ep_len_mean     | 1e+03    |
|    ep_rew_mean     | 58.6     |
| time/              |          |
|    episodes        | 444      |
|    fps             | 58       |
|    time_elapsed    | 7609     |
|    total_timesteps | 444000   |
| train/             |          |
|    actor_loss      | -60.2    |
|    critic_loss     | 0.175    |
|    ent_coef        | 0.0308   |
|    ent_coef_loss   | -0.574   |
|    learning_rate   | 0.0003   |
|    n_updates       | 442999   |
---------------------------------
---------------------------------
| rollout/           |          |
|    ep_len_mean     | 1e+03    |
|    ep_rew_mean     | 74.4     |
| time/              |          |
|    episodes        | 448      |
|    fps             | 58       |
|    time_elapsed    | 7681     |
|    total_timesteps | 448000   |
| train/             |          |
|    actor_loss      | -75.2    |
|    critic_loss     | 0.223    |
|    ent_coef        | 0.0307   |
|    ent_coef_loss   | -0.809   |
|    learning_rate   | 0.0003   |
|    n_updates       | 446999   |
---------------------------------
---------------------------------
| rollout/           |          |
|    ep_len_mean     | 1e+03    |
|    ep_rew_mean     | 97.8     |
| time/              |          |
|    episodes        | 452      |
|    fps             | 58       |
|    time_elapsed    | 7751     |
|    total_timesteps | 452000   |
| train/             |          |
|    actor_loss      | -66.3    |
|    critic_loss     | 0.243    |
|    ent_coef        | 0.0211   |
|    ent_coef_loss   | 0.0136   |
|    learning_rate   | 0.0003   |
|    n_updates       | 450999   |
---------------------------------
---------------------------------
| rollout/           |          |
|    ep_len_mean     | 1e+03    |
|    ep_rew_mean     | 124      |
| time/              |          |
|    episodes        | 456      |
|    fps             | 58       |
|    time_elapsed    | 7824     |
|    total_timesteps | 456000   |
| train/             |          |
|    actor_loss      | -72.9    |
|    critic_loss     | 0.277    |
|    ent_coef        | 0.0239   |
|    ent_coef_loss   | 0.634    |
|    learning_rate   | 0.0003   |
|    n_updates       | 454999   |
---------------------------------
---------------------------------
| rollout/           |          |
|    ep_len_mean     | 1e+03    |
|    ep_rew_mean     | 136      |
| time/              |          |
|    episodes        | 460      |
|    fps             | 58       |
|    time_elapsed    | 7902     |
|    total_timesteps | 460000   |
| train/             |          |
|    actor_loss      | -74      |
|    critic_loss     | 0.0891   |
|    ent_coef        | 0.0296   |
|    ent_coef_loss   | 0.48     |
|    learning_rate   | 0.0003   |
|    n_updates       | 458999   |
---------------------------------
---------------------------------
| rollout/           |          |
|    ep_len_mean     | 1e+03    |
|    ep_rew_mean     | 159      |
| time/              |          |
|    episodes        | 464      |
|    fps             | 58       |
|    time_elapsed    | 7982     |
|    total_timesteps | 464000   |
| train/             |          |
|    actor_loss      | -66.8    |
|    critic_loss     | 0.118    |
|    ent_coef        | 0.024    |
|    ent_coef_loss   | 0.226    |
|    learning_rate   | 0.0003   |
|    n_updates       | 462999   |
---------------------------------
---------------------------------
| rollout/           |          |
|    ep_len_mean     | 1e+03    |
|    ep_rew_mean     | 95.1     |
| time/              |          |
|    episodes        | 468      |
|    fps             | 58       |
|    time_elapsed    | 8063     |
|    total_timesteps | 468000   |
| train/             |          |
|    actor_loss      | -70.7    |
|    critic_loss     | 0.143    |
|    ent_coef        | 0.0229   |
|    ent_coef_loss   | -0.119   |
|    learning_rate   | 0.0003   |
|    n_updates       | 466999   |
---------------------------------
---------------------------------
| rollout/           |          |
|    ep_len_mean     | 1e+03    |
|    ep_rew_mean     | 106      |
| time/              |          |
|    episodes        | 472      |
|    fps             | 57       |
|    time_elapsed    | 8142     |
|    total_timesteps | 472000   |
| train/             |          |
|    actor_loss      | -74.6    |
|    critic_loss     | 0.102    |
|    ent_coef        | 0.0219   |
|    ent_coef_loss   | -0.017   |
|    learning_rate   | 0.0003   |
|    n_updates       | 470999   |
---------------------------------
---------------------------------
| rollout/           |          |
|    ep_len_mean     | 1e+03    |
|    ep_rew_mean     | 119      |
| time/              |          |
|    episodes        | 476      |
|    fps             | 57       |
|    time_elapsed    | 8221     |
|    total_timesteps | 476000   |
| train/             |          |
|    actor_loss      | -76.4    |
|    critic_loss     | 0.0881   |
|    ent_coef        | 0.0291   |
|    ent_coef_loss   | 0.731    |
|    learning_rate   | 0.0003   |
|    n_updates       | 474999   |
---------------------------------
---------------------------------
| rollout/           |          |
|    ep_len_mean     | 1e+03    |
|    ep_rew_mean     | 122      |
| time/              |          |
|    episodes        | 480      |
|    fps             | 57       |
|    time_elapsed    | 8301     |
|    total_timesteps | 480000   |
| train/             |          |
|    actor_loss      | -75.4    |
|    critic_loss     | 0.439    |
|    ent_coef        | 0.0233   |
|    ent_coef_loss   | -0.501   |
|    learning_rate   | 0.0003   |
|    n_updates       | 478999   |
---------------------------------
---------------------------------
| rollout/           |          |
|    ep_len_mean     | 1e+03    |
|    ep_rew_mean     | 125      |
| time/              |          |
|    episodes        | 484      |
|    fps             | 57       |
|    time_elapsed    | 8375     |
|    total_timesteps | 484000   |
| train/             |          |
|    actor_loss      | -69.8    |
|    critic_loss     | 0.0722   |
|    ent_coef        | 0.0214   |
|    ent_coef_loss   | -0.508   |
|    learning_rate   | 0.0003   |
|    n_updates       | 482999   |
---------------------------------
---------------------------------
| rollout/           |          |
|    ep_len_mean     | 1e+03    |
|    ep_rew_mean     | 148      |
| time/              |          |
|    episodes        | 488      |
|    fps             | 57       |
|    time_elapsed    | 8446     |
|    total_timesteps | 488000   |
| train/             |          |
|    actor_loss      | -62      |
|    critic_loss     | 0.111    |
|    ent_coef        | 0.0207   |
|    ent_coef_loss   | -0.00605 |
|    learning_rate   | 0.0003   |
|    n_updates       | 486999   |
---------------------------------
---------------------------------
| rollout/           |          |
|    ep_len_mean     | 1e+03    |
|    ep_rew_mean     | 159      |
| time/              |          |
|    episodes        | 492      |
|    fps             | 57       |
|    time_elapsed    | 8522     |
|    total_timesteps | 492000   |
| train/             |          |
|    actor_loss      | -71.6    |
|    critic_loss     | 0.0511   |
|    ent_coef        | 0.0204   |
|    ent_coef_loss   | -2.04    |
|    learning_rate   | 0.0003   |
|    n_updates       | 490999   |
---------------------------------
---------------------------------
| rollout/           |          |
|    ep_len_mean     | 1e+03    |
|    ep_rew_mean     | 166      |
| time/              |          |
|    episodes        | 496      |
|    fps             | 57       |
|    time_elapsed    | 8605     |
|    total_timesteps | 496000   |
| train/             |          |
|    actor_loss      | -74.2    |
|    critic_loss     | 0.549    |
|    ent_coef        | 0.018    |
|    ent_coef_loss   | 1.19     |
|    learning_rate   | 0.0003   |
|    n_updates       | 494999   |
---------------------------------
---------------------------------
| rollout/           |          |
|    ep_len_mean     | 1e+03    |
|    ep_rew_mean     | 170      |
| time/              |          |
|    episodes        | 500      |
|    fps             | 57       |
|    time_elapsed    | 8687     |
|    total_timesteps | 500000   |
| train/             |          |
|    actor_loss      | -79.6    |
|    critic_loss     | 75.6     |
|    ent_coef        | 0.0195   |
|    ent_coef_loss   | 0.551    |
|    learning_rate   | 0.0003   |
|    n_updates       | 498999   |
---------------------------------
[2026-08-14T22:24:42] Training complete in 8687.2s
[2026-08-14T22:24:42] Episodes: 500
[2026-08-14T22:24:42] Best reward: 416.84
[2026-08-14T22:24:42] Mean reward (100ep): 169.99
[2026-08-14T22:24:42] Final goal tolerance: 0.6
[2026-08-14T22:24:42] Curriculum stage: 0
[2026-08-14T22:24:42] Saved: {'model': 'C:\\Users\\ranjo\\OneDrive\\Desktop\\ARM-Model\\project_assets\\outputs\\Ablation\\stochastic\\seed_103\\sac_model', 'history': 'C:\\Users\\ranjo\\OneDrive\\Desktop\\ARM-Model\\project_assets\\outputs\\Ablation\\stochastic\\seed_103\\training_history.csv', 'stats': 'C:\\Users\\ranjo\\OneDrive\\Desktop\\ARM-Model\\project_assets\\outputs\\Ablation\\stochastic\\seed_103\\training_stats.json'}
[2026-08-14T22:24:42] Running Fitts' Law sweep (1 trials per condition)...
[2026-08-14T22:24:44] Fitts sweep complete in 2.1s
[2026-08-14T22:24:44] Fitts: MT = +0.0229 + +0.0399 * ID, R^2 = 0.3679 (n_conditions = 16, trials_per_condition = 1)
[2026-08-14T22:24:44] Saved: C:\Users\ranjo\OneDrive\Desktop\ARM-Model\project_assets\outputs\Ablation\stochastic\seed_103\fitts_law.json
[2026-08-14T22:24:44] Saved: C:\Users\ranjo\OneDrive\Desktop\ARM-Model\project_assets\outputs\Ablation\stochastic\seed_103\fitts_law.png
[2026-08-14T22:24:44] Running 2/3 Power Law sweep (1 trials)...
[2026-08-14T22:24:45] Power Law sweep complete in 0.1s
[2026-08-14T22:24:45] Power Law: log V = +0.0322 + -0.3786 * log C, R = -0.2309, R^2 = 0.0533 (n_samples = 198, n_trials = 0/1)
[2026-08-14T22:24:45] Saved: C:\Users\ranjo\OneDrive\Desktop\ARM-Model\project_assets\outputs\Ablation\stochastic\seed_103\power_law.json
[2026-08-14T22:24:45] Saved: C:\Users\ranjo\OneDrive\Desktop\ARM-Model\project_assets\outputs\Ablation\stochastic\seed_103\power_law.png
[2026-08-14T22:24:45] Session complete. Total wall time: 2:24:51.849335
[2026-08-14T22:24:45] ============================================================
