[2026-08-14T17:48:54] Starting Fischer session: algorithm=SAC, timesteps=500,000, direction=EAST, actuation=muscle, waypoints=[[0.2, 1.2], [2.2, 0.5], [1.0, -1.6]], seed=102
[2026-08-14T17:48:54] Save dir: C:\Users\ranjo\OneDrive\Desktop\ARM-Model\project_assets\outputs\Ablation\full\seed_102
[2026-08-14T17:48:54] Waypoint mode active: 3 waypoints, current_waypoint_index=0 at every episode reset
[2026-08-14T17:48:54] Ablation config: hold_decrement=3, hold_curriculum=on, curriculum_mode=eval
[2026-08-14T17:48:54] Waypoint mode: tolerance curriculum floor raised to 0.2 m (eval standard is 0.6 m)
[2026-08-14T17:48:54] Best-model checkpointing active: deterministic eval every 25K steps, best snapshot saved to sac_model_best.zip
Using cpu device
Wrapping the env with a `Monitor` wrapper
Wrapping the env in a DummyVecEnv.
[EvalCheckpoint] Active: eval every 25,000 steps, 5 deterministic episodes at production standard (tol 0.6 m, hold 20). Training starts at tol 0.6 m, hold 10. Best model -> C:\Users\ranjo\OneDrive\Desktop\ARM-Model\project_assets\outputs\Ablation\full\seed_102\sac_model_best
----------------------------------
| rollout/           |           |
|    ep_len_mean     | 1e+03     |
|    ep_rew_mean     | -5.88e+03 |
| time/              |           |
|    episodes        | 4         |
|    fps             | 99        |
|    time_elapsed    | 40        |
|    total_timesteps | 4000      |
| train/             |           |
|    actor_loss      | 58.5      |
|    critic_loss     | 0.547     |
|    ent_coef        | 0.411     |
|    ent_coef_loss   | -5.45     |
|    learning_rate   | 0.0003    |
|    n_updates       | 2999      |
----------------------------------
----------------------------------
| rollout/           |           |
|    ep_len_mean     | 1e+03     |
|    ep_rew_mean     | -5.28e+03 |
| time/              |           |
|    episodes        | 8         |
|    fps             | 85        |
|    time_elapsed    | 93        |
|    total_timesteps | 8000      |
| train/             |           |
|    actor_loss      | 90.8      |
|    critic_loss     | 7.54      |
|    ent_coef        | 0.156     |
|    ent_coef_loss   | -3.13     |
|    learning_rate   | 0.0003    |
|    n_updates       | 6999      |
----------------------------------
----------------------------------
| rollout/           |           |
|    ep_len_mean     | 1e+03     |
|    ep_rew_mean     | -5.46e+03 |
| time/              |           |
|    episodes        | 12        |
|    fps             | 81        |
|    time_elapsed    | 147       |
|    total_timesteps | 12000     |
| train/             |           |
|    actor_loss      | 116       |
|    critic_loss     | 8.32      |
|    ent_coef        | 0.192     |
|    ent_coef_loss   | -1.28     |
|    learning_rate   | 0.0003    |
|    n_updates       | 10999     |
----------------------------------
---------------------------------
| rollout/           |          |
|    ep_len_mean     | 1e+03    |
|    ep_rew_mean     | -4.9e+03 |
| time/              |          |
|    episodes        | 16       |
|    fps             | 79       |
|    time_elapsed    | 201      |
|    total_timesteps | 16000    |
| train/             |          |
|    actor_loss      | 2.09     |
|    critic_loss     | 26.5     |
|    ent_coef        | 0.212    |
|    ent_coef_loss   | -0.245   |
|    learning_rate   | 0.0003   |
|    n_updates       | 14999    |
---------------------------------
----------------------------------
| rollout/           |           |
|    ep_len_mean     | 1e+03     |
|    ep_rew_mean     | -4.97e+03 |
| time/              |           |
|    episodes        | 20        |
|    fps             | 77        |
|    time_elapsed    | 257       |
|    total_timesteps | 20000     |
| train/             |           |
|    actor_loss      | -87.5     |
|    critic_loss     | 96.1      |
|    ent_coef        | 0.503     |
|    ent_coef_loss   | 0.287     |
|    learning_rate   | 0.0003    |
|    n_updates       | 18999     |
----------------------------------
---------------------------------
| rollout/           |          |
|    ep_len_mean     | 1e+03    |
|    ep_rew_mean     | -4.9e+03 |
| time/              |          |
|    episodes        | 24       |
|    fps             | 76       |
|    time_elapsed    | 311      |
|    total_timesteps | 24000    |
| train/             |          |
|    actor_loss      | -127     |
|    critic_loss     | 90.2     |
|    ent_coef        | 0.346    |
|    ent_coef_loss   | 0.0659   |
|    learning_rate   | 0.0003   |
|    n_updates       | 22999    |
---------------------------------
[EvalCheckpoint] step 25,000: 0/5 success, mean waypoints 2.0, mean steps 800 (train tol 0.60 m, hold 10)
[EvalCheckpoint] New best model saved (score (0, 2.0, -800.0))
----------------------------------
| rollout/           |           |
|    ep_len_mean     | 1e+03     |
|    ep_rew_mean     | -5.12e+03 |
| time/              |           |
|    episodes        | 28        |
|    fps             | 76        |
|    time_elapsed    | 367       |
|    total_timesteps | 28000     |
| train/             |           |
|    actor_loss      | -137      |
|    critic_loss     | 55.6      |
|    ent_coef        | 0.404     |
|    ent_coef_loss   | -0.307    |
|    learning_rate   | 0.0003    |
|    n_updates       | 26999     |
----------------------------------
----------------------------------
| rollout/           |           |
|    ep_len_mean     | 1e+03     |
|    ep_rew_mean     | -5.06e+03 |
| time/              |           |
|    episodes        | 32        |
|    fps             | 75        |
|    time_elapsed    | 421       |
|    total_timesteps | 32000     |
| train/             |           |
|    actor_loss      | -144      |
|    critic_loss     | 58.4      |
|    ent_coef        | 0.39      |
|    ent_coef_loss   | -0.0837   |
|    learning_rate   | 0.0003    |
|    n_updates       | 30999     |
----------------------------------
----------------------------------
| rollout/           |           |
|    ep_len_mean     | 1e+03     |
|    ep_rew_mean     | -4.89e+03 |
| time/              |           |
|    episodes        | 36        |
|    fps             | 75        |
|    time_elapsed    | 477       |
|    total_timesteps | 36000     |
| train/             |           |
|    actor_loss      | -138      |
|    critic_loss     | 37.9      |
|    ent_coef        | 0.347     |
|    ent_coef_loss   | 0.0449    |
|    learning_rate   | 0.0003    |
|    n_updates       | 34999     |
----------------------------------
----------------------------------
| rollout/           |           |
|    ep_len_mean     | 1e+03     |
|    ep_rew_mean     | -4.74e+03 |
| time/              |           |
|    episodes        | 40        |
|    fps             | 74        |
|    time_elapsed    | 536       |
|    total_timesteps | 40000     |
| train/             |           |
|    actor_loss      | -148      |
|    critic_loss     | 87.8      |
|    ent_coef        | 0.42      |
|    ent_coef_loss   | -0.323    |
|    learning_rate   | 0.0003    |
|    n_updates       | 38999     |
----------------------------------
----------------------------------
| rollout/           |           |
|    ep_len_mean     | 1e+03     |
|    ep_rew_mean     | -4.53e+03 |
| time/              |           |
|    episodes        | 44        |
|    fps             | 74        |
|    time_elapsed    | 589       |
|    total_timesteps | 44000     |
| train/             |           |
|    actor_loss      | -169      |
|    critic_loss     | 30.6      |
|    ent_coef        | 0.435     |
|    ent_coef_loss   | -0.286    |
|    learning_rate   | 0.0003    |
|    n_updates       | 42999     |
----------------------------------
----------------------------------
| rollout/           |           |
|    ep_len_mean     | 1e+03     |
|    ep_rew_mean     | -4.38e+03 |
| time/              |           |
|    episodes        | 48        |
|    fps             | 74        |
|    time_elapsed    | 646       |
|    total_timesteps | 48000     |
| train/             |           |
|    actor_loss      | -187      |
|    critic_loss     | 34.7      |
|    ent_coef        | 0.452     |
|    ent_coef_loss   | -0.258    |
|    learning_rate   | 0.0003    |
|    n_updates       | 46999     |
----------------------------------
[EvalCheckpoint] step 50,000: 0/5 success, mean waypoints 0.0, mean steps 800 (train tol 0.60 m, hold 10)
----------------------------------
| rollout/           |           |
|    ep_len_mean     | 1e+03     |
|    ep_rew_mean     | -4.15e+03 |
| time/              |           |
|    episodes        | 52        |
|    fps             | 73        |
|    time_elapsed    | 705       |
|    total_timesteps | 52000     |
| train/             |           |
|    actor_loss      | -231      |
|    critic_loss     | 47.7      |
|    ent_coef        | 0.409     |
|    ent_coef_loss   | 0.293     |
|    learning_rate   | 0.0003    |
|    n_updates       | 50999     |
----------------------------------
----------------------------------
| rollout/           |           |
|    ep_len_mean     | 1e+03     |
|    ep_rew_mean     | -3.97e+03 |
| time/              |           |
|    episodes        | 56        |
|    fps             | 73        |
|    time_elapsed    | 762       |
|    total_timesteps | 56000     |
| train/             |           |
|    actor_loss      | -203      |
|    critic_loss     | 23.7      |
|    ent_coef        | 0.342     |
|    ent_coef_loss   | -0.247    |
|    learning_rate   | 0.0003    |
|    n_updates       | 54999     |
----------------------------------
----------------------------------
| rollout/           |           |
|    ep_len_mean     | 1e+03     |
|    ep_rew_mean     | -3.86e+03 |
| time/              |           |
|    episodes        | 60        |
|    fps             | 73        |
|    time_elapsed    | 820       |
|    total_timesteps | 60000     |
| train/             |           |
|    actor_loss      | -214      |
|    critic_loss     | 18.2      |
|    ent_coef        | 0.299     |
|    ent_coef_loss   | -0.188    |
|    learning_rate   | 0.0003    |
|    n_updates       | 58999     |
----------------------------------
----------------------------------
| rollout/           |           |
|    ep_len_mean     | 1e+03     |
|    ep_rew_mean     | -3.82e+03 |
| time/              |           |
|    episodes        | 64        |
|    fps             | 72        |
|    time_elapsed    | 878       |
|    total_timesteps | 64000     |
| train/             |           |
|    actor_loss      | -188      |
|    critic_loss     | 19.9      |
|    ent_coef        | 0.286     |
|    ent_coef_loss   | 0.0169    |
|    learning_rate   | 0.0003    |
|    n_updates       | 62999     |
----------------------------------
----------------------------------
| rollout/           |           |
|    ep_len_mean     | 1e+03     |
|    ep_rew_mean     | -3.72e+03 |
| time/              |           |
|    episodes        | 68        |
|    fps             | 72        |
|    time_elapsed    | 936       |
|    total_timesteps | 68000     |
| train/             |           |
|    actor_loss      | -108      |
|    critic_loss     | 11.9      |
|    ent_coef        | 0.279     |
|    ent_coef_loss   | 0.0965    |
|    learning_rate   | 0.0003    |
|    n_updates       | 66999     |
----------------------------------
----------------------------------
| rollout/           |           |
|    ep_len_mean     | 1e+03     |
|    ep_rew_mean     | -3.59e+03 |
| time/              |           |
|    episodes        | 72        |
|    fps             | 72        |
|    time_elapsed    | 997       |
|    total_timesteps | 72000     |
| train/             |           |
|    actor_loss      | -98.6     |
|    critic_loss     | 21.1      |
|    ent_coef        | 0.252     |
|    ent_coef_loss   | 0.406     |
|    learning_rate   | 0.0003    |
|    n_updates       | 70999     |
----------------------------------
[EvalCheckpoint] step 75,000: 0/5 success, mean waypoints 0.0, mean steps 800 (train tol 0.60 m, hold 10)
----------------------------------
| rollout/           |           |
|    ep_len_mean     | 1e+03     |
|    ep_rew_mean     | -3.74e+03 |
| time/              |           |
|    episodes        | 76        |
|    fps             | 72        |
|    time_elapsed    | 1053      |
|    total_timesteps | 76000     |
| train/             |           |
|    actor_loss      | -70.4     |
|    critic_loss     | 7.15      |
|    ent_coef        | 0.222     |
|    ent_coef_loss   | -0.572    |
|    learning_rate   | 0.0003    |
|    n_updates       | 74999     |
----------------------------------
----------------------------------
| rollout/           |           |
|    ep_len_mean     | 1e+03     |
|    ep_rew_mean     | -3.63e+03 |
| time/              |           |
|    episodes        | 80        |
|    fps             | 72        |
|    time_elapsed    | 1109      |
|    total_timesteps | 80000     |
| train/             |           |
|    actor_loss      | -46.8     |
|    critic_loss     | 12.2      |
|    ent_coef        | 0.227     |
|    ent_coef_loss   | 0.115     |
|    learning_rate   | 0.0003    |
|    n_updates       | 78999     |
----------------------------------
----------------------------------
| rollout/           |           |
|    ep_len_mean     | 1e+03     |
|    ep_rew_mean     | -3.52e+03 |
| time/              |           |
|    episodes        | 84        |
|    fps             | 72        |
|    time_elapsed    | 1165      |
|    total_timesteps | 84000     |
| train/             |           |
|    actor_loss      | -39.8     |
|    critic_loss     | 7.31      |
|    ent_coef        | 0.189     |
|    ent_coef_loss   | 0.0595    |
|    learning_rate   | 0.0003    |
|    n_updates       | 82999     |
----------------------------------
---------------------------------
| rollout/           |          |
|    ep_len_mean     | 1e+03    |
|    ep_rew_mean     | -3.4e+03 |
| time/              |          |
|    episodes        | 88       |
|    fps             | 72       |
|    time_elapsed    | 1219     |
|    total_timesteps | 88000    |
| train/             |          |
|    actor_loss      | -2.48    |
|    critic_loss     | 6.56     |
|    ent_coef        | 0.179    |
|    ent_coef_loss   | 0.492    |
|    learning_rate   | 0.0003   |
|    n_updates       | 86999    |
---------------------------------
----------------------------------
| rollout/           |           |
|    ep_len_mean     | 1e+03     |
|    ep_rew_mean     | -3.29e+03 |
| time/              |           |
|    episodes        | 92        |
|    fps             | 72        |
|    time_elapsed    | 1276      |
|    total_timesteps | 92000     |
| train/             |           |
|    actor_loss      | -3.92     |
|    critic_loss     | 9.55      |
|    ent_coef        | 0.181     |
|    ent_coef_loss   | -0.291    |
|    learning_rate   | 0.0003    |
|    n_updates       | 90999     |
----------------------------------
----------------------------------
| rollout/           |           |
|    ep_len_mean     | 1e+03     |
|    ep_rew_mean     | -3.22e+03 |
| time/              |           |
|    episodes        | 96        |
|    fps             | 71        |
|    time_elapsed    | 1334      |
|    total_timesteps | 96000     |
| train/             |           |
|    actor_loss      | 10.3      |
|    critic_loss     | 6.77      |
|    ent_coef        | 0.161     |
|    ent_coef_loss   | 0.413     |
|    learning_rate   | 0.0003    |
|    n_updates       | 94999     |
----------------------------------
[EvalCheckpoint] step 100,000: 0/5 success, mean waypoints 0.0, mean steps 800 (train tol 0.60 m, hold 10)
----------------------------------
| rollout/           |           |
|    ep_len_mean     | 1e+03     |
|    ep_rew_mean     | -3.25e+03 |
| time/              |           |
|    episodes        | 100       |
|    fps             | 71        |
|    time_elapsed    | 1393      |
|    total_timesteps | 100000    |
| train/             |           |
|    actor_loss      | 38.3      |
|    critic_loss     | 5.65      |
|    ent_coef        | 0.146     |
|    ent_coef_loss   | 0.113     |
|    learning_rate   | 0.0003    |
|    n_updates       | 98999     |
----------------------------------
----------------------------------
| rollout/           |           |
|    ep_len_mean     | 1e+03     |
|    ep_rew_mean     | -3.18e+03 |
| time/              |           |
|    episodes        | 104       |
|    fps             | 71        |
|    time_elapsed    | 1448      |
|    total_timesteps | 104000    |
| train/             |           |
|    actor_loss      | 54        |
|    critic_loss     | 4.16      |
|    ent_coef        | 0.13      |
|    ent_coef_loss   | 0.261     |
|    learning_rate   | 0.0003    |
|    n_updates       | 102999    |
----------------------------------
----------------------------------
| rollout/           |           |
|    ep_len_mean     | 1e+03     |
|    ep_rew_mean     | -3.15e+03 |
| time/              |           |
|    episodes        | 108       |
|    fps             | 71        |
|    time_elapsed    | 1503      |
|    total_timesteps | 108000    |
| train/             |           |
|    actor_loss      | 61.5      |
|    critic_loss     | 28.7      |
|    ent_coef        | 0.115     |
|    ent_coef_loss   | -0.319    |
|    learning_rate   | 0.0003    |
|    n_updates       | 106999    |
----------------------------------
----------------------------------
| rollout/           |           |
|    ep_len_mean     | 1e+03     |
|    ep_rew_mean     | -2.97e+03 |
| time/              |           |
|    episodes        | 112       |
|    fps             | 71        |
|    time_elapsed    | 1557      |
|    total_timesteps | 112000    |
| train/             |           |
|    actor_loss      | 67.8      |
|    critic_loss     | 5.77      |
|    ent_coef        | 0.107     |
|    ent_coef_loss   | 0.466     |
|    learning_rate   | 0.0003    |
|    n_updates       | 110999    |
----------------------------------
----------------------------------
| rollout/           |           |
|    ep_len_mean     | 1e+03     |
|    ep_rew_mean     | -2.85e+03 |
| time/              |           |
|    episodes        | 116       |
|    fps             | 71        |
|    time_elapsed    | 1611      |
|    total_timesteps | 116000    |
| train/             |           |
|    actor_loss      | 71.8      |
|    critic_loss     | 5.41      |
|    ent_coef        | 0.112     |
|    ent_coef_loss   | 1.15      |
|    learning_rate   | 0.0003    |
|    n_updates       | 114999    |
----------------------------------
----------------------------------
| rollout/           |           |
|    ep_len_mean     | 1e+03     |
|    ep_rew_mean     | -2.67e+03 |
| time/              |           |
|    episodes        | 120       |
|    fps             | 72        |
|    time_elapsed    | 1665      |
|    total_timesteps | 120000    |
| train/             |           |
|    actor_loss      | 55        |
|    critic_loss     | 4.7       |
|    ent_coef        | 0.121     |
|    ent_coef_loss   | -0.126    |
|    learning_rate   | 0.0003    |
|    n_updates       | 118999    |
----------------------------------
----------------------------------
| rollout/           |           |
|    ep_len_mean     | 1e+03     |
|    ep_rew_mean     | -2.51e+03 |
| time/              |           |
|    episodes        | 124       |
|    fps             | 72        |
|    time_elapsed    | 1719      |
|    total_timesteps | 124000    |
| train/             |           |
|    actor_loss      | 91.5      |
|    critic_loss     | 4.67      |
|    ent_coef        | 0.12      |
|    ent_coef_loss   | -0.0165   |
|    learning_rate   | 0.0003    |
|    n_updates       | 122999    |
----------------------------------
[EvalCheckpoint] step 125,000: 0/5 success, mean waypoints 0.0, mean steps 800 (train tol 0.60 m, hold 10)
----------------------------------
| rollout/           |           |
|    ep_len_mean     | 1e+03     |
|    ep_rew_mean     | -2.27e+03 |
| time/              |           |
|    episodes        | 128       |
|    fps             | 72        |
|    time_elapsed    | 1775      |
|    total_timesteps | 128000    |
| train/             |           |
|    actor_loss      | 48.1      |
|    critic_loss     | 4.26      |
|    ent_coef        | 0.132     |
|    ent_coef_loss   | -0.657    |
|    learning_rate   | 0.0003    |
|    n_updates       | 126999    |
----------------------------------
---------------------------------
| rollout/           |          |
|    ep_len_mean     | 1e+03    |
|    ep_rew_mean     | -2.1e+03 |
| time/              |          |
|    episodes        | 132      |
|    fps             | 72       |
|    time_elapsed    | 1829     |
|    total_timesteps | 132000   |
| train/             |          |
|    actor_loss      | 37.4     |
|    critic_loss     | 4.61     |
|    ent_coef        | 0.0919   |
|    ent_coef_loss   | 0.37     |
|    learning_rate   | 0.0003   |
|    n_updates       | 130999   |
---------------------------------
----------------------------------
| rollout/           |           |
|    ep_len_mean     | 1e+03     |
|    ep_rew_mean     | -1.99e+03 |
| time/              |           |
|    episodes        | 136       |
|    fps             | 72        |
|    time_elapsed    | 1883      |
|    total_timesteps | 136000    |
| train/             |           |
|    actor_loss      | 63.2      |
|    critic_loss     | 3.38      |
|    ent_coef        | 0.0986    |
|    ent_coef_loss   | -0.62     |
|    learning_rate   | 0.0003    |
|    n_updates       | 134999    |
----------------------------------
----------------------------------
| rollout/           |           |
|    ep_len_mean     | 1e+03     |
|    ep_rew_mean     | -1.91e+03 |
| time/              |           |
|    episodes        | 140       |
|    fps             | 72        |
|    time_elapsed    | 1937      |
|    total_timesteps | 140000    |
| train/             |           |
|    actor_loss      | 53.4      |
|    critic_loss     | 16.2      |
|    ent_coef        | 0.105     |
|    ent_coef_loss   | -0.0128   |
|    learning_rate   | 0.0003    |
|    n_updates       | 138999    |
----------------------------------
----------------------------------
| rollout/           |           |
|    ep_len_mean     | 1e+03     |
|    ep_rew_mean     | -1.85e+03 |
| time/              |           |
|    episodes        | 144       |
|    fps             | 72        |
|    time_elapsed    | 1992      |
|    total_timesteps | 144000    |
| train/             |           |
|    actor_loss      | 56.1      |
|    critic_loss     | 2.85      |
|    ent_coef        | 0.109     |
|    ent_coef_loss   | -0.529    |
|    learning_rate   | 0.0003    |
|    n_updates       | 142999    |
----------------------------------
----------------------------------
| rollout/           |           |
|    ep_len_mean     | 1e+03     |
|    ep_rew_mean     | -1.77e+03 |
| time/              |           |
|    episodes        | 148       |
|    fps             | 72        |
|    time_elapsed    | 2047      |
|    total_timesteps | 148000    |
| train/             |           |
|    actor_loss      | 53.1      |
|    critic_loss     | 2.26      |
|    ent_coef        | 0.0991    |
|    ent_coef_loss   | -0.126    |
|    learning_rate   | 0.0003    |
|    n_updates       | 146999    |
----------------------------------
[EvalCheckpoint] step 150,000: 0/5 success, mean waypoints 0.0, mean steps 800 (train tol 0.60 m, hold 10)
----------------------------------
| rollout/           |           |
|    ep_len_mean     | 1e+03     |
|    ep_rew_mean     | -1.74e+03 |
| time/              |           |
|    episodes        | 152       |
|    fps             | 72        |
|    time_elapsed    | 2103      |
|    total_timesteps | 152000    |
| train/             |           |
|    actor_loss      | 24.9      |
|    critic_loss     | 4.25      |
|    ent_coef        | 0.0896    |
|    ent_coef_loss   | -0.247    |
|    learning_rate   | 0.0003    |
|    n_updates       | 150999    |
----------------------------------
---------------------------------
| rollout/           |          |
|    ep_len_mean     | 1e+03    |
|    ep_rew_mean     | -1.7e+03 |
| time/              |          |
|    episodes        | 156      |
|    fps             | 72       |
|    time_elapsed    | 2155     |
|    total_timesteps | 156000   |
| train/             |          |
|    actor_loss      | 54.3     |
|    critic_loss     | 3.12     |
|    ent_coef        | 0.0965   |
|    ent_coef_loss   | 0.476    |
|    learning_rate   | 0.0003   |
|    n_updates       | 154999   |
---------------------------------
----------------------------------
| rollout/           |           |
|    ep_len_mean     | 1e+03     |
|    ep_rew_mean     | -1.62e+03 |
| time/              |           |
|    episodes        | 160       |
|    fps             | 72        |
|    time_elapsed    | 2207      |
|    total_timesteps | 160000    |
| train/             |           |
|    actor_loss      | 33.8      |
|    critic_loss     | 3.16      |
|    ent_coef        | 0.0798    |
|    ent_coef_loss   | 0.613     |
|    learning_rate   | 0.0003    |
|    n_updates       | 158999    |
----------------------------------
---------------------------------
| rollout/           |          |
|    ep_len_mean     | 1e+03    |
|    ep_rew_mean     | -1.5e+03 |
| time/              |          |
|    episodes        | 164      |
|    fps             | 72       |
|    time_elapsed    | 2259     |
|    total_timesteps | 164000   |
| train/             |          |
|    actor_loss      | 17.8     |
|    critic_loss     | 5.3      |
|    ent_coef        | 0.0823   |
|    ent_coef_loss   | -0.683   |
|    learning_rate   | 0.0003   |
|    n_updates       | 162999   |
---------------------------------
----------------------------------
| rollout/           |           |
|    ep_len_mean     | 1e+03     |
|    ep_rew_mean     | -1.43e+03 |
| time/              |           |
|    episodes        | 168       |
|    fps             | 72        |
|    time_elapsed    | 2311      |
|    total_timesteps | 168000    |
| train/             |           |
|    actor_loss      | 43.6      |
|    critic_loss     | 3.43      |
|    ent_coef        | 0.0823    |
|    ent_coef_loss   | -1.31     |
|    learning_rate   | 0.0003    |
|    n_updates       | 166999    |
----------------------------------
----------------------------------
| rollout/           |           |
|    ep_len_mean     | 1e+03     |
|    ep_rew_mean     | -1.39e+03 |
| time/              |           |
|    episodes        | 172       |
|    fps             | 72        |
|    time_elapsed    | 2365      |
|    total_timesteps | 172000    |
| train/             |           |
|    actor_loss      | 48.2      |
|    critic_loss     | 2.6       |
|    ent_coef        | 0.0713    |
|    ent_coef_loss   | -0.415    |
|    learning_rate   | 0.0003    |
|    n_updates       | 170999    |
----------------------------------
[EvalCheckpoint] step 175,000: 0/5 success, mean waypoints 0.0, mean steps 800 (train tol 0.60 m, hold 10)
----------------------------------
| rollout/           |           |
|    ep_len_mean     | 1e+03     |
|    ep_rew_mean     | -1.15e+03 |
| time/              |           |
|    episodes        | 176       |
|    fps             | 72        |
|    time_elapsed    | 2417      |
|    total_timesteps | 176000    |
| train/             |           |
|    actor_loss      | 53.8      |
|    critic_loss     | 2.03      |
|    ent_coef        | 0.0703    |
|    ent_coef_loss   | 0.772     |
|    learning_rate   | 0.0003    |
|    n_updates       | 174999    |
----------------------------------
----------------------------------
| rollout/           |           |
|    ep_len_mean     | 1e+03     |
|    ep_rew_mean     | -1.11e+03 |
| time/              |           |
|    episodes        | 180       |
|    fps             | 72        |
|    time_elapsed    | 2469      |
|    total_timesteps | 180000    |
| train/             |           |
|    actor_loss      | 19.9      |
|    critic_loss     | 1.63      |
|    ent_coef        | 0.0728    |
|    ent_coef_loss   | -0.962    |
|    learning_rate   | 0.0003    |
|    n_updates       | 178999    |
----------------------------------
----------------------------------
| rollout/           |           |
|    ep_len_mean     | 1e+03     |
|    ep_rew_mean     | -1.09e+03 |
| time/              |           |
|    episodes        | 184       |
|    fps             | 72        |
|    time_elapsed    | 2524      |
|    total_timesteps | 184000    |
| train/             |           |
|    actor_loss      | 52.6      |
|    critic_loss     | 1.91      |
|    ent_coef        | 0.0735    |
|    ent_coef_loss   | -0.126    |
|    learning_rate   | 0.0003    |
|    n_updates       | 182999    |
----------------------------------
----------------------------------
| rollout/           |           |
|    ep_len_mean     | 1e+03     |
|    ep_rew_mean     | -1.07e+03 |
| time/              |           |
|    episodes        | 188       |
|    fps             | 72        |
|    time_elapsed    | 2579      |
|    total_timesteps | 188000    |
| train/             |           |
|    actor_loss      | 33.2      |
|    critic_loss     | 1.93      |
|    ent_coef        | 0.0661    |
|    ent_coef_loss   | 1.27      |
|    learning_rate   | 0.0003    |
|    n_updates       | 186999    |
----------------------------------
----------------------------------
| rollout/           |           |
|    ep_len_mean     | 1e+03     |
|    ep_rew_mean     | -1.05e+03 |
| time/              |           |
|    episodes        | 192       |
|    fps             | 72        |
|    time_elapsed    | 2634      |
|    total_timesteps | 192000    |
| train/             |           |
|    actor_loss      | 41.4      |
|    critic_loss     | 3.76      |
|    ent_coef        | 0.0763    |
|    ent_coef_loss   | -0.83     |
|    learning_rate   | 0.0003    |
|    n_updates       | 190999    |
----------------------------------
---------------------------------
| rollout/           |          |
|    ep_len_mean     | 1e+03    |
|    ep_rew_mean     | -996     |
| time/              |          |
|    episodes        | 196      |
|    fps             | 72       |
|    time_elapsed    | 2690     |
|    total_timesteps | 196000   |
| train/             |          |
|    actor_loss      | 22.2     |
|    critic_loss     | 1.51     |
|    ent_coef        | 0.058    |
|    ent_coef_loss   | -0.438   |
|    learning_rate   | 0.0003   |
|    n_updates       | 194999   |
---------------------------------
[EvalCheckpoint] step 200,000: 0/5 success, mean waypoints 0.0, mean steps 800 (train tol 0.60 m, hold 10)
---------------------------------
| rollout/           |          |
|    ep_len_mean     | 1e+03    |
|    ep_rew_mean     | -857     |
| time/              |          |
|    episodes        | 200      |
|    fps             | 72       |
|    time_elapsed    | 2747     |
|    total_timesteps | 200000   |
| train/             |          |
|    actor_loss      | 16.4     |
|    critic_loss     | 1.96     |
|    ent_coef        | 0.0788   |
|    ent_coef_loss   | 0.597    |
|    learning_rate   | 0.0003   |
|    n_updates       | 198999   |
---------------------------------
---------------------------------
| rollout/           |          |
|    ep_len_mean     | 1e+03    |
|    ep_rew_mean     | -706     |
| time/              |          |
|    episodes        | 204      |
|    fps             | 72       |
|    time_elapsed    | 2807     |
|    total_timesteps | 204000   |
| train/             |          |
|    actor_loss      | 14.8     |
|    critic_loss     | 2.49     |
|    ent_coef        | 0.0817   |
|    ent_coef_loss   | -0.257   |
|    learning_rate   | 0.0003   |
|    n_updates       | 202999   |
---------------------------------
---------------------------------
| rollout/           |          |
|    ep_len_mean     | 1e+03    |
|    ep_rew_mean     | -566     |
| time/              |          |
|    episodes        | 208      |
|    fps             | 72       |
|    time_elapsed    | 2862     |
|    total_timesteps | 208000   |
| train/             |          |
|    actor_loss      | 19.3     |
|    critic_loss     | 4.15     |
|    ent_coef        | 0.0746   |
|    ent_coef_loss   | 0.354    |
|    learning_rate   | 0.0003   |
|    n_updates       | 206999   |
---------------------------------
---------------------------------
| rollout/           |          |
|    ep_len_mean     | 1e+03    |
|    ep_rew_mean     | -527     |
| time/              |          |
|    episodes        | 212      |
|    fps             | 72       |
|    time_elapsed    | 2919     |
|    total_timesteps | 212000   |
| train/             |          |
|    actor_loss      | -8.93    |
|    critic_loss     | 1.55     |
|    ent_coef        | 0.0635   |
|    ent_coef_loss   | 0.546    |
|    learning_rate   | 0.0003   |
|    n_updates       | 210999   |
---------------------------------
---------------------------------
| rollout/           |          |
|    ep_len_mean     | 1e+03    |
|    ep_rew_mean     | -519     |
| time/              |          |
|    episodes        | 216      |
|    fps             | 72       |
|    time_elapsed    | 2973     |
|    total_timesteps | 216000   |
| train/             |          |
|    actor_loss      | -7.79    |
|    critic_loss     | 1.52     |
|    ent_coef        | 0.0558   |
|    ent_coef_loss   | -1.63    |
|    learning_rate   | 0.0003   |
|    n_updates       | 214999   |
---------------------------------
---------------------------------
| rollout/           |          |
|    ep_len_mean     | 1e+03    |
|    ep_rew_mean     | -500     |
| time/              |          |
|    episodes        | 220      |
|    fps             | 72       |
|    time_elapsed    | 3028     |
|    total_timesteps | 220000   |
| train/             |          |
|    actor_loss      | -2.98    |
|    critic_loss     | 1.01     |
|    ent_coef        | 0.0712   |
|    ent_coef_loss   | 0.0799   |
|    learning_rate   | 0.0003   |
|    n_updates       | 218999   |
---------------------------------
---------------------------------
| rollout/           |          |
|    ep_len_mean     | 1e+03    |
|    ep_rew_mean     | -492     |
| time/              |          |
|    episodes        | 224      |
|    fps             | 72       |
|    time_elapsed    | 3081     |
|    total_timesteps | 224000   |
| train/             |          |
|    actor_loss      | 5.92     |
|    critic_loss     | 7.15     |
|    ent_coef        | 0.0596   |
|    ent_coef_loss   | -0.623   |
|    learning_rate   | 0.0003   |
|    n_updates       | 222999   |
---------------------------------
[EvalCheckpoint] step 225,000: 0/5 success, mean waypoints 0.0, mean steps 800 (train tol 0.60 m, hold 10)
---------------------------------
| rollout/           |          |
|    ep_len_mean     | 1e+03    |
|    ep_rew_mean     | -604     |
| time/              |          |
|    episodes        | 228      |
|    fps             | 72       |
|    time_elapsed    | 3137     |
|    total_timesteps | 228000   |
| train/             |          |
|    actor_loss      | -19.1    |
|    critic_loss     | 1.21     |
|    ent_coef        | 0.052    |
|    ent_coef_loss   | 0.525    |
|    learning_rate   | 0.0003   |
|    n_updates       | 226999   |
---------------------------------
---------------------------------
| rollout/           |          |
|    ep_len_mean     | 1e+03    |
|    ep_rew_mean     | -678     |
| time/              |          |
|    episodes        | 232      |
|    fps             | 72       |
|    time_elapsed    | 3188     |
|    total_timesteps | 232000   |
| train/             |          |
|    actor_loss      | -25.4    |
|    critic_loss     | 1.04     |
|    ent_coef        | 0.0766   |
|    ent_coef_loss   | 1.2      |
|    learning_rate   | 0.0003   |
|    n_updates       | 230999   |
---------------------------------
---------------------------------
| rollout/           |          |
|    ep_len_mean     | 1e+03    |
|    ep_rew_mean     | -647     |
| time/              |          |
|    episodes        | 236      |
|    fps             | 72       |
|    time_elapsed    | 3241     |
|    total_timesteps | 236000   |
| train/             |          |
|    actor_loss      | -19.2    |
|    critic_loss     | 6.41     |
|    ent_coef        | 0.0508   |
|    ent_coef_loss   | 0.174    |
|    learning_rate   | 0.0003   |
|    n_updates       | 234999   |
---------------------------------
---------------------------------
| rollout/           |          |
|    ep_len_mean     | 1e+03    |
|    ep_rew_mean     | -601     |
| time/              |          |
|    episodes        | 240      |
|    fps             | 72       |
|    time_elapsed    | 3303     |
|    total_timesteps | 240000   |
| train/             |          |
|    actor_loss      | -20.2    |
|    critic_loss     | 0.704    |
|    ent_coef        | 0.0586   |
|    ent_coef_loss   | 0.142    |
|    learning_rate   | 0.0003   |
|    n_updates       | 238999   |
---------------------------------
---------------------------------
| rollout/           |          |
|    ep_len_mean     | 1e+03    |
|    ep_rew_mean     | -575     |
| time/              |          |
|    episodes        | 244      |
|    fps             | 72       |
|    time_elapsed    | 3361     |
|    total_timesteps | 244000   |
| train/             |          |
|    actor_loss      | -13.5    |
|    critic_loss     | 0.709    |
|    ent_coef        | 0.0613   |
|    ent_coef_loss   | -0.0136  |
|    learning_rate   | 0.0003   |
|    n_updates       | 242999   |
---------------------------------
---------------------------------
| rollout/           |          |
|    ep_len_mean     | 1e+03    |
|    ep_rew_mean     | -546     |
| time/              |          |
|    episodes        | 248      |
|    fps             | 72       |
|    time_elapsed    | 3418     |
|    total_timesteps | 248000   |
| train/             |          |
|    actor_loss      | -8.97    |
|    critic_loss     | 0.632    |
|    ent_coef        | 0.0385   |
|    ent_coef_loss   | -1.52    |
|    learning_rate   | 0.0003   |
|    n_updates       | 246999   |
---------------------------------
[EvalCheckpoint] step 250,000: 0/5 success, mean waypoints 0.0, mean steps 800 (train tol 0.60 m, hold 10)
---------------------------------
| rollout/           |          |
|    ep_len_mean     | 1e+03    |
|    ep_rew_mean     | -536     |
| time/              |          |
|    episodes        | 252      |
|    fps             | 72       |
|    time_elapsed    | 3476     |
|    total_timesteps | 252000   |
| train/             |          |
|    actor_loss      | -18.3    |
|    critic_loss     | 0.388    |
|    ent_coef        | 0.0482   |
|    ent_coef_loss   | 0.405    |
|    learning_rate   | 0.0003   |
|    n_updates       | 250999   |
---------------------------------
---------------------------------
| rollout/           |          |
|    ep_len_mean     | 1e+03    |
|    ep_rew_mean     | -513     |
| time/              |          |
|    episodes        | 256      |
|    fps             | 72       |
|    time_elapsed    | 3523     |
|    total_timesteps | 256000   |
| train/             |          |
|    actor_loss      | -3.64    |
|    critic_loss     | 0.848    |
|    ent_coef        | 0.0395   |
|    ent_coef_loss   | -0.394   |
|    learning_rate   | 0.0003   |
|    n_updates       | 254999   |
---------------------------------
---------------------------------
| rollout/           |          |
|    ep_len_mean     | 1e+03    |
|    ep_rew_mean     | -489     |
| time/              |          |
|    episodes        | 260      |
|    fps             | 72       |
|    time_elapsed    | 3571     |
|    total_timesteps | 260000   |
| train/             |          |
|    actor_loss      | -11.4    |
|    critic_loss     | 1.34     |
|    ent_coef        | 0.039    |
|    ent_coef_loss   | -0.564   |
|    learning_rate   | 0.0003   |
|    n_updates       | 258999   |
---------------------------------
---------------------------------
| rollout/           |          |
|    ep_len_mean     | 1e+03    |
|    ep_rew_mean     | -467     |
| time/              |          |
|    episodes        | 264      |
|    fps             | 72       |
|    time_elapsed    | 3625     |
|    total_timesteps | 264000   |
| train/             |          |
|    actor_loss      | -8.05    |
|    critic_loss     | 0.691    |
|    ent_coef        | 0.0325   |
|    ent_coef_loss   | -1.08    |
|    learning_rate   | 0.0003   |
|    n_updates       | 262999   |
---------------------------------
---------------------------------
| rollout/           |          |
|    ep_len_mean     | 1e+03    |
|    ep_rew_mean     | -443     |
| time/              |          |
|    episodes        | 268      |
|    fps             | 72       |
|    time_elapsed    | 3680     |
|    total_timesteps | 268000   |
| train/             |          |
|    actor_loss      | -4.47    |
|    critic_loss     | 5.33     |
|    ent_coef        | 0.0324   |
|    ent_coef_loss   | -0.192   |
|    learning_rate   | 0.0003   |
|    n_updates       | 266999   |
---------------------------------
---------------------------------
| rollout/           |          |
|    ep_len_mean     | 1e+03    |
|    ep_rew_mean     | -427     |
| time/              |          |
|    episodes        | 272      |
|    fps             | 72       |
|    time_elapsed    | 3731     |
|    total_timesteps | 272000   |
| train/             |          |
|    actor_loss      | -30.4    |
|    critic_loss     | 1.1      |
|    ent_coef        | 0.032    |
|    ent_coef_loss   | 0.271    |
|    learning_rate   | 0.0003   |
|    n_updates       | 270999   |
---------------------------------
[EvalCheckpoint] step 275,000: 0/5 success, mean waypoints 0.0, mean steps 800 (train tol 0.60 m, hold 10)
---------------------------------
| rollout/           |          |
|    ep_len_mean     | 1e+03    |
|    ep_rew_mean     | -411     |
| time/              |          |
|    episodes        | 276      |
|    fps             | 72       |
|    time_elapsed    | 3787     |
|    total_timesteps | 276000   |
| train/             |          |
|    actor_loss      | -20.8    |
|    critic_loss     | 12.7     |
|    ent_coef        | 0.0335   |
|    ent_coef_loss   | 1.5      |
|    learning_rate   | 0.0003   |
|    n_updates       | 274999   |
---------------------------------
---------------------------------
| rollout/           |          |
|    ep_len_mean     | 1e+03    |
|    ep_rew_mean     | -391     |
| time/              |          |
|    episodes        | 280      |
|    fps             | 72       |
|    time_elapsed    | 3846     |
|    total_timesteps | 280000   |
| train/             |          |
|    actor_loss      | -32.2    |
|    critic_loss     | 0.623    |
|    ent_coef        | 0.0455   |
|    ent_coef_loss   | 0.237    |
|    learning_rate   | 0.0003   |
|    n_updates       | 278999   |
---------------------------------
---------------------------------
| rollout/           |          |
|    ep_len_mean     | 1e+03    |
|    ep_rew_mean     | -355     |
| time/              |          |
|    episodes        | 284      |
|    fps             | 72       |
|    time_elapsed    | 3899     |
|    total_timesteps | 284000   |
| train/             |          |
|    actor_loss      | -22.8    |
|    critic_loss     | 0.233    |
|    ent_coef        | 0.0398   |
|    ent_coef_loss   | 0.174    |
|    learning_rate   | 0.0003   |
|    n_updates       | 282999   |
---------------------------------
---------------------------------
| rollout/           |          |
|    ep_len_mean     | 1e+03    |
|    ep_rew_mean     | -320     |
| time/              |          |
|    episodes        | 288      |
|    fps             | 72       |
|    time_elapsed    | 3957     |
|    total_timesteps | 288000   |
| train/             |          |
|    actor_loss      | -8.79    |
|    critic_loss     | 20.5     |
|    ent_coef        | 0.0325   |
|    ent_coef_loss   | -0.438   |
|    learning_rate   | 0.0003   |
|    n_updates       | 286999   |
---------------------------------
---------------------------------
| rollout/           |          |
|    ep_len_mean     | 1e+03    |
|    ep_rew_mean     | -301     |
| time/              |          |
|    episodes        | 292      |
|    fps             | 72       |
|    time_elapsed    | 4016     |
|    total_timesteps | 292000   |
| train/             |          |
|    actor_loss      | -11.9    |
|    critic_loss     | 0.258    |
|    ent_coef        | 0.039    |
|    ent_coef_loss   | 0.455    |
|    learning_rate   | 0.0003   |
|    n_updates       | 290999   |
---------------------------------
---------------------------------
| rollout/           |          |
|    ep_len_mean     | 1e+03    |
|    ep_rew_mean     | -284     |
| time/              |          |
|    episodes        | 296      |
|    fps             | 72       |
|    time_elapsed    | 4071     |
|    total_timesteps | 296000   |
| train/             |          |
|    actor_loss      | -12.1    |
|    critic_loss     | 0.631    |
|    ent_coef        | 0.0294   |
|    ent_coef_loss   | -0.948   |
|    learning_rate   | 0.0003   |
|    n_updates       | 294999   |
---------------------------------
[EvalCheckpoint] step 300,000: 0/5 success, mean waypoints 0.0, mean steps 800 (train tol 0.60 m, hold 10)
---------------------------------
| rollout/           |          |
|    ep_len_mean     | 1e+03    |
|    ep_rew_mean     | -257     |
| time/              |          |
|    episodes        | 300      |
|    fps             | 72       |
|    time_elapsed    | 4129     |
|    total_timesteps | 300000   |
| train/             |          |
|    actor_loss      | -36.3    |
|    critic_loss     | 0.233    |
|    ent_coef        | 0.0298   |
|    ent_coef_loss   | 1.48     |
|    learning_rate   | 0.0003   |
|    n_updates       | 298999   |
---------------------------------
---------------------------------
| rollout/           |          |
|    ep_len_mean     | 1e+03    |
|    ep_rew_mean     | -234     |
| time/              |          |
|    episodes        | 304      |
|    fps             | 72       |
|    time_elapsed    | 4196     |
|    total_timesteps | 304000   |
| train/             |          |
|    actor_loss      | -38.2    |
|    critic_loss     | 0.312    |
|    ent_coef        | 0.0229   |
|    ent_coef_loss   | -0.215   |
|    learning_rate   | 0.0003   |
|    n_updates       | 302999   |
---------------------------------
---------------------------------
| rollout/           |          |
|    ep_len_mean     | 1e+03    |
|    ep_rew_mean     | -207     |
| time/              |          |
|    episodes        | 308      |
|    fps             | 72       |
|    time_elapsed    | 4257     |
|    total_timesteps | 308000   |
| train/             |          |
|    actor_loss      | -38.3    |
|    critic_loss     | 0.241    |
|    ent_coef        | 0.0219   |
|    ent_coef_loss   | 1.05     |
|    learning_rate   | 0.0003   |
|    n_updates       | 306999   |
---------------------------------
---------------------------------
| rollout/           |          |
|    ep_len_mean     | 1e+03    |
|    ep_rew_mean     | -193     |
| time/              |          |
|    episodes        | 312      |
|    fps             | 72       |
|    time_elapsed    | 4313     |
|    total_timesteps | 312000   |
| train/             |          |
|    actor_loss      | -38.8    |
|    critic_loss     | 0.214    |
|    ent_coef        | 0.0241   |
|    ent_coef_loss   | -0.0348  |
|    learning_rate   | 0.0003   |
|    n_updates       | 310999   |
---------------------------------
---------------------------------
| rollout/           |          |
|    ep_len_mean     | 1e+03    |
|    ep_rew_mean     | -174     |
| time/              |          |
|    episodes        | 316      |
|    fps             | 72       |
|    time_elapsed    | 4368     |
|    total_timesteps | 316000   |
| train/             |          |
|    actor_loss      | -43.9    |
|    critic_loss     | 0.132    |
|    ent_coef        | 0.021    |
|    ent_coef_loss   | -0.249   |
|    learning_rate   | 0.0003   |
|    n_updates       | 314999   |
---------------------------------
---------------------------------
| rollout/           |          |
|    ep_len_mean     | 1e+03    |
|    ep_rew_mean     | -156     |
| time/              |          |
|    episodes        | 320      |
|    fps             | 72       |
|    time_elapsed    | 4421     |
|    total_timesteps | 320000   |
| train/             |          |
|    actor_loss      | -50.8    |
|    critic_loss     | 0.3      |
|    ent_coef        | 0.0179   |
|    ent_coef_loss   | 0.826    |
|    learning_rate   | 0.0003   |
|    n_updates       | 318999   |
---------------------------------
---------------------------------
| rollout/           |          |
|    ep_len_mean     | 1e+03    |
|    ep_rew_mean     | -128     |
| time/              |          |
|    episodes        | 324      |
|    fps             | 72       |
|    time_elapsed    | 4477     |
|    total_timesteps | 324000   |
| train/             |          |
|    actor_loss      | -67.1    |
|    critic_loss     | 0.157    |
|    ent_coef        | 0.0192   |
|    ent_coef_loss   | -1.69    |
|    learning_rate   | 0.0003   |
|    n_updates       | 322999   |
---------------------------------
[EvalCheckpoint] step 325,000: 0/5 success, mean waypoints 0.0, mean steps 800 (train tol 0.60 m, hold 10)
---------------------------------
| rollout/           |          |
|    ep_len_mean     | 1e+03    |
|    ep_rew_mean     | -51.9    |
| time/              |          |
|    episodes        | 328      |
|    fps             | 72       |
|    time_elapsed    | 4533     |
|    total_timesteps | 328000   |
| train/             |          |
|    actor_loss      | -62.6    |
|    critic_loss     | 0.744    |
|    ent_coef        | 0.0191   |
|    ent_coef_loss   | 0.538    |
|    learning_rate   | 0.0003   |
|    n_updates       | 326999   |
---------------------------------
---------------------------------
| rollout/           |          |
|    ep_len_mean     | 1e+03    |
|    ep_rew_mean     | 48.9     |
| time/              |          |
|    episodes        | 332      |
|    fps             | 72       |
|    time_elapsed    | 4588     |
|    total_timesteps | 332000   |
| train/             |          |
|    actor_loss      | -64.5    |
|    critic_loss     | 0.338    |
|    ent_coef        | 0.0186   |
|    ent_coef_loss   | -2.06    |
|    learning_rate   | 0.0003   |
|    n_updates       | 330999   |
---------------------------------
---------------------------------
| rollout/           |          |
|    ep_len_mean     | 998      |
|    ep_rew_mean     | 60.4     |
| time/              |          |
|    episodes        | 336      |
|    fps             | 72       |
|    time_elapsed    | 4639     |
|    total_timesteps | 335778   |
| train/             |          |
|    actor_loss      | -61.1    |
|    critic_loss     | 0.381    |
|    ent_coef        | 0.0167   |
|    ent_coef_loss   | 1.35     |
|    learning_rate   | 0.0003   |
|    n_updates       | 334777   |
---------------------------------
---------------------------------
| rollout/           |          |
|    ep_len_mean     | 998      |
|    ep_rew_mean     | 85.8     |
| time/              |          |
|    episodes        | 340      |
|    fps             | 72       |
|    time_elapsed    | 4693     |
|    total_timesteps | 339778   |
| train/             |          |
|    actor_loss      | -41      |
|    critic_loss     | 0.15     |
|    ent_coef        | 0.0192   |
|    ent_coef_loss   | -0.189   |
|    learning_rate   | 0.0003   |
|    n_updates       | 338777   |
---------------------------------
---------------------------------
| rollout/           |          |
|    ep_len_mean     | 998      |
|    ep_rew_mean     | 99.5     |
| time/              |          |
|    episodes        | 344      |
|    fps             | 72       |
|    time_elapsed    | 4749     |
|    total_timesteps | 343778   |
| train/             |          |
|    actor_loss      | -64.2    |
|    critic_loss     | 0.645    |
|    ent_coef        | 0.0185   |
|    ent_coef_loss   | -0.733   |
|    learning_rate   | 0.0003   |
|    n_updates       | 342777   |
---------------------------------
---------------------------------
| rollout/           |          |
|    ep_len_mean     | 998      |
|    ep_rew_mean     | 112      |
| time/              |          |
|    episodes        | 348      |
|    fps             | 72       |
|    time_elapsed    | 4804     |
|    total_timesteps | 347778   |
| train/             |          |
|    actor_loss      | -74.2    |
|    critic_loss     | 0.144    |
|    ent_coef        | 0.0165   |
|    ent_coef_loss   | 0.0852   |
|    learning_rate   | 0.0003   |
|    n_updates       | 346777   |
---------------------------------
[EvalCheckpoint] step 350,000: 0/5 success, mean waypoints 0.0, mean steps 800 (train tol 0.60 m, hold 10)
---------------------------------
| rollout/           |          |
|    ep_len_mean     | 998      |
|    ep_rew_mean     | 134      |
| time/              |          |
|    episodes        | 352      |
|    fps             | 72       |
|    time_elapsed    | 4861     |
|    total_timesteps | 351778   |
| train/             |          |
|    actor_loss      | -57.2    |
|    critic_loss     | 0.15     |
|    ent_coef        | 0.0169   |
|    ent_coef_loss   | 0.68     |
|    learning_rate   | 0.0003   |
|    n_updates       | 350777   |
---------------------------------
---------------------------------
| rollout/           |          |
|    ep_len_mean     | 998      |
|    ep_rew_mean     | 143      |
| time/              |          |
|    episodes        | 356      |
|    fps             | 72       |
|    time_elapsed    | 4918     |
|    total_timesteps | 355778   |
| train/             |          |
|    actor_loss      | -69.1    |
|    critic_loss     | 0.186    |
|    ent_coef        | 0.0176   |
|    ent_coef_loss   | -0.15    |
|    learning_rate   | 0.0003   |
|    n_updates       | 354777   |
---------------------------------
---------------------------------
| rollout/           |          |
|    ep_len_mean     | 998      |
|    ep_rew_mean     | 148      |
| time/              |          |
|    episodes        | 360      |
|    fps             | 72       |
|    time_elapsed    | 4976     |
|    total_timesteps | 359778   |
| train/             |          |
|    actor_loss      | -64.1    |
|    critic_loss     | 0.958    |
|    ent_coef        | 0.0171   |
|    ent_coef_loss   | -0.417   |
|    learning_rate   | 0.0003   |
|    n_updates       | 358777   |
---------------------------------
---------------------------------
| rollout/           |          |
|    ep_len_mean     | 998      |
|    ep_rew_mean     | 150      |
| time/              |          |
|    episodes        | 364      |
|    fps             | 72       |
|    time_elapsed    | 5038     |
|    total_timesteps | 363778   |
| train/             |          |
|    actor_loss      | -59.2    |
|    critic_loss     | 0.662    |
|    ent_coef        | 0.0193   |
|    ent_coef_loss   | -1.37    |
|    learning_rate   | 0.0003   |
|    n_updates       | 362777   |
---------------------------------
---------------------------------
| rollout/           |          |
|    ep_len_mean     | 998      |
|    ep_rew_mean     | 150      |
| time/              |          |
|    episodes        | 368      |
|    fps             | 72       |
|    time_elapsed    | 5100     |
|    total_timesteps | 367778   |
| train/             |          |
|    actor_loss      | -65.5    |
|    critic_loss     | 0.306    |
|    ent_coef        | 0.0208   |
|    ent_coef_loss   | -1.14    |
|    learning_rate   | 0.0003   |
|    n_updates       | 366777   |
---------------------------------
---------------------------------
| rollout/           |          |
|    ep_len_mean     | 998      |
|    ep_rew_mean     | 155      |
| time/              |          |
|    episodes        | 372      |
|    fps             | 72       |
|    time_elapsed    | 5162     |
|    total_timesteps | 371778   |
| train/             |          |
|    actor_loss      | -72.6    |
|    critic_loss     | 0.273    |
|    ent_coef        | 0.0215   |
|    ent_coef_loss   | 0.459    |
|    learning_rate   | 0.0003   |
|    n_updates       | 370777   |
---------------------------------
[EvalCheckpoint] step 375,000: 0/5 success, mean waypoints 0.0, mean steps 800 (train tol 0.60 m, hold 10)
---------------------------------
| rollout/           |          |
|    ep_len_mean     | 998      |
|    ep_rew_mean     | 155      |
| time/              |          |
|    episodes        | 376      |
|    fps             | 71       |
|    time_elapsed    | 5228     |
|    total_timesteps | 375778   |
| train/             |          |
|    actor_loss      | -77.8    |
|    critic_loss     | 0.355    |
|    ent_coef        | 0.0233   |
|    ent_coef_loss   | -1.01    |
|    learning_rate   | 0.0003   |
|    n_updates       | 374777   |
---------------------------------
---------------------------------
| rollout/           |          |
|    ep_len_mean     | 998      |
|    ep_rew_mean     | 162      |
| time/              |          |
|    episodes        | 380      |
|    fps             | 71       |
|    time_elapsed    | 5292     |
|    total_timesteps | 379778   |
| train/             |          |
|    actor_loss      | -69.4    |
|    critic_loss     | 0.183    |
|    ent_coef        | 0.0197   |
|    ent_coef_loss   | -0.357   |
|    learning_rate   | 0.0003   |
|    n_updates       | 378777   |
---------------------------------
---------------------------------
| rollout/           |          |
|    ep_len_mean     | 998      |
|    ep_rew_mean     | 148      |
| time/              |          |
|    episodes        | 384      |
|    fps             | 71       |
|    time_elapsed    | 5354     |
|    total_timesteps | 383778   |
| train/             |          |
|    actor_loss      | -94.9    |
|    critic_loss     | 0.343    |
|    ent_coef        | 0.0185   |
|    ent_coef_loss   | -0.654   |
|    learning_rate   | 0.0003   |
|    n_updates       | 382777   |
---------------------------------
---------------------------------
| rollout/           |          |
|    ep_len_mean     | 998      |
|    ep_rew_mean     | 118      |
| time/              |          |
|    episodes        | 388      |
|    fps             | 71       |
|    time_elapsed    | 5418     |
|    total_timesteps | 387778   |
| train/             |          |
|    actor_loss      | -85.1    |
|    critic_loss     | 0.314    |
|    ent_coef        | 0.0214   |
|    ent_coef_loss   | -1.96    |
|    learning_rate   | 0.0003   |
|    n_updates       | 386777   |
---------------------------------
---------------------------------
| rollout/           |          |
|    ep_len_mean     | 998      |
|    ep_rew_mean     | 118      |
| time/              |          |
|    episodes        | 392      |
|    fps             | 71       |
|    time_elapsed    | 5481     |
|    total_timesteps | 391778   |
| train/             |          |
|    actor_loss      | -79.2    |
|    critic_loss     | 0.21     |
|    ent_coef        | 0.0227   |
|    ent_coef_loss   | -0.00341 |
|    learning_rate   | 0.0003   |
|    n_updates       | 390777   |
---------------------------------
---------------------------------
| rollout/           |          |
|    ep_len_mean     | 998      |
|    ep_rew_mean     | 125      |
| time/              |          |
|    episodes        | 396      |
|    fps             | 71       |
|    time_elapsed    | 5542     |
|    total_timesteps | 395778   |
| train/             |          |
|    actor_loss      | -82.6    |
|    critic_loss     | 0.416    |
|    ent_coef        | 0.0183   |
|    ent_coef_loss   | 0.558    |
|    learning_rate   | 0.0003   |
|    n_updates       | 394777   |
---------------------------------
---------------------------------
| rollout/           |          |
|    ep_len_mean     | 998      |
|    ep_rew_mean     | 126      |
| time/              |          |
|    episodes        | 400      |
|    fps             | 71       |
|    time_elapsed    | 5602     |
|    total_timesteps | 399778   |
| train/             |          |
|    actor_loss      | -63.1    |
|    critic_loss     | 0.381    |
|    ent_coef        | 0.0175   |
|    ent_coef_loss   | 1.91     |
|    learning_rate   | 0.0003   |
|    n_updates       | 398777   |
---------------------------------
[EvalCheckpoint] step 400,000: 0/5 success, mean waypoints 0.0, mean steps 800 (train tol 0.60 m, hold 10)
---------------------------------
| rollout/           |          |
|    ep_len_mean     | 998      |
|    ep_rew_mean     | 127      |
| time/              |          |
|    episodes        | 404      |
|    fps             | 71       |
|    time_elapsed    | 5664     |
|    total_timesteps | 403778   |
| train/             |          |
|    actor_loss      | -85.1    |
|    critic_loss     | 0.381    |
|    ent_coef        | 0.0229   |
|    ent_coef_loss   | -0.329   |
|    learning_rate   | 0.0003   |
|    n_updates       | 402777   |
---------------------------------
---------------------------------
| rollout/           |          |
|    ep_len_mean     | 998      |
|    ep_rew_mean     | 126      |
| time/              |          |
|    episodes        | 408      |
|    fps             | 71       |
|    time_elapsed    | 5723     |
|    total_timesteps | 407778   |
| train/             |          |
|    actor_loss      | -76.7    |
|    critic_loss     | 0.535    |
|    ent_coef        | 0.0176   |
|    ent_coef_loss   | 0.432    |
|    learning_rate   | 0.0003   |
|    n_updates       | 406777   |
---------------------------------
---------------------------------
| rollout/           |          |
|    ep_len_mean     | 998      |
|    ep_rew_mean     | 133      |
| time/              |          |
|    episodes        | 412      |
|    fps             | 71       |
|    time_elapsed    | 5784     |
|    total_timesteps | 411778   |
| train/             |          |
|    actor_loss      | -92.2    |
|    critic_loss     | 0.398    |
|    ent_coef        | 0.0167   |
|    ent_coef_loss   | -0.535   |
|    learning_rate   | 0.0003   |
|    n_updates       | 410777   |
---------------------------------
---------------------------------
| rollout/           |          |
|    ep_len_mean     | 998      |
|    ep_rew_mean     | 135      |
| time/              |          |
|    episodes        | 416      |
|    fps             | 71       |
|    time_elapsed    | 5844     |
|    total_timesteps | 415778   |
| train/             |          |
|    actor_loss      | -96      |
|    critic_loss     | 0.207    |
|    ent_coef        | 0.0157   |
|    ent_coef_loss   | -0.71    |
|    learning_rate   | 0.0003   |
|    n_updates       | 414777   |
---------------------------------
---------------------------------
| rollout/           |          |
|    ep_len_mean     | 998      |
|    ep_rew_mean     | 131      |
| time/              |          |
|    episodes        | 420      |
|    fps             | 71       |
|    time_elapsed    | 5904     |
|    total_timesteps | 419778   |
| train/             |          |
|    actor_loss      | -84.9    |
|    critic_loss     | 0.457    |
|    ent_coef        | 0.0165   |
|    ent_coef_loss   | -0.453   |
|    learning_rate   | 0.0003   |
|    n_updates       | 418777   |
---------------------------------
---------------------------------
| rollout/           |          |
|    ep_len_mean     | 998      |
|    ep_rew_mean     | 131      |
| time/              |          |
|    episodes        | 424      |
|    fps             | 71       |
|    time_elapsed    | 5964     |
|    total_timesteps | 423778   |
| train/             |          |
|    actor_loss      | -98.5    |
|    critic_loss     | 0.2      |
|    ent_coef        | 0.0174   |
|    ent_coef_loss   | 0.644    |
|    learning_rate   | 0.0003   |
|    n_updates       | 422777   |
---------------------------------
[EvalCheckpoint] step 425,000: 0/5 success, mean waypoints 0.0, mean steps 800 (train tol 0.60 m, hold 10)
---------------------------------
| rollout/           |          |
|    ep_len_mean     | 998      |
|    ep_rew_mean     | 193      |
| time/              |          |
|    episodes        | 428      |
|    fps             | 70       |
|    time_elapsed    | 6026     |
|    total_timesteps | 427778   |
| train/             |          |
|    actor_loss      | -81.9    |
|    critic_loss     | 0.224    |
|    ent_coef        | 0.0154   |
|    ent_coef_loss   | 0.136    |
|    learning_rate   | 0.0003   |
|    n_updates       | 426777   |
---------------------------------
---------------------------------
| rollout/           |          |
|    ep_len_mean     | 998      |
|    ep_rew_mean     | 187      |
| time/              |          |
|    episodes        | 432      |
|    fps             | 70       |
|    time_elapsed    | 6085     |
|    total_timesteps | 431778   |
| train/             |          |
|    actor_loss      | -86.1    |
|    critic_loss     | 0.602    |
|    ent_coef        | 0.0167   |
|    ent_coef_loss   | 1.68     |
|    learning_rate   | 0.0003   |
|    n_updates       | 430777   |
---------------------------------
---------------------------------
| rollout/           |          |
|    ep_len_mean     | 1e+03    |
|    ep_rew_mean     | 179      |
| time/              |          |
|    episodes        | 436      |
|    fps             | 70       |
|    time_elapsed    | 6144     |
|    total_timesteps | 435778   |
| train/             |          |
|    actor_loss      | -98.2    |
|    critic_loss     | 0.222    |
|    ent_coef        | 0.0161   |
|    ent_coef_loss   | -1.21    |
|    learning_rate   | 0.0003   |
|    n_updates       | 434777   |
---------------------------------
---------------------------------
| rollout/           |          |
|    ep_len_mean     | 1e+03    |
|    ep_rew_mean     | 174      |
| time/              |          |
|    episodes        | 440      |
|    fps             | 70       |
|    time_elapsed    | 6204     |
|    total_timesteps | 439778   |
| train/             |          |
|    actor_loss      | -113     |
|    critic_loss     | 0.32     |
|    ent_coef        | 0.0196   |
|    ent_coef_loss   | 1.32     |
|    learning_rate   | 0.0003   |
|    n_updates       | 438777   |
---------------------------------
---------------------------------
| rollout/           |          |
|    ep_len_mean     | 1e+03    |
|    ep_rew_mean     | 172      |
| time/              |          |
|    episodes        | 444      |
|    fps             | 70       |
|    time_elapsed    | 6265     |
|    total_timesteps | 443778   |
| train/             |          |
|    actor_loss      | -102     |
|    critic_loss     | 0.36     |
|    ent_coef        | 0.021    |
|    ent_coef_loss   | 0.00443  |
|    learning_rate   | 0.0003   |
|    n_updates       | 442777   |
---------------------------------
---------------------------------
| rollout/           |          |
|    ep_len_mean     | 1e+03    |
|    ep_rew_mean     | 179      |
| time/              |          |
|    episodes        | 448      |
|    fps             | 70       |
|    time_elapsed    | 6326     |
|    total_timesteps | 447778   |
| train/             |          |
|    actor_loss      | -93.7    |
|    critic_loss     | 0.404    |
|    ent_coef        | 0.0172   |
|    ent_coef_loss   | 2.84     |
|    learning_rate   | 0.0003   |
|    n_updates       | 446777   |
---------------------------------
[EvalCheckpoint] step 450,000: 0/5 success, mean waypoints 0.0, mean steps 800 (train tol 0.60 m, hold 10)
---------------------------------
| rollout/           |          |
|    ep_len_mean     | 1e+03    |
|    ep_rew_mean     | 185      |
| time/              |          |
|    episodes        | 452      |
|    fps             | 70       |
|    time_elapsed    | 6390     |
|    total_timesteps | 451778   |
| train/             |          |
|    actor_loss      | -100     |
|    critic_loss     | 0.473    |
|    ent_coef        | 0.0154   |
|    ent_coef_loss   | -0.516   |
|    learning_rate   | 0.0003   |
|    n_updates       | 450777   |
---------------------------------
---------------------------------
| rollout/           |          |
|    ep_len_mean     | 1e+03    |
|    ep_rew_mean     | 192      |
| time/              |          |
|    episodes        | 456      |
|    fps             | 70       |
|    time_elapsed    | 6452     |
|    total_timesteps | 455778   |
| train/             |          |
|    actor_loss      | -121     |
|    critic_loss     | 0.427    |
|    ent_coef        | 0.0159   |
|    ent_coef_loss   | -0.145   |
|    learning_rate   | 0.0003   |
|    n_updates       | 454777   |
---------------------------------
---------------------------------
| rollout/           |          |
|    ep_len_mean     | 1e+03    |
|    ep_rew_mean     | 196      |
| time/              |          |
|    episodes        | 460      |
|    fps             | 70       |
|    time_elapsed    | 6514     |
|    total_timesteps | 459778   |
| train/             |          |
|    actor_loss      | -105     |
|    critic_loss     | 0.258    |
|    ent_coef        | 0.0184   |
|    ent_coef_loss   | 0.417    |
|    learning_rate   | 0.0003   |
|    n_updates       | 458777   |
---------------------------------
---------------------------------
| rollout/           |          |
|    ep_len_mean     | 1e+03    |
|    ep_rew_mean     | 201      |
| time/              |          |
|    episodes        | 464      |
|    fps             | 70       |
|    time_elapsed    | 6575     |
|    total_timesteps | 463778   |
| train/             |          |
|    actor_loss      | -96.3    |
|    critic_loss     | 2.44     |
|    ent_coef        | 0.0176   |
|    ent_coef_loss   | -0.112   |
|    learning_rate   | 0.0003   |
|    n_updates       | 462777   |
---------------------------------
---------------------------------
| rollout/           |          |
|    ep_len_mean     | 1e+03    |
|    ep_rew_mean     | 206      |
| time/              |          |
|    episodes        | 468      |
|    fps             | 70       |
|    time_elapsed    | 6630     |
|    total_timesteps | 467778   |
| train/             |          |
|    actor_loss      | -112     |
|    critic_loss     | 0.28     |
|    ent_coef        | 0.0171   |
|    ent_coef_loss   | 2.43     |
|    learning_rate   | 0.0003   |
|    n_updates       | 466777   |
---------------------------------
---------------------------------
| rollout/           |          |
|    ep_len_mean     | 1e+03    |
|    ep_rew_mean     | 214      |
| time/              |          |
|    episodes        | 472      |
|    fps             | 70       |
|    time_elapsed    | 6685     |
|    total_timesteps | 471778   |
| train/             |          |
|    actor_loss      | -105     |
|    critic_loss     | 0.751    |
|    ent_coef        | 0.0173   |
|    ent_coef_loss   | -0.565   |
|    learning_rate   | 0.0003   |
|    n_updates       | 470777   |
---------------------------------
[EvalCheckpoint] step 475,000: 0/5 success, mean waypoints 0.0, mean steps 800 (train tol 0.60 m, hold 10)
---------------------------------
| rollout/           |          |
|    ep_len_mean     | 1e+03    |
|    ep_rew_mean     | 213      |
| time/              |          |
|    episodes        | 476      |
|    fps             | 70       |
|    time_elapsed    | 6741     |
|    total_timesteps | 475778   |
| train/             |          |
|    actor_loss      | -104     |
|    critic_loss     | 0.197    |
|    ent_coef        | 0.0217   |
|    ent_coef_loss   | -0.644   |
|    learning_rate   | 0.0003   |
|    n_updates       | 474777   |
---------------------------------
---------------------------------
| rollout/           |          |
|    ep_len_mean     | 1e+03    |
|    ep_rew_mean     | 256      |
| time/              |          |
|    episodes        | 480      |
|    fps             | 70       |
|    time_elapsed    | 6809     |
|    total_timesteps | 479778   |
| train/             |          |
|    actor_loss      | -107     |
|    critic_loss     | 0.352    |
|    ent_coef        | 0.027    |
|    ent_coef_loss   | -0.839   |
|    learning_rate   | 0.0003   |
|    n_updates       | 478777   |
---------------------------------
---------------------------------
| rollout/           |          |
|    ep_len_mean     | 1e+03    |
|    ep_rew_mean     | 277      |
| time/              |          |
|    episodes        | 484      |
|    fps             | 70       |
|    time_elapsed    | 6879     |
|    total_timesteps | 483778   |
| train/             |          |
|    actor_loss      | -131     |
|    critic_loss     | 0.409    |
|    ent_coef        | 0.0219   |
|    ent_coef_loss   | 0.956    |
|    learning_rate   | 0.0003   |
|    n_updates       | 482777   |
---------------------------------
---------------------------------
| rollout/           |          |
|    ep_len_mean     | 1e+03    |
|    ep_rew_mean     | 325      |
| time/              |          |
|    episodes        | 488      |
|    fps             | 70       |
|    time_elapsed    | 6945     |
|    total_timesteps | 487778   |
| train/             |          |
|    actor_loss      | -131     |
|    critic_loss     | 0.622    |
|    ent_coef        | 0.0157   |
|    ent_coef_loss   | 0.547    |
|    learning_rate   | 0.0003   |
|    n_updates       | 486777   |
---------------------------------
---------------------------------
| rollout/           |          |
|    ep_len_mean     | 1e+03    |
|    ep_rew_mean     | 328      |
| time/              |          |
|    episodes        | 492      |
|    fps             | 70       |
|    time_elapsed    | 7012     |
|    total_timesteps | 491778   |
| train/             |          |
|    actor_loss      | -139     |
|    critic_loss     | 0.698    |
|    ent_coef        | 0.019    |
|    ent_coef_loss   | 0.575    |
|    learning_rate   | 0.0003   |
|    n_updates       | 490777   |
---------------------------------
---------------------------------
| rollout/           |          |
|    ep_len_mean     | 1e+03    |
|    ep_rew_mean     | 316      |
| time/              |          |
|    episodes        | 496      |
|    fps             | 70       |
|    time_elapsed    | 7078     |
|    total_timesteps | 495778   |
| train/             |          |
|    actor_loss      | -129     |
|    critic_loss     | 0.797    |
|    ent_coef        | 0.0173   |
|    ent_coef_loss   | 0.68     |
|    learning_rate   | 0.0003   |
|    n_updates       | 494777   |
---------------------------------
---------------------------------
| rollout/           |          |
|    ep_len_mean     | 1e+03    |
|    ep_rew_mean     | 268      |
| time/              |          |
|    episodes        | 500      |
|    fps             | 69       |
|    time_elapsed    | 7146     |
|    total_timesteps | 499778   |
| train/             |          |
|    actor_loss      | -131     |
|    critic_loss     | 0.428    |
|    ent_coef        | 0.0194   |
|    ent_coef_loss   | -0.385   |
|    learning_rate   | 0.0003   |
|    n_updates       | 498777   |
---------------------------------
[EvalCheckpoint] step 500,000: 0/5 success, mean waypoints 0.0, mean steps 800 (train tol 0.60 m, hold 10)
[2026-08-14T19:48:06] Training complete in 7151.6s
[2026-08-14T19:48:06] Episodes: 500
[2026-08-14T19:48:06] Best reward: 2811.70
[2026-08-14T19:48:06] Mean reward (100ep): 268.04
[2026-08-14T19:48:06] Final goal tolerance: 0.6
[2026-08-14T19:48:06] Curriculum stage: 0
[2026-08-14T19:48:06] Saved: {'model': 'C:\\Users\\ranjo\\OneDrive\\Desktop\\ARM-Model\\project_assets\\outputs\\Ablation\\full\\seed_102\\sac_model', 'history': 'C:\\Users\\ranjo\\OneDrive\\Desktop\\ARM-Model\\project_assets\\outputs\\Ablation\\full\\seed_102\\training_history.csv', 'stats': 'C:\\Users\\ranjo\\OneDrive\\Desktop\\ARM-Model\\project_assets\\outputs\\Ablation\\full\\seed_102\\training_stats.json'}
[2026-08-14T19:48:06] Best checkpoint: score=(0, 2.0, -800.0) at step 25000 -> C:\Users\ranjo\OneDrive\Desktop\ARM-Model\project_assets\outputs\Ablation\full\seed_102\sac_model_best.zip
[2026-08-14T19:48:06] Running Fitts' Law sweep (1 trials per condition)...
[2026-08-14T19:48:08] Fitts sweep complete in 1.6s
[2026-08-14T19:48:08] Fitts: MT = -0.0038 + +0.0753 * ID, R^2 = 0.5438 (n_conditions = 16, trials_per_condition = 1)
[2026-08-14T19:48:08] Saved: C:\Users\ranjo\OneDrive\Desktop\ARM-Model\project_assets\outputs\Ablation\full\seed_102\fitts_law.json
[2026-08-14T19:48:08] Saved: C:\Users\ranjo\OneDrive\Desktop\ARM-Model\project_assets\outputs\Ablation\full\seed_102\fitts_law.png
[2026-08-14T19:48:08] Running 2/3 Power Law sweep (1 trials)...
[2026-08-14T19:48:08] Power Law sweep complete in 0.1s
[2026-08-14T19:48:08] Power Law: log V = -0.7255 + -0.7735 * log C, R = -0.3092, R^2 = 0.0956 (n_samples = 196, n_trials = 0/1)
[2026-08-14T19:48:09] Saved: C:\Users\ranjo\OneDrive\Desktop\ARM-Model\project_assets\outputs\Ablation\full\seed_102\power_law.json
[2026-08-14T19:48:09] Saved: C:\Users\ranjo\OneDrive\Desktop\ARM-Model\project_assets\outputs\Ablation\full\seed_102\power_law.png
[2026-08-14T19:48:09] Session complete. Total wall time: 1:59:14.983915
[2026-08-14T19:48:09] ============================================================
