[2026-08-16T11:27:13] Starting Fischer session: algorithm=SAC, timesteps=500,000, direction=EAST, actuation=velocity, seed=202
[2026-08-16T11:27:13] Save dir: C:\Users\ranjo\OneDrive\Desktop\ARM-Model\project_assets\outputs\ActuationComparison\velocity_500k_seed202
[2026-08-16T11:27:13] Ablation config: hold_decrement=3, hold_curriculum=on, curriculum_mode=eval
Using cpu device
Wrapping the env with a `Monitor` wrapper
Wrapping the env in a DummyVecEnv.
[HoldCurriculum] Initial hold requirement: 10 steps (ladder: [10, 15, 20], threshold: 60%)
----------------------------------
| rollout/           |           |
|    ep_len_mean     | 1e+03     |
|    ep_rew_mean     | -2.74e+03 |
| time/              |           |
|    episodes        | 4         |
|    fps             | 101       |
|    time_elapsed    | 39        |
|    total_timesteps | 4000      |
| train/             |           |
|    actor_loss      | 27.2      |
|    critic_loss     | 0.0398    |
|    ent_coef        | 0.42      |
|    ent_coef_loss   | -2.24     |
|    learning_rate   | 0.0003    |
|    n_updates       | 2999      |
----------------------------------
---------------------------------
| rollout/           |          |
|    ep_len_mean     | 882      |
|    ep_rew_mean     | -168     |
| time/              |          |
|    episodes        | 8        |
|    fps             | 83       |
|    time_elapsed    | 84       |
|    total_timesteps | 7052     |
| train/             |          |
|    actor_loss      | -15.9    |
|    critic_loss     | 4.58     |
|    ent_coef        | 0.212    |
|    ent_coef_loss   | -1.76    |
|    learning_rate   | 0.0003   |
|    n_updates       | 6051     |
---------------------------------
---------------------------------
| rollout/           |          |
|    ep_len_mean     | 634      |
|    ep_rew_mean     | 49.8     |
| time/              |          |
|    episodes        | 12       |
|    fps             | 82       |
|    time_elapsed    | 92       |
|    total_timesteps | 7610     |
| train/             |          |
|    actor_loss      | -19.7    |
|    critic_loss     | 2.39     |
|    ent_coef        | 0.194    |
|    ent_coef_loss   | -0.672   |
|    learning_rate   | 0.0003   |
|    n_updates       | 6609     |
---------------------------------
---------------------------------
| rollout/           |          |
|    ep_len_mean     | 505      |
|    ep_rew_mean     | 151      |
| time/              |          |
|    episodes        | 16       |
|    fps             | 81       |
|    time_elapsed    | 98       |
|    total_timesteps | 8087     |
| train/             |          |
|    actor_loss      | -28.8    |
|    critic_loss     | 10.5     |
|    ent_coef        | 0.188    |
|    ent_coef_loss   | -0.11    |
|    learning_rate   | 0.0003   |
|    n_updates       | 7086     |
---------------------------------
---------------------------------
| rollout/           |          |
|    ep_len_mean     | 424      |
|    ep_rew_mean     | 186      |
| time/              |          |
|    episodes        | 20       |
|    fps             | 81       |
|    time_elapsed    | 104      |
|    total_timesteps | 8475     |
| train/             |          |
|    actor_loss      | -35.3    |
|    critic_loss     | 35.6     |
|    ent_coef        | 0.191    |
|    ent_coef_loss   | 0.424    |
|    learning_rate   | 0.0003   |
|    n_updates       | 7474     |
---------------------------------
---------------------------------
| rollout/           |          |
|    ep_len_mean     | 368      |
|    ep_rew_mean     | 211      |
| time/              |          |
|    episodes        | 24       |
|    fps             | 80       |
|    time_elapsed    | 109      |
|    total_timesteps | 8840     |
| train/             |          |
|    actor_loss      | -28.9    |
|    critic_loss     | 31.5     |
|    ent_coef        | 0.199    |
|    ent_coef_loss   | 0.358    |
|    learning_rate   | 0.0003   |
|    n_updates       | 7839     |
---------------------------------
---------------------------------
| rollout/           |          |
|    ep_len_mean     | 359      |
|    ep_rew_mean     | 260      |
| time/              |          |
|    episodes        | 28       |
|    fps             | 78       |
|    time_elapsed    | 127      |
|    total_timesteps | 10065    |
| train/             |          |
|    actor_loss      | -68.1    |
|    critic_loss     | 62.6     |
|    ent_coef        | 0.267    |
|    ent_coef_loss   | 0.918    |
|    learning_rate   | 0.0003   |
|    n_updates       | 9064     |
---------------------------------
---------------------------------
| rollout/           |          |
|    ep_len_mean     | 324      |
|    ep_rew_mean     | 262      |
| time/              |          |
|    episodes        | 32       |
|    fps             | 78       |
|    time_elapsed    | 132      |
|    total_timesteps | 10383    |
| train/             |          |
|    actor_loss      | -58.4    |
|    critic_loss     | 135      |
|    ent_coef        | 0.288    |
|    ent_coef_loss   | 0.476    |
|    learning_rate   | 0.0003   |
|    n_updates       | 9382     |
---------------------------------
---------------------------------
| rollout/           |          |
|    ep_len_mean     | 297      |
|    ep_rew_mean     | 260      |
| time/              |          |
|    episodes        | 36       |
|    fps             | 77       |
|    time_elapsed    | 137      |
|    total_timesteps | 10701    |
| train/             |          |
|    actor_loss      | -58.7    |
|    critic_loss     | 55.5     |
|    ent_coef        | 0.308    |
|    ent_coef_loss   | 0.312    |
|    learning_rate   | 0.0003   |
|    n_updates       | 9700     |
---------------------------------
---------------------------------
| rollout/           |          |
|    ep_len_mean     | 277      |
|    ep_rew_mean     | 269      |
| time/              |          |
|    episodes        | 40       |
|    fps             | 76       |
|    time_elapsed    | 144      |
|    total_timesteps | 11096    |
| train/             |          |
|    actor_loss      | -78.2    |
|    critic_loss     | 100      |
|    ent_coef        | 0.332    |
|    ent_coef_loss   | 0.254    |
|    learning_rate   | 0.0003   |
|    n_updates       | 10095    |
---------------------------------
---------------------------------
| rollout/           |          |
|    ep_len_mean     | 262      |
|    ep_rew_mean     | 270      |
| time/              |          |
|    episodes        | 44       |
|    fps             | 76       |
|    time_elapsed    | 151      |
|    total_timesteps | 11536    |
| train/             |          |
|    actor_loss      | -77.6    |
|    critic_loss     | 69.2     |
|    ent_coef        | 0.362    |
|    ent_coef_loss   | 0.313    |
|    learning_rate   | 0.0003   |
|    n_updates       | 10535    |
---------------------------------
---------------------------------
| rollout/           |          |
|    ep_len_mean     | 250      |
|    ep_rew_mean     | 287      |
| time/              |          |
|    episodes        | 48       |
|    fps             | 75       |
|    time_elapsed    | 158      |
|    total_timesteps | 12013    |
| train/             |          |
|    actor_loss      | -80.2    |
|    critic_loss     | 128      |
|    ent_coef        | 0.395    |
|    ent_coef_loss   | 0.0422   |
|    learning_rate   | 0.0003   |
|    n_updates       | 11012    |
---------------------------------
[HoldCurriculum] Advanced to hold=15 steps (success rate 88.0%, stage 1/2)
---------------------------------
| rollout/           |          |
|    ep_len_mean     | 243      |
|    ep_rew_mean     | 308      |
| time/              |          |
|    episodes        | 52       |
|    fps             | 74       |
|    time_elapsed    | 169      |
|    total_timesteps | 12653    |
| train/             |          |
|    actor_loss      | -99.6    |
|    critic_loss     | 99.8     |
|    ent_coef        | 0.431    |
|    ent_coef_loss   | 0.158    |
|    learning_rate   | 0.0003   |
|    n_updates       | 11652    |
---------------------------------
---------------------------------
| rollout/           |          |
|    ep_len_mean     | 234      |
|    ep_rew_mean     | 343      |
| time/              |          |
|    episodes        | 56       |
|    fps             | 74       |
|    time_elapsed    | 174      |
|    total_timesteps | 13078    |
| train/             |          |
|    actor_loss      | -116     |
|    critic_loss     | 104      |
|    ent_coef        | 0.471    |
|    ent_coef_loss   | 0.256    |
|    learning_rate   | 0.0003   |
|    n_updates       | 12077    |
---------------------------------
---------------------------------
| rollout/           |          |
|    ep_len_mean     | 225      |
|    ep_rew_mean     | 397      |
| time/              |          |
|    episodes        | 60       |
|    fps             | 74       |
|    time_elapsed    | 181      |
|    total_timesteps | 13522    |
| train/             |          |
|    actor_loss      | -119     |
|    critic_loss     | 241      |
|    ent_coef        | 0.516    |
|    ent_coef_loss   | -0.0653  |
|    learning_rate   | 0.0003   |
|    n_updates       | 12521    |
---------------------------------
---------------------------------
| rollout/           |          |
|    ep_len_mean     | 274      |
|    ep_rew_mean     | 1.28e+03 |
| time/              |          |
|    episodes        | 64       |
|    fps             | 72       |
|    time_elapsed    | 241      |
|    total_timesteps | 17522    |
| train/             |          |
|    actor_loss      | -279     |
|    critic_loss     | 77.6     |
|    ent_coef        | 0.831    |
|    ent_coef_loss   | 0.0148   |
|    learning_rate   | 0.0003   |
|    n_updates       | 16521    |
---------------------------------
---------------------------------
| rollout/           |          |
|    ep_len_mean     | 316      |
|    ep_rew_mean     | 2.28e+03 |
| time/              |          |
|    episodes        | 68       |
|    fps             | 70       |
|    time_elapsed    | 306      |
|    total_timesteps | 21522    |
| train/             |          |
|    actor_loss      | -423     |
|    critic_loss     | 283      |
|    ent_coef        | 1.21     |
|    ent_coef_loss   | -0.0144  |
|    learning_rate   | 0.0003   |
|    n_updates       | 20521    |
---------------------------------
---------------------------------
| rollout/           |          |
|    ep_len_mean     | 354      |
|    ep_rew_mean     | 3.18e+03 |
| time/              |          |
|    episodes        | 72       |
|    fps             | 69       |
|    time_elapsed    | 368      |
|    total_timesteps | 25522    |
| train/             |          |
|    actor_loss      | -638     |
|    critic_loss     | 529      |
|    ent_coef        | 1.45     |
|    ent_coef_loss   | 0.0804   |
|    learning_rate   | 0.0003   |
|    n_updates       | 24521    |
---------------------------------
---------------------------------
| rollout/           |          |
|    ep_len_mean     | 388      |
|    ep_rew_mean     | 4e+03    |
| time/              |          |
|    episodes        | 76       |
|    fps             | 68       |
|    time_elapsed    | 428      |
|    total_timesteps | 29522    |
| train/             |          |
|    actor_loss      | -806     |
|    critic_loss     | 35.3     |
|    ent_coef        | 1.52     |
|    ent_coef_loss   | 0.00241  |
|    learning_rate   | 0.0003   |
|    n_updates       | 28521    |
---------------------------------
---------------------------------
| rollout/           |          |
|    ep_len_mean     | 419      |
|    ep_rew_mean     | 4.76e+03 |
| time/              |          |
|    episodes        | 80       |
|    fps             | 68       |
|    time_elapsed    | 486      |
|    total_timesteps | 33522    |
| train/             |          |
|    actor_loss      | -915     |
|    critic_loss     | 100      |
|    ent_coef        | 1.71     |
|    ent_coef_loss   | -0.0494  |
|    learning_rate   | 0.0003   |
|    n_updates       | 32521    |
---------------------------------
---------------------------------
| rollout/           |          |
|    ep_len_mean     | 447      |
|    ep_rew_mean     | 5.46e+03 |
| time/              |          |
|    episodes        | 84       |
|    fps             | 68       |
|    time_elapsed    | 545      |
|    total_timesteps | 37522    |
| train/             |          |
|    actor_loss      | -999     |
|    critic_loss     | 1.14e+03 |
|    ent_coef        | 1.88     |
|    ent_coef_loss   | 0.058    |
|    learning_rate   | 0.0003   |
|    n_updates       | 36521    |
---------------------------------
----------------------------------
| rollout/           |           |
|    ep_len_mean     | 472       |
|    ep_rew_mean     | 6.11e+03  |
| time/              |           |
|    episodes        | 88        |
|    fps             | 68        |
|    time_elapsed    | 603       |
|    total_timesteps | 41522     |
| train/             |           |
|    actor_loss      | -1.11e+03 |
|    critic_loss     | 57.8      |
|    ent_coef        | 1.99      |
|    ent_coef_loss   | 0.0881    |
|    learning_rate   | 0.0003    |
|    n_updates       | 40521     |
----------------------------------
----------------------------------
| rollout/           |           |
|    ep_len_mean     | 495       |
|    ep_rew_mean     | 6.72e+03  |
| time/              |           |
|    episodes        | 92        |
|    fps             | 68        |
|    time_elapsed    | 665       |
|    total_timesteps | 45522     |
| train/             |           |
|    actor_loss      | -1.14e+03 |
|    critic_loss     | 94.1      |
|    ent_coef        | 2.01      |
|    ent_coef_loss   | 0.0034    |
|    learning_rate   | 0.0003    |
|    n_updates       | 44521     |
----------------------------------
----------------------------------
| rollout/           |           |
|    ep_len_mean     | 516       |
|    ep_rew_mean     | 7.28e+03  |
| time/              |           |
|    episodes        | 96        |
|    fps             | 68        |
|    time_elapsed    | 724       |
|    total_timesteps | 49522     |
| train/             |           |
|    actor_loss      | -1.22e+03 |
|    critic_loss     | 2.96e+03  |
|    ent_coef        | 2.12      |
|    ent_coef_loss   | 0.0579    |
|    learning_rate   | 0.0003    |
|    n_updates       | 48521     |
----------------------------------
----------------------------------
| rollout/           |           |
|    ep_len_mean     | 535       |
|    ep_rew_mean     | 7.8e+03   |
| time/              |           |
|    episodes        | 100       |
|    fps             | 68        |
|    time_elapsed    | 782       |
|    total_timesteps | 53522     |
| train/             |           |
|    actor_loss      | -1.27e+03 |
|    critic_loss     | 179       |
|    ent_coef        | 2.2       |
|    ent_coef_loss   | -0.0754   |
|    learning_rate   | 0.0003    |
|    n_updates       | 52521     |
----------------------------------
----------------------------------
| rollout/           |           |
|    ep_len_mean     | 535       |
|    ep_rew_mean     | 8.72e+03  |
| time/              |           |
|    episodes        | 104       |
|    fps             | 68        |
|    time_elapsed    | 836       |
|    total_timesteps | 57522     |
| train/             |           |
|    actor_loss      | -1.28e+03 |
|    critic_loss     | 73.6      |
|    ent_coef        | 2.21      |
|    ent_coef_loss   | 0.131     |
|    learning_rate   | 0.0003    |
|    n_updates       | 56521     |
----------------------------------
----------------------------------
| rollout/           |           |
|    ep_len_mean     | 545       |
|    ep_rew_mean     | 9.44e+03  |
| time/              |           |
|    episodes        | 108       |
|    fps             | 68        |
|    time_elapsed    | 895       |
|    total_timesteps | 61522     |
| train/             |           |
|    actor_loss      | -1.33e+03 |
|    critic_loss     | 62.8      |
|    ent_coef        | 2.26      |
|    ent_coef_loss   | 0.0491    |
|    learning_rate   | 0.0003    |
|    n_updates       | 60521     |
----------------------------------
----------------------------------
| rollout/           |           |
|    ep_len_mean     | 579       |
|    ep_rew_mean     | 1.02e+04  |
| time/              |           |
|    episodes        | 112       |
|    fps             | 68        |
|    time_elapsed    | 959       |
|    total_timesteps | 65522     |
| train/             |           |
|    actor_loss      | -1.34e+03 |
|    critic_loss     | 42.1      |
|    ent_coef        | 2.25      |
|    ent_coef_loss   | 0.0231    |
|    learning_rate   | 0.0003    |
|    n_updates       | 64521     |
----------------------------------
----------------------------------
| rollout/           |           |
|    ep_len_mean     | 614       |
|    ep_rew_mean     | 1.11e+04  |
| time/              |           |
|    episodes        | 116       |
|    fps             | 67        |
|    time_elapsed    | 1024      |
|    total_timesteps | 69522     |
| train/             |           |
|    actor_loss      | -1.38e+03 |
|    critic_loss     | 42.9      |
|    ent_coef        | 2.17      |
|    ent_coef_loss   | 0.0317    |
|    learning_rate   | 0.0003    |
|    n_updates       | 68521     |
----------------------------------
----------------------------------
| rollout/           |           |
|    ep_len_mean     | 650       |
|    ep_rew_mean     | 1.19e+04  |
| time/              |           |
|    episodes        | 120       |
|    fps             | 67        |
|    time_elapsed    | 1082      |
|    total_timesteps | 73522     |
| train/             |           |
|    actor_loss      | -1.43e+03 |
|    critic_loss     | 53.9      |
|    ent_coef        | 2.19      |
|    ent_coef_loss   | -0.0691   |
|    learning_rate   | 0.0003    |
|    n_updates       | 72521     |
----------------------------------
----------------------------------
| rollout/           |           |
|    ep_len_mean     | 687       |
|    ep_rew_mean     | 1.27e+04  |
| time/              |           |
|    episodes        | 124       |
|    fps             | 67        |
|    time_elapsed    | 1141      |
|    total_timesteps | 77522     |
| train/             |           |
|    actor_loss      | -1.43e+03 |
|    critic_loss     | 47.5      |
|    ent_coef        | 2.28      |
|    ent_coef_loss   | 0.229     |
|    learning_rate   | 0.0003    |
|    n_updates       | 76521     |
----------------------------------
----------------------------------
| rollout/           |           |
|    ep_len_mean     | 715       |
|    ep_rew_mean     | 1.36e+04  |
| time/              |           |
|    episodes        | 128       |
|    fps             | 67        |
|    time_elapsed    | 1201      |
|    total_timesteps | 81522     |
| train/             |           |
|    actor_loss      | -1.45e+03 |
|    critic_loss     | 31.8      |
|    ent_coef        | 2.33      |
|    ent_coef_loss   | -0.184    |
|    learning_rate   | 0.0003    |
|    n_updates       | 80521     |
----------------------------------
----------------------------------
| rollout/           |           |
|    ep_len_mean     | 751       |
|    ep_rew_mean     | 1.44e+04  |
| time/              |           |
|    episodes        | 132       |
|    fps             | 67        |
|    time_elapsed    | 1262      |
|    total_timesteps | 85522     |
| train/             |           |
|    actor_loss      | -1.49e+03 |
|    critic_loss     | 64.4      |
|    ent_coef        | 2.38      |
|    ent_coef_loss   | -0.208    |
|    learning_rate   | 0.0003    |
|    n_updates       | 84521     |
----------------------------------
----------------------------------
| rollout/           |           |
|    ep_len_mean     | 788       |
|    ep_rew_mean     | 1.53e+04  |
| time/              |           |
|    episodes        | 136       |
|    fps             | 67        |
|    time_elapsed    | 1324      |
|    total_timesteps | 89522     |
| train/             |           |
|    actor_loss      | -1.48e+03 |
|    critic_loss     | 899       |
|    ent_coef        | 2.37      |
|    ent_coef_loss   | 0.0837    |
|    learning_rate   | 0.0003    |
|    n_updates       | 88521     |
----------------------------------
----------------------------------
| rollout/           |           |
|    ep_len_mean     | 824       |
|    ep_rew_mean     | 1.61e+04  |
| time/              |           |
|    episodes        | 140       |
|    fps             | 67        |
|    time_elapsed    | 1386      |
|    total_timesteps | 93522     |
| train/             |           |
|    actor_loss      | -1.48e+03 |
|    critic_loss     | 106       |
|    ent_coef        | 2.3       |
|    ent_coef_loss   | 0.169     |
|    learning_rate   | 0.0003    |
|    n_updates       | 92521     |
----------------------------------
----------------------------------
| rollout/           |           |
|    ep_len_mean     | 860       |
|    ep_rew_mean     | 1.7e+04   |
| time/              |           |
|    episodes        | 144       |
|    fps             | 67        |
|    time_elapsed    | 1445      |
|    total_timesteps | 97522     |
| train/             |           |
|    actor_loss      | -1.54e+03 |
|    critic_loss     | 56.8      |
|    ent_coef        | 2.37      |
|    ent_coef_loss   | -0.00237  |
|    learning_rate   | 0.0003    |
|    n_updates       | 96521     |
----------------------------------
----------------------------------
| rollout/           |           |
|    ep_len_mean     | 895       |
|    ep_rew_mean     | 1.78e+04  |
| time/              |           |
|    episodes        | 148       |
|    fps             | 67        |
|    time_elapsed    | 1507      |
|    total_timesteps | 101522    |
| train/             |           |
|    actor_loss      | -1.56e+03 |
|    critic_loss     | 55.4      |
|    ent_coef        | 2.39      |
|    ent_coef_loss   | 0.0111    |
|    learning_rate   | 0.0003    |
|    n_updates       | 100521    |
----------------------------------
----------------------------------
| rollout/           |           |
|    ep_len_mean     | 929       |
|    ep_rew_mean     | 1.87e+04  |
| time/              |           |
|    episodes        | 152       |
|    fps             | 67        |
|    time_elapsed    | 1563      |
|    total_timesteps | 105522    |
| train/             |           |
|    actor_loss      | -1.57e+03 |
|    critic_loss     | 52.3      |
|    ent_coef        | 2.34      |
|    ent_coef_loss   | -0.00629  |
|    learning_rate   | 0.0003    |
|    n_updates       | 104521    |
----------------------------------
----------------------------------
| rollout/           |           |
|    ep_len_mean     | 964       |
|    ep_rew_mean     | 1.96e+04  |
| time/              |           |
|    episodes        | 156       |
|    fps             | 67        |
|    time_elapsed    | 1619      |
|    total_timesteps | 109522    |
| train/             |           |
|    actor_loss      | -1.61e+03 |
|    critic_loss     | 38.3      |
|    ent_coef        | 2.38      |
|    ent_coef_loss   | -0.136    |
|    learning_rate   | 0.0003    |
|    n_updates       | 108521    |
----------------------------------
----------------------------------
| rollout/           |           |
|    ep_len_mean     | 1e+03     |
|    ep_rew_mean     | 2.04e+04  |
| time/              |           |
|    episodes        | 160       |
|    fps             | 67        |
|    time_elapsed    | 1677      |
|    total_timesteps | 113522    |
| train/             |           |
|    actor_loss      | -1.62e+03 |
|    critic_loss     | 143       |
|    ent_coef        | 2.46      |
|    ent_coef_loss   | -0.0817   |
|    learning_rate   | 0.0003    |
|    n_updates       | 112521    |
----------------------------------
----------------------------------
| rollout/           |           |
|    ep_len_mean     | 1e+03     |
|    ep_rew_mean     | 2.07e+04  |
| time/              |           |
|    episodes        | 164       |
|    fps             | 67        |
|    time_elapsed    | 1736      |
|    total_timesteps | 117522    |
| train/             |           |
|    actor_loss      | -1.65e+03 |
|    critic_loss     | 42        |
|    ent_coef        | 2.47      |
|    ent_coef_loss   | -0.0903   |
|    learning_rate   | 0.0003    |
|    n_updates       | 116521    |
----------------------------------
----------------------------------
| rollout/           |           |
|    ep_len_mean     | 1e+03     |
|    ep_rew_mean     | 2.09e+04  |
| time/              |           |
|    episodes        | 168       |
|    fps             | 67        |
|    time_elapsed    | 1795      |
|    total_timesteps | 121522    |
| train/             |           |
|    actor_loss      | -1.66e+03 |
|    critic_loss     | 375       |
|    ent_coef        | 2.45      |
|    ent_coef_loss   | -0.211    |
|    learning_rate   | 0.0003    |
|    n_updates       | 120521    |
----------------------------------
----------------------------------
| rollout/           |           |
|    ep_len_mean     | 1e+03     |
|    ep_rew_mean     | 2.11e+04  |
| time/              |           |
|    episodes        | 172       |
|    fps             | 67        |
|    time_elapsed    | 1854      |
|    total_timesteps | 125522    |
| train/             |           |
|    actor_loss      | -1.67e+03 |
|    critic_loss     | 194       |
|    ent_coef        | 2.52      |
|    ent_coef_loss   | 0.139     |
|    learning_rate   | 0.0003    |
|    n_updates       | 124521    |
----------------------------------
----------------------------------
| rollout/           |           |
|    ep_len_mean     | 1e+03     |
|    ep_rew_mean     | 2.12e+04  |
| time/              |           |
|    episodes        | 176       |
|    fps             | 67        |
|    time_elapsed    | 1910      |
|    total_timesteps | 129522    |
| train/             |           |
|    actor_loss      | -1.66e+03 |
|    critic_loss     | 115       |
|    ent_coef        | 2.56      |
|    ent_coef_loss   | 0.0662    |
|    learning_rate   | 0.0003    |
|    n_updates       | 128521    |
----------------------------------
----------------------------------
| rollout/           |           |
|    ep_len_mean     | 1e+03     |
|    ep_rew_mean     | 2.14e+04  |
| time/              |           |
|    episodes        | 180       |
|    fps             | 67        |
|    time_elapsed    | 1966      |
|    total_timesteps | 133522    |
| train/             |           |
|    actor_loss      | -1.66e+03 |
|    critic_loss     | 49.3      |
|    ent_coef        | 2.61      |
|    ent_coef_loss   | 0.0471    |
|    learning_rate   | 0.0003    |
|    n_updates       | 132521    |
----------------------------------
----------------------------------
| rollout/           |           |
|    ep_len_mean     | 1e+03     |
|    ep_rew_mean     | 2.15e+04  |
| time/              |           |
|    episodes        | 184       |
|    fps             | 68        |
|    time_elapsed    | 2021      |
|    total_timesteps | 137522    |
| train/             |           |
|    actor_loss      | -1.68e+03 |
|    critic_loss     | 53.2      |
|    ent_coef        | 2.63      |
|    ent_coef_loss   | -0.0325   |
|    learning_rate   | 0.0003    |
|    n_updates       | 136521    |
----------------------------------
----------------------------------
| rollout/           |           |
|    ep_len_mean     | 1e+03     |
|    ep_rew_mean     | 2.17e+04  |
| time/              |           |
|    episodes        | 188       |
|    fps             | 68        |
|    time_elapsed    | 2076      |
|    total_timesteps | 141522    |
| train/             |           |
|    actor_loss      | -1.69e+03 |
|    critic_loss     | 69.6      |
|    ent_coef        | 2.65      |
|    ent_coef_loss   | 0.00606   |
|    learning_rate   | 0.0003    |
|    n_updates       | 140521    |
----------------------------------
----------------------------------
| rollout/           |           |
|    ep_len_mean     | 1e+03     |
|    ep_rew_mean     | 2.18e+04  |
| time/              |           |
|    episodes        | 192       |
|    fps             | 68        |
|    time_elapsed    | 2130      |
|    total_timesteps | 145522    |
| train/             |           |
|    actor_loss      | -1.74e+03 |
|    critic_loss     | 134       |
|    ent_coef        | 2.69      |
|    ent_coef_loss   | -0.0162   |
|    learning_rate   | 0.0003    |
|    n_updates       | 144521    |
----------------------------------
----------------------------------
| rollout/           |           |
|    ep_len_mean     | 1e+03     |
|    ep_rew_mean     | 2.19e+04  |
| time/              |           |
|    episodes        | 196       |
|    fps             | 68        |
|    time_elapsed    | 2195      |
|    total_timesteps | 149522    |
| train/             |           |
|    actor_loss      | -1.71e+03 |
|    critic_loss     | 48.1      |
|    ent_coef        | 2.65      |
|    ent_coef_loss   | -0.0492   |
|    learning_rate   | 0.0003    |
|    n_updates       | 148521    |
----------------------------------
----------------------------------
| rollout/           |           |
|    ep_len_mean     | 1e+03     |
|    ep_rew_mean     | 2.2e+04   |
| time/              |           |
|    episodes        | 200       |
|    fps             | 67        |
|    time_elapsed    | 2273      |
|    total_timesteps | 153522    |
| train/             |           |
|    actor_loss      | -1.74e+03 |
|    critic_loss     | 87.4      |
|    ent_coef        | 2.73      |
|    ent_coef_loss   | 0.202     |
|    learning_rate   | 0.0003    |
|    n_updates       | 152521    |
----------------------------------
----------------------------------
| rollout/           |           |
|    ep_len_mean     | 1e+03     |
|    ep_rew_mean     | 2.21e+04  |
| time/              |           |
|    episodes        | 204       |
|    fps             | 66        |
|    time_elapsed    | 2352      |
|    total_timesteps | 157522    |
| train/             |           |
|    actor_loss      | -1.75e+03 |
|    critic_loss     | 44.7      |
|    ent_coef        | 2.58      |
|    ent_coef_loss   | -0.116    |
|    learning_rate   | 0.0003    |
|    n_updates       | 156521    |
----------------------------------
----------------------------------
| rollout/           |           |
|    ep_len_mean     | 1e+03     |
|    ep_rew_mean     | 2.23e+04  |
| time/              |           |
|    episodes        | 208       |
|    fps             | 66        |
|    time_elapsed    | 2429      |
|    total_timesteps | 161522    |
| train/             |           |
|    actor_loss      | -1.75e+03 |
|    critic_loss     | 36.2      |
|    ent_coef        | 2.67      |
|    ent_coef_loss   | -0.0985   |
|    learning_rate   | 0.0003    |
|    n_updates       | 160521    |
----------------------------------
----------------------------------
| rollout/           |           |
|    ep_len_mean     | 1e+03     |
|    ep_rew_mean     | 2.24e+04  |
| time/              |           |
|    episodes        | 212       |
|    fps             | 66        |
|    time_elapsed    | 2504      |
|    total_timesteps | 165522    |
| train/             |           |
|    actor_loss      | -1.77e+03 |
|    critic_loss     | 83.2      |
|    ent_coef        | 2.64      |
|    ent_coef_loss   | -0.0751   |
|    learning_rate   | 0.0003    |
|    n_updates       | 164521    |
----------------------------------
----------------------------------
| rollout/           |           |
|    ep_len_mean     | 1e+03     |
|    ep_rew_mean     | 2.25e+04  |
| time/              |           |
|    episodes        | 216       |
|    fps             | 65        |
|    time_elapsed    | 2583      |
|    total_timesteps | 169522    |
| train/             |           |
|    actor_loss      | -1.78e+03 |
|    critic_loss     | 65.7      |
|    ent_coef        | 2.72      |
|    ent_coef_loss   | -0.204    |
|    learning_rate   | 0.0003    |
|    n_updates       | 168521    |
----------------------------------
----------------------------------
| rollout/           |           |
|    ep_len_mean     | 1e+03     |
|    ep_rew_mean     | 2.26e+04  |
| time/              |           |
|    episodes        | 220       |
|    fps             | 65        |
|    time_elapsed    | 2659      |
|    total_timesteps | 173522    |
| train/             |           |
|    actor_loss      | -1.78e+03 |
|    critic_loss     | 38.7      |
|    ent_coef        | 2.6       |
|    ent_coef_loss   | -0.0191   |
|    learning_rate   | 0.0003    |
|    n_updates       | 172521    |
----------------------------------
---------------------------------
| rollout/           |          |
|    ep_len_mean     | 1e+03    |
|    ep_rew_mean     | 2.27e+04 |
| time/              |          |
|    episodes        | 224      |
|    fps             | 64       |
|    time_elapsed    | 2742     |
|    total_timesteps | 177522   |
| train/             |          |
|    actor_loss      | -1.8e+03 |
|    critic_loss     | 26.2     |
|    ent_coef        | 2.57     |
|    ent_coef_loss   | 0.0198   |
|    learning_rate   | 0.0003   |
|    n_updates       | 176521   |
---------------------------------
----------------------------------
| rollout/           |           |
|    ep_len_mean     | 1e+03     |
|    ep_rew_mean     | 2.28e+04  |
| time/              |           |
|    episodes        | 228       |
|    fps             | 64        |
|    time_elapsed    | 2826      |
|    total_timesteps | 181522    |
| train/             |           |
|    actor_loss      | -1.81e+03 |
|    critic_loss     | 59.1      |
|    ent_coef        | 2.58      |
|    ent_coef_loss   | -0.109    |
|    learning_rate   | 0.0003    |
|    n_updates       | 180521    |
----------------------------------
----------------------------------
| rollout/           |           |
|    ep_len_mean     | 1e+03     |
|    ep_rew_mean     | 2.29e+04  |
| time/              |           |
|    episodes        | 232       |
|    fps             | 63        |
|    time_elapsed    | 2906      |
|    total_timesteps | 185522    |
| train/             |           |
|    actor_loss      | -1.82e+03 |
|    critic_loss     | 32.7      |
|    ent_coef        | 2.67      |
|    ent_coef_loss   | -0.112    |
|    learning_rate   | 0.0003    |
|    n_updates       | 184521    |
----------------------------------
---------------------------------
| rollout/           |          |
|    ep_len_mean     | 1e+03    |
|    ep_rew_mean     | 2.3e+04  |
| time/              |          |
|    episodes        | 236      |
|    fps             | 63       |
|    time_elapsed    | 2989     |
|    total_timesteps | 189522   |
| train/             |          |
|    actor_loss      | -1.8e+03 |
|    critic_loss     | 36       |
|    ent_coef        | 2.64     |
|    ent_coef_loss   | 0.0745   |
|    learning_rate   | 0.0003   |
|    n_updates       | 188521   |
---------------------------------
----------------------------------
| rollout/           |           |
|    ep_len_mean     | 1e+03     |
|    ep_rew_mean     | 2.3e+04   |
| time/              |           |
|    episodes        | 240       |
|    fps             | 62        |
|    time_elapsed    | 3072      |
|    total_timesteps | 193522    |
| train/             |           |
|    actor_loss      | -1.84e+03 |
|    critic_loss     | 133       |
|    ent_coef        | 2.66      |
|    ent_coef_loss   | 0.0291    |
|    learning_rate   | 0.0003    |
|    n_updates       | 192521    |
----------------------------------
----------------------------------
| rollout/           |           |
|    ep_len_mean     | 1e+03     |
|    ep_rew_mean     | 2.31e+04  |
| time/              |           |
|    episodes        | 244       |
|    fps             | 62        |
|    time_elapsed    | 3155      |
|    total_timesteps | 197522    |
| train/             |           |
|    actor_loss      | -1.86e+03 |
|    critic_loss     | 32.2      |
|    ent_coef        | 2.58      |
|    ent_coef_loss   | 0.0163    |
|    learning_rate   | 0.0003    |
|    n_updates       | 196521    |
----------------------------------
----------------------------------
| rollout/           |           |
|    ep_len_mean     | 1e+03     |
|    ep_rew_mean     | 2.32e+04  |
| time/              |           |
|    episodes        | 248       |
|    fps             | 62        |
|    time_elapsed    | 3239      |
|    total_timesteps | 201522    |
| train/             |           |
|    actor_loss      | -1.85e+03 |
|    critic_loss     | 31        |
|    ent_coef        | 2.71      |
|    ent_coef_loss   | -0.0168   |
|    learning_rate   | 0.0003    |
|    n_updates       | 200521    |
----------------------------------
----------------------------------
| rollout/           |           |
|    ep_len_mean     | 1e+03     |
|    ep_rew_mean     | 2.33e+04  |
| time/              |           |
|    episodes        | 252       |
|    fps             | 61        |
|    time_elapsed    | 3322      |
|    total_timesteps | 205522    |
| train/             |           |
|    actor_loss      | -1.89e+03 |
|    critic_loss     | 76.3      |
|    ent_coef        | 2.69      |
|    ent_coef_loss   | 0.0321    |
|    learning_rate   | 0.0003    |
|    n_updates       | 204521    |
----------------------------------
----------------------------------
| rollout/           |           |
|    ep_len_mean     | 1e+03     |
|    ep_rew_mean     | 2.34e+04  |
| time/              |           |
|    episodes        | 256       |
|    fps             | 61        |
|    time_elapsed    | 3407      |
|    total_timesteps | 209522    |
| train/             |           |
|    actor_loss      | -1.89e+03 |
|    critic_loss     | 1.66e+03  |
|    ent_coef        | 2.78      |
|    ent_coef_loss   | 0.076     |
|    learning_rate   | 0.0003    |
|    n_updates       | 208521    |
----------------------------------
---------------------------------
| rollout/           |          |
|    ep_len_mean     | 1e+03    |
|    ep_rew_mean     | 2.34e+04 |
| time/              |          |
|    episodes        | 260      |
|    fps             | 61       |
|    time_elapsed    | 3489     |
|    total_timesteps | 213522   |
| train/             |          |
|    actor_loss      | -1.9e+03 |
|    critic_loss     | 26.3     |
|    ent_coef        | 2.83     |
|    ent_coef_loss   | -0.113   |
|    learning_rate   | 0.0003   |
|    n_updates       | 212521   |
---------------------------------
----------------------------------
| rollout/           |           |
|    ep_len_mean     | 1e+03     |
|    ep_rew_mean     | 2.35e+04  |
| time/              |           |
|    episodes        | 264       |
|    fps             | 60        |
|    time_elapsed    | 3575      |
|    total_timesteps | 217522    |
| train/             |           |
|    actor_loss      | -1.91e+03 |
|    critic_loss     | 13.7      |
|    ent_coef        | 2.84      |
|    ent_coef_loss   | -0.0168   |
|    learning_rate   | 0.0003    |
|    n_updates       | 216521    |
----------------------------------
----------------------------------
| rollout/           |           |
|    ep_len_mean     | 1e+03     |
|    ep_rew_mean     | 2.36e+04  |
| time/              |           |
|    episodes        | 268       |
|    fps             | 60        |
|    time_elapsed    | 3660      |
|    total_timesteps | 221522    |
| train/             |           |
|    actor_loss      | -1.94e+03 |
|    critic_loss     | 28.5      |
|    ent_coef        | 2.66      |
|    ent_coef_loss   | 0.056     |
|    learning_rate   | 0.0003    |
|    n_updates       | 220521    |
----------------------------------
----------------------------------
| rollout/           |           |
|    ep_len_mean     | 1e+03     |
|    ep_rew_mean     | 2.37e+04  |
| time/              |           |
|    episodes        | 272       |
|    fps             | 60        |
|    time_elapsed    | 3744      |
|    total_timesteps | 225522    |
| train/             |           |
|    actor_loss      | -1.96e+03 |
|    critic_loss     | 15.3      |
|    ent_coef        | 2.62      |
|    ent_coef_loss   | -0.0277   |
|    learning_rate   | 0.0003    |
|    n_updates       | 224521    |
----------------------------------
----------------------------------
| rollout/           |           |
|    ep_len_mean     | 1e+03     |
|    ep_rew_mean     | 2.38e+04  |
| time/              |           |
|    episodes        | 276       |
|    fps             | 60        |
|    time_elapsed    | 3824      |
|    total_timesteps | 229522    |
| train/             |           |
|    actor_loss      | -1.98e+03 |
|    critic_loss     | 23.7      |
|    ent_coef        | 2.55      |
|    ent_coef_loss   | 0.148     |
|    learning_rate   | 0.0003    |
|    n_updates       | 228521    |
----------------------------------
----------------------------------
| rollout/           |           |
|    ep_len_mean     | 1e+03     |
|    ep_rew_mean     | 2.39e+04  |
| time/              |           |
|    episodes        | 280       |
|    fps             | 59        |
|    time_elapsed    | 3908      |
|    total_timesteps | 233522    |
| train/             |           |
|    actor_loss      | -2.02e+03 |
|    critic_loss     | 18.9      |
|    ent_coef        | 2.46      |
|    ent_coef_loss   | -0.021    |
|    learning_rate   | 0.0003    |
|    n_updates       | 232521    |
----------------------------------
----------------------------------
| rollout/           |           |
|    ep_len_mean     | 1e+03     |
|    ep_rew_mean     | 2.4e+04   |
| time/              |           |
|    episodes        | 284       |
|    fps             | 59        |
|    time_elapsed    | 3998      |
|    total_timesteps | 237522    |
| train/             |           |
|    actor_loss      | -2.04e+03 |
|    critic_loss     | 18.8      |
|    ent_coef        | 2.35      |
|    ent_coef_loss   | 0.00155   |
|    learning_rate   | 0.0003    |
|    n_updates       | 236521    |
----------------------------------
----------------------------------
| rollout/           |           |
|    ep_len_mean     | 1e+03     |
|    ep_rew_mean     | 2.41e+04  |
| time/              |           |
|    episodes        | 288       |
|    fps             | 59        |
|    time_elapsed    | 4086      |
|    total_timesteps | 241522    |
| train/             |           |
|    actor_loss      | -2.07e+03 |
|    critic_loss     | 11.7      |
|    ent_coef        | 2.34      |
|    ent_coef_loss   | -0.0261   |
|    learning_rate   | 0.0003    |
|    n_updates       | 240521    |
----------------------------------
---------------------------------
| rollout/           |          |
|    ep_len_mean     | 1e+03    |
|    ep_rew_mean     | 2.42e+04 |
| time/              |          |
|    episodes        | 292      |
|    fps             | 58       |
|    time_elapsed    | 4165     |
|    total_timesteps | 245522   |
| train/             |          |
|    actor_loss      | -2.1e+03 |
|    critic_loss     | 13.2     |
|    ent_coef        | 2.35     |
|    ent_coef_loss   | 0.104    |
|    learning_rate   | 0.0003   |
|    n_updates       | 244521   |
---------------------------------
----------------------------------
| rollout/           |           |
|    ep_len_mean     | 1e+03     |
|    ep_rew_mean     | 2.43e+04  |
| time/              |           |
|    episodes        | 296       |
|    fps             | 58        |
|    time_elapsed    | 4243      |
|    total_timesteps | 249522    |
| train/             |           |
|    actor_loss      | -2.12e+03 |
|    critic_loss     | 16.4      |
|    ent_coef        | 2.36      |
|    ent_coef_loss   | 0.000517  |
|    learning_rate   | 0.0003    |
|    n_updates       | 248521    |
----------------------------------
----------------------------------
| rollout/           |           |
|    ep_len_mean     | 1e+03     |
|    ep_rew_mean     | 2.44e+04  |
| time/              |           |
|    episodes        | 300       |
|    fps             | 58        |
|    time_elapsed    | 4322      |
|    total_timesteps | 253522    |
| train/             |           |
|    actor_loss      | -2.14e+03 |
|    critic_loss     | 20.7      |
|    ent_coef        | 2.3       |
|    ent_coef_loss   | 0.0722    |
|    learning_rate   | 0.0003    |
|    n_updates       | 252521    |
----------------------------------
----------------------------------
| rollout/           |           |
|    ep_len_mean     | 1e+03     |
|    ep_rew_mean     | 2.45e+04  |
| time/              |           |
|    episodes        | 304       |
|    fps             | 58        |
|    time_elapsed    | 4405      |
|    total_timesteps | 257522    |
| train/             |           |
|    actor_loss      | -2.16e+03 |
|    critic_loss     | 17.8      |
|    ent_coef        | 2.23      |
|    ent_coef_loss   | -0.0919   |
|    learning_rate   | 0.0003    |
|    n_updates       | 256521    |
----------------------------------
----------------------------------
| rollout/           |           |
|    ep_len_mean     | 1e+03     |
|    ep_rew_mean     | 2.46e+04  |
| time/              |           |
|    episodes        | 308       |
|    fps             | 58        |
|    time_elapsed    | 4493      |
|    total_timesteps | 261522    |
| train/             |           |
|    actor_loss      | -2.18e+03 |
|    critic_loss     | 13.6      |
|    ent_coef        | 2.16      |
|    ent_coef_loss   | 0.102     |
|    learning_rate   | 0.0003    |
|    n_updates       | 260521    |
----------------------------------
----------------------------------
| rollout/           |           |
|    ep_len_mean     | 997       |
|    ep_rew_mean     | 2.47e+04  |
| time/              |           |
|    episodes        | 312       |
|    fps             | 57        |
|    time_elapsed    | 4574      |
|    total_timesteps | 265182    |
| train/             |           |
|    actor_loss      | -2.19e+03 |
|    critic_loss     | 11.1      |
|    ent_coef        | 2.1       |
|    ent_coef_loss   | 0.00206   |
|    learning_rate   | 0.0003    |
|    n_updates       | 264181    |
----------------------------------
----------------------------------
| rollout/           |           |
|    ep_len_mean     | 997       |
|    ep_rew_mean     | 2.48e+04  |
| time/              |           |
|    episodes        | 316       |
|    fps             | 57        |
|    time_elapsed    | 4661      |
|    total_timesteps | 269182    |
| train/             |           |
|    actor_loss      | -2.24e+03 |
|    critic_loss     | 21.4      |
|    ent_coef        | 2.06      |
|    ent_coef_loss   | -0.0557   |
|    learning_rate   | 0.0003    |
|    n_updates       | 268181    |
----------------------------------
----------------------------------
| rollout/           |           |
|    ep_len_mean     | 997       |
|    ep_rew_mean     | 2.49e+04  |
| time/              |           |
|    episodes        | 320       |
|    fps             | 57        |
|    time_elapsed    | 4746      |
|    total_timesteps | 273182    |
| train/             |           |
|    actor_loss      | -2.25e+03 |
|    critic_loss     | 15.7      |
|    ent_coef        | 1.99      |
|    ent_coef_loss   | 0.0311    |
|    learning_rate   | 0.0003    |
|    n_updates       | 272181    |
----------------------------------
----------------------------------
| rollout/           |           |
|    ep_len_mean     | 997       |
|    ep_rew_mean     | 2.5e+04   |
| time/              |           |
|    episodes        | 324       |
|    fps             | 57        |
|    time_elapsed    | 4830      |
|    total_timesteps | 277182    |
| train/             |           |
|    actor_loss      | -2.27e+03 |
|    critic_loss     | 22.8      |
|    ent_coef        | 1.92      |
|    ent_coef_loss   | -0.051    |
|    learning_rate   | 0.0003    |
|    n_updates       | 276181    |
----------------------------------
----------------------------------
| rollout/           |           |
|    ep_len_mean     | 997       |
|    ep_rew_mean     | 2.51e+04  |
| time/              |           |
|    episodes        | 328       |
|    fps             | 57        |
|    time_elapsed    | 4914      |
|    total_timesteps | 281182    |
| train/             |           |
|    actor_loss      | -2.25e+03 |
|    critic_loss     | 11.6      |
|    ent_coef        | 1.9       |
|    ent_coef_loss   | 0.0112    |
|    learning_rate   | 0.0003    |
|    n_updates       | 280181    |
----------------------------------
----------------------------------
| rollout/           |           |
|    ep_len_mean     | 997       |
|    ep_rew_mean     | 2.52e+04  |
| time/              |           |
|    episodes        | 332       |
|    fps             | 57        |
|    time_elapsed    | 4994      |
|    total_timesteps | 285182    |
| train/             |           |
|    actor_loss      | -2.32e+03 |
|    critic_loss     | 7.93      |
|    ent_coef        | 1.85      |
|    ent_coef_loss   | 0.023     |
|    learning_rate   | 0.0003    |
|    n_updates       | 284181    |
----------------------------------
----------------------------------
| rollout/           |           |
|    ep_len_mean     | 997       |
|    ep_rew_mean     | 2.53e+04  |
| time/              |           |
|    episodes        | 336       |
|    fps             | 56        |
|    time_elapsed    | 5074      |
|    total_timesteps | 289182    |
| train/             |           |
|    actor_loss      | -2.31e+03 |
|    critic_loss     | 12.2      |
|    ent_coef        | 1.8       |
|    ent_coef_loss   | 0.0978    |
|    learning_rate   | 0.0003    |
|    n_updates       | 288181    |
----------------------------------
----------------------------------
| rollout/           |           |
|    ep_len_mean     | 997       |
|    ep_rew_mean     | 2.54e+04  |
| time/              |           |
|    episodes        | 340       |
|    fps             | 56        |
|    time_elapsed    | 5154      |
|    total_timesteps | 293182    |
| train/             |           |
|    actor_loss      | -2.28e+03 |
|    critic_loss     | 8.15      |
|    ent_coef        | 1.81      |
|    ent_coef_loss   | -0.0164   |
|    learning_rate   | 0.0003    |
|    n_updates       | 292181    |
----------------------------------
----------------------------------
| rollout/           |           |
|    ep_len_mean     | 997       |
|    ep_rew_mean     | 2.55e+04  |
| time/              |           |
|    episodes        | 344       |
|    fps             | 56        |
|    time_elapsed    | 5235      |
|    total_timesteps | 297182    |
| train/             |           |
|    actor_loss      | -2.36e+03 |
|    critic_loss     | 20.7      |
|    ent_coef        | 1.76      |
|    ent_coef_loss   | -0.0125   |
|    learning_rate   | 0.0003    |
|    n_updates       | 296181    |
----------------------------------
----------------------------------
| rollout/           |           |
|    ep_len_mean     | 997       |
|    ep_rew_mean     | 2.56e+04  |
| time/              |           |
|    episodes        | 348       |
|    fps             | 56        |
|    time_elapsed    | 5314      |
|    total_timesteps | 301182    |
| train/             |           |
|    actor_loss      | -2.36e+03 |
|    critic_loss     | 10.7      |
|    ent_coef        | 1.77      |
|    ent_coef_loss   | -0.0143   |
|    learning_rate   | 0.0003    |
|    n_updates       | 300181    |
----------------------------------
----------------------------------
| rollout/           |           |
|    ep_len_mean     | 997       |
|    ep_rew_mean     | 2.57e+04  |
| time/              |           |
|    episodes        | 352       |
|    fps             | 56        |
|    time_elapsed    | 5395      |
|    total_timesteps | 305182    |
| train/             |           |
|    actor_loss      | -2.35e+03 |
|    critic_loss     | 15.8      |
|    ent_coef        | 1.77      |
|    ent_coef_loss   | 0.0231    |
|    learning_rate   | 0.0003    |
|    n_updates       | 304181    |
----------------------------------
----------------------------------
| rollout/           |           |
|    ep_len_mean     | 997       |
|    ep_rew_mean     | 2.58e+04  |
| time/              |           |
|    episodes        | 356       |
|    fps             | 56        |
|    time_elapsed    | 5475      |
|    total_timesteps | 309182    |
| train/             |           |
|    actor_loss      | -2.37e+03 |
|    critic_loss     | 11.3      |
|    ent_coef        | 1.76      |
|    ent_coef_loss   | 0.0243    |
|    learning_rate   | 0.0003    |
|    n_updates       | 308181    |
----------------------------------
----------------------------------
| rollout/           |           |
|    ep_len_mean     | 997       |
|    ep_rew_mean     | 2.59e+04  |
| time/              |           |
|    episodes        | 360       |
|    fps             | 56        |
|    time_elapsed    | 5555      |
|    total_timesteps | 313182    |
| train/             |           |
|    actor_loss      | -2.39e+03 |
|    critic_loss     | 10.8      |
|    ent_coef        | 1.73      |
|    ent_coef_loss   | -0.0074   |
|    learning_rate   | 0.0003    |
|    n_updates       | 312181    |
----------------------------------
----------------------------------
| rollout/           |           |
|    ep_len_mean     | 990       |
|    ep_rew_mean     | 2.58e+04  |
| time/              |           |
|    episodes        | 364       |
|    fps             | 56        |
|    time_elapsed    | 5622      |
|    total_timesteps | 316520    |
| train/             |           |
|    actor_loss      | -2.41e+03 |
|    critic_loss     | 16.5      |
|    ent_coef        | 1.74      |
|    ent_coef_loss   | 0.0339    |
|    learning_rate   | 0.0003    |
|    n_updates       | 315519    |
----------------------------------
----------------------------------
| rollout/           |           |
|    ep_len_mean     | 990       |
|    ep_rew_mean     | 2.58e+04  |
| time/              |           |
|    episodes        | 368       |
|    fps             | 56        |
|    time_elapsed    | 5702      |
|    total_timesteps | 320520    |
| train/             |           |
|    actor_loss      | -2.42e+03 |
|    critic_loss     | 11.3      |
|    ent_coef        | 1.82      |
|    ent_coef_loss   | -0.0254   |
|    learning_rate   | 0.0003    |
|    n_updates       | 319519    |
----------------------------------
----------------------------------
| rollout/           |           |
|    ep_len_mean     | 990       |
|    ep_rew_mean     | 2.59e+04  |
| time/              |           |
|    episodes        | 372       |
|    fps             | 56        |
|    time_elapsed    | 5781      |
|    total_timesteps | 324520    |
| train/             |           |
|    actor_loss      | -2.41e+03 |
|    critic_loss     | 10        |
|    ent_coef        | 1.72      |
|    ent_coef_loss   | -0.0233   |
|    learning_rate   | 0.0003    |
|    n_updates       | 323519    |
----------------------------------
----------------------------------
| rollout/           |           |
|    ep_len_mean     | 990       |
|    ep_rew_mean     | 2.6e+04   |
| time/              |           |
|    episodes        | 376       |
|    fps             | 56        |
|    time_elapsed    | 5861      |
|    total_timesteps | 328520    |
| train/             |           |
|    actor_loss      | -2.41e+03 |
|    critic_loss     | 8.92      |
|    ent_coef        | 1.66      |
|    ent_coef_loss   | -0.0112   |
|    learning_rate   | 0.0003    |
|    n_updates       | 327519    |
----------------------------------
----------------------------------
| rollout/           |           |
|    ep_len_mean     | 990       |
|    ep_rew_mean     | 2.6e+04   |
| time/              |           |
|    episodes        | 380       |
|    fps             | 55        |
|    time_elapsed    | 5941      |
|    total_timesteps | 332520    |
| train/             |           |
|    actor_loss      | -2.43e+03 |
|    critic_loss     | 11.9      |
|    ent_coef        | 1.64      |
|    ent_coef_loss   | -0.0365   |
|    learning_rate   | 0.0003    |
|    n_updates       | 331519    |
----------------------------------
----------------------------------
| rollout/           |           |
|    ep_len_mean     | 990       |
|    ep_rew_mean     | 2.61e+04  |
| time/              |           |
|    episodes        | 384       |
|    fps             | 55        |
|    time_elapsed    | 6022      |
|    total_timesteps | 336520    |
| train/             |           |
|    actor_loss      | -2.45e+03 |
|    critic_loss     | 128       |
|    ent_coef        | 1.52      |
|    ent_coef_loss   | -0.0303   |
|    learning_rate   | 0.0003    |
|    n_updates       | 335519    |
----------------------------------
----------------------------------
| rollout/           |           |
|    ep_len_mean     | 988       |
|    ep_rew_mean     | 2.61e+04  |
| time/              |           |
|    episodes        | 388       |
|    fps             | 55        |
|    time_elapsed    | 6099      |
|    total_timesteps | 340345    |
| train/             |           |
|    actor_loss      | -2.45e+03 |
|    critic_loss     | 7.5       |
|    ent_coef        | 1.5       |
|    ent_coef_loss   | -0.0185   |
|    learning_rate   | 0.0003    |
|    n_updates       | 339344    |
----------------------------------
----------------------------------
| rollout/           |           |
|    ep_len_mean     | 988       |
|    ep_rew_mean     | 2.61e+04  |
| time/              |           |
|    episodes        | 392       |
|    fps             | 55        |
|    time_elapsed    | 6180      |
|    total_timesteps | 344345    |
| train/             |           |
|    actor_loss      | -2.48e+03 |
|    critic_loss     | 37.6      |
|    ent_coef        | 1.57      |
|    ent_coef_loss   | 0.0253    |
|    learning_rate   | 0.0003    |
|    n_updates       | 343344    |
----------------------------------
----------------------------------
| rollout/           |           |
|    ep_len_mean     | 988       |
|    ep_rew_mean     | 2.61e+04  |
| time/              |           |
|    episodes        | 396       |
|    fps             | 55        |
|    time_elapsed    | 6260      |
|    total_timesteps | 348345    |
| train/             |           |
|    actor_loss      | -2.46e+03 |
|    critic_loss     | 9.02      |
|    ent_coef        | 1.54      |
|    ent_coef_loss   | 0.0116    |
|    learning_rate   | 0.0003    |
|    n_updates       | 347344    |
----------------------------------
----------------------------------
| rollout/           |           |
|    ep_len_mean     | 988       |
|    ep_rew_mean     | 2.62e+04  |
| time/              |           |
|    episodes        | 400       |
|    fps             | 55        |
|    time_elapsed    | 6340      |
|    total_timesteps | 352345    |
| train/             |           |
|    actor_loss      | -2.47e+03 |
|    critic_loss     | 12.5      |
|    ent_coef        | 1.46      |
|    ent_coef_loss   | -0.0344   |
|    learning_rate   | 0.0003    |
|    n_updates       | 351344    |
----------------------------------
----------------------------------
| rollout/           |           |
|    ep_len_mean     | 988       |
|    ep_rew_mean     | 2.62e+04  |
| time/              |           |
|    episodes        | 404       |
|    fps             | 55        |
|    time_elapsed    | 6421      |
|    total_timesteps | 356345    |
| train/             |           |
|    actor_loss      | -2.47e+03 |
|    critic_loss     | 7.43      |
|    ent_coef        | 1.48      |
|    ent_coef_loss   | -0.0104   |
|    learning_rate   | 0.0003    |
|    n_updates       | 355344    |
----------------------------------
---------------------------------
| rollout/           |          |
|    ep_len_mean     | 973      |
|    ep_rew_mean     | 2.58e+04 |
| time/              |          |
|    episodes        | 408      |
|    fps             | 55       |
|    time_elapsed    | 6471     |
|    total_timesteps | 358862   |
| train/             |          |
|    actor_loss      | -2.5e+03 |
|    critic_loss     | 7.96     |
|    ent_coef        | 1.48     |
|    ent_coef_loss   | 0.0208   |
|    learning_rate   | 0.0003   |
|    n_updates       | 357861   |
---------------------------------
----------------------------------
| rollout/           |           |
|    ep_len_mean     | 977       |
|    ep_rew_mean     | 2.59e+04  |
| time/              |           |
|    episodes        | 412       |
|    fps             | 55        |
|    time_elapsed    | 6551      |
|    total_timesteps | 362862    |
| train/             |           |
|    actor_loss      | -2.49e+03 |
|    critic_loss     | 30.3      |
|    ent_coef        | 1.39      |
|    ent_coef_loss   | 0.0159    |
|    learning_rate   | 0.0003    |
|    n_updates       | 361861    |
----------------------------------
----------------------------------
| rollout/           |           |
|    ep_len_mean     | 977       |
|    ep_rew_mean     | 2.6e+04   |
| time/              |           |
|    episodes        | 416       |
|    fps             | 55        |
|    time_elapsed    | 6631      |
|    total_timesteps | 366862    |
| train/             |           |
|    actor_loss      | -2.51e+03 |
|    critic_loss     | 5.05      |
|    ent_coef        | 1.47      |
|    ent_coef_loss   | -0.0683   |
|    learning_rate   | 0.0003    |
|    n_updates       | 365861    |
----------------------------------
---------------------------------
| rollout/           |          |
|    ep_len_mean     | 977      |
|    ep_rew_mean     | 2.6e+04  |
| time/              |          |
|    episodes        | 420      |
|    fps             | 55       |
|    time_elapsed    | 6712     |
|    total_timesteps | 370862   |
| train/             |          |
|    actor_loss      | -2.5e+03 |
|    critic_loss     | 10.6     |
|    ent_coef        | 1.42     |
|    ent_coef_loss   | 0.0354   |
|    learning_rate   | 0.0003   |
|    n_updates       | 369861   |
---------------------------------
----------------------------------
| rollout/           |           |
|    ep_len_mean     | 977       |
|    ep_rew_mean     | 2.6e+04   |
| time/              |           |
|    episodes        | 424       |
|    fps             | 55        |
|    time_elapsed    | 6792      |
|    total_timesteps | 374862    |
| train/             |           |
|    actor_loss      | -2.52e+03 |
|    critic_loss     | 11.5      |
|    ent_coef        | 1.42      |
|    ent_coef_loss   | -0.0248   |
|    learning_rate   | 0.0003    |
|    n_updates       | 373861    |
----------------------------------
----------------------------------
| rollout/           |           |
|    ep_len_mean     | 977       |
|    ep_rew_mean     | 2.61e+04  |
| time/              |           |
|    episodes        | 428       |
|    fps             | 55        |
|    time_elapsed    | 6877      |
|    total_timesteps | 378862    |
| train/             |           |
|    actor_loss      | -2.54e+03 |
|    critic_loss     | 5.6       |
|    ent_coef        | 1.46      |
|    ent_coef_loss   | 0.0245    |
|    learning_rate   | 0.0003    |
|    n_updates       | 377861    |
----------------------------------
----------------------------------
| rollout/           |           |
|    ep_len_mean     | 969       |
|    ep_rew_mean     | 2.59e+04  |
| time/              |           |
|    episodes        | 432       |
|    fps             | 55        |
|    time_elapsed    | 6945      |
|    total_timesteps | 382060    |
| train/             |           |
|    actor_loss      | -2.52e+03 |
|    critic_loss     | 6.9       |
|    ent_coef        | 1.51      |
|    ent_coef_loss   | -0.0317   |
|    learning_rate   | 0.0003    |
|    n_updates       | 381059    |
----------------------------------
----------------------------------
| rollout/           |           |
|    ep_len_mean     | 962       |
|    ep_rew_mean     | 2.57e+04  |
| time/              |           |
|    episodes        | 436       |
|    fps             | 54        |
|    time_elapsed    | 7015      |
|    total_timesteps | 385377    |
| train/             |           |
|    actor_loss      | -2.51e+03 |
|    critic_loss     | 7.04      |
|    ent_coef        | 1.34      |
|    ent_coef_loss   | -0.0345   |
|    learning_rate   | 0.0003    |
|    n_updates       | 384376    |
----------------------------------
----------------------------------
| rollout/           |           |
|    ep_len_mean     | 962       |
|    ep_rew_mean     | 2.57e+04  |
| time/              |           |
|    episodes        | 440       |
|    fps             | 54        |
|    time_elapsed    | 7093      |
|    total_timesteps | 389377    |
| train/             |           |
|    actor_loss      | -2.54e+03 |
|    critic_loss     | 9.23      |
|    ent_coef        | 1.47      |
|    ent_coef_loss   | 0.0878    |
|    learning_rate   | 0.0003    |
|    n_updates       | 388376    |
----------------------------------
----------------------------------
| rollout/           |           |
|    ep_len_mean     | 962       |
|    ep_rew_mean     | 2.58e+04  |
| time/              |           |
|    episodes        | 444       |
|    fps             | 54        |
|    time_elapsed    | 7174      |
|    total_timesteps | 393377    |
| train/             |           |
|    actor_loss      | -2.54e+03 |
|    critic_loss     | 6.43      |
|    ent_coef        | 1.54      |
|    ent_coef_loss   | 0.0413    |
|    learning_rate   | 0.0003    |
|    n_updates       | 392376    |
----------------------------------
----------------------------------
| rollout/           |           |
|    ep_len_mean     | 962       |
|    ep_rew_mean     | 2.58e+04  |
| time/              |           |
|    episodes        | 448       |
|    fps             | 54        |
|    time_elapsed    | 7238      |
|    total_timesteps | 397377    |
| train/             |           |
|    actor_loss      | -2.54e+03 |
|    critic_loss     | 6.08      |
|    ent_coef        | 1.39      |
|    ent_coef_loss   | -0.0063   |
|    learning_rate   | 0.0003    |
|    n_updates       | 396376    |
----------------------------------
----------------------------------
| rollout/           |           |
|    ep_len_mean     | 962       |
|    ep_rew_mean     | 2.59e+04  |
| time/              |           |
|    episodes        | 452       |
|    fps             | 55        |
|    time_elapsed    | 7293      |
|    total_timesteps | 401377    |
| train/             |           |
|    actor_loss      | -2.55e+03 |
|    critic_loss     | 6.16      |
|    ent_coef        | 1.4       |
|    ent_coef_loss   | -0.0217   |
|    learning_rate   | 0.0003    |
|    n_updates       | 400376    |
----------------------------------
----------------------------------
| rollout/           |           |
|    ep_len_mean     | 962       |
|    ep_rew_mean     | 2.59e+04  |
| time/              |           |
|    episodes        | 456       |
|    fps             | 55        |
|    time_elapsed    | 7352      |
|    total_timesteps | 405377    |
| train/             |           |
|    actor_loss      | -2.55e+03 |
|    critic_loss     | 8.94      |
|    ent_coef        | 1.4       |
|    ent_coef_loss   | -0.0107   |
|    learning_rate   | 0.0003    |
|    n_updates       | 404376    |
----------------------------------
----------------------------------
| rollout/           |           |
|    ep_len_mean     | 962       |
|    ep_rew_mean     | 2.59e+04  |
| time/              |           |
|    episodes        | 460       |
|    fps             | 55        |
|    time_elapsed    | 7412      |
|    total_timesteps | 409377    |
| train/             |           |
|    actor_loss      | -2.56e+03 |
|    critic_loss     | 6.41      |
|    ent_coef        | 1.29      |
|    ent_coef_loss   | 0.0117    |
|    learning_rate   | 0.0003    |
|    n_updates       | 408376    |
----------------------------------
----------------------------------
| rollout/           |           |
|    ep_len_mean     | 969       |
|    ep_rew_mean     | 2.61e+04  |
| time/              |           |
|    episodes        | 464       |
|    fps             | 55        |
|    time_elapsed    | 7470      |
|    total_timesteps | 413377    |
| train/             |           |
|    actor_loss      | -2.57e+03 |
|    critic_loss     | 5.04      |
|    ent_coef        | 1.31      |
|    ent_coef_loss   | 0.000594  |
|    learning_rate   | 0.0003    |
|    n_updates       | 412376    |
----------------------------------
----------------------------------
| rollout/           |           |
|    ep_len_mean     | 969       |
|    ep_rew_mean     | 2.62e+04  |
| time/              |           |
|    episodes        | 468       |
|    fps             | 55        |
|    time_elapsed    | 7528      |
|    total_timesteps | 417377    |
| train/             |           |
|    actor_loss      | -2.56e+03 |
|    critic_loss     | 6.14      |
|    ent_coef        | 1.27      |
|    ent_coef_loss   | -0.0195   |
|    learning_rate   | 0.0003    |
|    n_updates       | 416376    |
----------------------------------
----------------------------------
| rollout/           |           |
|    ep_len_mean     | 969       |
|    ep_rew_mean     | 2.62e+04  |
| time/              |           |
|    episodes        | 472       |
|    fps             | 55        |
|    time_elapsed    | 7587      |
|    total_timesteps | 421377    |
| train/             |           |
|    actor_loss      | -2.57e+03 |
|    critic_loss     | 4.42      |
|    ent_coef        | 1.3       |
|    ent_coef_loss   | 0.0106    |
|    learning_rate   | 0.0003    |
|    n_updates       | 420376    |
----------------------------------
----------------------------------
| rollout/           |           |
|    ep_len_mean     | 969       |
|    ep_rew_mean     | 2.63e+04  |
| time/              |           |
|    episodes        | 476       |
|    fps             | 55        |
|    time_elapsed    | 7645      |
|    total_timesteps | 425377    |
| train/             |           |
|    actor_loss      | -2.58e+03 |
|    critic_loss     | 8.7       |
|    ent_coef        | 1.28      |
|    ent_coef_loss   | 0.00149   |
|    learning_rate   | 0.0003    |
|    n_updates       | 424376    |
----------------------------------
----------------------------------
| rollout/           |           |
|    ep_len_mean     | 969       |
|    ep_rew_mean     | 2.63e+04  |
| time/              |           |
|    episodes        | 480       |
|    fps             | 55        |
|    time_elapsed    | 7703      |
|    total_timesteps | 429377    |
| train/             |           |
|    actor_loss      | -2.58e+03 |
|    critic_loss     | 100       |
|    ent_coef        | 1.26      |
|    ent_coef_loss   | 0.000148  |
|    learning_rate   | 0.0003    |
|    n_updates       | 428376    |
----------------------------------
----------------------------------
| rollout/           |           |
|    ep_len_mean     | 969       |
|    ep_rew_mean     | 2.63e+04  |
| time/              |           |
|    episodes        | 484       |
|    fps             | 55        |
|    time_elapsed    | 7757      |
|    total_timesteps | 433377    |
| train/             |           |
|    actor_loss      | -2.57e+03 |
|    critic_loss     | 12.3      |
|    ent_coef        | 1.27      |
|    ent_coef_loss   | -0.00936  |
|    learning_rate   | 0.0003    |
|    n_updates       | 432376    |
----------------------------------
----------------------------------
| rollout/           |           |
|    ep_len_mean     | 970       |
|    ep_rew_mean     | 2.64e+04  |
| time/              |           |
|    episodes        | 488       |
|    fps             | 55        |
|    time_elapsed    | 7813      |
|    total_timesteps | 437377    |
| train/             |           |
|    actor_loss      | -2.58e+03 |
|    critic_loss     | 5.6       |
|    ent_coef        | 1.18      |
|    ent_coef_loss   | -0.017    |
|    learning_rate   | 0.0003    |
|    n_updates       | 436376    |
----------------------------------
----------------------------------
| rollout/           |           |
|    ep_len_mean     | 970       |
|    ep_rew_mean     | 2.65e+04  |
| time/              |           |
|    episodes        | 492       |
|    fps             | 56        |
|    time_elapsed    | 7866      |
|    total_timesteps | 441377    |
| train/             |           |
|    actor_loss      | -2.59e+03 |
|    critic_loss     | 5.43      |
|    ent_coef        | 1.3       |
|    ent_coef_loss   | -0.00398  |
|    learning_rate   | 0.0003    |
|    n_updates       | 440376    |
----------------------------------
----------------------------------
| rollout/           |           |
|    ep_len_mean     | 970       |
|    ep_rew_mean     | 2.65e+04  |
| time/              |           |
|    episodes        | 496       |
|    fps             | 56        |
|    time_elapsed    | 7920      |
|    total_timesteps | 445377    |
| train/             |           |
|    actor_loss      | -2.61e+03 |
|    critic_loss     | 5.55      |
|    ent_coef        | 1.41      |
|    ent_coef_loss   | -0.00603  |
|    learning_rate   | 0.0003    |
|    n_updates       | 444376    |
----------------------------------
----------------------------------
| rollout/           |           |
|    ep_len_mean     | 970       |
|    ep_rew_mean     | 2.65e+04  |
| time/              |           |
|    episodes        | 500       |
|    fps             | 56        |
|    time_elapsed    | 7974      |
|    total_timesteps | 449377    |
| train/             |           |
|    actor_loss      | -2.58e+03 |
|    critic_loss     | 8.68      |
|    ent_coef        | 1.3       |
|    ent_coef_loss   | 0.00766   |
|    learning_rate   | 0.0003    |
|    n_updates       | 448376    |
----------------------------------
----------------------------------
| rollout/           |           |
|    ep_len_mean     | 970       |
|    ep_rew_mean     | 2.66e+04  |
| time/              |           |
|    episodes        | 504       |
|    fps             | 56        |
|    time_elapsed    | 8033      |
|    total_timesteps | 453377    |
| train/             |           |
|    actor_loss      | -2.59e+03 |
|    critic_loss     | 8.49      |
|    ent_coef        | 1.39      |
|    ent_coef_loss   | -0.0257   |
|    learning_rate   | 0.0003    |
|    n_updates       | 452376    |
----------------------------------
---------------------------------
| rollout/           |          |
|    ep_len_mean     | 985      |
|    ep_rew_mean     | 2.71e+04 |
| time/              |          |
|    episodes        | 508      |
|    fps             | 56       |
|    time_elapsed    | 8092     |
|    total_timesteps | 457377   |
| train/             |          |
|    actor_loss      | -2.6e+03 |
|    critic_loss     | 6.89     |
|    ent_coef        | 1.57     |
|    ent_coef_loss   | 0.0582   |
|    learning_rate   | 0.0003   |
|    n_updates       | 456376   |
---------------------------------
----------------------------------
| rollout/           |           |
|    ep_len_mean     | 985       |
|    ep_rew_mean     | 2.71e+04  |
| time/              |           |
|    episodes        | 512       |
|    fps             | 56        |
|    time_elapsed    | 8152      |
|    total_timesteps | 461377    |
| train/             |           |
|    actor_loss      | -2.61e+03 |
|    critic_loss     | 9.13      |
|    ent_coef        | 1.55      |
|    ent_coef_loss   | 0.0021    |
|    learning_rate   | 0.0003    |
|    n_updates       | 460376    |
----------------------------------
----------------------------------
| rollout/           |           |
|    ep_len_mean     | 985       |
|    ep_rew_mean     | 2.72e+04  |
| time/              |           |
|    episodes        | 516       |
|    fps             | 56        |
|    time_elapsed    | 8209      |
|    total_timesteps | 465377    |
| train/             |           |
|    actor_loss      | -2.63e+03 |
|    critic_loss     | 12.4      |
|    ent_coef        | 1.49      |
|    ent_coef_loss   | -0.0188   |
|    learning_rate   | 0.0003    |
|    n_updates       | 464376    |
----------------------------------
----------------------------------
| rollout/           |           |
|    ep_len_mean     | 985       |
|    ep_rew_mean     | 2.72e+04  |
| time/              |           |
|    episodes        | 520       |
|    fps             | 56        |
|    time_elapsed    | 8265      |
|    total_timesteps | 469377    |
| train/             |           |
|    actor_loss      | -2.61e+03 |
|    critic_loss     | 6.02      |
|    ent_coef        | 1.57      |
|    ent_coef_loss   | -0.0429   |
|    learning_rate   | 0.0003    |
|    n_updates       | 468376    |
----------------------------------
----------------------------------
| rollout/           |           |
|    ep_len_mean     | 985       |
|    ep_rew_mean     | 2.73e+04  |
| time/              |           |
|    episodes        | 524       |
|    fps             | 56        |
|    time_elapsed    | 8320      |
|    total_timesteps | 473377    |
| train/             |           |
|    actor_loss      | -2.61e+03 |
|    critic_loss     | 8.36      |
|    ent_coef        | 1.53      |
|    ent_coef_loss   | -0.0269   |
|    learning_rate   | 0.0003    |
|    n_updates       | 472376    |
----------------------------------
----------------------------------
| rollout/           |           |
|    ep_len_mean     | 985       |
|    ep_rew_mean     | 2.73e+04  |
| time/              |           |
|    episodes        | 528       |
|    fps             | 56        |
|    time_elapsed    | 8377      |
|    total_timesteps | 477377    |
| train/             |           |
|    actor_loss      | -2.62e+03 |
|    critic_loss     | 7.13      |
|    ent_coef        | 1.61      |
|    ent_coef_loss   | 0.0422    |
|    learning_rate   | 0.0003    |
|    n_updates       | 476376    |
----------------------------------
----------------------------------
| rollout/           |           |
|    ep_len_mean     | 993       |
|    ep_rew_mean     | 2.76e+04  |
| time/              |           |
|    episodes        | 532       |
|    fps             | 57        |
|    time_elapsed    | 8434      |
|    total_timesteps | 481377    |
| train/             |           |
|    actor_loss      | -2.63e+03 |
|    critic_loss     | 6.65      |
|    ent_coef        | 1.48      |
|    ent_coef_loss   | -0.0157   |
|    learning_rate   | 0.0003    |
|    n_updates       | 480376    |
----------------------------------
----------------------------------
| rollout/           |           |
|    ep_len_mean     | 1e+03     |
|    ep_rew_mean     | 2.78e+04  |
| time/              |           |
|    episodes        | 536       |
|    fps             | 57        |
|    time_elapsed    | 8492      |
|    total_timesteps | 485377    |
| train/             |           |
|    actor_loss      | -2.63e+03 |
|    critic_loss     | 5.19      |
|    ent_coef        | 1.48      |
|    ent_coef_loss   | -0.0339   |
|    learning_rate   | 0.0003    |
|    n_updates       | 484376    |
----------------------------------
----------------------------------
| rollout/           |           |
|    ep_len_mean     | 1e+03     |
|    ep_rew_mean     | 2.79e+04  |
| time/              |           |
|    episodes        | 540       |
|    fps             | 57        |
|    time_elapsed    | 8556      |
|    total_timesteps | 489377    |
| train/             |           |
|    actor_loss      | -2.62e+03 |
|    critic_loss     | 5.73      |
|    ent_coef        | 1.47      |
|    ent_coef_loss   | -0.00767  |
|    learning_rate   | 0.0003    |
|    n_updates       | 488376    |
----------------------------------
----------------------------------
| rollout/           |           |
|    ep_len_mean     | 1e+03     |
|    ep_rew_mean     | 2.79e+04  |
| time/              |           |
|    episodes        | 544       |
|    fps             | 57        |
|    time_elapsed    | 8623      |
|    total_timesteps | 493377    |
| train/             |           |
|    actor_loss      | -2.64e+03 |
|    critic_loss     | 9.93      |
|    ent_coef        | 1.45      |
|    ent_coef_loss   | 2.03e-05  |
|    learning_rate   | 0.0003    |
|    n_updates       | 492376    |
----------------------------------
----------------------------------
| rollout/           |           |
|    ep_len_mean     | 1e+03     |
|    ep_rew_mean     | 2.79e+04  |
| time/              |           |
|    episodes        | 548       |
|    fps             | 57        |
|    time_elapsed    | 8684      |
|    total_timesteps | 497377    |
| train/             |           |
|    actor_loss      | -2.67e+03 |
|    critic_loss     | 4.4       |
|    ent_coef        | 1.44      |
|    ent_coef_loss   | -8.97e-05 |
|    learning_rate   | 0.0003    |
|    n_updates       | 496376    |
----------------------------------
[2026-08-16T13:52:40] Training complete in 8725.7s
[2026-08-16T13:52:40] Episodes: 550
[2026-08-16T13:52:40] Best reward: 28581.95
[2026-08-16T13:52:40] Mean reward (100ep): 27935.92
[2026-08-16T13:52:40] Final goal tolerance: 0.48
[2026-08-16T13:52:40] Curriculum stage: 1
[2026-08-16T13:52:40] Saved: {'model': 'C:\\Users\\ranjo\\OneDrive\\Desktop\\ARM-Model\\project_assets\\outputs\\ActuationComparison\\velocity_500k_seed202\\sac_model', 'history': 'C:\\Users\\ranjo\\OneDrive\\Desktop\\ARM-Model\\project_assets\\outputs\\ActuationComparison\\velocity_500k_seed202\\training_history.csv', 'stats': 'C:\\Users\\ranjo\\OneDrive\\Desktop\\ARM-Model\\project_assets\\outputs\\ActuationComparison\\velocity_500k_seed202\\training_stats.json'}
[2026-08-16T13:52:40] Running Fitts' Law sweep (10 trials per condition)...
[2026-08-16T13:53:03] Fitts sweep complete in 22.3s
[2026-08-16T13:53:03] Fitts: MT = -0.0011 + +0.0365 * ID, R^2 = 0.4869 (n_conditions = 19, trials_per_condition = 10)
[2026-08-16T13:53:03] Saved: C:\Users\ranjo\OneDrive\Desktop\ARM-Model\project_assets\outputs\ActuationComparison\velocity_500k_seed202\fitts_law.json
[2026-08-16T13:53:03] Saved: C:\Users\ranjo\OneDrive\Desktop\ARM-Model\project_assets\outputs\ActuationComparison\velocity_500k_seed202\fitts_law.png
[2026-08-16T13:53:03] Running 2/3 Power Law sweep (20 trials)...
[2026-08-16T13:53:05] Power Law sweep complete in 1.7s
[2026-08-16T13:53:05] Power Law: log V = -0.6678 + -0.2907 * log C, R = -0.3655, R^2 = 0.1336 (n_samples = 3621, n_trials = 0/20)
[2026-08-16T13:53:05] Saved: C:\Users\ranjo\OneDrive\Desktop\ARM-Model\project_assets\outputs\ActuationComparison\velocity_500k_seed202\power_law.json
[2026-08-16T13:53:05] Saved: C:\Users\ranjo\OneDrive\Desktop\ARM-Model\project_assets\outputs\ActuationComparison\velocity_500k_seed202\power_law.png
[2026-08-16T13:53:05] Session complete. Total wall time: 2:25:52.319729
[2026-08-16T13:53:05] ============================================================
