[2026-08-14T15:57:09] Starting Fischer session: algorithm=SAC, timesteps=500,000, direction=EAST, actuation=muscle, waypoints=[[0.2, 1.2], [2.2, 0.5], [1.0, -1.6]], seed=101
[2026-08-14T15:57:09] Save dir: C:\Users\ranjo\OneDrive\Desktop\ARM-Model\project_assets\outputs\Ablation\decrement_5\seed_101
[2026-08-14T15:57:09] Waypoint mode active: 3 waypoints, current_waypoint_index=0 at every episode reset
[2026-08-14T15:57:09] Ablation config: hold_decrement=5, hold_curriculum=on, curriculum_mode=eval
[2026-08-14T15:57:09] Waypoint mode: tolerance curriculum floor raised to 0.2 m (eval standard is 0.6 m)
[2026-08-14T15:57:09] Best-model checkpointing active: deterministic eval every 25K steps, best snapshot saved to sac_model_best.zip
Using cpu device
Wrapping the env with a `Monitor` wrapper
Wrapping the env in a DummyVecEnv.
[EvalCheckpoint] Active: eval every 25,000 steps, 5 deterministic episodes at production standard (tol 0.6 m, hold 20). Training starts at tol 0.6 m, hold 10. Best model -> C:\Users\ranjo\OneDrive\Desktop\ARM-Model\project_assets\outputs\Ablation\decrement_5\seed_101\sac_model_best
----------------------------------
| rollout/           |           |
|    ep_len_mean     | 1e+03     |
|    ep_rew_mean     | -5.64e+03 |
| time/              |           |
|    episodes        | 4         |
|    fps             | 104       |
|    time_elapsed    | 38        |
|    total_timesteps | 4000      |
| train/             |           |
|    actor_loss      | 53.6      |
|    critic_loss     | 0.758     |
|    ent_coef        | 0.409     |
|    ent_coef_loss   | -5.72     |
|    learning_rate   | 0.0003    |
|    n_updates       | 2999      |
----------------------------------
----------------------------------
| rollout/           |           |
|    ep_len_mean     | 1e+03     |
|    ep_rew_mean     | -4.88e+03 |
| time/              |           |
|    episodes        | 8         |
|    fps             | 93        |
|    time_elapsed    | 85        |
|    total_timesteps | 8000      |
| train/             |           |
|    actor_loss      | 105       |
|    critic_loss     | 19.5      |
|    ent_coef        | 0.138     |
|    ent_coef_loss   | -6.36     |
|    learning_rate   | 0.0003    |
|    n_updates       | 6999      |
----------------------------------
----------------------------------
| rollout/           |           |
|    ep_len_mean     | 1e+03     |
|    ep_rew_mean     | -4.73e+03 |
| time/              |           |
|    episodes        | 12        |
|    fps             | 89        |
|    time_elapsed    | 133       |
|    total_timesteps | 12000     |
| train/             |           |
|    actor_loss      | 119       |
|    critic_loss     | 4.44      |
|    ent_coef        | 0.129     |
|    ent_coef_loss   | -3        |
|    learning_rate   | 0.0003    |
|    n_updates       | 10999     |
----------------------------------
----------------------------------
| rollout/           |           |
|    ep_len_mean     | 1e+03     |
|    ep_rew_mean     | -4.32e+03 |
| time/              |           |
|    episodes        | 16        |
|    fps             | 88        |
|    time_elapsed    | 180       |
|    total_timesteps | 16000     |
| train/             |           |
|    actor_loss      | 111       |
|    critic_loss     | 8.01      |
|    ent_coef        | 0.0944    |
|    ent_coef_loss   | 2         |
|    learning_rate   | 0.0003    |
|    n_updates       | 14999     |
----------------------------------
----------------------------------
| rollout/           |           |
|    ep_len_mean     | 1e+03     |
|    ep_rew_mean     | -4.08e+03 |
| time/              |           |
|    episodes        | 20        |
|    fps             | 87        |
|    time_elapsed    | 228       |
|    total_timesteps | 20000     |
| train/             |           |
|    actor_loss      | 36.3      |
|    critic_loss     | 107       |
|    ent_coef        | 0.127     |
|    ent_coef_loss   | 1.4       |
|    learning_rate   | 0.0003    |
|    n_updates       | 18999     |
----------------------------------
---------------------------------
| rollout/           |          |
|    ep_len_mean     | 1e+03    |
|    ep_rew_mean     | -4.2e+03 |
| time/              |          |
|    episodes        | 24       |
|    fps             | 86       |
|    time_elapsed    | 276      |
|    total_timesteps | 24000    |
| train/             |          |
|    actor_loss      | 55.2     |
|    critic_loss     | 9.71     |
|    ent_coef        | 0.188    |
|    ent_coef_loss   | -0.15    |
|    learning_rate   | 0.0003   |
|    n_updates       | 22999    |
---------------------------------
[EvalCheckpoint] step 25,000: 0/5 success, mean waypoints 2.0, mean steps 800 (train tol 0.60 m, hold 10)
[EvalCheckpoint] New best model saved (score (0, 2.0, -800.0))
----------------------------------
| rollout/           |           |
|    ep_len_mean     | 1e+03     |
|    ep_rew_mean     | -4.22e+03 |
| time/              |           |
|    episodes        | 28        |
|    fps             | 85        |
|    time_elapsed    | 328       |
|    total_timesteps | 28000     |
| train/             |           |
|    actor_loss      | 61        |
|    critic_loss     | 9.63      |
|    ent_coef        | 0.172     |
|    ent_coef_loss   | 0.351     |
|    learning_rate   | 0.0003    |
|    n_updates       | 26999     |
----------------------------------
----------------------------------
| rollout/           |           |
|    ep_len_mean     | 1e+03     |
|    ep_rew_mean     | -4.04e+03 |
| time/              |           |
|    episodes        | 32        |
|    fps             | 85        |
|    time_elapsed    | 375       |
|    total_timesteps | 32000     |
| train/             |           |
|    actor_loss      | 38.4      |
|    critic_loss     | 16        |
|    ent_coef        | 0.147     |
|    ent_coef_loss   | -0.645    |
|    learning_rate   | 0.0003    |
|    n_updates       | 30999     |
----------------------------------
---------------------------------
| rollout/           |          |
|    ep_len_mean     | 993      |
|    ep_rew_mean     | -3.9e+03 |
| time/              |          |
|    episodes        | 36       |
|    fps             | 85       |
|    time_elapsed    | 420      |
|    total_timesteps | 35754    |
| train/             |          |
|    actor_loss      | 31.5     |
|    critic_loss     | 13.5     |
|    ent_coef        | 0.135    |
|    ent_coef_loss   | 0.484    |
|    learning_rate   | 0.0003   |
|    n_updates       | 34753    |
---------------------------------
----------------------------------
| rollout/           |           |
|    ep_len_mean     | 994       |
|    ep_rew_mean     | -4.08e+03 |
| time/              |           |
|    episodes        | 40        |
|    fps             | 84        |
|    time_elapsed    | 468       |
|    total_timesteps | 39754     |
| train/             |           |
|    actor_loss      | 47.9      |
|    critic_loss     | 16.7      |
|    ent_coef        | 0.153     |
|    ent_coef_loss   | -0.713    |
|    learning_rate   | 0.0003    |
|    n_updates       | 38753     |
----------------------------------
----------------------------------
| rollout/           |           |
|    ep_len_mean     | 994       |
|    ep_rew_mean     | -4.06e+03 |
| time/              |           |
|    episodes        | 44        |
|    fps             | 84        |
|    time_elapsed    | 515       |
|    total_timesteps | 43754     |
| train/             |           |
|    actor_loss      | 34.1      |
|    critic_loss     | 11.9      |
|    ent_coef        | 0.149     |
|    ent_coef_loss   | -0.125    |
|    learning_rate   | 0.0003    |
|    n_updates       | 42753     |
----------------------------------
----------------------------------
| rollout/           |           |
|    ep_len_mean     | 995       |
|    ep_rew_mean     | -4.29e+03 |
| time/              |           |
|    episodes        | 48        |
|    fps             | 84        |
|    time_elapsed    | 563       |
|    total_timesteps | 47754     |
| train/             |           |
|    actor_loss      | 70.4      |
|    critic_loss     | 9.85      |
|    ent_coef        | 0.153     |
|    ent_coef_loss   | 0.463     |
|    learning_rate   | 0.0003    |
|    n_updates       | 46753     |
----------------------------------
[EvalCheckpoint] step 50,000: 0/5 success, mean waypoints 0.0, mean steps 800 (train tol 0.60 m, hold 10)
----------------------------------
| rollout/           |           |
|    ep_len_mean     | 992       |
|    ep_rew_mean     | -4.13e+03 |
| time/              |           |
|    episodes        | 52        |
|    fps             | 84        |
|    time_elapsed    | 613       |
|    total_timesteps | 51601     |
| train/             |           |
|    actor_loss      | 61.3      |
|    critic_loss     | 10.2      |
|    ent_coef        | 0.171     |
|    ent_coef_loss   | 0.25      |
|    learning_rate   | 0.0003    |
|    n_updates       | 50600     |
----------------------------------
----------------------------------
| rollout/           |           |
|    ep_len_mean     | 993       |
|    ep_rew_mean     | -4.29e+03 |
| time/              |           |
|    episodes        | 56        |
|    fps             | 83        |
|    time_elapsed    | 663       |
|    total_timesteps | 55601     |
| train/             |           |
|    actor_loss      | 63.8      |
|    critic_loss     | 7.01      |
|    ent_coef        | 0.192     |
|    ent_coef_loss   | -0.382    |
|    learning_rate   | 0.0003    |
|    n_updates       | 54600     |
----------------------------------
----------------------------------
| rollout/           |           |
|    ep_len_mean     | 993       |
|    ep_rew_mean     | -4.15e+03 |
| time/              |           |
|    episodes        | 60        |
|    fps             | 83        |
|    time_elapsed    | 712       |
|    total_timesteps | 59601     |
| train/             |           |
|    actor_loss      | 30.9      |
|    critic_loss     | 7.16      |
|    ent_coef        | 0.179     |
|    ent_coef_loss   | 0.432     |
|    learning_rate   | 0.0003    |
|    n_updates       | 58600     |
----------------------------------
----------------------------------
| rollout/           |           |
|    ep_len_mean     | 994       |
|    ep_rew_mean     | -3.95e+03 |
| time/              |           |
|    episodes        | 64        |
|    fps             | 83        |
|    time_elapsed    | 761       |
|    total_timesteps | 63601     |
| train/             |           |
|    actor_loss      | 39.6      |
|    critic_loss     | 9.6       |
|    ent_coef        | 0.147     |
|    ent_coef_loss   | -0.488    |
|    learning_rate   | 0.0003    |
|    n_updates       | 62600     |
----------------------------------
----------------------------------
| rollout/           |           |
|    ep_len_mean     | 994       |
|    ep_rew_mean     | -3.78e+03 |
| time/              |           |
|    episodes        | 68        |
|    fps             | 83        |
|    time_elapsed    | 811       |
|    total_timesteps | 67601     |
| train/             |           |
|    actor_loss      | 60.9      |
|    critic_loss     | 13.7      |
|    ent_coef        | 0.144     |
|    ent_coef_loss   | -0.865    |
|    learning_rate   | 0.0003    |
|    n_updates       | 66600     |
----------------------------------
---------------------------------
| rollout/           |          |
|    ep_len_mean     | 994      |
|    ep_rew_mean     | -3.6e+03 |
| time/              |          |
|    episodes        | 72       |
|    fps             | 83       |
|    time_elapsed    | 861      |
|    total_timesteps | 71601    |
| train/             |          |
|    actor_loss      | 28.4     |
|    critic_loss     | 3.99     |
|    ent_coef        | 0.149    |
|    ent_coef_loss   | -1.17    |
|    learning_rate   | 0.0003   |
|    n_updates       | 70600    |
---------------------------------
[EvalCheckpoint] step 75,000: 0/5 success, mean waypoints 2.0, mean steps 800 (train tol 0.60 m, hold 10)
----------------------------------
| rollout/           |           |
|    ep_len_mean     | 995       |
|    ep_rew_mean     | -3.34e+03 |
| time/              |           |
|    episodes        | 76        |
|    fps             | 82        |
|    time_elapsed    | 913       |
|    total_timesteps | 75601     |
| train/             |           |
|    actor_loss      | 26.7      |
|    critic_loss     | 4.74      |
|    ent_coef        | 0.142     |
|    ent_coef_loss   | 0.116     |
|    learning_rate   | 0.0003    |
|    n_updates       | 74600     |
----------------------------------
----------------------------------
| rollout/           |           |
|    ep_len_mean     | 995       |
|    ep_rew_mean     | -3.19e+03 |
| time/              |           |
|    episodes        | 80        |
|    fps             | 82        |
|    time_elapsed    | 963       |
|    total_timesteps | 79601     |
| train/             |           |
|    actor_loss      | 20.9      |
|    critic_loss     | 9.42      |
|    ent_coef        | 0.172     |
|    ent_coef_loss   | 0.0597    |
|    learning_rate   | 0.0003    |
|    n_updates       | 78600     |
----------------------------------
----------------------------------
| rollout/           |           |
|    ep_len_mean     | 995       |
|    ep_rew_mean     | -2.75e+03 |
| time/              |           |
|    episodes        | 84        |
|    fps             | 82        |
|    time_elapsed    | 1014      |
|    total_timesteps | 83601     |
| train/             |           |
|    actor_loss      | 14.8      |
|    critic_loss     | 7.31      |
|    ent_coef        | 0.16      |
|    ent_coef_loss   | -0.686    |
|    learning_rate   | 0.0003    |
|    n_updates       | 82600     |
----------------------------------
----------------------------------
| rollout/           |           |
|    ep_len_mean     | 995       |
|    ep_rew_mean     | -2.35e+03 |
| time/              |           |
|    episodes        | 88        |
|    fps             | 81        |
|    time_elapsed    | 1073      |
|    total_timesteps | 87601     |
| train/             |           |
|    actor_loss      | -97.5     |
|    critic_loss     | 15.9      |
|    ent_coef        | 0.167     |
|    ent_coef_loss   | 0.665     |
|    learning_rate   | 0.0003    |
|    n_updates       | 86600     |
----------------------------------
----------------------------------
| rollout/           |           |
|    ep_len_mean     | 996       |
|    ep_rew_mean     | -1.93e+03 |
| time/              |           |
|    episodes        | 92        |
|    fps             | 81        |
|    time_elapsed    | 1130      |
|    total_timesteps | 91601     |
| train/             |           |
|    actor_loss      | -83.1     |
|    critic_loss     | 59.5      |
|    ent_coef        | 0.153     |
|    ent_coef_loss   | -0.0851   |
|    learning_rate   | 0.0003    |
|    n_updates       | 90600     |
----------------------------------
----------------------------------
| rollout/           |           |
|    ep_len_mean     | 996       |
|    ep_rew_mean     | -1.73e+03 |
| time/              |           |
|    episodes        | 96        |
|    fps             | 80        |
|    time_elapsed    | 1188      |
|    total_timesteps | 95601     |
| train/             |           |
|    actor_loss      | -149      |
|    critic_loss     | 19        |
|    ent_coef        | 0.146     |
|    ent_coef_loss   | -0.903    |
|    learning_rate   | 0.0003    |
|    n_updates       | 94600     |
----------------------------------
----------------------------------
| rollout/           |           |
|    ep_len_mean     | 996       |
|    ep_rew_mean     | -1.69e+03 |
| time/              |           |
|    episodes        | 100       |
|    fps             | 79        |
|    time_elapsed    | 1245      |
|    total_timesteps | 99601     |
| train/             |           |
|    actor_loss      | -96.4     |
|    critic_loss     | 10.2      |
|    ent_coef        | 0.129     |
|    ent_coef_loss   | -0.694    |
|    learning_rate   | 0.0003    |
|    n_updates       | 98600     |
----------------------------------
[EvalCheckpoint] step 100,000: 0/5 success, mean waypoints 0.0, mean steps 800 (train tol 0.60 m, hold 10)
---------------------------------
| rollout/           |          |
|    ep_len_mean     | 996      |
|    ep_rew_mean     | -1.5e+03 |
| time/              |          |
|    episodes        | 104      |
|    fps             | 79       |
|    time_elapsed    | 1300     |
|    total_timesteps | 103601   |
| train/             |          |
|    actor_loss      | -60.2    |
|    critic_loss     | 14.6     |
|    ent_coef        | 0.13     |
|    ent_coef_loss   | -0.356   |
|    learning_rate   | 0.0003   |
|    n_updates       | 102600   |
---------------------------------
----------------------------------
| rollout/           |           |
|    ep_len_mean     | 996       |
|    ep_rew_mean     | -1.37e+03 |
| time/              |           |
|    episodes        | 108       |
|    fps             | 79        |
|    time_elapsed    | 1353      |
|    total_timesteps | 107601    |
| train/             |           |
|    actor_loss      | -144      |
|    critic_loss     | 8.4       |
|    ent_coef        | 0.125     |
|    ent_coef_loss   | 0.822     |
|    learning_rate   | 0.0003    |
|    n_updates       | 106600    |
----------------------------------
----------------------------------
| rollout/           |           |
|    ep_len_mean     | 996       |
|    ep_rew_mean     | -1.22e+03 |
| time/              |           |
|    episodes        | 112       |
|    fps             | 79        |
|    time_elapsed    | 1406      |
|    total_timesteps | 111601    |
| train/             |           |
|    actor_loss      | -80.6     |
|    critic_loss     | 6.76      |
|    ent_coef        | 0.123     |
|    ent_coef_loss   | 0.0328    |
|    learning_rate   | 0.0003    |
|    n_updates       | 110600    |
----------------------------------
----------------------------------
| rollout/           |           |
|    ep_len_mean     | 996       |
|    ep_rew_mean     | -1.13e+03 |
| time/              |           |
|    episodes        | 116       |
|    fps             | 79        |
|    time_elapsed    | 1460      |
|    total_timesteps | 115601    |
| train/             |           |
|    actor_loss      | -104      |
|    critic_loss     | 8         |
|    ent_coef        | 0.125     |
|    ent_coef_loss   | -0.0854   |
|    learning_rate   | 0.0003    |
|    n_updates       | 114600    |
----------------------------------
----------------------------------
| rollout/           |           |
|    ep_len_mean     | 996       |
|    ep_rew_mean     | -1.01e+03 |
| time/              |           |
|    episodes        | 120       |
|    fps             | 79        |
|    time_elapsed    | 1513      |
|    total_timesteps | 119601    |
| train/             |           |
|    actor_loss      | -61       |
|    critic_loss     | 5.61      |
|    ent_coef        | 0.125     |
|    ent_coef_loss   | -0.643    |
|    learning_rate   | 0.0003    |
|    n_updates       | 118600    |
----------------------------------
---------------------------------
| rollout/           |          |
|    ep_len_mean     | 996      |
|    ep_rew_mean     | -460     |
| time/              |          |
|    episodes        | 124      |
|    fps             | 78       |
|    time_elapsed    | 1566     |
|    total_timesteps | 123601   |
| train/             |          |
|    actor_loss      | -215     |
|    critic_loss     | 6.66     |
|    ent_coef        | 0.165    |
|    ent_coef_loss   | 0.026    |
|    learning_rate   | 0.0003   |
|    n_updates       | 122600   |
---------------------------------
[EvalCheckpoint] step 125,000: 0/5 success, mean waypoints 2.0, mean steps 800 (train tol 0.60 m, hold 10)
---------------------------------
| rollout/           |          |
|    ep_len_mean     | 996      |
|    ep_rew_mean     | -25.4    |
| time/              |          |
|    episodes        | 128      |
|    fps             | 78       |
|    time_elapsed    | 1620     |
|    total_timesteps | 127601   |
| train/             |          |
|    actor_loss      | -197     |
|    critic_loss     | 7.43     |
|    ent_coef        | 0.137    |
|    ent_coef_loss   | 0.503    |
|    learning_rate   | 0.0003   |
|    n_updates       | 126600   |
---------------------------------
---------------------------------
| rollout/           |          |
|    ep_len_mean     | 996      |
|    ep_rew_mean     | 53.4     |
| time/              |          |
|    episodes        | 132      |
|    fps             | 78       |
|    time_elapsed    | 1674     |
|    total_timesteps | 131601   |
| train/             |          |
|    actor_loss      | -240     |
|    critic_loss     | 7.36     |
|    ent_coef        | 0.119    |
|    ent_coef_loss   | 0.4      |
|    learning_rate   | 0.0003   |
|    n_updates       | 130600   |
---------------------------------
---------------------------------
| rollout/           |          |
|    ep_len_mean     | 998      |
|    ep_rew_mean     | 297      |
| time/              |          |
|    episodes        | 136      |
|    fps             | 78       |
|    time_elapsed    | 1728     |
|    total_timesteps | 135601   |
| train/             |          |
|    actor_loss      | -204     |
|    critic_loss     | 9.47     |
|    ent_coef        | 0.138    |
|    ent_coef_loss   | -0.0114  |
|    learning_rate   | 0.0003   |
|    n_updates       | 134600   |
---------------------------------
---------------------------------
| rollout/           |          |
|    ep_len_mean     | 998      |
|    ep_rew_mean     | 709      |
| time/              |          |
|    episodes        | 140      |
|    fps             | 78       |
|    time_elapsed    | 1781     |
|    total_timesteps | 139601   |
| train/             |          |
|    actor_loss      | -203     |
|    critic_loss     | 6.58     |
|    ent_coef        | 0.131    |
|    ent_coef_loss   | -0.285   |
|    learning_rate   | 0.0003   |
|    n_updates       | 138600   |
---------------------------------
---------------------------------
| rollout/           |          |
|    ep_len_mean     | 998      |
|    ep_rew_mean     | 841      |
| time/              |          |
|    episodes        | 144      |
|    fps             | 78       |
|    time_elapsed    | 1834     |
|    total_timesteps | 143601   |
| train/             |          |
|    actor_loss      | -202     |
|    critic_loss     | 5.03     |
|    ent_coef        | 0.113    |
|    ent_coef_loss   | 0.206    |
|    learning_rate   | 0.0003   |
|    n_updates       | 142600   |
---------------------------------
---------------------------------
| rollout/           |          |
|    ep_len_mean     | 998      |
|    ep_rew_mean     | 1.12e+03 |
| time/              |          |
|    episodes        | 148      |
|    fps             | 78       |
|    time_elapsed    | 1888     |
|    total_timesteps | 147601   |
| train/             |          |
|    actor_loss      | -230     |
|    critic_loss     | 9.72     |
|    ent_coef        | 0.125    |
|    ent_coef_loss   | 0.101    |
|    learning_rate   | 0.0003   |
|    n_updates       | 146600   |
---------------------------------
[EvalCheckpoint] step 150,000: 0/5 success, mean waypoints 2.0, mean steps 800 (train tol 0.60 m, hold 10)
---------------------------------
| rollout/           |          |
|    ep_len_mean     | 1e+03    |
|    ep_rew_mean     | 1.61e+03 |
| time/              |          |
|    episodes        | 152      |
|    fps             | 77       |
|    time_elapsed    | 1943     |
|    total_timesteps | 151601   |
| train/             |          |
|    actor_loss      | -276     |
|    critic_loss     | 18.9     |
|    ent_coef        | 0.148    |
|    ent_coef_loss   | -0.14    |
|    learning_rate   | 0.0003   |
|    n_updates       | 150600   |
---------------------------------
---------------------------------
| rollout/           |          |
|    ep_len_mean     | 1e+03    |
|    ep_rew_mean     | 2.29e+03 |
| time/              |          |
|    episodes        | 156      |
|    fps             | 77       |
|    time_elapsed    | 1997     |
|    total_timesteps | 155601   |
| train/             |          |
|    actor_loss      | -279     |
|    critic_loss     | 9.6      |
|    ent_coef        | 0.155    |
|    ent_coef_loss   | -0.112   |
|    learning_rate   | 0.0003   |
|    n_updates       | 154600   |
---------------------------------
---------------------------------
| rollout/           |          |
|    ep_len_mean     | 1e+03    |
|    ep_rew_mean     | 2.82e+03 |
| time/              |          |
|    episodes        | 160      |
|    fps             | 77       |
|    time_elapsed    | 2052     |
|    total_timesteps | 159601   |
| train/             |          |
|    actor_loss      | -327     |
|    critic_loss     | 7.17     |
|    ent_coef        | 0.157    |
|    ent_coef_loss   | 0.142    |
|    learning_rate   | 0.0003   |
|    n_updates       | 158600   |
---------------------------------
---------------------------------
| rollout/           |          |
|    ep_len_mean     | 1e+03    |
|    ep_rew_mean     | 3.3e+03  |
| time/              |          |
|    episodes        | 164      |
|    fps             | 77       |
|    time_elapsed    | 2108     |
|    total_timesteps | 163601   |
| train/             |          |
|    actor_loss      | -356     |
|    critic_loss     | 7.93     |
|    ent_coef        | 0.139    |
|    ent_coef_loss   | 0.109    |
|    learning_rate   | 0.0003   |
|    n_updates       | 162600   |
---------------------------------
---------------------------------
| rollout/           |          |
|    ep_len_mean     | 1e+03    |
|    ep_rew_mean     | 3.78e+03 |
| time/              |          |
|    episodes        | 168      |
|    fps             | 77       |
|    time_elapsed    | 2167     |
|    total_timesteps | 167601   |
| train/             |          |
|    actor_loss      | -370     |
|    critic_loss     | 21.6     |
|    ent_coef        | 0.14     |
|    ent_coef_loss   | -0.0136  |
|    learning_rate   | 0.0003   |
|    n_updates       | 166600   |
---------------------------------
---------------------------------
| rollout/           |          |
|    ep_len_mean     | 1e+03    |
|    ep_rew_mean     | 3.51e+03 |
| time/              |          |
|    episodes        | 172      |
|    fps             | 77       |
|    time_elapsed    | 2221     |
|    total_timesteps | 171601   |
| train/             |          |
|    actor_loss      | -413     |
|    critic_loss     | 32.1     |
|    ent_coef        | 0.13     |
|    ent_coef_loss   | 0.0931   |
|    learning_rate   | 0.0003   |
|    n_updates       | 170600   |
---------------------------------
[EvalCheckpoint] step 175,000: 0/5 success, mean waypoints 0.0, mean steps 800 (train tol 0.60 m, hold 10)
---------------------------------
| rollout/           |          |
|    ep_len_mean     | 1e+03    |
|    ep_rew_mean     | 3.21e+03 |
| time/              |          |
|    episodes        | 176      |
|    fps             | 77       |
|    time_elapsed    | 2277     |
|    total_timesteps | 175601   |
| train/             |          |
|    actor_loss      | -413     |
|    critic_loss     | 6.5      |
|    ent_coef        | 0.129    |
|    ent_coef_loss   | 0.511    |
|    learning_rate   | 0.0003   |
|    n_updates       | 174600   |
---------------------------------
---------------------------------
| rollout/           |          |
|    ep_len_mean     | 1e+03    |
|    ep_rew_mean     | 3.05e+03 |
| time/              |          |
|    episodes        | 180      |
|    fps             | 76       |
|    time_elapsed    | 2333     |
|    total_timesteps | 179601   |
| train/             |          |
|    actor_loss      | -339     |
|    critic_loss     | 14.8     |
|    ent_coef        | 0.114    |
|    ent_coef_loss   | 0.435    |
|    learning_rate   | 0.0003   |
|    n_updates       | 178600   |
---------------------------------
---------------------------------
| rollout/           |          |
|    ep_len_mean     | 1e+03    |
|    ep_rew_mean     | 2.65e+03 |
| time/              |          |
|    episodes        | 184      |
|    fps             | 76       |
|    time_elapsed    | 2389     |
|    total_timesteps | 183601   |
| train/             |          |
|    actor_loss      | -311     |
|    critic_loss     | 26.7     |
|    ent_coef        | 0.111    |
|    ent_coef_loss   | -0.229   |
|    learning_rate   | 0.0003   |
|    n_updates       | 182600   |
---------------------------------
---------------------------------
| rollout/           |          |
|    ep_len_mean     | 1e+03    |
|    ep_rew_mean     | 2.24e+03 |
| time/              |          |
|    episodes        | 188      |
|    fps             | 76       |
|    time_elapsed    | 2446     |
|    total_timesteps | 187601   |
| train/             |          |
|    actor_loss      | -297     |
|    critic_loss     | 6.67     |
|    ent_coef        | 0.117    |
|    ent_coef_loss   | 0.438    |
|    learning_rate   | 0.0003   |
|    n_updates       | 186600   |
---------------------------------
---------------------------------
| rollout/           |          |
|    ep_len_mean     | 1e+03    |
|    ep_rew_mean     | 2.42e+03 |
| time/              |          |
|    episodes        | 192      |
|    fps             | 76       |
|    time_elapsed    | 2502     |
|    total_timesteps | 191601   |
| train/             |          |
|    actor_loss      | -292     |
|    critic_loss     | 5.64     |
|    ent_coef        | 0.137    |
|    ent_coef_loss   | 0.579    |
|    learning_rate   | 0.0003   |
|    n_updates       | 190600   |
---------------------------------
---------------------------------
| rollout/           |          |
|    ep_len_mean     | 1e+03    |
|    ep_rew_mean     | 2.76e+03 |
| time/              |          |
|    episodes        | 196      |
|    fps             | 76       |
|    time_elapsed    | 2555     |
|    total_timesteps | 195601   |
| train/             |          |
|    actor_loss      | -323     |
|    critic_loss     | 9.27     |
|    ent_coef        | 0.147    |
|    ent_coef_loss   | 0.0179   |
|    learning_rate   | 0.0003   |
|    n_updates       | 194600   |
---------------------------------
---------------------------------
| rollout/           |          |
|    ep_len_mean     | 1e+03    |
|    ep_rew_mean     | 3.25e+03 |
| time/              |          |
|    episodes        | 200      |
|    fps             | 76       |
|    time_elapsed    | 2608     |
|    total_timesteps | 199601   |
| train/             |          |
|    actor_loss      | -374     |
|    critic_loss     | 6.38     |
|    ent_coef        | 0.132    |
|    ent_coef_loss   | -0.969   |
|    learning_rate   | 0.0003   |
|    n_updates       | 198600   |
---------------------------------
[EvalCheckpoint] step 200,000: 0/5 success, mean waypoints 2.0, mean steps 800 (train tol 0.60 m, hold 10)
---------------------------------
| rollout/           |          |
|    ep_len_mean     | 1e+03    |
|    ep_rew_mean     | 3.74e+03 |
| time/              |          |
|    episodes        | 204      |
|    fps             | 76       |
|    time_elapsed    | 2665     |
|    total_timesteps | 203601   |
| train/             |          |
|    actor_loss      | -376     |
|    critic_loss     | 6.83     |
|    ent_coef        | 0.125    |
|    ent_coef_loss   | -0.47    |
|    learning_rate   | 0.0003   |
|    n_updates       | 202600   |
---------------------------------
---------------------------------
| rollout/           |          |
|    ep_len_mean     | 1e+03    |
|    ep_rew_mean     | 4.23e+03 |
| time/              |          |
|    episodes        | 208      |
|    fps             | 76       |
|    time_elapsed    | 2721     |
|    total_timesteps | 207601   |
| train/             |          |
|    actor_loss      | -487     |
|    critic_loss     | 7.51     |
|    ent_coef        | 0.133    |
|    ent_coef_loss   | 0.181    |
|    learning_rate   | 0.0003   |
|    n_updates       | 206600   |
---------------------------------
---------------------------------
| rollout/           |          |
|    ep_len_mean     | 1e+03    |
|    ep_rew_mean     | 4.72e+03 |
| time/              |          |
|    episodes        | 212      |
|    fps             | 76       |
|    time_elapsed    | 2776     |
|    total_timesteps | 211601   |
| train/             |          |
|    actor_loss      | -438     |
|    critic_loss     | 7.33     |
|    ent_coef        | 0.136    |
|    ent_coef_loss   | -0.283   |
|    learning_rate   | 0.0003   |
|    n_updates       | 210600   |
---------------------------------
---------------------------------
| rollout/           |          |
|    ep_len_mean     | 1e+03    |
|    ep_rew_mean     | 5.23e+03 |
| time/              |          |
|    episodes        | 216      |
|    fps             | 76       |
|    time_elapsed    | 2828     |
|    total_timesteps | 215601   |
| train/             |          |
|    actor_loss      | -528     |
|    critic_loss     | 5.7      |
|    ent_coef        | 0.16     |
|    ent_coef_loss   | 0.725    |
|    learning_rate   | 0.0003   |
|    n_updates       | 214600   |
---------------------------------
---------------------------------
| rollout/           |          |
|    ep_len_mean     | 1e+03    |
|    ep_rew_mean     | 5.71e+03 |
| time/              |          |
|    episodes        | 220      |
|    fps             | 76       |
|    time_elapsed    | 2880     |
|    total_timesteps | 219601   |
| train/             |          |
|    actor_loss      | -570     |
|    critic_loss     | 9.97     |
|    ent_coef        | 0.164    |
|    ent_coef_loss   | 0.0957   |
|    learning_rate   | 0.0003   |
|    n_updates       | 218600   |
---------------------------------
---------------------------------
| rollout/           |          |
|    ep_len_mean     | 1e+03    |
|    ep_rew_mean     | 5.83e+03 |
| time/              |          |
|    episodes        | 224      |
|    fps             | 76       |
|    time_elapsed    | 2932     |
|    total_timesteps | 223601   |
| train/             |          |
|    actor_loss      | -465     |
|    critic_loss     | 6.42     |
|    ent_coef        | 0.152    |
|    ent_coef_loss   | -0.928   |
|    learning_rate   | 0.0003   |
|    n_updates       | 222600   |
---------------------------------
[EvalCheckpoint] step 225,000: 0/5 success, mean waypoints 2.0, mean steps 800 (train tol 0.60 m, hold 10)
---------------------------------
| rollout/           |          |
|    ep_len_mean     | 1e+03    |
|    ep_rew_mean     | 6.04e+03 |
| time/              |          |
|    episodes        | 228      |
|    fps             | 76       |
|    time_elapsed    | 2985     |
|    total_timesteps | 227601   |
| train/             |          |
|    actor_loss      | -573     |
|    critic_loss     | 10.2     |
|    ent_coef        | 0.164    |
|    ent_coef_loss   | 0.442    |
|    learning_rate   | 0.0003   |
|    n_updates       | 226600   |
---------------------------------
---------------------------------
| rollout/           |          |
|    ep_len_mean     | 1e+03    |
|    ep_rew_mean     | 6.53e+03 |
| time/              |          |
|    episodes        | 232      |
|    fps             | 76       |
|    time_elapsed    | 3037     |
|    total_timesteps | 231601   |
| train/             |          |
|    actor_loss      | -583     |
|    critic_loss     | 7.41     |
|    ent_coef        | 0.173    |
|    ent_coef_loss   | 0.872    |
|    learning_rate   | 0.0003   |
|    n_updates       | 230600   |
---------------------------------
---------------------------------
| rollout/           |          |
|    ep_len_mean     | 1e+03    |
|    ep_rew_mean     | 6.86e+03 |
| time/              |          |
|    episodes        | 236      |
|    fps             | 76       |
|    time_elapsed    | 3089     |
|    total_timesteps | 235601   |
| train/             |          |
|    actor_loss      | -559     |
|    critic_loss     | 7.35     |
|    ent_coef        | 0.172    |
|    ent_coef_loss   | 0.0673   |
|    learning_rate   | 0.0003   |
|    n_updates       | 234600   |
---------------------------------
---------------------------------
| rollout/           |          |
|    ep_len_mean     | 1e+03    |
|    ep_rew_mean     | 7.16e+03 |
| time/              |          |
|    episodes        | 240      |
|    fps             | 76       |
|    time_elapsed    | 3141     |
|    total_timesteps | 239601   |
| train/             |          |
|    actor_loss      | -531     |
|    critic_loss     | 5.88     |
|    ent_coef        | 0.159    |
|    ent_coef_loss   | -0.888   |
|    learning_rate   | 0.0003   |
|    n_updates       | 238600   |
---------------------------------
---------------------------------
| rollout/           |          |
|    ep_len_mean     | 1e+03    |
|    ep_rew_mean     | 7.67e+03 |
| time/              |          |
|    episodes        | 244      |
|    fps             | 76       |
|    time_elapsed    | 3193     |
|    total_timesteps | 243601   |
| train/             |          |
|    actor_loss      | -755     |
|    critic_loss     | 5.48     |
|    ent_coef        | 0.151    |
|    ent_coef_loss   | -0.472   |
|    learning_rate   | 0.0003   |
|    n_updates       | 242600   |
---------------------------------
---------------------------------
| rollout/           |          |
|    ep_len_mean     | 1e+03    |
|    ep_rew_mean     | 8.17e+03 |
| time/              |          |
|    episodes        | 248      |
|    fps             | 76       |
|    time_elapsed    | 3249     |
|    total_timesteps | 247601   |
| train/             |          |
|    actor_loss      | -716     |
|    critic_loss     | 5.9      |
|    ent_coef        | 0.149    |
|    ent_coef_loss   | 0.286    |
|    learning_rate   | 0.0003   |
|    n_updates       | 246600   |
---------------------------------
[EvalCheckpoint] step 250,000: 0/5 success, mean waypoints 2.0, mean steps 800 (train tol 0.60 m, hold 10)
---------------------------------
| rollout/           |          |
|    ep_len_mean     | 1e+03    |
|    ep_rew_mean     | 7.96e+03 |
| time/              |          |
|    episodes        | 252      |
|    fps             | 76       |
|    time_elapsed    | 3303     |
|    total_timesteps | 251601   |
| train/             |          |
|    actor_loss      | -721     |
|    critic_loss     | 6.13     |
|    ent_coef        | 0.138    |
|    ent_coef_loss   | 0.462    |
|    learning_rate   | 0.0003   |
|    n_updates       | 250600   |
---------------------------------
---------------------------------
| rollout/           |          |
|    ep_len_mean     | 1e+03    |
|    ep_rew_mean     | 7.26e+03 |
| time/              |          |
|    episodes        | 256      |
|    fps             | 76       |
|    time_elapsed    | 3355     |
|    total_timesteps | 255601   |
| train/             |          |
|    actor_loss      | -658     |
|    critic_loss     | 4.46     |
|    ent_coef        | 0.118    |
|    ent_coef_loss   | -0.341   |
|    learning_rate   | 0.0003   |
|    n_updates       | 254600   |
---------------------------------
---------------------------------
| rollout/           |          |
|    ep_len_mean     | 1e+03    |
|    ep_rew_mean     | 6.53e+03 |
| time/              |          |
|    episodes        | 260      |
|    fps             | 76       |
|    time_elapsed    | 3408     |
|    total_timesteps | 259601   |
| train/             |          |
|    actor_loss      | -771     |
|    critic_loss     | 4.56     |
|    ent_coef        | 0.11     |
|    ent_coef_loss   | 0.51     |
|    learning_rate   | 0.0003   |
|    n_updates       | 258600   |
---------------------------------
---------------------------------
| rollout/           |          |
|    ep_len_mean     | 1e+03    |
|    ep_rew_mean     | 5.82e+03 |
| time/              |          |
|    episodes        | 264      |
|    fps             | 76       |
|    time_elapsed    | 3459     |
|    total_timesteps | 263601   |
| train/             |          |
|    actor_loss      | -785     |
|    critic_loss     | 3.54     |
|    ent_coef        | 0.117    |
|    ent_coef_loss   | 1.2      |
|    learning_rate   | 0.0003   |
|    n_updates       | 262600   |
---------------------------------
---------------------------------
| rollout/           |          |
|    ep_len_mean     | 1e+03    |
|    ep_rew_mean     | 5.71e+03 |
| time/              |          |
|    episodes        | 268      |
|    fps             | 76       |
|    time_elapsed    | 3512     |
|    total_timesteps | 267601   |
| train/             |          |
|    actor_loss      | -580     |
|    critic_loss     | 4.84     |
|    ent_coef        | 0.123    |
|    ent_coef_loss   | 0.00592  |
|    learning_rate   | 0.0003   |
|    n_updates       | 266600   |
---------------------------------
---------------------------------
| rollout/           |          |
|    ep_len_mean     | 1e+03    |
|    ep_rew_mean     | 6.51e+03 |
| time/              |          |
|    episodes        | 272      |
|    fps             | 76       |
|    time_elapsed    | 3565     |
|    total_timesteps | 271601   |
| train/             |          |
|    actor_loss      | -645     |
|    critic_loss     | 2.27     |
|    ent_coef        | 0.121    |
|    ent_coef_loss   | -0.866   |
|    learning_rate   | 0.0003   |
|    n_updates       | 270600   |
---------------------------------
[EvalCheckpoint] step 275,000: 0/5 success, mean waypoints 2.0, mean steps 800 (train tol 0.60 m, hold 10)
---------------------------------
| rollout/           |          |
|    ep_len_mean     | 1e+03    |
|    ep_rew_mean     | 7.27e+03 |
| time/              |          |
|    episodes        | 276      |
|    fps             | 76       |
|    time_elapsed    | 3619     |
|    total_timesteps | 275601   |
| train/             |          |
|    actor_loss      | -693     |
|    critic_loss     | 4.91     |
|    ent_coef        | 0.126    |
|    ent_coef_loss   | 0.299    |
|    learning_rate   | 0.0003   |
|    n_updates       | 274600   |
---------------------------------
---------------------------------
| rollout/           |          |
|    ep_len_mean     | 1e+03    |
|    ep_rew_mean     | 7.94e+03 |
| time/              |          |
|    episodes        | 280      |
|    fps             | 76       |
|    time_elapsed    | 3672     |
|    total_timesteps | 279601   |
| train/             |          |
|    actor_loss      | -666     |
|    critic_loss     | 5.41     |
|    ent_coef        | 0.125    |
|    ent_coef_loss   | -0.801   |
|    learning_rate   | 0.0003   |
|    n_updates       | 278600   |
---------------------------------
---------------------------------
| rollout/           |          |
|    ep_len_mean     | 1e+03    |
|    ep_rew_mean     | 8.61e+03 |
| time/              |          |
|    episodes        | 284      |
|    fps             | 76       |
|    time_elapsed    | 3724     |
|    total_timesteps | 283601   |
| train/             |          |
|    actor_loss      | -688     |
|    critic_loss     | 4.92     |
|    ent_coef        | 0.126    |
|    ent_coef_loss   | -0.85    |
|    learning_rate   | 0.0003   |
|    n_updates       | 282600   |
---------------------------------
---------------------------------
| rollout/           |          |
|    ep_len_mean     | 1e+03    |
|    ep_rew_mean     | 9.28e+03 |
| time/              |          |
|    episodes        | 288      |
|    fps             | 76       |
|    time_elapsed    | 3776     |
|    total_timesteps | 287601   |
| train/             |          |
|    actor_loss      | -745     |
|    critic_loss     | 4.15     |
|    ent_coef        | 0.121    |
|    ent_coef_loss   | -0.416   |
|    learning_rate   | 0.0003   |
|    n_updates       | 286600   |
---------------------------------
---------------------------------
| rollout/           |          |
|    ep_len_mean     | 1e+03    |
|    ep_rew_mean     | 9.33e+03 |
| time/              |          |
|    episodes        | 292      |
|    fps             | 76       |
|    time_elapsed    | 3829     |
|    total_timesteps | 291601   |
| train/             |          |
|    actor_loss      | -851     |
|    critic_loss     | 3.89     |
|    ent_coef        | 0.12     |
|    ent_coef_loss   | 0.45     |
|    learning_rate   | 0.0003   |
|    n_updates       | 290600   |
---------------------------------
---------------------------------
| rollout/           |          |
|    ep_len_mean     | 1e+03    |
|    ep_rew_mean     | 9.38e+03 |
| time/              |          |
|    episodes        | 296      |
|    fps             | 76       |
|    time_elapsed    | 3882     |
|    total_timesteps | 295601   |
| train/             |          |
|    actor_loss      | -832     |
|    critic_loss     | 5.43     |
|    ent_coef        | 0.119    |
|    ent_coef_loss   | 0.335    |
|    learning_rate   | 0.0003   |
|    n_updates       | 294600   |
---------------------------------
---------------------------------
| rollout/           |          |
|    ep_len_mean     | 1e+03    |
|    ep_rew_mean     | 9.43e+03 |
| time/              |          |
|    episodes        | 300      |
|    fps             | 76       |
|    time_elapsed    | 3934     |
|    total_timesteps | 299601   |
| train/             |          |
|    actor_loss      | -678     |
|    critic_loss     | 4.57     |
|    ent_coef        | 0.122    |
|    ent_coef_loss   | -1.24    |
|    learning_rate   | 0.0003   |
|    n_updates       | 298600   |
---------------------------------
[EvalCheckpoint] step 300,000: 0/5 success, mean waypoints 2.0, mean steps 800 (train tol 0.60 m, hold 10)
---------------------------------
| rollout/           |          |
|    ep_len_mean     | 1e+03    |
|    ep_rew_mean     | 9.49e+03 |
| time/              |          |
|    episodes        | 304      |
|    fps             | 76       |
|    time_elapsed    | 3989     |
|    total_timesteps | 303601   |
| train/             |          |
|    actor_loss      | -834     |
|    critic_loss     | 5.56     |
|    ent_coef        | 0.13     |
|    ent_coef_loss   | -0.882   |
|    learning_rate   | 0.0003   |
|    n_updates       | 302600   |
---------------------------------
---------------------------------
| rollout/           |          |
|    ep_len_mean     | 1e+03    |
|    ep_rew_mean     | 9.53e+03 |
| time/              |          |
|    episodes        | 308      |
|    fps             | 76       |
|    time_elapsed    | 4041     |
|    total_timesteps | 307601   |
| train/             |          |
|    actor_loss      | -921     |
|    critic_loss     | 3.88     |
|    ent_coef        | 0.135    |
|    ent_coef_loss   | 0.33     |
|    learning_rate   | 0.0003   |
|    n_updates       | 306600   |
---------------------------------
---------------------------------
| rollout/           |          |
|    ep_len_mean     | 1e+03    |
|    ep_rew_mean     | 9.56e+03 |
| time/              |          |
|    episodes        | 312      |
|    fps             | 76       |
|    time_elapsed    | 4094     |
|    total_timesteps | 311601   |
| train/             |          |
|    actor_loss      | -889     |
|    critic_loss     | 4.37     |
|    ent_coef        | 0.137    |
|    ent_coef_loss   | 0.0446   |
|    learning_rate   | 0.0003   |
|    n_updates       | 310600   |
---------------------------------
---------------------------------
| rollout/           |          |
|    ep_len_mean     | 1e+03    |
|    ep_rew_mean     | 9.6e+03  |
| time/              |          |
|    episodes        | 316      |
|    fps             | 76       |
|    time_elapsed    | 4147     |
|    total_timesteps | 315601   |
| train/             |          |
|    actor_loss      | -951     |
|    critic_loss     | 5.25     |
|    ent_coef        | 0.129    |
|    ent_coef_loss   | 0.148    |
|    learning_rate   | 0.0003   |
|    n_updates       | 314600   |
---------------------------------
---------------------------------
| rollout/           |          |
|    ep_len_mean     | 1e+03    |
|    ep_rew_mean     | 9.64e+03 |
| time/              |          |
|    episodes        | 320      |
|    fps             | 76       |
|    time_elapsed    | 4199     |
|    total_timesteps | 319601   |
| train/             |          |
|    actor_loss      | -913     |
|    critic_loss     | 3.74     |
|    ent_coef        | 0.131    |
|    ent_coef_loss   | -0.267   |
|    learning_rate   | 0.0003   |
|    n_updates       | 318600   |
---------------------------------
---------------------------------
| rollout/           |          |
|    ep_len_mean     | 1e+03    |
|    ep_rew_mean     | 9.67e+03 |
| time/              |          |
|    episodes        | 324      |
|    fps             | 76       |
|    time_elapsed    | 4252     |
|    total_timesteps | 323601   |
| train/             |          |
|    actor_loss      | -878     |
|    critic_loss     | 2.77     |
|    ent_coef        | 0.128    |
|    ent_coef_loss   | -0.664   |
|    learning_rate   | 0.0003   |
|    n_updates       | 322600   |
---------------------------------
[EvalCheckpoint] step 325,000: 0/5 success, mean waypoints 2.0, mean steps 800 (train tol 0.60 m, hold 10)
---------------------------------
| rollout/           |          |
|    ep_len_mean     | 1e+03    |
|    ep_rew_mean     | 9.71e+03 |
| time/              |          |
|    episodes        | 328      |
|    fps             | 76       |
|    time_elapsed    | 4306     |
|    total_timesteps | 327601   |
| train/             |          |
|    actor_loss      | -889     |
|    critic_loss     | 4.4      |
|    ent_coef        | 0.129    |
|    ent_coef_loss   | -0.245   |
|    learning_rate   | 0.0003   |
|    n_updates       | 326600   |
---------------------------------
----------------------------------
| rollout/           |           |
|    ep_len_mean     | 1e+03     |
|    ep_rew_mean     | 9.77e+03  |
| time/              |           |
|    episodes        | 332       |
|    fps             | 76        |
|    time_elapsed    | 4361      |
|    total_timesteps | 331601    |
| train/             |           |
|    actor_loss      | -1.05e+03 |
|    critic_loss     | 3.91      |
|    ent_coef        | 0.129     |
|    ent_coef_loss   | -0.481    |
|    learning_rate   | 0.0003    |
|    n_updates       | 330600    |
----------------------------------
---------------------------------
| rollout/           |          |
|    ep_len_mean     | 1e+03    |
|    ep_rew_mean     | 9.82e+03 |
| time/              |          |
|    episodes        | 336      |
|    fps             | 75       |
|    time_elapsed    | 4416     |
|    total_timesteps | 335601   |
| train/             |          |
|    actor_loss      | -996     |
|    critic_loss     | 3.58     |
|    ent_coef        | 0.128    |
|    ent_coef_loss   | 0.107    |
|    learning_rate   | 0.0003   |
|    n_updates       | 334600   |
---------------------------------
---------------------------------
| rollout/           |          |
|    ep_len_mean     | 1e+03    |
|    ep_rew_mean     | 9.86e+03 |
| time/              |          |
|    episodes        | 340      |
|    fps             | 75       |
|    time_elapsed    | 4469     |
|    total_timesteps | 339601   |
| train/             |          |
|    actor_loss      | -1.1e+03 |
|    critic_loss     | 4.04     |
|    ent_coef        | 0.127    |
|    ent_coef_loss   | 0.814    |
|    learning_rate   | 0.0003   |
|    n_updates       | 338600   |
---------------------------------
----------------------------------
| rollout/           |           |
|    ep_len_mean     | 1e+03     |
|    ep_rew_mean     | 9.88e+03  |
| time/              |           |
|    episodes        | 344       |
|    fps             | 75        |
|    time_elapsed    | 4522      |
|    total_timesteps | 343601    |
| train/             |           |
|    actor_loss      | -1.11e+03 |
|    critic_loss     | 5.81      |
|    ent_coef        | 0.128     |
|    ent_coef_loss   | -0.202    |
|    learning_rate   | 0.0003    |
|    n_updates       | 342600    |
----------------------------------
---------------------------------
| rollout/           |          |
|    ep_len_mean     | 1e+03    |
|    ep_rew_mean     | 9.9e+03  |
| time/              |          |
|    episodes        | 348      |
|    fps             | 75       |
|    time_elapsed    | 4575     |
|    total_timesteps | 347601   |
| train/             |          |
|    actor_loss      | -893     |
|    critic_loss     | 3.09     |
|    ent_coef        | 0.129    |
|    ent_coef_loss   | -1.08    |
|    learning_rate   | 0.0003   |
|    n_updates       | 346600   |
---------------------------------
[EvalCheckpoint] step 350,000: 0/5 success, mean waypoints 2.0, mean steps 800 (train tol 0.60 m, hold 10)
---------------------------------
| rollout/           |          |
|    ep_len_mean     | 1e+03    |
|    ep_rew_mean     | 1.02e+04 |
| time/              |          |
|    episodes        | 352      |
|    fps             | 75       |
|    time_elapsed    | 4629     |
|    total_timesteps | 351601   |
| train/             |          |
|    actor_loss      | -1.1e+03 |
|    critic_loss     | 3.37     |
|    ent_coef        | 0.132    |
|    ent_coef_loss   | 0.237    |
|    learning_rate   | 0.0003   |
|    n_updates       | 350600   |
---------------------------------
----------------------------------
| rollout/           |           |
|    ep_len_mean     | 1e+03     |
|    ep_rew_mean     | 1.1e+04   |
| time/              |           |
|    episodes        | 356       |
|    fps             | 75        |
|    time_elapsed    | 4680      |
|    total_timesteps | 355601    |
| train/             |           |
|    actor_loss      | -1.15e+03 |
|    critic_loss     | 4.04      |
|    ent_coef        | 0.133     |
|    ent_coef_loss   | 1.44      |
|    learning_rate   | 0.0003    |
|    n_updates       | 354600    |
----------------------------------
----------------------------------
| rollout/           |           |
|    ep_len_mean     | 1e+03     |
|    ep_rew_mean     | 1.18e+04  |
| time/              |           |
|    episodes        | 360       |
|    fps             | 75        |
|    time_elapsed    | 4731      |
|    total_timesteps | 359601    |
| train/             |           |
|    actor_loss      | -1.16e+03 |
|    critic_loss     | 4.08      |
|    ent_coef        | 0.138     |
|    ent_coef_loss   | -0.201    |
|    learning_rate   | 0.0003    |
|    n_updates       | 358600    |
----------------------------------
----------------------------------
| rollout/           |           |
|    ep_len_mean     | 1e+03     |
|    ep_rew_mean     | 1.26e+04  |
| time/              |           |
|    episodes        | 364       |
|    fps             | 76        |
|    time_elapsed    | 4782      |
|    total_timesteps | 363601    |
| train/             |           |
|    actor_loss      | -1.11e+03 |
|    critic_loss     | 2.38      |
|    ent_coef        | 0.138     |
|    ent_coef_loss   | -0.236    |
|    learning_rate   | 0.0003    |
|    n_updates       | 362600    |
----------------------------------
---------------------------------
| rollout/           |          |
|    ep_len_mean     | 1e+03    |
|    ep_rew_mean     | 1.28e+04 |
| time/              |          |
|    episodes        | 368      |
|    fps             | 76       |
|    time_elapsed    | 4835     |
|    total_timesteps | 367601   |
| train/             |          |
|    actor_loss      | -1.1e+03 |
|    critic_loss     | 2.8      |
|    ent_coef        | 0.138    |
|    ent_coef_loss   | -0.313   |
|    learning_rate   | 0.0003   |
|    n_updates       | 366600   |
---------------------------------
----------------------------------
| rollout/           |           |
|    ep_len_mean     | 1e+03     |
|    ep_rew_mean     | 1.28e+04  |
| time/              |           |
|    episodes        | 372       |
|    fps             | 75        |
|    time_elapsed    | 4890      |
|    total_timesteps | 371601    |
| train/             |           |
|    actor_loss      | -1.07e+03 |
|    critic_loss     | 3.28      |
|    ent_coef        | 0.132     |
|    ent_coef_loss   | 0.165     |
|    learning_rate   | 0.0003    |
|    n_updates       | 370600    |
----------------------------------
[EvalCheckpoint] step 375,000: 0/5 success, mean waypoints 2.0, mean steps 800 (train tol 0.60 m, hold 10)
----------------------------------
| rollout/           |           |
|    ep_len_mean     | 1e+03     |
|    ep_rew_mean     | 1.28e+04  |
| time/              |           |
|    episodes        | 376       |
|    fps             | 75        |
|    time_elapsed    | 4945      |
|    total_timesteps | 375601    |
| train/             |           |
|    actor_loss      | -1.18e+03 |
|    critic_loss     | 4.02      |
|    ent_coef        | 0.129     |
|    ent_coef_loss   | 0.494     |
|    learning_rate   | 0.0003    |
|    n_updates       | 374600    |
----------------------------------
---------------------------------
| rollout/           |          |
|    ep_len_mean     | 1e+03    |
|    ep_rew_mean     | 1.28e+04 |
| time/              |          |
|    episodes        | 380      |
|    fps             | 75       |
|    time_elapsed    | 4998     |
|    total_timesteps | 379601   |
| train/             |          |
|    actor_loss      | -1.2e+03 |
|    critic_loss     | 4.17     |
|    ent_coef        | 0.134    |
|    ent_coef_loss   | -0.238   |
|    learning_rate   | 0.0003   |
|    n_updates       | 378600   |
---------------------------------
----------------------------------
| rollout/           |           |
|    ep_len_mean     | 1e+03     |
|    ep_rew_mean     | 1.28e+04  |
| time/              |           |
|    episodes        | 384       |
|    fps             | 75        |
|    time_elapsed    | 5052      |
|    total_timesteps | 383601    |
| train/             |           |
|    actor_loss      | -1.37e+03 |
|    critic_loss     | 2.96      |
|    ent_coef        | 0.138     |
|    ent_coef_loss   | 0.206     |
|    learning_rate   | 0.0003    |
|    n_updates       | 382600    |
----------------------------------
----------------------------------
| rollout/           |           |
|    ep_len_mean     | 1e+03     |
|    ep_rew_mean     | 1.29e+04  |
| time/              |           |
|    episodes        | 388       |
|    fps             | 75        |
|    time_elapsed    | 5105      |
|    total_timesteps | 387601    |
| train/             |           |
|    actor_loss      | -1.36e+03 |
|    critic_loss     | 2.82      |
|    ent_coef        | 0.14      |
|    ent_coef_loss   | 0.296     |
|    learning_rate   | 0.0003    |
|    n_updates       | 386600    |
----------------------------------
----------------------------------
| rollout/           |           |
|    ep_len_mean     | 1e+03     |
|    ep_rew_mean     | 1.29e+04  |
| time/              |           |
|    episodes        | 392       |
|    fps             | 75        |
|    time_elapsed    | 5168      |
|    total_timesteps | 391601    |
| train/             |           |
|    actor_loss      | -1.31e+03 |
|    critic_loss     | 5.31      |
|    ent_coef        | 0.138     |
|    ent_coef_loss   | -0.348    |
|    learning_rate   | 0.0003    |
|    n_updates       | 390600    |
----------------------------------
----------------------------------
| rollout/           |           |
|    ep_len_mean     | 1e+03     |
|    ep_rew_mean     | 1.29e+04  |
| time/              |           |
|    episodes        | 396       |
|    fps             | 75        |
|    time_elapsed    | 5234      |
|    total_timesteps | 395601    |
| train/             |           |
|    actor_loss      | -1.33e+03 |
|    critic_loss     | 1.61      |
|    ent_coef        | 0.132     |
|    ent_coef_loss   | -0.0522   |
|    learning_rate   | 0.0003    |
|    n_updates       | 394600    |
----------------------------------
----------------------------------
| rollout/           |           |
|    ep_len_mean     | 1e+03     |
|    ep_rew_mean     | 1.29e+04  |
| time/              |           |
|    episodes        | 400       |
|    fps             | 75        |
|    time_elapsed    | 5293      |
|    total_timesteps | 399601    |
| train/             |           |
|    actor_loss      | -1.27e+03 |
|    critic_loss     | 2.95      |
|    ent_coef        | 0.127     |
|    ent_coef_loss   | -0.176    |
|    learning_rate   | 0.0003    |
|    n_updates       | 398600    |
----------------------------------
[EvalCheckpoint] step 400,000: 0/5 success, mean waypoints 2.0, mean steps 800 (train tol 0.60 m, hold 10)
----------------------------------
| rollout/           |           |
|    ep_len_mean     | 1e+03     |
|    ep_rew_mean     | 1.29e+04  |
| time/              |           |
|    episodes        | 404       |
|    fps             | 75        |
|    time_elapsed    | 5351      |
|    total_timesteps | 403601    |
| train/             |           |
|    actor_loss      | -1.22e+03 |
|    critic_loss     | 2.69      |
|    ent_coef        | 0.126     |
|    ent_coef_loss   | 0.193     |
|    learning_rate   | 0.0003    |
|    n_updates       | 402600    |
----------------------------------
----------------------------------
| rollout/           |           |
|    ep_len_mean     | 1e+03     |
|    ep_rew_mean     | 1.29e+04  |
| time/              |           |
|    episodes        | 408       |
|    fps             | 75        |
|    time_elapsed    | 5412      |
|    total_timesteps | 407601    |
| train/             |           |
|    actor_loss      | -1.24e+03 |
|    critic_loss     | 2.55      |
|    ent_coef        | 0.124     |
|    ent_coef_loss   | 0.146     |
|    learning_rate   | 0.0003    |
|    n_updates       | 406600    |
----------------------------------
----------------------------------
| rollout/           |           |
|    ep_len_mean     | 1e+03     |
|    ep_rew_mean     | 1.29e+04  |
| time/              |           |
|    episodes        | 412       |
|    fps             | 75        |
|    time_elapsed    | 5469      |
|    total_timesteps | 411601    |
| train/             |           |
|    actor_loss      | -1.36e+03 |
|    critic_loss     | 1.61      |
|    ent_coef        | 0.124     |
|    ent_coef_loss   | 0.105     |
|    learning_rate   | 0.0003    |
|    n_updates       | 410600    |
----------------------------------
----------------------------------
| rollout/           |           |
|    ep_len_mean     | 1e+03     |
|    ep_rew_mean     | 1.29e+04  |
| time/              |           |
|    episodes        | 416       |
|    fps             | 75        |
|    time_elapsed    | 5528      |
|    total_timesteps | 415601    |
| train/             |           |
|    actor_loss      | -1.32e+03 |
|    critic_loss     | 1.5       |
|    ent_coef        | 0.119     |
|    ent_coef_loss   | 0.454     |
|    learning_rate   | 0.0003    |
|    n_updates       | 414600    |
----------------------------------
---------------------------------
| rollout/           |          |
|    ep_len_mean     | 1e+03    |
|    ep_rew_mean     | 1.3e+04  |
| time/              |          |
|    episodes        | 420      |
|    fps             | 75       |
|    time_elapsed    | 5586     |
|    total_timesteps | 419601   |
| train/             |          |
|    actor_loss      | -1.3e+03 |
|    critic_loss     | 2.52     |
|    ent_coef        | 0.118    |
|    ent_coef_loss   | -0.279   |
|    learning_rate   | 0.0003   |
|    n_updates       | 418600   |
---------------------------------
----------------------------------
| rollout/           |           |
|    ep_len_mean     | 1e+03     |
|    ep_rew_mean     | 1.3e+04   |
| time/              |           |
|    episodes        | 424       |
|    fps             | 75        |
|    time_elapsed    | 5643      |
|    total_timesteps | 423601    |
| train/             |           |
|    actor_loss      | -1.33e+03 |
|    critic_loss     | 1.81      |
|    ent_coef        | 0.114     |
|    ent_coef_loss   | 0.176     |
|    learning_rate   | 0.0003    |
|    n_updates       | 422600    |
----------------------------------
[EvalCheckpoint] step 425,000: 0/5 success, mean waypoints 2.0, mean steps 800 (train tol 0.60 m, hold 10)
----------------------------------
| rollout/           |           |
|    ep_len_mean     | 1e+03     |
|    ep_rew_mean     | 1.3e+04   |
| time/              |           |
|    episodes        | 428       |
|    fps             | 75        |
|    time_elapsed    | 5700      |
|    total_timesteps | 427601    |
| train/             |           |
|    actor_loss      | -1.37e+03 |
|    critic_loss     | 1.36      |
|    ent_coef        | 0.111     |
|    ent_coef_loss   | -0.35     |
|    learning_rate   | 0.0003    |
|    n_updates       | 426600    |
----------------------------------
----------------------------------
| rollout/           |           |
|    ep_len_mean     | 1e+03     |
|    ep_rew_mean     | 1.3e+04   |
| time/              |           |
|    episodes        | 432       |
|    fps             | 74        |
|    time_elapsed    | 5755      |
|    total_timesteps | 431601    |
| train/             |           |
|    actor_loss      | -1.43e+03 |
|    critic_loss     | 0.675     |
|    ent_coef        | 0.11      |
|    ent_coef_loss   | 0.356     |
|    learning_rate   | 0.0003    |
|    n_updates       | 430600    |
----------------------------------
----------------------------------
| rollout/           |           |
|    ep_len_mean     | 1e+03     |
|    ep_rew_mean     | 1.3e+04   |
| time/              |           |
|    episodes        | 436       |
|    fps             | 74        |
|    time_elapsed    | 5818      |
|    total_timesteps | 435601    |
| train/             |           |
|    actor_loss      | -1.32e+03 |
|    critic_loss     | 1.16      |
|    ent_coef        | 0.105     |
|    ent_coef_loss   | 0.433     |
|    learning_rate   | 0.0003    |
|    n_updates       | 434600    |
----------------------------------
----------------------------------
| rollout/           |           |
|    ep_len_mean     | 1e+03     |
|    ep_rew_mean     | 1.3e+04   |
| time/              |           |
|    episodes        | 440       |
|    fps             | 74        |
|    time_elapsed    | 5880      |
|    total_timesteps | 439601    |
| train/             |           |
|    actor_loss      | -1.33e+03 |
|    critic_loss     | 1.44      |
|    ent_coef        | 0.11      |
|    ent_coef_loss   | -0.397    |
|    learning_rate   | 0.0003    |
|    n_updates       | 438600    |
----------------------------------
----------------------------------
| rollout/           |           |
|    ep_len_mean     | 1e+03     |
|    ep_rew_mean     | 1.3e+04   |
| time/              |           |
|    episodes        | 444       |
|    fps             | 74        |
|    time_elapsed    | 5938      |
|    total_timesteps | 443601    |
| train/             |           |
|    actor_loss      | -1.36e+03 |
|    critic_loss     | 0.881     |
|    ent_coef        | 0.102     |
|    ent_coef_loss   | 0.926     |
|    learning_rate   | 0.0003    |
|    n_updates       | 442600    |
----------------------------------
----------------------------------
| rollout/           |           |
|    ep_len_mean     | 1e+03     |
|    ep_rew_mean     | 1.3e+04   |
| time/              |           |
|    episodes        | 448       |
|    fps             | 74        |
|    time_elapsed    | 5996      |
|    total_timesteps | 447601    |
| train/             |           |
|    actor_loss      | -1.35e+03 |
|    critic_loss     | 1.36      |
|    ent_coef        | 0.0939    |
|    ent_coef_loss   | 0.0736    |
|    learning_rate   | 0.0003    |
|    n_updates       | 446600    |
----------------------------------
[EvalCheckpoint] step 450,000: 0/5 success, mean waypoints 2.0, mean steps 800 (train tol 0.60 m, hold 10)
----------------------------------
| rollout/           |           |
|    ep_len_mean     | 1e+03     |
|    ep_rew_mean     | 1.3e+04   |
| time/              |           |
|    episodes        | 452       |
|    fps             | 74        |
|    time_elapsed    | 6057      |
|    total_timesteps | 451601    |
| train/             |           |
|    actor_loss      | -1.21e+03 |
|    critic_loss     | 1.09      |
|    ent_coef        | 0.0902    |
|    ent_coef_loss   | -0.454    |
|    learning_rate   | 0.0003    |
|    n_updates       | 450600    |
----------------------------------
----------------------------------
| rollout/           |           |
|    ep_len_mean     | 1e+03     |
|    ep_rew_mean     | 1.3e+04   |
| time/              |           |
|    episodes        | 456       |
|    fps             | 74        |
|    time_elapsed    | 6119      |
|    total_timesteps | 455601    |
| train/             |           |
|    actor_loss      | -1.39e+03 |
|    critic_loss     | 0.878     |
|    ent_coef        | 0.0877    |
|    ent_coef_loss   | 0.0358    |
|    learning_rate   | 0.0003    |
|    n_updates       | 454600    |
----------------------------------
----------------------------------
| rollout/           |           |
|    ep_len_mean     | 1e+03     |
|    ep_rew_mean     | 1.3e+04   |
| time/              |           |
|    episodes        | 460       |
|    fps             | 74        |
|    time_elapsed    | 6175      |
|    total_timesteps | 459601    |
| train/             |           |
|    actor_loss      | -1.41e+03 |
|    critic_loss     | 0.504     |
|    ent_coef        | 0.0844    |
|    ent_coef_loss   | -0.436    |
|    learning_rate   | 0.0003    |
|    n_updates       | 458600    |
----------------------------------
----------------------------------
| rollout/           |           |
|    ep_len_mean     | 1e+03     |
|    ep_rew_mean     | 1.3e+04   |
| time/              |           |
|    episodes        | 464       |
|    fps             | 74        |
|    time_elapsed    | 6232      |
|    total_timesteps | 463601    |
| train/             |           |
|    actor_loss      | -1.45e+03 |
|    critic_loss     | 0.812     |
|    ent_coef        | 0.0841    |
|    ent_coef_loss   | 0.0917    |
|    learning_rate   | 0.0003    |
|    n_updates       | 462600    |
----------------------------------
---------------------------------
| rollout/           |          |
|    ep_len_mean     | 1e+03    |
|    ep_rew_mean     | 1.31e+04 |
| time/              |          |
|    episodes        | 468      |
|    fps             | 74       |
|    time_elapsed    | 6290     |
|    total_timesteps | 467601   |
| train/             |          |
|    actor_loss      | -1.5e+03 |
|    critic_loss     | 0.724    |
|    ent_coef        | 0.083    |
|    ent_coef_loss   | -0.234   |
|    learning_rate   | 0.0003   |
|    n_updates       | 466600   |
---------------------------------
----------------------------------
| rollout/           |           |
|    ep_len_mean     | 1e+03     |
|    ep_rew_mean     | 1.31e+04  |
| time/              |           |
|    episodes        | 472       |
|    fps             | 74        |
|    time_elapsed    | 6352      |
|    total_timesteps | 471601    |
| train/             |           |
|    actor_loss      | -1.51e+03 |
|    critic_loss     | 0.807     |
|    ent_coef        | 0.0802    |
|    ent_coef_loss   | 0.0155    |
|    learning_rate   | 0.0003    |
|    n_updates       | 470600    |
----------------------------------
[EvalCheckpoint] step 475,000: 0/5 success, mean waypoints 2.0, mean steps 800 (train tol 0.60 m, hold 10)
----------------------------------
| rollout/           |           |
|    ep_len_mean     | 1e+03     |
|    ep_rew_mean     | 1.31e+04  |
| time/              |           |
|    episodes        | 476       |
|    fps             | 74        |
|    time_elapsed    | 6414      |
|    total_timesteps | 475601    |
| train/             |           |
|    actor_loss      | -1.52e+03 |
|    critic_loss     | 0.489     |
|    ent_coef        | 0.0796    |
|    ent_coef_loss   | 0.398     |
|    learning_rate   | 0.0003    |
|    n_updates       | 474600    |
----------------------------------
----------------------------------
| rollout/           |           |
|    ep_len_mean     | 1e+03     |
|    ep_rew_mean     | 1.31e+04  |
| time/              |           |
|    episodes        | 480       |
|    fps             | 74        |
|    time_elapsed    | 6475      |
|    total_timesteps | 479601    |
| train/             |           |
|    actor_loss      | -1.62e+03 |
|    critic_loss     | 1.31      |
|    ent_coef        | 0.076     |
|    ent_coef_loss   | 1.1       |
|    learning_rate   | 0.0003    |
|    n_updates       | 478600    |
----------------------------------
----------------------------------
| rollout/           |           |
|    ep_len_mean     | 1e+03     |
|    ep_rew_mean     | 1.31e+04  |
| time/              |           |
|    episodes        | 484       |
|    fps             | 73        |
|    time_elapsed    | 6539      |
|    total_timesteps | 483601    |
| train/             |           |
|    actor_loss      | -1.39e+03 |
|    critic_loss     | 0.735     |
|    ent_coef        | 0.0759    |
|    ent_coef_loss   | -0.63     |
|    learning_rate   | 0.0003    |
|    n_updates       | 482600    |
----------------------------------
----------------------------------
| rollout/           |           |
|    ep_len_mean     | 1e+03     |
|    ep_rew_mean     | 1.31e+04  |
| time/              |           |
|    episodes        | 488       |
|    fps             | 73        |
|    time_elapsed    | 6602      |
|    total_timesteps | 487601    |
| train/             |           |
|    actor_loss      | -1.54e+03 |
|    critic_loss     | 1.02      |
|    ent_coef        | 0.0736    |
|    ent_coef_loss   | 0.552     |
|    learning_rate   | 0.0003    |
|    n_updates       | 486600    |
----------------------------------
----------------------------------
| rollout/           |           |
|    ep_len_mean     | 1e+03     |
|    ep_rew_mean     | 1.31e+04  |
| time/              |           |
|    episodes        | 492       |
|    fps             | 73        |
|    time_elapsed    | 6665      |
|    total_timesteps | 491601    |
| train/             |           |
|    actor_loss      | -1.52e+03 |
|    critic_loss     | 0.574     |
|    ent_coef        | 0.0714    |
|    ent_coef_loss   | 0.103     |
|    learning_rate   | 0.0003    |
|    n_updates       | 490600    |
----------------------------------
----------------------------------
| rollout/           |           |
|    ep_len_mean     | 1e+03     |
|    ep_rew_mean     | 1.31e+04  |
| time/              |           |
|    episodes        | 496       |
|    fps             | 73        |
|    time_elapsed    | 6728      |
|    total_timesteps | 495601    |
| train/             |           |
|    actor_loss      | -1.49e+03 |
|    critic_loss     | 0.714     |
|    ent_coef        | 0.0687    |
|    ent_coef_loss   | 0.554     |
|    learning_rate   | 0.0003    |
|    n_updates       | 494600    |
----------------------------------
----------------------------------
| rollout/           |           |
|    ep_len_mean     | 1e+03     |
|    ep_rew_mean     | 1.31e+04  |
| time/              |           |
|    episodes        | 500       |
|    fps             | 73        |
|    time_elapsed    | 6792      |
|    total_timesteps | 499601    |
| train/             |           |
|    actor_loss      | -1.53e+03 |
|    critic_loss     | 0.898     |
|    ent_coef        | 0.0674    |
|    ent_coef_loss   | 0.337     |
|    learning_rate   | 0.0003    |
|    n_updates       | 498600    |
----------------------------------
[EvalCheckpoint] step 500,000: 0/5 success, mean waypoints 2.0, mean steps 800 (train tol 0.60 m, hold 10)
[2026-08-14T17:50:30] Training complete in 6800.4s
[2026-08-14T17:50:30] Episodes: 500
[2026-08-14T17:50:30] Best reward: 13291.03
[2026-08-14T17:50:30] Mean reward (100ep): 13133.44
[2026-08-14T17:50:30] Final goal tolerance: 0.6
[2026-08-14T17:50:30] Curriculum stage: 0
[2026-08-14T17:50:30] Saved: {'model': 'C:\\Users\\ranjo\\OneDrive\\Desktop\\ARM-Model\\project_assets\\outputs\\Ablation\\decrement_5\\seed_101\\sac_model', 'history': 'C:\\Users\\ranjo\\OneDrive\\Desktop\\ARM-Model\\project_assets\\outputs\\Ablation\\decrement_5\\seed_101\\training_history.csv', 'stats': 'C:\\Users\\ranjo\\OneDrive\\Desktop\\ARM-Model\\project_assets\\outputs\\Ablation\\decrement_5\\seed_101\\training_stats.json'}
[2026-08-14T17:50:30] Best checkpoint: score=(0, 2.0, -800.0) at step 25000 -> C:\Users\ranjo\OneDrive\Desktop\ARM-Model\project_assets\outputs\Ablation\decrement_5\seed_101\sac_model_best.zip
[2026-08-14T17:50:30] Running Fitts' Law sweep (1 trials per condition)...
[2026-08-14T17:50:33] Fitts sweep complete in 2.8s
[2026-08-14T17:50:33] Fitts: MT = +0.0029 + +0.0171 * ID, R^2 = 1.0000 (n_conditions = 2, trials_per_condition = 1)
[2026-08-14T17:50:33] Saved: C:\Users\ranjo\OneDrive\Desktop\ARM-Model\project_assets\outputs\Ablation\decrement_5\seed_101\fitts_law.json
[2026-08-14T17:50:33] Saved: C:\Users\ranjo\OneDrive\Desktop\ARM-Model\project_assets\outputs\Ablation\decrement_5\seed_101\fitts_law.png
[2026-08-14T17:50:33] Running 2/3 Power Law sweep (1 trials)...
[2026-08-14T17:50:33] Power Law sweep complete in 0.1s
[2026-08-14T17:50:33] Power Law: log V = -0.5113 + -0.6067 * log C, R = -0.7846, R^2 = 0.6156 (n_samples = 197, n_trials = 0/1)
[2026-08-14T17:50:34] Saved: C:\Users\ranjo\OneDrive\Desktop\ARM-Model\project_assets\outputs\Ablation\decrement_5\seed_101\power_law.json
[2026-08-14T17:50:34] Saved: C:\Users\ranjo\OneDrive\Desktop\ARM-Model\project_assets\outputs\Ablation\decrement_5\seed_101\power_law.png
[2026-08-14T17:50:34] Session complete. Total wall time: 1:53:24.771211
[2026-08-14T17:50:34] ============================================================
