[2026-08-14T17:55:35] Starting Fischer session: algorithm=SAC, timesteps=500,000, direction=EAST, actuation=muscle, waypoints=[[0.2, 1.2], [2.2, 0.5], [1.0, -1.6]], seed=102
[2026-08-14T17:55:35] Save dir: C:\Users\ranjo\OneDrive\Desktop\ARM-Model\project_assets\outputs\Ablation\stochastic\seed_102
[2026-08-14T17:55:35] Waypoint mode active: 3 waypoints, current_waypoint_index=0 at every episode reset
[2026-08-14T17:55:35] Ablation config: hold_decrement=3, hold_curriculum=on, curriculum_mode=stochastic
[2026-08-14T17:55:35] Waypoint mode: tolerance curriculum floor raised to 0.2 m (eval standard is 0.6 m)
[2026-08-14T17:55:35] Curriculum mode 'stochastic': using training-policy success rate, no best-model checkpointing (ablation condition)
Using cpu device
Wrapping the env with a `Monitor` wrapper
Wrapping the env in a DummyVecEnv.
[HoldCurriculum] Initial hold requirement: 10 steps (ladder: [10, 15, 20], threshold: 60%)
----------------------------------
| rollout/           |           |
|    ep_len_mean     | 1e+03     |
|    ep_rew_mean     | -5.26e+03 |
| time/              |           |
|    episodes        | 4         |
|    fps             | 91        |
|    time_elapsed    | 43        |
|    total_timesteps | 4000      |
| train/             |           |
|    actor_loss      | 49.2      |
|    critic_loss     | 0.594     |
|    ent_coef        | 0.41      |
|    ent_coef_loss   | -5.54     |
|    learning_rate   | 0.0003    |
|    n_updates       | 2999      |
----------------------------------
----------------------------------
| rollout/           |           |
|    ep_len_mean     | 1e+03     |
|    ep_rew_mean     | -4.73e+03 |
| time/              |           |
|    episodes        | 8         |
|    fps             | 79        |
|    time_elapsed    | 101       |
|    total_timesteps | 8000      |
| train/             |           |
|    actor_loss      | 96.7      |
|    critic_loss     | 1.19      |
|    ent_coef        | 0.134     |
|    ent_coef_loss   | -8.17     |
|    learning_rate   | 0.0003    |
|    n_updates       | 6999      |
----------------------------------
----------------------------------
| rollout/           |           |
|    ep_len_mean     | 1e+03     |
|    ep_rew_mean     | -4.53e+03 |
| time/              |           |
|    episodes        | 12        |
|    fps             | 75        |
|    time_elapsed    | 158       |
|    total_timesteps | 12000     |
| train/             |           |
|    actor_loss      | 141       |
|    critic_loss     | 2.05      |
|    ent_coef        | 0.0583    |
|    ent_coef_loss   | -3.45     |
|    learning_rate   | 0.0003    |
|    n_updates       | 10999     |
----------------------------------
----------------------------------
| rollout/           |           |
|    ep_len_mean     | 1e+03     |
|    ep_rew_mean     | -4.53e+03 |
| time/              |           |
|    episodes        | 16        |
|    fps             | 74        |
|    time_elapsed    | 213       |
|    total_timesteps | 16000     |
| train/             |           |
|    actor_loss      | 147       |
|    critic_loss     | 15.6      |
|    ent_coef        | 0.079     |
|    ent_coef_loss   | -1.76     |
|    learning_rate   | 0.0003    |
|    n_updates       | 14999     |
----------------------------------
----------------------------------
| rollout/           |           |
|    ep_len_mean     | 1e+03     |
|    ep_rew_mean     | -4.56e+03 |
| time/              |           |
|    episodes        | 20        |
|    fps             | 73        |
|    time_elapsed    | 272       |
|    total_timesteps | 20000     |
| train/             |           |
|    actor_loss      | 130       |
|    critic_loss     | 135       |
|    ent_coef        | 0.142     |
|    ent_coef_loss   | 1.73      |
|    learning_rate   | 0.0003    |
|    n_updates       | 18999     |
----------------------------------
----------------------------------
| rollout/           |           |
|    ep_len_mean     | 1e+03     |
|    ep_rew_mean     | -4.49e+03 |
| time/              |           |
|    episodes        | 24        |
|    fps             | 72        |
|    time_elapsed    | 329       |
|    total_timesteps | 24000     |
| train/             |           |
|    actor_loss      | 57.2      |
|    critic_loss     | 29.7      |
|    ent_coef        | 0.221     |
|    ent_coef_loss   | 0.0708    |
|    learning_rate   | 0.0003    |
|    n_updates       | 22999     |
----------------------------------
----------------------------------
| rollout/           |           |
|    ep_len_mean     | 1e+03     |
|    ep_rew_mean     | -4.31e+03 |
| time/              |           |
|    episodes        | 28        |
|    fps             | 72        |
|    time_elapsed    | 387       |
|    total_timesteps | 28000     |
| train/             |           |
|    actor_loss      | -41.5     |
|    critic_loss     | 391       |
|    ent_coef        | 0.219     |
|    ent_coef_loss   | -0.00777  |
|    learning_rate   | 0.0003    |
|    n_updates       | 26999     |
----------------------------------
----------------------------------
| rollout/           |           |
|    ep_len_mean     | 1e+03     |
|    ep_rew_mean     | -4.03e+03 |
| time/              |           |
|    episodes        | 32        |
|    fps             | 71        |
|    time_elapsed    | 445       |
|    total_timesteps | 32000     |
| train/             |           |
|    actor_loss      | -115      |
|    critic_loss     | 33.7      |
|    ent_coef        | 0.247     |
|    ent_coef_loss   | -0.298    |
|    learning_rate   | 0.0003    |
|    n_updates       | 30999     |
----------------------------------
----------------------------------
| rollout/           |           |
|    ep_len_mean     | 1e+03     |
|    ep_rew_mean     | -3.84e+03 |
| time/              |           |
|    episodes        | 36        |
|    fps             | 71        |
|    time_elapsed    | 503       |
|    total_timesteps | 36000     |
| train/             |           |
|    actor_loss      | -153      |
|    critic_loss     | 24.5      |
|    ent_coef        | 0.226     |
|    ent_coef_loss   | 0.204     |
|    learning_rate   | 0.0003    |
|    n_updates       | 34999     |
----------------------------------
----------------------------------
| rollout/           |           |
|    ep_len_mean     | 1e+03     |
|    ep_rew_mean     | -3.76e+03 |
| time/              |           |
|    episodes        | 40        |
|    fps             | 71        |
|    time_elapsed    | 562       |
|    total_timesteps | 40000     |
| train/             |           |
|    actor_loss      | -181      |
|    critic_loss     | 21.6      |
|    ent_coef        | 0.3       |
|    ent_coef_loss   | -0.341    |
|    learning_rate   | 0.0003    |
|    n_updates       | 38999     |
----------------------------------
---------------------------------
| rollout/           |          |
|    ep_len_mean     | 1e+03    |
|    ep_rew_mean     | -3.7e+03 |
| time/              |          |
|    episodes        | 44       |
|    fps             | 71       |
|    time_elapsed    | 618      |
|    total_timesteps | 44000    |
| train/             |          |
|    actor_loss      | -178     |
|    critic_loss     | 13.2     |
|    ent_coef        | 0.314    |
|    ent_coef_loss   | -0.0365  |
|    learning_rate   | 0.0003   |
|    n_updates       | 42999    |
---------------------------------
----------------------------------
| rollout/           |           |
|    ep_len_mean     | 1e+03     |
|    ep_rew_mean     | -3.66e+03 |
| time/              |           |
|    episodes        | 48        |
|    fps             | 71        |
|    time_elapsed    | 671       |
|    total_timesteps | 48000     |
| train/             |           |
|    actor_loss      | -161      |
|    critic_loss     | 15.9      |
|    ent_coef        | 0.337     |
|    ent_coef_loss   | -0.0916   |
|    learning_rate   | 0.0003    |
|    n_updates       | 46999     |
----------------------------------
----------------------------------
| rollout/           |           |
|    ep_len_mean     | 1e+03     |
|    ep_rew_mean     | -3.63e+03 |
| time/              |           |
|    episodes        | 52        |
|    fps             | 71        |
|    time_elapsed    | 730       |
|    total_timesteps | 52000     |
| train/             |           |
|    actor_loss      | -196      |
|    critic_loss     | 21.4      |
|    ent_coef        | 0.266     |
|    ent_coef_loss   | 0.0632    |
|    learning_rate   | 0.0003    |
|    n_updates       | 50999     |
----------------------------------
----------------------------------
| rollout/           |           |
|    ep_len_mean     | 1e+03     |
|    ep_rew_mean     | -3.56e+03 |
| time/              |           |
|    episodes        | 56        |
|    fps             | 71        |
|    time_elapsed    | 783       |
|    total_timesteps | 56000     |
| train/             |           |
|    actor_loss      | -170      |
|    critic_loss     | 7.87      |
|    ent_coef        | 0.238     |
|    ent_coef_loss   | -0.133    |
|    learning_rate   | 0.0003    |
|    n_updates       | 54999     |
----------------------------------
----------------------------------
| rollout/           |           |
|    ep_len_mean     | 1e+03     |
|    ep_rew_mean     | -3.42e+03 |
| time/              |           |
|    episodes        | 60        |
|    fps             | 71        |
|    time_elapsed    | 839       |
|    total_timesteps | 60000     |
| train/             |           |
|    actor_loss      | -173      |
|    critic_loss     | 7.1       |
|    ent_coef        | 0.3       |
|    ent_coef_loss   | 0.472     |
|    learning_rate   | 0.0003    |
|    n_updates       | 58999     |
----------------------------------
----------------------------------
| rollout/           |           |
|    ep_len_mean     | 1e+03     |
|    ep_rew_mean     | -3.29e+03 |
| time/              |           |
|    episodes        | 64        |
|    fps             | 71        |
|    time_elapsed    | 898       |
|    total_timesteps | 64000     |
| train/             |           |
|    actor_loss      | -157      |
|    critic_loss     | 10.1      |
|    ent_coef        | 0.248     |
|    ent_coef_loss   | -0.0492   |
|    learning_rate   | 0.0003    |
|    n_updates       | 62999     |
----------------------------------
---------------------------------
| rollout/           |          |
|    ep_len_mean     | 1e+03    |
|    ep_rew_mean     | -3.2e+03 |
| time/              |          |
|    episodes        | 68       |
|    fps             | 71       |
|    time_elapsed    | 957      |
|    total_timesteps | 68000    |
| train/             |          |
|    actor_loss      | -116     |
|    critic_loss     | 8.88     |
|    ent_coef        | 0.255    |
|    ent_coef_loss   | -0.807   |
|    learning_rate   | 0.0003   |
|    n_updates       | 66999    |
---------------------------------
----------------------------------
| rollout/           |           |
|    ep_len_mean     | 1e+03     |
|    ep_rew_mean     | -3.33e+03 |
| time/              |           |
|    episodes        | 72        |
|    fps             | 70        |
|    time_elapsed    | 1016      |
|    total_timesteps | 72000     |
| train/             |           |
|    actor_loss      | -90.8     |
|    critic_loss     | 6.03      |
|    ent_coef        | 0.227     |
|    ent_coef_loss   | 0.0428    |
|    learning_rate   | 0.0003    |
|    n_updates       | 70999     |
----------------------------------
----------------------------------
| rollout/           |           |
|    ep_len_mean     | 1e+03     |
|    ep_rew_mean     | -3.33e+03 |
| time/              |           |
|    episodes        | 76        |
|    fps             | 70        |
|    time_elapsed    | 1073      |
|    total_timesteps | 76000     |
| train/             |           |
|    actor_loss      | -70.8     |
|    critic_loss     | 7.48      |
|    ent_coef        | 0.164     |
|    ent_coef_loss   | 0.263     |
|    learning_rate   | 0.0003    |
|    n_updates       | 74999     |
----------------------------------
----------------------------------
| rollout/           |           |
|    ep_len_mean     | 1e+03     |
|    ep_rew_mean     | -3.23e+03 |
| time/              |           |
|    episodes        | 80        |
|    fps             | 70        |
|    time_elapsed    | 1130      |
|    total_timesteps | 80000     |
| train/             |           |
|    actor_loss      | -66       |
|    critic_loss     | 11.5      |
|    ent_coef        | 0.132     |
|    ent_coef_loss   | 0.721     |
|    learning_rate   | 0.0003    |
|    n_updates       | 78999     |
----------------------------------
----------------------------------
| rollout/           |           |
|    ep_len_mean     | 1e+03     |
|    ep_rew_mean     | -3.19e+03 |
| time/              |           |
|    episodes        | 84        |
|    fps             | 70        |
|    time_elapsed    | 1188      |
|    total_timesteps | 84000     |
| train/             |           |
|    actor_loss      | -29.2     |
|    critic_loss     | 6.67      |
|    ent_coef        | 0.13      |
|    ent_coef_loss   | 0.991     |
|    learning_rate   | 0.0003    |
|    n_updates       | 82999     |
----------------------------------
----------------------------------
| rollout/           |           |
|    ep_len_mean     | 1e+03     |
|    ep_rew_mean     | -3.11e+03 |
| time/              |           |
|    episodes        | 88        |
|    fps             | 70        |
|    time_elapsed    | 1245      |
|    total_timesteps | 88000     |
| train/             |           |
|    actor_loss      | 0.65      |
|    critic_loss     | 6.33      |
|    ent_coef        | 0.14      |
|    ent_coef_loss   | -0.151    |
|    learning_rate   | 0.0003    |
|    n_updates       | 86999     |
----------------------------------
----------------------------------
| rollout/           |           |
|    ep_len_mean     | 1e+03     |
|    ep_rew_mean     | -3.03e+03 |
| time/              |           |
|    episodes        | 92        |
|    fps             | 70        |
|    time_elapsed    | 1302      |
|    total_timesteps | 92000     |
| train/             |           |
|    actor_loss      | 4.87      |
|    critic_loss     | 5.6       |
|    ent_coef        | 0.154     |
|    ent_coef_loss   | 0.228     |
|    learning_rate   | 0.0003    |
|    n_updates       | 90999     |
----------------------------------
----------------------------------
| rollout/           |           |
|    ep_len_mean     | 1e+03     |
|    ep_rew_mean     | -2.95e+03 |
| time/              |           |
|    episodes        | 96        |
|    fps             | 70        |
|    time_elapsed    | 1358      |
|    total_timesteps | 96000     |
| train/             |           |
|    actor_loss      | 18.2      |
|    critic_loss     | 8.59      |
|    ent_coef        | 0.14      |
|    ent_coef_loss   | 0.547     |
|    learning_rate   | 0.0003    |
|    n_updates       | 94999     |
----------------------------------
----------------------------------
| rollout/           |           |
|    ep_len_mean     | 1e+03     |
|    ep_rew_mean     | -2.87e+03 |
| time/              |           |
|    episodes        | 100       |
|    fps             | 70        |
|    time_elapsed    | 1414      |
|    total_timesteps | 100000    |
| train/             |           |
|    actor_loss      | -1.15     |
|    critic_loss     | 5.35      |
|    ent_coef        | 0.131     |
|    ent_coef_loss   | 0.353     |
|    learning_rate   | 0.0003    |
|    n_updates       | 98999     |
----------------------------------
---------------------------------
| rollout/           |          |
|    ep_len_mean     | 1e+03    |
|    ep_rew_mean     | -2.7e+03 |
| time/              |          |
|    episodes        | 104      |
|    fps             | 70       |
|    time_elapsed    | 1471     |
|    total_timesteps | 104000   |
| train/             |          |
|    actor_loss      | 11       |
|    critic_loss     | 3.99     |
|    ent_coef        | 0.105    |
|    ent_coef_loss   | -0.732   |
|    learning_rate   | 0.0003   |
|    n_updates       | 102999   |
---------------------------------
----------------------------------
| rollout/           |           |
|    ep_len_mean     | 1e+03     |
|    ep_rew_mean     | -2.56e+03 |
| time/              |           |
|    episodes        | 108       |
|    fps             | 70        |
|    time_elapsed    | 1528      |
|    total_timesteps | 108000    |
| train/             |           |
|    actor_loss      | -0.211    |
|    critic_loss     | 4.75      |
|    ent_coef        | 0.113     |
|    ent_coef_loss   | 1.06      |
|    learning_rate   | 0.0003    |
|    n_updates       | 106999    |
----------------------------------
----------------------------------
| rollout/           |           |
|    ep_len_mean     | 1e+03     |
|    ep_rew_mean     | -2.43e+03 |
| time/              |           |
|    episodes        | 112       |
|    fps             | 70        |
|    time_elapsed    | 1585      |
|    total_timesteps | 112000    |
| train/             |           |
|    actor_loss      | 16.1      |
|    critic_loss     | 3.72      |
|    ent_coef        | 0.119     |
|    ent_coef_loss   | 0.061     |
|    learning_rate   | 0.0003    |
|    n_updates       | 110999    |
----------------------------------
----------------------------------
| rollout/           |           |
|    ep_len_mean     | 1e+03     |
|    ep_rew_mean     | -2.32e+03 |
| time/              |           |
|    episodes        | 116       |
|    fps             | 70        |
|    time_elapsed    | 1643      |
|    total_timesteps | 116000    |
| train/             |           |
|    actor_loss      | -0.226    |
|    critic_loss     | 75.1      |
|    ent_coef        | 0.114     |
|    ent_coef_loss   | 1.35      |
|    learning_rate   | 0.0003    |
|    n_updates       | 114999    |
----------------------------------
----------------------------------
| rollout/           |           |
|    ep_len_mean     | 1e+03     |
|    ep_rew_mean     | -2.15e+03 |
| time/              |           |
|    episodes        | 120       |
|    fps             | 70        |
|    time_elapsed    | 1700      |
|    total_timesteps | 120000    |
| train/             |           |
|    actor_loss      | 22.4      |
|    critic_loss     | 4.4       |
|    ent_coef        | 0.115     |
|    ent_coef_loss   | -0.354    |
|    learning_rate   | 0.0003    |
|    n_updates       | 118999    |
----------------------------------
----------------------------------
| rollout/           |           |
|    ep_len_mean     | 1e+03     |
|    ep_rew_mean     | -2.15e+03 |
| time/              |           |
|    episodes        | 124       |
|    fps             | 70        |
|    time_elapsed    | 1755      |
|    total_timesteps | 124000    |
| train/             |           |
|    actor_loss      | 60.7      |
|    critic_loss     | 23.6      |
|    ent_coef        | 0.109     |
|    ent_coef_loss   | -0.141    |
|    learning_rate   | 0.0003    |
|    n_updates       | 122999    |
----------------------------------
----------------------------------
| rollout/           |           |
|    ep_len_mean     | 1e+03     |
|    ep_rew_mean     | -2.18e+03 |
| time/              |           |
|    episodes        | 128       |
|    fps             | 70        |
|    time_elapsed    | 1811      |
|    total_timesteps | 128000    |
| train/             |           |
|    actor_loss      | 41.8      |
|    critic_loss     | 5.05      |
|    ent_coef        | 0.0945    |
|    ent_coef_loss   | -0.929    |
|    learning_rate   | 0.0003    |
|    n_updates       | 126999    |
----------------------------------
----------------------------------
| rollout/           |           |
|    ep_len_mean     | 1e+03     |
|    ep_rew_mean     | -2.19e+03 |
| time/              |           |
|    episodes        | 132       |
|    fps             | 70        |
|    time_elapsed    | 1865      |
|    total_timesteps | 132000    |
| train/             |           |
|    actor_loss      | 54.5      |
|    critic_loss     | 7.11      |
|    ent_coef        | 0.0925    |
|    ent_coef_loss   | 0.614     |
|    learning_rate   | 0.0003    |
|    n_updates       | 130999    |
----------------------------------
----------------------------------
| rollout/           |           |
|    ep_len_mean     | 1e+03     |
|    ep_rew_mean     | -2.12e+03 |
| time/              |           |
|    episodes        | 136       |
|    fps             | 70        |
|    time_elapsed    | 1922      |
|    total_timesteps | 136000    |
| train/             |           |
|    actor_loss      | 81.7      |
|    critic_loss     | 4.99      |
|    ent_coef        | 0.0885    |
|    ent_coef_loss   | -0.263    |
|    learning_rate   | 0.0003    |
|    n_updates       | 134999    |
----------------------------------
----------------------------------
| rollout/           |           |
|    ep_len_mean     | 1e+03     |
|    ep_rew_mean     | -2.03e+03 |
| time/              |           |
|    episodes        | 140       |
|    fps             | 70        |
|    time_elapsed    | 1978      |
|    total_timesteps | 140000    |
| train/             |           |
|    actor_loss      | 50.7      |
|    critic_loss     | 3.18      |
|    ent_coef        | 0.0887    |
|    ent_coef_loss   | -0.206    |
|    learning_rate   | 0.0003    |
|    n_updates       | 138999    |
----------------------------------
----------------------------------
| rollout/           |           |
|    ep_len_mean     | 1e+03     |
|    ep_rew_mean     | -1.94e+03 |
| time/              |           |
|    episodes        | 144       |
|    fps             | 70        |
|    time_elapsed    | 2030      |
|    total_timesteps | 144000    |
| train/             |           |
|    actor_loss      | 64.5      |
|    critic_loss     | 11.4      |
|    ent_coef        | 0.0855    |
|    ent_coef_loss   | -0.157    |
|    learning_rate   | 0.0003    |
|    n_updates       | 142999    |
----------------------------------
----------------------------------
| rollout/           |           |
|    ep_len_mean     | 1e+03     |
|    ep_rew_mean     | -1.84e+03 |
| time/              |           |
|    episodes        | 148       |
|    fps             | 70        |
|    time_elapsed    | 2086      |
|    total_timesteps | 148000    |
| train/             |           |
|    actor_loss      | 73.7      |
|    critic_loss     | 23.8      |
|    ent_coef        | 0.0846    |
|    ent_coef_loss   | 0.256     |
|    learning_rate   | 0.0003    |
|    n_updates       | 146999    |
----------------------------------
----------------------------------
| rollout/           |           |
|    ep_len_mean     | 1e+03     |
|    ep_rew_mean     | -1.75e+03 |
| time/              |           |
|    episodes        | 152       |
|    fps             | 70        |
|    time_elapsed    | 2145      |
|    total_timesteps | 152000    |
| train/             |           |
|    actor_loss      | 55.2      |
|    critic_loss     | 7.47      |
|    ent_coef        | 0.0877    |
|    ent_coef_loss   | 0.905     |
|    learning_rate   | 0.0003    |
|    n_updates       | 150999    |
----------------------------------
----------------------------------
| rollout/           |           |
|    ep_len_mean     | 1e+03     |
|    ep_rew_mean     | -1.69e+03 |
| time/              |           |
|    episodes        | 156       |
|    fps             | 70        |
|    time_elapsed    | 2204      |
|    total_timesteps | 156000    |
| train/             |           |
|    actor_loss      | 77.5      |
|    critic_loss     | 24.7      |
|    ent_coef        | 0.0891    |
|    ent_coef_loss   | -0.707    |
|    learning_rate   | 0.0003    |
|    n_updates       | 154999    |
----------------------------------
----------------------------------
| rollout/           |           |
|    ep_len_mean     | 1e+03     |
|    ep_rew_mean     | -1.65e+03 |
| time/              |           |
|    episodes        | 160       |
|    fps             | 70        |
|    time_elapsed    | 2262      |
|    total_timesteps | 160000    |
| train/             |           |
|    actor_loss      | 78.5      |
|    critic_loss     | 18.7      |
|    ent_coef        | 0.083     |
|    ent_coef_loss   | 0.211     |
|    learning_rate   | 0.0003    |
|    n_updates       | 158999    |
----------------------------------
---------------------------------
| rollout/           |          |
|    ep_len_mean     | 1e+03    |
|    ep_rew_mean     | -1.6e+03 |
| time/              |          |
|    episodes        | 164      |
|    fps             | 70       |
|    time_elapsed    | 2320     |
|    total_timesteps | 164000   |
| train/             |          |
|    actor_loss      | 56.1     |
|    critic_loss     | 2.62     |
|    ent_coef        | 0.0908   |
|    ent_coef_loss   | 0.454    |
|    learning_rate   | 0.0003   |
|    n_updates       | 162999   |
---------------------------------
----------------------------------
| rollout/           |           |
|    ep_len_mean     | 1e+03     |
|    ep_rew_mean     | -1.56e+03 |
| time/              |           |
|    episodes        | 168       |
|    fps             | 70        |
|    time_elapsed    | 2382      |
|    total_timesteps | 168000    |
| train/             |           |
|    actor_loss      | 68.6      |
|    critic_loss     | 3.06      |
|    ent_coef        | 0.0891    |
|    ent_coef_loss   | -0.258    |
|    learning_rate   | 0.0003    |
|    n_updates       | 166999    |
----------------------------------
----------------------------------
| rollout/           |           |
|    ep_len_mean     | 1e+03     |
|    ep_rew_mean     | -1.36e+03 |
| time/              |           |
|    episodes        | 172       |
|    fps             | 70        |
|    time_elapsed    | 2442      |
|    total_timesteps | 172000    |
| train/             |           |
|    actor_loss      | 60.7      |
|    critic_loss     | 1.64      |
|    ent_coef        | 0.0791    |
|    ent_coef_loss   | 0.107     |
|    learning_rate   | 0.0003    |
|    n_updates       | 170999    |
----------------------------------
----------------------------------
| rollout/           |           |
|    ep_len_mean     | 1e+03     |
|    ep_rew_mean     | -1.25e+03 |
| time/              |           |
|    episodes        | 176       |
|    fps             | 70        |
|    time_elapsed    | 2503      |
|    total_timesteps | 176000    |
| train/             |           |
|    actor_loss      | 69.3      |
|    critic_loss     | 6.9       |
|    ent_coef        | 0.0738    |
|    ent_coef_loss   | -0.0808   |
|    learning_rate   | 0.0003    |
|    n_updates       | 174999    |
----------------------------------
----------------------------------
| rollout/           |           |
|    ep_len_mean     | 1e+03     |
|    ep_rew_mean     | -1.21e+03 |
| time/              |           |
|    episodes        | 180       |
|    fps             | 70        |
|    time_elapsed    | 2561      |
|    total_timesteps | 180000    |
| train/             |           |
|    actor_loss      | 63.9      |
|    critic_loss     | 1.93      |
|    ent_coef        | 0.0709    |
|    ent_coef_loss   | -0.385    |
|    learning_rate   | 0.0003    |
|    n_updates       | 178999    |
----------------------------------
----------------------------------
| rollout/           |           |
|    ep_len_mean     | 1e+03     |
|    ep_rew_mean     | -1.13e+03 |
| time/              |           |
|    episodes        | 184       |
|    fps             | 70        |
|    time_elapsed    | 2617      |
|    total_timesteps | 184000    |
| train/             |           |
|    actor_loss      | 60.4      |
|    critic_loss     | 4.26      |
|    ent_coef        | 0.0734    |
|    ent_coef_loss   | -0.489    |
|    learning_rate   | 0.0003    |
|    n_updates       | 182999    |
----------------------------------
----------------------------------
| rollout/           |           |
|    ep_len_mean     | 1e+03     |
|    ep_rew_mean     | -1.12e+03 |
| time/              |           |
|    episodes        | 188       |
|    fps             | 70        |
|    time_elapsed    | 2674      |
|    total_timesteps | 188000    |
| train/             |           |
|    actor_loss      | 61.4      |
|    critic_loss     | 2.41      |
|    ent_coef        | 0.0725    |
|    ent_coef_loss   | 0.0116    |
|    learning_rate   | 0.0003    |
|    n_updates       | 186999    |
----------------------------------
----------------------------------
| rollout/           |           |
|    ep_len_mean     | 1e+03     |
|    ep_rew_mean     | -1.23e+03 |
| time/              |           |
|    episodes        | 192       |
|    fps             | 70        |
|    time_elapsed    | 2731      |
|    total_timesteps | 192000    |
| train/             |           |
|    actor_loss      | 62.5      |
|    critic_loss     | 10.3      |
|    ent_coef        | 0.0645    |
|    ent_coef_loss   | 0.0446    |
|    learning_rate   | 0.0003    |
|    n_updates       | 190999    |
----------------------------------
----------------------------------
| rollout/           |           |
|    ep_len_mean     | 1e+03     |
|    ep_rew_mean     | -1.27e+03 |
| time/              |           |
|    episodes        | 196       |
|    fps             | 70        |
|    time_elapsed    | 2785      |
|    total_timesteps | 196000    |
| train/             |           |
|    actor_loss      | 73        |
|    critic_loss     | 2.24      |
|    ent_coef        | 0.0632    |
|    ent_coef_loss   | -0.415    |
|    learning_rate   | 0.0003    |
|    n_updates       | 194999    |
----------------------------------
----------------------------------
| rollout/           |           |
|    ep_len_mean     | 1e+03     |
|    ep_rew_mean     | -1.24e+03 |
| time/              |           |
|    episodes        | 200       |
|    fps             | 70        |
|    time_elapsed    | 2840      |
|    total_timesteps | 200000    |
| train/             |           |
|    actor_loss      | 58.3      |
|    critic_loss     | 1.77      |
|    ent_coef        | 0.0652    |
|    ent_coef_loss   | -0.175    |
|    learning_rate   | 0.0003    |
|    n_updates       | 198999    |
----------------------------------
----------------------------------
| rollout/           |           |
|    ep_len_mean     | 1e+03     |
|    ep_rew_mean     | -1.21e+03 |
| time/              |           |
|    episodes        | 204       |
|    fps             | 70        |
|    time_elapsed    | 2904      |
|    total_timesteps | 204000    |
| train/             |           |
|    actor_loss      | 56.7      |
|    critic_loss     | 1.33      |
|    ent_coef        | 0.0696    |
|    ent_coef_loss   | -1.17     |
|    learning_rate   | 0.0003    |
|    n_updates       | 202999    |
----------------------------------
----------------------------------
| rollout/           |           |
|    ep_len_mean     | 1e+03     |
|    ep_rew_mean     | -1.18e+03 |
| time/              |           |
|    episodes        | 208       |
|    fps             | 70        |
|    time_elapsed    | 2964      |
|    total_timesteps | 208000    |
| train/             |           |
|    actor_loss      | 39.4      |
|    critic_loss     | 1.61      |
|    ent_coef        | 0.0825    |
|    ent_coef_loss   | 1.27      |
|    learning_rate   | 0.0003    |
|    n_updates       | 206999    |
----------------------------------
----------------------------------
| rollout/           |           |
|    ep_len_mean     | 1e+03     |
|    ep_rew_mean     | -1.16e+03 |
| time/              |           |
|    episodes        | 212       |
|    fps             | 70        |
|    time_elapsed    | 3024      |
|    total_timesteps | 212000    |
| train/             |           |
|    actor_loss      | -4.55     |
|    critic_loss     | 1.65      |
|    ent_coef        | 0.083     |
|    ent_coef_loss   | 0.572     |
|    learning_rate   | 0.0003    |
|    n_updates       | 210999    |
----------------------------------
---------------------------------
| rollout/           |          |
|    ep_len_mean     | 1e+03    |
|    ep_rew_mean     | -1.1e+03 |
| time/              |          |
|    episodes        | 216      |
|    fps             | 70       |
|    time_elapsed    | 3081     |
|    total_timesteps | 216000   |
| train/             |          |
|    actor_loss      | 2.39     |
|    critic_loss     | 4.36     |
|    ent_coef        | 0.0838   |
|    ent_coef_loss   | 0.433    |
|    learning_rate   | 0.0003   |
|    n_updates       | 214999   |
---------------------------------
----------------------------------
| rollout/           |           |
|    ep_len_mean     | 1e+03     |
|    ep_rew_mean     | -1.09e+03 |
| time/              |           |
|    episodes        | 220       |
|    fps             | 70        |
|    time_elapsed    | 3129      |
|    total_timesteps | 220000    |
| train/             |           |
|    actor_loss      | 10.7      |
|    critic_loss     | 3.08      |
|    ent_coef        | 0.0808    |
|    ent_coef_loss   | -0.729    |
|    learning_rate   | 0.0003    |
|    n_updates       | 218999    |
----------------------------------
---------------------------------
| rollout/           |          |
|    ep_len_mean     | 1e+03    |
|    ep_rew_mean     | -927     |
| time/              |          |
|    episodes        | 224      |
|    fps             | 70       |
|    time_elapsed    | 3179     |
|    total_timesteps | 224000   |
| train/             |          |
|    actor_loss      | 4.47     |
|    critic_loss     | 1.35     |
|    ent_coef        | 0.0806   |
|    ent_coef_loss   | -0.564   |
|    learning_rate   | 0.0003   |
|    n_updates       | 222999   |
---------------------------------
---------------------------------
| rollout/           |          |
|    ep_len_mean     | 1e+03    |
|    ep_rew_mean     | -770     |
| time/              |          |
|    episodes        | 228      |
|    fps             | 70       |
|    time_elapsed    | 3237     |
|    total_timesteps | 228000   |
| train/             |          |
|    actor_loss      | -36.8    |
|    critic_loss     | 2.73     |
|    ent_coef        | 0.0783   |
|    ent_coef_loss   | 0.203    |
|    learning_rate   | 0.0003   |
|    n_updates       | 226999   |
---------------------------------
---------------------------------
| rollout/           |          |
|    ep_len_mean     | 1e+03    |
|    ep_rew_mean     | -685     |
| time/              |          |
|    episodes        | 232      |
|    fps             | 70       |
|    time_elapsed    | 3292     |
|    total_timesteps | 232000   |
| train/             |          |
|    actor_loss      | -26.6    |
|    critic_loss     | 2.85     |
|    ent_coef        | 0.0811   |
|    ent_coef_loss   | 0.281    |
|    learning_rate   | 0.0003   |
|    n_updates       | 230999   |
---------------------------------
---------------------------------
| rollout/           |          |
|    ep_len_mean     | 1e+03    |
|    ep_rew_mean     | -659     |
| time/              |          |
|    episodes        | 236      |
|    fps             | 70       |
|    time_elapsed    | 3346     |
|    total_timesteps | 236000   |
| train/             |          |
|    actor_loss      | -0.838   |
|    critic_loss     | 1.78     |
|    ent_coef        | 0.0708   |
|    ent_coef_loss   | -1.51    |
|    learning_rate   | 0.0003   |
|    n_updates       | 234999   |
---------------------------------
---------------------------------
| rollout/           |          |
|    ep_len_mean     | 1e+03    |
|    ep_rew_mean     | -631     |
| time/              |          |
|    episodes        | 240      |
|    fps             | 70       |
|    time_elapsed    | 3405     |
|    total_timesteps | 240000   |
| train/             |          |
|    actor_loss      | -7.92    |
|    critic_loss     | 1.86     |
|    ent_coef        | 0.0667   |
|    ent_coef_loss   | -0.148   |
|    learning_rate   | 0.0003   |
|    n_updates       | 238999   |
---------------------------------
---------------------------------
| rollout/           |          |
|    ep_len_mean     | 1e+03    |
|    ep_rew_mean     | -602     |
| time/              |          |
|    episodes        | 244      |
|    fps             | 70       |
|    time_elapsed    | 3463     |
|    total_timesteps | 244000   |
| train/             |          |
|    actor_loss      | -6.18    |
|    critic_loss     | 1.09     |
|    ent_coef        | 0.0631   |
|    ent_coef_loss   | 0.526    |
|    learning_rate   | 0.0003   |
|    n_updates       | 242999   |
---------------------------------
---------------------------------
| rollout/           |          |
|    ep_len_mean     | 1e+03    |
|    ep_rew_mean     | -576     |
| time/              |          |
|    episodes        | 248      |
|    fps             | 70       |
|    time_elapsed    | 3521     |
|    total_timesteps | 248000   |
| train/             |          |
|    actor_loss      | -28      |
|    critic_loss     | 1.81     |
|    ent_coef        | 0.067    |
|    ent_coef_loss   | -0.0891  |
|    learning_rate   | 0.0003   |
|    n_updates       | 246999   |
---------------------------------
---------------------------------
| rollout/           |          |
|    ep_len_mean     | 1e+03    |
|    ep_rew_mean     | -539     |
| time/              |          |
|    episodes        | 252      |
|    fps             | 70       |
|    time_elapsed    | 3582     |
|    total_timesteps | 252000   |
| train/             |          |
|    actor_loss      | -25.9    |
|    critic_loss     | 1.88     |
|    ent_coef        | 0.0652   |
|    ent_coef_loss   | 0.836    |
|    learning_rate   | 0.0003   |
|    n_updates       | 250999   |
---------------------------------
---------------------------------
| rollout/           |          |
|    ep_len_mean     | 1e+03    |
|    ep_rew_mean     | -498     |
| time/              |          |
|    episodes        | 256      |
|    fps             | 70       |
|    time_elapsed    | 3640     |
|    total_timesteps | 256000   |
| train/             |          |
|    actor_loss      | -33.8    |
|    critic_loss     | 3.66     |
|    ent_coef        | 0.0695   |
|    ent_coef_loss   | -0.985   |
|    learning_rate   | 0.0003   |
|    n_updates       | 254999   |
---------------------------------
---------------------------------
| rollout/           |          |
|    ep_len_mean     | 1e+03    |
|    ep_rew_mean     | -489     |
| time/              |          |
|    episodes        | 260      |
|    fps             | 70       |
|    time_elapsed    | 3697     |
|    total_timesteps | 260000   |
| train/             |          |
|    actor_loss      | -16.4    |
|    critic_loss     | 3.56     |
|    ent_coef        | 0.0654   |
|    ent_coef_loss   | -0.192   |
|    learning_rate   | 0.0003   |
|    n_updates       | 258999   |
---------------------------------
---------------------------------
| rollout/           |          |
|    ep_len_mean     | 1e+03    |
|    ep_rew_mean     | -487     |
| time/              |          |
|    episodes        | 264      |
|    fps             | 70       |
|    time_elapsed    | 3761     |
|    total_timesteps | 264000   |
| train/             |          |
|    actor_loss      | -17.2    |
|    critic_loss     | 0.921    |
|    ent_coef        | 0.0646   |
|    ent_coef_loss   | -0.953   |
|    learning_rate   | 0.0003   |
|    n_updates       | 262999   |
---------------------------------
---------------------------------
| rollout/           |          |
|    ep_len_mean     | 1e+03    |
|    ep_rew_mean     | -464     |
| time/              |          |
|    episodes        | 268      |
|    fps             | 70       |
|    time_elapsed    | 3827     |
|    total_timesteps | 268000   |
| train/             |          |
|    actor_loss      | -2.25    |
|    critic_loss     | 3.71     |
|    ent_coef        | 0.0604   |
|    ent_coef_loss   | 0.33     |
|    learning_rate   | 0.0003   |
|    n_updates       | 266999   |
---------------------------------
---------------------------------
| rollout/           |          |
|    ep_len_mean     | 1e+03    |
|    ep_rew_mean     | -526     |
| time/              |          |
|    episodes        | 272      |
|    fps             | 69       |
|    time_elapsed    | 3886     |
|    total_timesteps | 272000   |
| train/             |          |
|    actor_loss      | -53.3    |
|    critic_loss     | 3.35     |
|    ent_coef        | 0.0557   |
|    ent_coef_loss   | 0.424    |
|    learning_rate   | 0.0003   |
|    n_updates       | 270999   |
---------------------------------
---------------------------------
| rollout/           |          |
|    ep_len_mean     | 1e+03    |
|    ep_rew_mean     | -563     |
| time/              |          |
|    episodes        | 276      |
|    fps             | 69       |
|    time_elapsed    | 3944     |
|    total_timesteps | 276000   |
| train/             |          |
|    actor_loss      | -28.4    |
|    critic_loss     | 1.7e+03  |
|    ent_coef        | 0.0498   |
|    ent_coef_loss   | 1.01     |
|    learning_rate   | 0.0003   |
|    n_updates       | 274999   |
---------------------------------
---------------------------------
| rollout/           |          |
|    ep_len_mean     | 1e+03    |
|    ep_rew_mean     | -579     |
| time/              |          |
|    episodes        | 280      |
|    fps             | 69       |
|    time_elapsed    | 4000     |
|    total_timesteps | 280000   |
| train/             |          |
|    actor_loss      | -17.4    |
|    critic_loss     | 1.29     |
|    ent_coef        | 0.0391   |
|    ent_coef_loss   | 0.894    |
|    learning_rate   | 0.0003   |
|    n_updates       | 278999   |
---------------------------------
---------------------------------
| rollout/           |          |
|    ep_len_mean     | 1e+03    |
|    ep_rew_mean     | -614     |
| time/              |          |
|    episodes        | 284      |
|    fps             | 69       |
|    time_elapsed    | 4057     |
|    total_timesteps | 284000   |
| train/             |          |
|    actor_loss      | -21.1    |
|    critic_loss     | 1.23     |
|    ent_coef        | 0.0438   |
|    ent_coef_loss   | 0.438    |
|    learning_rate   | 0.0003   |
|    n_updates       | 282999   |
---------------------------------
---------------------------------
| rollout/           |          |
|    ep_len_mean     | 1e+03    |
|    ep_rew_mean     | -621     |
| time/              |          |
|    episodes        | 288      |
|    fps             | 70       |
|    time_elapsed    | 4112     |
|    total_timesteps | 288000   |
| train/             |          |
|    actor_loss      | -21.3    |
|    critic_loss     | 0.802    |
|    ent_coef        | 0.0474   |
|    ent_coef_loss   | -0.529   |
|    learning_rate   | 0.0003   |
|    n_updates       | 286999   |
---------------------------------
---------------------------------
| rollout/           |          |
|    ep_len_mean     | 1e+03    |
|    ep_rew_mean     | -487     |
| time/              |          |
|    episodes        | 292      |
|    fps             | 70       |
|    time_elapsed    | 4171     |
|    total_timesteps | 292000   |
| train/             |          |
|    actor_loss      | -27.9    |
|    critic_loss     | 1.03     |
|    ent_coef        | 0.053    |
|    ent_coef_loss   | 0.926    |
|    learning_rate   | 0.0003   |
|    n_updates       | 290999   |
---------------------------------
---------------------------------
| rollout/           |          |
|    ep_len_mean     | 1e+03    |
|    ep_rew_mean     | -414     |
| time/              |          |
|    episodes        | 296      |
|    fps             | 70       |
|    time_elapsed    | 4226     |
|    total_timesteps | 296000   |
| train/             |          |
|    actor_loss      | -9.78    |
|    critic_loss     | 0.877    |
|    ent_coef        | 0.0472   |
|    ent_coef_loss   | -0.386   |
|    learning_rate   | 0.0003   |
|    n_updates       | 294999   |
---------------------------------
---------------------------------
| rollout/           |          |
|    ep_len_mean     | 1e+03    |
|    ep_rew_mean     | -447     |
| time/              |          |
|    episodes        | 300      |
|    fps             | 70       |
|    time_elapsed    | 4283     |
|    total_timesteps | 300000   |
| train/             |          |
|    actor_loss      | -33.1    |
|    critic_loss     | 1.56     |
|    ent_coef        | 0.0501   |
|    ent_coef_loss   | -0.192   |
|    learning_rate   | 0.0003   |
|    n_updates       | 298999   |
---------------------------------
---------------------------------
| rollout/           |          |
|    ep_len_mean     | 1e+03    |
|    ep_rew_mean     | -479     |
| time/              |          |
|    episodes        | 304      |
|    fps             | 70       |
|    time_elapsed    | 4340     |
|    total_timesteps | 304000   |
| train/             |          |
|    actor_loss      | -23.2    |
|    critic_loss     | 295      |
|    ent_coef        | 0.0516   |
|    ent_coef_loss   | 2.34     |
|    learning_rate   | 0.0003   |
|    n_updates       | 302999   |
---------------------------------
---------------------------------
| rollout/           |          |
|    ep_len_mean     | 1e+03    |
|    ep_rew_mean     | -506     |
| time/              |          |
|    episodes        | 308      |
|    fps             | 70       |
|    time_elapsed    | 4398     |
|    total_timesteps | 308000   |
| train/             |          |
|    actor_loss      | -19.6    |
|    critic_loss     | 1.28     |
|    ent_coef        | 0.0623   |
|    ent_coef_loss   | 1.13     |
|    learning_rate   | 0.0003   |
|    n_updates       | 306999   |
---------------------------------
---------------------------------
| rollout/           |          |
|    ep_len_mean     | 1e+03    |
|    ep_rew_mean     | -663     |
| time/              |          |
|    episodes        | 312      |
|    fps             | 70       |
|    time_elapsed    | 4455     |
|    total_timesteps | 312000   |
| train/             |          |
|    actor_loss      | -25.5    |
|    critic_loss     | 0.951    |
|    ent_coef        | 0.0573   |
|    ent_coef_loss   | -1.05    |
|    learning_rate   | 0.0003   |
|    n_updates       | 310999   |
---------------------------------
---------------------------------
| rollout/           |          |
|    ep_len_mean     | 1e+03    |
|    ep_rew_mean     | -800     |
| time/              |          |
|    episodes        | 316      |
|    fps             | 69       |
|    time_elapsed    | 4514     |
|    total_timesteps | 316000   |
| train/             |          |
|    actor_loss      | -19.7    |
|    critic_loss     | 1.1      |
|    ent_coef        | 0.0679   |
|    ent_coef_loss   | 0.496    |
|    learning_rate   | 0.0003   |
|    n_updates       | 314999   |
---------------------------------
---------------------------------
| rollout/           |          |
|    ep_len_mean     | 1e+03    |
|    ep_rew_mean     | -958     |
| time/              |          |
|    episodes        | 320      |
|    fps             | 69       |
|    time_elapsed    | 4574     |
|    total_timesteps | 320000   |
| train/             |          |
|    actor_loss      | -18.6    |
|    critic_loss     | 1.04     |
|    ent_coef        | 0.0721   |
|    ent_coef_loss   | -1.58    |
|    learning_rate   | 0.0003   |
|    n_updates       | 318999   |
---------------------------------
----------------------------------
| rollout/           |           |
|    ep_len_mean     | 1e+03     |
|    ep_rew_mean     | -1.09e+03 |
| time/              |           |
|    episodes        | 324       |
|    fps             | 69        |
|    time_elapsed    | 4638      |
|    total_timesteps | 324000    |
| train/             |           |
|    actor_loss      | -28.8     |
|    critic_loss     | 1.29      |
|    ent_coef        | 0.0694    |
|    ent_coef_loss   | 0.0918    |
|    learning_rate   | 0.0003    |
|    n_updates       | 322999    |
----------------------------------
----------------------------------
| rollout/           |           |
|    ep_len_mean     | 1e+03     |
|    ep_rew_mean     | -1.13e+03 |
| time/              |           |
|    episodes        | 328       |
|    fps             | 69        |
|    time_elapsed    | 4702      |
|    total_timesteps | 328000    |
| train/             |           |
|    actor_loss      | -33.7     |
|    critic_loss     | 1.22      |
|    ent_coef        | 0.0752    |
|    ent_coef_loss   | -0.58     |
|    learning_rate   | 0.0003    |
|    n_updates       | 326999    |
----------------------------------
----------------------------------
| rollout/           |           |
|    ep_len_mean     | 1e+03     |
|    ep_rew_mean     | -1.16e+03 |
| time/              |           |
|    episodes        | 332       |
|    fps             | 69        |
|    time_elapsed    | 4766      |
|    total_timesteps | 332000    |
| train/             |           |
|    actor_loss      | -45.2     |
|    critic_loss     | 76        |
|    ent_coef        | 0.0654    |
|    ent_coef_loss   | -0.591    |
|    learning_rate   | 0.0003    |
|    n_updates       | 330999    |
----------------------------------
---------------------------------
| rollout/           |          |
|    ep_len_mean     | 1e+03    |
|    ep_rew_mean     | -1.2e+03 |
| time/              |          |
|    episodes        | 336      |
|    fps             | 69       |
|    time_elapsed    | 4831     |
|    total_timesteps | 336000   |
| train/             |          |
|    actor_loss      | -31.7    |
|    critic_loss     | 1.85     |
|    ent_coef        | 0.0667   |
|    ent_coef_loss   | -1.52    |
|    learning_rate   | 0.0003   |
|    n_updates       | 334999   |
---------------------------------
----------------------------------
| rollout/           |           |
|    ep_len_mean     | 1e+03     |
|    ep_rew_mean     | -1.24e+03 |
| time/              |           |
|    episodes        | 340       |
|    fps             | 69        |
|    time_elapsed    | 4897      |
|    total_timesteps | 340000    |
| train/             |           |
|    actor_loss      | -33.2     |
|    critic_loss     | 3.62      |
|    ent_coef        | 0.0481    |
|    ent_coef_loss   | -1.02     |
|    learning_rate   | 0.0003    |
|    n_updates       | 338999    |
----------------------------------
----------------------------------
| rollout/           |           |
|    ep_len_mean     | 1e+03     |
|    ep_rew_mean     | -1.28e+03 |
| time/              |           |
|    episodes        | 344       |
|    fps             | 69        |
|    time_elapsed    | 4962      |
|    total_timesteps | 344000    |
| train/             |           |
|    actor_loss      | -13.2     |
|    critic_loss     | 1.77      |
|    ent_coef        | 0.0478    |
|    ent_coef_loss   | 0.277     |
|    learning_rate   | 0.0003    |
|    n_updates       | 342999    |
----------------------------------
----------------------------------
| rollout/           |           |
|    ep_len_mean     | 1e+03     |
|    ep_rew_mean     | -1.28e+03 |
| time/              |           |
|    episodes        | 348       |
|    fps             | 69        |
|    time_elapsed    | 5028      |
|    total_timesteps | 348000    |
| train/             |           |
|    actor_loss      | -28.7     |
|    critic_loss     | 0.622     |
|    ent_coef        | 0.0538    |
|    ent_coef_loss   | -0.449    |
|    learning_rate   | 0.0003    |
|    n_updates       | 346999    |
----------------------------------
----------------------------------
| rollout/           |           |
|    ep_len_mean     | 1e+03     |
|    ep_rew_mean     | -1.28e+03 |
| time/              |           |
|    episodes        | 352       |
|    fps             | 69        |
|    time_elapsed    | 5092      |
|    total_timesteps | 352000    |
| train/             |           |
|    actor_loss      | -17.9     |
|    critic_loss     | 0.75      |
|    ent_coef        | 0.0542    |
|    ent_coef_loss   | 0.538     |
|    learning_rate   | 0.0003    |
|    n_updates       | 350999    |
----------------------------------
---------------------------------
| rollout/           |          |
|    ep_len_mean     | 999      |
|    ep_rew_mean     | -1.3e+03 |
| time/              |          |
|    episodes        | 356      |
|    fps             | 69       |
|    time_elapsed    | 5153     |
|    total_timesteps | 355885   |
| train/             |          |
|    actor_loss      | -33.5    |
|    critic_loss     | 1.02     |
|    ent_coef        | 0.0647   |
|    ent_coef_loss   | -0.281   |
|    learning_rate   | 0.0003   |
|    n_updates       | 354884   |
---------------------------------
----------------------------------
| rollout/           |           |
|    ep_len_mean     | 999       |
|    ep_rew_mean     | -1.31e+03 |
| time/              |           |
|    episodes        | 360       |
|    fps             | 69        |
|    time_elapsed    | 5215      |
|    total_timesteps | 359885    |
| train/             |           |
|    actor_loss      | -33.1     |
|    critic_loss     | 1.1       |
|    ent_coef        | 0.0589    |
|    ent_coef_loss   | 0.881     |
|    learning_rate   | 0.0003    |
|    n_updates       | 358884    |
----------------------------------
---------------------------------
| rollout/           |          |
|    ep_len_mean     | 999      |
|    ep_rew_mean     | -1.3e+03 |
| time/              |          |
|    episodes        | 364      |
|    fps             | 68       |
|    time_elapsed    | 5275     |
|    total_timesteps | 363885   |
| train/             |          |
|    actor_loss      | -32.6    |
|    critic_loss     | 0.665    |
|    ent_coef        | 0.055    |
|    ent_coef_loss   | 0.2      |
|    learning_rate   | 0.0003   |
|    n_updates       | 362884   |
---------------------------------
----------------------------------
| rollout/           |           |
|    ep_len_mean     | 999       |
|    ep_rew_mean     | -1.31e+03 |
| time/              |           |
|    episodes        | 368       |
|    fps             | 68        |
|    time_elapsed    | 5337      |
|    total_timesteps | 367885    |
| train/             |           |
|    actor_loss      | -5.3      |
|    critic_loss     | 0.975     |
|    ent_coef        | 0.06      |
|    ent_coef_loss   | 1.28      |
|    learning_rate   | 0.0003    |
|    n_updates       | 366884    |
----------------------------------
----------------------------------
| rollout/           |           |
|    ep_len_mean     | 999       |
|    ep_rew_mean     | -1.23e+03 |
| time/              |           |
|    episodes        | 372       |
|    fps             | 68        |
|    time_elapsed    | 5399      |
|    total_timesteps | 371885    |
| train/             |           |
|    actor_loss      | -21.8     |
|    critic_loss     | 0.677     |
|    ent_coef        | 0.0636    |
|    ent_coef_loss   | -0.906    |
|    learning_rate   | 0.0003    |
|    n_updates       | 370884    |
----------------------------------
----------------------------------
| rollout/           |           |
|    ep_len_mean     | 999       |
|    ep_rew_mean     | -1.16e+03 |
| time/              |           |
|    episodes        | 376       |
|    fps             | 68        |
|    time_elapsed    | 5461      |
|    total_timesteps | 375885    |
| train/             |           |
|    actor_loss      | -21.8     |
|    critic_loss     | 4.04      |
|    ent_coef        | 0.0608    |
|    ent_coef_loss   | 0.897     |
|    learning_rate   | 0.0003    |
|    n_updates       | 374884    |
----------------------------------
----------------------------------
| rollout/           |           |
|    ep_len_mean     | 999       |
|    ep_rew_mean     | -1.13e+03 |
| time/              |           |
|    episodes        | 380       |
|    fps             | 68        |
|    time_elapsed    | 5523      |
|    total_timesteps | 379885    |
| train/             |           |
|    actor_loss      | -28.9     |
|    critic_loss     | 7.04      |
|    ent_coef        | 0.0591    |
|    ent_coef_loss   | 0.308     |
|    learning_rate   | 0.0003    |
|    n_updates       | 378884    |
----------------------------------
----------------------------------
| rollout/           |           |
|    ep_len_mean     | 999       |
|    ep_rew_mean     | -1.08e+03 |
| time/              |           |
|    episodes        | 384       |
|    fps             | 68        |
|    time_elapsed    | 5585      |
|    total_timesteps | 383885    |
| train/             |           |
|    actor_loss      | -35.7     |
|    critic_loss     | 0.915     |
|    ent_coef        | 0.0678    |
|    ent_coef_loss   | 1.51      |
|    learning_rate   | 0.0003    |
|    n_updates       | 382884    |
----------------------------------
----------------------------------
| rollout/           |           |
|    ep_len_mean     | 999       |
|    ep_rew_mean     | -1.03e+03 |
| time/              |           |
|    episodes        | 388       |
|    fps             | 68        |
|    time_elapsed    | 5646      |
|    total_timesteps | 387885    |
| train/             |           |
|    actor_loss      | -31.7     |
|    critic_loss     | 1.66      |
|    ent_coef        | 0.0877    |
|    ent_coef_loss   | -1.69     |
|    learning_rate   | 0.0003    |
|    n_updates       | 386884    |
----------------------------------
----------------------------------
| rollout/           |           |
|    ep_len_mean     | 999       |
|    ep_rew_mean     | -1.02e+03 |
| time/              |           |
|    episodes        | 392       |
|    fps             | 68        |
|    time_elapsed    | 5705      |
|    total_timesteps | 391885    |
| train/             |           |
|    actor_loss      | -64.8     |
|    critic_loss     | 2.12      |
|    ent_coef        | 0.144     |
|    ent_coef_loss   | -0.15     |
|    learning_rate   | 0.0003    |
|    n_updates       | 390884    |
----------------------------------
----------------------------------
| rollout/           |           |
|    ep_len_mean     | 999       |
|    ep_rew_mean     | -1.04e+03 |
| time/              |           |
|    episodes        | 396       |
|    fps             | 68        |
|    time_elapsed    | 5765      |
|    total_timesteps | 395885    |
| train/             |           |
|    actor_loss      | -93.3     |
|    critic_loss     | 607       |
|    ent_coef        | 0.125     |
|    ent_coef_loss   | 1.64      |
|    learning_rate   | 0.0003    |
|    n_updates       | 394884    |
----------------------------------
----------------------------------
| rollout/           |           |
|    ep_len_mean     | 999       |
|    ep_rew_mean     | -1.03e+03 |
| time/              |           |
|    episodes        | 400       |
|    fps             | 68        |
|    time_elapsed    | 5825      |
|    total_timesteps | 399885    |
| train/             |           |
|    actor_loss      | -83.8     |
|    critic_loss     | 2.12      |
|    ent_coef        | 0.122     |
|    ent_coef_loss   | 0.691     |
|    learning_rate   | 0.0003    |
|    n_updates       | 398884    |
----------------------------------
---------------------------------
| rollout/           |          |
|    ep_len_mean     | 998      |
|    ep_rew_mean     | -915     |
| time/              |          |
|    episodes        | 404      |
|    fps             | 68       |
|    time_elapsed    | 5884     |
|    total_timesteps | 403765   |
| train/             |          |
|    actor_loss      | -117     |
|    critic_loss     | 1.96     |
|    ent_coef        | 0.13     |
|    ent_coef_loss   | 0.46     |
|    learning_rate   | 0.0003   |
|    n_updates       | 402764   |
---------------------------------
---------------------------------
| rollout/           |          |
|    ep_len_mean     | 998      |
|    ep_rew_mean     | -875     |
| time/              |          |
|    episodes        | 408      |
|    fps             | 68       |
|    time_elapsed    | 5947     |
|    total_timesteps | 407765   |
| train/             |          |
|    actor_loss      | -107     |
|    critic_loss     | 43.5     |
|    ent_coef        | 0.126    |
|    ent_coef_loss   | -0.497   |
|    learning_rate   | 0.0003   |
|    n_updates       | 406764   |
---------------------------------
---------------------------------
| rollout/           |          |
|    ep_len_mean     | 998      |
|    ep_rew_mean     | -765     |
| time/              |          |
|    episodes        | 412      |
|    fps             | 68       |
|    time_elapsed    | 6009     |
|    total_timesteps | 411765   |
| train/             |          |
|    actor_loss      | -135     |
|    critic_loss     | 4.44     |
|    ent_coef        | 0.145    |
|    ent_coef_loss   | 0.758    |
|    learning_rate   | 0.0003   |
|    n_updates       | 410764   |
---------------------------------
---------------------------------
| rollout/           |          |
|    ep_len_mean     | 998      |
|    ep_rew_mean     | -722     |
| time/              |          |
|    episodes        | 416      |
|    fps             | 68       |
|    time_elapsed    | 6071     |
|    total_timesteps | 415765   |
| train/             |          |
|    actor_loss      | -123     |
|    critic_loss     | 2.92     |
|    ent_coef        | 0.12     |
|    ent_coef_loss   | -0.151   |
|    learning_rate   | 0.0003   |
|    n_updates       | 414764   |
---------------------------------
---------------------------------
| rollout/           |          |
|    ep_len_mean     | 998      |
|    ep_rew_mean     | -671     |
| time/              |          |
|    episodes        | 420      |
|    fps             | 68       |
|    time_elapsed    | 6132     |
|    total_timesteps | 419765   |
| train/             |          |
|    actor_loss      | -124     |
|    critic_loss     | 23.7     |
|    ent_coef        | 0.0814   |
|    ent_coef_loss   | -1.37    |
|    learning_rate   | 0.0003   |
|    n_updates       | 418764   |
---------------------------------
---------------------------------
| rollout/           |          |
|    ep_len_mean     | 998      |
|    ep_rew_mean     | -612     |
| time/              |          |
|    episodes        | 424      |
|    fps             | 68       |
|    time_elapsed    | 6191     |
|    total_timesteps | 423765   |
| train/             |          |
|    actor_loss      | -87.7    |
|    critic_loss     | 2.14     |
|    ent_coef        | 0.0674   |
|    ent_coef_loss   | -0.18    |
|    learning_rate   | 0.0003   |
|    n_updates       | 422764   |
---------------------------------
---------------------------------
| rollout/           |          |
|    ep_len_mean     | 998      |
|    ep_rew_mean     | -594     |
| time/              |          |
|    episodes        | 428      |
|    fps             | 68       |
|    time_elapsed    | 6246     |
|    total_timesteps | 427765   |
| train/             |          |
|    actor_loss      | -121     |
|    critic_loss     | 6.52     |
|    ent_coef        | 0.0672   |
|    ent_coef_loss   | -0.571   |
|    learning_rate   | 0.0003   |
|    n_updates       | 426764   |
---------------------------------
---------------------------------
| rollout/           |          |
|    ep_len_mean     | 998      |
|    ep_rew_mean     | -573     |
| time/              |          |
|    episodes        | 432      |
|    fps             | 68       |
|    time_elapsed    | 6301     |
|    total_timesteps | 431765   |
| train/             |          |
|    actor_loss      | -74.2    |
|    critic_loss     | 4.61     |
|    ent_coef        | 0.0665   |
|    ent_coef_loss   | 0.892    |
|    learning_rate   | 0.0003   |
|    n_updates       | 430764   |
---------------------------------
---------------------------------
| rollout/           |          |
|    ep_len_mean     | 998      |
|    ep_rew_mean     | -650     |
| time/              |          |
|    episodes        | 436      |
|    fps             | 68       |
|    time_elapsed    | 6358     |
|    total_timesteps | 435765   |
| train/             |          |
|    actor_loss      | -69      |
|    critic_loss     | 3.18     |
|    ent_coef        | 0.0857   |
|    ent_coef_loss   | -0.275   |
|    learning_rate   | 0.0003   |
|    n_updates       | 434764   |
---------------------------------
---------------------------------
| rollout/           |          |
|    ep_len_mean     | 998      |
|    ep_rew_mean     | -722     |
| time/              |          |
|    episodes        | 440      |
|    fps             | 68       |
|    time_elapsed    | 6426     |
|    total_timesteps | 439765   |
| train/             |          |
|    actor_loss      | -86.8    |
|    critic_loss     | 5.47     |
|    ent_coef        | 0.0792   |
|    ent_coef_loss   | 0.151    |
|    learning_rate   | 0.0003   |
|    n_updates       | 438764   |
---------------------------------
---------------------------------
| rollout/           |          |
|    ep_len_mean     | 998      |
|    ep_rew_mean     | -773     |
| time/              |          |
|    episodes        | 444      |
|    fps             | 68       |
|    time_elapsed    | 6493     |
|    total_timesteps | 443765   |
| train/             |          |
|    actor_loss      | -61.6    |
|    critic_loss     | 5.31     |
|    ent_coef        | 0.0946   |
|    ent_coef_loss   | 0.531    |
|    learning_rate   | 0.0003   |
|    n_updates       | 442764   |
---------------------------------
---------------------------------
| rollout/           |          |
|    ep_len_mean     | 998      |
|    ep_rew_mean     | -695     |
| time/              |          |
|    episodes        | 448      |
|    fps             | 68       |
|    time_elapsed    | 6558     |
|    total_timesteps | 447765   |
| train/             |          |
|    actor_loss      | -90.2    |
|    critic_loss     | 9.07     |
|    ent_coef        | 0.0917   |
|    ent_coef_loss   | -1.05    |
|    learning_rate   | 0.0003   |
|    n_updates       | 446764   |
---------------------------------
---------------------------------
| rollout/           |          |
|    ep_len_mean     | 998      |
|    ep_rew_mean     | -651     |
| time/              |          |
|    episodes        | 452      |
|    fps             | 68       |
|    time_elapsed    | 6624     |
|    total_timesteps | 451765   |
| train/             |          |
|    actor_loss      | -69.6    |
|    critic_loss     | 6.72     |
|    ent_coef        | 0.1      |
|    ent_coef_loss   | -0.408   |
|    learning_rate   | 0.0003   |
|    n_updates       | 450764   |
---------------------------------
---------------------------------
| rollout/           |          |
|    ep_len_mean     | 999      |
|    ep_rew_mean     | -617     |
| time/              |          |
|    episodes        | 456      |
|    fps             | 68       |
|    time_elapsed    | 6690     |
|    total_timesteps | 455765   |
| train/             |          |
|    actor_loss      | -116     |
|    critic_loss     | 3.4      |
|    ent_coef        | 0.111    |
|    ent_coef_loss   | 1.41     |
|    learning_rate   | 0.0003   |
|    n_updates       | 454764   |
---------------------------------
---------------------------------
| rollout/           |          |
|    ep_len_mean     | 999      |
|    ep_rew_mean     | -598     |
| time/              |          |
|    episodes        | 460      |
|    fps             | 68       |
|    time_elapsed    | 6755     |
|    total_timesteps | 459765   |
| train/             |          |
|    actor_loss      | -108     |
|    critic_loss     | 4.53     |
|    ent_coef        | 0.103    |
|    ent_coef_loss   | -0.903   |
|    learning_rate   | 0.0003   |
|    n_updates       | 458764   |
---------------------------------
---------------------------------
| rollout/           |          |
|    ep_len_mean     | 999      |
|    ep_rew_mean     | -497     |
| time/              |          |
|    episodes        | 464      |
|    fps             | 67       |
|    time_elapsed    | 6824     |
|    total_timesteps | 463765   |
| train/             |          |
|    actor_loss      | -68.7    |
|    critic_loss     | 5.8      |
|    ent_coef        | 0.102    |
|    ent_coef_loss   | -0.832   |
|    learning_rate   | 0.0003   |
|    n_updates       | 462764   |
---------------------------------
---------------------------------
| rollout/           |          |
|    ep_len_mean     | 999      |
|    ep_rew_mean     | -298     |
| time/              |          |
|    episodes        | 468      |
|    fps             | 67       |
|    time_elapsed    | 6894     |
|    total_timesteps | 467765   |
| train/             |          |
|    actor_loss      | -100     |
|    critic_loss     | 6.44     |
|    ent_coef        | 0.104    |
|    ent_coef_loss   | -0.532   |
|    learning_rate   | 0.0003   |
|    n_updates       | 466764   |
---------------------------------
---------------------------------
| rollout/           |          |
|    ep_len_mean     | 999      |
|    ep_rew_mean     | -302     |
| time/              |          |
|    episodes        | 472      |
|    fps             | 67       |
|    time_elapsed    | 6960     |
|    total_timesteps | 471765   |
| train/             |          |
|    actor_loss      | -118     |
|    critic_loss     | 7.7      |
|    ent_coef        | 0.0941   |
|    ent_coef_loss   | 1.15     |
|    learning_rate   | 0.0003   |
|    n_updates       | 470764   |
---------------------------------
---------------------------------
| rollout/           |          |
|    ep_len_mean     | 999      |
|    ep_rew_mean     | -280     |
| time/              |          |
|    episodes        | 476      |
|    fps             | 67       |
|    time_elapsed    | 7029     |
|    total_timesteps | 475765   |
| train/             |          |
|    actor_loss      | -153     |
|    critic_loss     | 8.56     |
|    ent_coef        | 0.0957   |
|    ent_coef_loss   | 0.212    |
|    learning_rate   | 0.0003   |
|    n_updates       | 474764   |
---------------------------------
---------------------------------
| rollout/           |          |
|    ep_len_mean     | 999      |
|    ep_rew_mean     | -280     |
| time/              |          |
|    episodes        | 480      |
|    fps             | 67       |
|    time_elapsed    | 7098     |
|    total_timesteps | 479765   |
| train/             |          |
|    actor_loss      | -155     |
|    critic_loss     | 4.05     |
|    ent_coef        | 0.105    |
|    ent_coef_loss   | 0.0348   |
|    learning_rate   | 0.0003   |
|    n_updates       | 478764   |
---------------------------------
---------------------------------
| rollout/           |          |
|    ep_len_mean     | 999      |
|    ep_rew_mean     | -293     |
| time/              |          |
|    episodes        | 484      |
|    fps             | 67       |
|    time_elapsed    | 7167     |
|    total_timesteps | 483765   |
| train/             |          |
|    actor_loss      | -111     |
|    critic_loss     | 8.6      |
|    ent_coef        | 0.104    |
|    ent_coef_loss   | 1.19     |
|    learning_rate   | 0.0003   |
|    n_updates       | 482764   |
---------------------------------
---------------------------------
| rollout/           |          |
|    ep_len_mean     | 999      |
|    ep_rew_mean     | -323     |
| time/              |          |
|    episodes        | 488      |
|    fps             | 67       |
|    time_elapsed    | 7236     |
|    total_timesteps | 487765   |
| train/             |          |
|    actor_loss      | -82.2    |
|    critic_loss     | 3.24     |
|    ent_coef        | 0.118    |
|    ent_coef_loss   | -0.673   |
|    learning_rate   | 0.0003   |
|    n_updates       | 486764   |
---------------------------------
---------------------------------
| rollout/           |          |
|    ep_len_mean     | 999      |
|    ep_rew_mean     | 22.1     |
| time/              |          |
|    episodes        | 492      |
|    fps             | 67       |
|    time_elapsed    | 7305     |
|    total_timesteps | 491765   |
| train/             |          |
|    actor_loss      | -121     |
|    critic_loss     | 49.2     |
|    ent_coef        | 0.149    |
|    ent_coef_loss   | 0.0734   |
|    learning_rate   | 0.0003   |
|    n_updates       | 490764   |
---------------------------------
---------------------------------
| rollout/           |          |
|    ep_len_mean     | 999      |
|    ep_rew_mean     | 362      |
| time/              |          |
|    episodes        | 496      |
|    fps             | 67       |
|    time_elapsed    | 7375     |
|    total_timesteps | 495765   |
| train/             |          |
|    actor_loss      | -172     |
|    critic_loss     | 13.4     |
|    ent_coef        | 0.137    |
|    ent_coef_loss   | -0.191   |
|    learning_rate   | 0.0003   |
|    n_updates       | 494764   |
---------------------------------
---------------------------------
| rollout/           |          |
|    ep_len_mean     | 999      |
|    ep_rew_mean     | 729      |
| time/              |          |
|    episodes        | 500      |
|    fps             | 67       |
|    time_elapsed    | 7445     |
|    total_timesteps | 499765   |
| train/             |          |
|    actor_loss      | -161     |
|    critic_loss     | 37       |
|    ent_coef        | 0.184    |
|    ent_coef_loss   | -0.612   |
|    learning_rate   | 0.0003   |
|    n_updates       | 498764   |
---------------------------------
[2026-08-14T19:59:46] Training complete in 7449.7s
[2026-08-14T19:59:46] Episodes: 500
[2026-08-14T19:59:46] Best reward: 8775.47
[2026-08-14T19:59:46] Mean reward (100ep): 729.12
[2026-08-14T19:59:46] Final goal tolerance: 0.6
[2026-08-14T19:59:46] Curriculum stage: 0
[2026-08-14T19:59:46] Saved: {'model': 'C:\\Users\\ranjo\\OneDrive\\Desktop\\ARM-Model\\project_assets\\outputs\\Ablation\\stochastic\\seed_102\\sac_model', 'history': 'C:\\Users\\ranjo\\OneDrive\\Desktop\\ARM-Model\\project_assets\\outputs\\Ablation\\stochastic\\seed_102\\training_history.csv', 'stats': 'C:\\Users\\ranjo\\OneDrive\\Desktop\\ARM-Model\\project_assets\\outputs\\Ablation\\stochastic\\seed_102\\training_stats.json'}
[2026-08-14T19:59:46] Running Fitts' Law sweep (1 trials per condition)...
[2026-08-14T19:59:49] Fitts sweep complete in 2.8s
[2026-08-14T19:59:49] Fitts: MT = -0.5072 + +0.6984 * ID, R^2 = 0.7589 (n_conditions = 6, trials_per_condition = 1)
[2026-08-14T19:59:49] Saved: C:\Users\ranjo\OneDrive\Desktop\ARM-Model\project_assets\outputs\Ablation\stochastic\seed_102\fitts_law.json
[2026-08-14T19:59:49] Saved: C:\Users\ranjo\OneDrive\Desktop\ARM-Model\project_assets\outputs\Ablation\stochastic\seed_102\fitts_law.png
[2026-08-14T19:59:49] Running 2/3 Power Law sweep (1 trials)...
[2026-08-14T19:59:49] Power Law sweep complete in 0.1s
[2026-08-14T19:59:49] Power Law: log V = -0.6053 + -0.7199 * log C, R = -0.7342, R^2 = 0.5390 (n_samples = 158, n_trials = 0/1)
[2026-08-14T19:59:50] Saved: C:\Users\ranjo\OneDrive\Desktop\ARM-Model\project_assets\outputs\Ablation\stochastic\seed_102\power_law.json
[2026-08-14T19:59:50] Saved: C:\Users\ranjo\OneDrive\Desktop\ARM-Model\project_assets\outputs\Ablation\stochastic\seed_102\power_law.png
[2026-08-14T19:59:50] Session complete. Total wall time: 2:04:14.547417
[2026-08-14T19:59:50] ============================================================
