[2026-08-16T11:27:13] Starting Fischer session: algorithm=SAC, timesteps=500,000, direction=EAST, actuation=muscle, seed=201
[2026-08-16T11:27:13] Save dir: C:\Users\ranjo\OneDrive\Desktop\ARM-Model\project_assets\outputs\ActuationComparison\muscle_500k_seed201
[2026-08-16T11:27:13] Ablation config: hold_decrement=3, hold_curriculum=on, curriculum_mode=eval
Using cpu device
Wrapping the env with a `Monitor` wrapper
Wrapping the env in a DummyVecEnv.
[HoldCurriculum] Initial hold requirement: 10 steps (ladder: [10, 15, 20], threshold: 60%)
----------------------------------
| rollout/           |           |
|    ep_len_mean     | 1e+03     |
|    ep_rew_mean     | -6.42e+03 |
| time/              |           |
|    episodes        | 4         |
|    fps             | 103       |
|    time_elapsed    | 38        |
|    total_timesteps | 4000      |
| train/             |           |
|    actor_loss      | 67.7      |
|    critic_loss     | 0.0994    |
|    ent_coef        | 0.409     |
|    ent_coef_loss   | -5.75     |
|    learning_rate   | 0.0003    |
|    n_updates       | 2999      |
----------------------------------
----------------------------------
| rollout/           |           |
|    ep_len_mean     | 1e+03     |
|    ep_rew_mean     | -3.76e+03 |
| time/              |           |
|    episodes        | 8         |
|    fps             | 85        |
|    time_elapsed    | 93        |
|    total_timesteps | 8000      |
| train/             |           |
|    actor_loss      | 82.8      |
|    critic_loss     | 0.341     |
|    ent_coef        | 0.135     |
|    ent_coef_loss   | -8.72     |
|    learning_rate   | 0.0003    |
|    n_updates       | 6999      |
----------------------------------
----------------------------------
| rollout/           |           |
|    ep_len_mean     | 768       |
|    ep_rew_mean     | -2.35e+03 |
| time/              |           |
|    episodes        | 12        |
|    fps             | 83        |
|    time_elapsed    | 109       |
|    total_timesteps | 9211      |
| train/             |           |
|    actor_loss      | 66.7      |
|    critic_loss     | 1.47      |
|    ent_coef        | 0.0985    |
|    ent_coef_loss   | -8.07     |
|    learning_rate   | 0.0003    |
|    n_updates       | 8210      |
----------------------------------
---------------------------------
| rollout/           |          |
|    ep_len_mean     | 711      |
|    ep_rew_mean     | -1.5e+03 |
| time/              |          |
|    episodes        | 16       |
|    fps             | 80       |
|    time_elapsed    | 141      |
|    total_timesteps | 11370    |
| train/             |          |
|    actor_loss      | 50.4     |
|    critic_loss     | 44.9     |
|    ent_coef        | 0.0657   |
|    ent_coef_loss   | -1.31    |
|    learning_rate   | 0.0003   |
|    n_updates       | 10369    |
---------------------------------
---------------------------------
| rollout/           |          |
|    ep_len_mean     | 665      |
|    ep_rew_mean     | -766     |
| time/              |          |
|    episodes        | 20       |
|    fps             | 77       |
|    time_elapsed    | 170      |
|    total_timesteps | 13309    |
| train/             |          |
|    actor_loss      | 13.3     |
|    critic_loss     | 61.4     |
|    ent_coef        | 0.0887   |
|    ent_coef_loss   | 1.4      |
|    learning_rate   | 0.0003   |
|    n_updates       | 12308    |
---------------------------------
---------------------------------
| rollout/           |          |
|    ep_len_mean     | 579      |
|    ep_rew_mean     | -596     |
| time/              |          |
|    episodes        | 24       |
|    fps             | 78       |
|    time_elapsed    | 177      |
|    total_timesteps | 13894    |
| train/             |          |
|    actor_loss      | 0.923    |
|    critic_loss     | 97.7     |
|    ent_coef        | 0.0982   |
|    ent_coef_loss   | 1.16     |
|    learning_rate   | 0.0003   |
|    n_updates       | 12893    |
---------------------------------
---------------------------------
| rollout/           |          |
|    ep_len_mean     | 535      |
|    ep_rew_mean     | -377     |
| time/              |          |
|    episodes        | 28       |
|    fps             | 77       |
|    time_elapsed    | 192      |
|    total_timesteps | 14985    |
| train/             |          |
|    actor_loss      | -17.1    |
|    critic_loss     | 105      |
|    ent_coef        | 0.113    |
|    ent_coef_loss   | 0.431    |
|    learning_rate   | 0.0003   |
|    n_updates       | 13984    |
---------------------------------
---------------------------------
| rollout/           |          |
|    ep_len_mean     | 478      |
|    ep_rew_mean     | -301     |
| time/              |          |
|    episodes        | 32       |
|    fps             | 77       |
|    time_elapsed    | 196      |
|    total_timesteps | 15283    |
| train/             |          |
|    actor_loss      | -24.9    |
|    critic_loss     | 72.1     |
|    ent_coef        | 0.119    |
|    ent_coef_loss   | 1.68     |
|    learning_rate   | 0.0003   |
|    n_updates       | 14282    |
---------------------------------
---------------------------------
| rollout/           |          |
|    ep_len_mean     | 433      |
|    ep_rew_mean     | -242     |
| time/              |          |
|    episodes        | 36       |
|    fps             | 77       |
|    time_elapsed    | 200      |
|    total_timesteps | 15578    |
| train/             |          |
|    actor_loss      | -30.8    |
|    critic_loss     | 64.9     |
|    ent_coef        | 0.127    |
|    ent_coef_loss   | 1.02     |
|    learning_rate   | 0.0003   |
|    n_updates       | 14577    |
---------------------------------
---------------------------------
| rollout/           |          |
|    ep_len_mean     | 396      |
|    ep_rew_mean     | -195     |
| time/              |          |
|    episodes        | 40       |
|    fps             | 77       |
|    time_elapsed    | 204      |
|    total_timesteps | 15858    |
| train/             |          |
|    actor_loss      | -48.2    |
|    critic_loss     | 59.9     |
|    ent_coef        | 0.136    |
|    ent_coef_loss   | 0.585    |
|    learning_rate   | 0.0003   |
|    n_updates       | 14857    |
---------------------------------
---------------------------------
| rollout/           |          |
|    ep_len_mean     | 366      |
|    ep_rew_mean     | -157     |
| time/              |          |
|    episodes        | 44       |
|    fps             | 77       |
|    time_elapsed    | 208      |
|    total_timesteps | 16122    |
| train/             |          |
|    actor_loss      | -22.9    |
|    critic_loss     | 87.2     |
|    ent_coef        | 0.143    |
|    ent_coef_loss   | 0.442    |
|    learning_rate   | 0.0003   |
|    n_updates       | 15121    |
---------------------------------
---------------------------------
| rollout/           |          |
|    ep_len_mean     | 341      |
|    ep_rew_mean     | -126     |
| time/              |          |
|    episodes        | 48       |
|    fps             | 77       |
|    time_elapsed    | 212      |
|    total_timesteps | 16383    |
| train/             |          |
|    actor_loss      | -57.9    |
|    critic_loss     | 18.5     |
|    ent_coef        | 0.148    |
|    ent_coef_loss   | 0.182    |
|    learning_rate   | 0.0003   |
|    n_updates       | 15382    |
---------------------------------
[HoldCurriculum] Advanced to hold=15 steps (success rate 76.0%, stage 1/2)
---------------------------------
| rollout/           |          |
|    ep_len_mean     | 320      |
|    ep_rew_mean     | -91.6    |
| time/              |          |
|    episodes        | 52       |
|    fps             | 76       |
|    time_elapsed    | 216      |
|    total_timesteps | 16657    |
| train/             |          |
|    actor_loss      | -67.3    |
|    critic_loss     | 32.1     |
|    ent_coef        | 0.151    |
|    ent_coef_loss   | 1        |
|    learning_rate   | 0.0003   |
|    n_updates       | 15656    |
---------------------------------
---------------------------------
| rollout/           |          |
|    ep_len_mean     | 318      |
|    ep_rew_mean     | 14.3     |
| time/              |          |
|    episodes        | 56       |
|    fps             | 76       |
|    time_elapsed    | 232      |
|    total_timesteps | 17796    |
| train/             |          |
|    actor_loss      | -122     |
|    critic_loss     | 109      |
|    ent_coef        | 0.188    |
|    ent_coef_loss   | 0.797    |
|    learning_rate   | 0.0003   |
|    n_updates       | 16795    |
---------------------------------
---------------------------------
| rollout/           |          |
|    ep_len_mean     | 311      |
|    ep_rew_mean     | 139      |
| time/              |          |
|    episodes        | 60       |
|    fps             | 75       |
|    time_elapsed    | 246      |
|    total_timesteps | 18666    |
| train/             |          |
|    actor_loss      | -124     |
|    critic_loss     | 39       |
|    ent_coef        | 0.236    |
|    ent_coef_loss   | 1.63     |
|    learning_rate   | 0.0003   |
|    n_updates       | 17665    |
---------------------------------
---------------------------------
| rollout/           |          |
|    ep_len_mean     | 300      |
|    ep_rew_mean     | 209      |
| time/              |          |
|    episodes        | 64       |
|    fps             | 75       |
|    time_elapsed    | 253      |
|    total_timesteps | 19188    |
| train/             |          |
|    actor_loss      | -124     |
|    critic_loss     | 165      |
|    ent_coef        | 0.259    |
|    ent_coef_loss   | 0.98     |
|    learning_rate   | 0.0003   |
|    n_updates       | 18187    |
---------------------------------
---------------------------------
| rollout/           |          |
|    ep_len_mean     | 306      |
|    ep_rew_mean     | 594      |
| time/              |          |
|    episodes        | 68       |
|    fps             | 74       |
|    time_elapsed    | 278      |
|    total_timesteps | 20777    |
| train/             |          |
|    actor_loss      | -200     |
|    critic_loss     | 415      |
|    ent_coef        | 0.334    |
|    ent_coef_loss   | 0.163    |
|    learning_rate   | 0.0003   |
|    n_updates       | 19776    |
---------------------------------
---------------------------------
| rollout/           |          |
|    ep_len_mean     | 333      |
|    ep_rew_mean     | 1.05e+03 |
| time/              |          |
|    episodes        | 72       |
|    fps             | 73       |
|    time_elapsed    | 327      |
|    total_timesteps | 23992    |
| train/             |          |
|    actor_loss      | -327     |
|    critic_loss     | 251      |
|    ent_coef        | 0.371    |
|    ent_coef_loss   | -0.414   |
|    learning_rate   | 0.0003   |
|    n_updates       | 22991    |
---------------------------------
---------------------------------
| rollout/           |          |
|    ep_len_mean     | 368      |
|    ep_rew_mean     | 1.82e+03 |
| time/              |          |
|    episodes        | 76       |
|    fps             | 72       |
|    time_elapsed    | 384      |
|    total_timesteps | 27992    |
| train/             |          |
|    actor_loss      | -523     |
|    critic_loss     | 358      |
|    ent_coef        | 0.429    |
|    ent_coef_loss   | 0.0225   |
|    learning_rate   | 0.0003   |
|    n_updates       | 26991    |
---------------------------------
---------------------------------
| rollout/           |          |
|    ep_len_mean     | 400      |
|    ep_rew_mean     | 2.64e+03 |
| time/              |          |
|    episodes        | 80       |
|    fps             | 72       |
|    time_elapsed    | 441      |
|    total_timesteps | 31992    |
| train/             |          |
|    actor_loss      | -713     |
|    critic_loss     | 1.19e+03 |
|    ent_coef        | 0.534    |
|    ent_coef_loss   | 0.017    |
|    learning_rate   | 0.0003   |
|    n_updates       | 30991    |
---------------------------------
---------------------------------
| rollout/           |          |
|    ep_len_mean     | 428      |
|    ep_rew_mean     | 3.35e+03 |
| time/              |          |
|    episodes        | 84       |
|    fps             | 72       |
|    time_elapsed    | 496      |
|    total_timesteps | 35992    |
| train/             |          |
|    actor_loss      | -822     |
|    critic_loss     | 1.33e+03 |
|    ent_coef        | 0.549    |
|    ent_coef_loss   | 0.00157  |
|    learning_rate   | 0.0003   |
|    n_updates       | 34991    |
---------------------------------
---------------------------------
| rollout/           |          |
|    ep_len_mean     | 454      |
|    ep_rew_mean     | 4.02e+03 |
| time/              |          |
|    episodes        | 88       |
|    fps             | 72       |
|    time_elapsed    | 552      |
|    total_timesteps | 39992    |
| train/             |          |
|    actor_loss      | -935     |
|    critic_loss     | 294      |
|    ent_coef        | 0.578    |
|    ent_coef_loss   | 0.084    |
|    learning_rate   | 0.0003   |
|    n_updates       | 38991    |
---------------------------------
----------------------------------
| rollout/           |           |
|    ep_len_mean     | 478       |
|    ep_rew_mean     | 4.7e+03   |
| time/              |           |
|    episodes        | 92        |
|    fps             | 72        |
|    time_elapsed    | 606       |
|    total_timesteps | 43992     |
| train/             |           |
|    actor_loss      | -1.07e+03 |
|    critic_loss     | 177       |
|    ent_coef        | 0.615     |
|    ent_coef_loss   | -0.00316  |
|    learning_rate   | 0.0003    |
|    n_updates       | 42991     |
----------------------------------
----------------------------------
| rollout/           |           |
|    ep_len_mean     | 500       |
|    ep_rew_mean     | 5.37e+03  |
| time/              |           |
|    episodes        | 96        |
|    fps             | 72        |
|    time_elapsed    | 664       |
|    total_timesteps | 47992     |
| train/             |           |
|    actor_loss      | -1.21e+03 |
|    critic_loss     | 2.08e+03  |
|    ent_coef        | 0.673     |
|    ent_coef_loss   | 0.0129    |
|    learning_rate   | 0.0003    |
|    n_updates       | 46991     |
----------------------------------
----------------------------------
| rollout/           |           |
|    ep_len_mean     | 520       |
|    ep_rew_mean     | 5.99e+03  |
| time/              |           |
|    episodes        | 100       |
|    fps             | 72        |
|    time_elapsed    | 719       |
|    total_timesteps | 51992     |
| train/             |           |
|    actor_loss      | -1.31e+03 |
|    critic_loss     | 387       |
|    ent_coef        | 0.667     |
|    ent_coef_loss   | 0.0211    |
|    learning_rate   | 0.0003    |
|    n_updates       | 50991     |
----------------------------------
----------------------------------
| rollout/           |           |
|    ep_len_mean     | 520       |
|    ep_rew_mean     | 7.1e+03   |
| time/              |           |
|    episodes        | 104       |
|    fps             | 72        |
|    time_elapsed    | 775       |
|    total_timesteps | 55992     |
| train/             |           |
|    actor_loss      | -1.42e+03 |
|    critic_loss     | 408       |
|    ent_coef        | 0.645     |
|    ent_coef_loss   | 0.142     |
|    learning_rate   | 0.0003    |
|    n_updates       | 54991     |
----------------------------------
----------------------------------
| rollout/           |           |
|    ep_len_mean     | 520       |
|    ep_rew_mean     | 8e+03     |
| time/              |           |
|    episodes        | 108       |
|    fps             | 72        |
|    time_elapsed    | 824       |
|    total_timesteps | 59992     |
| train/             |           |
|    actor_loss      | -1.54e+03 |
|    critic_loss     | 228       |
|    ent_coef        | 0.65      |
|    ent_coef_loss   | -0.00795  |
|    learning_rate   | 0.0003    |
|    n_updates       | 58991     |
----------------------------------
----------------------------------
| rollout/           |           |
|    ep_len_mean     | 548       |
|    ep_rew_mean     | 8.86e+03  |
| time/              |           |
|    episodes        | 112       |
|    fps             | 72        |
|    time_elapsed    | 877       |
|    total_timesteps | 63992     |
| train/             |           |
|    actor_loss      | -1.54e+03 |
|    critic_loss     | 160       |
|    ent_coef        | 0.67      |
|    ent_coef_loss   | 0.0109    |
|    learning_rate   | 0.0003    |
|    n_updates       | 62991     |
----------------------------------
----------------------------------
| rollout/           |           |
|    ep_len_mean     | 566       |
|    ep_rew_mean     | 9.69e+03  |
| time/              |           |
|    episodes        | 116       |
|    fps             | 72        |
|    time_elapsed    | 934       |
|    total_timesteps | 67992     |
| train/             |           |
|    actor_loss      | -1.55e+03 |
|    critic_loss     | 106       |
|    ent_coef        | 0.692     |
|    ent_coef_loss   | 0.0849    |
|    learning_rate   | 0.0003    |
|    n_updates       | 66991     |
----------------------------------
----------------------------------
| rollout/           |           |
|    ep_len_mean     | 587       |
|    ep_rew_mean     | 1.05e+04  |
| time/              |           |
|    episodes        | 120       |
|    fps             | 72        |
|    time_elapsed    | 994       |
|    total_timesteps | 71992     |
| train/             |           |
|    actor_loss      | -1.62e+03 |
|    critic_loss     | 52.2      |
|    ent_coef        | 0.693     |
|    ent_coef_loss   | -0.158    |
|    learning_rate   | 0.0003    |
|    n_updates       | 70991     |
----------------------------------
----------------------------------
| rollout/           |           |
|    ep_len_mean     | 621       |
|    ep_rew_mean     | 1.14e+04  |
| time/              |           |
|    episodes        | 124       |
|    fps             | 72        |
|    time_elapsed    | 1051      |
|    total_timesteps | 75992     |
| train/             |           |
|    actor_loss      | -1.65e+03 |
|    critic_loss     | 81.6      |
|    ent_coef        | 0.684     |
|    ent_coef_loss   | -0.0756   |
|    learning_rate   | 0.0003    |
|    n_updates       | 74991     |
----------------------------------
----------------------------------
| rollout/           |           |
|    ep_len_mean     | 650       |
|    ep_rew_mean     | 1.22e+04  |
| time/              |           |
|    episodes        | 128       |
|    fps             | 72        |
|    time_elapsed    | 1103      |
|    total_timesteps | 79992     |
| train/             |           |
|    actor_loss      | -1.73e+03 |
|    critic_loss     | 357       |
|    ent_coef        | 0.665     |
|    ent_coef_loss   | 0.0835    |
|    learning_rate   | 0.0003    |
|    n_updates       | 78991     |
----------------------------------
----------------------------------
| rollout/           |           |
|    ep_len_mean     | 687       |
|    ep_rew_mean     | 1.31e+04  |
| time/              |           |
|    episodes        | 132       |
|    fps             | 72        |
|    time_elapsed    | 1159      |
|    total_timesteps | 83992     |
| train/             |           |
|    actor_loss      | -1.77e+03 |
|    critic_loss     | 214       |
|    ent_coef        | 0.653     |
|    ent_coef_loss   | -0.0286   |
|    learning_rate   | 0.0003    |
|    n_updates       | 82991     |
----------------------------------
---------------------------------
| rollout/           |          |
|    ep_len_mean     | 724      |
|    ep_rew_mean     | 1.4e+04  |
| time/              |          |
|    episodes        | 136      |
|    fps             | 72       |
|    time_elapsed    | 1214     |
|    total_timesteps | 87992    |
| train/             |          |
|    actor_loss      | -1.8e+03 |
|    critic_loss     | 75.7     |
|    ent_coef        | 0.654    |
|    ent_coef_loss   | -0.0242  |
|    learning_rate   | 0.0003   |
|    n_updates       | 86991    |
---------------------------------
----------------------------------
| rollout/           |           |
|    ep_len_mean     | 761       |
|    ep_rew_mean     | 1.49e+04  |
| time/              |           |
|    episodes        | 140       |
|    fps             | 72        |
|    time_elapsed    | 1270      |
|    total_timesteps | 91992     |
| train/             |           |
|    actor_loss      | -1.84e+03 |
|    critic_loss     | 52        |
|    ent_coef        | 0.631     |
|    ent_coef_loss   | -0.12     |
|    learning_rate   | 0.0003    |
|    n_updates       | 90991     |
----------------------------------
----------------------------------
| rollout/           |           |
|    ep_len_mean     | 799       |
|    ep_rew_mean     | 1.58e+04  |
| time/              |           |
|    episodes        | 144       |
|    fps             | 72        |
|    time_elapsed    | 1328      |
|    total_timesteps | 95992     |
| train/             |           |
|    actor_loss      | -1.84e+03 |
|    critic_loss     | 32.9      |
|    ent_coef        | 0.642     |
|    ent_coef_loss   | 0.125     |
|    learning_rate   | 0.0003    |
|    n_updates       | 94991     |
----------------------------------
----------------------------------
| rollout/           |           |
|    ep_len_mean     | 836       |
|    ep_rew_mean     | 1.68e+04  |
| time/              |           |
|    episodes        | 148       |
|    fps             | 72        |
|    time_elapsed    | 1384      |
|    total_timesteps | 99992     |
| train/             |           |
|    actor_loss      | -1.84e+03 |
|    critic_loss     | 112       |
|    ent_coef        | 0.661     |
|    ent_coef_loss   | -0.0351   |
|    learning_rate   | 0.0003    |
|    n_updates       | 98991     |
----------------------------------
---------------------------------
| rollout/           |          |
|    ep_len_mean     | 873      |
|    ep_rew_mean     | 1.77e+04 |
| time/              |          |
|    episodes        | 152      |
|    fps             | 72       |
|    time_elapsed    | 1439     |
|    total_timesteps | 103992   |
| train/             |          |
|    actor_loss      | -1.9e+03 |
|    critic_loss     | 114      |
|    ent_coef        | 0.641    |
|    ent_coef_loss   | -0.106   |
|    learning_rate   | 0.0003   |
|    n_updates       | 102991   |
---------------------------------
----------------------------------
| rollout/           |           |
|    ep_len_mean     | 902       |
|    ep_rew_mean     | 1.86e+04  |
| time/              |           |
|    episodes        | 156       |
|    fps             | 72        |
|    time_elapsed    | 1495      |
|    total_timesteps | 107992    |
| train/             |           |
|    actor_loss      | -1.89e+03 |
|    critic_loss     | 46.9      |
|    ent_coef        | 0.659     |
|    ent_coef_loss   | -0.0977   |
|    learning_rate   | 0.0003    |
|    n_updates       | 106991    |
----------------------------------
----------------------------------
| rollout/           |           |
|    ep_len_mean     | 933       |
|    ep_rew_mean     | 1.95e+04  |
| time/              |           |
|    episodes        | 160       |
|    fps             | 72        |
|    time_elapsed    | 1549      |
|    total_timesteps | 111992    |
| train/             |           |
|    actor_loss      | -1.94e+03 |
|    critic_loss     | 24.1      |
|    ent_coef        | 0.647     |
|    ent_coef_loss   | -0.0252   |
|    learning_rate   | 0.0003    |
|    n_updates       | 110991    |
----------------------------------
----------------------------------
| rollout/           |           |
|    ep_len_mean     | 968       |
|    ep_rew_mean     | 2.04e+04  |
| time/              |           |
|    episodes        | 164       |
|    fps             | 72        |
|    time_elapsed    | 1600      |
|    total_timesteps | 115992    |
| train/             |           |
|    actor_loss      | -1.99e+03 |
|    critic_loss     | 29.5      |
|    ent_coef        | 0.669     |
|    ent_coef_loss   | 0.00924   |
|    learning_rate   | 0.0003    |
|    n_updates       | 114991    |
----------------------------------
---------------------------------
| rollout/           |          |
|    ep_len_mean     | 992      |
|    ep_rew_mean     | 2.1e+04  |
| time/              |          |
|    episodes        | 168      |
|    fps             | 72       |
|    time_elapsed    | 1653     |
|    total_timesteps | 119992   |
| train/             |          |
|    actor_loss      | -2e+03   |
|    critic_loss     | 6.48e+03 |
|    ent_coef        | 0.654    |
|    ent_coef_loss   | 0.247    |
|    learning_rate   | 0.0003   |
|    n_updates       | 118991   |
---------------------------------
----------------------------------
| rollout/           |           |
|    ep_len_mean     | 1e+03     |
|    ep_rew_mean     | 2.17e+04  |
| time/              |           |
|    episodes        | 172       |
|    fps             | 72        |
|    time_elapsed    | 1708      |
|    total_timesteps | 123992    |
| train/             |           |
|    actor_loss      | -1.99e+03 |
|    critic_loss     | 21.5      |
|    ent_coef        | 0.616     |
|    ent_coef_loss   | -0.0728   |
|    learning_rate   | 0.0003    |
|    n_updates       | 122991    |
----------------------------------
----------------------------------
| rollout/           |           |
|    ep_len_mean     | 1e+03     |
|    ep_rew_mean     | 2.2e+04   |
| time/              |           |
|    episodes        | 176       |
|    fps             | 72        |
|    time_elapsed    | 1762      |
|    total_timesteps | 127992    |
| train/             |           |
|    actor_loss      | -2.02e+03 |
|    critic_loss     | 52.1      |
|    ent_coef        | 0.626     |
|    ent_coef_loss   | -0.0262   |
|    learning_rate   | 0.0003    |
|    n_updates       | 126991    |
----------------------------------
---------------------------------
| rollout/           |          |
|    ep_len_mean     | 1e+03    |
|    ep_rew_mean     | 2.22e+04 |
| time/              |          |
|    episodes        | 180      |
|    fps             | 72       |
|    time_elapsed    | 1816     |
|    total_timesteps | 131992   |
| train/             |          |
|    actor_loss      | -2e+03   |
|    critic_loss     | 240      |
|    ent_coef        | 0.617    |
|    ent_coef_loss   | -0.0581  |
|    learning_rate   | 0.0003   |
|    n_updates       | 130991   |
---------------------------------
----------------------------------
| rollout/           |           |
|    ep_len_mean     | 1e+03     |
|    ep_rew_mean     | 2.25e+04  |
| time/              |           |
|    episodes        | 184       |
|    fps             | 72        |
|    time_elapsed    | 1871      |
|    total_timesteps | 135992    |
| train/             |           |
|    actor_loss      | -2.02e+03 |
|    critic_loss     | 42        |
|    ent_coef        | 0.591     |
|    ent_coef_loss   | 0.167     |
|    learning_rate   | 0.0003    |
|    n_updates       | 134991    |
----------------------------------
----------------------------------
| rollout/           |           |
|    ep_len_mean     | 1e+03     |
|    ep_rew_mean     | 2.27e+04  |
| time/              |           |
|    episodes        | 188       |
|    fps             | 72        |
|    time_elapsed    | 1922      |
|    total_timesteps | 139992    |
| train/             |           |
|    actor_loss      | -2.05e+03 |
|    critic_loss     | 49.4      |
|    ent_coef        | 0.602     |
|    ent_coef_loss   | -0.00453  |
|    learning_rate   | 0.0003    |
|    n_updates       | 138991    |
----------------------------------
----------------------------------
| rollout/           |           |
|    ep_len_mean     | 1e+03     |
|    ep_rew_mean     | 2.29e+04  |
| time/              |           |
|    episodes        | 192       |
|    fps             | 72        |
|    time_elapsed    | 1976      |
|    total_timesteps | 143992    |
| train/             |           |
|    actor_loss      | -2.08e+03 |
|    critic_loss     | 64.3      |
|    ent_coef        | 0.594     |
|    ent_coef_loss   | -0.13     |
|    learning_rate   | 0.0003    |
|    n_updates       | 142991    |
----------------------------------
---------------------------------
| rollout/           |          |
|    ep_len_mean     | 1e+03    |
|    ep_rew_mean     | 2.3e+04  |
| time/              |          |
|    episodes        | 196      |
|    fps             | 73       |
|    time_elapsed    | 2026     |
|    total_timesteps | 147992   |
| train/             |          |
|    actor_loss      | -2.1e+03 |
|    critic_loss     | 31.4     |
|    ent_coef        | 0.598    |
|    ent_coef_loss   | 0.0373   |
|    learning_rate   | 0.0003   |
|    n_updates       | 146991   |
---------------------------------
---------------------------------
| rollout/           |          |
|    ep_len_mean     | 1e+03    |
|    ep_rew_mean     | 2.31e+04 |
| time/              |          |
|    episodes        | 200      |
|    fps             | 73       |
|    time_elapsed    | 2078     |
|    total_timesteps | 151992   |
| train/             |          |
|    actor_loss      | -2.1e+03 |
|    critic_loss     | 104      |
|    ent_coef        | 0.581    |
|    ent_coef_loss   | 0.0197   |
|    learning_rate   | 0.0003   |
|    n_updates       | 150991   |
---------------------------------
----------------------------------
| rollout/           |           |
|    ep_len_mean     | 1e+03     |
|    ep_rew_mean     | 2.33e+04  |
| time/              |           |
|    episodes        | 204       |
|    fps             | 73        |
|    time_elapsed    | 2128      |
|    total_timesteps | 155992    |
| train/             |           |
|    actor_loss      | -2.13e+03 |
|    critic_loss     | 49.1      |
|    ent_coef        | 0.591     |
|    ent_coef_loss   | 0.0234    |
|    learning_rate   | 0.0003    |
|    n_updates       | 154991    |
----------------------------------
----------------------------------
| rollout/           |           |
|    ep_len_mean     | 1e+03     |
|    ep_rew_mean     | 2.34e+04  |
| time/              |           |
|    episodes        | 208       |
|    fps             | 73        |
|    time_elapsed    | 2189      |
|    total_timesteps | 159992    |
| train/             |           |
|    actor_loss      | -2.13e+03 |
|    critic_loss     | 53.8      |
|    ent_coef        | 0.564     |
|    ent_coef_loss   | -0.0578   |
|    learning_rate   | 0.0003    |
|    n_updates       | 158991    |
----------------------------------
----------------------------------
| rollout/           |           |
|    ep_len_mean     | 1e+03     |
|    ep_rew_mean     | 2.35e+04  |
| time/              |           |
|    episodes        | 212       |
|    fps             | 72        |
|    time_elapsed    | 2260      |
|    total_timesteps | 163992    |
| train/             |           |
|    actor_loss      | -2.19e+03 |
|    critic_loss     | 109       |
|    ent_coef        | 0.577     |
|    ent_coef_loss   | -0.134    |
|    learning_rate   | 0.0003    |
|    n_updates       | 162991    |
----------------------------------
----------------------------------
| rollout/           |           |
|    ep_len_mean     | 1e+03     |
|    ep_rew_mean     | 2.36e+04  |
| time/              |           |
|    episodes        | 216       |
|    fps             | 71        |
|    time_elapsed    | 2335      |
|    total_timesteps | 167992    |
| train/             |           |
|    actor_loss      | -2.17e+03 |
|    critic_loss     | 1.66e+03  |
|    ent_coef        | 0.618     |
|    ent_coef_loss   | -0.124    |
|    learning_rate   | 0.0003    |
|    n_updates       | 166991    |
----------------------------------
----------------------------------
| rollout/           |           |
|    ep_len_mean     | 996       |
|    ep_rew_mean     | 2.36e+04  |
| time/              |           |
|    episodes        | 220       |
|    fps             | 71        |
|    time_elapsed    | 2401      |
|    total_timesteps | 171546    |
| train/             |           |
|    actor_loss      | -2.17e+03 |
|    critic_loss     | 48.6      |
|    ent_coef        | 0.617     |
|    ent_coef_loss   | -0.0582   |
|    learning_rate   | 0.0003    |
|    n_updates       | 170545    |
----------------------------------
----------------------------------
| rollout/           |           |
|    ep_len_mean     | 996       |
|    ep_rew_mean     | 2.36e+04  |
| time/              |           |
|    episodes        | 224       |
|    fps             | 71        |
|    time_elapsed    | 2471      |
|    total_timesteps | 175546    |
| train/             |           |
|    actor_loss      | -2.18e+03 |
|    critic_loss     | 183       |
|    ent_coef        | 0.599     |
|    ent_coef_loss   | -0.0114   |
|    learning_rate   | 0.0003    |
|    n_updates       | 174545    |
----------------------------------
----------------------------------
| rollout/           |           |
|    ep_len_mean     | 996       |
|    ep_rew_mean     | 2.37e+04  |
| time/              |           |
|    episodes        | 228       |
|    fps             | 70        |
|    time_elapsed    | 2542      |
|    total_timesteps | 179546    |
| train/             |           |
|    actor_loss      | -2.18e+03 |
|    critic_loss     | 39.7      |
|    ent_coef        | 0.583     |
|    ent_coef_loss   | -0.0854   |
|    learning_rate   | 0.0003    |
|    n_updates       | 178545    |
----------------------------------
---------------------------------
| rollout/           |          |
|    ep_len_mean     | 996      |
|    ep_rew_mean     | 2.38e+04 |
| time/              |          |
|    episodes        | 232      |
|    fps             | 70       |
|    time_elapsed    | 2617     |
|    total_timesteps | 183546   |
| train/             |          |
|    actor_loss      | -2.2e+03 |
|    critic_loss     | 28.6     |
|    ent_coef        | 0.592    |
|    ent_coef_loss   | -0.0733  |
|    learning_rate   | 0.0003   |
|    n_updates       | 182545   |
---------------------------------
----------------------------------
| rollout/           |           |
|    ep_len_mean     | 996       |
|    ep_rew_mean     | 2.39e+04  |
| time/              |           |
|    episodes        | 236       |
|    fps             | 69        |
|    time_elapsed    | 2693      |
|    total_timesteps | 187546    |
| train/             |           |
|    actor_loss      | -2.21e+03 |
|    critic_loss     | 35.2      |
|    ent_coef        | 0.607     |
|    ent_coef_loss   | -0.0628   |
|    learning_rate   | 0.0003    |
|    n_updates       | 186545    |
----------------------------------
----------------------------------
| rollout/           |           |
|    ep_len_mean     | 996       |
|    ep_rew_mean     | 2.4e+04   |
| time/              |           |
|    episodes        | 240       |
|    fps             | 69        |
|    time_elapsed    | 2771      |
|    total_timesteps | 191546    |
| train/             |           |
|    actor_loss      | -2.25e+03 |
|    critic_loss     | 58.8      |
|    ent_coef        | 0.619     |
|    ent_coef_loss   | 0.0714    |
|    learning_rate   | 0.0003    |
|    n_updates       | 190545    |
----------------------------------
----------------------------------
| rollout/           |           |
|    ep_len_mean     | 996       |
|    ep_rew_mean     | 2.41e+04  |
| time/              |           |
|    episodes        | 244       |
|    fps             | 68        |
|    time_elapsed    | 2849      |
|    total_timesteps | 195546    |
| train/             |           |
|    actor_loss      | -2.21e+03 |
|    critic_loss     | 30.3      |
|    ent_coef        | 0.603     |
|    ent_coef_loss   | -0.0425   |
|    learning_rate   | 0.0003    |
|    n_updates       | 194545    |
----------------------------------
----------------------------------
| rollout/           |           |
|    ep_len_mean     | 996       |
|    ep_rew_mean     | 2.42e+04  |
| time/              |           |
|    episodes        | 248       |
|    fps             | 68        |
|    time_elapsed    | 2925      |
|    total_timesteps | 199546    |
| train/             |           |
|    actor_loss      | -2.24e+03 |
|    critic_loss     | 38.7      |
|    ent_coef        | 0.592     |
|    ent_coef_loss   | -0.256    |
|    learning_rate   | 0.0003    |
|    n_updates       | 198545    |
----------------------------------
----------------------------------
| rollout/           |           |
|    ep_len_mean     | 996       |
|    ep_rew_mean     | 2.42e+04  |
| time/              |           |
|    episodes        | 252       |
|    fps             | 67        |
|    time_elapsed    | 3003      |
|    total_timesteps | 203546    |
| train/             |           |
|    actor_loss      | -2.28e+03 |
|    critic_loss     | 29.9      |
|    ent_coef        | 0.587     |
|    ent_coef_loss   | 0.0796    |
|    learning_rate   | 0.0003    |
|    n_updates       | 202545    |
----------------------------------
---------------------------------
| rollout/           |          |
|    ep_len_mean     | 996      |
|    ep_rew_mean     | 2.43e+04 |
| time/              |          |
|    episodes        | 256      |
|    fps             | 67       |
|    time_elapsed    | 3083     |
|    total_timesteps | 207546   |
| train/             |          |
|    actor_loss      | -2.3e+03 |
|    critic_loss     | 21.4     |
|    ent_coef        | 0.56     |
|    ent_coef_loss   | -0.0748  |
|    learning_rate   | 0.0003   |
|    n_updates       | 206545   |
---------------------------------
----------------------------------
| rollout/           |           |
|    ep_len_mean     | 996       |
|    ep_rew_mean     | 2.44e+04  |
| time/              |           |
|    episodes        | 260       |
|    fps             | 66        |
|    time_elapsed    | 3163      |
|    total_timesteps | 211546    |
| train/             |           |
|    actor_loss      | -2.32e+03 |
|    critic_loss     | 28.8      |
|    ent_coef        | 0.572     |
|    ent_coef_loss   | -0.0717   |
|    learning_rate   | 0.0003    |
|    n_updates       | 210545    |
----------------------------------
----------------------------------
| rollout/           |           |
|    ep_len_mean     | 996       |
|    ep_rew_mean     | 2.44e+04  |
| time/              |           |
|    episodes        | 264       |
|    fps             | 66        |
|    time_elapsed    | 3245      |
|    total_timesteps | 215546    |
| train/             |           |
|    actor_loss      | -2.34e+03 |
|    critic_loss     | 34.3      |
|    ent_coef        | 0.539     |
|    ent_coef_loss   | 0.00828   |
|    learning_rate   | 0.0003    |
|    n_updates       | 214545    |
----------------------------------
----------------------------------
| rollout/           |           |
|    ep_len_mean     | 996       |
|    ep_rew_mean     | 2.45e+04  |
| time/              |           |
|    episodes        | 268       |
|    fps             | 65        |
|    time_elapsed    | 3327      |
|    total_timesteps | 219546    |
| train/             |           |
|    actor_loss      | -2.36e+03 |
|    critic_loss     | 70.8      |
|    ent_coef        | 0.529     |
|    ent_coef_loss   | 0.226     |
|    learning_rate   | 0.0003    |
|    n_updates       | 218545    |
----------------------------------
---------------------------------
| rollout/           |          |
|    ep_len_mean     | 996      |
|    ep_rew_mean     | 2.46e+04 |
| time/              |          |
|    episodes        | 272      |
|    fps             | 65       |
|    time_elapsed    | 3412     |
|    total_timesteps | 223546   |
| train/             |          |
|    actor_loss      | -2.4e+03 |
|    critic_loss     | 17.6     |
|    ent_coef        | 0.517    |
|    ent_coef_loss   | 0.11     |
|    learning_rate   | 0.0003   |
|    n_updates       | 222545   |
---------------------------------
----------------------------------
| rollout/           |           |
|    ep_len_mean     | 996       |
|    ep_rew_mean     | 2.46e+04  |
| time/              |           |
|    episodes        | 276       |
|    fps             | 65        |
|    time_elapsed    | 3494      |
|    total_timesteps | 227546    |
| train/             |           |
|    actor_loss      | -2.39e+03 |
|    critic_loss     | 9.52      |
|    ent_coef        | 0.481     |
|    ent_coef_loss   | -0.117    |
|    learning_rate   | 0.0003    |
|    n_updates       | 226545    |
----------------------------------
----------------------------------
| rollout/           |           |
|    ep_len_mean     | 988       |
|    ep_rew_mean     | 2.45e+04  |
| time/              |           |
|    episodes        | 280       |
|    fps             | 64        |
|    time_elapsed    | 3562      |
|    total_timesteps | 230774    |
| train/             |           |
|    actor_loss      | -2.39e+03 |
|    critic_loss     | 23.3      |
|    ent_coef        | 0.473     |
|    ent_coef_loss   | -0.00431  |
|    learning_rate   | 0.0003    |
|    n_updates       | 229773    |
----------------------------------
----------------------------------
| rollout/           |           |
|    ep_len_mean     | 988       |
|    ep_rew_mean     | 2.47e+04  |
| time/              |           |
|    episodes        | 284       |
|    fps             | 64        |
|    time_elapsed    | 3648      |
|    total_timesteps | 234774    |
| train/             |           |
|    actor_loss      | -2.42e+03 |
|    critic_loss     | 32.3      |
|    ent_coef        | 0.444     |
|    ent_coef_loss   | 0.329     |
|    learning_rate   | 0.0003    |
|    n_updates       | 233773    |
----------------------------------
----------------------------------
| rollout/           |           |
|    ep_len_mean     | 988       |
|    ep_rew_mean     | 2.48e+04  |
| time/              |           |
|    episodes        | 288       |
|    fps             | 63        |
|    time_elapsed    | 3732      |
|    total_timesteps | 238774    |
| train/             |           |
|    actor_loss      | -2.45e+03 |
|    critic_loss     | 11.9      |
|    ent_coef        | 0.423     |
|    ent_coef_loss   | -0.0176   |
|    learning_rate   | 0.0003    |
|    n_updates       | 237773    |
----------------------------------
----------------------------------
| rollout/           |           |
|    ep_len_mean     | 980       |
|    ep_rew_mean     | 2.47e+04  |
| time/              |           |
|    episodes        | 292       |
|    fps             | 63        |
|    time_elapsed    | 3794      |
|    total_timesteps | 241954    |
| train/             |           |
|    actor_loss      | -2.48e+03 |
|    critic_loss     | 8.41      |
|    ent_coef        | 0.404     |
|    ent_coef_loss   | 0.00663   |
|    learning_rate   | 0.0003    |
|    n_updates       | 240953    |
----------------------------------
----------------------------------
| rollout/           |           |
|    ep_len_mean     | 980       |
|    ep_rew_mean     | 2.48e+04  |
| time/              |           |
|    episodes        | 296       |
|    fps             | 63        |
|    time_elapsed    | 3875      |
|    total_timesteps | 245954    |
| train/             |           |
|    actor_loss      | -2.48e+03 |
|    critic_loss     | 9.26      |
|    ent_coef        | 0.389     |
|    ent_coef_loss   | 0.0759    |
|    learning_rate   | 0.0003    |
|    n_updates       | 244953    |
----------------------------------
----------------------------------
| rollout/           |           |
|    ep_len_mean     | 980       |
|    ep_rew_mean     | 2.49e+04  |
| time/              |           |
|    episodes        | 300       |
|    fps             | 63        |
|    time_elapsed    | 3964      |
|    total_timesteps | 249954    |
| train/             |           |
|    actor_loss      | -2.51e+03 |
|    critic_loss     | 11.4      |
|    ent_coef        | 0.421     |
|    ent_coef_loss   | -0.145    |
|    learning_rate   | 0.0003    |
|    n_updates       | 248953    |
----------------------------------
----------------------------------
| rollout/           |           |
|    ep_len_mean     | 980       |
|    ep_rew_mean     | 2.5e+04   |
| time/              |           |
|    episodes        | 304       |
|    fps             | 62        |
|    time_elapsed    | 4052      |
|    total_timesteps | 253954    |
| train/             |           |
|    actor_loss      | -2.51e+03 |
|    critic_loss     | 9.23      |
|    ent_coef        | 0.429     |
|    ent_coef_loss   | 0.0588    |
|    learning_rate   | 0.0003    |
|    n_updates       | 252953    |
----------------------------------
----------------------------------
| rollout/           |           |
|    ep_len_mean     | 971       |
|    ep_rew_mean     | 2.49e+04  |
| time/              |           |
|    episodes        | 308       |
|    fps             | 62        |
|    time_elapsed    | 4116      |
|    total_timesteps | 257066    |
| train/             |           |
|    actor_loss      | -2.52e+03 |
|    critic_loss     | 7.4       |
|    ent_coef        | 0.394     |
|    ent_coef_loss   | 0.00927   |
|    learning_rate   | 0.0003    |
|    n_updates       | 256065    |
----------------------------------
----------------------------------
| rollout/           |           |
|    ep_len_mean     | 971       |
|    ep_rew_mean     | 2.5e+04   |
| time/              |           |
|    episodes        | 312       |
|    fps             | 62        |
|    time_elapsed    | 4193      |
|    total_timesteps | 261066    |
| train/             |           |
|    actor_loss      | -2.55e+03 |
|    critic_loss     | 7.58      |
|    ent_coef        | 0.4       |
|    ent_coef_loss   | -0.215    |
|    learning_rate   | 0.0003    |
|    n_updates       | 260065    |
----------------------------------
----------------------------------
| rollout/           |           |
|    ep_len_mean     | 971       |
|    ep_rew_mean     | 2.51e+04  |
| time/              |           |
|    episodes        | 316       |
|    fps             | 62        |
|    time_elapsed    | 4272      |
|    total_timesteps | 265066    |
| train/             |           |
|    actor_loss      | -2.54e+03 |
|    critic_loss     | 9.28      |
|    ent_coef        | 0.416     |
|    ent_coef_loss   | -0.0797   |
|    learning_rate   | 0.0003    |
|    n_updates       | 264065    |
----------------------------------
----------------------------------
| rollout/           |           |
|    ep_len_mean     | 975       |
|    ep_rew_mean     | 2.53e+04  |
| time/              |           |
|    episodes        | 320       |
|    fps             | 61        |
|    time_elapsed    | 4351      |
|    total_timesteps | 269066    |
| train/             |           |
|    actor_loss      | -2.57e+03 |
|    critic_loss     | 13.4      |
|    ent_coef        | 0.406     |
|    ent_coef_loss   | 0.0445    |
|    learning_rate   | 0.0003    |
|    n_updates       | 268065    |
----------------------------------
----------------------------------
| rollout/           |           |
|    ep_len_mean     | 975       |
|    ep_rew_mean     | 2.55e+04  |
| time/              |           |
|    episodes        | 324       |
|    fps             | 61        |
|    time_elapsed    | 4438      |
|    total_timesteps | 273066    |
| train/             |           |
|    actor_loss      | -2.56e+03 |
|    critic_loss     | 9.57      |
|    ent_coef        | 0.408     |
|    ent_coef_loss   | 0.0328    |
|    learning_rate   | 0.0003    |
|    n_updates       | 272065    |
----------------------------------
---------------------------------
| rollout/           |          |
|    ep_len_mean     | 975      |
|    ep_rew_mean     | 2.56e+04 |
| time/              |          |
|    episodes        | 328      |
|    fps             | 61       |
|    time_elapsed    | 4526     |
|    total_timesteps | 277066   |
| train/             |          |
|    actor_loss      | -2.6e+03 |
|    critic_loss     | 10.1     |
|    ent_coef        | 0.397    |
|    ent_coef_loss   | 0.0875   |
|    learning_rate   | 0.0003   |
|    n_updates       | 276065   |
---------------------------------
---------------------------------
| rollout/           |          |
|    ep_len_mean     | 975      |
|    ep_rew_mean     | 2.57e+04 |
| time/              |          |
|    episodes        | 332      |
|    fps             | 60       |
|    time_elapsed    | 4615     |
|    total_timesteps | 281066   |
| train/             |          |
|    actor_loss      | -2.6e+03 |
|    critic_loss     | 13.6     |
|    ent_coef        | 0.416    |
|    ent_coef_loss   | 0.0779   |
|    learning_rate   | 0.0003   |
|    n_updates       | 280065   |
---------------------------------
----------------------------------
| rollout/           |           |
|    ep_len_mean     | 975       |
|    ep_rew_mean     | 2.58e+04  |
| time/              |           |
|    episodes        | 336       |
|    fps             | 60        |
|    time_elapsed    | 4703      |
|    total_timesteps | 285066    |
| train/             |           |
|    actor_loss      | -2.61e+03 |
|    critic_loss     | 6.23      |
|    ent_coef        | 0.396     |
|    ent_coef_loss   | -0.149    |
|    learning_rate   | 0.0003    |
|    n_updates       | 284065    |
----------------------------------
----------------------------------
| rollout/           |           |
|    ep_len_mean     | 966       |
|    ep_rew_mean     | 2.56e+04  |
| time/              |           |
|    episodes        | 340       |
|    fps             | 60        |
|    time_elapsed    | 4769      |
|    total_timesteps | 288135    |
| train/             |           |
|    actor_loss      | -2.62e+03 |
|    critic_loss     | 5.83      |
|    ent_coef        | 0.408     |
|    ent_coef_loss   | -0.19     |
|    learning_rate   | 0.0003    |
|    n_updates       | 287134    |
----------------------------------
----------------------------------
| rollout/           |           |
|    ep_len_mean     | 966       |
|    ep_rew_mean     | 2.57e+04  |
| time/              |           |
|    episodes        | 344       |
|    fps             | 60        |
|    time_elapsed    | 4854      |
|    total_timesteps | 292135    |
| train/             |           |
|    actor_loss      | -2.64e+03 |
|    critic_loss     | 5.95      |
|    ent_coef        | 0.413     |
|    ent_coef_loss   | -0.223    |
|    learning_rate   | 0.0003    |
|    n_updates       | 291134    |
----------------------------------
----------------------------------
| rollout/           |           |
|    ep_len_mean     | 966       |
|    ep_rew_mean     | 2.58e+04  |
| time/              |           |
|    episodes        | 348       |
|    fps             | 59        |
|    time_elapsed    | 4939      |
|    total_timesteps | 296135    |
| train/             |           |
|    actor_loss      | -2.66e+03 |
|    critic_loss     | 5.38      |
|    ent_coef        | 0.397     |
|    ent_coef_loss   | 0.187     |
|    learning_rate   | 0.0003    |
|    n_updates       | 295134    |
----------------------------------
----------------------------------
| rollout/           |           |
|    ep_len_mean     | 960       |
|    ep_rew_mean     | 2.57e+04  |
| time/              |           |
|    episodes        | 352       |
|    fps             | 59        |
|    time_elapsed    | 5009      |
|    total_timesteps | 299519    |
| train/             |           |
|    actor_loss      | -2.64e+03 |
|    critic_loss     | 7.02      |
|    ent_coef        | 0.391     |
|    ent_coef_loss   | -0.0426   |
|    learning_rate   | 0.0003    |
|    n_updates       | 298518    |
----------------------------------
----------------------------------
| rollout/           |           |
|    ep_len_mean     | 953       |
|    ep_rew_mean     | 2.56e+04  |
| time/              |           |
|    episodes        | 356       |
|    fps             | 59        |
|    time_elapsed    | 5077      |
|    total_timesteps | 302836    |
| train/             |           |
|    actor_loss      | -2.67e+03 |
|    critic_loss     | 5.03      |
|    ent_coef        | 0.387     |
|    ent_coef_loss   | -0.123    |
|    learning_rate   | 0.0003    |
|    n_updates       | 301835    |
----------------------------------
----------------------------------
| rollout/           |           |
|    ep_len_mean     | 951       |
|    ep_rew_mean     | 2.56e+04  |
| time/              |           |
|    episodes        | 360       |
|    fps             | 59        |
|    time_elapsed    | 5155      |
|    total_timesteps | 306636    |
| train/             |           |
|    actor_loss      | -2.66e+03 |
|    critic_loss     | 9.1       |
|    ent_coef        | 0.362     |
|    ent_coef_loss   | -0.024    |
|    learning_rate   | 0.0003    |
|    n_updates       | 305635    |
----------------------------------
----------------------------------
| rollout/           |           |
|    ep_len_mean     | 951       |
|    ep_rew_mean     | 2.57e+04  |
| time/              |           |
|    episodes        | 364       |
|    fps             | 59        |
|    time_elapsed    | 5237      |
|    total_timesteps | 310636    |
| train/             |           |
|    actor_loss      | -2.68e+03 |
|    critic_loss     | 7.56      |
|    ent_coef        | 0.379     |
|    ent_coef_loss   | -0.0131   |
|    learning_rate   | 0.0003    |
|    n_updates       | 309635    |
----------------------------------
----------------------------------
| rollout/           |           |
|    ep_len_mean     | 947       |
|    ep_rew_mean     | 2.56e+04  |
| time/              |           |
|    episodes        | 368       |
|    fps             | 59        |
|    time_elapsed    | 5310      |
|    total_timesteps | 314236    |
| train/             |           |
|    actor_loss      | -2.68e+03 |
|    critic_loss     | 5.15      |
|    ent_coef        | 0.358     |
|    ent_coef_loss   | 0.0789    |
|    learning_rate   | 0.0003    |
|    n_updates       | 313235    |
----------------------------------
----------------------------------
| rollout/           |           |
|    ep_len_mean     | 938       |
|    ep_rew_mean     | 2.55e+04  |
| time/              |           |
|    episodes        | 372       |
|    fps             | 59        |
|    time_elapsed    | 5375      |
|    total_timesteps | 317388    |
| train/             |           |
|    actor_loss      | -2.67e+03 |
|    critic_loss     | 6.93      |
|    ent_coef        | 0.347     |
|    ent_coef_loss   | -0.122    |
|    learning_rate   | 0.0003    |
|    n_updates       | 316387    |
----------------------------------
----------------------------------
| rollout/           |           |
|    ep_len_mean     | 938       |
|    ep_rew_mean     | 2.55e+04  |
| time/              |           |
|    episodes        | 376       |
|    fps             | 58        |
|    time_elapsed    | 5456      |
|    total_timesteps | 321388    |
| train/             |           |
|    actor_loss      | -2.68e+03 |
|    critic_loss     | 5.15      |
|    ent_coef        | 0.346     |
|    ent_coef_loss   | 0.0267    |
|    learning_rate   | 0.0003    |
|    n_updates       | 320387    |
----------------------------------
----------------------------------
| rollout/           |           |
|    ep_len_mean     | 946       |
|    ep_rew_mean     | 2.57e+04  |
| time/              |           |
|    episodes        | 380       |
|    fps             | 58        |
|    time_elapsed    | 5538      |
|    total_timesteps | 325388    |
| train/             |           |
|    actor_loss      | -2.66e+03 |
|    critic_loss     | 6.44      |
|    ent_coef        | 0.341     |
|    ent_coef_loss   | -0.185    |
|    learning_rate   | 0.0003    |
|    n_updates       | 324387    |
----------------------------------
---------------------------------
| rollout/           |          |
|    ep_len_mean     | 946      |
|    ep_rew_mean     | 2.58e+04 |
| time/              |          |
|    episodes        | 384      |
|    fps             | 58       |
|    time_elapsed    | 5620     |
|    total_timesteps | 329388   |
| train/             |          |
|    actor_loss      | -2.7e+03 |
|    critic_loss     | 6.01     |
|    ent_coef        | 0.339    |
|    ent_coef_loss   | 0.0247   |
|    learning_rate   | 0.0003   |
|    n_updates       | 328387   |
---------------------------------
---------------------------------
| rollout/           |          |
|    ep_len_mean     | 946      |
|    ep_rew_mean     | 2.58e+04 |
| time/              |          |
|    episodes        | 388      |
|    fps             | 58       |
|    time_elapsed    | 5702     |
|    total_timesteps | 333388   |
| train/             |          |
|    actor_loss      | -2.7e+03 |
|    critic_loss     | 6.15     |
|    ent_coef        | 0.338    |
|    ent_coef_loss   | 0.0655   |
|    learning_rate   | 0.0003   |
|    n_updates       | 332387   |
---------------------------------
----------------------------------
| rollout/           |           |
|    ep_len_mean     | 954       |
|    ep_rew_mean     | 2.6e+04   |
| time/              |           |
|    episodes        | 392       |
|    fps             | 58        |
|    time_elapsed    | 5783      |
|    total_timesteps | 337388    |
| train/             |           |
|    actor_loss      | -2.67e+03 |
|    critic_loss     | 2.44e+04  |
|    ent_coef        | 0.371     |
|    ent_coef_loss   | -0.225    |
|    learning_rate   | 0.0003    |
|    n_updates       | 336387    |
----------------------------------
---------------------------------
| rollout/           |          |
|    ep_len_mean     | 954      |
|    ep_rew_mean     | 2.6e+04  |
| time/              |          |
|    episodes        | 396      |
|    fps             | 58       |
|    time_elapsed    | 5865     |
|    total_timesteps | 341388   |
| train/             |          |
|    actor_loss      | -2.7e+03 |
|    critic_loss     | 13.8     |
|    ent_coef        | 0.352    |
|    ent_coef_loss   | -0.202   |
|    learning_rate   | 0.0003   |
|    n_updates       | 340387   |
---------------------------------
---------------------------------
| rollout/           |          |
|    ep_len_mean     | 954      |
|    ep_rew_mean     | 2.6e+04  |
| time/              |          |
|    episodes        | 400      |
|    fps             | 58       |
|    time_elapsed    | 5947     |
|    total_timesteps | 345388   |
| train/             |          |
|    actor_loss      | -2.7e+03 |
|    critic_loss     | 4.89     |
|    ent_coef        | 0.357    |
|    ent_coef_loss   | -0.137   |
|    learning_rate   | 0.0003   |
|    n_updates       | 344387   |
---------------------------------
----------------------------------
| rollout/           |           |
|    ep_len_mean     | 954       |
|    ep_rew_mean     | 2.6e+04   |
| time/              |           |
|    episodes        | 404       |
|    fps             | 57        |
|    time_elapsed    | 6030      |
|    total_timesteps | 349388    |
| train/             |           |
|    actor_loss      | -2.71e+03 |
|    critic_loss     | 4.32      |
|    ent_coef        | 0.365     |
|    ent_coef_loss   | 0.253     |
|    learning_rate   | 0.0003    |
|    n_updates       | 348387    |
----------------------------------
----------------------------------
| rollout/           |           |
|    ep_len_mean     | 963       |
|    ep_rew_mean     | 2.63e+04  |
| time/              |           |
|    episodes        | 408       |
|    fps             | 57        |
|    time_elapsed    | 6113      |
|    total_timesteps | 353388    |
| train/             |           |
|    actor_loss      | -2.71e+03 |
|    critic_loss     | 7.93      |
|    ent_coef        | 0.382     |
|    ent_coef_loss   | 0.0931    |
|    learning_rate   | 0.0003    |
|    n_updates       | 352387    |
----------------------------------
---------------------------------
| rollout/           |          |
|    ep_len_mean     | 955      |
|    ep_rew_mean     | 2.6e+04  |
| time/              |          |
|    episodes        | 412      |
|    fps             | 57       |
|    time_elapsed    | 6178     |
|    total_timesteps | 356578   |
| train/             |          |
|    actor_loss      | -2.7e+03 |
|    critic_loss     | 14.6     |
|    ent_coef        | 0.384    |
|    ent_coef_loss   | -0.0538  |
|    learning_rate   | 0.0003   |
|    n_updates       | 355577   |
---------------------------------
----------------------------------
| rollout/           |           |
|    ep_len_mean     | 955       |
|    ep_rew_mean     | 2.61e+04  |
| time/              |           |
|    episodes        | 416       |
|    fps             | 57        |
|    time_elapsed    | 6260      |
|    total_timesteps | 360578    |
| train/             |           |
|    actor_loss      | -2.69e+03 |
|    critic_loss     | 7         |
|    ent_coef        | 0.396     |
|    ent_coef_loss   | 0.0772    |
|    learning_rate   | 0.0003    |
|    n_updates       | 359577    |
----------------------------------
----------------------------------
| rollout/           |           |
|    ep_len_mean     | 955       |
|    ep_rew_mean     | 2.61e+04  |
| time/              |           |
|    episodes        | 420       |
|    fps             | 57        |
|    time_elapsed    | 6342      |
|    total_timesteps | 364578    |
| train/             |           |
|    actor_loss      | -2.71e+03 |
|    critic_loss     | 3.64      |
|    ent_coef        | 0.39      |
|    ent_coef_loss   | -0.151    |
|    learning_rate   | 0.0003    |
|    n_updates       | 363577    |
----------------------------------
----------------------------------
| rollout/           |           |
|    ep_len_mean     | 948       |
|    ep_rew_mean     | 2.58e+04  |
| time/              |           |
|    episodes        | 424       |
|    fps             | 57        |
|    time_elapsed    | 6409      |
|    total_timesteps | 367845    |
| train/             |           |
|    actor_loss      | -2.73e+03 |
|    critic_loss     | 4.51      |
|    ent_coef        | 0.375     |
|    ent_coef_loss   | 0.00938   |
|    learning_rate   | 0.0003    |
|    n_updates       | 366844    |
----------------------------------
----------------------------------
| rollout/           |           |
|    ep_len_mean     | 948       |
|    ep_rew_mean     | 2.58e+04  |
| time/              |           |
|    episodes        | 428       |
|    fps             | 57        |
|    time_elapsed    | 6491      |
|    total_timesteps | 371845    |
| train/             |           |
|    actor_loss      | -2.71e+03 |
|    critic_loss     | 5.7       |
|    ent_coef        | 0.378     |
|    ent_coef_loss   | 0.22      |
|    learning_rate   | 0.0003    |
|    n_updates       | 370844    |
----------------------------------
----------------------------------
| rollout/           |           |
|    ep_len_mean     | 948       |
|    ep_rew_mean     | 2.58e+04  |
| time/              |           |
|    episodes        | 432       |
|    fps             | 57        |
|    time_elapsed    | 6572      |
|    total_timesteps | 375845    |
| train/             |           |
|    actor_loss      | -2.71e+03 |
|    critic_loss     | 5.92      |
|    ent_coef        | 0.353     |
|    ent_coef_loss   | -0.111    |
|    learning_rate   | 0.0003    |
|    n_updates       | 374844    |
----------------------------------
----------------------------------
| rollout/           |           |
|    ep_len_mean     | 948       |
|    ep_rew_mean     | 2.58e+04  |
| time/              |           |
|    episodes        | 436       |
|    fps             | 57        |
|    time_elapsed    | 6655      |
|    total_timesteps | 379845    |
| train/             |           |
|    actor_loss      | -2.71e+03 |
|    critic_loss     | 7.58      |
|    ent_coef        | 0.343     |
|    ent_coef_loss   | -0.125    |
|    learning_rate   | 0.0003    |
|    n_updates       | 378844    |
----------------------------------
----------------------------------
| rollout/           |           |
|    ep_len_mean     | 957       |
|    ep_rew_mean     | 2.61e+04  |
| time/              |           |
|    episodes        | 440       |
|    fps             | 56        |
|    time_elapsed    | 6737      |
|    total_timesteps | 383845    |
| train/             |           |
|    actor_loss      | -2.74e+03 |
|    critic_loss     | 7.71      |
|    ent_coef        | 0.355     |
|    ent_coef_loss   | 0.215     |
|    learning_rate   | 0.0003    |
|    n_updates       | 382844    |
----------------------------------
----------------------------------
| rollout/           |           |
|    ep_len_mean     | 948       |
|    ep_rew_mean     | 2.58e+04  |
| time/              |           |
|    episodes        | 444       |
|    fps             | 56        |
|    time_elapsed    | 6801      |
|    total_timesteps | 386977    |
| train/             |           |
|    actor_loss      | -2.73e+03 |
|    critic_loss     | 11        |
|    ent_coef        | 0.32      |
|    ent_coef_loss   | 0.163     |
|    learning_rate   | 0.0003    |
|    n_updates       | 385976    |
----------------------------------
----------------------------------
| rollout/           |           |
|    ep_len_mean     | 948       |
|    ep_rew_mean     | 2.58e+04  |
| time/              |           |
|    episodes        | 448       |
|    fps             | 56        |
|    time_elapsed    | 6888      |
|    total_timesteps | 390977    |
| train/             |           |
|    actor_loss      | -2.73e+03 |
|    critic_loss     | 2.47e+04  |
|    ent_coef        | 0.335     |
|    ent_coef_loss   | 0.145     |
|    learning_rate   | 0.0003    |
|    n_updates       | 389976    |
----------------------------------
----------------------------------
| rollout/           |           |
|    ep_len_mean     | 955       |
|    ep_rew_mean     | 2.6e+04   |
| time/              |           |
|    episodes        | 452       |
|    fps             | 56        |
|    time_elapsed    | 6975      |
|    total_timesteps | 394977    |
| train/             |           |
|    actor_loss      | -2.73e+03 |
|    critic_loss     | 5.96      |
|    ent_coef        | 0.327     |
|    ent_coef_loss   | -0.444    |
|    learning_rate   | 0.0003    |
|    n_updates       | 393976    |
----------------------------------
----------------------------------
| rollout/           |           |
|    ep_len_mean     | 961       |
|    ep_rew_mean     | 2.62e+04  |
| time/              |           |
|    episodes        | 456       |
|    fps             | 56        |
|    time_elapsed    | 7057      |
|    total_timesteps | 398977    |
| train/             |           |
|    actor_loss      | -2.73e+03 |
|    critic_loss     | 4.17      |
|    ent_coef        | 0.318     |
|    ent_coef_loss   | -0.0905   |
|    learning_rate   | 0.0003    |
|    n_updates       | 397976    |
----------------------------------
----------------------------------
| rollout/           |           |
|    ep_len_mean     | 963       |
|    ep_rew_mean     | 2.63e+04  |
| time/              |           |
|    episodes        | 460       |
|    fps             | 56        |
|    time_elapsed    | 7140      |
|    total_timesteps | 402977    |
| train/             |           |
|    actor_loss      | -2.74e+03 |
|    critic_loss     | 11.8      |
|    ent_coef        | 0.329     |
|    ent_coef_loss   | 0.0224    |
|    learning_rate   | 0.0003    |
|    n_updates       | 401976    |
----------------------------------
----------------------------------
| rollout/           |           |
|    ep_len_mean     | 956       |
|    ep_rew_mean     | 2.61e+04  |
| time/              |           |
|    episodes        | 464       |
|    fps             | 56        |
|    time_elapsed    | 7201      |
|    total_timesteps | 406283    |
| train/             |           |
|    actor_loss      | -2.73e+03 |
|    critic_loss     | 32.5      |
|    ent_coef        | 0.313     |
|    ent_coef_loss   | 0.0254    |
|    learning_rate   | 0.0003    |
|    n_updates       | 405282    |
----------------------------------
----------------------------------
| rollout/           |           |
|    ep_len_mean     | 960       |
|    ep_rew_mean     | 2.62e+04  |
| time/              |           |
|    episodes        | 468       |
|    fps             | 56        |
|    time_elapsed    | 7261      |
|    total_timesteps | 410283    |
| train/             |           |
|    actor_loss      | -2.75e+03 |
|    critic_loss     | 40.2      |
|    ent_coef        | 0.294     |
|    ent_coef_loss   | 0.164     |
|    learning_rate   | 0.0003    |
|    n_updates       | 409282    |
----------------------------------
----------------------------------
| rollout/           |           |
|    ep_len_mean     | 969       |
|    ep_rew_mean     | 2.65e+04  |
| time/              |           |
|    episodes        | 472       |
|    fps             | 56        |
|    time_elapsed    | 7321      |
|    total_timesteps | 414283    |
| train/             |           |
|    actor_loss      | -2.75e+03 |
|    critic_loss     | 12        |
|    ent_coef        | 0.312     |
|    ent_coef_loss   | -0.428    |
|    learning_rate   | 0.0003    |
|    n_updates       | 413282    |
----------------------------------
----------------------------------
| rollout/           |           |
|    ep_len_mean     | 969       |
|    ep_rew_mean     | 2.65e+04  |
| time/              |           |
|    episodes        | 476       |
|    fps             | 56        |
|    time_elapsed    | 7382      |
|    total_timesteps | 418283    |
| train/             |           |
|    actor_loss      | -2.75e+03 |
|    critic_loss     | 5.17      |
|    ent_coef        | 0.331     |
|    ent_coef_loss   | -0.0801   |
|    learning_rate   | 0.0003    |
|    n_updates       | 417282    |
----------------------------------
----------------------------------
| rollout/           |           |
|    ep_len_mean     | 969       |
|    ep_rew_mean     | 2.65e+04  |
| time/              |           |
|    episodes        | 480       |
|    fps             | 56        |
|    time_elapsed    | 7442      |
|    total_timesteps | 422283    |
| train/             |           |
|    actor_loss      | -2.75e+03 |
|    critic_loss     | 14.5      |
|    ent_coef        | 0.319     |
|    ent_coef_loss   | -0.211    |
|    learning_rate   | 0.0003    |
|    n_updates       | 421282    |
----------------------------------
----------------------------------
| rollout/           |           |
|    ep_len_mean     | 969       |
|    ep_rew_mean     | 2.66e+04  |
| time/              |           |
|    episodes        | 484       |
|    fps             | 56        |
|    time_elapsed    | 7501      |
|    total_timesteps | 426283    |
| train/             |           |
|    actor_loss      | -2.77e+03 |
|    critic_loss     | 34.9      |
|    ent_coef        | 0.304     |
|    ent_coef_loss   | -0.0297   |
|    learning_rate   | 0.0003    |
|    n_updates       | 425282    |
----------------------------------
----------------------------------
| rollout/           |           |
|    ep_len_mean     | 969       |
|    ep_rew_mean     | 2.66e+04  |
| time/              |           |
|    episodes        | 488       |
|    fps             | 56        |
|    time_elapsed    | 7560      |
|    total_timesteps | 430283    |
| train/             |           |
|    actor_loss      | -2.75e+03 |
|    critic_loss     | 194       |
|    ent_coef        | 0.3       |
|    ent_coef_loss   | -0.114    |
|    learning_rate   | 0.0003    |
|    n_updates       | 429282    |
----------------------------------
----------------------------------
| rollout/           |           |
|    ep_len_mean     | 969       |
|    ep_rew_mean     | 2.66e+04  |
| time/              |           |
|    episodes        | 492       |
|    fps             | 56        |
|    time_elapsed    | 7620      |
|    total_timesteps | 434283    |
| train/             |           |
|    actor_loss      | -2.75e+03 |
|    critic_loss     | 11.7      |
|    ent_coef        | 0.318     |
|    ent_coef_loss   | 0.108     |
|    learning_rate   | 0.0003    |
|    n_updates       | 433282    |
----------------------------------
----------------------------------
| rollout/           |           |
|    ep_len_mean     | 969       |
|    ep_rew_mean     | 2.67e+04  |
| time/              |           |
|    episodes        | 496       |
|    fps             | 57        |
|    time_elapsed    | 7680      |
|    total_timesteps | 438283    |
| train/             |           |
|    actor_loss      | -2.77e+03 |
|    critic_loss     | 22.1      |
|    ent_coef        | 0.325     |
|    ent_coef_loss   | 0.0616    |
|    learning_rate   | 0.0003    |
|    n_updates       | 437282    |
----------------------------------
----------------------------------
| rollout/           |           |
|    ep_len_mean     | 969       |
|    ep_rew_mean     | 2.67e+04  |
| time/              |           |
|    episodes        | 500       |
|    fps             | 57        |
|    time_elapsed    | 7734      |
|    total_timesteps | 442283    |
| train/             |           |
|    actor_loss      | -2.78e+03 |
|    critic_loss     | 287       |
|    ent_coef        | 0.35      |
|    ent_coef_loss   | -0.259    |
|    learning_rate   | 0.0003    |
|    n_updates       | 441282    |
----------------------------------
----------------------------------
| rollout/           |           |
|    ep_len_mean     | 969       |
|    ep_rew_mean     | 2.67e+04  |
| time/              |           |
|    episodes        | 504       |
|    fps             | 57        |
|    time_elapsed    | 7791      |
|    total_timesteps | 446283    |
| train/             |           |
|    actor_loss      | -2.75e+03 |
|    critic_loss     | 4.22      |
|    ent_coef        | 0.339     |
|    ent_coef_loss   | -0.0466   |
|    learning_rate   | 0.0003    |
|    n_updates       | 445282    |
----------------------------------
----------------------------------
| rollout/           |           |
|    ep_len_mean     | 969       |
|    ep_rew_mean     | 2.68e+04  |
| time/              |           |
|    episodes        | 508       |
|    fps             | 57        |
|    time_elapsed    | 7848      |
|    total_timesteps | 450283    |
| train/             |           |
|    actor_loss      | -2.79e+03 |
|    critic_loss     | 8.12      |
|    ent_coef        | 0.318     |
|    ent_coef_loss   | 0.254     |
|    learning_rate   | 0.0003    |
|    n_updates       | 449282    |
----------------------------------
----------------------------------
| rollout/           |           |
|    ep_len_mean     | 977       |
|    ep_rew_mean     | 2.7e+04   |
| time/              |           |
|    episodes        | 512       |
|    fps             | 57        |
|    time_elapsed    | 7903      |
|    total_timesteps | 454283    |
| train/             |           |
|    actor_loss      | -2.77e+03 |
|    critic_loss     | 11.4      |
|    ent_coef        | 0.319     |
|    ent_coef_loss   | -0.0344   |
|    learning_rate   | 0.0003    |
|    n_updates       | 453282    |
----------------------------------
----------------------------------
| rollout/           |           |
|    ep_len_mean     | 977       |
|    ep_rew_mean     | 2.71e+04  |
| time/              |           |
|    episodes        | 516       |
|    fps             | 57        |
|    time_elapsed    | 7958      |
|    total_timesteps | 458283    |
| train/             |           |
|    actor_loss      | -2.81e+03 |
|    critic_loss     | 2.87      |
|    ent_coef        | 0.323     |
|    ent_coef_loss   | 0.278     |
|    learning_rate   | 0.0003    |
|    n_updates       | 457282    |
----------------------------------
----------------------------------
| rollout/           |           |
|    ep_len_mean     | 977       |
|    ep_rew_mean     | 2.71e+04  |
| time/              |           |
|    episodes        | 520       |
|    fps             | 57        |
|    time_elapsed    | 8018      |
|    total_timesteps | 462238    |
| train/             |           |
|    actor_loss      | -2.79e+03 |
|    critic_loss     | 6.77      |
|    ent_coef        | 0.321     |
|    ent_coef_loss   | -0.106    |
|    learning_rate   | 0.0003    |
|    n_updates       | 461237    |
----------------------------------
----------------------------------
| rollout/           |           |
|    ep_len_mean     | 984       |
|    ep_rew_mean     | 2.74e+04  |
| time/              |           |
|    episodes        | 524       |
|    fps             | 57        |
|    time_elapsed    | 8077      |
|    total_timesteps | 466238    |
| train/             |           |
|    actor_loss      | -2.79e+03 |
|    critic_loss     | 5.22      |
|    ent_coef        | 0.313     |
|    ent_coef_loss   | -0.156    |
|    learning_rate   | 0.0003    |
|    n_updates       | 465237    |
----------------------------------
----------------------------------
| rollout/           |           |
|    ep_len_mean     | 984       |
|    ep_rew_mean     | 2.74e+04  |
| time/              |           |
|    episodes        | 528       |
|    fps             | 57        |
|    time_elapsed    | 8138      |
|    total_timesteps | 470238    |
| train/             |           |
|    actor_loss      | -2.78e+03 |
|    critic_loss     | 10.7      |
|    ent_coef        | 0.318     |
|    ent_coef_loss   | -0.158    |
|    learning_rate   | 0.0003    |
|    n_updates       | 469237    |
----------------------------------
----------------------------------
| rollout/           |           |
|    ep_len_mean     | 984       |
|    ep_rew_mean     | 2.75e+04  |
| time/              |           |
|    episodes        | 532       |
|    fps             | 57        |
|    time_elapsed    | 8196      |
|    total_timesteps | 474238    |
| train/             |           |
|    actor_loss      | -2.81e+03 |
|    critic_loss     | 3.92      |
|    ent_coef        | 0.318     |
|    ent_coef_loss   | 0.153     |
|    learning_rate   | 0.0003    |
|    n_updates       | 473237    |
----------------------------------
----------------------------------
| rollout/           |           |
|    ep_len_mean     | 984       |
|    ep_rew_mean     | 2.75e+04  |
| time/              |           |
|    episodes        | 536       |
|    fps             | 57        |
|    time_elapsed    | 8253      |
|    total_timesteps | 478238    |
| train/             |           |
|    actor_loss      | -2.81e+03 |
|    critic_loss     | 6.69      |
|    ent_coef        | 0.335     |
|    ent_coef_loss   | 0.109     |
|    learning_rate   | 0.0003    |
|    n_updates       | 477237    |
----------------------------------
---------------------------------
| rollout/           |          |
|    ep_len_mean     | 984      |
|    ep_rew_mean     | 2.75e+04 |
| time/              |          |
|    episodes        | 540      |
|    fps             | 58       |
|    time_elapsed    | 8311     |
|    total_timesteps | 482238   |
| train/             |          |
|    actor_loss      | -2.8e+03 |
|    critic_loss     | 3.28     |
|    ent_coef        | 0.322    |
|    ent_coef_loss   | 0.21     |
|    learning_rate   | 0.0003   |
|    n_updates       | 481237   |
---------------------------------
----------------------------------
| rollout/           |           |
|    ep_len_mean     | 993       |
|    ep_rew_mean     | 2.78e+04  |
| time/              |           |
|    episodes        | 544       |
|    fps             | 58        |
|    time_elapsed    | 8368      |
|    total_timesteps | 486238    |
| train/             |           |
|    actor_loss      | -2.81e+03 |
|    critic_loss     | 4.13      |
|    ent_coef        | 0.35      |
|    ent_coef_loss   | -0.0673   |
|    learning_rate   | 0.0003    |
|    n_updates       | 485237    |
----------------------------------
---------------------------------
| rollout/           |          |
|    ep_len_mean     | 993      |
|    ep_rew_mean     | 2.79e+04 |
| time/              |          |
|    episodes        | 548      |
|    fps             | 58       |
|    time_elapsed    | 8426     |
|    total_timesteps | 490238   |
| train/             |          |
|    actor_loss      | -2.8e+03 |
|    critic_loss     | 6.44     |
|    ent_coef        | 0.337    |
|    ent_coef_loss   | 0.264    |
|    learning_rate   | 0.0003   |
|    n_updates       | 489237   |
---------------------------------
----------------------------------
| rollout/           |           |
|    ep_len_mean     | 984       |
|    ep_rew_mean     | 2.76e+04  |
| time/              |           |
|    episodes        | 552       |
|    fps             | 58        |
|    time_elapsed    | 8471      |
|    total_timesteps | 493329    |
| train/             |           |
|    actor_loss      | -2.82e+03 |
|    critic_loss     | 3.53      |
|    ent_coef        | 0.35      |
|    ent_coef_loss   | 0.0914    |
|    learning_rate   | 0.0003    |
|    n_updates       | 492328    |
----------------------------------
---------------------------------
| rollout/           |          |
|    ep_len_mean     | 984      |
|    ep_rew_mean     | 2.77e+04 |
| time/              |          |
|    episodes        | 556      |
|    fps             | 58       |
|    time_elapsed    | 8535     |
|    total_timesteps | 497329   |
| train/             |          |
|    actor_loss      | -2.8e+03 |
|    critic_loss     | 4.28     |
|    ent_coef        | 0.33     |
|    ent_coef_loss   | 0.0304   |
|    learning_rate   | 0.0003   |
|    n_updates       | 496328   |
---------------------------------
[2026-08-16T13:50:15] Training complete in 8580.9s
[2026-08-16T13:50:15] Episodes: 558
[2026-08-16T13:50:15] Best reward: 28580.50
[2026-08-16T13:50:15] Mean reward (100ep): 27668.02
[2026-08-16T13:50:15] Final goal tolerance: 0.48
[2026-08-16T13:50:15] Curriculum stage: 1
[2026-08-16T13:50:16] Saved: {'model': 'C:\\Users\\ranjo\\OneDrive\\Desktop\\ARM-Model\\project_assets\\outputs\\ActuationComparison\\muscle_500k_seed201\\sac_model', 'history': 'C:\\Users\\ranjo\\OneDrive\\Desktop\\ARM-Model\\project_assets\\outputs\\ActuationComparison\\muscle_500k_seed201\\training_history.csv', 'stats': 'C:\\Users\\ranjo\\OneDrive\\Desktop\\ARM-Model\\project_assets\\outputs\\ActuationComparison\\muscle_500k_seed201\\training_stats.json'}
[2026-08-16T13:50:16] Running Fitts' Law sweep (10 trials per condition)...
[2026-08-16T13:50:38] Fitts sweep complete in 22.9s
[2026-08-16T13:50:38] Fitts: MT = +0.0329 + +0.0390 * ID, R^2 = 0.4063 (n_conditions = 21, trials_per_condition = 10)
[2026-08-16T13:50:39] Saved: C:\Users\ranjo\OneDrive\Desktop\ARM-Model\project_assets\outputs\ActuationComparison\muscle_500k_seed201\fitts_law.json
[2026-08-16T13:50:39] Saved: C:\Users\ranjo\OneDrive\Desktop\ARM-Model\project_assets\outputs\ActuationComparison\muscle_500k_seed201\fitts_law.png
[2026-08-16T13:50:39] Running 2/3 Power Law sweep (20 trials)...
[2026-08-16T13:50:40] Power Law sweep complete in 1.5s
[2026-08-16T13:50:40] Power Law: log V = -0.4632 + -0.5634 * log C, R = -0.5620, R^2 = 0.3159 (n_samples = 3705, n_trials = 0/20)
[2026-08-16T13:50:41] Saved: C:\Users\ranjo\OneDrive\Desktop\ARM-Model\project_assets\outputs\ActuationComparison\muscle_500k_seed201\power_law.json
[2026-08-16T13:50:41] Saved: C:\Users\ranjo\OneDrive\Desktop\ARM-Model\project_assets\outputs\ActuationComparison\muscle_500k_seed201\power_law.png
[2026-08-16T13:50:41] Session complete. Total wall time: 2:23:27.900737
[2026-08-16T13:50:41] ============================================================
