[2026-06-23T13:23:26] Starting Fischer session: algorithm=SAC, timesteps=500,000, direction=EAST, actuation=muscle, waypoints=[[2.5, 0.8], [0.2, 1.1], [1.8, -1.3]]
[2026-06-23T13:23:26] Save dir: C:\Users\ranjo\OneDrive\Desktop\ARM-Model\project_assets\outputs\Parallel_Seeds\seed_013
[2026-06-23T13:23:26] Waypoint mode active: 3 waypoints, current_waypoint_index=0 at every episode reset
Using cpu device
Wrapping the env with a `Monitor` wrapper
Wrapping the env in a DummyVecEnv.
[HoldCurriculum] Initial hold requirement: 10 steps (ladder: [10, 15, 20], threshold: 60%)
----------------------------------
| rollout/           |           |
|    ep_len_mean     | 1e+03     |
|    ep_rew_mean     | -5.44e+03 |
| time/              |           |
|    episodes        | 4         |
|    fps             | 120       |
|    time_elapsed    | 33        |
|    total_timesteps | 4000      |
| train/             |           |
|    actor_loss      | 48.4      |
|    critic_loss     | 2.94      |
|    ent_coef        | 0.411     |
|    ent_coef_loss   | -5.58     |
|    learning_rate   | 0.0003    |
|    n_updates       | 2999      |
----------------------------------
----------------------------------
| rollout/           |           |
|    ep_len_mean     | 1e+03     |
|    ep_rew_mean     | -4.14e+03 |
| time/              |           |
|    episodes        | 8         |
|    fps             | 102       |
|    time_elapsed    | 77        |
|    total_timesteps | 8000      |
| train/             |           |
|    actor_loss      | 78.6      |
|    critic_loss     | 55.3      |
|    ent_coef        | 0.153     |
|    ent_coef_loss   | -4.2      |
|    learning_rate   | 0.0003    |
|    n_updates       | 6999      |
----------------------------------
----------------------------------
| rollout/           |           |
|    ep_len_mean     | 1e+03     |
|    ep_rew_mean     | -3.49e+03 |
| time/              |           |
|    episodes        | 12        |
|    fps             | 98        |
|    time_elapsed    | 121       |
|    total_timesteps | 12000     |
| train/             |           |
|    actor_loss      | 27.7      |
|    critic_loss     | 18.3      |
|    ent_coef        | 0.142     |
|    ent_coef_loss   | 1.83      |
|    learning_rate   | 0.0003    |
|    n_updates       | 10999     |
----------------------------------
----------------------------------
| rollout/           |           |
|    ep_len_mean     | 1e+03     |
|    ep_rew_mean     | -2.73e+03 |
| time/              |           |
|    episodes        | 16        |
|    fps             | 96        |
|    time_elapsed    | 165       |
|    total_timesteps | 16000     |
| train/             |           |
|    actor_loss      | -20.9     |
|    critic_loss     | 147       |
|    ent_coef        | 0.304     |
|    ent_coef_loss   | -0.336    |
|    learning_rate   | 0.0003    |
|    n_updates       | 14999     |
----------------------------------
----------------------------------
| rollout/           |           |
|    ep_len_mean     | 1e+03     |
|    ep_rew_mean     | -2.41e+03 |
| time/              |           |
|    episodes        | 20        |
|    fps             | 95        |
|    time_elapsed    | 209       |
|    total_timesteps | 20000     |
| train/             |           |
|    actor_loss      | -48.9     |
|    critic_loss     | 23.9      |
|    ent_coef        | 0.339     |
|    ent_coef_loss   | 0.143     |
|    learning_rate   | 0.0003    |
|    n_updates       | 18999     |
----------------------------------
----------------------------------
| rollout/           |           |
|    ep_len_mean     | 1e+03     |
|    ep_rew_mean     | -2.26e+03 |
| time/              |           |
|    episodes        | 24        |
|    fps             | 94        |
|    time_elapsed    | 253       |
|    total_timesteps | 24000     |
| train/             |           |
|    actor_loss      | -85.6     |
|    critic_loss     | 1.03e+03  |
|    ent_coef        | 0.381     |
|    ent_coef_loss   | -0.181    |
|    learning_rate   | 0.0003    |
|    n_updates       | 22999     |
----------------------------------
----------------------------------
| rollout/           |           |
|    ep_len_mean     | 1e+03     |
|    ep_rew_mean     | -2.33e+03 |
| time/              |           |
|    episodes        | 28        |
|    fps             | 94        |
|    time_elapsed    | 297       |
|    total_timesteps | 28000     |
| train/             |           |
|    actor_loss      | -96.8     |
|    critic_loss     | 14        |
|    ent_coef        | 0.402     |
|    ent_coef_loss   | -0.267    |
|    learning_rate   | 0.0003    |
|    n_updates       | 26999     |
----------------------------------
----------------------------------
| rollout/           |           |
|    ep_len_mean     | 1e+03     |
|    ep_rew_mean     | -2.15e+03 |
| time/              |           |
|    episodes        | 32        |
|    fps             | 93        |
|    time_elapsed    | 341       |
|    total_timesteps | 32000     |
| train/             |           |
|    actor_loss      | -140      |
|    critic_loss     | 15.7      |
|    ent_coef        | 0.424     |
|    ent_coef_loss   | 0.16      |
|    learning_rate   | 0.0003    |
|    n_updates       | 30999     |
----------------------------------
----------------------------------
| rollout/           |           |
|    ep_len_mean     | 1e+03     |
|    ep_rew_mean     | -2.03e+03 |
| time/              |           |
|    episodes        | 36        |
|    fps             | 93        |
|    time_elapsed    | 384       |
|    total_timesteps | 36000     |
| train/             |           |
|    actor_loss      | -196      |
|    critic_loss     | 21        |
|    ent_coef        | 0.367     |
|    ent_coef_loss   | -0.556    |
|    learning_rate   | 0.0003    |
|    n_updates       | 34999     |
----------------------------------
----------------------------------
| rollout/           |           |
|    ep_len_mean     | 1e+03     |
|    ep_rew_mean     | -1.87e+03 |
| time/              |           |
|    episodes        | 40        |
|    fps             | 93        |
|    time_elapsed    | 429       |
|    total_timesteps | 40000     |
| train/             |           |
|    actor_loss      | -203      |
|    critic_loss     | 9.33      |
|    ent_coef        | 0.325     |
|    ent_coef_loss   | 0.261     |
|    learning_rate   | 0.0003    |
|    n_updates       | 38999     |
----------------------------------
---------------------------------
| rollout/           |          |
|    ep_len_mean     | 1e+03    |
|    ep_rew_mean     | -1.8e+03 |
| time/              |          |
|    episodes        | 44       |
|    fps             | 92       |
|    time_elapsed    | 473      |
|    total_timesteps | 44000    |
| train/             |          |
|    actor_loss      | -184     |
|    critic_loss     | 6.68     |
|    ent_coef        | 0.248    |
|    ent_coef_loss   | -0.553   |
|    learning_rate   | 0.0003   |
|    n_updates       | 42999    |
---------------------------------
----------------------------------
| rollout/           |           |
|    ep_len_mean     | 1e+03     |
|    ep_rew_mean     | -1.63e+03 |
| time/              |           |
|    episodes        | 48        |
|    fps             | 92        |
|    time_elapsed    | 518       |
|    total_timesteps | 48000     |
| train/             |           |
|    actor_loss      | -201      |
|    critic_loss     | 5.21      |
|    ent_coef        | 0.263     |
|    ent_coef_loss   | 0.00602   |
|    learning_rate   | 0.0003    |
|    n_updates       | 46999     |
----------------------------------
----------------------------------
| rollout/           |           |
|    ep_len_mean     | 1e+03     |
|    ep_rew_mean     | -1.57e+03 |
| time/              |           |
|    episodes        | 52        |
|    fps             | 92        |
|    time_elapsed    | 563       |
|    total_timesteps | 52000     |
| train/             |           |
|    actor_loss      | -185      |
|    critic_loss     | 356       |
|    ent_coef        | 0.239     |
|    ent_coef_loss   | -0.312    |
|    learning_rate   | 0.0003    |
|    n_updates       | 50999     |
----------------------------------
----------------------------------
| rollout/           |           |
|    ep_len_mean     | 1e+03     |
|    ep_rew_mean     | -1.55e+03 |
| time/              |           |
|    episodes        | 56        |
|    fps             | 91        |
|    time_elapsed    | 608       |
|    total_timesteps | 56000     |
| train/             |           |
|    actor_loss      | -181      |
|    critic_loss     | 4.52      |
|    ent_coef        | 0.19      |
|    ent_coef_loss   | 0.371     |
|    learning_rate   | 0.0003    |
|    n_updates       | 54999     |
----------------------------------
----------------------------------
| rollout/           |           |
|    ep_len_mean     | 1e+03     |
|    ep_rew_mean     | -1.57e+03 |
| time/              |           |
|    episodes        | 60        |
|    fps             | 91        |
|    time_elapsed    | 653       |
|    total_timesteps | 60000     |
| train/             |           |
|    actor_loss      | -154      |
|    critic_loss     | 6.42      |
|    ent_coef        | 0.172     |
|    ent_coef_loss   | 1.13      |
|    learning_rate   | 0.0003    |
|    n_updates       | 58999     |
----------------------------------
----------------------------------
| rollout/           |           |
|    ep_len_mean     | 1e+03     |
|    ep_rew_mean     | -1.55e+03 |
| time/              |           |
|    episodes        | 64        |
|    fps             | 91        |
|    time_elapsed    | 698       |
|    total_timesteps | 64000     |
| train/             |           |
|    actor_loss      | -143      |
|    critic_loss     | 5.41      |
|    ent_coef        | 0.168     |
|    ent_coef_loss   | -0.976    |
|    learning_rate   | 0.0003    |
|    n_updates       | 62999     |
----------------------------------
---------------------------------
| rollout/           |          |
|    ep_len_mean     | 1e+03    |
|    ep_rew_mean     | -1.5e+03 |
| time/              |          |
|    episodes        | 68       |
|    fps             | 91       |
|    time_elapsed    | 744      |
|    total_timesteps | 68000    |
| train/             |          |
|    actor_loss      | -126     |
|    critic_loss     | 8.72     |
|    ent_coef        | 0.139    |
|    ent_coef_loss   | 0.617    |
|    learning_rate   | 0.0003   |
|    n_updates       | 66999    |
---------------------------------
----------------------------------
| rollout/           |           |
|    ep_len_mean     | 1e+03     |
|    ep_rew_mean     | -1.39e+03 |
| time/              |           |
|    episodes        | 72        |
|    fps             | 91        |
|    time_elapsed    | 790       |
|    total_timesteps | 72000     |
| train/             |           |
|    actor_loss      | -102      |
|    critic_loss     | 2.17      |
|    ent_coef        | 0.142     |
|    ent_coef_loss   | 0.0446    |
|    learning_rate   | 0.0003    |
|    n_updates       | 70999     |
----------------------------------
---------------------------------
| rollout/           |          |
|    ep_len_mean     | 1e+03    |
|    ep_rew_mean     | -1.3e+03 |
| time/              |          |
|    episodes        | 76       |
|    fps             | 90       |
|    time_elapsed    | 837      |
|    total_timesteps | 76000    |
| train/             |          |
|    actor_loss      | -95.7    |
|    critic_loss     | 7.99     |
|    ent_coef        | 0.127    |
|    ent_coef_loss   | 0.577    |
|    learning_rate   | 0.0003   |
|    n_updates       | 74999    |
---------------------------------
----------------------------------
| rollout/           |           |
|    ep_len_mean     | 1e+03     |
|    ep_rew_mean     | -1.23e+03 |
| time/              |           |
|    episodes        | 80        |
|    fps             | 90        |
|    time_elapsed    | 883       |
|    total_timesteps | 80000     |
| train/             |           |
|    actor_loss      | -85.6     |
|    critic_loss     | 37.7      |
|    ent_coef        | 0.154     |
|    ent_coef_loss   | 0.239     |
|    learning_rate   | 0.0003    |
|    n_updates       | 78999     |
----------------------------------
----------------------------------
| rollout/           |           |
|    ep_len_mean     | 1e+03     |
|    ep_rew_mean     | -1.17e+03 |
| time/              |           |
|    episodes        | 84        |
|    fps             | 90        |
|    time_elapsed    | 929       |
|    total_timesteps | 84000     |
| train/             |           |
|    actor_loss      | -103      |
|    critic_loss     | 4.57      |
|    ent_coef        | 0.154     |
|    ent_coef_loss   | 0.204     |
|    learning_rate   | 0.0003    |
|    n_updates       | 82999     |
----------------------------------
---------------------------------
| rollout/           |          |
|    ep_len_mean     | 1e+03    |
|    ep_rew_mean     | -1.1e+03 |
| time/              |          |
|    episodes        | 88       |
|    fps             | 90       |
|    time_elapsed    | 975      |
|    total_timesteps | 88000    |
| train/             |          |
|    actor_loss      | -111     |
|    critic_loss     | 4.1      |
|    ent_coef        | 0.146    |
|    ent_coef_loss   | 0.0457   |
|    learning_rate   | 0.0003   |
|    n_updates       | 86999    |
---------------------------------
----------------------------------
| rollout/           |           |
|    ep_len_mean     | 1e+03     |
|    ep_rew_mean     | -1.04e+03 |
| time/              |           |
|    episodes        | 92        |
|    fps             | 90        |
|    time_elapsed    | 1020      |
|    total_timesteps | 92000     |
| train/             |           |
|    actor_loss      | -105      |
|    critic_loss     | 1.04e+03  |
|    ent_coef        | 0.142     |
|    ent_coef_loss   | -0.579    |
|    learning_rate   | 0.0003    |
|    n_updates       | 90999     |
----------------------------------
---------------------------------
| rollout/           |          |
|    ep_len_mean     | 1e+03    |
|    ep_rew_mean     | -982     |
| time/              |          |
|    episodes        | 96       |
|    fps             | 90       |
|    time_elapsed    | 1066     |
|    total_timesteps | 96000    |
| train/             |          |
|    actor_loss      | -129     |
|    critic_loss     | 3.15     |
|    ent_coef        | 0.175    |
|    ent_coef_loss   | 1.04     |
|    learning_rate   | 0.0003   |
|    n_updates       | 94999    |
---------------------------------
---------------------------------
| rollout/           |          |
|    ep_len_mean     | 999      |
|    ep_rew_mean     | -964     |
| time/              |          |
|    episodes        | 100      |
|    fps             | 89       |
|    time_elapsed    | 1111     |
|    total_timesteps | 99913    |
| train/             |          |
|    actor_loss      | -120     |
|    critic_loss     | 1.12e+03 |
|    ent_coef        | 0.13     |
|    ent_coef_loss   | -0.247   |
|    learning_rate   | 0.0003   |
|    n_updates       | 98912    |
---------------------------------
---------------------------------
| rollout/           |          |
|    ep_len_mean     | 999      |
|    ep_rew_mean     | -770     |
| time/              |          |
|    episodes        | 104      |
|    fps             | 89       |
|    time_elapsed    | 1157     |
|    total_timesteps | 103913   |
| train/             |          |
|    actor_loss      | -132     |
|    critic_loss     | 6.76     |
|    ent_coef        | 0.139    |
|    ent_coef_loss   | 0.0834   |
|    learning_rate   | 0.0003   |
|    n_updates       | 102912   |
---------------------------------
---------------------------------
| rollout/           |          |
|    ep_len_mean     | 999      |
|    ep_rew_mean     | -779     |
| time/              |          |
|    episodes        | 108      |
|    fps             | 89       |
|    time_elapsed    | 1203     |
|    total_timesteps | 107913   |
| train/             |          |
|    actor_loss      | -135     |
|    critic_loss     | 90.9     |
|    ent_coef        | 0.168    |
|    ent_coef_loss   | 0.183    |
|    learning_rate   | 0.0003   |
|    n_updates       | 106912   |
---------------------------------
---------------------------------
| rollout/           |          |
|    ep_len_mean     | 999      |
|    ep_rew_mean     | -773     |
| time/              |          |
|    episodes        | 112      |
|    fps             | 89       |
|    time_elapsed    | 1248     |
|    total_timesteps | 111913   |
| train/             |          |
|    actor_loss      | -119     |
|    critic_loss     | 53.7     |
|    ent_coef        | 0.164    |
|    ent_coef_loss   | -0.252   |
|    learning_rate   | 0.0003   |
|    n_updates       | 110912   |
---------------------------------
---------------------------------
| rollout/           |          |
|    ep_len_mean     | 999      |
|    ep_rew_mean     | -804     |
| time/              |          |
|    episodes        | 116      |
|    fps             | 89       |
|    time_elapsed    | 1295     |
|    total_timesteps | 115913   |
| train/             |          |
|    actor_loss      | -104     |
|    critic_loss     | 5.39     |
|    ent_coef        | 0.127    |
|    ent_coef_loss   | -1.03    |
|    learning_rate   | 0.0003   |
|    n_updates       | 114912   |
---------------------------------
---------------------------------
| rollout/           |          |
|    ep_len_mean     | 999      |
|    ep_rew_mean     | -749     |
| time/              |          |
|    episodes        | 120      |
|    fps             | 89       |
|    time_elapsed    | 1341     |
|    total_timesteps | 119913   |
| train/             |          |
|    actor_loss      | -88.7    |
|    critic_loss     | 3.32     |
|    ent_coef        | 0.138    |
|    ent_coef_loss   | -0.471   |
|    learning_rate   | 0.0003   |
|    n_updates       | 118912   |
---------------------------------
---------------------------------
| rollout/           |          |
|    ep_len_mean     | 999      |
|    ep_rew_mean     | -697     |
| time/              |          |
|    episodes        | 124      |
|    fps             | 89       |
|    time_elapsed    | 1386     |
|    total_timesteps | 123913   |
| train/             |          |
|    actor_loss      | -84.4    |
|    critic_loss     | 2.89     |
|    ent_coef        | 0.118    |
|    ent_coef_loss   | -0.327   |
|    learning_rate   | 0.0003   |
|    n_updates       | 122912   |
---------------------------------
---------------------------------
| rollout/           |          |
|    ep_len_mean     | 999      |
|    ep_rew_mean     | -588     |
| time/              |          |
|    episodes        | 128      |
|    fps             | 89       |
|    time_elapsed    | 1431     |
|    total_timesteps | 127913   |
| train/             |          |
|    actor_loss      | -100     |
|    critic_loss     | 5.76     |
|    ent_coef        | 0.143    |
|    ent_coef_loss   | 0.549    |
|    learning_rate   | 0.0003   |
|    n_updates       | 126912   |
---------------------------------
---------------------------------
| rollout/           |          |
|    ep_len_mean     | 999      |
|    ep_rew_mean     | -529     |
| time/              |          |
|    episodes        | 132      |
|    fps             | 89       |
|    time_elapsed    | 1478     |
|    total_timesteps | 131913   |
| train/             |          |
|    actor_loss      | -96.2    |
|    critic_loss     | 7.13     |
|    ent_coef        | 0.133    |
|    ent_coef_loss   | -0.521   |
|    learning_rate   | 0.0003   |
|    n_updates       | 130912   |
---------------------------------
---------------------------------
| rollout/           |          |
|    ep_len_mean     | 999      |
|    ep_rew_mean     | -461     |
| time/              |          |
|    episodes        | 136      |
|    fps             | 89       |
|    time_elapsed    | 1523     |
|    total_timesteps | 135913   |
| train/             |          |
|    actor_loss      | -79.6    |
|    critic_loss     | 3.57     |
|    ent_coef        | 0.134    |
|    ent_coef_loss   | 0.471    |
|    learning_rate   | 0.0003   |
|    n_updates       | 134912   |
---------------------------------
---------------------------------
| rollout/           |          |
|    ep_len_mean     | 999      |
|    ep_rew_mean     | -416     |
| time/              |          |
|    episodes        | 140      |
|    fps             | 89       |
|    time_elapsed    | 1569     |
|    total_timesteps | 139913   |
| train/             |          |
|    actor_loss      | -88.9    |
|    critic_loss     | 4.87     |
|    ent_coef        | 0.14     |
|    ent_coef_loss   | 0.354    |
|    learning_rate   | 0.0003   |
|    n_updates       | 138912   |
---------------------------------
---------------------------------
| rollout/           |          |
|    ep_len_mean     | 999      |
|    ep_rew_mean     | -347     |
| time/              |          |
|    episodes        | 144      |
|    fps             | 89       |
|    time_elapsed    | 1616     |
|    total_timesteps | 143913   |
| train/             |          |
|    actor_loss      | -93.6    |
|    critic_loss     | 4.72     |
|    ent_coef        | 0.12     |
|    ent_coef_loss   | -1.53    |
|    learning_rate   | 0.0003   |
|    n_updates       | 142912   |
---------------------------------
---------------------------------
| rollout/           |          |
|    ep_len_mean     | 999      |
|    ep_rew_mean     | -345     |
| time/              |          |
|    episodes        | 148      |
|    fps             | 88       |
|    time_elapsed    | 1662     |
|    total_timesteps | 147913   |
| train/             |          |
|    actor_loss      | -98.3    |
|    critic_loss     | 2.69     |
|    ent_coef        | 0.127    |
|    ent_coef_loss   | -0.0119  |
|    learning_rate   | 0.0003   |
|    n_updates       | 146912   |
---------------------------------
---------------------------------
| rollout/           |          |
|    ep_len_mean     | 999      |
|    ep_rew_mean     | -296     |
| time/              |          |
|    episodes        | 152      |
|    fps             | 88       |
|    time_elapsed    | 1708     |
|    total_timesteps | 151913   |
| train/             |          |
|    actor_loss      | -111     |
|    critic_loss     | 2.68     |
|    ent_coef        | 0.1      |
|    ent_coef_loss   | -1.28    |
|    learning_rate   | 0.0003   |
|    n_updates       | 150912   |
---------------------------------
---------------------------------
| rollout/           |          |
|    ep_len_mean     | 999      |
|    ep_rew_mean     | -237     |
| time/              |          |
|    episodes        | 156      |
|    fps             | 88       |
|    time_elapsed    | 1754     |
|    total_timesteps | 155913   |
| train/             |          |
|    actor_loss      | -104     |
|    critic_loss     | 5.58     |
|    ent_coef        | 0.0863   |
|    ent_coef_loss   | -0.726   |
|    learning_rate   | 0.0003   |
|    n_updates       | 154912   |
---------------------------------
---------------------------------
| rollout/           |          |
|    ep_len_mean     | 999      |
|    ep_rew_mean     | -152     |
| time/              |          |
|    episodes        | 160      |
|    fps             | 88       |
|    time_elapsed    | 1800     |
|    total_timesteps | 159913   |
| train/             |          |
|    actor_loss      | -121     |
|    critic_loss     | 4.13     |
|    ent_coef        | 0.0815   |
|    ent_coef_loss   | 0.554    |
|    learning_rate   | 0.0003   |
|    n_updates       | 158912   |
---------------------------------
----------------------------------
| rollout/           |           |
|    ep_len_mean     | 999       |
|    ep_rew_mean     | -158      |
| time/              |           |
|    episodes        | 164       |
|    fps             | 88        |
|    time_elapsed    | 1846      |
|    total_timesteps | 163913    |
| train/             |           |
|    actor_loss      | -111      |
|    critic_loss     | 3.08      |
|    ent_coef        | 0.0973    |
|    ent_coef_loss   | -0.000567 |
|    learning_rate   | 0.0003    |
|    n_updates       | 162912    |
----------------------------------
---------------------------------
| rollout/           |          |
|    ep_len_mean     | 999      |
|    ep_rew_mean     | -166     |
| time/              |          |
|    episodes        | 168      |
|    fps             | 88       |
|    time_elapsed    | 1892     |
|    total_timesteps | 167913   |
| train/             |          |
|    actor_loss      | -109     |
|    critic_loss     | 2.69     |
|    ent_coef        | 0.0956   |
|    ent_coef_loss   | 0.113    |
|    learning_rate   | 0.0003   |
|    n_updates       | 166912   |
---------------------------------
---------------------------------
| rollout/           |          |
|    ep_len_mean     | 999      |
|    ep_rew_mean     | -154     |
| time/              |          |
|    episodes        | 172      |
|    fps             | 88       |
|    time_elapsed    | 1938     |
|    total_timesteps | 171913   |
| train/             |          |
|    actor_loss      | -114     |
|    critic_loss     | 3.66     |
|    ent_coef        | 0.0853   |
|    ent_coef_loss   | -0.696   |
|    learning_rate   | 0.0003   |
|    n_updates       | 170912   |
---------------------------------
---------------------------------
| rollout/           |          |
|    ep_len_mean     | 999      |
|    ep_rew_mean     | -146     |
| time/              |          |
|    episodes        | 176      |
|    fps             | 88       |
|    time_elapsed    | 1985     |
|    total_timesteps | 175913   |
| train/             |          |
|    actor_loss      | -109     |
|    critic_loss     | 4.62     |
|    ent_coef        | 0.0711   |
|    ent_coef_loss   | 0.17     |
|    learning_rate   | 0.0003   |
|    n_updates       | 174912   |
---------------------------------
---------------------------------
| rollout/           |          |
|    ep_len_mean     | 999      |
|    ep_rew_mean     | -121     |
| time/              |          |
|    episodes        | 180      |
|    fps             | 88       |
|    time_elapsed    | 2031     |
|    total_timesteps | 179913   |
| train/             |          |
|    actor_loss      | -104     |
|    critic_loss     | 3.74     |
|    ent_coef        | 0.0947   |
|    ent_coef_loss   | 0.191    |
|    learning_rate   | 0.0003   |
|    n_updates       | 178912   |
---------------------------------
---------------------------------
| rollout/           |          |
|    ep_len_mean     | 999      |
|    ep_rew_mean     | -145     |
| time/              |          |
|    episodes        | 184      |
|    fps             | 88       |
|    time_elapsed    | 2078     |
|    total_timesteps | 183913   |
| train/             |          |
|    actor_loss      | -118     |
|    critic_loss     | 3.31     |
|    ent_coef        | 0.093    |
|    ent_coef_loss   | -0.841   |
|    learning_rate   | 0.0003   |
|    n_updates       | 182912   |
---------------------------------
---------------------------------
| rollout/           |          |
|    ep_len_mean     | 999      |
|    ep_rew_mean     | -207     |
| time/              |          |
|    episodes        | 188      |
|    fps             | 88       |
|    time_elapsed    | 2124     |
|    total_timesteps | 187913   |
| train/             |          |
|    actor_loss      | -120     |
|    critic_loss     | 3.75     |
|    ent_coef        | 0.132    |
|    ent_coef_loss   | 1.32     |
|    learning_rate   | 0.0003   |
|    n_updates       | 186912   |
---------------------------------
---------------------------------
| rollout/           |          |
|    ep_len_mean     | 999      |
|    ep_rew_mean     | -280     |
| time/              |          |
|    episodes        | 192      |
|    fps             | 88       |
|    time_elapsed    | 2171     |
|    total_timesteps | 191913   |
| train/             |          |
|    actor_loss      | -126     |
|    critic_loss     | 6.12     |
|    ent_coef        | 0.107    |
|    ent_coef_loss   | -0.164   |
|    learning_rate   | 0.0003   |
|    n_updates       | 190912   |
---------------------------------
---------------------------------
| rollout/           |          |
|    ep_len_mean     | 999      |
|    ep_rew_mean     | -343     |
| time/              |          |
|    episodes        | 196      |
|    fps             | 88       |
|    time_elapsed    | 2218     |
|    total_timesteps | 195913   |
| train/             |          |
|    actor_loss      | -121     |
|    critic_loss     | 1.96     |
|    ent_coef        | 0.0815   |
|    ent_coef_loss   | -0.296   |
|    learning_rate   | 0.0003   |
|    n_updates       | 194912   |
---------------------------------
---------------------------------
| rollout/           |          |
|    ep_len_mean     | 1e+03    |
|    ep_rew_mean     | -313     |
| time/              |          |
|    episodes        | 200      |
|    fps             | 88       |
|    time_elapsed    | 2264     |
|    total_timesteps | 199913   |
| train/             |          |
|    actor_loss      | -117     |
|    critic_loss     | 2.72     |
|    ent_coef        | 0.0831   |
|    ent_coef_loss   | 0.0752   |
|    learning_rate   | 0.0003   |
|    n_updates       | 198912   |
---------------------------------
---------------------------------
| rollout/           |          |
|    ep_len_mean     | 1e+03    |
|    ep_rew_mean     | -263     |
| time/              |          |
|    episodes        | 204      |
|    fps             | 88       |
|    time_elapsed    | 2311     |
|    total_timesteps | 203913   |
| train/             |          |
|    actor_loss      | -106     |
|    critic_loss     | 8.26     |
|    ent_coef        | 0.0794   |
|    ent_coef_loss   | -1.56    |
|    learning_rate   | 0.0003   |
|    n_updates       | 202912   |
---------------------------------
---------------------------------
| rollout/           |          |
|    ep_len_mean     | 1e+03    |
|    ep_rew_mean     | -117     |
| time/              |          |
|    episodes        | 208      |
|    fps             | 88       |
|    time_elapsed    | 2358     |
|    total_timesteps | 207913   |
| train/             |          |
|    actor_loss      | -116     |
|    critic_loss     | 1.74     |
|    ent_coef        | 0.0697   |
|    ent_coef_loss   | 0.487    |
|    learning_rate   | 0.0003   |
|    n_updates       | 206912   |
---------------------------------
---------------------------------
| rollout/           |          |
|    ep_len_mean     | 1e+03    |
|    ep_rew_mean     | -15.6    |
| time/              |          |
|    episodes        | 212      |
|    fps             | 88       |
|    time_elapsed    | 2405     |
|    total_timesteps | 211913   |
| train/             |          |
|    actor_loss      | -119     |
|    critic_loss     | 3.42     |
|    ent_coef        | 0.0557   |
|    ent_coef_loss   | -0.375   |
|    learning_rate   | 0.0003   |
|    n_updates       | 210912   |
---------------------------------
---------------------------------
| rollout/           |          |
|    ep_len_mean     | 1e+03    |
|    ep_rew_mean     | 49.9     |
| time/              |          |
|    episodes        | 216      |
|    fps             | 88       |
|    time_elapsed    | 2451     |
|    total_timesteps | 215913   |
| train/             |          |
|    actor_loss      | -125     |
|    critic_loss     | 5.94     |
|    ent_coef        | 0.062    |
|    ent_coef_loss   | -0.249   |
|    learning_rate   | 0.0003   |
|    n_updates       | 214912   |
---------------------------------
---------------------------------
| rollout/           |          |
|    ep_len_mean     | 1e+03    |
|    ep_rew_mean     | 61.9     |
| time/              |          |
|    episodes        | 220      |
|    fps             | 88       |
|    time_elapsed    | 2498     |
|    total_timesteps | 219913   |
| train/             |          |
|    actor_loss      | -110     |
|    critic_loss     | 2.05     |
|    ent_coef        | 0.0532   |
|    ent_coef_loss   | 1.53     |
|    learning_rate   | 0.0003   |
|    n_updates       | 218912   |
---------------------------------
---------------------------------
| rollout/           |          |
|    ep_len_mean     | 1e+03    |
|    ep_rew_mean     | 68       |
| time/              |          |
|    episodes        | 224      |
|    fps             | 87       |
|    time_elapsed    | 2546     |
|    total_timesteps | 223913   |
| train/             |          |
|    actor_loss      | -127     |
|    critic_loss     | 106      |
|    ent_coef        | 0.0576   |
|    ent_coef_loss   | 0.816    |
|    learning_rate   | 0.0003   |
|    n_updates       | 222912   |
---------------------------------
---------------------------------
| rollout/           |          |
|    ep_len_mean     | 1e+03    |
|    ep_rew_mean     | 71.7     |
| time/              |          |
|    episodes        | 228      |
|    fps             | 87       |
|    time_elapsed    | 2593     |
|    total_timesteps | 227913   |
| train/             |          |
|    actor_loss      | -120     |
|    critic_loss     | 4.42     |
|    ent_coef        | 0.0402   |
|    ent_coef_loss   | -0.137   |
|    learning_rate   | 0.0003   |
|    n_updates       | 226912   |
---------------------------------
---------------------------------
| rollout/           |          |
|    ep_len_mean     | 1e+03    |
|    ep_rew_mean     | 76.8     |
| time/              |          |
|    episodes        | 232      |
|    fps             | 87       |
|    time_elapsed    | 2639     |
|    total_timesteps | 231913   |
| train/             |          |
|    actor_loss      | -121     |
|    critic_loss     | 1.58     |
|    ent_coef        | 0.0484   |
|    ent_coef_loss   | -1.07    |
|    learning_rate   | 0.0003   |
|    n_updates       | 230912   |
---------------------------------
---------------------------------
| rollout/           |          |
|    ep_len_mean     | 1e+03    |
|    ep_rew_mean     | 82.4     |
| time/              |          |
|    episodes        | 236      |
|    fps             | 87       |
|    time_elapsed    | 2686     |
|    total_timesteps | 235913   |
| train/             |          |
|    actor_loss      | -122     |
|    critic_loss     | 3.91     |
|    ent_coef        | 0.0414   |
|    ent_coef_loss   | 1.29     |
|    learning_rate   | 0.0003   |
|    n_updates       | 234912   |
---------------------------------
---------------------------------
| rollout/           |          |
|    ep_len_mean     | 1e+03    |
|    ep_rew_mean     | 87.5     |
| time/              |          |
|    episodes        | 240      |
|    fps             | 87       |
|    time_elapsed    | 2733     |
|    total_timesteps | 239913   |
| train/             |          |
|    actor_loss      | -135     |
|    critic_loss     | 2.63     |
|    ent_coef        | 0.0446   |
|    ent_coef_loss   | 1.18     |
|    learning_rate   | 0.0003   |
|    n_updates       | 238912   |
---------------------------------
---------------------------------
| rollout/           |          |
|    ep_len_mean     | 1e+03    |
|    ep_rew_mean     | 94.7     |
| time/              |          |
|    episodes        | 244      |
|    fps             | 87       |
|    time_elapsed    | 2781     |
|    total_timesteps | 243913   |
| train/             |          |
|    actor_loss      | -137     |
|    critic_loss     | 52.5     |
|    ent_coef        | 0.0486   |
|    ent_coef_loss   | 1.11     |
|    learning_rate   | 0.0003   |
|    n_updates       | 242912   |
---------------------------------
---------------------------------
| rollout/           |          |
|    ep_len_mean     | 1e+03    |
|    ep_rew_mean     | 114      |
| time/              |          |
|    episodes        | 248      |
|    fps             | 87       |
|    time_elapsed    | 2828     |
|    total_timesteps | 247913   |
| train/             |          |
|    actor_loss      | -132     |
|    critic_loss     | 1.45     |
|    ent_coef        | 0.0507   |
|    ent_coef_loss   | 0.142    |
|    learning_rate   | 0.0003   |
|    n_updates       | 246912   |
---------------------------------
---------------------------------
| rollout/           |          |
|    ep_len_mean     | 1e+03    |
|    ep_rew_mean     | 133      |
| time/              |          |
|    episodes        | 252      |
|    fps             | 87       |
|    time_elapsed    | 2875     |
|    total_timesteps | 251913   |
| train/             |          |
|    actor_loss      | -145     |
|    critic_loss     | 5.31     |
|    ent_coef        | 0.0596   |
|    ent_coef_loss   | -1.31    |
|    learning_rate   | 0.0003   |
|    n_updates       | 250912   |
---------------------------------
---------------------------------
| rollout/           |          |
|    ep_len_mean     | 1e+03    |
|    ep_rew_mean     | 154      |
| time/              |          |
|    episodes        | 256      |
|    fps             | 87       |
|    time_elapsed    | 2922     |
|    total_timesteps | 255913   |
| train/             |          |
|    actor_loss      | -141     |
|    critic_loss     | 4.38     |
|    ent_coef        | 0.0504   |
|    ent_coef_loss   | -0.849   |
|    learning_rate   | 0.0003   |
|    n_updates       | 254912   |
---------------------------------
---------------------------------
| rollout/           |          |
|    ep_len_mean     | 1e+03    |
|    ep_rew_mean     | 178      |
| time/              |          |
|    episodes        | 260      |
|    fps             | 87       |
|    time_elapsed    | 2969     |
|    total_timesteps | 259913   |
| train/             |          |
|    actor_loss      | -160     |
|    critic_loss     | 5.14     |
|    ent_coef        | 0.0413   |
|    ent_coef_loss   | 0.534    |
|    learning_rate   | 0.0003   |
|    n_updates       | 258912   |
---------------------------------
---------------------------------
| rollout/           |          |
|    ep_len_mean     | 1e+03    |
|    ep_rew_mean     | 242      |
| time/              |          |
|    episodes        | 264      |
|    fps             | 87       |
|    time_elapsed    | 3016     |
|    total_timesteps | 263913   |
| train/             |          |
|    actor_loss      | -157     |
|    critic_loss     | 4.17     |
|    ent_coef        | 0.0488   |
|    ent_coef_loss   | 0.52     |
|    learning_rate   | 0.0003   |
|    n_updates       | 262912   |
---------------------------------
---------------------------------
| rollout/           |          |
|    ep_len_mean     | 1e+03    |
|    ep_rew_mean     | 309      |
| time/              |          |
|    episodes        | 268      |
|    fps             | 87       |
|    time_elapsed    | 3064     |
|    total_timesteps | 267913   |
| train/             |          |
|    actor_loss      | -130     |
|    critic_loss     | 2.24     |
|    ent_coef        | 0.0399   |
|    ent_coef_loss   | 0.752    |
|    learning_rate   | 0.0003   |
|    n_updates       | 266912   |
---------------------------------
---------------------------------
| rollout/           |          |
|    ep_len_mean     | 1e+03    |
|    ep_rew_mean     | 247      |
| time/              |          |
|    episodes        | 272      |
|    fps             | 87       |
|    time_elapsed    | 3112     |
|    total_timesteps | 271913   |
| train/             |          |
|    actor_loss      | -174     |
|    critic_loss     | 2.96     |
|    ent_coef        | 0.0411   |
|    ent_coef_loss   | 0.0834   |
|    learning_rate   | 0.0003   |
|    n_updates       | 270912   |
---------------------------------
---------------------------------
| rollout/           |          |
|    ep_len_mean     | 1e+03    |
|    ep_rew_mean     | 235      |
| time/              |          |
|    episodes        | 276      |
|    fps             | 87       |
|    time_elapsed    | 3159     |
|    total_timesteps | 275913   |
| train/             |          |
|    actor_loss      | -177     |
|    critic_loss     | 8.74     |
|    ent_coef        | 0.0312   |
|    ent_coef_loss   | -0.636   |
|    learning_rate   | 0.0003   |
|    n_updates       | 274912   |
---------------------------------
---------------------------------
| rollout/           |          |
|    ep_len_mean     | 1e+03    |
|    ep_rew_mean     | 227      |
| time/              |          |
|    episodes        | 280      |
|    fps             | 87       |
|    time_elapsed    | 3205     |
|    total_timesteps | 279913   |
| train/             |          |
|    actor_loss      | -164     |
|    critic_loss     | 2.24     |
|    ent_coef        | 0.0355   |
|    ent_coef_loss   | 1.18     |
|    learning_rate   | 0.0003   |
|    n_updates       | 278912   |
---------------------------------
---------------------------------
| rollout/           |          |
|    ep_len_mean     | 1e+03    |
|    ep_rew_mean     | 283      |
| time/              |          |
|    episodes        | 284      |
|    fps             | 87       |
|    time_elapsed    | 3254     |
|    total_timesteps | 283913   |
| train/             |          |
|    actor_loss      | -172     |
|    critic_loss     | 3.07     |
|    ent_coef        | 0.0377   |
|    ent_coef_loss   | 0.731    |
|    learning_rate   | 0.0003   |
|    n_updates       | 282912   |
---------------------------------
---------------------------------
| rollout/           |          |
|    ep_len_mean     | 1e+03    |
|    ep_rew_mean     | 365      |
| time/              |          |
|    episodes        | 288      |
|    fps             | 87       |
|    time_elapsed    | 3303     |
|    total_timesteps | 287913   |
| train/             |          |
|    actor_loss      | -159     |
|    critic_loss     | 3.73     |
|    ent_coef        | 0.0468   |
|    ent_coef_loss   | -0.64    |
|    learning_rate   | 0.0003   |
|    n_updates       | 286912   |
---------------------------------
---------------------------------
| rollout/           |          |
|    ep_len_mean     | 1e+03    |
|    ep_rew_mean     | 461      |
| time/              |          |
|    episodes        | 292      |
|    fps             | 87       |
|    time_elapsed    | 3353     |
|    total_timesteps | 291913   |
| train/             |          |
|    actor_loss      | -169     |
|    critic_loss     | 2.64     |
|    ent_coef        | 0.0412   |
|    ent_coef_loss   | 0.608    |
|    learning_rate   | 0.0003   |
|    n_updates       | 290912   |
---------------------------------
---------------------------------
| rollout/           |          |
|    ep_len_mean     | 1e+03    |
|    ep_rew_mean     | 534      |
| time/              |          |
|    episodes        | 296      |
|    fps             | 86       |
|    time_elapsed    | 3403     |
|    total_timesteps | 295913   |
| train/             |          |
|    actor_loss      | -146     |
|    critic_loss     | 1.55     |
|    ent_coef        | 0.0356   |
|    ent_coef_loss   | 0.605    |
|    learning_rate   | 0.0003   |
|    n_updates       | 294912   |
---------------------------------
---------------------------------
| rollout/           |          |
|    ep_len_mean     | 1e+03    |
|    ep_rew_mean     | 561      |
| time/              |          |
|    episodes        | 300      |
|    fps             | 86       |
|    time_elapsed    | 3452     |
|    total_timesteps | 299913   |
| train/             |          |
|    actor_loss      | -150     |
|    critic_loss     | 1.75     |
|    ent_coef        | 0.0306   |
|    ent_coef_loss   | 0.475    |
|    learning_rate   | 0.0003   |
|    n_updates       | 298912   |
---------------------------------
---------------------------------
| rollout/           |          |
|    ep_len_mean     | 1e+03    |
|    ep_rew_mean     | 570      |
| time/              |          |
|    episodes        | 304      |
|    fps             | 86       |
|    time_elapsed    | 3504     |
|    total_timesteps | 303913   |
| train/             |          |
|    actor_loss      | -142     |
|    critic_loss     | 1.45     |
|    ent_coef        | 0.0307   |
|    ent_coef_loss   | 0.658    |
|    learning_rate   | 0.0003   |
|    n_updates       | 302912   |
---------------------------------
---------------------------------
| rollout/           |          |
|    ep_len_mean     | 1e+03    |
|    ep_rew_mean     | 570      |
| time/              |          |
|    episodes        | 308      |
|    fps             | 86       |
|    time_elapsed    | 3555     |
|    total_timesteps | 307913   |
| train/             |          |
|    actor_loss      | -132     |
|    critic_loss     | 1.13     |
|    ent_coef        | 0.027    |
|    ent_coef_loss   | -0.68    |
|    learning_rate   | 0.0003   |
|    n_updates       | 306912   |
---------------------------------
---------------------------------
| rollout/           |          |
|    ep_len_mean     | 1e+03    |
|    ep_rew_mean     | 559      |
| time/              |          |
|    episodes        | 312      |
|    fps             | 86       |
|    time_elapsed    | 3606     |
|    total_timesteps | 311913   |
| train/             |          |
|    actor_loss      | -129     |
|    critic_loss     | 0.66     |
|    ent_coef        | 0.0232   |
|    ent_coef_loss   | -0.84    |
|    learning_rate   | 0.0003   |
|    n_updates       | 310912   |
---------------------------------
---------------------------------
| rollout/           |          |
|    ep_len_mean     | 1e+03    |
|    ep_rew_mean     | 577      |
| time/              |          |
|    episodes        | 316      |
|    fps             | 86       |
|    time_elapsed    | 3656     |
|    total_timesteps | 315913   |
| train/             |          |
|    actor_loss      | -123     |
|    critic_loss     | 0.491    |
|    ent_coef        | 0.0227   |
|    ent_coef_loss   | -0.28    |
|    learning_rate   | 0.0003   |
|    n_updates       | 314912   |
---------------------------------
---------------------------------
| rollout/           |          |
|    ep_len_mean     | 1e+03    |
|    ep_rew_mean     | 581      |
| time/              |          |
|    episodes        | 320      |
|    fps             | 86       |
|    time_elapsed    | 3707     |
|    total_timesteps | 319913   |
| train/             |          |
|    actor_loss      | -124     |
|    critic_loss     | 0.477    |
|    ent_coef        | 0.0212   |
|    ent_coef_loss   | -0.412   |
|    learning_rate   | 0.0003   |
|    n_updates       | 318912   |
---------------------------------
---------------------------------
| rollout/           |          |
|    ep_len_mean     | 1e+03    |
|    ep_rew_mean     | 601      |
| time/              |          |
|    episodes        | 324      |
|    fps             | 86       |
|    time_elapsed    | 3758     |
|    total_timesteps | 323913   |
| train/             |          |
|    actor_loss      | -119     |
|    critic_loss     | 0.704    |
|    ent_coef        | 0.0203   |
|    ent_coef_loss   | -1.14    |
|    learning_rate   | 0.0003   |
|    n_updates       | 322912   |
---------------------------------
---------------------------------
| rollout/           |          |
|    ep_len_mean     | 1e+03    |
|    ep_rew_mean     | 636      |
| time/              |          |
|    episodes        | 328      |
|    fps             | 86       |
|    time_elapsed    | 3810     |
|    total_timesteps | 327913   |
| train/             |          |
|    actor_loss      | -116     |
|    critic_loss     | 0.307    |
|    ent_coef        | 0.0242   |
|    ent_coef_loss   | 2.56     |
|    learning_rate   | 0.0003   |
|    n_updates       | 326912   |
---------------------------------
---------------------------------
| rollout/           |          |
|    ep_len_mean     | 1e+03    |
|    ep_rew_mean     | 643      |
| time/              |          |
|    episodes        | 332      |
|    fps             | 85       |
|    time_elapsed    | 3861     |
|    total_timesteps | 331913   |
| train/             |          |
|    actor_loss      | -120     |
|    critic_loss     | 0.58     |
|    ent_coef        | 0.0328   |
|    ent_coef_loss   | 9.81     |
|    learning_rate   | 0.0003   |
|    n_updates       | 330912   |
---------------------------------
---------------------------------
| rollout/           |          |
|    ep_len_mean     | 1e+03    |
|    ep_rew_mean     | 627      |
| time/              |          |
|    episodes        | 336      |
|    fps             | 85       |
|    time_elapsed    | 3912     |
|    total_timesteps | 335913   |
| train/             |          |
|    actor_loss      | -125     |
|    critic_loss     | 0.445    |
|    ent_coef        | 0.0254   |
|    ent_coef_loss   | -1.67    |
|    learning_rate   | 0.0003   |
|    n_updates       | 334912   |
---------------------------------
---------------------------------
| rollout/           |          |
|    ep_len_mean     | 1e+03    |
|    ep_rew_mean     | 620      |
| time/              |          |
|    episodes        | 340      |
|    fps             | 85       |
|    time_elapsed    | 3963     |
|    total_timesteps | 339913   |
| train/             |          |
|    actor_loss      | -125     |
|    critic_loss     | 0.435    |
|    ent_coef        | 0.0206   |
|    ent_coef_loss   | 2.82     |
|    learning_rate   | 0.0003   |
|    n_updates       | 338912   |
---------------------------------
---------------------------------
| rollout/           |          |
|    ep_len_mean     | 1e+03    |
|    ep_rew_mean     | 625      |
| time/              |          |
|    episodes        | 344      |
|    fps             | 85       |
|    time_elapsed    | 4014     |
|    total_timesteps | 343913   |
| train/             |          |
|    actor_loss      | -123     |
|    critic_loss     | 0.757    |
|    ent_coef        | 0.0203   |
|    ent_coef_loss   | 0.833    |
|    learning_rate   | 0.0003   |
|    n_updates       | 342912   |
---------------------------------
---------------------------------
| rollout/           |          |
|    ep_len_mean     | 1e+03    |
|    ep_rew_mean     | 609      |
| time/              |          |
|    episodes        | 348      |
|    fps             | 85       |
|    time_elapsed    | 4065     |
|    total_timesteps | 347913   |
| train/             |          |
|    actor_loss      | -123     |
|    critic_loss     | 0.316    |
|    ent_coef        | 0.0198   |
|    ent_coef_loss   | -0.969   |
|    learning_rate   | 0.0003   |
|    n_updates       | 346912   |
---------------------------------
---------------------------------
| rollout/           |          |
|    ep_len_mean     | 1e+03    |
|    ep_rew_mean     | 600      |
| time/              |          |
|    episodes        | 352      |
|    fps             | 85       |
|    time_elapsed    | 4117     |
|    total_timesteps | 351913   |
| train/             |          |
|    actor_loss      | -117     |
|    critic_loss     | 0.528    |
|    ent_coef        | 0.0235   |
|    ent_coef_loss   | 0.616    |
|    learning_rate   | 0.0003   |
|    n_updates       | 350912   |
---------------------------------
---------------------------------
| rollout/           |          |
|    ep_len_mean     | 1e+03    |
|    ep_rew_mean     | 590      |
| time/              |          |
|    episodes        | 356      |
|    fps             | 85       |
|    time_elapsed    | 4168     |
|    total_timesteps | 355913   |
| train/             |          |
|    actor_loss      | -121     |
|    critic_loss     | 0.673    |
|    ent_coef        | 0.0205   |
|    ent_coef_loss   | -0.903   |
|    learning_rate   | 0.0003   |
|    n_updates       | 354912   |
---------------------------------
---------------------------------
| rollout/           |          |
|    ep_len_mean     | 1e+03    |
|    ep_rew_mean     | 576      |
| time/              |          |
|    episodes        | 360      |
|    fps             | 85       |
|    time_elapsed    | 4220     |
|    total_timesteps | 359913   |
| train/             |          |
|    actor_loss      | -126     |
|    critic_loss     | 0.467    |
|    ent_coef        | 0.0196   |
|    ent_coef_loss   | -0.687   |
|    learning_rate   | 0.0003   |
|    n_updates       | 358912   |
---------------------------------
---------------------------------
| rollout/           |          |
|    ep_len_mean     | 1e+03    |
|    ep_rew_mean     | 592      |
| time/              |          |
|    episodes        | 364      |
|    fps             | 85       |
|    time_elapsed    | 4271     |
|    total_timesteps | 363913   |
| train/             |          |
|    actor_loss      | -113     |
|    critic_loss     | 0.836    |
|    ent_coef        | 0.0211   |
|    ent_coef_loss   | -1.44    |
|    learning_rate   | 0.0003   |
|    n_updates       | 362912   |
---------------------------------
---------------------------------
| rollout/           |          |
|    ep_len_mean     | 1e+03    |
|    ep_rew_mean     | 573      |
| time/              |          |
|    episodes        | 368      |
|    fps             | 85       |
|    time_elapsed    | 4323     |
|    total_timesteps | 367913   |
| train/             |          |
|    actor_loss      | -114     |
|    critic_loss     | 0.834    |
|    ent_coef        | 0.0269   |
|    ent_coef_loss   | 1.27     |
|    learning_rate   | 0.0003   |
|    n_updates       | 366912   |
---------------------------------
---------------------------------
| rollout/           |          |
|    ep_len_mean     | 1e+03    |
|    ep_rew_mean     | 635      |
| time/              |          |
|    episodes        | 372      |
|    fps             | 84       |
|    time_elapsed    | 4375     |
|    total_timesteps | 371913   |
| train/             |          |
|    actor_loss      | -118     |
|    critic_loss     | 0.324    |
|    ent_coef        | 0.0297   |
|    ent_coef_loss   | -3.04    |
|    learning_rate   | 0.0003   |
|    n_updates       | 370912   |
---------------------------------
---------------------------------
| rollout/           |          |
|    ep_len_mean     | 1e+03    |
|    ep_rew_mean     | 661      |
| time/              |          |
|    episodes        | 376      |
|    fps             | 84       |
|    time_elapsed    | 4428     |
|    total_timesteps | 375913   |
| train/             |          |
|    actor_loss      | -119     |
|    critic_loss     | 0.424    |
|    ent_coef        | 0.0225   |
|    ent_coef_loss   | -0.3     |
|    learning_rate   | 0.0003   |
|    n_updates       | 374912   |
---------------------------------
---------------------------------
| rollout/           |          |
|    ep_len_mean     | 1e+03    |
|    ep_rew_mean     | 675      |
| time/              |          |
|    episodes        | 380      |
|    fps             | 84       |
|    time_elapsed    | 4480     |
|    total_timesteps | 379913   |
| train/             |          |
|    actor_loss      | -127     |
|    critic_loss     | 0.476    |
|    ent_coef        | 0.0232   |
|    ent_coef_loss   | -1.7     |
|    learning_rate   | 0.0003   |
|    n_updates       | 378912   |
---------------------------------
---------------------------------
| rollout/           |          |
|    ep_len_mean     | 1e+03    |
|    ep_rew_mean     | 674      |
| time/              |          |
|    episodes        | 384      |
|    fps             | 84       |
|    time_elapsed    | 4533     |
|    total_timesteps | 383913   |
| train/             |          |
|    actor_loss      | -118     |
|    critic_loss     | 0.677    |
|    ent_coef        | 0.0232   |
|    ent_coef_loss   | -1.26    |
|    learning_rate   | 0.0003   |
|    n_updates       | 382912   |
---------------------------------
---------------------------------
| rollout/           |          |
|    ep_len_mean     | 1e+03    |
|    ep_rew_mean     | 673      |
| time/              |          |
|    episodes        | 388      |
|    fps             | 84       |
|    time_elapsed    | 4586     |
|    total_timesteps | 387913   |
| train/             |          |
|    actor_loss      | -120     |
|    critic_loss     | 0.499    |
|    ent_coef        | 0.0244   |
|    ent_coef_loss   | 1.35     |
|    learning_rate   | 0.0003   |
|    n_updates       | 386912   |
---------------------------------
---------------------------------
| rollout/           |          |
|    ep_len_mean     | 1e+03    |
|    ep_rew_mean     | 674      |
| time/              |          |
|    episodes        | 392      |
|    fps             | 84       |
|    time_elapsed    | 4639     |
|    total_timesteps | 391913   |
| train/             |          |
|    actor_loss      | -125     |
|    critic_loss     | 0.537    |
|    ent_coef        | 0.023    |
|    ent_coef_loss   | -0.42    |
|    learning_rate   | 0.0003   |
|    n_updates       | 390912   |
---------------------------------
---------------------------------
| rollout/           |          |
|    ep_len_mean     | 1e+03    |
|    ep_rew_mean     | 687      |
| time/              |          |
|    episodes        | 396      |
|    fps             | 84       |
|    time_elapsed    | 4692     |
|    total_timesteps | 395913   |
| train/             |          |
|    actor_loss      | -133     |
|    critic_loss     | 0.657    |
|    ent_coef        | 0.0214   |
|    ent_coef_loss   | 0.76     |
|    learning_rate   | 0.0003   |
|    n_updates       | 394912   |
---------------------------------
---------------------------------
| rollout/           |          |
|    ep_len_mean     | 1e+03    |
|    ep_rew_mean     | 655      |
| time/              |          |
|    episodes        | 400      |
|    fps             | 84       |
|    time_elapsed    | 4745     |
|    total_timesteps | 399913   |
| train/             |          |
|    actor_loss      | -125     |
|    critic_loss     | 1.05     |
|    ent_coef        | 0.0184   |
|    ent_coef_loss   | 1.56     |
|    learning_rate   | 0.0003   |
|    n_updates       | 398912   |
---------------------------------
---------------------------------
| rollout/           |          |
|    ep_len_mean     | 1e+03    |
|    ep_rew_mean     | 649      |
| time/              |          |
|    episodes        | 404      |
|    fps             | 84       |
|    time_elapsed    | 4798     |
|    total_timesteps | 403913   |
| train/             |          |
|    actor_loss      | -129     |
|    critic_loss     | 0.382    |
|    ent_coef        | 0.0191   |
|    ent_coef_loss   | 5.79     |
|    learning_rate   | 0.0003   |
|    n_updates       | 402912   |
---------------------------------
---------------------------------
| rollout/           |          |
|    ep_len_mean     | 1e+03    |
|    ep_rew_mean     | 612      |
| time/              |          |
|    episodes        | 408      |
|    fps             | 84       |
|    time_elapsed    | 4851     |
|    total_timesteps | 407913   |
| train/             |          |
|    actor_loss      | -123     |
|    critic_loss     | 0.418    |
|    ent_coef        | 0.0182   |
|    ent_coef_loss   | 0.761    |
|    learning_rate   | 0.0003   |
|    n_updates       | 406912   |
---------------------------------
---------------------------------
| rollout/           |          |
|    ep_len_mean     | 1e+03    |
|    ep_rew_mean     | 631      |
| time/              |          |
|    episodes        | 412      |
|    fps             | 83       |
|    time_elapsed    | 4905     |
|    total_timesteps | 411913   |
| train/             |          |
|    actor_loss      | -122     |
|    critic_loss     | 2.29     |
|    ent_coef        | 0.0185   |
|    ent_coef_loss   | -1.31    |
|    learning_rate   | 0.0003   |
|    n_updates       | 410912   |
---------------------------------
---------------------------------
| rollout/           |          |
|    ep_len_mean     | 1e+03    |
|    ep_rew_mean     | 600      |
| time/              |          |
|    episodes        | 416      |
|    fps             | 83       |
|    time_elapsed    | 4957     |
|    total_timesteps | 415913   |
| train/             |          |
|    actor_loss      | -124     |
|    critic_loss     | 1.17     |
|    ent_coef        | 0.0145   |
|    ent_coef_loss   | -2.06    |
|    learning_rate   | 0.0003   |
|    n_updates       | 414912   |
---------------------------------
---------------------------------
| rollout/           |          |
|    ep_len_mean     | 1e+03    |
|    ep_rew_mean     | 611      |
| time/              |          |
|    episodes        | 420      |
|    fps             | 83       |
|    time_elapsed    | 5010     |
|    total_timesteps | 419913   |
| train/             |          |
|    actor_loss      | -125     |
|    critic_loss     | 1.38     |
|    ent_coef        | 0.0149   |
|    ent_coef_loss   | -2.43    |
|    learning_rate   | 0.0003   |
|    n_updates       | 418912   |
---------------------------------
---------------------------------
| rollout/           |          |
|    ep_len_mean     | 1e+03    |
|    ep_rew_mean     | 627      |
| time/              |          |
|    episodes        | 424      |
|    fps             | 83       |
|    time_elapsed    | 5064     |
|    total_timesteps | 423913   |
| train/             |          |
|    actor_loss      | -125     |
|    critic_loss     | 4.83     |
|    ent_coef        | 0.02     |
|    ent_coef_loss   | -0.351   |
|    learning_rate   | 0.0003   |
|    n_updates       | 422912   |
---------------------------------
---------------------------------
| rollout/           |          |
|    ep_len_mean     | 1e+03    |
|    ep_rew_mean     | 615      |
| time/              |          |
|    episodes        | 428      |
|    fps             | 83       |
|    time_elapsed    | 5117     |
|    total_timesteps | 427913   |
| train/             |          |
|    actor_loss      | -129     |
|    critic_loss     | 0.716    |
|    ent_coef        | 0.0264   |
|    ent_coef_loss   | -0.879   |
|    learning_rate   | 0.0003   |
|    n_updates       | 426912   |
---------------------------------
---------------------------------
| rollout/           |          |
|    ep_len_mean     | 1e+03    |
|    ep_rew_mean     | 615      |
| time/              |          |
|    episodes        | 432      |
|    fps             | 83       |
|    time_elapsed    | 5171     |
|    total_timesteps | 431913   |
| train/             |          |
|    actor_loss      | -131     |
|    critic_loss     | 0.795    |
|    ent_coef        | 0.0198   |
|    ent_coef_loss   | 1.14     |
|    learning_rate   | 0.0003   |
|    n_updates       | 430912   |
---------------------------------
---------------------------------
| rollout/           |          |
|    ep_len_mean     | 1e+03    |
|    ep_rew_mean     | 607      |
| time/              |          |
|    episodes        | 436      |
|    fps             | 83       |
|    time_elapsed    | 5225     |
|    total_timesteps | 435913   |
| train/             |          |
|    actor_loss      | -138     |
|    critic_loss     | 0.484    |
|    ent_coef        | 0.0169   |
|    ent_coef_loss   | 2.57     |
|    learning_rate   | 0.0003   |
|    n_updates       | 434912   |
---------------------------------
---------------------------------
| rollout/           |          |
|    ep_len_mean     | 1e+03    |
|    ep_rew_mean     | 619      |
| time/              |          |
|    episodes        | 440      |
|    fps             | 83       |
|    time_elapsed    | 5279     |
|    total_timesteps | 439913   |
| train/             |          |
|    actor_loss      | -126     |
|    critic_loss     | 15.4     |
|    ent_coef        | 0.0153   |
|    ent_coef_loss   | -0.123   |
|    learning_rate   | 0.0003   |
|    n_updates       | 438912   |
---------------------------------
---------------------------------
| rollout/           |          |
|    ep_len_mean     | 1e+03    |
|    ep_rew_mean     | 595      |
| time/              |          |
|    episodes        | 444      |
|    fps             | 83       |
|    time_elapsed    | 5332     |
|    total_timesteps | 443913   |
| train/             |          |
|    actor_loss      | -137     |
|    critic_loss     | 0.633    |
|    ent_coef        | 0.0154   |
|    ent_coef_loss   | 2.84     |
|    learning_rate   | 0.0003   |
|    n_updates       | 442912   |
---------------------------------
---------------------------------
| rollout/           |          |
|    ep_len_mean     | 1e+03    |
|    ep_rew_mean     | 613      |
| time/              |          |
|    episodes        | 448      |
|    fps             | 83       |
|    time_elapsed    | 5386     |
|    total_timesteps | 447913   |
| train/             |          |
|    actor_loss      | -129     |
|    critic_loss     | 73.2     |
|    ent_coef        | 0.0224   |
|    ent_coef_loss   | 0.769    |
|    learning_rate   | 0.0003   |
|    n_updates       | 446912   |
---------------------------------
---------------------------------
| rollout/           |          |
|    ep_len_mean     | 1e+03    |
|    ep_rew_mean     | 625      |
| time/              |          |
|    episodes        | 452      |
|    fps             | 83       |
|    time_elapsed    | 5439     |
|    total_timesteps | 451913   |
| train/             |          |
|    actor_loss      | -128     |
|    critic_loss     | 0.795    |
|    ent_coef        | 0.0226   |
|    ent_coef_loss   | 1.09     |
|    learning_rate   | 0.0003   |
|    n_updates       | 450912   |
---------------------------------
---------------------------------
| rollout/           |          |
|    ep_len_mean     | 1e+03    |
|    ep_rew_mean     | 640      |
| time/              |          |
|    episodes        | 456      |
|    fps             | 82       |
|    time_elapsed    | 5494     |
|    total_timesteps | 455913   |
| train/             |          |
|    actor_loss      | -126     |
|    critic_loss     | 0.86     |
|    ent_coef        | 0.0207   |
|    ent_coef_loss   | -0.33    |
|    learning_rate   | 0.0003   |
|    n_updates       | 454912   |
---------------------------------
---------------------------------
| rollout/           |          |
|    ep_len_mean     | 1e+03    |
|    ep_rew_mean     | 657      |
| time/              |          |
|    episodes        | 460      |
|    fps             | 82       |
|    time_elapsed    | 5545     |
|    total_timesteps | 459913   |
| train/             |          |
|    actor_loss      | -137     |
|    critic_loss     | 1.03     |
|    ent_coef        | 0.0176   |
|    ent_coef_loss   | 1.43     |
|    learning_rate   | 0.0003   |
|    n_updates       | 458912   |
---------------------------------
---------------------------------
| rollout/           |          |
|    ep_len_mean     | 1e+03    |
|    ep_rew_mean     | 665      |
| time/              |          |
|    episodes        | 464      |
|    fps             | 82       |
|    time_elapsed    | 5594     |
|    total_timesteps | 463913   |
| train/             |          |
|    actor_loss      | -130     |
|    critic_loss     | 0.389    |
|    ent_coef        | 0.0188   |
|    ent_coef_loss   | -0.119   |
|    learning_rate   | 0.0003   |
|    n_updates       | 462912   |
---------------------------------
---------------------------------
| rollout/           |          |
|    ep_len_mean     | 1e+03    |
|    ep_rew_mean     | 687      |
| time/              |          |
|    episodes        | 468      |
|    fps             | 82       |
|    time_elapsed    | 5644     |
|    total_timesteps | 467913   |
| train/             |          |
|    actor_loss      | -132     |
|    critic_loss     | 0.311    |
|    ent_coef        | 0.0189   |
|    ent_coef_loss   | 2.82     |
|    learning_rate   | 0.0003   |
|    n_updates       | 466912   |
---------------------------------
---------------------------------
| rollout/           |          |
|    ep_len_mean     | 1e+03    |
|    ep_rew_mean     | 693      |
| time/              |          |
|    episodes        | 472      |
|    fps             | 82       |
|    time_elapsed    | 5692     |
|    total_timesteps | 471878   |
| train/             |          |
|    actor_loss      | -135     |
|    critic_loss     | 0.627    |
|    ent_coef        | 0.0142   |
|    ent_coef_loss   | -3.93    |
|    learning_rate   | 0.0003   |
|    n_updates       | 470877   |
---------------------------------
---------------------------------
| rollout/           |          |
|    ep_len_mean     | 1e+03    |
|    ep_rew_mean     | 671      |
| time/              |          |
|    episodes        | 476      |
|    fps             | 82       |
|    time_elapsed    | 5741     |
|    total_timesteps | 475878   |
| train/             |          |
|    actor_loss      | -133     |
|    critic_loss     | 0.91     |
|    ent_coef        | 0.0381   |
|    ent_coef_loss   | 7.38     |
|    learning_rate   | 0.0003   |
|    n_updates       | 474877   |
---------------------------------
---------------------------------
| rollout/           |          |
|    ep_len_mean     | 1e+03    |
|    ep_rew_mean     | 673      |
| time/              |          |
|    episodes        | 480      |
|    fps             | 82       |
|    time_elapsed    | 5790     |
|    total_timesteps | 479878   |
| train/             |          |
|    actor_loss      | -138     |
|    critic_loss     | 1.13     |
|    ent_coef        | 0.0184   |
|    ent_coef_loss   | -0.427   |
|    learning_rate   | 0.0003   |
|    n_updates       | 478877   |
---------------------------------
---------------------------------
| rollout/           |          |
|    ep_len_mean     | 1e+03    |
|    ep_rew_mean     | 676      |
| time/              |          |
|    episodes        | 484      |
|    fps             | 82       |
|    time_elapsed    | 5838     |
|    total_timesteps | 483878   |
| train/             |          |
|    actor_loss      | -131     |
|    critic_loss     | 41.9     |
|    ent_coef        | 0.0162   |
|    ent_coef_loss   | -1.67    |
|    learning_rate   | 0.0003   |
|    n_updates       | 482877   |
---------------------------------
---------------------------------
| rollout/           |          |
|    ep_len_mean     | 1e+03    |
|    ep_rew_mean     | 680      |
| time/              |          |
|    episodes        | 488      |
|    fps             | 82       |
|    time_elapsed    | 5888     |
|    total_timesteps | 487878   |
| train/             |          |
|    actor_loss      | -137     |
|    critic_loss     | 0.786    |
|    ent_coef        | 0.0208   |
|    ent_coef_loss   | 0.572    |
|    learning_rate   | 0.0003   |
|    n_updates       | 486877   |
---------------------------------
---------------------------------
| rollout/           |          |
|    ep_len_mean     | 1e+03    |
|    ep_rew_mean     | 682      |
| time/              |          |
|    episodes        | 492      |
|    fps             | 82       |
|    time_elapsed    | 5931     |
|    total_timesteps | 491878   |
| train/             |          |
|    actor_loss      | -136     |
|    critic_loss     | 2.63     |
|    ent_coef        | 0.0256   |
|    ent_coef_loss   | 0.637    |
|    learning_rate   | 0.0003   |
|    n_updates       | 490877   |
---------------------------------
---------------------------------
| rollout/           |          |
|    ep_len_mean     | 1e+03    |
|    ep_rew_mean     | 668      |
| time/              |          |
|    episodes        | 496      |
|    fps             | 83       |
|    time_elapsed    | 5966     |
|    total_timesteps | 495878   |
| train/             |          |
|    actor_loss      | -130     |
|    critic_loss     | 1.4      |
|    ent_coef        | 0.0419   |
|    ent_coef_loss   | 4.22     |
|    learning_rate   | 0.0003   |
|    n_updates       | 494877   |
---------------------------------
---------------------------------
| rollout/           |          |
|    ep_len_mean     | 1e+03    |
|    ep_rew_mean     | 691      |
| time/              |          |
|    episodes        | 500      |
|    fps             | 83       |
|    time_elapsed    | 6002     |
|    total_timesteps | 499878   |
| train/             |          |
|    actor_loss      | -143     |
|    critic_loss     | 1.54     |
|    ent_coef        | 0.0392   |
|    ent_coef_loss   | 2.41     |
|    learning_rate   | 0.0003   |
|    n_updates       | 498877   |
---------------------------------
[2026-06-23T15:03:31] Training complete in 6003.5s
[2026-06-23T15:03:31] Episodes: 500
[2026-06-23T15:03:31] Best reward: 967.59
[2026-06-23T15:03:31] Mean reward (100ep): 690.51
[2026-06-23T15:03:31] Final goal tolerance: 0.6
[2026-06-23T15:03:31] Curriculum stage: 0
[2026-06-23T15:03:31] Saved: {'model': 'C:\\Users\\ranjo\\OneDrive\\Desktop\\ARM-Model\\project_assets\\outputs\\Parallel_Seeds\\seed_013\\sac_model', 'history': 'C:\\Users\\ranjo\\OneDrive\\Desktop\\ARM-Model\\project_assets\\outputs\\Parallel_Seeds\\seed_013\\training_history.csv', 'stats': 'C:\\Users\\ranjo\\OneDrive\\Desktop\\ARM-Model\\project_assets\\outputs\\Parallel_Seeds\\seed_013\\training_stats.json'}
[2026-06-23T15:03:31] Running Fitts' Law sweep (10 trials per condition)...
[2026-06-23T15:03:47] Fitts sweep complete in 15.7s
[2026-06-23T15:03:47] Fitts: MT = +0.0750 + +0.0344 * ID, R^2 = 0.2758 (n_conditions = 21, trials_per_condition = 10)
[2026-06-23T15:03:47] Saved: C:\Users\ranjo\OneDrive\Desktop\ARM-Model\project_assets\outputs\Parallel_Seeds\seed_013\fitts_law.json
[2026-06-23T15:03:47] Saved: C:\Users\ranjo\OneDrive\Desktop\ARM-Model\project_assets\outputs\Parallel_Seeds\seed_013\fitts_law.png
[2026-06-23T15:03:47] Running 2/3 Power Law sweep (20 trials)...
[2026-06-23T15:03:48] Power Law sweep complete in 1.0s
[2026-06-23T15:03:48] Power Law: log V = -0.3746 + -0.3093 * log C, R = -0.3336, R^2 = 0.1113 (n_samples = 3699, n_trials = 1/20)
[2026-06-23T15:03:48] Saved: C:\Users\ranjo\OneDrive\Desktop\ARM-Model\project_assets\outputs\Parallel_Seeds\seed_013\power_law.json
[2026-06-23T15:03:48] Saved: C:\Users\ranjo\OneDrive\Desktop\ARM-Model\project_assets\outputs\Parallel_Seeds\seed_013\power_law.png
[2026-06-23T15:03:48] Session complete. Total wall time: 1:40:21.444910
[2026-06-23T15:03:48] ============================================================
