[2026-08-14T19:48:12] Starting Fischer session: algorithm=SAC, timesteps=500,000, direction=EAST, actuation=muscle, waypoints=[[0.2, 1.2], [2.2, 0.5], [1.0, -1.6]], seed=103
[2026-08-14T19:48:12] Save dir: C:\Users\ranjo\OneDrive\Desktop\ARM-Model\project_assets\outputs\Ablation\no_hold_curr\seed_103
[2026-08-14T19:48:12] Waypoint mode active: 3 waypoints, current_waypoint_index=0 at every episode reset
[2026-08-14T19:48:12] Ablation config: hold_decrement=3, hold_curriculum=off, curriculum_mode=eval
[2026-08-14T19:48:12] Waypoint mode: tolerance curriculum floor raised to 0.2 m (eval standard is 0.6 m)
[2026-08-14T19:48:12] Best-model checkpointing active: deterministic eval every 25K steps, best snapshot saved to sac_model_best.zip
Using cpu device
Wrapping the env with a `Monitor` wrapper
Wrapping the env in a DummyVecEnv.
[EvalCheckpoint] Active: eval every 25,000 steps, 5 deterministic episodes at production standard (tol 0.6 m, hold 20). Training starts at tol 0.6 m, hold 20. Best model -> C:\Users\ranjo\OneDrive\Desktop\ARM-Model\project_assets\outputs\Ablation\no_hold_curr\seed_103\sac_model_best
----------------------------------
| rollout/           |           |
|    ep_len_mean     | 1e+03     |
|    ep_rew_mean     | -5.43e+03 |
| time/              |           |
|    episodes        | 4         |
|    fps             | 89        |
|    time_elapsed    | 44        |
|    total_timesteps | 4000      |
| train/             |           |
|    actor_loss      | 53.1      |
|    critic_loss     | 0.108     |
|    ent_coef        | 0.408     |
|    ent_coef_loss   | -5.81     |
|    learning_rate   | 0.0003    |
|    n_updates       | 2999      |
----------------------------------
----------------------------------
| rollout/           |           |
|    ep_len_mean     | 1e+03     |
|    ep_rew_mean     | -4.76e+03 |
| time/              |           |
|    episodes        | 8         |
|    fps             | 76        |
|    time_elapsed    | 104       |
|    total_timesteps | 8000      |
| train/             |           |
|    actor_loss      | 113       |
|    critic_loss     | 1.09      |
|    ent_coef        | 0.131     |
|    ent_coef_loss   | -9.55     |
|    learning_rate   | 0.0003    |
|    n_updates       | 6999      |
----------------------------------
----------------------------------
| rollout/           |           |
|    ep_len_mean     | 1e+03     |
|    ep_rew_mean     | -4.62e+03 |
| time/              |           |
|    episodes        | 12        |
|    fps             | 73        |
|    time_elapsed    | 163       |
|    total_timesteps | 12000     |
| train/             |           |
|    actor_loss      | 140       |
|    critic_loss     | 4.23      |
|    ent_coef        | 0.056     |
|    ent_coef_loss   | -3.5      |
|    learning_rate   | 0.0003    |
|    n_updates       | 10999     |
----------------------------------
---------------------------------
| rollout/           |          |
|    ep_len_mean     | 1e+03    |
|    ep_rew_mean     | -5e+03   |
| time/              |          |
|    episodes        | 16       |
|    fps             | 71       |
|    time_elapsed    | 222      |
|    total_timesteps | 16000    |
| train/             |          |
|    actor_loss      | 153      |
|    critic_loss     | 6.73     |
|    ent_coef        | 0.0589   |
|    ent_coef_loss   | -1.82    |
|    learning_rate   | 0.0003   |
|    n_updates       | 14999    |
---------------------------------
----------------------------------
| rollout/           |           |
|    ep_len_mean     | 1e+03     |
|    ep_rew_mean     | -4.91e+03 |
| time/              |           |
|    episodes        | 20        |
|    fps             | 71        |
|    time_elapsed    | 281       |
|    total_timesteps | 20000     |
| train/             |           |
|    actor_loss      | 190       |
|    critic_loss     | 118       |
|    ent_coef        | 0.0516    |
|    ent_coef_loss   | 0.183     |
|    learning_rate   | 0.0003    |
|    n_updates       | 18999     |
----------------------------------
----------------------------------
| rollout/           |           |
|    ep_len_mean     | 1e+03     |
|    ep_rew_mean     | -4.91e+03 |
| time/              |           |
|    episodes        | 24        |
|    fps             | 70        |
|    time_elapsed    | 341       |
|    total_timesteps | 24000     |
| train/             |           |
|    actor_loss      | 103       |
|    critic_loss     | 3.88      |
|    ent_coef        | 0.133     |
|    ent_coef_loss   | 3.36      |
|    learning_rate   | 0.0003    |
|    n_updates       | 22999     |
----------------------------------
[EvalCheckpoint] step 25,000: 0/5 success, mean waypoints 0.0, mean steps 800 (train tol 0.60 m, hold 20)
[EvalCheckpoint] New best model saved (score (0, 0.0, -800.0))
----------------------------------
| rollout/           |           |
|    ep_len_mean     | 1e+03     |
|    ep_rew_mean     | -4.84e+03 |
| time/              |           |
|    episodes        | 28        |
|    fps             | 69        |
|    time_elapsed    | 403       |
|    total_timesteps | 28000     |
| train/             |           |
|    actor_loss      | 86.9      |
|    critic_loss     | 2.9       |
|    ent_coef        | 0.112     |
|    ent_coef_loss   | -0.816    |
|    learning_rate   | 0.0003    |
|    n_updates       | 26999     |
----------------------------------
----------------------------------
| rollout/           |           |
|    ep_len_mean     | 1e+03     |
|    ep_rew_mean     | -4.67e+03 |
| time/              |           |
|    episodes        | 32        |
|    fps             | 69        |
|    time_elapsed    | 462       |
|    total_timesteps | 32000     |
| train/             |           |
|    actor_loss      | 57.4      |
|    critic_loss     | 2.74      |
|    ent_coef        | 0.11      |
|    ent_coef_loss   | -0.204    |
|    learning_rate   | 0.0003    |
|    n_updates       | 30999     |
----------------------------------
---------------------------------
| rollout/           |          |
|    ep_len_mean     | 1e+03    |
|    ep_rew_mean     | -4.4e+03 |
| time/              |          |
|    episodes        | 36       |
|    fps             | 68       |
|    time_elapsed    | 523      |
|    total_timesteps | 36000    |
| train/             |          |
|    actor_loss      | 45.9     |
|    critic_loss     | 2.65     |
|    ent_coef        | 0.106    |
|    ent_coef_loss   | 0.151    |
|    learning_rate   | 0.0003   |
|    n_updates       | 34999    |
---------------------------------
----------------------------------
| rollout/           |           |
|    ep_len_mean     | 1e+03     |
|    ep_rew_mean     | -4.05e+03 |
| time/              |           |
|    episodes        | 40        |
|    fps             | 68        |
|    time_elapsed    | 582       |
|    total_timesteps | 40000     |
| train/             |           |
|    actor_loss      | 63.9      |
|    critic_loss     | 3.7       |
|    ent_coef        | 0.0834    |
|    ent_coef_loss   | -0.227    |
|    learning_rate   | 0.0003    |
|    n_updates       | 38999     |
----------------------------------
----------------------------------
| rollout/           |           |
|    ep_len_mean     | 1e+03     |
|    ep_rew_mean     | -3.78e+03 |
| time/              |           |
|    episodes        | 44        |
|    fps             | 68        |
|    time_elapsed    | 642       |
|    total_timesteps | 44000     |
| train/             |           |
|    actor_loss      | 47.7      |
|    critic_loss     | 4.01      |
|    ent_coef        | 0.0777    |
|    ent_coef_loss   | 0.11      |
|    learning_rate   | 0.0003    |
|    n_updates       | 42999     |
----------------------------------
----------------------------------
| rollout/           |           |
|    ep_len_mean     | 1e+03     |
|    ep_rew_mean     | -3.56e+03 |
| time/              |           |
|    episodes        | 48        |
|    fps             | 68        |
|    time_elapsed    | 703       |
|    total_timesteps | 48000     |
| train/             |           |
|    actor_loss      | 53.5      |
|    critic_loss     | 1.44      |
|    ent_coef        | 0.0704    |
|    ent_coef_loss   | -0.699    |
|    learning_rate   | 0.0003    |
|    n_updates       | 46999     |
----------------------------------
[EvalCheckpoint] step 50,000: 0/5 success, mean waypoints 0.0, mean steps 800 (train tol 0.60 m, hold 20)
----------------------------------
| rollout/           |           |
|    ep_len_mean     | 1e+03     |
|    ep_rew_mean     | -3.37e+03 |
| time/              |           |
|    episodes        | 52        |
|    fps             | 67        |
|    time_elapsed    | 765       |
|    total_timesteps | 52000     |
| train/             |           |
|    actor_loss      | 45        |
|    critic_loss     | 1.38      |
|    ent_coef        | 0.0647    |
|    ent_coef_loss   | 0.133     |
|    learning_rate   | 0.0003    |
|    n_updates       | 50999     |
----------------------------------
----------------------------------
| rollout/           |           |
|    ep_len_mean     | 1e+03     |
|    ep_rew_mean     | -3.18e+03 |
| time/              |           |
|    episodes        | 56        |
|    fps             | 68        |
|    time_elapsed    | 823       |
|    total_timesteps | 56000     |
| train/             |           |
|    actor_loss      | 71.5      |
|    critic_loss     | 1.6       |
|    ent_coef        | 0.0761    |
|    ent_coef_loss   | -0.531    |
|    learning_rate   | 0.0003    |
|    n_updates       | 54999     |
----------------------------------
---------------------------------
| rollout/           |          |
|    ep_len_mean     | 1e+03    |
|    ep_rew_mean     | -3e+03   |
| time/              |          |
|    episodes        | 60       |
|    fps             | 68       |
|    time_elapsed    | 879      |
|    total_timesteps | 60000    |
| train/             |          |
|    actor_loss      | 72.5     |
|    critic_loss     | 1.33     |
|    ent_coef        | 0.0704   |
|    ent_coef_loss   | -0.419   |
|    learning_rate   | 0.0003   |
|    n_updates       | 58999    |
---------------------------------
----------------------------------
| rollout/           |           |
|    ep_len_mean     | 1e+03     |
|    ep_rew_mean     | -2.83e+03 |
| time/              |           |
|    episodes        | 64        |
|    fps             | 68        |
|    time_elapsed    | 937       |
|    total_timesteps | 64000     |
| train/             |           |
|    actor_loss      | 75.1      |
|    critic_loss     | 1.32      |
|    ent_coef        | 0.0676    |
|    ent_coef_loss   | 0.536     |
|    learning_rate   | 0.0003    |
|    n_updates       | 62999     |
----------------------------------
----------------------------------
| rollout/           |           |
|    ep_len_mean     | 1e+03     |
|    ep_rew_mean     | -2.68e+03 |
| time/              |           |
|    episodes        | 68        |
|    fps             | 68        |
|    time_elapsed    | 996       |
|    total_timesteps | 68000     |
| train/             |           |
|    actor_loss      | 85.9      |
|    critic_loss     | 0.697     |
|    ent_coef        | 0.0663    |
|    ent_coef_loss   | 0.391     |
|    learning_rate   | 0.0003    |
|    n_updates       | 66999     |
----------------------------------
----------------------------------
| rollout/           |           |
|    ep_len_mean     | 1e+03     |
|    ep_rew_mean     | -2.54e+03 |
| time/              |           |
|    episodes        | 72        |
|    fps             | 68        |
|    time_elapsed    | 1056      |
|    total_timesteps | 72000     |
| train/             |           |
|    actor_loss      | 55.7      |
|    critic_loss     | 32.3      |
|    ent_coef        | 0.0634    |
|    ent_coef_loss   | 0.00478   |
|    learning_rate   | 0.0003    |
|    n_updates       | 70999     |
----------------------------------
[EvalCheckpoint] step 75,000: 0/5 success, mean waypoints 0.0, mean steps 800 (train tol 0.60 m, hold 20)
----------------------------------
| rollout/           |           |
|    ep_len_mean     | 1e+03     |
|    ep_rew_mean     | -2.42e+03 |
| time/              |           |
|    episodes        | 76        |
|    fps             | 67        |
|    time_elapsed    | 1121      |
|    total_timesteps | 76000     |
| train/             |           |
|    actor_loss      | 74.9      |
|    critic_loss     | 0.755     |
|    ent_coef        | 0.0626    |
|    ent_coef_loss   | 0.188     |
|    learning_rate   | 0.0003    |
|    n_updates       | 74999     |
----------------------------------
----------------------------------
| rollout/           |           |
|    ep_len_mean     | 1e+03     |
|    ep_rew_mean     | -2.32e+03 |
| time/              |           |
|    episodes        | 80        |
|    fps             | 67        |
|    time_elapsed    | 1181      |
|    total_timesteps | 80000     |
| train/             |           |
|    actor_loss      | 81.2      |
|    critic_loss     | 1.78      |
|    ent_coef        | 0.0606    |
|    ent_coef_loss   | -0.839    |
|    learning_rate   | 0.0003    |
|    n_updates       | 78999     |
----------------------------------
----------------------------------
| rollout/           |           |
|    ep_len_mean     | 1e+03     |
|    ep_rew_mean     | -2.24e+03 |
| time/              |           |
|    episodes        | 84        |
|    fps             | 67        |
|    time_elapsed    | 1237      |
|    total_timesteps | 84000     |
| train/             |           |
|    actor_loss      | 82        |
|    critic_loss     | 1.76      |
|    ent_coef        | 0.053     |
|    ent_coef_loss   | -0.777    |
|    learning_rate   | 0.0003    |
|    n_updates       | 82999     |
----------------------------------
----------------------------------
| rollout/           |           |
|    ep_len_mean     | 1e+03     |
|    ep_rew_mean     | -2.16e+03 |
| time/              |           |
|    episodes        | 88        |
|    fps             | 68        |
|    time_elapsed    | 1293      |
|    total_timesteps | 88000     |
| train/             |           |
|    actor_loss      | 78.1      |
|    critic_loss     | 0.77      |
|    ent_coef        | 0.0538    |
|    ent_coef_loss   | 0.289     |
|    learning_rate   | 0.0003    |
|    n_updates       | 86999     |
----------------------------------
----------------------------------
| rollout/           |           |
|    ep_len_mean     | 1e+03     |
|    ep_rew_mean     | -2.08e+03 |
| time/              |           |
|    episodes        | 92        |
|    fps             | 67        |
|    time_elapsed    | 1355      |
|    total_timesteps | 92000     |
| train/             |           |
|    actor_loss      | 70        |
|    critic_loss     | 2.41      |
|    ent_coef        | 0.0555    |
|    ent_coef_loss   | 0.287     |
|    learning_rate   | 0.0003    |
|    n_updates       | 90999     |
----------------------------------
---------------------------------
| rollout/           |          |
|    ep_len_mean     | 1e+03    |
|    ep_rew_mean     | -2e+03   |
| time/              |          |
|    episodes        | 96       |
|    fps             | 67       |
|    time_elapsed    | 1414     |
|    total_timesteps | 96000    |
| train/             |          |
|    actor_loss      | 66.8     |
|    critic_loss     | 0.714    |
|    ent_coef        | 0.0517   |
|    ent_coef_loss   | -0.135   |
|    learning_rate   | 0.0003   |
|    n_updates       | 94999    |
---------------------------------
[EvalCheckpoint] step 100,000: 0/5 success, mean waypoints 0.0, mean steps 800 (train tol 0.60 m, hold 20)
----------------------------------
| rollout/           |           |
|    ep_len_mean     | 1e+03     |
|    ep_rew_mean     | -1.93e+03 |
| time/              |           |
|    episodes        | 100       |
|    fps             | 67        |
|    time_elapsed    | 1473      |
|    total_timesteps | 100000    |
| train/             |           |
|    actor_loss      | 61.5      |
|    critic_loss     | 0.481     |
|    ent_coef        | 0.0536    |
|    ent_coef_loss   | -0.0386   |
|    learning_rate   | 0.0003    |
|    n_updates       | 98999     |
----------------------------------
----------------------------------
| rollout/           |           |
|    ep_len_mean     | 1e+03     |
|    ep_rew_mean     | -1.74e+03 |
| time/              |           |
|    episodes        | 104       |
|    fps             | 67        |
|    time_elapsed    | 1534      |
|    total_timesteps | 104000    |
| train/             |           |
|    actor_loss      | 56.4      |
|    critic_loss     | 0.585     |
|    ent_coef        | 0.051     |
|    ent_coef_loss   | -0.178    |
|    learning_rate   | 0.0003    |
|    n_updates       | 102999    |
----------------------------------
----------------------------------
| rollout/           |           |
|    ep_len_mean     | 1e+03     |
|    ep_rew_mean     | -1.58e+03 |
| time/              |           |
|    episodes        | 108       |
|    fps             | 67        |
|    time_elapsed    | 1595      |
|    total_timesteps | 108000    |
| train/             |           |
|    actor_loss      | 68.6      |
|    critic_loss     | 0.509     |
|    ent_coef        | 0.0467    |
|    ent_coef_loss   | 0.231     |
|    learning_rate   | 0.0003    |
|    n_updates       | 106999    |
----------------------------------
----------------------------------
| rollout/           |           |
|    ep_len_mean     | 1e+03     |
|    ep_rew_mean     | -1.42e+03 |
| time/              |           |
|    episodes        | 112       |
|    fps             | 67        |
|    time_elapsed    | 1655      |
|    total_timesteps | 112000    |
| train/             |           |
|    actor_loss      | 62.1      |
|    critic_loss     | 0.695     |
|    ent_coef        | 0.0513    |
|    ent_coef_loss   | -0.245    |
|    learning_rate   | 0.0003    |
|    n_updates       | 110999    |
----------------------------------
----------------------------------
| rollout/           |           |
|    ep_len_mean     | 1e+03     |
|    ep_rew_mean     | -1.18e+03 |
| time/              |           |
|    episodes        | 116       |
|    fps             | 67        |
|    time_elapsed    | 1716      |
|    total_timesteps | 116000    |
| train/             |           |
|    actor_loss      | 57        |
|    critic_loss     | 2.22      |
|    ent_coef        | 0.0505    |
|    ent_coef_loss   | 1.29      |
|    learning_rate   | 0.0003    |
|    n_updates       | 114999    |
----------------------------------
----------------------------------
| rollout/           |           |
|    ep_len_mean     | 1e+03     |
|    ep_rew_mean     | -1.01e+03 |
| time/              |           |
|    episodes        | 120       |
|    fps             | 67        |
|    time_elapsed    | 1776      |
|    total_timesteps | 120000    |
| train/             |           |
|    actor_loss      | 62        |
|    critic_loss     | 0.481     |
|    ent_coef        | 0.0492    |
|    ent_coef_loss   | -0.533    |
|    learning_rate   | 0.0003    |
|    n_updates       | 118999    |
----------------------------------
---------------------------------
| rollout/           |          |
|    ep_len_mean     | 1e+03    |
|    ep_rew_mean     | -840     |
| time/              |          |
|    episodes        | 124      |
|    fps             | 67       |
|    time_elapsed    | 1836     |
|    total_timesteps | 124000   |
| train/             |          |
|    actor_loss      | 43       |
|    critic_loss     | 0.904    |
|    ent_coef        | 0.0439   |
|    ent_coef_loss   | 0.155    |
|    learning_rate   | 0.0003   |
|    n_updates       | 122999   |
---------------------------------
[EvalCheckpoint] step 125,000: 0/5 success, mean waypoints 0.0, mean steps 800 (train tol 0.60 m, hold 20)
---------------------------------
| rollout/           |          |
|    ep_len_mean     | 1e+03    |
|    ep_rew_mean     | -692     |
| time/              |          |
|    episodes        | 128      |
|    fps             | 67       |
|    time_elapsed    | 1897     |
|    total_timesteps | 128000   |
| train/             |          |
|    actor_loss      | 50.3     |
|    critic_loss     | 1.26     |
|    ent_coef        | 0.0454   |
|    ent_coef_loss   | 0.38     |
|    learning_rate   | 0.0003   |
|    n_updates       | 126999   |
---------------------------------
---------------------------------
| rollout/           |          |
|    ep_len_mean     | 1e+03    |
|    ep_rew_mean     | -586     |
| time/              |          |
|    episodes        | 132      |
|    fps             | 67       |
|    time_elapsed    | 1955     |
|    total_timesteps | 132000   |
| train/             |          |
|    actor_loss      | 20.5     |
|    critic_loss     | 0.722    |
|    ent_coef        | 0.0447   |
|    ent_coef_loss   | 1.24     |
|    learning_rate   | 0.0003   |
|    n_updates       | 130999   |
---------------------------------
---------------------------------
| rollout/           |          |
|    ep_len_mean     | 1e+03    |
|    ep_rew_mean     | -513     |
| time/              |          |
|    episodes        | 136      |
|    fps             | 67       |
|    time_elapsed    | 2019     |
|    total_timesteps | 136000   |
| train/             |          |
|    actor_loss      | 32.3     |
|    critic_loss     | 3.31     |
|    ent_coef        | 0.0443   |
|    ent_coef_loss   | 0.184    |
|    learning_rate   | 0.0003   |
|    n_updates       | 134999   |
---------------------------------
---------------------------------
| rollout/           |          |
|    ep_len_mean     | 1e+03    |
|    ep_rew_mean     | -492     |
| time/              |          |
|    episodes        | 140      |
|    fps             | 67       |
|    time_elapsed    | 2085     |
|    total_timesteps | 140000   |
| train/             |          |
|    actor_loss      | 38.4     |
|    critic_loss     | 0.502    |
|    ent_coef        | 0.0455   |
|    ent_coef_loss   | 0.397    |
|    learning_rate   | 0.0003   |
|    n_updates       | 138999   |
---------------------------------
---------------------------------
| rollout/           |          |
|    ep_len_mean     | 1e+03    |
|    ep_rew_mean     | -464     |
| time/              |          |
|    episodes        | 144      |
|    fps             | 66       |
|    time_elapsed    | 2154     |
|    total_timesteps | 144000   |
| train/             |          |
|    actor_loss      | 34       |
|    critic_loss     | 1.4      |
|    ent_coef        | 0.0373   |
|    ent_coef_loss   | 0.669    |
|    learning_rate   | 0.0003   |
|    n_updates       | 142999   |
---------------------------------
---------------------------------
| rollout/           |          |
|    ep_len_mean     | 1e+03    |
|    ep_rew_mean     | -437     |
| time/              |          |
|    episodes        | 148      |
|    fps             | 66       |
|    time_elapsed    | 2224     |
|    total_timesteps | 148000   |
| train/             |          |
|    actor_loss      | 26       |
|    critic_loss     | 0.446    |
|    ent_coef        | 0.035    |
|    ent_coef_loss   | -0.647   |
|    learning_rate   | 0.0003   |
|    n_updates       | 146999   |
---------------------------------
[EvalCheckpoint] step 150,000: 0/5 success, mean waypoints 0.0, mean steps 800 (train tol 0.60 m, hold 20)
---------------------------------
| rollout/           |          |
|    ep_len_mean     | 1e+03    |
|    ep_rew_mean     | -415     |
| time/              |          |
|    episodes        | 152      |
|    fps             | 66       |
|    time_elapsed    | 2296     |
|    total_timesteps | 152000   |
| train/             |          |
|    actor_loss      | 49.9     |
|    critic_loss     | 0.604    |
|    ent_coef        | 0.0356   |
|    ent_coef_loss   | 0.395    |
|    learning_rate   | 0.0003   |
|    n_updates       | 150999   |
---------------------------------
---------------------------------
| rollout/           |          |
|    ep_len_mean     | 1e+03    |
|    ep_rew_mean     | -408     |
| time/              |          |
|    episodes        | 156      |
|    fps             | 66       |
|    time_elapsed    | 2357     |
|    total_timesteps | 156000   |
| train/             |          |
|    actor_loss      | 19.1     |
|    critic_loss     | 0.465    |
|    ent_coef        | 0.0355   |
|    ent_coef_loss   | -0.138   |
|    learning_rate   | 0.0003   |
|    n_updates       | 154999   |
---------------------------------
---------------------------------
| rollout/           |          |
|    ep_len_mean     | 1e+03    |
|    ep_rew_mean     | -406     |
| time/              |          |
|    episodes        | 160      |
|    fps             | 66       |
|    time_elapsed    | 2411     |
|    total_timesteps | 160000   |
| train/             |          |
|    actor_loss      | 21       |
|    critic_loss     | 0.595    |
|    ent_coef        | 0.0329   |
|    ent_coef_loss   | -0.232   |
|    learning_rate   | 0.0003   |
|    n_updates       | 158999   |
---------------------------------
---------------------------------
| rollout/           |          |
|    ep_len_mean     | 1e+03    |
|    ep_rew_mean     | -406     |
| time/              |          |
|    episodes        | 164      |
|    fps             | 66       |
|    time_elapsed    | 2470     |
|    total_timesteps | 164000   |
| train/             |          |
|    actor_loss      | 33.8     |
|    critic_loss     | 0.734    |
|    ent_coef        | 0.0386   |
|    ent_coef_loss   | -1.43    |
|    learning_rate   | 0.0003   |
|    n_updates       | 162999   |
---------------------------------
---------------------------------
| rollout/           |          |
|    ep_len_mean     | 1e+03    |
|    ep_rew_mean     | -415     |
| time/              |          |
|    episodes        | 168      |
|    fps             | 66       |
|    time_elapsed    | 2523     |
|    total_timesteps | 168000   |
| train/             |          |
|    actor_loss      | 22.5     |
|    critic_loss     | 0.569    |
|    ent_coef        | 0.0418   |
|    ent_coef_loss   | 0.0323   |
|    learning_rate   | 0.0003   |
|    n_updates       | 166999   |
---------------------------------
---------------------------------
| rollout/           |          |
|    ep_len_mean     | 1e+03    |
|    ep_rew_mean     | -442     |
| time/              |          |
|    episodes        | 172      |
|    fps             | 66       |
|    time_elapsed    | 2573     |
|    total_timesteps | 172000   |
| train/             |          |
|    actor_loss      | 10.3     |
|    critic_loss     | 0.615    |
|    ent_coef        | 0.0429   |
|    ent_coef_loss   | -0.788   |
|    learning_rate   | 0.0003   |
|    n_updates       | 170999   |
---------------------------------
[EvalCheckpoint] step 175,000: 0/5 success, mean waypoints 0.0, mean steps 800 (train tol 0.60 m, hold 20)
---------------------------------
| rollout/           |          |
|    ep_len_mean     | 1e+03    |
|    ep_rew_mean     | -473     |
| time/              |          |
|    episodes        | 176      |
|    fps             | 67       |
|    time_elapsed    | 2623     |
|    total_timesteps | 176000   |
| train/             |          |
|    actor_loss      | 21       |
|    critic_loss     | 0.975    |
|    ent_coef        | 0.0367   |
|    ent_coef_loss   | 0.263    |
|    learning_rate   | 0.0003   |
|    n_updates       | 174999   |
---------------------------------
---------------------------------
| rollout/           |          |
|    ep_len_mean     | 1e+03    |
|    ep_rew_mean     | -468     |
| time/              |          |
|    episodes        | 180      |
|    fps             | 67       |
|    time_elapsed    | 2676     |
|    total_timesteps | 180000   |
| train/             |          |
|    actor_loss      | 12.4     |
|    critic_loss     | 0.364    |
|    ent_coef        | 0.0419   |
|    ent_coef_loss   | 0.772    |
|    learning_rate   | 0.0003   |
|    n_updates       | 178999   |
---------------------------------
---------------------------------
| rollout/           |          |
|    ep_len_mean     | 1e+03    |
|    ep_rew_mean     | -450     |
| time/              |          |
|    episodes        | 184      |
|    fps             | 67       |
|    time_elapsed    | 2727     |
|    total_timesteps | 184000   |
| train/             |          |
|    actor_loss      | 7.22     |
|    critic_loss     | 0.451    |
|    ent_coef        | 0.0436   |
|    ent_coef_loss   | 0.301    |
|    learning_rate   | 0.0003   |
|    n_updates       | 182999   |
---------------------------------
---------------------------------
| rollout/           |          |
|    ep_len_mean     | 1e+03    |
|    ep_rew_mean     | -461     |
| time/              |          |
|    episodes        | 188      |
|    fps             | 67       |
|    time_elapsed    | 2778     |
|    total_timesteps | 188000   |
| train/             |          |
|    actor_loss      | 22.9     |
|    critic_loss     | 0.395    |
|    ent_coef        | 0.0311   |
|    ent_coef_loss   | -1.89    |
|    learning_rate   | 0.0003   |
|    n_updates       | 186999   |
---------------------------------
---------------------------------
| rollout/           |          |
|    ep_len_mean     | 1e+03    |
|    ep_rew_mean     | -472     |
| time/              |          |
|    episodes        | 192      |
|    fps             | 67       |
|    time_elapsed    | 2828     |
|    total_timesteps | 192000   |
| train/             |          |
|    actor_loss      | 6.82     |
|    critic_loss     | 0.307    |
|    ent_coef        | 0.0274   |
|    ent_coef_loss   | -0.841   |
|    learning_rate   | 0.0003   |
|    n_updates       | 190999   |
---------------------------------
---------------------------------
| rollout/           |          |
|    ep_len_mean     | 1e+03    |
|    ep_rew_mean     | -486     |
| time/              |          |
|    episodes        | 196      |
|    fps             | 68       |
|    time_elapsed    | 2880     |
|    total_timesteps | 196000   |
| train/             |          |
|    actor_loss      | 19.3     |
|    critic_loss     | 0.349    |
|    ent_coef        | 0.0259   |
|    ent_coef_loss   | -0.182   |
|    learning_rate   | 0.0003   |
|    n_updates       | 194999   |
---------------------------------
[EvalCheckpoint] step 200,000: 0/5 success, mean waypoints 0.0, mean steps 800 (train tol 0.60 m, hold 20)
---------------------------------
| rollout/           |          |
|    ep_len_mean     | 1e+03    |
|    ep_rew_mean     | -479     |
| time/              |          |
|    episodes        | 200      |
|    fps             | 68       |
|    time_elapsed    | 2934     |
|    total_timesteps | 200000   |
| train/             |          |
|    actor_loss      | 11.4     |
|    critic_loss     | 0.41     |
|    ent_coef        | 0.0273   |
|    ent_coef_loss   | -0.409   |
|    learning_rate   | 0.0003   |
|    n_updates       | 198999   |
---------------------------------
---------------------------------
| rollout/           |          |
|    ep_len_mean     | 1e+03    |
|    ep_rew_mean     | -465     |
| time/              |          |
|    episodes        | 204      |
|    fps             | 68       |
|    time_elapsed    | 2984     |
|    total_timesteps | 204000   |
| train/             |          |
|    actor_loss      | -3.8     |
|    critic_loss     | 0.367    |
|    ent_coef        | 0.031    |
|    ent_coef_loss   | -0.692   |
|    learning_rate   | 0.0003   |
|    n_updates       | 202999   |
---------------------------------
---------------------------------
| rollout/           |          |
|    ep_len_mean     | 1e+03    |
|    ep_rew_mean     | -460     |
| time/              |          |
|    episodes        | 208      |
|    fps             | 68       |
|    time_elapsed    | 3033     |
|    total_timesteps | 208000   |
| train/             |          |
|    actor_loss      | 0.743    |
|    critic_loss     | 0.323    |
|    ent_coef        | 0.0305   |
|    ent_coef_loss   | 1.13     |
|    learning_rate   | 0.0003   |
|    n_updates       | 206999   |
---------------------------------
---------------------------------
| rollout/           |          |
|    ep_len_mean     | 1e+03    |
|    ep_rew_mean     | -460     |
| time/              |          |
|    episodes        | 212      |
|    fps             | 68       |
|    time_elapsed    | 3081     |
|    total_timesteps | 212000   |
| train/             |          |
|    actor_loss      | -24.9    |
|    critic_loss     | 0.466    |
|    ent_coef        | 0.0267   |
|    ent_coef_loss   | 0.634    |
|    learning_rate   | 0.0003   |
|    n_updates       | 210999   |
---------------------------------
---------------------------------
| rollout/           |          |
|    ep_len_mean     | 1e+03    |
|    ep_rew_mean     | -460     |
| time/              |          |
|    episodes        | 216      |
|    fps             | 68       |
|    time_elapsed    | 3133     |
|    total_timesteps | 216000   |
| train/             |          |
|    actor_loss      | -27.5    |
|    critic_loss     | 0.239    |
|    ent_coef        | 0.0279   |
|    ent_coef_loss   | 0.211    |
|    learning_rate   | 0.0003   |
|    n_updates       | 214999   |
---------------------------------
---------------------------------
| rollout/           |          |
|    ep_len_mean     | 1e+03    |
|    ep_rew_mean     | -451     |
| time/              |          |
|    episodes        | 220      |
|    fps             | 69       |
|    time_elapsed    | 3184     |
|    total_timesteps | 220000   |
| train/             |          |
|    actor_loss      | -14.1    |
|    critic_loss     | 0.383    |
|    ent_coef        | 0.0285   |
|    ent_coef_loss   | -0.389   |
|    learning_rate   | 0.0003   |
|    n_updates       | 218999   |
---------------------------------
---------------------------------
| rollout/           |          |
|    ep_len_mean     | 1e+03    |
|    ep_rew_mean     | -430     |
| time/              |          |
|    episodes        | 224      |
|    fps             | 69       |
|    time_elapsed    | 3237     |
|    total_timesteps | 224000   |
| train/             |          |
|    actor_loss      | -36.7    |
|    critic_loss     | 0.206    |
|    ent_coef        | 0.0255   |
|    ent_coef_loss   | -0.831   |
|    learning_rate   | 0.0003   |
|    n_updates       | 222999   |
---------------------------------
[EvalCheckpoint] step 225,000: 0/5 success, mean waypoints 0.0, mean steps 800 (train tol 0.60 m, hold 20)
---------------------------------
| rollout/           |          |
|    ep_len_mean     | 1e+03    |
|    ep_rew_mean     | -402     |
| time/              |          |
|    episodes        | 228      |
|    fps             | 69       |
|    time_elapsed    | 3291     |
|    total_timesteps | 228000   |
| train/             |          |
|    actor_loss      | -26.2    |
|    critic_loss     | 0.282    |
|    ent_coef        | 0.0251   |
|    ent_coef_loss   | 0.642    |
|    learning_rate   | 0.0003   |
|    n_updates       | 226999   |
---------------------------------
---------------------------------
| rollout/           |          |
|    ep_len_mean     | 1e+03    |
|    ep_rew_mean     | -364     |
| time/              |          |
|    episodes        | 232      |
|    fps             | 69       |
|    time_elapsed    | 3343     |
|    total_timesteps | 232000   |
| train/             |          |
|    actor_loss      | -30.5    |
|    critic_loss     | 0.227    |
|    ent_coef        | 0.025    |
|    ent_coef_loss   | 0.726    |
|    learning_rate   | 0.0003   |
|    n_updates       | 230999   |
---------------------------------
---------------------------------
| rollout/           |          |
|    ep_len_mean     | 1e+03    |
|    ep_rew_mean     | -344     |
| time/              |          |
|    episodes        | 236      |
|    fps             | 69       |
|    time_elapsed    | 3394     |
|    total_timesteps | 236000   |
| train/             |          |
|    actor_loss      | -31.3    |
|    critic_loss     | 0.124    |
|    ent_coef        | 0.0334   |
|    ent_coef_loss   | 1.13     |
|    learning_rate   | 0.0003   |
|    n_updates       | 234999   |
---------------------------------
---------------------------------
| rollout/           |          |
|    ep_len_mean     | 1e+03    |
|    ep_rew_mean     | -327     |
| time/              |          |
|    episodes        | 240      |
|    fps             | 69       |
|    time_elapsed    | 3449     |
|    total_timesteps | 240000   |
| train/             |          |
|    actor_loss      | -48.1    |
|    critic_loss     | 0.192    |
|    ent_coef        | 0.0255   |
|    ent_coef_loss   | 2.7      |
|    learning_rate   | 0.0003   |
|    n_updates       | 238999   |
---------------------------------
---------------------------------
| rollout/           |          |
|    ep_len_mean     | 1e+03    |
|    ep_rew_mean     | -310     |
| time/              |          |
|    episodes        | 244      |
|    fps             | 69       |
|    time_elapsed    | 3500     |
|    total_timesteps | 244000   |
| train/             |          |
|    actor_loss      | -32      |
|    critic_loss     | 0.134    |
|    ent_coef        | 0.026    |
|    ent_coef_loss   | -0.108   |
|    learning_rate   | 0.0003   |
|    n_updates       | 242999   |
---------------------------------
---------------------------------
| rollout/           |          |
|    ep_len_mean     | 1e+03    |
|    ep_rew_mean     | -291     |
| time/              |          |
|    episodes        | 248      |
|    fps             | 69       |
|    time_elapsed    | 3552     |
|    total_timesteps | 248000   |
| train/             |          |
|    actor_loss      | -44.2    |
|    critic_loss     | 0.0984   |
|    ent_coef        | 0.0277   |
|    ent_coef_loss   | 0.32     |
|    learning_rate   | 0.0003   |
|    n_updates       | 246999   |
---------------------------------
[EvalCheckpoint] step 250,000: 0/5 success, mean waypoints 0.0, mean steps 800 (train tol 0.60 m, hold 20)
---------------------------------
| rollout/           |          |
|    ep_len_mean     | 1e+03    |
|    ep_rew_mean     | -272     |
| time/              |          |
|    episodes        | 252      |
|    fps             | 69       |
|    time_elapsed    | 3609     |
|    total_timesteps | 252000   |
| train/             |          |
|    actor_loss      | -39.7    |
|    critic_loss     | 0.309    |
|    ent_coef        | 0.0225   |
|    ent_coef_loss   | -0.635   |
|    learning_rate   | 0.0003   |
|    n_updates       | 250999   |
---------------------------------
---------------------------------
| rollout/           |          |
|    ep_len_mean     | 1e+03    |
|    ep_rew_mean     | -259     |
| time/              |          |
|    episodes        | 256      |
|    fps             | 69       |
|    time_elapsed    | 3663     |
|    total_timesteps | 256000   |
| train/             |          |
|    actor_loss      | -35      |
|    critic_loss     | 0.15     |
|    ent_coef        | 0.0206   |
|    ent_coef_loss   | -0.458   |
|    learning_rate   | 0.0003   |
|    n_updates       | 254999   |
---------------------------------
---------------------------------
| rollout/           |          |
|    ep_len_mean     | 1e+03    |
|    ep_rew_mean     | -240     |
| time/              |          |
|    episodes        | 260      |
|    fps             | 69       |
|    time_elapsed    | 3720     |
|    total_timesteps | 260000   |
| train/             |          |
|    actor_loss      | -42.1    |
|    critic_loss     | 0.0705   |
|    ent_coef        | 0.0226   |
|    ent_coef_loss   | 0.295    |
|    learning_rate   | 0.0003   |
|    n_updates       | 258999   |
---------------------------------
---------------------------------
| rollout/           |          |
|    ep_len_mean     | 1e+03    |
|    ep_rew_mean     | -224     |
| time/              |          |
|    episodes        | 264      |
|    fps             | 69       |
|    time_elapsed    | 3774     |
|    total_timesteps | 264000   |
| train/             |          |
|    actor_loss      | -49.7    |
|    critic_loss     | 0.101    |
|    ent_coef        | 0.0234   |
|    ent_coef_loss   | -0.62    |
|    learning_rate   | 0.0003   |
|    n_updates       | 262999   |
---------------------------------
---------------------------------
| rollout/           |          |
|    ep_len_mean     | 1e+03    |
|    ep_rew_mean     | -204     |
| time/              |          |
|    episodes        | 268      |
|    fps             | 70       |
|    time_elapsed    | 3827     |
|    total_timesteps | 268000   |
| train/             |          |
|    actor_loss      | -41.3    |
|    critic_loss     | 0.0688   |
|    ent_coef        | 0.0251   |
|    ent_coef_loss   | -0.651   |
|    learning_rate   | 0.0003   |
|    n_updates       | 266999   |
---------------------------------
---------------------------------
| rollout/           |          |
|    ep_len_mean     | 1e+03    |
|    ep_rew_mean     | -166     |
| time/              |          |
|    episodes        | 272      |
|    fps             | 70       |
|    time_elapsed    | 3882     |
|    total_timesteps | 272000   |
| train/             |          |
|    actor_loss      | -30.6    |
|    critic_loss     | 0.081    |
|    ent_coef        | 0.0232   |
|    ent_coef_loss   | -0.341   |
|    learning_rate   | 0.0003   |
|    n_updates       | 270999   |
---------------------------------
[EvalCheckpoint] step 275,000: 0/5 success, mean waypoints 0.0, mean steps 800 (train tol 0.60 m, hold 20)
---------------------------------
| rollout/           |          |
|    ep_len_mean     | 1e+03    |
|    ep_rew_mean     | -121     |
| time/              |          |
|    episodes        | 276      |
|    fps             | 70       |
|    time_elapsed    | 3935     |
|    total_timesteps | 276000   |
| train/             |          |
|    actor_loss      | -45.8    |
|    critic_loss     | 0.0629   |
|    ent_coef        | 0.0231   |
|    ent_coef_loss   | -0.346   |
|    learning_rate   | 0.0003   |
|    n_updates       | 274999   |
---------------------------------
---------------------------------
| rollout/           |          |
|    ep_len_mean     | 1e+03    |
|    ep_rew_mean     | -106     |
| time/              |          |
|    episodes        | 280      |
|    fps             | 70       |
|    time_elapsed    | 3989     |
|    total_timesteps | 280000   |
| train/             |          |
|    actor_loss      | -40.1    |
|    critic_loss     | 0.115    |
|    ent_coef        | 0.0263   |
|    ent_coef_loss   | -0.344   |
|    learning_rate   | 0.0003   |
|    n_updates       | 278999   |
---------------------------------
---------------------------------
| rollout/           |          |
|    ep_len_mean     | 1e+03    |
|    ep_rew_mean     | -92.5    |
| time/              |          |
|    episodes        | 284      |
|    fps             | 70       |
|    time_elapsed    | 4040     |
|    total_timesteps | 284000   |
| train/             |          |
|    actor_loss      | -60.9    |
|    critic_loss     | 0.0581   |
|    ent_coef        | 0.0247   |
|    ent_coef_loss   | 0.238    |
|    learning_rate   | 0.0003   |
|    n_updates       | 282999   |
---------------------------------
---------------------------------
| rollout/           |          |
|    ep_len_mean     | 1e+03    |
|    ep_rew_mean     | -52.7    |
| time/              |          |
|    episodes        | 288      |
|    fps             | 70       |
|    time_elapsed    | 4093     |
|    total_timesteps | 288000   |
| train/             |          |
|    actor_loss      | -44.1    |
|    critic_loss     | 0.132    |
|    ent_coef        | 0.0251   |
|    ent_coef_loss   | 0.586    |
|    learning_rate   | 0.0003   |
|    n_updates       | 286999   |
---------------------------------
---------------------------------
| rollout/           |          |
|    ep_len_mean     | 1e+03    |
|    ep_rew_mean     | -20.7    |
| time/              |          |
|    episodes        | 292      |
|    fps             | 70       |
|    time_elapsed    | 4162     |
|    total_timesteps | 292000   |
| train/             |          |
|    actor_loss      | -65.2    |
|    critic_loss     | 0.069    |
|    ent_coef        | 0.0225   |
|    ent_coef_loss   | 1.3      |
|    learning_rate   | 0.0003   |
|    n_updates       | 290999   |
---------------------------------
---------------------------------
| rollout/           |          |
|    ep_len_mean     | 1e+03    |
|    ep_rew_mean     | -0.335   |
| time/              |          |
|    episodes        | 296      |
|    fps             | 69       |
|    time_elapsed    | 4232     |
|    total_timesteps | 296000   |
| train/             |          |
|    actor_loss      | -51      |
|    critic_loss     | 0.0745   |
|    ent_coef        | 0.0296   |
|    ent_coef_loss   | -0.252   |
|    learning_rate   | 0.0003   |
|    n_updates       | 294999   |
---------------------------------
[EvalCheckpoint] step 300,000: 0/5 success, mean waypoints 0.0, mean steps 800 (train tol 0.60 m, hold 20)
---------------------------------
| rollout/           |          |
|    ep_len_mean     | 1e+03    |
|    ep_rew_mean     | -7.22    |
| time/              |          |
|    episodes        | 300      |
|    fps             | 69       |
|    time_elapsed    | 4308     |
|    total_timesteps | 300000   |
| train/             |          |
|    actor_loss      | -55.8    |
|    critic_loss     | 0.0495   |
|    ent_coef        | 0.0246   |
|    ent_coef_loss   | 0.475    |
|    learning_rate   | 0.0003   |
|    n_updates       | 298999   |
---------------------------------
---------------------------------
| rollout/           |          |
|    ep_len_mean     | 1e+03    |
|    ep_rew_mean     | -0.488   |
| time/              |          |
|    episodes        | 304      |
|    fps             | 69       |
|    time_elapsed    | 4388     |
|    total_timesteps | 304000   |
| train/             |          |
|    actor_loss      | -44.3    |
|    critic_loss     | 0.08     |
|    ent_coef        | 0.0231   |
|    ent_coef_loss   | 1.43     |
|    learning_rate   | 0.0003   |
|    n_updates       | 302999   |
---------------------------------
---------------------------------
| rollout/           |          |
|    ep_len_mean     | 1e+03    |
|    ep_rew_mean     | 9.52     |
| time/              |          |
|    episodes        | 308      |
|    fps             | 68       |
|    time_elapsed    | 4469     |
|    total_timesteps | 308000   |
| train/             |          |
|    actor_loss      | -44      |
|    critic_loss     | 0.225    |
|    ent_coef        | 0.0235   |
|    ent_coef_loss   | -0.914   |
|    learning_rate   | 0.0003   |
|    n_updates       | 306999   |
---------------------------------
---------------------------------
| rollout/           |          |
|    ep_len_mean     | 1e+03    |
|    ep_rew_mean     | 23.5     |
| time/              |          |
|    episodes        | 312      |
|    fps             | 68       |
|    time_elapsed    | 4548     |
|    total_timesteps | 312000   |
| train/             |          |
|    actor_loss      | -48.1    |
|    critic_loss     | 0.0672   |
|    ent_coef        | 0.0236   |
|    ent_coef_loss   | -2.57    |
|    learning_rate   | 0.0003   |
|    n_updates       | 310999   |
---------------------------------
---------------------------------
| rollout/           |          |
|    ep_len_mean     | 1e+03    |
|    ep_rew_mean     | 36.1     |
| time/              |          |
|    episodes        | 316      |
|    fps             | 68       |
|    time_elapsed    | 4628     |
|    total_timesteps | 316000   |
| train/             |          |
|    actor_loss      | -56.1    |
|    critic_loss     | 0.17     |
|    ent_coef        | 0.0217   |
|    ent_coef_loss   | 0.0452   |
|    learning_rate   | 0.0003   |
|    n_updates       | 314999   |
---------------------------------
---------------------------------
| rollout/           |          |
|    ep_len_mean     | 1e+03    |
|    ep_rew_mean     | 48.2     |
| time/              |          |
|    episodes        | 320      |
|    fps             | 68       |
|    time_elapsed    | 4704     |
|    total_timesteps | 320000   |
| train/             |          |
|    actor_loss      | -61.4    |
|    critic_loss     | 0.0437   |
|    ent_coef        | 0.0241   |
|    ent_coef_loss   | -1.22    |
|    learning_rate   | 0.0003   |
|    n_updates       | 318999   |
---------------------------------
---------------------------------
| rollout/           |          |
|    ep_len_mean     | 1e+03    |
|    ep_rew_mean     | 60.4     |
| time/              |          |
|    episodes        | 324      |
|    fps             | 67       |
|    time_elapsed    | 4778     |
|    total_timesteps | 324000   |
| train/             |          |
|    actor_loss      | -59      |
|    critic_loss     | 0.0726   |
|    ent_coef        | 0.0199   |
|    ent_coef_loss   | -0.0582  |
|    learning_rate   | 0.0003   |
|    n_updates       | 322999   |
---------------------------------
[EvalCheckpoint] step 325,000: 0/5 success, mean waypoints 0.0, mean steps 800 (train tol 0.60 m, hold 20)
---------------------------------
| rollout/           |          |
|    ep_len_mean     | 1e+03    |
|    ep_rew_mean     | 66.3     |
| time/              |          |
|    episodes        | 328      |
|    fps             | 67       |
|    time_elapsed    | 4863     |
|    total_timesteps | 328000   |
| train/             |          |
|    actor_loss      | -50.7    |
|    critic_loss     | 0.0634   |
|    ent_coef        | 0.0182   |
|    ent_coef_loss   | 0.172    |
|    learning_rate   | 0.0003   |
|    n_updates       | 326999   |
---------------------------------
---------------------------------
| rollout/           |          |
|    ep_len_mean     | 1e+03    |
|    ep_rew_mean     | 70.2     |
| time/              |          |
|    episodes        | 332      |
|    fps             | 67       |
|    time_elapsed    | 4945     |
|    total_timesteps | 332000   |
| train/             |          |
|    actor_loss      | -62.5    |
|    critic_loss     | 0.126    |
|    ent_coef        | 0.0183   |
|    ent_coef_loss   | 0.133    |
|    learning_rate   | 0.0003   |
|    n_updates       | 330999   |
---------------------------------
---------------------------------
| rollout/           |          |
|    ep_len_mean     | 1e+03    |
|    ep_rew_mean     | 67.7     |
| time/              |          |
|    episodes        | 336      |
|    fps             | 66       |
|    time_elapsed    | 5027     |
|    total_timesteps | 336000   |
| train/             |          |
|    actor_loss      | -68.5    |
|    critic_loss     | 0.0509   |
|    ent_coef        | 0.0253   |
|    ent_coef_loss   | 0.204    |
|    learning_rate   | 0.0003   |
|    n_updates       | 334999   |
---------------------------------
---------------------------------
| rollout/           |          |
|    ep_len_mean     | 1e+03    |
|    ep_rew_mean     | 72       |
| time/              |          |
|    episodes        | 340      |
|    fps             | 66       |
|    time_elapsed    | 5100     |
|    total_timesteps | 340000   |
| train/             |          |
|    actor_loss      | -62.4    |
|    critic_loss     | 0.157    |
|    ent_coef        | 0.0177   |
|    ent_coef_loss   | -0.146   |
|    learning_rate   | 0.0003   |
|    n_updates       | 338999   |
---------------------------------
---------------------------------
| rollout/           |          |
|    ep_len_mean     | 1e+03    |
|    ep_rew_mean     | -2.68    |
| time/              |          |
|    episodes        | 344      |
|    fps             | 66       |
|    time_elapsed    | 5170     |
|    total_timesteps | 344000   |
| train/             |          |
|    actor_loss      | -58.4    |
|    critic_loss     | 0.145    |
|    ent_coef        | 0.0162   |
|    ent_coef_loss   | -1.57    |
|    learning_rate   | 0.0003   |
|    n_updates       | 342999   |
---------------------------------
---------------------------------
| rollout/           |          |
|    ep_len_mean     | 1e+03    |
|    ep_rew_mean     | -71.7    |
| time/              |          |
|    episodes        | 348      |
|    fps             | 66       |
|    time_elapsed    | 5249     |
|    total_timesteps | 348000   |
| train/             |          |
|    actor_loss      | -38.8    |
|    critic_loss     | 0.0931   |
|    ent_coef        | 0.0188   |
|    ent_coef_loss   | 0.608    |
|    learning_rate   | 0.0003   |
|    n_updates       | 346999   |
---------------------------------
[EvalCheckpoint] step 350,000: 0/5 success, mean waypoints 0.0, mean steps 800 (train tol 0.60 m, hold 20)
---------------------------------
| rollout/           |          |
|    ep_len_mean     | 1e+03    |
|    ep_rew_mean     | -63.4    |
| time/              |          |
|    episodes        | 352      |
|    fps             | 66       |
|    time_elapsed    | 5331     |
|    total_timesteps | 352000   |
| train/             |          |
|    actor_loss      | -58.3    |
|    critic_loss     | 1.22     |
|    ent_coef        | 0.0196   |
|    ent_coef_loss   | -0.964   |
|    learning_rate   | 0.0003   |
|    n_updates       | 350999   |
---------------------------------
---------------------------------
| rollout/           |          |
|    ep_len_mean     | 1e+03    |
|    ep_rew_mean     | -53      |
| time/              |          |
|    episodes        | 356      |
|    fps             | 65       |
|    time_elapsed    | 5413     |
|    total_timesteps | 356000   |
| train/             |          |
|    actor_loss      | -56.6    |
|    critic_loss     | 0.586    |
|    ent_coef        | 0.0192   |
|    ent_coef_loss   | -0.495   |
|    learning_rate   | 0.0003   |
|    n_updates       | 354999   |
---------------------------------
---------------------------------
| rollout/           |          |
|    ep_len_mean     | 1e+03    |
|    ep_rew_mean     | -52.9    |
| time/              |          |
|    episodes        | 360      |
|    fps             | 65       |
|    time_elapsed    | 5495     |
|    total_timesteps | 360000   |
| train/             |          |
|    actor_loss      | -66.4    |
|    critic_loss     | 0.387    |
|    ent_coef        | 0.0188   |
|    ent_coef_loss   | 0.162    |
|    learning_rate   | 0.0003   |
|    n_updates       | 358999   |
---------------------------------
---------------------------------
| rollout/           |          |
|    ep_len_mean     | 1e+03    |
|    ep_rew_mean     | -62.3    |
| time/              |          |
|    episodes        | 364      |
|    fps             | 65       |
|    time_elapsed    | 5579     |
|    total_timesteps | 364000   |
| train/             |          |
|    actor_loss      | -63.4    |
|    critic_loss     | 0.141    |
|    ent_coef        | 0.0199   |
|    ent_coef_loss   | -0.858   |
|    learning_rate   | 0.0003   |
|    n_updates       | 362999   |
---------------------------------
---------------------------------
| rollout/           |          |
|    ep_len_mean     | 1e+03    |
|    ep_rew_mean     | -64.7    |
| time/              |          |
|    episodes        | 368      |
|    fps             | 65       |
|    time_elapsed    | 5650     |
|    total_timesteps | 368000   |
| train/             |          |
|    actor_loss      | -64.1    |
|    critic_loss     | 0.25     |
|    ent_coef        | 0.0178   |
|    ent_coef_loss   | 0.766    |
|    learning_rate   | 0.0003   |
|    n_updates       | 366999   |
---------------------------------
---------------------------------
| rollout/           |          |
|    ep_len_mean     | 1e+03    |
|    ep_rew_mean     | -104     |
| time/              |          |
|    episodes        | 372      |
|    fps             | 64       |
|    time_elapsed    | 5734     |
|    total_timesteps | 372000   |
| train/             |          |
|    actor_loss      | -65.9    |
|    critic_loss     | 0.424    |
|    ent_coef        | 0.0181   |
|    ent_coef_loss   | 0.407    |
|    learning_rate   | 0.0003   |
|    n_updates       | 370999   |
---------------------------------
[EvalCheckpoint] step 375,000: 0/5 success, mean waypoints 0.0, mean steps 800 (train tol 0.60 m, hold 20)
---------------------------------
| rollout/           |          |
|    ep_len_mean     | 1e+03    |
|    ep_rew_mean     | -106     |
| time/              |          |
|    episodes        | 376      |
|    fps             | 64       |
|    time_elapsed    | 5816     |
|    total_timesteps | 376000   |
| train/             |          |
|    actor_loss      | -62.6    |
|    critic_loss     | 0.996    |
|    ent_coef        | 0.0226   |
|    ent_coef_loss   | -1.11    |
|    learning_rate   | 0.0003   |
|    n_updates       | 374999   |
---------------------------------
---------------------------------
| rollout/           |          |
|    ep_len_mean     | 1e+03    |
|    ep_rew_mean     | -109     |
| time/              |          |
|    episodes        | 380      |
|    fps             | 64       |
|    time_elapsed    | 5894     |
|    total_timesteps | 380000   |
| train/             |          |
|    actor_loss      | -60.1    |
|    critic_loss     | 0.531    |
|    ent_coef        | 0.0191   |
|    ent_coef_loss   | -1.21    |
|    learning_rate   | 0.0003   |
|    n_updates       | 378999   |
---------------------------------
---------------------------------
| rollout/           |          |
|    ep_len_mean     | 1e+03    |
|    ep_rew_mean     | -128     |
| time/              |          |
|    episodes        | 384      |
|    fps             | 64       |
|    time_elapsed    | 5972     |
|    total_timesteps | 384000   |
| train/             |          |
|    actor_loss      | -58.9    |
|    critic_loss     | 0.243    |
|    ent_coef        | 0.0194   |
|    ent_coef_loss   | -0.0499  |
|    learning_rate   | 0.0003   |
|    n_updates       | 382999   |
---------------------------------
---------------------------------
| rollout/           |          |
|    ep_len_mean     | 1e+03    |
|    ep_rew_mean     | -167     |
| time/              |          |
|    episodes        | 388      |
|    fps             | 64       |
|    time_elapsed    | 6052     |
|    total_timesteps | 388000   |
| train/             |          |
|    actor_loss      | -60.5    |
|    critic_loss     | 0.561    |
|    ent_coef        | 0.021    |
|    ent_coef_loss   | 1.9      |
|    learning_rate   | 0.0003   |
|    n_updates       | 386999   |
---------------------------------
---------------------------------
| rollout/           |          |
|    ep_len_mean     | 1e+03    |
|    ep_rew_mean     | -200     |
| time/              |          |
|    episodes        | 392      |
|    fps             | 63       |
|    time_elapsed    | 6125     |
|    total_timesteps | 392000   |
| train/             |          |
|    actor_loss      | -59.4    |
|    critic_loss     | 3.21     |
|    ent_coef        | 0.0176   |
|    ent_coef_loss   | 0.338    |
|    learning_rate   | 0.0003   |
|    n_updates       | 390999   |
---------------------------------
---------------------------------
| rollout/           |          |
|    ep_len_mean     | 1e+03    |
|    ep_rew_mean     | -196     |
| time/              |          |
|    episodes        | 396      |
|    fps             | 63       |
|    time_elapsed    | 6198     |
|    total_timesteps | 396000   |
| train/             |          |
|    actor_loss      | -60      |
|    critic_loss     | 0.285    |
|    ent_coef        | 0.0173   |
|    ent_coef_loss   | 0.741    |
|    learning_rate   | 0.0003   |
|    n_updates       | 394999   |
---------------------------------
[EvalCheckpoint] step 400,000: 0/5 success, mean waypoints 0.0, mean steps 800 (train tol 0.60 m, hold 20)
---------------------------------
| rollout/           |          |
|    ep_len_mean     | 1e+03    |
|    ep_rew_mean     | -180     |
| time/              |          |
|    episodes        | 400      |
|    fps             | 63       |
|    time_elapsed    | 6269     |
|    total_timesteps | 400000   |
| train/             |          |
|    actor_loss      | -58.3    |
|    critic_loss     | 842      |
|    ent_coef        | 0.021    |
|    ent_coef_loss   | -1.2     |
|    learning_rate   | 0.0003   |
|    n_updates       | 398999   |
---------------------------------
---------------------------------
| rollout/           |          |
|    ep_len_mean     | 1e+03    |
|    ep_rew_mean     | -176     |
| time/              |          |
|    episodes        | 404      |
|    fps             | 63       |
|    time_elapsed    | 6337     |
|    total_timesteps | 404000   |
| train/             |          |
|    actor_loss      | -68.9    |
|    critic_loss     | 1.97     |
|    ent_coef        | 0.0222   |
|    ent_coef_loss   | -0.211   |
|    learning_rate   | 0.0003   |
|    n_updates       | 402999   |
---------------------------------
---------------------------------
| rollout/           |          |
|    ep_len_mean     | 1e+03    |
|    ep_rew_mean     | -177     |
| time/              |          |
|    episodes        | 408      |
|    fps             | 63       |
|    time_elapsed    | 6416     |
|    total_timesteps | 408000   |
| train/             |          |
|    actor_loss      | -57.6    |
|    critic_loss     | 0.314    |
|    ent_coef        | 0.0275   |
|    ent_coef_loss   | 0.433    |
|    learning_rate   | 0.0003   |
|    n_updates       | 406999   |
---------------------------------
---------------------------------
| rollout/           |          |
|    ep_len_mean     | 1e+03    |
|    ep_rew_mean     | -181     |
| time/              |          |
|    episodes        | 412      |
|    fps             | 63       |
|    time_elapsed    | 6499     |
|    total_timesteps | 412000   |
| train/             |          |
|    actor_loss      | -69.6    |
|    critic_loss     | 0.239    |
|    ent_coef        | 0.0287   |
|    ent_coef_loss   | -0.462   |
|    learning_rate   | 0.0003   |
|    n_updates       | 410999   |
---------------------------------
---------------------------------
| rollout/           |          |
|    ep_len_mean     | 1e+03    |
|    ep_rew_mean     | -194     |
| time/              |          |
|    episodes        | 416      |
|    fps             | 63       |
|    time_elapsed    | 6582     |
|    total_timesteps | 416000   |
| train/             |          |
|    actor_loss      | -61.7    |
|    critic_loss     | 0.166    |
|    ent_coef        | 0.0248   |
|    ent_coef_loss   | -1.81    |
|    learning_rate   | 0.0003   |
|    n_updates       | 414999   |
---------------------------------
---------------------------------
| rollout/           |          |
|    ep_len_mean     | 1e+03    |
|    ep_rew_mean     | -197     |
| time/              |          |
|    episodes        | 420      |
|    fps             | 63       |
|    time_elapsed    | 6664     |
|    total_timesteps | 420000   |
| train/             |          |
|    actor_loss      | -73.5    |
|    critic_loss     | 0.337    |
|    ent_coef        | 0.0259   |
|    ent_coef_loss   | -0.434   |
|    learning_rate   | 0.0003   |
|    n_updates       | 418999   |
---------------------------------
---------------------------------
| rollout/           |          |
|    ep_len_mean     | 1e+03    |
|    ep_rew_mean     | -200     |
| time/              |          |
|    episodes        | 424      |
|    fps             | 62       |
|    time_elapsed    | 6747     |
|    total_timesteps | 424000   |
| train/             |          |
|    actor_loss      | -68.8    |
|    critic_loss     | 0.575    |
|    ent_coef        | 0.0234   |
|    ent_coef_loss   | 0.195    |
|    learning_rate   | 0.0003   |
|    n_updates       | 422999   |
---------------------------------
[EvalCheckpoint] step 425,000: 0/5 success, mean waypoints 0.0, mean steps 800 (train tol 0.60 m, hold 20)
---------------------------------
| rollout/           |          |
|    ep_len_mean     | 1e+03    |
|    ep_rew_mean     | -211     |
| time/              |          |
|    episodes        | 428      |
|    fps             | 62       |
|    time_elapsed    | 6831     |
|    total_timesteps | 428000   |
| train/             |          |
|    actor_loss      | -65.2    |
|    critic_loss     | 1.54     |
|    ent_coef        | 0.0283   |
|    ent_coef_loss   | -0.423   |
|    learning_rate   | 0.0003   |
|    n_updates       | 426999   |
---------------------------------
---------------------------------
| rollout/           |          |
|    ep_len_mean     | 1e+03    |
|    ep_rew_mean     | -215     |
| time/              |          |
|    episodes        | 432      |
|    fps             | 62       |
|    time_elapsed    | 6912     |
|    total_timesteps | 432000   |
| train/             |          |
|    actor_loss      | -64.9    |
|    critic_loss     | 1.43     |
|    ent_coef        | 0.0262   |
|    ent_coef_loss   | 1.64     |
|    learning_rate   | 0.0003   |
|    n_updates       | 430999   |
---------------------------------
---------------------------------
| rollout/           |          |
|    ep_len_mean     | 1e+03    |
|    ep_rew_mean     | -209     |
| time/              |          |
|    episodes        | 436      |
|    fps             | 62       |
|    time_elapsed    | 6989     |
|    total_timesteps | 436000   |
| train/             |          |
|    actor_loss      | -60.8    |
|    critic_loss     | 0.238    |
|    ent_coef        | 0.0225   |
|    ent_coef_loss   | 0.0207   |
|    learning_rate   | 0.0003   |
|    n_updates       | 434999   |
---------------------------------
---------------------------------
| rollout/           |          |
|    ep_len_mean     | 1e+03    |
|    ep_rew_mean     | -212     |
| time/              |          |
|    episodes        | 440      |
|    fps             | 62       |
|    time_elapsed    | 7072     |
|    total_timesteps | 440000   |
| train/             |          |
|    actor_loss      | -65.2    |
|    critic_loss     | 1        |
|    ent_coef        | 0.0266   |
|    ent_coef_loss   | -0.658   |
|    learning_rate   | 0.0003   |
|    n_updates       | 438999   |
---------------------------------
---------------------------------
| rollout/           |          |
|    ep_len_mean     | 1e+03    |
|    ep_rew_mean     | -133     |
| time/              |          |
|    episodes        | 444      |
|    fps             | 62       |
|    time_elapsed    | 7155     |
|    total_timesteps | 444000   |
| train/             |          |
|    actor_loss      | -58.5    |
|    critic_loss     | 0.483    |
|    ent_coef        | 0.0256   |
|    ent_coef_loss   | 0.164    |
|    learning_rate   | 0.0003   |
|    n_updates       | 442999   |
---------------------------------
---------------------------------
| rollout/           |          |
|    ep_len_mean     | 1e+03    |
|    ep_rew_mean     | -59.4    |
| time/              |          |
|    episodes        | 448      |
|    fps             | 61       |
|    time_elapsed    | 7236     |
|    total_timesteps | 448000   |
| train/             |          |
|    actor_loss      | -68.2    |
|    critic_loss     | 0.465    |
|    ent_coef        | 0.0289   |
|    ent_coef_loss   | 0.00118  |
|    learning_rate   | 0.0003   |
|    n_updates       | 446999   |
---------------------------------
[EvalCheckpoint] step 450,000: 0/5 success, mean waypoints 0.0, mean steps 800 (train tol 0.60 m, hold 20)
---------------------------------
| rollout/           |          |
|    ep_len_mean     | 1e+03    |
|    ep_rew_mean     | -55.8    |
| time/              |          |
|    episodes        | 452      |
|    fps             | 61       |
|    time_elapsed    | 7320     |
|    total_timesteps | 452000   |
| train/             |          |
|    actor_loss      | -68.9    |
|    critic_loss     | 0.343    |
|    ent_coef        | 0.028    |
|    ent_coef_loss   | 0.745    |
|    learning_rate   | 0.0003   |
|    n_updates       | 450999   |
---------------------------------
---------------------------------
| rollout/           |          |
|    ep_len_mean     | 1e+03    |
|    ep_rew_mean     | -53.8    |
| time/              |          |
|    episodes        | 456      |
|    fps             | 61       |
|    time_elapsed    | 7403     |
|    total_timesteps | 456000   |
| train/             |          |
|    actor_loss      | -72.8    |
|    critic_loss     | 0.462    |
|    ent_coef        | 0.0345   |
|    ent_coef_loss   | 0.525    |
|    learning_rate   | 0.0003   |
|    n_updates       | 454999   |
---------------------------------
---------------------------------
| rollout/           |          |
|    ep_len_mean     | 1e+03    |
|    ep_rew_mean     | -51.1    |
| time/              |          |
|    episodes        | 460      |
|    fps             | 61       |
|    time_elapsed    | 7472     |
|    total_timesteps | 460000   |
| train/             |          |
|    actor_loss      | -69.7    |
|    critic_loss     | 0.317    |
|    ent_coef        | 0.0229   |
|    ent_coef_loss   | -0.388   |
|    learning_rate   | 0.0003   |
|    n_updates       | 458999   |
---------------------------------
---------------------------------
| rollout/           |          |
|    ep_len_mean     | 1e+03    |
|    ep_rew_mean     | -41.2    |
| time/              |          |
|    episodes        | 464      |
|    fps             | 61       |
|    time_elapsed    | 7545     |
|    total_timesteps | 464000   |
| train/             |          |
|    actor_loss      | -59.9    |
|    critic_loss     | 0.286    |
|    ent_coef        | 0.0331   |
|    ent_coef_loss   | -3.17    |
|    learning_rate   | 0.0003   |
|    n_updates       | 462999   |
---------------------------------
---------------------------------
| rollout/           |          |
|    ep_len_mean     | 1e+03    |
|    ep_rew_mean     | -36.1    |
| time/              |          |
|    episodes        | 468      |
|    fps             | 61       |
|    time_elapsed    | 7626     |
|    total_timesteps | 468000   |
| train/             |          |
|    actor_loss      | -67.9    |
|    critic_loss     | 0.224    |
|    ent_coef        | 0.034    |
|    ent_coef_loss   | -0.301   |
|    learning_rate   | 0.0003   |
|    n_updates       | 466999   |
---------------------------------
---------------------------------
| rollout/           |          |
|    ep_len_mean     | 1e+03    |
|    ep_rew_mean     | 10.9     |
| time/              |          |
|    episodes        | 472      |
|    fps             | 61       |
|    time_elapsed    | 7706     |
|    total_timesteps | 472000   |
| train/             |          |
|    actor_loss      | -69.2    |
|    critic_loss     | 0.381    |
|    ent_coef        | 0.0383   |
|    ent_coef_loss   | 0.261    |
|    learning_rate   | 0.0003   |
|    n_updates       | 470999   |
---------------------------------
[EvalCheckpoint] step 475,000: 0/5 success, mean waypoints 0.0, mean steps 800 (train tol 0.60 m, hold 20)
---------------------------------
| rollout/           |          |
|    ep_len_mean     | 1e+03    |
|    ep_rew_mean     | 12.6     |
| time/              |          |
|    episodes        | 476      |
|    fps             | 61       |
|    time_elapsed    | 7788     |
|    total_timesteps | 476000   |
| train/             |          |
|    actor_loss      | -69.7    |
|    critic_loss     | 0.306    |
|    ent_coef        | 0.045    |
|    ent_coef_loss   | -2.1     |
|    learning_rate   | 0.0003   |
|    n_updates       | 474999   |
---------------------------------
---------------------------------
| rollout/           |          |
|    ep_len_mean     | 1e+03    |
|    ep_rew_mean     | 17.4     |
| time/              |          |
|    episodes        | 480      |
|    fps             | 61       |
|    time_elapsed    | 7868     |
|    total_timesteps | 480000   |
| train/             |          |
|    actor_loss      | -69.6    |
|    critic_loss     | 0.278    |
|    ent_coef        | 0.0515   |
|    ent_coef_loss   | 0.339    |
|    learning_rate   | 0.0003   |
|    n_updates       | 478999   |
---------------------------------
---------------------------------
| rollout/           |          |
|    ep_len_mean     | 1e+03    |
|    ep_rew_mean     | 33       |
| time/              |          |
|    episodes        | 484      |
|    fps             | 60       |
|    time_elapsed    | 7949     |
|    total_timesteps | 484000   |
| train/             |          |
|    actor_loss      | -64      |
|    critic_loss     | 0.264    |
|    ent_coef        | 0.0425   |
|    ent_coef_loss   | 5.66     |
|    learning_rate   | 0.0003   |
|    n_updates       | 482999   |
---------------------------------
---------------------------------
| rollout/           |          |
|    ep_len_mean     | 1e+03    |
|    ep_rew_mean     | 69.3     |
| time/              |          |
|    episodes        | 488      |
|    fps             | 60       |
|    time_elapsed    | 8030     |
|    total_timesteps | 488000   |
| train/             |          |
|    actor_loss      | -48.7    |
|    critic_loss     | 4.71     |
|    ent_coef        | 0.0493   |
|    ent_coef_loss   | -3.85    |
|    learning_rate   | 0.0003   |
|    n_updates       | 486999   |
---------------------------------
---------------------------------
| rollout/           |          |
|    ep_len_mean     | 1e+03    |
|    ep_rew_mean     | 80       |
| time/              |          |
|    episodes        | 492      |
|    fps             | 60       |
|    time_elapsed    | 8111     |
|    total_timesteps | 492000   |
| train/             |          |
|    actor_loss      | -66      |
|    critic_loss     | 0.365    |
|    ent_coef        | 0.0491   |
|    ent_coef_loss   | 5.08     |
|    learning_rate   | 0.0003   |
|    n_updates       | 490999   |
---------------------------------
---------------------------------
| rollout/           |          |
|    ep_len_mean     | 1e+03    |
|    ep_rew_mean     | 62.2     |
| time/              |          |
|    episodes        | 496      |
|    fps             | 60       |
|    time_elapsed    | 8189     |
|    total_timesteps | 496000   |
| train/             |          |
|    actor_loss      | -65.2    |
|    critic_loss     | 0.638    |
|    ent_coef        | 0.0465   |
|    ent_coef_loss   | -3.86    |
|    learning_rate   | 0.0003   |
|    n_updates       | 494999   |
---------------------------------
[EvalCheckpoint] step 500,000: 0/5 success, mean waypoints 0.0, mean steps 800 (train tol 0.60 m, hold 20)
---------------------------------
| rollout/           |          |
|    ep_len_mean     | 1e+03    |
|    ep_rew_mean     | 60.7     |
| time/              |          |
|    episodes        | 500      |
|    fps             | 60       |
|    time_elapsed    | 8264     |
|    total_timesteps | 500000   |
| train/             |          |
|    actor_loss      | -67.2    |
|    critic_loss     | 0.349    |
|    ent_coef        | 0.0331   |
|    ent_coef_loss   | -2.25    |
|    learning_rate   | 0.0003   |
|    n_updates       | 498999   |
---------------------------------
[2026-08-14T22:05:57] Training complete in 8264.6s
[2026-08-14T22:05:57] Episodes: 500
[2026-08-14T22:05:57] Best reward: 227.84
[2026-08-14T22:05:57] Mean reward (100ep): 60.67
[2026-08-14T22:05:57] Final goal tolerance: 0.6
[2026-08-14T22:05:57] Curriculum stage: 0
[2026-08-14T22:05:57] Saved: {'model': 'C:\\Users\\ranjo\\OneDrive\\Desktop\\ARM-Model\\project_assets\\outputs\\Ablation\\no_hold_curr\\seed_103\\sac_model', 'history': 'C:\\Users\\ranjo\\OneDrive\\Desktop\\ARM-Model\\project_assets\\outputs\\Ablation\\no_hold_curr\\seed_103\\training_history.csv', 'stats': 'C:\\Users\\ranjo\\OneDrive\\Desktop\\ARM-Model\\project_assets\\outputs\\Ablation\\no_hold_curr\\seed_103\\training_stats.json'}
[2026-08-14T22:05:57] Best checkpoint: score=(0, 0.0, -800.0) at step 25000 -> C:\Users\ranjo\OneDrive\Desktop\ARM-Model\project_assets\outputs\Ablation\no_hold_curr\seed_103\sac_model_best.zip
[2026-08-14T22:05:57] Running Fitts' Law sweep (1 trials per condition)...
[2026-08-14T22:06:01] Fitts sweep complete in 3.3s
[2026-08-14T22:06:01] Fitts: MT = -0.3267 + +0.6429 * ID, R^2 = 0.7537 (n_conditions = 8, trials_per_condition = 1)
[2026-08-14T22:06:01] Saved: C:\Users\ranjo\OneDrive\Desktop\ARM-Model\project_assets\outputs\Ablation\no_hold_curr\seed_103\fitts_law.json
[2026-08-14T22:06:01] Saved: C:\Users\ranjo\OneDrive\Desktop\ARM-Model\project_assets\outputs\Ablation\no_hold_curr\seed_103\fitts_law.png
[2026-08-14T22:06:01] Running 2/3 Power Law sweep (1 trials)...
[2026-08-14T22:06:01] Power Law sweep complete in 0.1s
[2026-08-14T22:06:01] Power Law: log V = +0.1013 + -0.2820 * log C, R = -0.2713, R^2 = 0.0736 (n_samples = 198, n_trials = 0/1)
[2026-08-14T22:06:02] Saved: C:\Users\ranjo\OneDrive\Desktop\ARM-Model\project_assets\outputs\Ablation\no_hold_curr\seed_103\power_law.json
[2026-08-14T22:06:02] Saved: C:\Users\ranjo\OneDrive\Desktop\ARM-Model\project_assets\outputs\Ablation\no_hold_curr\seed_103\power_law.png
[2026-08-14T22:06:02] Session complete. Total wall time: 2:17:50.058685
[2026-08-14T22:06:02] ============================================================
