[2026-08-16T11:27:13] Starting Fischer session: algorithm=SAC, timesteps=500,000, direction=EAST, actuation=velocity, seed=201
[2026-08-16T11:27:13] Save dir: C:\Users\ranjo\OneDrive\Desktop\ARM-Model\project_assets\outputs\ActuationComparison\velocity_500k_seed201
[2026-08-16T11:27:13] Ablation config: hold_decrement=3, hold_curriculum=on, curriculum_mode=eval
Using cpu device
Wrapping the env with a `Monitor` wrapper
Wrapping the env in a DummyVecEnv.
[HoldCurriculum] Initial hold requirement: 10 steps (ladder: [10, 15, 20], threshold: 60%)
----------------------------------
| rollout/           |           |
|    ep_len_mean     | 862       |
|    ep_rew_mean     | -1.22e+03 |
| time/              |           |
|    episodes        | 4         |
|    fps             | 108       |
|    time_elapsed    | 31        |
|    total_timesteps | 3448      |
| train/             |           |
|    actor_loss      | 11.9      |
|    critic_loss     | 6.17      |
|    ent_coef        | 0.496     |
|    ent_coef_loss   | -1.62     |
|    learning_rate   | 0.0003    |
|    n_updates       | 2447      |
----------------------------------
---------------------------------
| rollout/           |          |
|    ep_len_mean     | 613      |
|    ep_rew_mean     | -501     |
| time/              |          |
|    episodes        | 8        |
|    fps             | 95       |
|    time_elapsed    | 51       |
|    total_timesteps | 4902     |
| train/             |          |
|    actor_loss      | 2.84     |
|    critic_loss     | 30.4     |
|    ent_coef        | 0.381    |
|    ent_coef_loss   | -0.909   |
|    learning_rate   | 0.0003   |
|    n_updates       | 3901     |
---------------------------------
---------------------------------
| rollout/           |          |
|    ep_len_mean     | 433      |
|    ep_rew_mean     | -281     |
| time/              |          |
|    episodes        | 12       |
|    fps             | 93       |
|    time_elapsed    | 55       |
|    total_timesteps | 5193     |
| train/             |          |
|    actor_loss      | 0.551    |
|    critic_loss     | 47.3     |
|    ent_coef        | 0.365    |
|    ent_coef_loss   | -0.582   |
|    learning_rate   | 0.0003   |
|    n_updates       | 4192     |
---------------------------------
---------------------------------
| rollout/           |          |
|    ep_len_mean     | 344      |
|    ep_rew_mean     | -169     |
| time/              |          |
|    episodes        | 16       |
|    fps             | 92       |
|    time_elapsed    | 59       |
|    total_timesteps | 5501     |
| train/             |          |
|    actor_loss      | 6.98     |
|    critic_loss     | 39.3     |
|    ent_coef        | 0.353    |
|    ent_coef_loss   | -0.717   |
|    learning_rate   | 0.0003   |
|    n_updates       | 4500     |
---------------------------------
---------------------------------
| rollout/           |          |
|    ep_len_mean     | 290      |
|    ep_rew_mean     | -96      |
| time/              |          |
|    episodes        | 20       |
|    fps             | 90       |
|    time_elapsed    | 63       |
|    total_timesteps | 5803     |
| train/             |          |
|    actor_loss      | -19.7    |
|    critic_loss     | 118      |
|    ent_coef        | 0.345    |
|    ent_coef_loss   | -0.355   |
|    learning_rate   | 0.0003   |
|    n_updates       | 4802     |
---------------------------------
---------------------------------
| rollout/           |          |
|    ep_len_mean     | 254      |
|    ep_rew_mean     | -48.2    |
| time/              |          |
|    episodes        | 24       |
|    fps             | 89       |
|    time_elapsed    | 68       |
|    total_timesteps | 6100     |
| train/             |          |
|    actor_loss      | -9.33    |
|    critic_loss     | 122      |
|    ent_coef        | 0.34     |
|    ent_coef_loss   | -0.34    |
|    learning_rate   | 0.0003   |
|    n_updates       | 5099     |
---------------------------------
---------------------------------
| rollout/           |          |
|    ep_len_mean     | 228      |
|    ep_rew_mean     | -12.5    |
| time/              |          |
|    episodes        | 28       |
|    fps             | 87       |
|    time_elapsed    | 72       |
|    total_timesteps | 6386     |
| train/             |          |
|    actor_loss      | -12      |
|    critic_loss     | 115      |
|    ent_coef        | 0.339    |
|    ent_coef_loss   | 0.29     |
|    learning_rate   | 0.0003   |
|    n_updates       | 5385     |
---------------------------------
---------------------------------
| rollout/           |          |
|    ep_len_mean     | 209      |
|    ep_rew_mean     | 13.3     |
| time/              |          |
|    episodes        | 32       |
|    fps             | 86       |
|    time_elapsed    | 76       |
|    total_timesteps | 6675     |
| train/             |          |
|    actor_loss      | -24.8    |
|    critic_loss     | 153      |
|    ent_coef        | 0.342    |
|    ent_coef_loss   | 0.161    |
|    learning_rate   | 0.0003   |
|    n_updates       | 5674     |
---------------------------------
---------------------------------
| rollout/           |          |
|    ep_len_mean     | 193      |
|    ep_rew_mean     | 33.9     |
| time/              |          |
|    episodes        | 36       |
|    fps             | 85       |
|    time_elapsed    | 80       |
|    total_timesteps | 6956     |
| train/             |          |
|    actor_loss      | -17.9    |
|    critic_loss     | 328      |
|    ent_coef        | 0.355    |
|    ent_coef_loss   | 0.609    |
|    learning_rate   | 0.0003   |
|    n_updates       | 5955     |
---------------------------------
---------------------------------
| rollout/           |          |
|    ep_len_mean     | 184      |
|    ep_rew_mean     | 107      |
| time/              |          |
|    episodes        | 40       |
|    fps             | 85       |
|    time_elapsed    | 86       |
|    total_timesteps | 7342     |
| train/             |          |
|    actor_loss      | -38.2    |
|    critic_loss     | 143      |
|    ent_coef        | 0.384    |
|    ent_coef_loss   | 0.723    |
|    learning_rate   | 0.0003   |
|    n_updates       | 6341     |
---------------------------------
---------------------------------
| rollout/           |          |
|    ep_len_mean     | 173      |
|    ep_rew_mean     | 115      |
| time/              |          |
|    episodes        | 44       |
|    fps             | 84       |
|    time_elapsed    | 89       |
|    total_timesteps | 7598     |
| train/             |          |
|    actor_loss      | -35.9    |
|    critic_loss     | 109      |
|    ent_coef        | 0.41     |
|    ent_coef_loss   | 0.324    |
|    learning_rate   | 0.0003   |
|    n_updates       | 6597     |
---------------------------------
---------------------------------
| rollout/           |          |
|    ep_len_mean     | 164      |
|    ep_rew_mean     | 138      |
| time/              |          |
|    episodes        | 48       |
|    fps             | 84       |
|    time_elapsed    | 93       |
|    total_timesteps | 7893     |
| train/             |          |
|    actor_loss      | -63.8    |
|    critic_loss     | 99.2     |
|    ent_coef        | 0.443    |
|    ent_coef_loss   | 0.528    |
|    learning_rate   | 0.0003   |
|    n_updates       | 6892     |
---------------------------------
[HoldCurriculum] Advanced to hold=15 steps (success rate 90.0%, stage 1/2)
---------------------------------
| rollout/           |          |
|    ep_len_mean     | 211      |
|    ep_rew_mean     | 927      |
| time/              |          |
|    episodes        | 52       |
|    fps             | 79       |
|    time_elapsed    | 137      |
|    total_timesteps | 10955    |
| train/             |          |
|    actor_loss      | -180     |
|    critic_loss     | 311      |
|    ent_coef        | 0.948    |
|    ent_coef_loss   | 0.0111   |
|    learning_rate   | 0.0003   |
|    n_updates       | 9954     |
---------------------------------
---------------------------------
| rollout/           |          |
|    ep_len_mean     | 267      |
|    ep_rew_mean     | 2.03e+03 |
| time/              |          |
|    episodes        | 56       |
|    fps             | 76       |
|    time_elapsed    | 195      |
|    total_timesteps | 14955    |
| train/             |          |
|    actor_loss      | -357     |
|    critic_loss     | 53.9     |
|    ent_coef        | 1.59     |
|    ent_coef_loss   | 0.0271   |
|    learning_rate   | 0.0003   |
|    n_updates       | 13954    |
---------------------------------
---------------------------------
| rollout/           |          |
|    ep_len_mean     | 316      |
|    ep_rew_mean     | 3.03e+03 |
| time/              |          |
|    episodes        | 60       |
|    fps             | 74       |
|    time_elapsed    | 255      |
|    total_timesteps | 18955    |
| train/             |          |
|    actor_loss      | -507     |
|    critic_loss     | 129      |
|    ent_coef        | 1.81     |
|    ent_coef_loss   | 0.0307   |
|    learning_rate   | 0.0003   |
|    n_updates       | 17954    |
---------------------------------
---------------------------------
| rollout/           |          |
|    ep_len_mean     | 359      |
|    ep_rew_mean     | 3.9e+03  |
| time/              |          |
|    episodes        | 64       |
|    fps             | 71       |
|    time_elapsed    | 319      |
|    total_timesteps | 22955    |
| train/             |          |
|    actor_loss      | -651     |
|    critic_loss     | 228      |
|    ent_coef        | 2.01     |
|    ent_coef_loss   | 0.048    |
|    learning_rate   | 0.0003   |
|    n_updates       | 21954    |
---------------------------------
---------------------------------
| rollout/           |          |
|    ep_len_mean     | 396      |
|    ep_rew_mean     | 4.73e+03 |
| time/              |          |
|    episodes        | 68       |
|    fps             | 70       |
|    time_elapsed    | 379      |
|    total_timesteps | 26955    |
| train/             |          |
|    actor_loss      | -749     |
|    critic_loss     | 80.2     |
|    ent_coef        | 2.32     |
|    ent_coef_loss   | 0.169    |
|    learning_rate   | 0.0003   |
|    n_updates       | 25954    |
---------------------------------
---------------------------------
| rollout/           |          |
|    ep_len_mean     | 430      |
|    ep_rew_mean     | 5.53e+03 |
| time/              |          |
|    episodes        | 72       |
|    fps             | 70       |
|    time_elapsed    | 438      |
|    total_timesteps | 30955    |
| train/             |          |
|    actor_loss      | -831     |
|    critic_loss     | 176      |
|    ent_coef        | 2.56     |
|    ent_coef_loss   | 0.0372   |
|    learning_rate   | 0.0003   |
|    n_updates       | 29954    |
---------------------------------
---------------------------------
| rollout/           |          |
|    ep_len_mean     | 460      |
|    ep_rew_mean     | 6.26e+03 |
| time/              |          |
|    episodes        | 76       |
|    fps             | 70       |
|    time_elapsed    | 495      |
|    total_timesteps | 34955    |
| train/             |          |
|    actor_loss      | -901     |
|    critic_loss     | 94.5     |
|    ent_coef        | 2.73     |
|    ent_coef_loss   | -0.056   |
|    learning_rate   | 0.0003   |
|    n_updates       | 33954    |
---------------------------------
---------------------------------
| rollout/           |          |
|    ep_len_mean     | 487      |
|    ep_rew_mean     | 6.96e+03 |
| time/              |          |
|    episodes        | 80       |
|    fps             | 70       |
|    time_elapsed    | 552      |
|    total_timesteps | 38955    |
| train/             |          |
|    actor_loss      | -978     |
|    critic_loss     | 116      |
|    ent_coef        | 2.92     |
|    ent_coef_loss   | 0.0304   |
|    learning_rate   | 0.0003   |
|    n_updates       | 37954    |
---------------------------------
----------------------------------
| rollout/           |           |
|    ep_len_mean     | 511       |
|    ep_rew_mean     | 7.62e+03  |
| time/              |           |
|    episodes        | 84        |
|    fps             | 70        |
|    time_elapsed    | 608       |
|    total_timesteps | 42955     |
| train/             |           |
|    actor_loss      | -1.01e+03 |
|    critic_loss     | 86.6      |
|    ent_coef        | 3.04      |
|    ent_coef_loss   | 0.146     |
|    learning_rate   | 0.0003    |
|    n_updates       | 41954     |
----------------------------------
----------------------------------
| rollout/           |           |
|    ep_len_mean     | 534       |
|    ep_rew_mean     | 8.24e+03  |
| time/              |           |
|    episodes        | 88        |
|    fps             | 70        |
|    time_elapsed    | 669       |
|    total_timesteps | 46955     |
| train/             |           |
|    actor_loss      | -1.06e+03 |
|    critic_loss     | 83        |
|    ent_coef        | 3.1       |
|    ent_coef_loss   | 0.068     |
|    learning_rate   | 0.0003    |
|    n_updates       | 45954     |
----------------------------------
----------------------------------
| rollout/           |           |
|    ep_len_mean     | 554       |
|    ep_rew_mean     | 8.83e+03  |
| time/              |           |
|    episodes        | 92        |
|    fps             | 69        |
|    time_elapsed    | 728       |
|    total_timesteps | 50955     |
| train/             |           |
|    actor_loss      | -1.13e+03 |
|    critic_loss     | 111       |
|    ent_coef        | 3.26      |
|    ent_coef_loss   | -0.131    |
|    learning_rate   | 0.0003    |
|    n_updates       | 49954     |
----------------------------------
----------------------------------
| rollout/           |           |
|    ep_len_mean     | 572       |
|    ep_rew_mean     | 9.38e+03  |
| time/              |           |
|    episodes        | 96        |
|    fps             | 70        |
|    time_elapsed    | 784       |
|    total_timesteps | 54955     |
| train/             |           |
|    actor_loss      | -1.18e+03 |
|    critic_loss     | 97        |
|    ent_coef        | 3.34      |
|    ent_coef_loss   | -0.215    |
|    learning_rate   | 0.0003    |
|    n_updates       | 53954     |
----------------------------------
----------------------------------
| rollout/           |           |
|    ep_len_mean     | 590       |
|    ep_rew_mean     | 9.9e+03   |
| time/              |           |
|    episodes        | 100       |
|    fps             | 70        |
|    time_elapsed    | 837       |
|    total_timesteps | 58955     |
| train/             |           |
|    actor_loss      | -1.23e+03 |
|    critic_loss     | 253       |
|    ent_coef        | 3.53      |
|    ent_coef_loss   | 0.135     |
|    learning_rate   | 0.0003    |
|    n_updates       | 57954     |
----------------------------------
----------------------------------
| rollout/           |           |
|    ep_len_mean     | 595       |
|    ep_rew_mean     | 1.08e+04  |
| time/              |           |
|    episodes        | 104       |
|    fps             | 70        |
|    time_elapsed    | 894       |
|    total_timesteps | 62955     |
| train/             |           |
|    actor_loss      | -1.26e+03 |
|    critic_loss     | 152       |
|    ent_coef        | 3.72      |
|    ent_coef_loss   | 0.0632    |
|    learning_rate   | 0.0003    |
|    n_updates       | 61954     |
----------------------------------
----------------------------------
| rollout/           |           |
|    ep_len_mean     | 621       |
|    ep_rew_mean     | 1.17e+04  |
| time/              |           |
|    episodes        | 108       |
|    fps             | 70        |
|    time_elapsed    | 956       |
|    total_timesteps | 66955     |
| train/             |           |
|    actor_loss      | -1.32e+03 |
|    critic_loss     | 682       |
|    ent_coef        | 3.88      |
|    ent_coef_loss   | -0.165    |
|    learning_rate   | 0.0003    |
|    n_updates       | 65954     |
----------------------------------
----------------------------------
| rollout/           |           |
|    ep_len_mean     | 658       |
|    ep_rew_mean     | 1.26e+04  |
| time/              |           |
|    episodes        | 112       |
|    fps             | 69        |
|    time_elapsed    | 1020      |
|    total_timesteps | 70955     |
| train/             |           |
|    actor_loss      | -1.34e+03 |
|    critic_loss     | 140       |
|    ent_coef        | 3.83      |
|    ent_coef_loss   | -0.231    |
|    learning_rate   | 0.0003    |
|    n_updates       | 69954     |
----------------------------------
----------------------------------
| rollout/           |           |
|    ep_len_mean     | 695       |
|    ep_rew_mean     | 1.35e+04  |
| time/              |           |
|    episodes        | 116       |
|    fps             | 69        |
|    time_elapsed    | 1078      |
|    total_timesteps | 74955     |
| train/             |           |
|    actor_loss      | -1.39e+03 |
|    critic_loss     | 106       |
|    ent_coef        | 3.74      |
|    ent_coef_loss   | 0.019     |
|    learning_rate   | 0.0003    |
|    n_updates       | 73954     |
----------------------------------
----------------------------------
| rollout/           |           |
|    ep_len_mean     | 732       |
|    ep_rew_mean     | 1.44e+04  |
| time/              |           |
|    episodes        | 120       |
|    fps             | 69        |
|    time_elapsed    | 1136      |
|    total_timesteps | 78955     |
| train/             |           |
|    actor_loss      | -1.43e+03 |
|    critic_loss     | 112       |
|    ent_coef        | 3.73      |
|    ent_coef_loss   | -0.0958   |
|    learning_rate   | 0.0003    |
|    n_updates       | 77954     |
----------------------------------
----------------------------------
| rollout/           |           |
|    ep_len_mean     | 769       |
|    ep_rew_mean     | 1.53e+04  |
| time/              |           |
|    episodes        | 124       |
|    fps             | 69        |
|    time_elapsed    | 1195      |
|    total_timesteps | 82955     |
| train/             |           |
|    actor_loss      | -1.44e+03 |
|    critic_loss     | 136       |
|    ent_coef        | 3.66      |
|    ent_coef_loss   | 0.127     |
|    learning_rate   | 0.0003    |
|    n_updates       | 81954     |
----------------------------------
----------------------------------
| rollout/           |           |
|    ep_len_mean     | 806       |
|    ep_rew_mean     | 1.62e+04  |
| time/              |           |
|    episodes        | 128       |
|    fps             | 69        |
|    time_elapsed    | 1254      |
|    total_timesteps | 86955     |
| train/             |           |
|    actor_loss      | -1.47e+03 |
|    critic_loss     | 105       |
|    ent_coef        | 3.76      |
|    ent_coef_loss   | 0.158     |
|    learning_rate   | 0.0003    |
|    n_updates       | 85954     |
----------------------------------
----------------------------------
| rollout/           |           |
|    ep_len_mean     | 843       |
|    ep_rew_mean     | 1.72e+04  |
| time/              |           |
|    episodes        | 132       |
|    fps             | 69        |
|    time_elapsed    | 1315      |
|    total_timesteps | 90955     |
| train/             |           |
|    actor_loss      | -1.47e+03 |
|    critic_loss     | 99.3      |
|    ent_coef        | 3.69      |
|    ent_coef_loss   | 0.0458    |
|    learning_rate   | 0.0003    |
|    n_updates       | 89954     |
----------------------------------
----------------------------------
| rollout/           |           |
|    ep_len_mean     | 880       |
|    ep_rew_mean     | 1.81e+04  |
| time/              |           |
|    episodes        | 136       |
|    fps             | 69        |
|    time_elapsed    | 1376      |
|    total_timesteps | 94955     |
| train/             |           |
|    actor_loss      | -1.54e+03 |
|    critic_loss     | 96.7      |
|    ent_coef        | 3.68      |
|    ent_coef_loss   | -0.0477   |
|    learning_rate   | 0.0003    |
|    n_updates       | 93954     |
----------------------------------
----------------------------------
| rollout/           |           |
|    ep_len_mean     | 916       |
|    ep_rew_mean     | 1.9e+04   |
| time/              |           |
|    episodes        | 140       |
|    fps             | 68        |
|    time_elapsed    | 1436      |
|    total_timesteps | 98955     |
| train/             |           |
|    actor_loss      | -1.54e+03 |
|    critic_loss     | 907       |
|    ent_coef        | 3.68      |
|    ent_coef_loss   | 0.0861    |
|    learning_rate   | 0.0003    |
|    n_updates       | 97954     |
----------------------------------
----------------------------------
| rollout/           |           |
|    ep_len_mean     | 954       |
|    ep_rew_mean     | 1.99e+04  |
| time/              |           |
|    episodes        | 144       |
|    fps             | 68        |
|    time_elapsed    | 1495      |
|    total_timesteps | 102955    |
| train/             |           |
|    actor_loss      | -1.56e+03 |
|    critic_loss     | 86.2      |
|    ent_coef        | 3.57      |
|    ent_coef_loss   | -0.00677  |
|    learning_rate   | 0.0003    |
|    n_updates       | 101954    |
----------------------------------
----------------------------------
| rollout/           |           |
|    ep_len_mean     | 991       |
|    ep_rew_mean     | 2.08e+04  |
| time/              |           |
|    episodes        | 148       |
|    fps             | 68        |
|    time_elapsed    | 1552      |
|    total_timesteps | 106955    |
| train/             |           |
|    actor_loss      | -1.58e+03 |
|    critic_loss     | 87.3      |
|    ent_coef        | 3.62      |
|    ent_coef_loss   | 0.137     |
|    learning_rate   | 0.0003    |
|    n_updates       | 105954    |
----------------------------------
---------------------------------
| rollout/           |          |
|    ep_len_mean     | 1e+03    |
|    ep_rew_mean     | 2.14e+04 |
| time/              |          |
|    episodes        | 152      |
|    fps             | 69       |
|    time_elapsed    | 1608     |
|    total_timesteps | 110955   |
| train/             |          |
|    actor_loss      | -1.6e+03 |
|    critic_loss     | 68.2     |
|    ent_coef        | 3.47     |
|    ent_coef_loss   | 0.146    |
|    learning_rate   | 0.0003   |
|    n_updates       | 109954   |
---------------------------------
----------------------------------
| rollout/           |           |
|    ep_len_mean     | 1e+03     |
|    ep_rew_mean     | 2.17e+04  |
| time/              |           |
|    episodes        | 156       |
|    fps             | 69        |
|    time_elapsed    | 1664      |
|    total_timesteps | 114955    |
| train/             |           |
|    actor_loss      | -1.67e+03 |
|    critic_loss     | 74.2      |
|    ent_coef        | 3.51      |
|    ent_coef_loss   | -0.166    |
|    learning_rate   | 0.0003    |
|    n_updates       | 113954    |
----------------------------------
----------------------------------
| rollout/           |           |
|    ep_len_mean     | 1e+03     |
|    ep_rew_mean     | 2.19e+04  |
| time/              |           |
|    episodes        | 160       |
|    fps             | 69        |
|    time_elapsed    | 1721      |
|    total_timesteps | 118955    |
| train/             |           |
|    actor_loss      | -1.67e+03 |
|    critic_loss     | 107       |
|    ent_coef        | 3.43      |
|    ent_coef_loss   | -0.0313   |
|    learning_rate   | 0.0003    |
|    n_updates       | 117954    |
----------------------------------
----------------------------------
| rollout/           |           |
|    ep_len_mean     | 1e+03     |
|    ep_rew_mean     | 2.22e+04  |
| time/              |           |
|    episodes        | 164       |
|    fps             | 69        |
|    time_elapsed    | 1779      |
|    total_timesteps | 122955    |
| train/             |           |
|    actor_loss      | -1.69e+03 |
|    critic_loss     | 1.8e+03   |
|    ent_coef        | 3.42      |
|    ent_coef_loss   | 0.0848    |
|    learning_rate   | 0.0003    |
|    n_updates       | 121954    |
----------------------------------
----------------------------------
| rollout/           |           |
|    ep_len_mean     | 1e+03     |
|    ep_rew_mean     | 2.24e+04  |
| time/              |           |
|    episodes        | 168       |
|    fps             | 69        |
|    time_elapsed    | 1837      |
|    total_timesteps | 126955    |
| train/             |           |
|    actor_loss      | -1.69e+03 |
|    critic_loss     | 58.2      |
|    ent_coef        | 3.4       |
|    ent_coef_loss   | -0.0588   |
|    learning_rate   | 0.0003    |
|    n_updates       | 125954    |
----------------------------------
----------------------------------
| rollout/           |           |
|    ep_len_mean     | 1e+03     |
|    ep_rew_mean     | 2.26e+04  |
| time/              |           |
|    episodes        | 172       |
|    fps             | 69        |
|    time_elapsed    | 1894      |
|    total_timesteps | 130955    |
| train/             |           |
|    actor_loss      | -1.71e+03 |
|    critic_loss     | 107       |
|    ent_coef        | 3.42      |
|    ent_coef_loss   | -0.194    |
|    learning_rate   | 0.0003    |
|    n_updates       | 129954    |
----------------------------------
----------------------------------
| rollout/           |           |
|    ep_len_mean     | 1e+03     |
|    ep_rew_mean     | 2.28e+04  |
| time/              |           |
|    episodes        | 176       |
|    fps             | 69        |
|    time_elapsed    | 1948      |
|    total_timesteps | 134955    |
| train/             |           |
|    actor_loss      | -1.75e+03 |
|    critic_loss     | 102       |
|    ent_coef        | 3.3       |
|    ent_coef_loss   | 0.0884    |
|    learning_rate   | 0.0003    |
|    n_updates       | 133954    |
----------------------------------
----------------------------------
| rollout/           |           |
|    ep_len_mean     | 1e+03     |
|    ep_rew_mean     | 2.29e+04  |
| time/              |           |
|    episodes        | 180       |
|    fps             | 69        |
|    time_elapsed    | 2004      |
|    total_timesteps | 138955    |
| train/             |           |
|    actor_loss      | -1.76e+03 |
|    critic_loss     | 101       |
|    ent_coef        | 3.26      |
|    ent_coef_loss   | -0.223    |
|    learning_rate   | 0.0003    |
|    n_updates       | 137954    |
----------------------------------
----------------------------------
| rollout/           |           |
|    ep_len_mean     | 1e+03     |
|    ep_rew_mean     | 2.31e+04  |
| time/              |           |
|    episodes        | 184       |
|    fps             | 69        |
|    time_elapsed    | 2057      |
|    total_timesteps | 142955    |
| train/             |           |
|    actor_loss      | -1.79e+03 |
|    critic_loss     | 75.1      |
|    ent_coef        | 3.2       |
|    ent_coef_loss   | -0.0728   |
|    learning_rate   | 0.0003    |
|    n_updates       | 141954    |
----------------------------------
---------------------------------
| rollout/           |          |
|    ep_len_mean     | 1e+03    |
|    ep_rew_mean     | 2.32e+04 |
| time/              |          |
|    episodes        | 188      |
|    fps             | 69       |
|    time_elapsed    | 2111     |
|    total_timesteps | 146955   |
| train/             |          |
|    actor_loss      | -1.8e+03 |
|    critic_loss     | 84.7     |
|    ent_coef        | 3.16     |
|    ent_coef_loss   | 0.197    |
|    learning_rate   | 0.0003   |
|    n_updates       | 145954   |
---------------------------------
----------------------------------
| rollout/           |           |
|    ep_len_mean     | 1e+03     |
|    ep_rew_mean     | 2.33e+04  |
| time/              |           |
|    episodes        | 192       |
|    fps             | 69        |
|    time_elapsed    | 2172      |
|    total_timesteps | 150955    |
| train/             |           |
|    actor_loss      | -1.78e+03 |
|    critic_loss     | 51.3      |
|    ent_coef        | 3.17      |
|    ent_coef_loss   | -0.173    |
|    learning_rate   | 0.0003    |
|    n_updates       | 149954    |
----------------------------------
----------------------------------
| rollout/           |           |
|    ep_len_mean     | 1e+03     |
|    ep_rew_mean     | 2.33e+04  |
| time/              |           |
|    episodes        | 196       |
|    fps             | 69        |
|    time_elapsed    | 2242      |
|    total_timesteps | 154955    |
| train/             |           |
|    actor_loss      | -1.83e+03 |
|    critic_loss     | 42.9      |
|    ent_coef        | 3.03      |
|    ent_coef_loss   | 0.06      |
|    learning_rate   | 0.0003    |
|    n_updates       | 153954    |
----------------------------------
----------------------------------
| rollout/           |           |
|    ep_len_mean     | 1e+03     |
|    ep_rew_mean     | 2.34e+04  |
| time/              |           |
|    episodes        | 200       |
|    fps             | 68        |
|    time_elapsed    | 2323      |
|    total_timesteps | 158955    |
| train/             |           |
|    actor_loss      | -1.85e+03 |
|    critic_loss     | 46        |
|    ent_coef        | 3.08      |
|    ent_coef_loss   | 0.0322    |
|    learning_rate   | 0.0003    |
|    n_updates       | 157954    |
----------------------------------
----------------------------------
| rollout/           |           |
|    ep_len_mean     | 1e+03     |
|    ep_rew_mean     | 2.35e+04  |
| time/              |           |
|    episodes        | 204       |
|    fps             | 67        |
|    time_elapsed    | 2401      |
|    total_timesteps | 162955    |
| train/             |           |
|    actor_loss      | -1.85e+03 |
|    critic_loss     | 39.4      |
|    ent_coef        | 3.03      |
|    ent_coef_loss   | -0.0561   |
|    learning_rate   | 0.0003    |
|    n_updates       | 161954    |
----------------------------------
----------------------------------
| rollout/           |           |
|    ep_len_mean     | 1e+03     |
|    ep_rew_mean     | 2.36e+04  |
| time/              |           |
|    episodes        | 208       |
|    fps             | 67        |
|    time_elapsed    | 2475      |
|    total_timesteps | 166955    |
| train/             |           |
|    actor_loss      | -1.88e+03 |
|    critic_loss     | 88.9      |
|    ent_coef        | 2.99      |
|    ent_coef_loss   | -0.0381   |
|    learning_rate   | 0.0003    |
|    n_updates       | 165954    |
----------------------------------
----------------------------------
| rollout/           |           |
|    ep_len_mean     | 1e+03     |
|    ep_rew_mean     | 2.36e+04  |
| time/              |           |
|    episodes        | 212       |
|    fps             | 67        |
|    time_elapsed    | 2549      |
|    total_timesteps | 170955    |
| train/             |           |
|    actor_loss      | -1.89e+03 |
|    critic_loss     | 35.2      |
|    ent_coef        | 3         |
|    ent_coef_loss   | 0.0164    |
|    learning_rate   | 0.0003    |
|    n_updates       | 169954    |
----------------------------------
----------------------------------
| rollout/           |           |
|    ep_len_mean     | 1e+03     |
|    ep_rew_mean     | 2.37e+04  |
| time/              |           |
|    episodes        | 216       |
|    fps             | 66        |
|    time_elapsed    | 2627      |
|    total_timesteps | 174955    |
| train/             |           |
|    actor_loss      | -1.91e+03 |
|    critic_loss     | 58.4      |
|    ent_coef        | 2.99      |
|    ent_coef_loss   | -0.0883   |
|    learning_rate   | 0.0003    |
|    n_updates       | 173954    |
----------------------------------
----------------------------------
| rollout/           |           |
|    ep_len_mean     | 1e+03     |
|    ep_rew_mean     | 2.38e+04  |
| time/              |           |
|    episodes        | 220       |
|    fps             | 66        |
|    time_elapsed    | 2707      |
|    total_timesteps | 178955    |
| train/             |           |
|    actor_loss      | -1.92e+03 |
|    critic_loss     | 3.17e+03  |
|    ent_coef        | 3         |
|    ent_coef_loss   | 0.092     |
|    learning_rate   | 0.0003    |
|    n_updates       | 177954    |
----------------------------------
----------------------------------
| rollout/           |           |
|    ep_len_mean     | 1e+03     |
|    ep_rew_mean     | 2.38e+04  |
| time/              |           |
|    episodes        | 224       |
|    fps             | 65        |
|    time_elapsed    | 2789      |
|    total_timesteps | 182955    |
| train/             |           |
|    actor_loss      | -1.92e+03 |
|    critic_loss     | 21.8      |
|    ent_coef        | 2.9       |
|    ent_coef_loss   | -0.144    |
|    learning_rate   | 0.0003    |
|    n_updates       | 181954    |
----------------------------------
----------------------------------
| rollout/           |           |
|    ep_len_mean     | 999       |
|    ep_rew_mean     | 2.38e+04  |
| time/              |           |
|    episodes        | 228       |
|    fps             | 65        |
|    time_elapsed    | 2869      |
|    total_timesteps | 186864    |
| train/             |           |
|    actor_loss      | -1.92e+03 |
|    critic_loss     | 29        |
|    ent_coef        | 2.87      |
|    ent_coef_loss   | 0.0626    |
|    learning_rate   | 0.0003    |
|    n_updates       | 185863    |
----------------------------------
----------------------------------
| rollout/           |           |
|    ep_len_mean     | 999       |
|    ep_rew_mean     | 2.39e+04  |
| time/              |           |
|    episodes        | 232       |
|    fps             | 64        |
|    time_elapsed    | 2949      |
|    total_timesteps | 190864    |
| train/             |           |
|    actor_loss      | -1.95e+03 |
|    critic_loss     | 38.4      |
|    ent_coef        | 2.83      |
|    ent_coef_loss   | 0.0462    |
|    learning_rate   | 0.0003    |
|    n_updates       | 189863    |
----------------------------------
----------------------------------
| rollout/           |           |
|    ep_len_mean     | 999       |
|    ep_rew_mean     | 2.39e+04  |
| time/              |           |
|    episodes        | 236       |
|    fps             | 64        |
|    time_elapsed    | 3032      |
|    total_timesteps | 194864    |
| train/             |           |
|    actor_loss      | -1.95e+03 |
|    critic_loss     | 34.8      |
|    ent_coef        | 2.81      |
|    ent_coef_loss   | 0.179     |
|    learning_rate   | 0.0003    |
|    n_updates       | 193863    |
----------------------------------
----------------------------------
| rollout/           |           |
|    ep_len_mean     | 999       |
|    ep_rew_mean     | 2.4e+04   |
| time/              |           |
|    episodes        | 240       |
|    fps             | 63        |
|    time_elapsed    | 3113      |
|    total_timesteps | 198864    |
| train/             |           |
|    actor_loss      | -1.96e+03 |
|    critic_loss     | 31.9      |
|    ent_coef        | 2.83      |
|    ent_coef_loss   | -0.0579   |
|    learning_rate   | 0.0003    |
|    n_updates       | 197863    |
----------------------------------
----------------------------------
| rollout/           |           |
|    ep_len_mean     | 999       |
|    ep_rew_mean     | 2.4e+04   |
| time/              |           |
|    episodes        | 244       |
|    fps             | 63        |
|    time_elapsed    | 3195      |
|    total_timesteps | 202864    |
| train/             |           |
|    actor_loss      | -1.98e+03 |
|    critic_loss     | 53.3      |
|    ent_coef        | 2.75      |
|    ent_coef_loss   | -0.0173   |
|    learning_rate   | 0.0003    |
|    n_updates       | 201863    |
----------------------------------
---------------------------------
| rollout/           |          |
|    ep_len_mean     | 994      |
|    ep_rew_mean     | 2.39e+04 |
| time/              |          |
|    episodes        | 248      |
|    fps             | 63       |
|    time_elapsed    | 3269     |
|    total_timesteps | 206384   |
| train/             |          |
|    actor_loss      | -2e+03   |
|    critic_loss     | 85.2     |
|    ent_coef        | 2.9      |
|    ent_coef_loss   | -0.0631  |
|    learning_rate   | 0.0003   |
|    n_updates       | 205383   |
---------------------------------
----------------------------------
| rollout/           |           |
|    ep_len_mean     | 994       |
|    ep_rew_mean     | 2.4e+04   |
| time/              |           |
|    episodes        | 252       |
|    fps             | 62        |
|    time_elapsed    | 3352      |
|    total_timesteps | 210384    |
| train/             |           |
|    actor_loss      | -2.02e+03 |
|    critic_loss     | 34.9      |
|    ent_coef        | 2.97      |
|    ent_coef_loss   | -0.156    |
|    learning_rate   | 0.0003    |
|    n_updates       | 209383    |
----------------------------------
----------------------------------
| rollout/           |           |
|    ep_len_mean     | 994       |
|    ep_rew_mean     | 2.4e+04   |
| time/              |           |
|    episodes        | 256       |
|    fps             | 62        |
|    time_elapsed    | 3438      |
|    total_timesteps | 214384    |
| train/             |           |
|    actor_loss      | -2.01e+03 |
|    critic_loss     | 37        |
|    ent_coef        | 2.81      |
|    ent_coef_loss   | -0.00714  |
|    learning_rate   | 0.0003    |
|    n_updates       | 213383    |
----------------------------------
----------------------------------
| rollout/           |           |
|    ep_len_mean     | 994       |
|    ep_rew_mean     | 2.41e+04  |
| time/              |           |
|    episodes        | 260       |
|    fps             | 62        |
|    time_elapsed    | 3520      |
|    total_timesteps | 218384    |
| train/             |           |
|    actor_loss      | -2.02e+03 |
|    critic_loss     | 23.2      |
|    ent_coef        | 2.81      |
|    ent_coef_loss   | 0.0472    |
|    learning_rate   | 0.0003    |
|    n_updates       | 217383    |
----------------------------------
----------------------------------
| rollout/           |           |
|    ep_len_mean     | 991       |
|    ep_rew_mean     | 2.4e+04   |
| time/              |           |
|    episodes        | 264       |
|    fps             | 61        |
|    time_elapsed    | 3598      |
|    total_timesteps | 222083    |
| train/             |           |
|    actor_loss      | -2.04e+03 |
|    critic_loss     | 29.1      |
|    ent_coef        | 2.6       |
|    ent_coef_loss   | -0.0561   |
|    learning_rate   | 0.0003    |
|    n_updates       | 221082    |
----------------------------------
----------------------------------
| rollout/           |           |
|    ep_len_mean     | 983       |
|    ep_rew_mean     | 2.39e+04  |
| time/              |           |
|    episodes        | 268       |
|    fps             | 61        |
|    time_elapsed    | 3665      |
|    total_timesteps | 225239    |
| train/             |           |
|    actor_loss      | -2.05e+03 |
|    critic_loss     | 30.6      |
|    ent_coef        | 2.47      |
|    ent_coef_loss   | 0.041     |
|    learning_rate   | 0.0003    |
|    n_updates       | 224238    |
----------------------------------
----------------------------------
| rollout/           |           |
|    ep_len_mean     | 983       |
|    ep_rew_mean     | 2.39e+04  |
| time/              |           |
|    episodes        | 272       |
|    fps             | 61        |
|    time_elapsed    | 3747      |
|    total_timesteps | 229239    |
| train/             |           |
|    actor_loss      | -2.09e+03 |
|    critic_loss     | 17.9      |
|    ent_coef        | 2.41      |
|    ent_coef_loss   | 0.0193    |
|    learning_rate   | 0.0003    |
|    n_updates       | 228238    |
----------------------------------
----------------------------------
| rollout/           |           |
|    ep_len_mean     | 983       |
|    ep_rew_mean     | 2.39e+04  |
| time/              |           |
|    episodes        | 276       |
|    fps             | 60        |
|    time_elapsed    | 3827      |
|    total_timesteps | 233239    |
| train/             |           |
|    actor_loss      | -2.09e+03 |
|    critic_loss     | 19.7      |
|    ent_coef        | 2.31      |
|    ent_coef_loss   | -0.0377   |
|    learning_rate   | 0.0003    |
|    n_updates       | 232238    |
----------------------------------
----------------------------------
| rollout/           |           |
|    ep_len_mean     | 983       |
|    ep_rew_mean     | 2.4e+04   |
| time/              |           |
|    episodes        | 280       |
|    fps             | 60        |
|    time_elapsed    | 3911      |
|    total_timesteps | 237239    |
| train/             |           |
|    actor_loss      | -2.14e+03 |
|    critic_loss     | 21.9      |
|    ent_coef        | 2.19      |
|    ent_coef_loss   | 0.0214    |
|    learning_rate   | 0.0003    |
|    n_updates       | 236238    |
----------------------------------
----------------------------------
| rollout/           |           |
|    ep_len_mean     | 983       |
|    ep_rew_mean     | 2.4e+04   |
| time/              |           |
|    episodes        | 284       |
|    fps             | 60        |
|    time_elapsed    | 4000      |
|    total_timesteps | 241239    |
| train/             |           |
|    actor_loss      | -2.12e+03 |
|    critic_loss     | 15.4      |
|    ent_coef        | 2.19      |
|    ent_coef_loss   | -0.00375  |
|    learning_rate   | 0.0003    |
|    n_updates       | 240238    |
----------------------------------
----------------------------------
| rollout/           |           |
|    ep_len_mean     | 983       |
|    ep_rew_mean     | 2.41e+04  |
| time/              |           |
|    episodes        | 288       |
|    fps             | 59        |
|    time_elapsed    | 4087      |
|    total_timesteps | 245239    |
| train/             |           |
|    actor_loss      | -2.12e+03 |
|    critic_loss     | 12.4      |
|    ent_coef        | 2.01      |
|    ent_coef_loss   | 0.0221    |
|    learning_rate   | 0.0003    |
|    n_updates       | 244238    |
----------------------------------
----------------------------------
| rollout/           |           |
|    ep_len_mean     | 983       |
|    ep_rew_mean     | 2.41e+04  |
| time/              |           |
|    episodes        | 292       |
|    fps             | 59        |
|    time_elapsed    | 4166      |
|    total_timesteps | 249239    |
| train/             |           |
|    actor_loss      | -2.18e+03 |
|    critic_loss     | 19.2      |
|    ent_coef        | 1.97      |
|    ent_coef_loss   | 0.046     |
|    learning_rate   | 0.0003    |
|    n_updates       | 248238    |
----------------------------------
----------------------------------
| rollout/           |           |
|    ep_len_mean     | 983       |
|    ep_rew_mean     | 2.42e+04  |
| time/              |           |
|    episodes        | 296       |
|    fps             | 59        |
|    time_elapsed    | 4244      |
|    total_timesteps | 253239    |
| train/             |           |
|    actor_loss      | -2.18e+03 |
|    critic_loss     | 7.48      |
|    ent_coef        | 1.98      |
|    ent_coef_loss   | 0.00558   |
|    learning_rate   | 0.0003    |
|    n_updates       | 252238    |
----------------------------------
---------------------------------
| rollout/           |          |
|    ep_len_mean     | 983      |
|    ep_rew_mean     | 2.42e+04 |
| time/              |          |
|    episodes        | 300      |
|    fps             | 59       |
|    time_elapsed    | 4323     |
|    total_timesteps | 257239   |
| train/             |          |
|    actor_loss      | -2.2e+03 |
|    critic_loss     | 10.1     |
|    ent_coef        | 1.89     |
|    ent_coef_loss   | 0.04     |
|    learning_rate   | 0.0003   |
|    n_updates       | 256238   |
---------------------------------
---------------------------------
| rollout/           |          |
|    ep_len_mean     | 983      |
|    ep_rew_mean     | 2.43e+04 |
| time/              |          |
|    episodes        | 304      |
|    fps             | 59       |
|    time_elapsed    | 4407     |
|    total_timesteps | 261239   |
| train/             |          |
|    actor_loss      | -2.2e+03 |
|    critic_loss     | 25       |
|    ent_coef        | 1.78     |
|    ent_coef_loss   | -0.111   |
|    learning_rate   | 0.0003   |
|    n_updates       | 260238   |
---------------------------------
----------------------------------
| rollout/           |           |
|    ep_len_mean     | 983       |
|    ep_rew_mean     | 2.43e+04  |
| time/              |           |
|    episodes        | 308       |
|    fps             | 59        |
|    time_elapsed    | 4495      |
|    total_timesteps | 265239    |
| train/             |           |
|    actor_loss      | -2.21e+03 |
|    critic_loss     | 11.2      |
|    ent_coef        | 1.86      |
|    ent_coef_loss   | 0.0169    |
|    learning_rate   | 0.0003    |
|    n_updates       | 264238    |
----------------------------------
----------------------------------
| rollout/           |           |
|    ep_len_mean     | 983       |
|    ep_rew_mean     | 2.43e+04  |
| time/              |           |
|    episodes        | 312       |
|    fps             | 58        |
|    time_elapsed    | 4583      |
|    total_timesteps | 269239    |
| train/             |           |
|    actor_loss      | -2.24e+03 |
|    critic_loss     | 7.8       |
|    ent_coef        | 1.8       |
|    ent_coef_loss   | -0.00693  |
|    learning_rate   | 0.0003    |
|    n_updates       | 268238    |
----------------------------------
----------------------------------
| rollout/           |           |
|    ep_len_mean     | 983       |
|    ep_rew_mean     | 2.44e+04  |
| time/              |           |
|    episodes        | 316       |
|    fps             | 58        |
|    time_elapsed    | 4672      |
|    total_timesteps | 273239    |
| train/             |           |
|    actor_loss      | -2.23e+03 |
|    critic_loss     | 9.29      |
|    ent_coef        | 1.78      |
|    ent_coef_loss   | 0.00233   |
|    learning_rate   | 0.0003    |
|    n_updates       | 272238    |
----------------------------------
----------------------------------
| rollout/           |           |
|    ep_len_mean     | 983       |
|    ep_rew_mean     | 2.44e+04  |
| time/              |           |
|    episodes        | 320       |
|    fps             | 58        |
|    time_elapsed    | 4757      |
|    total_timesteps | 277239    |
| train/             |           |
|    actor_loss      | -2.26e+03 |
|    critic_loss     | 6.64      |
|    ent_coef        | 1.79      |
|    ent_coef_loss   | -0.0838   |
|    learning_rate   | 0.0003    |
|    n_updates       | 276238    |
----------------------------------
----------------------------------
| rollout/           |           |
|    ep_len_mean     | 983       |
|    ep_rew_mean     | 2.45e+04  |
| time/              |           |
|    episodes        | 324       |
|    fps             | 58        |
|    time_elapsed    | 4840      |
|    total_timesteps | 281239    |
| train/             |           |
|    actor_loss      | -2.26e+03 |
|    critic_loss     | 10.8      |
|    ent_coef        | 1.8       |
|    ent_coef_loss   | 0.0107    |
|    learning_rate   | 0.0003    |
|    n_updates       | 280238    |
----------------------------------
----------------------------------
| rollout/           |           |
|    ep_len_mean     | 976       |
|    ep_rew_mean     | 2.43e+04  |
| time/              |           |
|    episodes        | 328       |
|    fps             | 57        |
|    time_elapsed    | 4909      |
|    total_timesteps | 284492    |
| train/             |           |
|    actor_loss      | -2.26e+03 |
|    critic_loss     | 8.43      |
|    ent_coef        | 1.68      |
|    ent_coef_loss   | -0.0118   |
|    learning_rate   | 0.0003    |
|    n_updates       | 283491    |
----------------------------------
----------------------------------
| rollout/           |           |
|    ep_len_mean     | 976       |
|    ep_rew_mean     | 2.44e+04  |
| time/              |           |
|    episodes        | 332       |
|    fps             | 57        |
|    time_elapsed    | 4990      |
|    total_timesteps | 288492    |
| train/             |           |
|    actor_loss      | -2.24e+03 |
|    critic_loss     | 8.18      |
|    ent_coef        | 1.64      |
|    ent_coef_loss   | -0.00438  |
|    learning_rate   | 0.0003    |
|    n_updates       | 287491    |
----------------------------------
----------------------------------
| rollout/           |           |
|    ep_len_mean     | 976       |
|    ep_rew_mean     | 2.44e+04  |
| time/              |           |
|    episodes        | 336       |
|    fps             | 57        |
|    time_elapsed    | 5070      |
|    total_timesteps | 292492    |
| train/             |           |
|    actor_loss      | -2.25e+03 |
|    critic_loss     | 12.4      |
|    ent_coef        | 1.62      |
|    ent_coef_loss   | -0.0268   |
|    learning_rate   | 0.0003    |
|    n_updates       | 291491    |
----------------------------------
----------------------------------
| rollout/           |           |
|    ep_len_mean     | 976       |
|    ep_rew_mean     | 2.44e+04  |
| time/              |           |
|    episodes        | 340       |
|    fps             | 57        |
|    time_elapsed    | 5150      |
|    total_timesteps | 296492    |
| train/             |           |
|    actor_loss      | -2.32e+03 |
|    critic_loss     | 10.6      |
|    ent_coef        | 1.73      |
|    ent_coef_loss   | -0.0254   |
|    learning_rate   | 0.0003    |
|    n_updates       | 295491    |
----------------------------------
---------------------------------
| rollout/           |          |
|    ep_len_mean     | 976      |
|    ep_rew_mean     | 2.45e+04 |
| time/              |          |
|    episodes        | 344      |
|    fps             | 57       |
|    time_elapsed    | 5231     |
|    total_timesteps | 300492   |
| train/             |          |
|    actor_loss      | -2.3e+03 |
|    critic_loss     | 23.3     |
|    ent_coef        | 1.65     |
|    ent_coef_loss   | 0.0312   |
|    learning_rate   | 0.0003   |
|    n_updates       | 299491   |
---------------------------------
----------------------------------
| rollout/           |           |
|    ep_len_mean     | 981       |
|    ep_rew_mean     | 2.46e+04  |
| time/              |           |
|    episodes        | 348       |
|    fps             | 57        |
|    time_elapsed    | 5311      |
|    total_timesteps | 304492    |
| train/             |           |
|    actor_loss      | -2.31e+03 |
|    critic_loss     | 6.27      |
|    ent_coef        | 1.63      |
|    ent_coef_loss   | -0.0314   |
|    learning_rate   | 0.0003    |
|    n_updates       | 303491    |
----------------------------------
----------------------------------
| rollout/           |           |
|    ep_len_mean     | 981       |
|    ep_rew_mean     | 2.47e+04  |
| time/              |           |
|    episodes        | 352       |
|    fps             | 57        |
|    time_elapsed    | 5392      |
|    total_timesteps | 308492    |
| train/             |           |
|    actor_loss      | -2.28e+03 |
|    critic_loss     | 20.1      |
|    ent_coef        | 1.58      |
|    ent_coef_loss   | -0.172    |
|    learning_rate   | 0.0003    |
|    n_updates       | 307491    |
----------------------------------
----------------------------------
| rollout/           |           |
|    ep_len_mean     | 981       |
|    ep_rew_mean     | 2.47e+04  |
| time/              |           |
|    episodes        | 356       |
|    fps             | 57        |
|    time_elapsed    | 5472      |
|    total_timesteps | 312492    |
| train/             |           |
|    actor_loss      | -2.31e+03 |
|    critic_loss     | 10.8      |
|    ent_coef        | 1.61      |
|    ent_coef_loss   | -0.0425   |
|    learning_rate   | 0.0003    |
|    n_updates       | 311491    |
----------------------------------
----------------------------------
| rollout/           |           |
|    ep_len_mean     | 981       |
|    ep_rew_mean     | 2.47e+04  |
| time/              |           |
|    episodes        | 360       |
|    fps             | 56        |
|    time_elapsed    | 5553      |
|    total_timesteps | 316492    |
| train/             |           |
|    actor_loss      | -2.33e+03 |
|    critic_loss     | 8.46      |
|    ent_coef        | 1.61      |
|    ent_coef_loss   | 0.0665    |
|    learning_rate   | 0.0003    |
|    n_updates       | 315491    |
----------------------------------
----------------------------------
| rollout/           |           |
|    ep_len_mean     | 984       |
|    ep_rew_mean     | 2.48e+04  |
| time/              |           |
|    episodes        | 364       |
|    fps             | 56        |
|    time_elapsed    | 5634      |
|    total_timesteps | 320492    |
| train/             |           |
|    actor_loss      | -2.33e+03 |
|    critic_loss     | 9.74      |
|    ent_coef        | 1.61      |
|    ent_coef_loss   | -0.046    |
|    learning_rate   | 0.0003    |
|    n_updates       | 319491    |
----------------------------------
----------------------------------
| rollout/           |           |
|    ep_len_mean     | 993       |
|    ep_rew_mean     | 2.51e+04  |
| time/              |           |
|    episodes        | 368       |
|    fps             | 56        |
|    time_elapsed    | 5715      |
|    total_timesteps | 324492    |
| train/             |           |
|    actor_loss      | -2.32e+03 |
|    critic_loss     | 7.99      |
|    ent_coef        | 1.62      |
|    ent_coef_loss   | -0.0418   |
|    learning_rate   | 0.0003    |
|    n_updates       | 323491    |
----------------------------------
----------------------------------
| rollout/           |           |
|    ep_len_mean     | 993       |
|    ep_rew_mean     | 2.51e+04  |
| time/              |           |
|    episodes        | 372       |
|    fps             | 56        |
|    time_elapsed    | 5796      |
|    total_timesteps | 328492    |
| train/             |           |
|    actor_loss      | -2.33e+03 |
|    critic_loss     | 15.1      |
|    ent_coef        | 1.59      |
|    ent_coef_loss   | 0.0732    |
|    learning_rate   | 0.0003    |
|    n_updates       | 327491    |
----------------------------------
----------------------------------
| rollout/           |           |
|    ep_len_mean     | 993       |
|    ep_rew_mean     | 2.51e+04  |
| time/              |           |
|    episodes        | 376       |
|    fps             | 56        |
|    time_elapsed    | 5877      |
|    total_timesteps | 332492    |
| train/             |           |
|    actor_loss      | -2.33e+03 |
|    critic_loss     | 6.69      |
|    ent_coef        | 1.61      |
|    ent_coef_loss   | 0.055     |
|    learning_rate   | 0.0003    |
|    n_updates       | 331491    |
----------------------------------
----------------------------------
| rollout/           |           |
|    ep_len_mean     | 993       |
|    ep_rew_mean     | 2.51e+04  |
| time/              |           |
|    episodes        | 380       |
|    fps             | 56        |
|    time_elapsed    | 5959      |
|    total_timesteps | 336492    |
| train/             |           |
|    actor_loss      | -2.35e+03 |
|    critic_loss     | 6.52      |
|    ent_coef        | 1.53      |
|    ent_coef_loss   | 0.0672    |
|    learning_rate   | 0.0003    |
|    n_updates       | 335491    |
----------------------------------
---------------------------------
| rollout/           |          |
|    ep_len_mean     | 993      |
|    ep_rew_mean     | 2.52e+04 |
| time/              |          |
|    episodes        | 384      |
|    fps             | 56       |
|    time_elapsed    | 6041     |
|    total_timesteps | 340492   |
| train/             |          |
|    actor_loss      | -2.3e+03 |
|    critic_loss     | 9.28     |
|    ent_coef        | 1.51     |
|    ent_coef_loss   | 0.0428   |
|    learning_rate   | 0.0003   |
|    n_updates       | 339491   |
---------------------------------
----------------------------------
| rollout/           |           |
|    ep_len_mean     | 993       |
|    ep_rew_mean     | 2.52e+04  |
| time/              |           |
|    episodes        | 388       |
|    fps             | 56        |
|    time_elapsed    | 6123      |
|    total_timesteps | 344492    |
| train/             |           |
|    actor_loss      | -2.32e+03 |
|    critic_loss     | 11.6      |
|    ent_coef        | 1.53      |
|    ent_coef_loss   | 0.0128    |
|    learning_rate   | 0.0003    |
|    n_updates       | 343491    |
----------------------------------
----------------------------------
| rollout/           |           |
|    ep_len_mean     | 993       |
|    ep_rew_mean     | 2.52e+04  |
| time/              |           |
|    episodes        | 392       |
|    fps             | 56        |
|    time_elapsed    | 6205      |
|    total_timesteps | 348492    |
| train/             |           |
|    actor_loss      | -2.35e+03 |
|    critic_loss     | 8.12      |
|    ent_coef        | 1.54      |
|    ent_coef_loss   | 0.0487    |
|    learning_rate   | 0.0003    |
|    n_updates       | 347491    |
----------------------------------
----------------------------------
| rollout/           |           |
|    ep_len_mean     | 993       |
|    ep_rew_mean     | 2.52e+04  |
| time/              |           |
|    episodes        | 396       |
|    fps             | 56        |
|    time_elapsed    | 6287      |
|    total_timesteps | 352492    |
| train/             |           |
|    actor_loss      | -2.34e+03 |
|    critic_loss     | 8.92      |
|    ent_coef        | 1.5       |
|    ent_coef_loss   | 0.0473    |
|    learning_rate   | 0.0003    |
|    n_updates       | 351491    |
----------------------------------
----------------------------------
| rollout/           |           |
|    ep_len_mean     | 993       |
|    ep_rew_mean     | 2.52e+04  |
| time/              |           |
|    episodes        | 400       |
|    fps             | 55        |
|    time_elapsed    | 6369      |
|    total_timesteps | 356492    |
| train/             |           |
|    actor_loss      | -2.37e+03 |
|    critic_loss     | 7.47      |
|    ent_coef        | 1.49      |
|    ent_coef_loss   | -0.0433   |
|    learning_rate   | 0.0003    |
|    n_updates       | 355491    |
----------------------------------
----------------------------------
| rollout/           |           |
|    ep_len_mean     | 993       |
|    ep_rew_mean     | 2.53e+04  |
| time/              |           |
|    episodes        | 404       |
|    fps             | 55        |
|    time_elapsed    | 6451      |
|    total_timesteps | 360492    |
| train/             |           |
|    actor_loss      | -2.36e+03 |
|    critic_loss     | 9.13      |
|    ent_coef        | 1.47      |
|    ent_coef_loss   | 0.0396    |
|    learning_rate   | 0.0003    |
|    n_updates       | 359491    |
----------------------------------
----------------------------------
| rollout/           |           |
|    ep_len_mean     | 993       |
|    ep_rew_mean     | 2.53e+04  |
| time/              |           |
|    episodes        | 408       |
|    fps             | 55        |
|    time_elapsed    | 6533      |
|    total_timesteps | 364492    |
| train/             |           |
|    actor_loss      | -2.35e+03 |
|    critic_loss     | 6.18      |
|    ent_coef        | 1.43      |
|    ent_coef_loss   | -0.0455   |
|    learning_rate   | 0.0003    |
|    n_updates       | 363491    |
----------------------------------
----------------------------------
| rollout/           |           |
|    ep_len_mean     | 993       |
|    ep_rew_mean     | 2.53e+04  |
| time/              |           |
|    episodes        | 412       |
|    fps             | 55        |
|    time_elapsed    | 6615      |
|    total_timesteps | 368492    |
| train/             |           |
|    actor_loss      | -2.34e+03 |
|    critic_loss     | 6.54      |
|    ent_coef        | 1.47      |
|    ent_coef_loss   | -0.00388  |
|    learning_rate   | 0.0003    |
|    n_updates       | 367491    |
----------------------------------
----------------------------------
| rollout/           |           |
|    ep_len_mean     | 993       |
|    ep_rew_mean     | 2.53e+04  |
| time/              |           |
|    episodes        | 416       |
|    fps             | 55        |
|    time_elapsed    | 6698      |
|    total_timesteps | 372492    |
| train/             |           |
|    actor_loss      | -2.36e+03 |
|    critic_loss     | 4.65      |
|    ent_coef        | 1.51      |
|    ent_coef_loss   | 0.00724   |
|    learning_rate   | 0.0003    |
|    n_updates       | 371491    |
----------------------------------
----------------------------------
| rollout/           |           |
|    ep_len_mean     | 993       |
|    ep_rew_mean     | 2.53e+04  |
| time/              |           |
|    episodes        | 420       |
|    fps             | 55        |
|    time_elapsed    | 6780      |
|    total_timesteps | 376492    |
| train/             |           |
|    actor_loss      | -2.37e+03 |
|    critic_loss     | 13.7      |
|    ent_coef        | 1.43      |
|    ent_coef_loss   | 0.0682    |
|    learning_rate   | 0.0003    |
|    n_updates       | 375491    |
----------------------------------
----------------------------------
| rollout/           |           |
|    ep_len_mean     | 993       |
|    ep_rew_mean     | 2.54e+04  |
| time/              |           |
|    episodes        | 424       |
|    fps             | 55        |
|    time_elapsed    | 6865      |
|    total_timesteps | 380492    |
| train/             |           |
|    actor_loss      | -2.37e+03 |
|    critic_loss     | 8.79      |
|    ent_coef        | 1.46      |
|    ent_coef_loss   | -0.00725  |
|    learning_rate   | 0.0003    |
|    n_updates       | 379491    |
----------------------------------
----------------------------------
| rollout/           |           |
|    ep_len_mean     | 1e+03     |
|    ep_rew_mean     | 2.56e+04  |
| time/              |           |
|    episodes        | 428       |
|    fps             | 55        |
|    time_elapsed    | 6952      |
|    total_timesteps | 384492    |
| train/             |           |
|    actor_loss      | -2.39e+03 |
|    critic_loss     | 10.9      |
|    ent_coef        | 1.4       |
|    ent_coef_loss   | 0.0158    |
|    learning_rate   | 0.0003    |
|    n_updates       | 383491    |
----------------------------------
----------------------------------
| rollout/           |           |
|    ep_len_mean     | 1e+03     |
|    ep_rew_mean     | 2.56e+04  |
| time/              |           |
|    episodes        | 432       |
|    fps             | 55        |
|    time_elapsed    | 7036      |
|    total_timesteps | 388492    |
| train/             |           |
|    actor_loss      | -2.38e+03 |
|    critic_loss     | 7.36      |
|    ent_coef        | 1.36      |
|    ent_coef_loss   | 0.0353    |
|    learning_rate   | 0.0003    |
|    n_updates       | 387491    |
----------------------------------
----------------------------------
| rollout/           |           |
|    ep_len_mean     | 1e+03     |
|    ep_rew_mean     | 2.56e+04  |
| time/              |           |
|    episodes        | 436       |
|    fps             | 55        |
|    time_elapsed    | 7117      |
|    total_timesteps | 392492    |
| train/             |           |
|    actor_loss      | -2.37e+03 |
|    critic_loss     | 5.07      |
|    ent_coef        | 1.38      |
|    ent_coef_loss   | -0.0346   |
|    learning_rate   | 0.0003    |
|    n_updates       | 391491    |
----------------------------------
----------------------------------
| rollout/           |           |
|    ep_len_mean     | 998       |
|    ep_rew_mean     | 2.56e+04  |
| time/              |           |
|    episodes        | 440       |
|    fps             | 55        |
|    time_elapsed    | 7193      |
|    total_timesteps | 396322    |
| train/             |           |
|    actor_loss      | -2.38e+03 |
|    critic_loss     | 4.05      |
|    ent_coef        | 1.45      |
|    ent_coef_loss   | -0.0396   |
|    learning_rate   | 0.0003    |
|    n_updates       | 395321    |
----------------------------------
----------------------------------
| rollout/           |           |
|    ep_len_mean     | 998       |
|    ep_rew_mean     | 2.56e+04  |
| time/              |           |
|    episodes        | 444       |
|    fps             | 55        |
|    time_elapsed    | 7254      |
|    total_timesteps | 400322    |
| train/             |           |
|    actor_loss      | -2.38e+03 |
|    critic_loss     | 18        |
|    ent_coef        | 1.44      |
|    ent_coef_loss   | 0.0202    |
|    learning_rate   | 0.0003    |
|    n_updates       | 399321    |
----------------------------------
----------------------------------
| rollout/           |           |
|    ep_len_mean     | 998       |
|    ep_rew_mean     | 2.56e+04  |
| time/              |           |
|    episodes        | 448       |
|    fps             | 55        |
|    time_elapsed    | 7313      |
|    total_timesteps | 404322    |
| train/             |           |
|    actor_loss      | -2.41e+03 |
|    critic_loss     | 4.87      |
|    ent_coef        | 1.42      |
|    ent_coef_loss   | -0.0111   |
|    learning_rate   | 0.0003    |
|    n_updates       | 403321    |
----------------------------------
---------------------------------
| rollout/           |          |
|    ep_len_mean     | 998      |
|    ep_rew_mean     | 2.57e+04 |
| time/              |          |
|    episodes        | 452      |
|    fps             | 55       |
|    time_elapsed    | 7374     |
|    total_timesteps | 408322   |
| train/             |          |
|    actor_loss      | -2.4e+03 |
|    critic_loss     | 6.63     |
|    ent_coef        | 1.37     |
|    ent_coef_loss   | 0.022    |
|    learning_rate   | 0.0003   |
|    n_updates       | 407321   |
---------------------------------
---------------------------------
| rollout/           |          |
|    ep_len_mean     | 998      |
|    ep_rew_mean     | 2.57e+04 |
| time/              |          |
|    episodes        | 456      |
|    fps             | 55       |
|    time_elapsed    | 7435     |
|    total_timesteps | 412322   |
| train/             |          |
|    actor_loss      | -2.4e+03 |
|    critic_loss     | 4.16     |
|    ent_coef        | 1.5      |
|    ent_coef_loss   | 0.0276   |
|    learning_rate   | 0.0003   |
|    n_updates       | 411321   |
---------------------------------
----------------------------------
| rollout/           |           |
|    ep_len_mean     | 998       |
|    ep_rew_mean     | 2.57e+04  |
| time/              |           |
|    episodes        | 460       |
|    fps             | 55        |
|    time_elapsed    | 7494      |
|    total_timesteps | 416322    |
| train/             |           |
|    actor_loss      | -2.39e+03 |
|    critic_loss     | 6.25      |
|    ent_coef        | 1.59      |
|    ent_coef_loss   | 0.0123    |
|    learning_rate   | 0.0003    |
|    n_updates       | 415321    |
----------------------------------
---------------------------------
| rollout/           |          |
|    ep_len_mean     | 983      |
|    ep_rew_mean     | 2.53e+04 |
| time/              |          |
|    episodes        | 464      |
|    fps             | 55       |
|    time_elapsed    | 7531     |
|    total_timesteps | 418839   |
| train/             |          |
|    actor_loss      | -2.4e+03 |
|    critic_loss     | 5.76     |
|    ent_coef        | 1.5      |
|    ent_coef_loss   | -0.0701  |
|    learning_rate   | 0.0003   |
|    n_updates       | 417838   |
---------------------------------
----------------------------------
| rollout/           |           |
|    ep_len_mean     | 970       |
|    ep_rew_mean     | 2.5e+04   |
| time/              |           |
|    episodes        | 468       |
|    fps             | 55        |
|    time_elapsed    | 7571      |
|    total_timesteps | 421501    |
| train/             |           |
|    actor_loss      | -2.41e+03 |
|    critic_loss     | 6.68      |
|    ent_coef        | 1.31      |
|    ent_coef_loss   | -0.000358 |
|    learning_rate   | 0.0003    |
|    n_updates       | 420500    |
----------------------------------
----------------------------------
| rollout/           |           |
|    ep_len_mean     | 970       |
|    ep_rew_mean     | 2.5e+04   |
| time/              |           |
|    episodes        | 472       |
|    fps             | 55        |
|    time_elapsed    | 7630      |
|    total_timesteps | 425453    |
| train/             |           |
|    actor_loss      | -2.41e+03 |
|    critic_loss     | 11        |
|    ent_coef        | 1.3       |
|    ent_coef_loss   | 0.0704    |
|    learning_rate   | 0.0003    |
|    n_updates       | 424452    |
----------------------------------
----------------------------------
| rollout/           |           |
|    ep_len_mean     | 964       |
|    ep_rew_mean     | 2.49e+04  |
| time/              |           |
|    episodes        | 476       |
|    fps             | 55        |
|    time_elapsed    | 7682      |
|    total_timesteps | 428939    |
| train/             |           |
|    actor_loss      | -2.41e+03 |
|    critic_loss     | 12        |
|    ent_coef        | 1.42      |
|    ent_coef_loss   | 0.00924   |
|    learning_rate   | 0.0003    |
|    n_updates       | 427938    |
----------------------------------
----------------------------------
| rollout/           |           |
|    ep_len_mean     | 964       |
|    ep_rew_mean     | 2.49e+04  |
| time/              |           |
|    episodes        | 480       |
|    fps             | 55        |
|    time_elapsed    | 7737      |
|    total_timesteps | 432939    |
| train/             |           |
|    actor_loss      | -2.41e+03 |
|    critic_loss     | 9.47      |
|    ent_coef        | 1.4       |
|    ent_coef_loss   | 0.0373    |
|    learning_rate   | 0.0003    |
|    n_updates       | 431938    |
----------------------------------
----------------------------------
| rollout/           |           |
|    ep_len_mean     | 964       |
|    ep_rew_mean     | 2.49e+04  |
| time/              |           |
|    episodes        | 484       |
|    fps             | 56        |
|    time_elapsed    | 7793      |
|    total_timesteps | 436939    |
| train/             |           |
|    actor_loss      | -2.42e+03 |
|    critic_loss     | 7.75      |
|    ent_coef        | 1.31      |
|    ent_coef_loss   | -0.0312   |
|    learning_rate   | 0.0003    |
|    n_updates       | 435938    |
----------------------------------
----------------------------------
| rollout/           |           |
|    ep_len_mean     | 964       |
|    ep_rew_mean     | 2.49e+04  |
| time/              |           |
|    episodes        | 488       |
|    fps             | 56        |
|    time_elapsed    | 7850      |
|    total_timesteps | 440939    |
| train/             |           |
|    actor_loss      | -2.42e+03 |
|    critic_loss     | 5.7       |
|    ent_coef        | 1.38      |
|    ent_coef_loss   | -0.0326   |
|    learning_rate   | 0.0003    |
|    n_updates       | 439938    |
----------------------------------
----------------------------------
| rollout/           |           |
|    ep_len_mean     | 964       |
|    ep_rew_mean     | 2.49e+04  |
| time/              |           |
|    episodes        | 492       |
|    fps             | 56        |
|    time_elapsed    | 7905      |
|    total_timesteps | 444939    |
| train/             |           |
|    actor_loss      | -2.41e+03 |
|    critic_loss     | 22.4      |
|    ent_coef        | 1.3       |
|    ent_coef_loss   | 0.0104    |
|    learning_rate   | 0.0003    |
|    n_updates       | 443938    |
----------------------------------
----------------------------------
| rollout/           |           |
|    ep_len_mean     | 964       |
|    ep_rew_mean     | 2.49e+04  |
| time/              |           |
|    episodes        | 496       |
|    fps             | 56        |
|    time_elapsed    | 7960      |
|    total_timesteps | 448939    |
| train/             |           |
|    actor_loss      | -2.41e+03 |
|    critic_loss     | 4.68      |
|    ent_coef        | 1.19      |
|    ent_coef_loss   | -0.0199   |
|    learning_rate   | 0.0003    |
|    n_updates       | 447938    |
----------------------------------
----------------------------------
| rollout/           |           |
|    ep_len_mean     | 964       |
|    ep_rew_mean     | 2.49e+04  |
| time/              |           |
|    episodes        | 500       |
|    fps             | 56        |
|    time_elapsed    | 8020      |
|    total_timesteps | 452939    |
| train/             |           |
|    actor_loss      | -2.41e+03 |
|    critic_loss     | 5.24      |
|    ent_coef        | 1.28      |
|    ent_coef_loss   | 0.00776   |
|    learning_rate   | 0.0003    |
|    n_updates       | 451938    |
----------------------------------
----------------------------------
| rollout/           |           |
|    ep_len_mean     | 964       |
|    ep_rew_mean     | 2.49e+04  |
| time/              |           |
|    episodes        | 504       |
|    fps             | 56        |
|    time_elapsed    | 8080      |
|    total_timesteps | 456939    |
| train/             |           |
|    actor_loss      | -2.44e+03 |
|    critic_loss     | 5.41      |
|    ent_coef        | 1.24      |
|    ent_coef_loss   | 0.0272    |
|    learning_rate   | 0.0003    |
|    n_updates       | 455938    |
----------------------------------
----------------------------------
| rollout/           |           |
|    ep_len_mean     | 964       |
|    ep_rew_mean     | 2.5e+04   |
| time/              |           |
|    episodes        | 508       |
|    fps             | 56        |
|    time_elapsed    | 8140      |
|    total_timesteps | 460939    |
| train/             |           |
|    actor_loss      | -2.42e+03 |
|    critic_loss     | 5.53      |
|    ent_coef        | 1.31      |
|    ent_coef_loss   | 0.00817   |
|    learning_rate   | 0.0003    |
|    n_updates       | 459938    |
----------------------------------
----------------------------------
| rollout/           |           |
|    ep_len_mean     | 964       |
|    ep_rew_mean     | 2.5e+04   |
| time/              |           |
|    episodes        | 512       |
|    fps             | 56        |
|    time_elapsed    | 8199      |
|    total_timesteps | 464939    |
| train/             |           |
|    actor_loss      | -2.43e+03 |
|    critic_loss     | 7.74      |
|    ent_coef        | 1.28      |
|    ent_coef_loss   | -0.00248  |
|    learning_rate   | 0.0003    |
|    n_updates       | 463938    |
----------------------------------
----------------------------------
| rollout/           |           |
|    ep_len_mean     | 964       |
|    ep_rew_mean     | 2.5e+04   |
| time/              |           |
|    episodes        | 516       |
|    fps             | 56        |
|    time_elapsed    | 8255      |
|    total_timesteps | 468939    |
| train/             |           |
|    actor_loss      | -2.42e+03 |
|    critic_loss     | 6.69      |
|    ent_coef        | 1.25      |
|    ent_coef_loss   | -0.00605  |
|    learning_rate   | 0.0003    |
|    n_updates       | 467938    |
----------------------------------
----------------------------------
| rollout/           |           |
|    ep_len_mean     | 964       |
|    ep_rew_mean     | 2.5e+04   |
| time/              |           |
|    episodes        | 520       |
|    fps             | 56        |
|    time_elapsed    | 8313      |
|    total_timesteps | 472939    |
| train/             |           |
|    actor_loss      | -2.44e+03 |
|    critic_loss     | 6.5       |
|    ent_coef        | 1.35      |
|    ent_coef_loss   | -0.0308   |
|    learning_rate   | 0.0003    |
|    n_updates       | 471938    |
----------------------------------
----------------------------------
| rollout/           |           |
|    ep_len_mean     | 964       |
|    ep_rew_mean     | 2.5e+04   |
| time/              |           |
|    episodes        | 524       |
|    fps             | 56        |
|    time_elapsed    | 8370      |
|    total_timesteps | 476939    |
| train/             |           |
|    actor_loss      | -2.44e+03 |
|    critic_loss     | 4.78      |
|    ent_coef        | 1.33      |
|    ent_coef_loss   | -0.0325   |
|    learning_rate   | 0.0003    |
|    n_updates       | 475938    |
----------------------------------
----------------------------------
| rollout/           |           |
|    ep_len_mean     | 964       |
|    ep_rew_mean     | 2.5e+04   |
| time/              |           |
|    episodes        | 528       |
|    fps             | 57        |
|    time_elapsed    | 8428      |
|    total_timesteps | 480939    |
| train/             |           |
|    actor_loss      | -2.44e+03 |
|    critic_loss     | 427       |
|    ent_coef        | 1.26      |
|    ent_coef_loss   | -0.0399   |
|    learning_rate   | 0.0003    |
|    n_updates       | 479938    |
----------------------------------
----------------------------------
| rollout/           |           |
|    ep_len_mean     | 964       |
|    ep_rew_mean     | 2.5e+04   |
| time/              |           |
|    episodes        | 532       |
|    fps             | 57        |
|    time_elapsed    | 8487      |
|    total_timesteps | 484939    |
| train/             |           |
|    actor_loss      | -2.43e+03 |
|    critic_loss     | 13.5      |
|    ent_coef        | 1.32      |
|    ent_coef_loss   | -0.0224   |
|    learning_rate   | 0.0003    |
|    n_updates       | 483938    |
----------------------------------
----------------------------------
| rollout/           |           |
|    ep_len_mean     | 964       |
|    ep_rew_mean     | 2.51e+04  |
| time/              |           |
|    episodes        | 536       |
|    fps             | 57        |
|    time_elapsed    | 8552      |
|    total_timesteps | 488939    |
| train/             |           |
|    actor_loss      | -2.43e+03 |
|    critic_loss     | 12.2      |
|    ent_coef        | 1.41      |
|    ent_coef_loss   | -0.0249   |
|    learning_rate   | 0.0003    |
|    n_updates       | 487938    |
----------------------------------
----------------------------------
| rollout/           |           |
|    ep_len_mean     | 966       |
|    ep_rew_mean     | 2.51e+04  |
| time/              |           |
|    episodes        | 540       |
|    fps             | 57        |
|    time_elapsed    | 8621      |
|    total_timesteps | 492939    |
| train/             |           |
|    actor_loss      | -2.45e+03 |
|    critic_loss     | 5.39      |
|    ent_coef        | 1.37      |
|    ent_coef_loss   | -0.0261   |
|    learning_rate   | 0.0003    |
|    n_updates       | 491938    |
----------------------------------
----------------------------------
| rollout/           |           |
|    ep_len_mean     | 954       |
|    ep_rew_mean     | 2.48e+04  |
| time/              |           |
|    episodes        | 544       |
|    fps             | 57        |
|    time_elapsed    | 8664      |
|    total_timesteps | 495683    |
| train/             |           |
|    actor_loss      | -2.44e+03 |
|    critic_loss     | 4.87      |
|    ent_coef        | 1.42      |
|    ent_coef_loss   | -0.0123   |
|    learning_rate   | 0.0003    |
|    n_updates       | 494682    |
----------------------------------
----------------------------------
| rollout/           |           |
|    ep_len_mean     | 954       |
|    ep_rew_mean     | 2.48e+04  |
| time/              |           |
|    episodes        | 548       |
|    fps             | 57        |
|    time_elapsed    | 8728      |
|    total_timesteps | 499683    |
| train/             |           |
|    actor_loss      | -2.45e+03 |
|    critic_loss     | 7.77      |
|    ent_coef        | 1.38      |
|    ent_coef_loss   | 0.0166    |
|    learning_rate   | 0.0003    |
|    n_updates       | 498682    |
----------------------------------
[2026-08-16T13:52:50] Training complete in 8735.1s
[2026-08-16T13:52:50] Episodes: 548
[2026-08-16T13:52:50] Best reward: 26310.60
[2026-08-16T13:52:50] Mean reward (100ep): 24784.90
[2026-08-16T13:52:50] Final goal tolerance: 0.48
[2026-08-16T13:52:50] Curriculum stage: 1
[2026-08-16T13:52:50] Saved: {'model': 'C:\\Users\\ranjo\\OneDrive\\Desktop\\ARM-Model\\project_assets\\outputs\\ActuationComparison\\velocity_500k_seed201\\sac_model', 'history': 'C:\\Users\\ranjo\\OneDrive\\Desktop\\ARM-Model\\project_assets\\outputs\\ActuationComparison\\velocity_500k_seed201\\training_history.csv', 'stats': 'C:\\Users\\ranjo\\OneDrive\\Desktop\\ARM-Model\\project_assets\\outputs\\ActuationComparison\\velocity_500k_seed201\\training_stats.json'}
[2026-08-16T13:52:50] Running Fitts' Law sweep (10 trials per condition)...
[2026-08-16T13:53:12] Fitts sweep complete in 22.2s
[2026-08-16T13:53:12] Fitts: MT = +0.0695 + +0.0291 * ID, R^2 = 0.0441 (n_conditions = 21, trials_per_condition = 10)
[2026-08-16T13:53:12] Saved: C:\Users\ranjo\OneDrive\Desktop\ARM-Model\project_assets\outputs\ActuationComparison\velocity_500k_seed201\fitts_law.json
[2026-08-16T13:53:12] Saved: C:\Users\ranjo\OneDrive\Desktop\ARM-Model\project_assets\outputs\ActuationComparison\velocity_500k_seed201\fitts_law.png
[2026-08-16T13:53:12] Running 2/3 Power Law sweep (20 trials)...
[2026-08-16T13:53:14] Power Law sweep complete in 1.5s
[2026-08-16T13:53:14] Power Law: log V = -0.5078 + -0.4387 * log C, R = -0.2990, R^2 = 0.0894 (n_samples = 3735, n_trials = 0/20)
[2026-08-16T13:53:14] Saved: C:\Users\ranjo\OneDrive\Desktop\ARM-Model\project_assets\outputs\ActuationComparison\velocity_500k_seed201\power_law.json
[2026-08-16T13:53:14] Saved: C:\Users\ranjo\OneDrive\Desktop\ARM-Model\project_assets\outputs\ActuationComparison\velocity_500k_seed201\power_law.png
[2026-08-16T13:53:14] Session complete. Total wall time: 2:26:01.372561
[2026-08-16T13:53:14] ============================================================
