[2026-06-23T22:27:10] Starting Fischer session: algorithm=SAC, timesteps=500,000, direction=EAST, actuation=muscle, waypoints=[[2.5, 0.8], [0.2, 1.1], [1.8, -1.3]]
[2026-06-23T22:27:10] Save dir: C:\Users\ranjo\OneDrive\Desktop\ARM-Model\project_assets\outputs\Parallel_Seeds\seed_025
[2026-06-23T22:27:10] Waypoint mode active: 3 waypoints, current_waypoint_index=0 at every episode reset
Using cpu device
Wrapping the env with a `Monitor` wrapper
Wrapping the env in a DummyVecEnv.
[HoldCurriculum] Initial hold requirement: 10 steps (ladder: [10, 15, 20], threshold: 60%)
----------------------------------
| rollout/           |           |
|    ep_len_mean     | 1e+03     |
|    ep_rew_mean     | -5.23e+03 |
| time/              |           |
|    episodes        | 4         |
|    fps             | 131       |
|    time_elapsed    | 30        |
|    total_timesteps | 4000      |
| train/             |           |
|    actor_loss      | 52.2      |
|    critic_loss     | 27.9      |
|    ent_coef        | 0.412     |
|    ent_coef_loss   | -5.31     |
|    learning_rate   | 0.0003    |
|    n_updates       | 2999      |
----------------------------------
----------------------------------
| rollout/           |           |
|    ep_len_mean     | 1e+03     |
|    ep_rew_mean     | -4.34e+03 |
| time/              |           |
|    episodes        | 8         |
|    fps             | 112       |
|    time_elapsed    | 71        |
|    total_timesteps | 8000      |
| train/             |           |
|    actor_loss      | 66.8      |
|    critic_loss     | 98        |
|    ent_coef        | 0.188     |
|    ent_coef_loss   | -1.33     |
|    learning_rate   | 0.0003    |
|    n_updates       | 6999      |
----------------------------------
----------------------------------
| rollout/           |           |
|    ep_len_mean     | 1e+03     |
|    ep_rew_mean     | -3.55e+03 |
| time/              |           |
|    episodes        | 12        |
|    fps             | 107       |
|    time_elapsed    | 111       |
|    total_timesteps | 12000     |
| train/             |           |
|    actor_loss      | 13.6      |
|    critic_loss     | 10.4      |
|    ent_coef        | 0.224     |
|    ent_coef_loss   | 0.9       |
|    learning_rate   | 0.0003    |
|    n_updates       | 10999     |
----------------------------------
----------------------------------
| rollout/           |           |
|    ep_len_mean     | 1e+03     |
|    ep_rew_mean     | -3.46e+03 |
| time/              |           |
|    episodes        | 16        |
|    fps             | 104       |
|    time_elapsed    | 152       |
|    total_timesteps | 16000     |
| train/             |           |
|    actor_loss      | 23.6      |
|    critic_loss     | 15.1      |
|    ent_coef        | 0.238     |
|    ent_coef_loss   | -0.117    |
|    learning_rate   | 0.0003    |
|    n_updates       | 14999     |
----------------------------------
----------------------------------
| rollout/           |           |
|    ep_len_mean     | 1e+03     |
|    ep_rew_mean     | -3.35e+03 |
| time/              |           |
|    episodes        | 20        |
|    fps             | 102       |
|    time_elapsed    | 194       |
|    total_timesteps | 20000     |
| train/             |           |
|    actor_loss      | 8.52      |
|    critic_loss     | 26.6      |
|    ent_coef        | 0.283     |
|    ent_coef_loss   | 0.119     |
|    learning_rate   | 0.0003    |
|    n_updates       | 18999     |
----------------------------------
----------------------------------
| rollout/           |           |
|    ep_len_mean     | 1e+03     |
|    ep_rew_mean     | -3.16e+03 |
| time/              |           |
|    episodes        | 24        |
|    fps             | 101       |
|    time_elapsed    | 235       |
|    total_timesteps | 24000     |
| train/             |           |
|    actor_loss      | -77.7     |
|    critic_loss     | 55.5      |
|    ent_coef        | 0.34      |
|    ent_coef_loss   | 0.423     |
|    learning_rate   | 0.0003    |
|    n_updates       | 22999     |
----------------------------------
----------------------------------
| rollout/           |           |
|    ep_len_mean     | 1e+03     |
|    ep_rew_mean     | -3.17e+03 |
| time/              |           |
|    episodes        | 28        |
|    fps             | 101       |
|    time_elapsed    | 276       |
|    total_timesteps | 28000     |
| train/             |           |
|    actor_loss      | -174      |
|    critic_loss     | 35.6      |
|    ent_coef        | 0.458     |
|    ent_coef_loss   | 0.248     |
|    learning_rate   | 0.0003    |
|    n_updates       | 26999     |
----------------------------------
---------------------------------
| rollout/           |          |
|    ep_len_mean     | 1e+03    |
|    ep_rew_mean     | -3.2e+03 |
| time/              |          |
|    episodes        | 32       |
|    fps             | 100      |
|    time_elapsed    | 317      |
|    total_timesteps | 32000    |
| train/             |          |
|    actor_loss      | -232     |
|    critic_loss     | 23.7     |
|    ent_coef        | 0.449    |
|    ent_coef_loss   | -0.276   |
|    learning_rate   | 0.0003   |
|    n_updates       | 30999    |
---------------------------------
----------------------------------
| rollout/           |           |
|    ep_len_mean     | 1e+03     |
|    ep_rew_mean     | -3.09e+03 |
| time/              |           |
|    episodes        | 36        |
|    fps             | 100       |
|    time_elapsed    | 358       |
|    total_timesteps | 36000     |
| train/             |           |
|    actor_loss      | -290      |
|    critic_loss     | 24.5      |
|    ent_coef        | 0.378     |
|    ent_coef_loss   | 0.407     |
|    learning_rate   | 0.0003    |
|    n_updates       | 34999     |
----------------------------------
----------------------------------
| rollout/           |           |
|    ep_len_mean     | 1e+03     |
|    ep_rew_mean     | -2.94e+03 |
| time/              |           |
|    episodes        | 40        |
|    fps             | 100       |
|    time_elapsed    | 399       |
|    total_timesteps | 40000     |
| train/             |           |
|    actor_loss      | -278      |
|    critic_loss     | 10.6      |
|    ent_coef        | 0.28      |
|    ent_coef_loss   | 0.0374    |
|    learning_rate   | 0.0003    |
|    n_updates       | 38999     |
----------------------------------
----------------------------------
| rollout/           |           |
|    ep_len_mean     | 1e+03     |
|    ep_rew_mean     | -2.84e+03 |
| time/              |           |
|    episodes        | 44        |
|    fps             | 100       |
|    time_elapsed    | 439       |
|    total_timesteps | 44000     |
| train/             |           |
|    actor_loss      | -298      |
|    critic_loss     | 9.59      |
|    ent_coef        | 0.258     |
|    ent_coef_loss   | -0.54     |
|    learning_rate   | 0.0003    |
|    n_updates       | 42999     |
----------------------------------
----------------------------------
| rollout/           |           |
|    ep_len_mean     | 995       |
|    ep_rew_mean     | -2.74e+03 |
| time/              |           |
|    episodes        | 48        |
|    fps             | 99        |
|    time_elapsed    | 478       |
|    total_timesteps | 47780     |
| train/             |           |
|    actor_loss      | -264      |
|    critic_loss     | 5.42      |
|    ent_coef        | 0.202     |
|    ent_coef_loss   | -0.203    |
|    learning_rate   | 0.0003    |
|    n_updates       | 46779     |
----------------------------------
----------------------------------
| rollout/           |           |
|    ep_len_mean     | 996       |
|    ep_rew_mean     | -2.78e+03 |
| time/              |           |
|    episodes        | 52        |
|    fps             | 99        |
|    time_elapsed    | 519       |
|    total_timesteps | 51780     |
| train/             |           |
|    actor_loss      | -225      |
|    critic_loss     | 8.86      |
|    ent_coef        | 0.18      |
|    ent_coef_loss   | 0.0245    |
|    learning_rate   | 0.0003    |
|    n_updates       | 50779     |
----------------------------------
----------------------------------
| rollout/           |           |
|    ep_len_mean     | 996       |
|    ep_rew_mean     | -2.78e+03 |
| time/              |           |
|    episodes        | 56        |
|    fps             | 99        |
|    time_elapsed    | 561       |
|    total_timesteps | 55780     |
| train/             |           |
|    actor_loss      | -185      |
|    critic_loss     | 6.16      |
|    ent_coef        | 0.156     |
|    ent_coef_loss   | -0.629    |
|    learning_rate   | 0.0003    |
|    n_updates       | 54779     |
----------------------------------
----------------------------------
| rollout/           |           |
|    ep_len_mean     | 996       |
|    ep_rew_mean     | -2.69e+03 |
| time/              |           |
|    episodes        | 60        |
|    fps             | 99        |
|    time_elapsed    | 603       |
|    total_timesteps | 59780     |
| train/             |           |
|    actor_loss      | -163      |
|    critic_loss     | 118       |
|    ent_coef        | 0.162     |
|    ent_coef_loss   | -0.014    |
|    learning_rate   | 0.0003    |
|    n_updates       | 58779     |
----------------------------------
----------------------------------
| rollout/           |           |
|    ep_len_mean     | 997       |
|    ep_rew_mean     | -2.57e+03 |
| time/              |           |
|    episodes        | 64        |
|    fps             | 98        |
|    time_elapsed    | 645       |
|    total_timesteps | 63780     |
| train/             |           |
|    actor_loss      | -146      |
|    critic_loss     | 4.87      |
|    ent_coef        | 0.166     |
|    ent_coef_loss   | 0.0265    |
|    learning_rate   | 0.0003    |
|    n_updates       | 62779     |
----------------------------------
----------------------------------
| rollout/           |           |
|    ep_len_mean     | 997       |
|    ep_rew_mean     | -2.48e+03 |
| time/              |           |
|    episodes        | 68        |
|    fps             | 98        |
|    time_elapsed    | 688       |
|    total_timesteps | 67780     |
| train/             |           |
|    actor_loss      | -139      |
|    critic_loss     | 4.5       |
|    ent_coef        | 0.175     |
|    ent_coef_loss   | -0.212    |
|    learning_rate   | 0.0003    |
|    n_updates       | 66779     |
----------------------------------
----------------------------------
| rollout/           |           |
|    ep_len_mean     | 997       |
|    ep_rew_mean     | -2.38e+03 |
| time/              |           |
|    episodes        | 72        |
|    fps             | 98        |
|    time_elapsed    | 731       |
|    total_timesteps | 71780     |
| train/             |           |
|    actor_loss      | -139      |
|    critic_loss     | 20.7      |
|    ent_coef        | 0.191     |
|    ent_coef_loss   | 0.0671    |
|    learning_rate   | 0.0003    |
|    n_updates       | 70779     |
----------------------------------
----------------------------------
| rollout/           |           |
|    ep_len_mean     | 997       |
|    ep_rew_mean     | -2.28e+03 |
| time/              |           |
|    episodes        | 76        |
|    fps             | 97        |
|    time_elapsed    | 774       |
|    total_timesteps | 75780     |
| train/             |           |
|    actor_loss      | -143      |
|    critic_loss     | 7.39      |
|    ent_coef        | 0.175     |
|    ent_coef_loss   | -0.341    |
|    learning_rate   | 0.0003    |
|    n_updates       | 74779     |
----------------------------------
----------------------------------
| rollout/           |           |
|    ep_len_mean     | 997       |
|    ep_rew_mean     | -2.19e+03 |
| time/              |           |
|    episodes        | 80        |
|    fps             | 97        |
|    time_elapsed    | 816       |
|    total_timesteps | 79780     |
| train/             |           |
|    actor_loss      | -134      |
|    critic_loss     | 6.99      |
|    ent_coef        | 0.207     |
|    ent_coef_loss   | -0.159    |
|    learning_rate   | 0.0003    |
|    n_updates       | 78779     |
----------------------------------
----------------------------------
| rollout/           |           |
|    ep_len_mean     | 997       |
|    ep_rew_mean     | -2.12e+03 |
| time/              |           |
|    episodes        | 84        |
|    fps             | 97        |
|    time_elapsed    | 859       |
|    total_timesteps | 83780     |
| train/             |           |
|    actor_loss      | -154      |
|    critic_loss     | 6.36      |
|    ent_coef        | 0.24      |
|    ent_coef_loss   | 0.105     |
|    learning_rate   | 0.0003    |
|    n_updates       | 82779     |
----------------------------------
----------------------------------
| rollout/           |           |
|    ep_len_mean     | 998       |
|    ep_rew_mean     | -2.06e+03 |
| time/              |           |
|    episodes        | 88        |
|    fps             | 97        |
|    time_elapsed    | 902       |
|    total_timesteps | 87780     |
| train/             |           |
|    actor_loss      | -175      |
|    critic_loss     | 7.23      |
|    ent_coef        | 0.275     |
|    ent_coef_loss   | 0.299     |
|    learning_rate   | 0.0003    |
|    n_updates       | 86779     |
----------------------------------
----------------------------------
| rollout/           |           |
|    ep_len_mean     | 998       |
|    ep_rew_mean     | -2.08e+03 |
| time/              |           |
|    episodes        | 92        |
|    fps             | 96        |
|    time_elapsed    | 947       |
|    total_timesteps | 91780     |
| train/             |           |
|    actor_loss      | -190      |
|    critic_loss     | 14.7      |
|    ent_coef        | 0.212     |
|    ent_coef_loss   | 0.181     |
|    learning_rate   | 0.0003    |
|    n_updates       | 90779     |
----------------------------------
----------------------------------
| rollout/           |           |
|    ep_len_mean     | 998       |
|    ep_rew_mean     | -2.07e+03 |
| time/              |           |
|    episodes        | 96        |
|    fps             | 96        |
|    time_elapsed    | 991       |
|    total_timesteps | 95780     |
| train/             |           |
|    actor_loss      | -212      |
|    critic_loss     | 14        |
|    ent_coef        | 0.206     |
|    ent_coef_loss   | 0.882     |
|    learning_rate   | 0.0003    |
|    n_updates       | 94779     |
----------------------------------
----------------------------------
| rollout/           |           |
|    ep_len_mean     | 998       |
|    ep_rew_mean     | -2.06e+03 |
| time/              |           |
|    episodes        | 100       |
|    fps             | 96        |
|    time_elapsed    | 1036      |
|    total_timesteps | 99780     |
| train/             |           |
|    actor_loss      | -240      |
|    critic_loss     | 9         |
|    ent_coef        | 0.265     |
|    ent_coef_loss   | -0.346    |
|    learning_rate   | 0.0003    |
|    n_updates       | 98779     |
----------------------------------
----------------------------------
| rollout/           |           |
|    ep_len_mean     | 998       |
|    ep_rew_mean     | -1.92e+03 |
| time/              |           |
|    episodes        | 104       |
|    fps             | 96        |
|    time_elapsed    | 1079      |
|    total_timesteps | 103780    |
| train/             |           |
|    actor_loss      | -289      |
|    critic_loss     | 7.97      |
|    ent_coef        | 0.289     |
|    ent_coef_loss   | -0.277    |
|    learning_rate   | 0.0003    |
|    n_updates       | 102779    |
----------------------------------
----------------------------------
| rollout/           |           |
|    ep_len_mean     | 998       |
|    ep_rew_mean     | -1.87e+03 |
| time/              |           |
|    episodes        | 108       |
|    fps             | 95        |
|    time_elapsed    | 1123      |
|    total_timesteps | 107780    |
| train/             |           |
|    actor_loss      | -293      |
|    critic_loss     | 21.4      |
|    ent_coef        | 0.262     |
|    ent_coef_loss   | -0.00502  |
|    learning_rate   | 0.0003    |
|    n_updates       | 106779    |
----------------------------------
----------------------------------
| rollout/           |           |
|    ep_len_mean     | 998       |
|    ep_rew_mean     | -1.88e+03 |
| time/              |           |
|    episodes        | 112       |
|    fps             | 95        |
|    time_elapsed    | 1167      |
|    total_timesteps | 111780    |
| train/             |           |
|    actor_loss      | -294      |
|    critic_loss     | 4.41      |
|    ent_coef        | 0.201     |
|    ent_coef_loss   | -0.3      |
|    learning_rate   | 0.0003    |
|    n_updates       | 110779    |
----------------------------------
----------------------------------
| rollout/           |           |
|    ep_len_mean     | 998       |
|    ep_rew_mean     | -1.84e+03 |
| time/              |           |
|    episodes        | 116       |
|    fps             | 95        |
|    time_elapsed    | 1212      |
|    total_timesteps | 115780    |
| train/             |           |
|    actor_loss      | -244      |
|    critic_loss     | 5.18      |
|    ent_coef        | 0.185     |
|    ent_coef_loss   | -0.491    |
|    learning_rate   | 0.0003    |
|    n_updates       | 114779    |
----------------------------------
----------------------------------
| rollout/           |           |
|    ep_len_mean     | 998       |
|    ep_rew_mean     | -1.79e+03 |
| time/              |           |
|    episodes        | 120       |
|    fps             | 95        |
|    time_elapsed    | 1256      |
|    total_timesteps | 119780    |
| train/             |           |
|    actor_loss      | -222      |
|    critic_loss     | 9.83      |
|    ent_coef        | 0.16      |
|    ent_coef_loss   | 0.169     |
|    learning_rate   | 0.0003    |
|    n_updates       | 118779    |
----------------------------------
----------------------------------
| rollout/           |           |
|    ep_len_mean     | 998       |
|    ep_rew_mean     | -1.75e+03 |
| time/              |           |
|    episodes        | 124       |
|    fps             | 95        |
|    time_elapsed    | 1300      |
|    total_timesteps | 123780    |
| train/             |           |
|    actor_loss      | -166      |
|    critic_loss     | 4.42      |
|    ent_coef        | 0.132     |
|    ent_coef_loss   | -0.276    |
|    learning_rate   | 0.0003    |
|    n_updates       | 122779    |
----------------------------------
----------------------------------
| rollout/           |           |
|    ep_len_mean     | 998       |
|    ep_rew_mean     | -1.68e+03 |
| time/              |           |
|    episodes        | 128       |
|    fps             | 95        |
|    time_elapsed    | 1344      |
|    total_timesteps | 127780    |
| train/             |           |
|    actor_loss      | -170      |
|    critic_loss     | 5.65      |
|    ent_coef        | 0.111     |
|    ent_coef_loss   | -0.217    |
|    learning_rate   | 0.0003    |
|    n_updates       | 126779    |
----------------------------------
---------------------------------
| rollout/           |          |
|    ep_len_mean     | 998      |
|    ep_rew_mean     | -1.6e+03 |
| time/              |          |
|    episodes        | 132      |
|    fps             | 94       |
|    time_elapsed    | 1388     |
|    total_timesteps | 131780   |
| train/             |          |
|    actor_loss      | -125     |
|    critic_loss     | 2.07     |
|    ent_coef        | 0.114    |
|    ent_coef_loss   | -0.819   |
|    learning_rate   | 0.0003   |
|    n_updates       | 130779   |
---------------------------------
----------------------------------
| rollout/           |           |
|    ep_len_mean     | 998       |
|    ep_rew_mean     | -1.56e+03 |
| time/              |           |
|    episodes        | 136       |
|    fps             | 94        |
|    time_elapsed    | 1432      |
|    total_timesteps | 135780    |
| train/             |           |
|    actor_loss      | -111      |
|    critic_loss     | 2.65      |
|    ent_coef        | 0.0966    |
|    ent_coef_loss   | -0.275    |
|    learning_rate   | 0.0003    |
|    n_updates       | 134779    |
----------------------------------
---------------------------------
| rollout/           |          |
|    ep_len_mean     | 998      |
|    ep_rew_mean     | -1.5e+03 |
| time/              |          |
|    episodes        | 140      |
|    fps             | 94       |
|    time_elapsed    | 1476     |
|    total_timesteps | 139780   |
| train/             |          |
|    actor_loss      | -91      |
|    critic_loss     | 3.59     |
|    ent_coef        | 0.0949   |
|    ent_coef_loss   | 0.308    |
|    learning_rate   | 0.0003   |
|    n_updates       | 138779   |
---------------------------------
----------------------------------
| rollout/           |           |
|    ep_len_mean     | 998       |
|    ep_rew_mean     | -1.47e+03 |
| time/              |           |
|    episodes        | 144       |
|    fps             | 94        |
|    time_elapsed    | 1521      |
|    total_timesteps | 143780    |
| train/             |           |
|    actor_loss      | -82.5     |
|    critic_loss     | 3.11      |
|    ent_coef        | 0.0998    |
|    ent_coef_loss   | 0.415     |
|    learning_rate   | 0.0003    |
|    n_updates       | 142779    |
----------------------------------
----------------------------------
| rollout/           |           |
|    ep_len_mean     | 1e+03     |
|    ep_rew_mean     | -1.43e+03 |
| time/              |           |
|    episodes        | 148       |
|    fps             | 94        |
|    time_elapsed    | 1565      |
|    total_timesteps | 147780    |
| train/             |           |
|    actor_loss      | -56.3     |
|    critic_loss     | 2.44      |
|    ent_coef        | 0.0899    |
|    ent_coef_loss   | -0.461    |
|    learning_rate   | 0.0003    |
|    n_updates       | 146779    |
----------------------------------
----------------------------------
| rollout/           |           |
|    ep_len_mean     | 1e+03     |
|    ep_rew_mean     | -1.32e+03 |
| time/              |           |
|    episodes        | 152       |
|    fps             | 94        |
|    time_elapsed    | 1609      |
|    total_timesteps | 151780    |
| train/             |           |
|    actor_loss      | -49       |
|    critic_loss     | 2.37      |
|    ent_coef        | 0.0976    |
|    ent_coef_loss   | 0.154     |
|    learning_rate   | 0.0003    |
|    n_updates       | 150779    |
----------------------------------
----------------------------------
| rollout/           |           |
|    ep_len_mean     | 1e+03     |
|    ep_rew_mean     | -1.25e+03 |
| time/              |           |
|    episodes        | 156       |
|    fps             | 94        |
|    time_elapsed    | 1653      |
|    total_timesteps | 155780    |
| train/             |           |
|    actor_loss      | -45.9     |
|    critic_loss     | 3.47      |
|    ent_coef        | 0.106     |
|    ent_coef_loss   | 0.378     |
|    learning_rate   | 0.0003    |
|    n_updates       | 154779    |
----------------------------------
----------------------------------
| rollout/           |           |
|    ep_len_mean     | 1e+03     |
|    ep_rew_mean     | -1.21e+03 |
| time/              |           |
|    episodes        | 160       |
|    fps             | 94        |
|    time_elapsed    | 1697      |
|    total_timesteps | 159780    |
| train/             |           |
|    actor_loss      | -42.9     |
|    critic_loss     | 26.9      |
|    ent_coef        | 0.103     |
|    ent_coef_loss   | 0.0921    |
|    learning_rate   | 0.0003    |
|    n_updates       | 158779    |
----------------------------------
----------------------------------
| rollout/           |           |
|    ep_len_mean     | 1e+03     |
|    ep_rew_mean     | -1.19e+03 |
| time/              |           |
|    episodes        | 164       |
|    fps             | 94        |
|    time_elapsed    | 1741      |
|    total_timesteps | 163780    |
| train/             |           |
|    actor_loss      | -45.3     |
|    critic_loss     | 2.42      |
|    ent_coef        | 0.103     |
|    ent_coef_loss   | -1.16     |
|    learning_rate   | 0.0003    |
|    n_updates       | 162779    |
----------------------------------
----------------------------------
| rollout/           |           |
|    ep_len_mean     | 1e+03     |
|    ep_rew_mean     | -1.17e+03 |
| time/              |           |
|    episodes        | 168       |
|    fps             | 93        |
|    time_elapsed    | 1786      |
|    total_timesteps | 167780    |
| train/             |           |
|    actor_loss      | -34.8     |
|    critic_loss     | 68.6      |
|    ent_coef        | 0.113     |
|    ent_coef_loss   | 0.478     |
|    learning_rate   | 0.0003    |
|    n_updates       | 166779    |
----------------------------------
----------------------------------
| rollout/           |           |
|    ep_len_mean     | 1e+03     |
|    ep_rew_mean     | -1.16e+03 |
| time/              |           |
|    episodes        | 172       |
|    fps             | 93        |
|    time_elapsed    | 1830      |
|    total_timesteps | 171780    |
| train/             |           |
|    actor_loss      | -37.8     |
|    critic_loss     | 2.85      |
|    ent_coef        | 0.109     |
|    ent_coef_loss   | -0.172    |
|    learning_rate   | 0.0003    |
|    n_updates       | 170779    |
----------------------------------
----------------------------------
| rollout/           |           |
|    ep_len_mean     | 1e+03     |
|    ep_rew_mean     | -1.17e+03 |
| time/              |           |
|    episodes        | 176       |
|    fps             | 93        |
|    time_elapsed    | 1874      |
|    total_timesteps | 175780    |
| train/             |           |
|    actor_loss      | -45       |
|    critic_loss     | 1.47      |
|    ent_coef        | 0.102     |
|    ent_coef_loss   | -0.0432   |
|    learning_rate   | 0.0003    |
|    n_updates       | 174779    |
----------------------------------
----------------------------------
| rollout/           |           |
|    ep_len_mean     | 1e+03     |
|    ep_rew_mean     | -1.16e+03 |
| time/              |           |
|    episodes        | 180       |
|    fps             | 93        |
|    time_elapsed    | 1918      |
|    total_timesteps | 179780    |
| train/             |           |
|    actor_loss      | -39.1     |
|    critic_loss     | 1.59      |
|    ent_coef        | 0.101     |
|    ent_coef_loss   | -0.44     |
|    learning_rate   | 0.0003    |
|    n_updates       | 178779    |
----------------------------------
----------------------------------
| rollout/           |           |
|    ep_len_mean     | 1e+03     |
|    ep_rew_mean     | -1.15e+03 |
| time/              |           |
|    episodes        | 184       |
|    fps             | 93        |
|    time_elapsed    | 1963      |
|    total_timesteps | 183780    |
| train/             |           |
|    actor_loss      | -49       |
|    critic_loss     | 1.88      |
|    ent_coef        | 0.0944    |
|    ent_coef_loss   | -0.482    |
|    learning_rate   | 0.0003    |
|    n_updates       | 182779    |
----------------------------------
----------------------------------
| rollout/           |           |
|    ep_len_mean     | 1e+03     |
|    ep_rew_mean     | -1.13e+03 |
| time/              |           |
|    episodes        | 188       |
|    fps             | 93        |
|    time_elapsed    | 2007      |
|    total_timesteps | 187780    |
| train/             |           |
|    actor_loss      | -60.4     |
|    critic_loss     | 3.99      |
|    ent_coef        | 0.0982    |
|    ent_coef_loss   | 0.626     |
|    learning_rate   | 0.0003    |
|    n_updates       | 186779    |
----------------------------------
----------------------------------
| rollout/           |           |
|    ep_len_mean     | 1e+03     |
|    ep_rew_mean     | -1.05e+03 |
| time/              |           |
|    episodes        | 192       |
|    fps             | 93        |
|    time_elapsed    | 2052      |
|    total_timesteps | 191780    |
| train/             |           |
|    actor_loss      | -73.5     |
|    critic_loss     | 4.08      |
|    ent_coef        | 0.0917    |
|    ent_coef_loss   | -0.325    |
|    learning_rate   | 0.0003    |
|    n_updates       | 190779    |
----------------------------------
---------------------------------
| rollout/           |          |
|    ep_len_mean     | 1e+03    |
|    ep_rew_mean     | -976     |
| time/              |          |
|    episodes        | 196      |
|    fps             | 93       |
|    time_elapsed    | 2095     |
|    total_timesteps | 195780   |
| train/             |          |
|    actor_loss      | -75.4    |
|    critic_loss     | 3.48     |
|    ent_coef        | 0.0908   |
|    ent_coef_loss   | -0.711   |
|    learning_rate   | 0.0003   |
|    n_updates       | 194779   |
---------------------------------
---------------------------------
| rollout/           |          |
|    ep_len_mean     | 1e+03    |
|    ep_rew_mean     | -917     |
| time/              |          |
|    episodes        | 200      |
|    fps             | 93       |
|    time_elapsed    | 2140     |
|    total_timesteps | 199780   |
| train/             |          |
|    actor_loss      | -50.4    |
|    critic_loss     | 1.43     |
|    ent_coef        | 0.0807   |
|    ent_coef_loss   | 0.249    |
|    learning_rate   | 0.0003   |
|    n_updates       | 198779   |
---------------------------------
---------------------------------
| rollout/           |          |
|    ep_len_mean     | 1e+03    |
|    ep_rew_mean     | -845     |
| time/              |          |
|    episodes        | 204      |
|    fps             | 93       |
|    time_elapsed    | 2184     |
|    total_timesteps | 203780   |
| train/             |          |
|    actor_loss      | -72.1    |
|    critic_loss     | 3.69     |
|    ent_coef        | 0.0845   |
|    ent_coef_loss   | -0.126   |
|    learning_rate   | 0.0003   |
|    n_updates       | 202779   |
---------------------------------
---------------------------------
| rollout/           |          |
|    ep_len_mean     | 1e+03    |
|    ep_rew_mean     | -763     |
| time/              |          |
|    episodes        | 208      |
|    fps             | 93       |
|    time_elapsed    | 2229     |
|    total_timesteps | 207780   |
| train/             |          |
|    actor_loss      | -70.2    |
|    critic_loss     | 2.43     |
|    ent_coef        | 0.0913   |
|    ent_coef_loss   | -0.678   |
|    learning_rate   | 0.0003   |
|    n_updates       | 206779   |
---------------------------------
---------------------------------
| rollout/           |          |
|    ep_len_mean     | 1e+03    |
|    ep_rew_mean     | -667     |
| time/              |          |
|    episodes        | 212      |
|    fps             | 93       |
|    time_elapsed    | 2274     |
|    total_timesteps | 211780   |
| train/             |          |
|    actor_loss      | -89.2    |
|    critic_loss     | 1.49     |
|    ent_coef        | 0.0841   |
|    ent_coef_loss   | -0.214   |
|    learning_rate   | 0.0003   |
|    n_updates       | 210779   |
---------------------------------
---------------------------------
| rollout/           |          |
|    ep_len_mean     | 1e+03    |
|    ep_rew_mean     | -580     |
| time/              |          |
|    episodes        | 216      |
|    fps             | 93       |
|    time_elapsed    | 2318     |
|    total_timesteps | 215780   |
| train/             |          |
|    actor_loss      | -85.6    |
|    critic_loss     | 2.43     |
|    ent_coef        | 0.0872   |
|    ent_coef_loss   | -0.429   |
|    learning_rate   | 0.0003   |
|    n_updates       | 214779   |
---------------------------------
---------------------------------
| rollout/           |          |
|    ep_len_mean     | 1e+03    |
|    ep_rew_mean     | -506     |
| time/              |          |
|    episodes        | 220      |
|    fps             | 92       |
|    time_elapsed    | 2364     |
|    total_timesteps | 219780   |
| train/             |          |
|    actor_loss      | -108     |
|    critic_loss     | 3.71     |
|    ent_coef        | 0.088    |
|    ent_coef_loss   | 0.79     |
|    learning_rate   | 0.0003   |
|    n_updates       | 218779   |
---------------------------------
---------------------------------
| rollout/           |          |
|    ep_len_mean     | 1e+03    |
|    ep_rew_mean     | -337     |
| time/              |          |
|    episodes        | 224      |
|    fps             | 92       |
|    time_elapsed    | 2409     |
|    total_timesteps | 223780   |
| train/             |          |
|    actor_loss      | -106     |
|    critic_loss     | 2.81     |
|    ent_coef        | 0.0885   |
|    ent_coef_loss   | 0.512    |
|    learning_rate   | 0.0003   |
|    n_updates       | 222779   |
---------------------------------
---------------------------------
| rollout/           |          |
|    ep_len_mean     | 1e+03    |
|    ep_rew_mean     | -328     |
| time/              |          |
|    episodes        | 228      |
|    fps             | 92       |
|    time_elapsed    | 2454     |
|    total_timesteps | 227780   |
| train/             |          |
|    actor_loss      | -117     |
|    critic_loss     | 1.61     |
|    ent_coef        | 0.08     |
|    ent_coef_loss   | -0.282   |
|    learning_rate   | 0.0003   |
|    n_updates       | 226779   |
---------------------------------
---------------------------------
| rollout/           |          |
|    ep_len_mean     | 1e+03    |
|    ep_rew_mean     | -303     |
| time/              |          |
|    episodes        | 232      |
|    fps             | 92       |
|    time_elapsed    | 2499     |
|    total_timesteps | 231780   |
| train/             |          |
|    actor_loss      | -121     |
|    critic_loss     | 2.68     |
|    ent_coef        | 0.0947   |
|    ent_coef_loss   | 0.221    |
|    learning_rate   | 0.0003   |
|    n_updates       | 230779   |
---------------------------------
---------------------------------
| rollout/           |          |
|    ep_len_mean     | 1e+03    |
|    ep_rew_mean     | -271     |
| time/              |          |
|    episodes        | 236      |
|    fps             | 92       |
|    time_elapsed    | 2544     |
|    total_timesteps | 235780   |
| train/             |          |
|    actor_loss      | -119     |
|    critic_loss     | 4.12     |
|    ent_coef        | 0.078    |
|    ent_coef_loss   | 0.903    |
|    learning_rate   | 0.0003   |
|    n_updates       | 234779   |
---------------------------------
---------------------------------
| rollout/           |          |
|    ep_len_mean     | 1e+03    |
|    ep_rew_mean     | -290     |
| time/              |          |
|    episodes        | 240      |
|    fps             | 92       |
|    time_elapsed    | 2589     |
|    total_timesteps | 239780   |
| train/             |          |
|    actor_loss      | -102     |
|    critic_loss     | 1.85     |
|    ent_coef        | 0.0691   |
|    ent_coef_loss   | -0.634   |
|    learning_rate   | 0.0003   |
|    n_updates       | 238779   |
---------------------------------
---------------------------------
| rollout/           |          |
|    ep_len_mean     | 1e+03    |
|    ep_rew_mean     | -268     |
| time/              |          |
|    episodes        | 244      |
|    fps             | 92       |
|    time_elapsed    | 2649     |
|    total_timesteps | 243780   |
| train/             |          |
|    actor_loss      | -112     |
|    critic_loss     | 1.94     |
|    ent_coef        | 0.0756   |
|    ent_coef_loss   | 1.09     |
|    learning_rate   | 0.0003   |
|    n_updates       | 242779   |
---------------------------------
---------------------------------
| rollout/           |          |
|    ep_len_mean     | 1e+03    |
|    ep_rew_mean     | -258     |
| time/              |          |
|    episodes        | 248      |
|    fps             | 91       |
|    time_elapsed    | 2710     |
|    total_timesteps | 247780   |
| train/             |          |
|    actor_loss      | -99.7    |
|    critic_loss     | 1.46     |
|    ent_coef        | 0.0778   |
|    ent_coef_loss   | 1.33     |
|    learning_rate   | 0.0003   |
|    n_updates       | 246779   |
---------------------------------
---------------------------------
| rollout/           |          |
|    ep_len_mean     | 1e+03    |
|    ep_rew_mean     | -245     |
| time/              |          |
|    episodes        | 252      |
|    fps             | 90       |
|    time_elapsed    | 2772     |
|    total_timesteps | 251780   |
| train/             |          |
|    actor_loss      | -106     |
|    critic_loss     | 1.42     |
|    ent_coef        | 0.0709   |
|    ent_coef_loss   | -0.187   |
|    learning_rate   | 0.0003   |
|    n_updates       | 250779   |
---------------------------------
