[2026-06-23T13:23:26] Starting Fischer session: algorithm=SAC, timesteps=500,000, direction=EAST, actuation=muscle, waypoints=[[2.5, 0.8], [0.2, 1.1], [1.8, -1.3]]
[2026-06-23T13:23:26] Save dir: C:\Users\ranjo\OneDrive\Desktop\ARM-Model\project_assets\outputs\Parallel_Seeds\seed_014
[2026-06-23T13:23:26] Waypoint mode active: 3 waypoints, current_waypoint_index=0 at every episode reset
Using cpu device
Wrapping the env with a `Monitor` wrapper
Wrapping the env in a DummyVecEnv.
[HoldCurriculum] Initial hold requirement: 10 steps (ladder: [10, 15, 20], threshold: 60%)
----------------------------------
| rollout/           |           |
|    ep_len_mean     | 1e+03     |
|    ep_rew_mean     | -5.68e+03 |
| time/              |           |
|    episodes        | 4         |
|    fps             | 116       |
|    time_elapsed    | 34        |
|    total_timesteps | 4000      |
| train/             |           |
|    actor_loss      | 50.4      |
|    critic_loss     | 8.29      |
|    ent_coef        | 0.411     |
|    ent_coef_loss   | -5.45     |
|    learning_rate   | 0.0003    |
|    n_updates       | 2999      |
----------------------------------
---------------------------------
| rollout/           |          |
|    ep_len_mean     | 956      |
|    ep_rew_mean     | -4e+03   |
| time/              |          |
|    episodes        | 8        |
|    fps             | 100      |
|    time_elapsed    | 76       |
|    total_timesteps | 7650     |
| train/             |          |
|    actor_loss      | 78.5     |
|    critic_loss     | 72.3     |
|    ent_coef        | 0.173    |
|    ent_coef_loss   | -2.9     |
|    learning_rate   | 0.0003   |
|    n_updates       | 6649     |
---------------------------------
----------------------------------
| rollout/           |           |
|    ep_len_mean     | 971       |
|    ep_rew_mean     | -3.49e+03 |
| time/              |           |
|    episodes        | 12        |
|    fps             | 95        |
|    time_elapsed    | 121       |
|    total_timesteps | 11650     |
| train/             |           |
|    actor_loss      | 46.4      |
|    critic_loss     | 12.4      |
|    ent_coef        | 0.21      |
|    ent_coef_loss   | -0.367    |
|    learning_rate   | 0.0003    |
|    n_updates       | 10649     |
----------------------------------
----------------------------------
| rollout/           |           |
|    ep_len_mean     | 978       |
|    ep_rew_mean     | -2.95e+03 |
| time/              |           |
|    episodes        | 16        |
|    fps             | 93        |
|    time_elapsed    | 167       |
|    total_timesteps | 15650     |
| train/             |           |
|    actor_loss      | -11       |
|    critic_loss     | 93.8      |
|    ent_coef        | 0.355     |
|    ent_coef_loss   | 0.76      |
|    learning_rate   | 0.0003    |
|    n_updates       | 14649     |
----------------------------------
----------------------------------
| rollout/           |           |
|    ep_len_mean     | 982       |
|    ep_rew_mean     | -2.58e+03 |
| time/              |           |
|    episodes        | 20        |
|    fps             | 92        |
|    time_elapsed    | 212       |
|    total_timesteps | 19650     |
| train/             |           |
|    actor_loss      | -44.5     |
|    critic_loss     | 315       |
|    ent_coef        | 0.397     |
|    ent_coef_loss   | -0.354    |
|    learning_rate   | 0.0003    |
|    n_updates       | 18649     |
----------------------------------
----------------------------------
| rollout/           |           |
|    ep_len_mean     | 985       |
|    ep_rew_mean     | -2.33e+03 |
| time/              |           |
|    episodes        | 24        |
|    fps             | 91        |
|    time_elapsed    | 258       |
|    total_timesteps | 23650     |
| train/             |           |
|    actor_loss      | -109      |
|    critic_loss     | 48.5      |
|    ent_coef        | 0.445     |
|    ent_coef_loss   | -0.0767   |
|    learning_rate   | 0.0003    |
|    n_updates       | 22649     |
----------------------------------
----------------------------------
| rollout/           |           |
|    ep_len_mean     | 988       |
|    ep_rew_mean     | -2.07e+03 |
| time/              |           |
|    episodes        | 28        |
|    fps             | 91        |
|    time_elapsed    | 303       |
|    total_timesteps | 27650     |
| train/             |           |
|    actor_loss      | -127      |
|    critic_loss     | 105       |
|    ent_coef        | 0.418     |
|    ent_coef_loss   | 0.472     |
|    learning_rate   | 0.0003    |
|    n_updates       | 26649     |
----------------------------------
----------------------------------
| rollout/           |           |
|    ep_len_mean     | 989       |
|    ep_rew_mean     | -1.83e+03 |
| time/              |           |
|    episodes        | 32        |
|    fps             | 90        |
|    time_elapsed    | 348       |
|    total_timesteps | 31650     |
| train/             |           |
|    actor_loss      | -132      |
|    critic_loss     | 32.5      |
|    ent_coef        | 0.584     |
|    ent_coef_loss   | -0.183    |
|    learning_rate   | 0.0003    |
|    n_updates       | 30649     |
----------------------------------
----------------------------------
| rollout/           |           |
|    ep_len_mean     | 990       |
|    ep_rew_mean     | -1.65e+03 |
| time/              |           |
|    episodes        | 36        |
|    fps             | 90        |
|    time_elapsed    | 394       |
|    total_timesteps | 35650     |
| train/             |           |
|    actor_loss      | -131      |
|    critic_loss     | 25        |
|    ent_coef        | 0.463     |
|    ent_coef_loss   | 0.0764    |
|    learning_rate   | 0.0003    |
|    n_updates       | 34649     |
----------------------------------
----------------------------------
| rollout/           |           |
|    ep_len_mean     | 991       |
|    ep_rew_mean     | -1.56e+03 |
| time/              |           |
|    episodes        | 40        |
|    fps             | 90        |
|    time_elapsed    | 439       |
|    total_timesteps | 39650     |
| train/             |           |
|    actor_loss      | -188      |
|    critic_loss     | 24.6      |
|    ent_coef        | 0.564     |
|    ent_coef_loss   | -0.052    |
|    learning_rate   | 0.0003    |
|    n_updates       | 38649     |
----------------------------------
----------------------------------
| rollout/           |           |
|    ep_len_mean     | 992       |
|    ep_rew_mean     | -1.45e+03 |
| time/              |           |
|    episodes        | 44        |
|    fps             | 89        |
|    time_elapsed    | 485       |
|    total_timesteps | 43650     |
| train/             |           |
|    actor_loss      | -157      |
|    critic_loss     | 117       |
|    ent_coef        | 0.51      |
|    ent_coef_loss   | 0.234     |
|    learning_rate   | 0.0003    |
|    n_updates       | 42649     |
----------------------------------
----------------------------------
| rollout/           |           |
|    ep_len_mean     | 993       |
|    ep_rew_mean     | -1.45e+03 |
| time/              |           |
|    episodes        | 48        |
|    fps             | 89        |
|    time_elapsed    | 531       |
|    total_timesteps | 47650     |
| train/             |           |
|    actor_loss      | -175      |
|    critic_loss     | 36.8      |
|    ent_coef        | 0.526     |
|    ent_coef_loss   | 0.0804    |
|    learning_rate   | 0.0003    |
|    n_updates       | 46649     |
----------------------------------
----------------------------------
| rollout/           |           |
|    ep_len_mean     | 993       |
|    ep_rew_mean     | -1.47e+03 |
| time/              |           |
|    episodes        | 52        |
|    fps             | 89        |
|    time_elapsed    | 578       |
|    total_timesteps | 51650     |
| train/             |           |
|    actor_loss      | -267      |
|    critic_loss     | 29.7      |
|    ent_coef        | 0.513     |
|    ent_coef_loss   | 0.0709    |
|    learning_rate   | 0.0003    |
|    n_updates       | 50649     |
----------------------------------
----------------------------------
| rollout/           |           |
|    ep_len_mean     | 994       |
|    ep_rew_mean     | -1.43e+03 |
| time/              |           |
|    episodes        | 56        |
|    fps             | 89        |
|    time_elapsed    | 625       |
|    total_timesteps | 55650     |
| train/             |           |
|    actor_loss      | -254      |
|    critic_loss     | 51.4      |
|    ent_coef        | 0.575     |
|    ent_coef_loss   | -0.0282   |
|    learning_rate   | 0.0003    |
|    n_updates       | 54649     |
----------------------------------
----------------------------------
| rollout/           |           |
|    ep_len_mean     | 994       |
|    ep_rew_mean     | -1.41e+03 |
| time/              |           |
|    episodes        | 60        |
|    fps             | 88        |
|    time_elapsed    | 671       |
|    total_timesteps | 59650     |
| train/             |           |
|    actor_loss      | -308      |
|    critic_loss     | 175       |
|    ent_coef        | 0.484     |
|    ent_coef_loss   | 0.08      |
|    learning_rate   | 0.0003    |
|    n_updates       | 58649     |
----------------------------------
----------------------------------
| rollout/           |           |
|    ep_len_mean     | 995       |
|    ep_rew_mean     | -1.33e+03 |
| time/              |           |
|    episodes        | 64        |
|    fps             | 88        |
|    time_elapsed    | 719       |
|    total_timesteps | 63650     |
| train/             |           |
|    actor_loss      | -340      |
|    critic_loss     | 45.2      |
|    ent_coef        | 0.491     |
|    ent_coef_loss   | 0.324     |
|    learning_rate   | 0.0003    |
|    n_updates       | 62649     |
----------------------------------
----------------------------------
| rollout/           |           |
|    ep_len_mean     | 995       |
|    ep_rew_mean     | -1.25e+03 |
| time/              |           |
|    episodes        | 68        |
|    fps             | 88        |
|    time_elapsed    | 768       |
|    total_timesteps | 67650     |
| train/             |           |
|    actor_loss      | -344      |
|    critic_loss     | 93.9      |
|    ent_coef        | 0.565     |
|    ent_coef_loss   | 0.148     |
|    learning_rate   | 0.0003    |
|    n_updates       | 66649     |
----------------------------------
----------------------------------
| rollout/           |           |
|    ep_len_mean     | 995       |
|    ep_rew_mean     | -1.19e+03 |
| time/              |           |
|    episodes        | 72        |
|    fps             | 87        |
|    time_elapsed    | 816       |
|    total_timesteps | 71650     |
| train/             |           |
|    actor_loss      | -289      |
|    critic_loss     | 33.7      |
|    ent_coef        | 0.506     |
|    ent_coef_loss   | 0.0423    |
|    learning_rate   | 0.0003    |
|    n_updates       | 70649     |
----------------------------------
----------------------------------
| rollout/           |           |
|    ep_len_mean     | 995       |
|    ep_rew_mean     | -1.12e+03 |
| time/              |           |
|    episodes        | 76        |
|    fps             | 87        |
|    time_elapsed    | 865       |
|    total_timesteps | 75650     |
| train/             |           |
|    actor_loss      | -337      |
|    critic_loss     | 24.4      |
|    ent_coef        | 0.477     |
|    ent_coef_loss   | -0.0566   |
|    learning_rate   | 0.0003    |
|    n_updates       | 74649     |
----------------------------------
----------------------------------
| rollout/           |           |
|    ep_len_mean     | 996       |
|    ep_rew_mean     | -1.08e+03 |
| time/              |           |
|    episodes        | 80        |
|    fps             | 87        |
|    time_elapsed    | 913       |
|    total_timesteps | 79650     |
| train/             |           |
|    actor_loss      | -347      |
|    critic_loss     | 37.7      |
|    ent_coef        | 0.385     |
|    ent_coef_loss   | -0.132    |
|    learning_rate   | 0.0003    |
|    n_updates       | 78649     |
----------------------------------
----------------------------------
| rollout/           |           |
|    ep_len_mean     | 996       |
|    ep_rew_mean     | -1.04e+03 |
| time/              |           |
|    episodes        | 84        |
|    fps             | 86        |
|    time_elapsed    | 962       |
|    total_timesteps | 83650     |
| train/             |           |
|    actor_loss      | -351      |
|    critic_loss     | 29.2      |
|    ent_coef        | 0.493     |
|    ent_coef_loss   | 0.26      |
|    learning_rate   | 0.0003    |
|    n_updates       | 82649     |
----------------------------------
---------------------------------
| rollout/           |          |
|    ep_len_mean     | 996      |
|    ep_rew_mean     | -937     |
| time/              |          |
|    episodes        | 88       |
|    fps             | 86       |
|    time_elapsed    | 1009     |
|    total_timesteps | 87625    |
| train/             |          |
|    actor_loss      | -551     |
|    critic_loss     | 41.7     |
|    ent_coef        | 0.546    |
|    ent_coef_loss   | -0.125   |
|    learning_rate   | 0.0003   |
|    n_updates       | 86624    |
---------------------------------
---------------------------------
| rollout/           |          |
|    ep_len_mean     | 996      |
|    ep_rew_mean     | -918     |
| time/              |          |
|    episodes        | 92       |
|    fps             | 86       |
|    time_elapsed    | 1058     |
|    total_timesteps | 91625    |
| train/             |          |
|    actor_loss      | -449     |
|    critic_loss     | 60.6     |
|    ent_coef        | 0.429    |
|    ent_coef_loss   | -0.185   |
|    learning_rate   | 0.0003   |
|    n_updates       | 90624    |
---------------------------------
---------------------------------
| rollout/           |          |
|    ep_len_mean     | 996      |
|    ep_rew_mean     | -893     |
| time/              |          |
|    episodes        | 96       |
|    fps             | 86       |
|    time_elapsed    | 1106     |
|    total_timesteps | 95625    |
| train/             |          |
|    actor_loss      | -454     |
|    critic_loss     | 21.6     |
|    ent_coef        | 0.355    |
|    ent_coef_loss   | 0.275    |
|    learning_rate   | 0.0003   |
|    n_updates       | 94624    |
---------------------------------
---------------------------------
| rollout/           |          |
|    ep_len_mean     | 996      |
|    ep_rew_mean     | -862     |
| time/              |          |
|    episodes        | 100      |
|    fps             | 86       |
|    time_elapsed    | 1155     |
|    total_timesteps | 99625    |
| train/             |          |
|    actor_loss      | -358     |
|    critic_loss     | 156      |
|    ent_coef        | 0.29     |
|    ent_coef_loss   | -0.275   |
|    learning_rate   | 0.0003   |
|    n_updates       | 98624    |
---------------------------------
---------------------------------
| rollout/           |          |
|    ep_len_mean     | 996      |
|    ep_rew_mean     | -613     |
| time/              |          |
|    episodes        | 104      |
|    fps             | 86       |
|    time_elapsed    | 1203     |
|    total_timesteps | 103625   |
| train/             |          |
|    actor_loss      | -431     |
|    critic_loss     | 15.3     |
|    ent_coef        | 0.258    |
|    ent_coef_loss   | 0.0402   |
|    learning_rate   | 0.0003   |
|    n_updates       | 102624   |
---------------------------------
---------------------------------
| rollout/           |          |
|    ep_len_mean     | 1e+03    |
|    ep_rew_mean     | -510     |
| time/              |          |
|    episodes        | 108      |
|    fps             | 86       |
|    time_elapsed    | 1251     |
|    total_timesteps | 107625   |
| train/             |          |
|    actor_loss      | -378     |
|    critic_loss     | 20.7     |
|    ent_coef        | 0.27     |
|    ent_coef_loss   | 0.328    |
|    learning_rate   | 0.0003   |
|    n_updates       | 106624   |
---------------------------------
---------------------------------
| rollout/           |          |
|    ep_len_mean     | 1e+03    |
|    ep_rew_mean     | -422     |
| time/              |          |
|    episodes        | 112      |
|    fps             | 85       |
|    time_elapsed    | 1299     |
|    total_timesteps | 111625   |
| train/             |          |
|    actor_loss      | -397     |
|    critic_loss     | 25.9     |
|    ent_coef        | 0.244    |
|    ent_coef_loss   | -0.316   |
|    learning_rate   | 0.0003   |
|    n_updates       | 110624   |
---------------------------------
---------------------------------
| rollout/           |          |
|    ep_len_mean     | 1e+03    |
|    ep_rew_mean     | -356     |
| time/              |          |
|    episodes        | 116      |
|    fps             | 85       |
|    time_elapsed    | 1347     |
|    total_timesteps | 115625   |
| train/             |          |
|    actor_loss      | -358     |
|    critic_loss     | 12.3     |
|    ent_coef        | 0.266    |
|    ent_coef_loss   | 0.233    |
|    learning_rate   | 0.0003   |
|    n_updates       | 114624   |
---------------------------------
---------------------------------
| rollout/           |          |
|    ep_len_mean     | 1e+03    |
|    ep_rew_mean     | -302     |
| time/              |          |
|    episodes        | 120      |
|    fps             | 85       |
|    time_elapsed    | 1395     |
|    total_timesteps | 119625   |
| train/             |          |
|    actor_loss      | -371     |
|    critic_loss     | 16.9     |
|    ent_coef        | 0.264    |
|    ent_coef_loss   | -0.631   |
|    learning_rate   | 0.0003   |
|    n_updates       | 118624   |
---------------------------------
---------------------------------
| rollout/           |          |
|    ep_len_mean     | 1e+03    |
|    ep_rew_mean     | -252     |
| time/              |          |
|    episodes        | 124      |
|    fps             | 85       |
|    time_elapsed    | 1444     |
|    total_timesteps | 123625   |
| train/             |          |
|    actor_loss      | -351     |
|    critic_loss     | 11.5     |
|    ent_coef        | 0.212    |
|    ent_coef_loss   | -0.159   |
|    learning_rate   | 0.0003   |
|    n_updates       | 122624   |
---------------------------------
---------------------------------
| rollout/           |          |
|    ep_len_mean     | 1e+03    |
|    ep_rew_mean     | -247     |
| time/              |          |
|    episodes        | 128      |
|    fps             | 85       |
|    time_elapsed    | 1492     |
|    total_timesteps | 127625   |
| train/             |          |
|    actor_loss      | -285     |
|    critic_loss     | 22.3     |
|    ent_coef        | 0.209    |
|    ent_coef_loss   | 0.827    |
|    learning_rate   | 0.0003   |
|    n_updates       | 126624   |
---------------------------------
---------------------------------
| rollout/           |          |
|    ep_len_mean     | 1e+03    |
|    ep_rew_mean     | -300     |
| time/              |          |
|    episodes        | 132      |
|    fps             | 85       |
|    time_elapsed    | 1541     |
|    total_timesteps | 131625   |
| train/             |          |
|    actor_loss      | -307     |
|    critic_loss     | 18       |
|    ent_coef        | 0.197    |
|    ent_coef_loss   | 0.224    |
|    learning_rate   | 0.0003   |
|    n_updates       | 130624   |
---------------------------------
---------------------------------
| rollout/           |          |
|    ep_len_mean     | 1e+03    |
|    ep_rew_mean     | -267     |
| time/              |          |
|    episodes        | 136      |
|    fps             | 85       |
|    time_elapsed    | 1589     |
|    total_timesteps | 135625   |
| train/             |          |
|    actor_loss      | -356     |
|    critic_loss     | 15.6     |
|    ent_coef        | 0.193    |
|    ent_coef_loss   | 0.404    |
|    learning_rate   | 0.0003   |
|    n_updates       | 134624   |
---------------------------------
---------------------------------
| rollout/           |          |
|    ep_len_mean     | 1e+03    |
|    ep_rew_mean     | -309     |
| time/              |          |
|    episodes        | 140      |
|    fps             | 85       |
|    time_elapsed    | 1637     |
|    total_timesteps | 139625   |
| train/             |          |
|    actor_loss      | -334     |
|    critic_loss     | 25       |
|    ent_coef        | 0.314    |
|    ent_coef_loss   | -0.491   |
|    learning_rate   | 0.0003   |
|    n_updates       | 138624   |
---------------------------------
---------------------------------
| rollout/           |          |
|    ep_len_mean     | 1e+03    |
|    ep_rew_mean     | -342     |
| time/              |          |
|    episodes        | 144      |
|    fps             | 85       |
|    time_elapsed    | 1686     |
|    total_timesteps | 143625   |
| train/             |          |
|    actor_loss      | -343     |
|    critic_loss     | 12.1     |
|    ent_coef        | 0.27     |
|    ent_coef_loss   | 0.625    |
|    learning_rate   | 0.0003   |
|    n_updates       | 142624   |
---------------------------------
---------------------------------
| rollout/           |          |
|    ep_len_mean     | 1e+03    |
|    ep_rew_mean     | -287     |
| time/              |          |
|    episodes        | 148      |
|    fps             | 85       |
|    time_elapsed    | 1735     |
|    total_timesteps | 147625   |
| train/             |          |
|    actor_loss      | -338     |
|    critic_loss     | 10.8     |
|    ent_coef        | 0.252    |
|    ent_coef_loss   | 0.0901   |
|    learning_rate   | 0.0003   |
|    n_updates       | 146624   |
---------------------------------
---------------------------------
| rollout/           |          |
|    ep_len_mean     | 1e+03    |
|    ep_rew_mean     | -195     |
| time/              |          |
|    episodes        | 152      |
|    fps             | 84       |
|    time_elapsed    | 1784     |
|    total_timesteps | 151625   |
| train/             |          |
|    actor_loss      | -288     |
|    critic_loss     | 8.99     |
|    ent_coef        | 0.151    |
|    ent_coef_loss   | -0.135   |
|    learning_rate   | 0.0003   |
|    n_updates       | 150624   |
---------------------------------
---------------------------------
| rollout/           |          |
|    ep_len_mean     | 1e+03    |
|    ep_rew_mean     | -138     |
| time/              |          |
|    episodes        | 156      |
|    fps             | 84       |
|    time_elapsed    | 1833     |
|    total_timesteps | 155625   |
| train/             |          |
|    actor_loss      | -264     |
|    critic_loss     | 10.1     |
|    ent_coef        | 0.162    |
|    ent_coef_loss   | -0.965   |
|    learning_rate   | 0.0003   |
|    n_updates       | 154624   |
---------------------------------
---------------------------------
| rollout/           |          |
|    ep_len_mean     | 1e+03    |
|    ep_rew_mean     | -85.3    |
| time/              |          |
|    episodes        | 160      |
|    fps             | 84       |
|    time_elapsed    | 1883     |
|    total_timesteps | 159625   |
| train/             |          |
|    actor_loss      | -235     |
|    critic_loss     | 9.57     |
|    ent_coef        | 0.16     |
|    ent_coef_loss   | -0.0573  |
|    learning_rate   | 0.0003   |
|    n_updates       | 158624   |
---------------------------------
---------------------------------
| rollout/           |          |
|    ep_len_mean     | 1e+03    |
|    ep_rew_mean     | -67.4    |
| time/              |          |
|    episodes        | 164      |
|    fps             | 84       |
|    time_elapsed    | 1931     |
|    total_timesteps | 163625   |
| train/             |          |
|    actor_loss      | -242     |
|    critic_loss     | 7.36     |
|    ent_coef        | 0.137    |
|    ent_coef_loss   | 0.12     |
|    learning_rate   | 0.0003   |
|    n_updates       | 162624   |
---------------------------------
---------------------------------
| rollout/           |          |
|    ep_len_mean     | 1e+03    |
|    ep_rew_mean     | -45.2    |
| time/              |          |
|    episodes        | 168      |
|    fps             | 84       |
|    time_elapsed    | 1980     |
|    total_timesteps | 167625   |
| train/             |          |
|    actor_loss      | -288     |
|    critic_loss     | 9.95     |
|    ent_coef        | 0.139    |
|    ent_coef_loss   | 0.0261   |
|    learning_rate   | 0.0003   |
|    n_updates       | 166624   |
---------------------------------
---------------------------------
| rollout/           |          |
|    ep_len_mean     | 1e+03    |
|    ep_rew_mean     | -19.9    |
| time/              |          |
|    episodes        | 172      |
|    fps             | 84       |
|    time_elapsed    | 2029     |
|    total_timesteps | 171625   |
| train/             |          |
|    actor_loss      | -277     |
|    critic_loss     | 6.08     |
|    ent_coef        | 0.104    |
|    ent_coef_loss   | -0.402   |
|    learning_rate   | 0.0003   |
|    n_updates       | 170624   |
---------------------------------
---------------------------------
| rollout/           |          |
|    ep_len_mean     | 1e+03    |
|    ep_rew_mean     | -16.2    |
| time/              |          |
|    episodes        | 176      |
|    fps             | 84       |
|    time_elapsed    | 2078     |
|    total_timesteps | 175625   |
| train/             |          |
|    actor_loss      | -203     |
|    critic_loss     | 5.07     |
|    ent_coef        | 0.108    |
|    ent_coef_loss   | 0.274    |
|    learning_rate   | 0.0003   |
|    n_updates       | 174624   |
---------------------------------
---------------------------------
| rollout/           |          |
|    ep_len_mean     | 1e+03    |
|    ep_rew_mean     | -10.6    |
| time/              |          |
|    episodes        | 180      |
|    fps             | 84       |
|    time_elapsed    | 2127     |
|    total_timesteps | 179625   |
| train/             |          |
|    actor_loss      | -192     |
|    critic_loss     | 4.15     |
|    ent_coef        | 0.114    |
|    ent_coef_loss   | -0.067   |
|    learning_rate   | 0.0003   |
|    n_updates       | 178624   |
---------------------------------
---------------------------------
| rollout/           |          |
|    ep_len_mean     | 1e+03    |
|    ep_rew_mean     | -4.81    |
| time/              |          |
|    episodes        | 184      |
|    fps             | 84       |
|    time_elapsed    | 2177     |
|    total_timesteps | 183625   |
| train/             |          |
|    actor_loss      | -224     |
|    critic_loss     | 7.36     |
|    ent_coef        | 0.098    |
|    ent_coef_loss   | -0.508   |
|    learning_rate   | 0.0003   |
|    n_updates       | 182624   |
---------------------------------
---------------------------------
| rollout/           |          |
|    ep_len_mean     | 1e+03    |
|    ep_rew_mean     | -52.1    |
| time/              |          |
|    episodes        | 188      |
|    fps             | 84       |
|    time_elapsed    | 2226     |
|    total_timesteps | 187625   |
| train/             |          |
|    actor_loss      | -197     |
|    critic_loss     | 7.1      |
|    ent_coef        | 0.103    |
|    ent_coef_loss   | 0.432    |
|    learning_rate   | 0.0003   |
|    n_updates       | 186624   |
---------------------------------
---------------------------------
| rollout/           |          |
|    ep_len_mean     | 1e+03    |
|    ep_rew_mean     | -32.5    |
| time/              |          |
|    episodes        | 192      |
|    fps             | 84       |
|    time_elapsed    | 2275     |
|    total_timesteps | 191625   |
| train/             |          |
|    actor_loss      | -193     |
|    critic_loss     | 17.3     |
|    ent_coef        | 0.0961   |
|    ent_coef_loss   | -0.518   |
|    learning_rate   | 0.0003   |
|    n_updates       | 190624   |
---------------------------------
---------------------------------
| rollout/           |          |
|    ep_len_mean     | 1e+03    |
|    ep_rew_mean     | -49.1    |
| time/              |          |
|    episodes        | 196      |
|    fps             | 84       |
|    time_elapsed    | 2323     |
|    total_timesteps | 195625   |
| train/             |          |
|    actor_loss      | -195     |
|    critic_loss     | 5.62     |
|    ent_coef        | 0.109    |
|    ent_coef_loss   | 0.0655   |
|    learning_rate   | 0.0003   |
|    n_updates       | 194624   |
---------------------------------
---------------------------------
| rollout/           |          |
|    ep_len_mean     | 1e+03    |
|    ep_rew_mean     | -48      |
| time/              |          |
|    episodes        | 200      |
|    fps             | 84       |
|    time_elapsed    | 2372     |
|    total_timesteps | 199625   |
| train/             |          |
|    actor_loss      | -203     |
|    critic_loss     | 6.86     |
|    ent_coef        | 0.113    |
|    ent_coef_loss   | 0.655    |
|    learning_rate   | 0.0003   |
|    n_updates       | 198624   |
---------------------------------
---------------------------------
| rollout/           |          |
|    ep_len_mean     | 1e+03    |
|    ep_rew_mean     | -44.4    |
| time/              |          |
|    episodes        | 204      |
|    fps             | 84       |
|    time_elapsed    | 2422     |
|    total_timesteps | 203625   |
| train/             |          |
|    actor_loss      | -208     |
|    critic_loss     | 5.93     |
|    ent_coef        | 0.0951   |
|    ent_coef_loss   | 0.752    |
|    learning_rate   | 0.0003   |
|    n_updates       | 202624   |
---------------------------------
---------------------------------
| rollout/           |          |
|    ep_len_mean     | 1e+03    |
|    ep_rew_mean     | -26.6    |
| time/              |          |
|    episodes        | 208      |
|    fps             | 84       |
|    time_elapsed    | 2471     |
|    total_timesteps | 207625   |
| train/             |          |
|    actor_loss      | -184     |
|    critic_loss     | 4.47     |
|    ent_coef        | 0.112    |
|    ent_coef_loss   | 0.973    |
|    learning_rate   | 0.0003   |
|    n_updates       | 206624   |
---------------------------------
---------------------------------
| rollout/           |          |
|    ep_len_mean     | 1e+03    |
|    ep_rew_mean     | -3.3     |
| time/              |          |
|    episodes        | 212      |
|    fps             | 83       |
|    time_elapsed    | 2520     |
|    total_timesteps | 211625   |
| train/             |          |
|    actor_loss      | -189     |
|    critic_loss     | 3.09     |
|    ent_coef        | 0.09     |
|    ent_coef_loss   | 0.115    |
|    learning_rate   | 0.0003   |
|    n_updates       | 210624   |
---------------------------------
---------------------------------
| rollout/           |          |
|    ep_len_mean     | 1e+03    |
|    ep_rew_mean     | -47.5    |
| time/              |          |
|    episodes        | 216      |
|    fps             | 83       |
|    time_elapsed    | 2570     |
|    total_timesteps | 215625   |
| train/             |          |
|    actor_loss      | -159     |
|    critic_loss     | 6.33     |
|    ent_coef        | 0.0844   |
|    ent_coef_loss   | 0.000843 |
|    learning_rate   | 0.0003   |
|    n_updates       | 214624   |
---------------------------------
---------------------------------
| rollout/           |          |
|    ep_len_mean     | 1e+03    |
|    ep_rew_mean     | -83      |
| time/              |          |
|    episodes        | 220      |
|    fps             | 83       |
|    time_elapsed    | 2621     |
|    total_timesteps | 219625   |
| train/             |          |
|    actor_loss      | -144     |
|    critic_loss     | 2.33     |
|    ent_coef        | 0.0868   |
|    ent_coef_loss   | -0.348   |
|    learning_rate   | 0.0003   |
|    n_updates       | 218624   |
---------------------------------
---------------------------------
| rollout/           |          |
|    ep_len_mean     | 1e+03    |
|    ep_rew_mean     | -69.7    |
| time/              |          |
|    episodes        | 224      |
|    fps             | 83       |
|    time_elapsed    | 2671     |
|    total_timesteps | 223625   |
| train/             |          |
|    actor_loss      | -152     |
|    critic_loss     | 2.66     |
|    ent_coef        | 0.081    |
|    ent_coef_loss   | -0.624   |
|    learning_rate   | 0.0003   |
|    n_updates       | 222624   |
---------------------------------
---------------------------------
| rollout/           |          |
|    ep_len_mean     | 1e+03    |
|    ep_rew_mean     | -26.1    |
| time/              |          |
|    episodes        | 228      |
|    fps             | 83       |
|    time_elapsed    | 2722     |
|    total_timesteps | 227625   |
| train/             |          |
|    actor_loss      | -141     |
|    critic_loss     | 4.68     |
|    ent_coef        | 0.0765   |
|    ent_coef_loss   | -1.43    |
|    learning_rate   | 0.0003   |
|    n_updates       | 226624   |
---------------------------------
---------------------------------
| rollout/           |          |
|    ep_len_mean     | 1e+03    |
|    ep_rew_mean     | 57.5     |
| time/              |          |
|    episodes        | 232      |
|    fps             | 83       |
|    time_elapsed    | 2772     |
|    total_timesteps | 231625   |
| train/             |          |
|    actor_loss      | -127     |
|    critic_loss     | 1.79     |
|    ent_coef        | 0.079    |
|    ent_coef_loss   | 0.686    |
|    learning_rate   | 0.0003   |
|    n_updates       | 230624   |
---------------------------------
---------------------------------
| rollout/           |          |
|    ep_len_mean     | 1e+03    |
|    ep_rew_mean     | 62.1     |
| time/              |          |
|    episodes        | 236      |
|    fps             | 83       |
|    time_elapsed    | 2822     |
|    total_timesteps | 235625   |
| train/             |          |
|    actor_loss      | -138     |
|    critic_loss     | 6.41     |
|    ent_coef        | 0.0681   |
|    ent_coef_loss   | 0.0875   |
|    learning_rate   | 0.0003   |
|    n_updates       | 234624   |
---------------------------------
---------------------------------
| rollout/           |          |
|    ep_len_mean     | 1e+03    |
|    ep_rew_mean     | 157      |
| time/              |          |
|    episodes        | 240      |
|    fps             | 83       |
|    time_elapsed    | 2872     |
|    total_timesteps | 239625   |
| train/             |          |
|    actor_loss      | -129     |
|    critic_loss     | 2.21     |
|    ent_coef        | 0.057    |
|    ent_coef_loss   | -0.912   |
|    learning_rate   | 0.0003   |
|    n_updates       | 238624   |
---------------------------------
---------------------------------
| rollout/           |          |
|    ep_len_mean     | 1e+03    |
|    ep_rew_mean     | 178      |
| time/              |          |
|    episodes        | 244      |
|    fps             | 83       |
|    time_elapsed    | 2923     |
|    total_timesteps | 243625   |
| train/             |          |
|    actor_loss      | -117     |
|    critic_loss     | 5.04     |
|    ent_coef        | 0.0684   |
|    ent_coef_loss   | 1.43     |
|    learning_rate   | 0.0003   |
|    n_updates       | 242624   |
---------------------------------
---------------------------------
| rollout/           |          |
|    ep_len_mean     | 1e+03    |
|    ep_rew_mean     | 137      |
| time/              |          |
|    episodes        | 248      |
|    fps             | 83       |
|    time_elapsed    | 2974     |
|    total_timesteps | 247625   |
| train/             |          |
|    actor_loss      | -197     |
|    critic_loss     | 15.3     |
|    ent_coef        | 0.157    |
|    ent_coef_loss   | 0.38     |
|    learning_rate   | 0.0003   |
|    n_updates       | 246624   |
---------------------------------
---------------------------------
| rollout/           |          |
|    ep_len_mean     | 1e+03    |
|    ep_rew_mean     | 113      |
| time/              |          |
|    episodes        | 252      |
|    fps             | 83       |
|    time_elapsed    | 3023     |
|    total_timesteps | 251625   |
| train/             |          |
|    actor_loss      | -200     |
|    critic_loss     | 2.82     |
|    ent_coef        | 0.133    |
|    ent_coef_loss   | -1.39    |
|    learning_rate   | 0.0003   |
|    n_updates       | 250624   |
---------------------------------
---------------------------------
| rollout/           |          |
|    ep_len_mean     | 1e+03    |
|    ep_rew_mean     | 84.1     |
| time/              |          |
|    episodes        | 256      |
|    fps             | 83       |
|    time_elapsed    | 3074     |
|    total_timesteps | 255625   |
| train/             |          |
|    actor_loss      | -223     |
|    critic_loss     | 6.12     |
|    ent_coef        | 0.0792   |
|    ent_coef_loss   | 0.237    |
|    learning_rate   | 0.0003   |
|    n_updates       | 254624   |
---------------------------------
---------------------------------
| rollout/           |          |
|    ep_len_mean     | 1e+03    |
|    ep_rew_mean     | 57.9     |
| time/              |          |
|    episodes        | 260      |
|    fps             | 83       |
|    time_elapsed    | 3124     |
|    total_timesteps | 259625   |
| train/             |          |
|    actor_loss      | -215     |
|    critic_loss     | 3.76     |
|    ent_coef        | 0.0815   |
|    ent_coef_loss   | 0.246    |
|    learning_rate   | 0.0003   |
|    n_updates       | 258624   |
---------------------------------
---------------------------------
| rollout/           |          |
|    ep_len_mean     | 1e+03    |
|    ep_rew_mean     | 14.5     |
| time/              |          |
|    episodes        | 264      |
|    fps             | 83       |
|    time_elapsed    | 3174     |
|    total_timesteps | 263625   |
| train/             |          |
|    actor_loss      | -202     |
|    critic_loss     | 3.51     |
|    ent_coef        | 0.102    |
|    ent_coef_loss   | 0.00793  |
|    learning_rate   | 0.0003   |
|    n_updates       | 262624   |
---------------------------------
---------------------------------
| rollout/           |          |
|    ep_len_mean     | 1e+03    |
|    ep_rew_mean     | -0.0111  |
| time/              |          |
|    episodes        | 268      |
|    fps             | 82       |
|    time_elapsed    | 3225     |
|    total_timesteps | 267625   |
| train/             |          |
|    actor_loss      | -195     |
|    critic_loss     | 3.8      |
|    ent_coef        | 0.0674   |
|    ent_coef_loss   | -0.00522 |
|    learning_rate   | 0.0003   |
|    n_updates       | 266624   |
---------------------------------
