[2026-06-21T18:02:00] Starting Fischer session: algorithm=SAC, timesteps=500,000, direction=EAST, actuation=muscle, waypoints=[[2.3, -1.0], [1.0, 1.5], [2.5, 0.0]]
[2026-06-21T18:02:00] Save dir: C:\Users\ranjo\OneDrive\Desktop\ARM-Model\project_assets\outputs\Parallel_Seeds\seed_01
[2026-06-21T18:02:00] Waypoint mode active: 3 waypoints, current_waypoint_index=0 at every episode reset
Using cpu device
Wrapping the env with a `Monitor` wrapper
Wrapping the env in a DummyVecEnv.
----------------------------------
| rollout/           |           |
|    ep_len_mean     | 1e+03     |
|    ep_rew_mean     | -4.47e+03 |
| time/              |           |
|    episodes        | 4         |
|    fps             | 41        |
|    time_elapsed    | 96        |
|    total_timesteps | 4000      |
| train/             |           |
|    actor_loss      | 39.7      |
|    critic_loss     | 20        |
|    ent_coef        | 0.412     |
|    ent_coef_loss   | -5.48     |
|    learning_rate   | 0.0003    |
|    n_updates       | 2999      |
----------------------------------
---------------------------------
| rollout/           |          |
|    ep_len_mean     | 1e+03    |
|    ep_rew_mean     | -2.2e+03 |
| time/              |          |
|    episodes        | 8        |
|    fps             | 37       |
|    time_elapsed    | 212      |
|    total_timesteps | 8000     |
| train/             |          |
|    actor_loss      | 22       |
|    critic_loss     | 78.2     |
|    ent_coef        | 0.159    |
|    ent_coef_loss   | -3.07    |
|    learning_rate   | 0.0003   |
|    n_updates       | 6999     |
---------------------------------
----------------------------------
| rollout/           |           |
|    ep_len_mean     | 1e+03     |
|    ep_rew_mean     | -1.51e+03 |
| time/              |           |
|    episodes        | 12        |
|    fps             | 36        |
|    time_elapsed    | 327       |
|    total_timesteps | 12000     |
| train/             |           |
|    actor_loss      | 1.48      |
|    critic_loss     | 220       |
|    ent_coef        | 0.177     |
|    ent_coef_loss   | 0.0581    |
|    learning_rate   | 0.0003    |
|    n_updates       | 10999     |
----------------------------------
----------------------------------
| rollout/           |           |
|    ep_len_mean     | 1e+03     |
|    ep_rew_mean     | -1.33e+03 |
| time/              |           |
|    episodes        | 16        |
|    fps             | 36        |
|    time_elapsed    | 433       |
|    total_timesteps | 16000     |
| train/             |           |
|    actor_loss      | -11.7     |
|    critic_loss     | 5.77      |
|    ent_coef        | 0.262     |
|    ent_coef_loss   | 0.175     |
|    learning_rate   | 0.0003    |
|    n_updates       | 14999     |
----------------------------------
----------------------------------
| rollout/           |           |
|    ep_len_mean     | 1e+03     |
|    ep_rew_mean     | -1.25e+03 |
| time/              |           |
|    episodes        | 20        |
|    fps             | 37        |
|    time_elapsed    | 540       |
|    total_timesteps | 20000     |
| train/             |           |
|    actor_loss      | -37.2     |
|    critic_loss     | 8.03      |
|    ent_coef        | 0.22      |
|    ent_coef_loss   | -0.143    |
|    learning_rate   | 0.0003    |
|    n_updates       | 18999     |
----------------------------------
----------------------------------
| rollout/           |           |
|    ep_len_mean     | 1e+03     |
|    ep_rew_mean     | -1.27e+03 |
| time/              |           |
|    episodes        | 24        |
|    fps             | 37        |
|    time_elapsed    | 646       |
|    total_timesteps | 24000     |
| train/             |           |
|    actor_loss      | -55.9     |
|    critic_loss     | 17.5      |
|    ent_coef        | 0.244     |
|    ent_coef_loss   | -0.158    |
|    learning_rate   | 0.0003    |
|    n_updates       | 22999     |
----------------------------------
----------------------------------
| rollout/           |           |
|    ep_len_mean     | 1e+03     |
|    ep_rew_mean     | -1.21e+03 |
| time/              |           |
|    episodes        | 28        |
|    fps             | 37        |
|    time_elapsed    | 752       |
|    total_timesteps | 28000     |
| train/             |           |
|    actor_loss      | -60.6     |
|    critic_loss     | 89.8      |
|    ent_coef        | 0.224     |
|    ent_coef_loss   | -0.157    |
|    learning_rate   | 0.0003    |
|    n_updates       | 26999     |
----------------------------------
----------------------------------
| rollout/           |           |
|    ep_len_mean     | 1e+03     |
|    ep_rew_mean     | -1.13e+03 |
| time/              |           |
|    episodes        | 32        |
|    fps             | 37        |
|    time_elapsed    | 859       |
|    total_timesteps | 32000     |
| train/             |           |
|    actor_loss      | -94.1     |
|    critic_loss     | 9.42      |
|    ent_coef        | 0.211     |
|    ent_coef_loss   | 0.263     |
|    learning_rate   | 0.0003    |
|    n_updates       | 30999     |
----------------------------------
----------------------------------
| rollout/           |           |
|    ep_len_mean     | 1e+03     |
|    ep_rew_mean     | -1.06e+03 |
| time/              |           |
|    episodes        | 36        |
|    fps             | 37        |
|    time_elapsed    | 965       |
|    total_timesteps | 36000     |
| train/             |           |
|    actor_loss      | -102      |
|    critic_loss     | 46.7      |
|    ent_coef        | 0.213     |
|    ent_coef_loss   | 0.353     |
|    learning_rate   | 0.0003    |
|    n_updates       | 34999     |
----------------------------------
----------------------------------
| rollout/           |           |
|    ep_len_mean     | 1e+03     |
|    ep_rew_mean     | -1.05e+03 |
| time/              |           |
|    episodes        | 40        |
|    fps             | 37        |
|    time_elapsed    | 1072      |
|    total_timesteps | 40000     |
| train/             |           |
|    actor_loss      | -93.1     |
|    critic_loss     | 5.12      |
|    ent_coef        | 0.198     |
|    ent_coef_loss   | -0.0618   |
|    learning_rate   | 0.0003    |
|    n_updates       | 38999     |
----------------------------------
----------------------------------
| rollout/           |           |
|    ep_len_mean     | 1e+03     |
|    ep_rew_mean     | -1.15e+03 |
| time/              |           |
|    episodes        | 44        |
|    fps             | 37        |
|    time_elapsed    | 1178      |
|    total_timesteps | 44000     |
| train/             |           |
|    actor_loss      | -102      |
|    critic_loss     | 5.03      |
|    ent_coef        | 0.194     |
|    ent_coef_loss   | -0.0443   |
|    learning_rate   | 0.0003    |
|    n_updates       | 42999     |
----------------------------------
----------------------------------
| rollout/           |           |
|    ep_len_mean     | 1e+03     |
|    ep_rew_mean     | -1.38e+03 |
| time/              |           |
|    episodes        | 48        |
|    fps             | 37        |
|    time_elapsed    | 1285      |
|    total_timesteps | 48000     |
| train/             |           |
|    actor_loss      | -80.5     |
|    critic_loss     | 8.24      |
|    ent_coef        | 0.23      |
|    ent_coef_loss   | 0.0304    |
|    learning_rate   | 0.0003    |
|    n_updates       | 46999     |
----------------------------------
---------------------------------
| rollout/           |          |
|    ep_len_mean     | 1e+03    |
|    ep_rew_mean     | -1.4e+03 |
| time/              |          |
|    episodes        | 52       |
|    fps             | 37       |
|    time_elapsed    | 1393     |
|    total_timesteps | 52000    |
| train/             |          |
|    actor_loss      | -76.7    |
|    critic_loss     | 5.86     |
|    ent_coef        | 0.22     |
|    ent_coef_loss   | -0.529   |
|    learning_rate   | 0.0003   |
|    n_updates       | 50999    |
---------------------------------
----------------------------------
| rollout/           |           |
|    ep_len_mean     | 1e+03     |
|    ep_rew_mean     | -1.42e+03 |
| time/              |           |
|    episodes        | 56        |
|    fps             | 37        |
|    time_elapsed    | 1501      |
|    total_timesteps | 56000     |
| train/             |           |
|    actor_loss      | -76       |
|    critic_loss     | 31        |
|    ent_coef        | 0.182     |
|    ent_coef_loss   | 0.0291    |
|    learning_rate   | 0.0003    |
|    n_updates       | 54999     |
----------------------------------
----------------------------------
| rollout/           |           |
|    ep_len_mean     | 1e+03     |
|    ep_rew_mean     | -1.39e+03 |
| time/              |           |
|    episodes        | 60        |
|    fps             | 37        |
|    time_elapsed    | 1609      |
|    total_timesteps | 60000     |
| train/             |           |
|    actor_loss      | -83.5     |
|    critic_loss     | 5.46      |
|    ent_coef        | 0.161     |
|    ent_coef_loss   | 0.188     |
|    learning_rate   | 0.0003    |
|    n_updates       | 58999     |
----------------------------------
----------------------------------
| rollout/           |           |
|    ep_len_mean     | 1e+03     |
|    ep_rew_mean     | -1.39e+03 |
| time/              |           |
|    episodes        | 64        |
|    fps             | 37        |
|    time_elapsed    | 1718      |
|    total_timesteps | 64000     |
| train/             |           |
|    actor_loss      | -78.7     |
|    critic_loss     | 3.59      |
|    ent_coef        | 0.151     |
|    ent_coef_loss   | -0.258    |
|    learning_rate   | 0.0003    |
|    n_updates       | 62999     |
----------------------------------
----------------------------------
| rollout/           |           |
|    ep_len_mean     | 1e+03     |
|    ep_rew_mean     | -1.35e+03 |
| time/              |           |
|    episodes        | 68        |
|    fps             | 37        |
|    time_elapsed    | 1827      |
|    total_timesteps | 68000     |
| train/             |           |
|    actor_loss      | -74.4     |
|    critic_loss     | 3.31      |
|    ent_coef        | 0.148     |
|    ent_coef_loss   | 0.0545    |
|    learning_rate   | 0.0003    |
|    n_updates       | 66999     |
----------------------------------
----------------------------------
| rollout/           |           |
|    ep_len_mean     | 1e+03     |
|    ep_rew_mean     | -1.32e+03 |
| time/              |           |
|    episodes        | 72        |
|    fps             | 37        |
|    time_elapsed    | 1936      |
|    total_timesteps | 72000     |
| train/             |           |
|    actor_loss      | -43.5     |
|    critic_loss     | 4         |
|    ent_coef        | 0.134     |
|    ent_coef_loss   | 0.512     |
|    learning_rate   | 0.0003    |
|    n_updates       | 70999     |
----------------------------------
----------------------------------
| rollout/           |           |
|    ep_len_mean     | 1e+03     |
|    ep_rew_mean     | -1.28e+03 |
| time/              |           |
|    episodes        | 76        |
|    fps             | 37        |
|    time_elapsed    | 2046      |
|    total_timesteps | 76000     |
| train/             |           |
|    actor_loss      | -69.2     |
|    critic_loss     | 4.3       |
|    ent_coef        | 0.134     |
|    ent_coef_loss   | 0.231     |
|    learning_rate   | 0.0003    |
|    n_updates       | 74999     |
----------------------------------
----------------------------------
| rollout/           |           |
|    ep_len_mean     | 1e+03     |
|    ep_rew_mean     | -1.25e+03 |
| time/              |           |
|    episodes        | 80        |
|    fps             | 37        |
|    time_elapsed    | 2155      |
|    total_timesteps | 80000     |
| train/             |           |
|    actor_loss      | -65.3     |
|    critic_loss     | 8.15      |
|    ent_coef        | 0.145     |
|    ent_coef_loss   | 0.116     |
|    learning_rate   | 0.0003    |
|    n_updates       | 78999     |
----------------------------------
---------------------------------
| rollout/           |          |
|    ep_len_mean     | 1e+03    |
|    ep_rew_mean     | -1.2e+03 |
| time/              |          |
|    episodes        | 84       |
|    fps             | 37       |
|    time_elapsed    | 2264     |
|    total_timesteps | 84000    |
| train/             |          |
|    actor_loss      | -59.9    |
|    critic_loss     | 2.95     |
|    ent_coef        | 0.139    |
|    ent_coef_loss   | -0.438   |
|    learning_rate   | 0.0003   |
|    n_updates       | 82999    |
---------------------------------
----------------------------------
| rollout/           |           |
|    ep_len_mean     | 1e+03     |
|    ep_rew_mean     | -1.14e+03 |
| time/              |           |
|    episodes        | 88        |
|    fps             | 37        |
|    time_elapsed    | 2373      |
|    total_timesteps | 88000     |
| train/             |           |
|    actor_loss      | -50.7     |
|    critic_loss     | 3.96      |
|    ent_coef        | 0.15      |
|    ent_coef_loss   | -0.082    |
|    learning_rate   | 0.0003    |
|    n_updates       | 86999     |
----------------------------------
----------------------------------
| rollout/           |           |
|    ep_len_mean     | 1e+03     |
|    ep_rew_mean     | -1.09e+03 |
| time/              |           |
|    episodes        | 92        |
|    fps             | 37        |
|    time_elapsed    | 2482      |
|    total_timesteps | 92000     |
| train/             |           |
|    actor_loss      | -49.7     |
|    critic_loss     | 2.74      |
|    ent_coef        | 0.142     |
|    ent_coef_loss   | -0.347    |
|    learning_rate   | 0.0003    |
|    n_updates       | 90999     |
----------------------------------
----------------------------------
| rollout/           |           |
|    ep_len_mean     | 1e+03     |
|    ep_rew_mean     | -1.09e+03 |
| time/              |           |
|    episodes        | 96        |
|    fps             | 37        |
|    time_elapsed    | 2591      |
|    total_timesteps | 96000     |
| train/             |           |
|    actor_loss      | -66.2     |
|    critic_loss     | 4.53      |
|    ent_coef        | 0.151     |
|    ent_coef_loss   | 0.341     |
|    learning_rate   | 0.0003    |
|    n_updates       | 94999     |
----------------------------------
----------------------------------
| rollout/           |           |
|    ep_len_mean     | 1e+03     |
|    ep_rew_mean     | -1.05e+03 |
| time/              |           |
|    episodes        | 100       |
|    fps             | 37        |
|    time_elapsed    | 2700      |
|    total_timesteps | 100000    |
| train/             |           |
|    actor_loss      | -72.6     |
|    critic_loss     | 4.03      |
|    ent_coef        | 0.14      |
|    ent_coef_loss   | -0.07     |
|    learning_rate   | 0.0003    |
|    n_updates       | 98999     |
----------------------------------
---------------------------------
| rollout/           |          |
|    ep_len_mean     | 1e+03    |
|    ep_rew_mean     | -872     |
| time/              |          |
|    episodes        | 104      |
|    fps             | 37       |
|    time_elapsed    | 2809     |
|    total_timesteps | 104000   |
| train/             |          |
|    actor_loss      | -51.6    |
|    critic_loss     | 2.41     |
|    ent_coef        | 0.143    |
|    ent_coef_loss   | 0.205    |
|    learning_rate   | 0.0003   |
|    n_updates       | 102999   |
---------------------------------
---------------------------------
| rollout/           |          |
|    ep_len_mean     | 1e+03    |
|    ep_rew_mean     | -886     |
| time/              |          |
|    episodes        | 108      |
|    fps             | 37       |
|    time_elapsed    | 2918     |
|    total_timesteps | 108000   |
| train/             |          |
|    actor_loss      | -73.9    |
|    critic_loss     | 3.37     |
|    ent_coef        | 0.128    |
|    ent_coef_loss   | -0.472   |
|    learning_rate   | 0.0003   |
|    n_updates       | 106999   |
---------------------------------
---------------------------------
| rollout/           |          |
|    ep_len_mean     | 1e+03    |
|    ep_rew_mean     | -876     |
| time/              |          |
|    episodes        | 112      |
|    fps             | 36       |
|    time_elapsed    | 3027     |
|    total_timesteps | 112000   |
| train/             |          |
|    actor_loss      | -65      |
|    critic_loss     | 4.27     |
|    ent_coef        | 0.139    |
|    ent_coef_loss   | -0.709   |
|    learning_rate   | 0.0003   |
|    n_updates       | 110999   |
---------------------------------
---------------------------------
| rollout/           |          |
|    ep_len_mean     | 1e+03    |
|    ep_rew_mean     | -835     |
| time/              |          |
|    episodes        | 116      |
|    fps             | 36       |
|    time_elapsed    | 3136     |
|    total_timesteps | 116000   |
| train/             |          |
|    actor_loss      | -69.7    |
|    critic_loss     | 2.3      |
|    ent_coef        | 0.151    |
|    ent_coef_loss   | 0.804    |
|    learning_rate   | 0.0003   |
|    n_updates       | 114999   |
---------------------------------
---------------------------------
| rollout/           |          |
|    ep_len_mean     | 1e+03    |
|    ep_rew_mean     | -782     |
| time/              |          |
|    episodes        | 120      |
|    fps             | 36       |
|    time_elapsed    | 3245     |
|    total_timesteps | 120000   |
| train/             |          |
|    actor_loss      | -68.7    |
|    critic_loss     | 2.91     |
|    ent_coef        | 0.143    |
|    ent_coef_loss   | -0.164   |
|    learning_rate   | 0.0003   |
|    n_updates       | 118999   |
---------------------------------
---------------------------------
| rollout/           |          |
|    ep_len_mean     | 1e+03    |
|    ep_rew_mean     | -712     |
| time/              |          |
|    episodes        | 124      |
|    fps             | 36       |
|    time_elapsed    | 3354     |
|    total_timesteps | 124000   |
| train/             |          |
|    actor_loss      | -54.6    |
|    critic_loss     | 3.27     |
|    ent_coef        | 0.132    |
|    ent_coef_loss   | -0.462   |
|    learning_rate   | 0.0003   |
|    n_updates       | 122999   |
---------------------------------
---------------------------------
| rollout/           |          |
|    ep_len_mean     | 1e+03    |
|    ep_rew_mean     | -667     |
| time/              |          |
|    episodes        | 128      |
|    fps             | 36       |
|    time_elapsed    | 3464     |
|    total_timesteps | 128000   |
| train/             |          |
|    actor_loss      | -42.7    |
|    critic_loss     | 1.95     |
|    ent_coef        | 0.146    |
|    ent_coef_loss   | -0.118   |
|    learning_rate   | 0.0003   |
|    n_updates       | 126999   |
---------------------------------
---------------------------------
| rollout/           |          |
|    ep_len_mean     | 1e+03    |
|    ep_rew_mean     | -394     |
| time/              |          |
|    episodes        | 132      |
|    fps             | 36       |
|    time_elapsed    | 3574     |
|    total_timesteps | 132000   |
| train/             |          |
|    actor_loss      | -76.3    |
|    critic_loss     | 5.1      |
|    ent_coef        | 0.164    |
|    ent_coef_loss   | 0.114    |
|    learning_rate   | 0.0003   |
|    n_updates       | 130999   |
---------------------------------
---------------------------------
| rollout/           |          |
|    ep_len_mean     | 1e+03    |
|    ep_rew_mean     | -367     |
| time/              |          |
|    episodes        | 136      |
|    fps             | 36       |
|    time_elapsed    | 3683     |
|    total_timesteps | 136000   |
| train/             |          |
|    actor_loss      | -122     |
|    critic_loss     | 24.1     |
|    ent_coef        | 0.352    |
|    ent_coef_loss   | 0.301    |
|    learning_rate   | 0.0003   |
|    n_updates       | 134999   |
---------------------------------
---------------------------------
| rollout/           |          |
|    ep_len_mean     | 1e+03    |
|    ep_rew_mean     | -307     |
| time/              |          |
|    episodes        | 140      |
|    fps             | 36       |
|    time_elapsed    | 3792     |
|    total_timesteps | 140000   |
| train/             |          |
|    actor_loss      | -265     |
|    critic_loss     | 529      |
|    ent_coef        | 0.639    |
|    ent_coef_loss   | 0.0409   |
|    learning_rate   | 0.0003   |
|    n_updates       | 138999   |
---------------------------------
---------------------------------
| rollout/           |          |
|    ep_len_mean     | 1e+03    |
|    ep_rew_mean     | -210     |
| time/              |          |
|    episodes        | 144      |
|    fps             | 36       |
|    time_elapsed    | 3896     |
|    total_timesteps | 144000   |
| train/             |          |
|    actor_loss      | -436     |
|    critic_loss     | 158      |
|    ent_coef        | 1.03     |
|    ent_coef_loss   | -0.00855 |
|    learning_rate   | 0.0003   |
|    n_updates       | 142999   |
---------------------------------
---------------------------------
| rollout/           |          |
|    ep_len_mean     | 1e+03    |
|    ep_rew_mean     | -112     |
| time/              |          |
|    episodes        | 148      |
|    fps             | 36       |
|    time_elapsed    | 4000     |
|    total_timesteps | 148000   |
| train/             |          |
|    actor_loss      | -752     |
|    critic_loss     | 609      |
|    ent_coef        | 1.17     |
|    ent_coef_loss   | -0.0703  |
|    learning_rate   | 0.0003   |
|    n_updates       | 146999   |
---------------------------------
----------------------------------
| rollout/           |           |
|    ep_len_mean     | 1e+03     |
|    ep_rew_mean     | -59.6     |
| time/              |           |
|    episodes        | 152       |
|    fps             | 37        |
|    time_elapsed    | 4104      |
|    total_timesteps | 152000    |
| train/             |           |
|    actor_loss      | -1.07e+03 |
|    critic_loss     | 296       |
|    ent_coef        | 1.41      |
|    ent_coef_loss   | -0.0753   |
|    learning_rate   | 0.0003    |
|    n_updates       | 150999    |
----------------------------------
----------------------------------
| rollout/           |           |
|    ep_len_mean     | 1e+03     |
|    ep_rew_mean     | 82.7      |
| time/              |           |
|    episodes        | 156       |
|    fps             | 37        |
|    time_elapsed    | 4209      |
|    total_timesteps | 156000    |
| train/             |           |
|    actor_loss      | -1.23e+03 |
|    critic_loss     | 342       |
|    ent_coef        | 1.55      |
|    ent_coef_loss   | 0.00211   |
|    learning_rate   | 0.0003    |
|    n_updates       | 154999    |
----------------------------------
----------------------------------
| rollout/           |           |
|    ep_len_mean     | 994       |
|    ep_rew_mean     | 315       |
| time/              |           |
|    episodes        | 160       |
|    fps             | 37        |
|    time_elapsed    | 4298      |
|    total_timesteps | 159395    |
| train/             |           |
|    actor_loss      | -1.33e+03 |
|    critic_loss     | 1e+04     |
|    ent_coef        | 1.41      |
|    ent_coef_loss   | 0.0329    |
|    learning_rate   | 0.0003    |
|    n_updates       | 158394    |
----------------------------------
----------------------------------
| rollout/           |           |
|    ep_len_mean     | 971       |
|    ep_rew_mean     | 451       |
| time/              |           |
|    episodes        | 164       |
|    fps             | 37        |
|    time_elapsed    | 4341      |
|    total_timesteps | 161057    |
| train/             |           |
|    actor_loss      | -1.48e+03 |
|    critic_loss     | 674       |
|    ent_coef        | 1.32      |
|    ent_coef_loss   | 0.0557    |
|    learning_rate   | 0.0003    |
|    n_updates       | 160056    |
----------------------------------
----------------------------------
| rollout/           |           |
|    ep_len_mean     | 958       |
|    ep_rew_mean     | 510       |
| time/              |           |
|    episodes        | 168       |
|    fps             | 37        |
|    time_elapsed    | 4414      |
|    total_timesteps | 163836    |
| train/             |           |
|    actor_loss      | -1.53e+03 |
|    critic_loss     | 3.01e+03  |
|    ent_coef        | 1.15      |
|    ent_coef_loss   | -0.0294   |
|    learning_rate   | 0.0003    |
|    n_updates       | 162835    |
----------------------------------
----------------------------------
| rollout/           |           |
|    ep_len_mean     | 958       |
|    ep_rew_mean     | 441       |
| time/              |           |
|    episodes        | 172       |
|    fps             | 37        |
|    time_elapsed    | 4519      |
|    total_timesteps | 167836    |
| train/             |           |
|    actor_loss      | -1.73e+03 |
|    critic_loss     | 463       |
|    ent_coef        | 1.36      |
|    ent_coef_loss   | 0.0165    |
|    learning_rate   | 0.0003    |
|    n_updates       | 166835    |
----------------------------------
----------------------------------
| rollout/           |           |
|    ep_len_mean     | 945       |
|    ep_rew_mean     | 436       |
| time/              |           |
|    episodes        | 176       |
|    fps             | 37        |
|    time_elapsed    | 4588      |
|    total_timesteps | 170459    |
| train/             |           |
|    actor_loss      | -1.81e+03 |
|    critic_loss     | 1.58e+05  |
|    ent_coef        | 1.33      |
|    ent_coef_loss   | -0.131    |
|    learning_rate   | 0.0003    |
|    n_updates       | 169458    |
----------------------------------
----------------------------------
| rollout/           |           |
|    ep_len_mean     | 945       |
|    ep_rew_mean     | 451       |
| time/              |           |
|    episodes        | 180       |
|    fps             | 37        |
|    time_elapsed    | 4693      |
|    total_timesteps | 174459    |
| train/             |           |
|    actor_loss      | -2.01e+03 |
|    critic_loss     | 1.31e+03  |
|    ent_coef        | 1.36      |
|    ent_coef_loss   | -0.01     |
|    learning_rate   | 0.0003    |
|    n_updates       | 173458    |
----------------------------------
----------------------------------
| rollout/           |           |
|    ep_len_mean     | 945       |
|    ep_rew_mean     | 437       |
| time/              |           |
|    episodes        | 184       |
|    fps             | 37        |
|    time_elapsed    | 4798      |
|    total_timesteps | 178459    |
| train/             |           |
|    actor_loss      | -1.85e+03 |
|    critic_loss     | 3.06e+03  |
|    ent_coef        | 1.22      |
|    ent_coef_loss   | -0.031    |
|    learning_rate   | 0.0003    |
|    n_updates       | 177458    |
----------------------------------
----------------------------------
| rollout/           |           |
|    ep_len_mean     | 945       |
|    ep_rew_mean     | 187       |
| time/              |           |
|    episodes        | 188       |
|    fps             | 37        |
|    time_elapsed    | 4904      |
|    total_timesteps | 182459    |
| train/             |           |
|    actor_loss      | -1.98e+03 |
|    critic_loss     | 1.12e+03  |
|    ent_coef        | 1.58      |
|    ent_coef_loss   | -0.0421   |
|    learning_rate   | 0.0003    |
|    n_updates       | 181458    |
----------------------------------
---------------------------------
| rollout/           |          |
|    ep_len_mean     | 945      |
|    ep_rew_mean     | 310      |
| time/              |          |
|    episodes        | 192      |
|    fps             | 37       |
|    time_elapsed    | 5010     |
|    total_timesteps | 186459   |
| train/             |          |
|    actor_loss      | -2.6e+03 |
|    critic_loss     | 440      |
|    ent_coef        | 1.62     |
|    ent_coef_loss   | 0.329    |
|    learning_rate   | 0.0003   |
|    n_updates       | 185458   |
---------------------------------
----------------------------------
| rollout/           |           |
|    ep_len_mean     | 945       |
|    ep_rew_mean     | 377       |
| time/              |           |
|    episodes        | 196       |
|    fps             | 37        |
|    time_elapsed    | 5116      |
|    total_timesteps | 190459    |
| train/             |           |
|    actor_loss      | -2.48e+03 |
|    critic_loss     | 268       |
|    ent_coef        | 1.02      |
|    ent_coef_loss   | 0.0147    |
|    learning_rate   | 0.0003    |
|    n_updates       | 189458    |
----------------------------------
----------------------------------
| rollout/           |           |
|    ep_len_mean     | 945       |
|    ep_rew_mean     | 451       |
| time/              |           |
|    episodes        | 200       |
|    fps             | 37        |
|    time_elapsed    | 5223      |
|    total_timesteps | 194459    |
| train/             |           |
|    actor_loss      | -2.31e+03 |
|    critic_loss     | 384       |
|    ent_coef        | 0.719     |
|    ent_coef_loss   | -0.0973   |
|    learning_rate   | 0.0003    |
|    n_updates       | 193458    |
----------------------------------
----------------------------------
| rollout/           |           |
|    ep_len_mean     | 945       |
|    ep_rew_mean     | 466       |
| time/              |           |
|    episodes        | 204       |
|    fps             | 37        |
|    time_elapsed    | 5330      |
|    total_timesteps | 198459    |
| train/             |           |
|    actor_loss      | -2.02e+03 |
|    critic_loss     | 187       |
|    ent_coef        | 0.724     |
|    ent_coef_loss   | 0.116     |
|    learning_rate   | 0.0003    |
|    n_updates       | 197458    |
----------------------------------
----------------------------------
| rollout/           |           |
|    ep_len_mean     | 945       |
|    ep_rew_mean     | 456       |
| time/              |           |
|    episodes        | 208       |
|    fps             | 37        |
|    time_elapsed    | 5438      |
|    total_timesteps | 202459    |
| train/             |           |
|    actor_loss      | -1.91e+03 |
|    critic_loss     | 112       |
|    ent_coef        | 0.671     |
|    ent_coef_loss   | 0.142     |
|    learning_rate   | 0.0003    |
|    n_updates       | 201458    |
----------------------------------
----------------------------------
| rollout/           |           |
|    ep_len_mean     | 945       |
|    ep_rew_mean     | 722       |
| time/              |           |
|    episodes        | 212       |
|    fps             | 37        |
|    time_elapsed    | 5545      |
|    total_timesteps | 206459    |
| train/             |           |
|    actor_loss      | -1.71e+03 |
|    critic_loss     | 121       |
|    ent_coef        | 0.636     |
|    ent_coef_loss   | 0.156     |
|    learning_rate   | 0.0003    |
|    n_updates       | 205458    |
----------------------------------
----------------------------------
| rollout/           |           |
|    ep_len_mean     | 945       |
|    ep_rew_mean     | 1.41e+03  |
| time/              |           |
|    episodes        | 216       |
|    fps             | 37        |
|    time_elapsed    | 5654      |
|    total_timesteps | 210459    |
| train/             |           |
|    actor_loss      | -1.75e+03 |
|    critic_loss     | 110       |
|    ent_coef        | 1.21      |
|    ent_coef_loss   | -0.0476   |
|    learning_rate   | 0.0003    |
|    n_updates       | 209458    |
----------------------------------
----------------------------------
| rollout/           |           |
|    ep_len_mean     | 945       |
|    ep_rew_mean     | 1.7e+03   |
| time/              |           |
|    episodes        | 220       |
|    fps             | 37        |
|    time_elapsed    | 5762      |
|    total_timesteps | 214459    |
| train/             |           |
|    actor_loss      | -1.72e+03 |
|    critic_loss     | 164       |
|    ent_coef        | 0.653     |
|    ent_coef_loss   | -0.146    |
|    learning_rate   | 0.0003    |
|    n_updates       | 213458    |
----------------------------------
----------------------------------
| rollout/           |           |
|    ep_len_mean     | 945       |
|    ep_rew_mean     | 1.87e+03  |
| time/              |           |
|    episodes        | 224       |
|    fps             | 37        |
|    time_elapsed    | 5868      |
|    total_timesteps | 218459    |
| train/             |           |
|    actor_loss      | -1.52e+03 |
|    critic_loss     | 87.5      |
|    ent_coef        | 0.523     |
|    ent_coef_loss   | 0.184     |
|    learning_rate   | 0.0003    |
|    n_updates       | 217458    |
----------------------------------
----------------------------------
| rollout/           |           |
|    ep_len_mean     | 938       |
|    ep_rew_mean     | 2.38e+03  |
| time/              |           |
|    episodes        | 228       |
|    fps             | 37        |
|    time_elapsed    | 5958      |
|    total_timesteps | 221837    |
| train/             |           |
|    actor_loss      | -1.45e+03 |
|    critic_loss     | 134       |
|    ent_coef        | 0.529     |
|    ent_coef_loss   | -0.0744   |
|    learning_rate   | 0.0003    |
|    n_updates       | 220836    |
----------------------------------
----------------------------------
| rollout/           |           |
|    ep_len_mean     | 938       |
|    ep_rew_mean     | 2.14e+03  |
| time/              |           |
|    episodes        | 232       |
|    fps             | 37        |
|    time_elapsed    | 6065      |
|    total_timesteps | 225837    |
| train/             |           |
|    actor_loss      | -1.38e+03 |
|    critic_loss     | 232       |
|    ent_coef        | 0.461     |
|    ent_coef_loss   | 0.212     |
|    learning_rate   | 0.0003    |
|    n_updates       | 224836    |
----------------------------------
---------------------------------
| rollout/           |          |
|    ep_len_mean     | 938      |
|    ep_rew_mean     | 2.16e+03 |
| time/              |          |
|    episodes        | 236      |
|    fps             | 37       |
|    time_elapsed    | 6171     |
|    total_timesteps | 229837   |
| train/             |          |
|    actor_loss      | -1.2e+03 |
|    critic_loss     | 45.3     |
|    ent_coef        | 0.415    |
|    ent_coef_loss   | -0.37    |
|    learning_rate   | 0.0003   |
|    n_updates       | 228836   |
---------------------------------
----------------------------------
| rollout/           |           |
|    ep_len_mean     | 938       |
|    ep_rew_mean     | 2.15e+03  |
| time/              |           |
|    episodes        | 240       |
|    fps             | 37        |
|    time_elapsed    | 6278      |
|    total_timesteps | 233837    |
| train/             |           |
|    actor_loss      | -1.09e+03 |
|    critic_loss     | 62.9      |
|    ent_coef        | 0.389     |
|    ent_coef_loss   | -0.264    |
|    learning_rate   | 0.0003    |
|    n_updates       | 232836    |
----------------------------------
----------------------------------
| rollout/           |           |
|    ep_len_mean     | 938       |
|    ep_rew_mean     | 2.15e+03  |
| time/              |           |
|    episodes        | 244       |
|    fps             | 37        |
|    time_elapsed    | 6385      |
|    total_timesteps | 237837    |
| train/             |           |
|    actor_loss      | -1.04e+03 |
|    critic_loss     | 64.7      |
|    ent_coef        | 0.385     |
|    ent_coef_loss   | 0.00736   |
|    learning_rate   | 0.0003    |
|    n_updates       | 236836    |
----------------------------------
---------------------------------
| rollout/           |          |
|    ep_len_mean     | 938      |
|    ep_rew_mean     | 2.21e+03 |
| time/              |          |
|    episodes        | 248      |
|    fps             | 37       |
|    time_elapsed    | 6492     |
|    total_timesteps | 241837   |
| train/             |          |
|    actor_loss      | -908     |
|    critic_loss     | 48.2     |
|    ent_coef        | 0.366    |
|    ent_coef_loss   | -0.433   |
|    learning_rate   | 0.0003   |
|    n_updates       | 240836   |
---------------------------------
---------------------------------
| rollout/           |          |
|    ep_len_mean     | 938      |
|    ep_rew_mean     | 2.42e+03 |
| time/              |          |
|    episodes        | 252      |
|    fps             | 37       |
|    time_elapsed    | 6599     |
|    total_timesteps | 245837   |
| train/             |          |
|    actor_loss      | -930     |
|    critic_loss     | 107      |
|    ent_coef        | 0.422    |
|    ent_coef_loss   | 0.51     |
|    learning_rate   | 0.0003   |
|    n_updates       | 244836   |
---------------------------------
---------------------------------
| rollout/           |          |
|    ep_len_mean     | 938      |
|    ep_rew_mean     | 2.08e+03 |
| time/              |          |
|    episodes        | 256      |
|    fps             | 37       |
|    time_elapsed    | 6706     |
|    total_timesteps | 249837   |
| train/             |          |
|    actor_loss      | -896     |
|    critic_loss     | 77.8     |
|    ent_coef        | 0.471    |
|    ent_coef_loss   | -0.106   |
|    learning_rate   | 0.0003   |
|    n_updates       | 248836   |
---------------------------------
---------------------------------
| rollout/           |          |
|    ep_len_mean     | 944      |
|    ep_rew_mean     | 2.17e+03 |
| time/              |          |
|    episodes        | 260      |
|    fps             | 37       |
|    time_elapsed    | 6813     |
|    total_timesteps | 253837   |
| train/             |          |
|    actor_loss      | -808     |
|    critic_loss     | 50.8     |
|    ent_coef        | 0.426    |
|    ent_coef_loss   | -0.322   |
|    learning_rate   | 0.0003   |
|    n_updates       | 252836   |
---------------------------------
---------------------------------
| rollout/           |          |
|    ep_len_mean     | 968      |
|    ep_rew_mean     | 2.48e+03 |
| time/              |          |
|    episodes        | 264      |
|    fps             | 37       |
|    time_elapsed    | 6921     |
|    total_timesteps | 257837   |
| train/             |          |
|    actor_loss      | -873     |
|    critic_loss     | 87.1     |
|    ent_coef        | 0.411    |
|    ent_coef_loss   | -0.0908  |
|    learning_rate   | 0.0003   |
|    n_updates       | 256836   |
---------------------------------
---------------------------------
| rollout/           |          |
|    ep_len_mean     | 980      |
|    ep_rew_mean     | 2.57e+03 |
| time/              |          |
|    episodes        | 268      |
|    fps             | 37       |
|    time_elapsed    | 7028     |
|    total_timesteps | 261837   |
| train/             |          |
|    actor_loss      | -776     |
|    critic_loss     | 123      |
|    ent_coef        | 0.346    |
|    ent_coef_loss   | -0.321   |
|    learning_rate   | 0.0003   |
|    n_updates       | 260836   |
---------------------------------
---------------------------------
| rollout/           |          |
|    ep_len_mean     | 980      |
|    ep_rew_mean     | 2.63e+03 |
| time/              |          |
|    episodes        | 272      |
|    fps             | 37       |
|    time_elapsed    | 7136     |
|    total_timesteps | 265837   |
| train/             |          |
|    actor_loss      | -915     |
|    critic_loss     | 43.1     |
|    ent_coef        | 0.367    |
|    ent_coef_loss   | 0.34     |
|    learning_rate   | 0.0003   |
|    n_updates       | 264836   |
---------------------------------
---------------------------------
| rollout/           |          |
|    ep_len_mean     | 994      |
|    ep_rew_mean     | 3.27e+03 |
| time/              |          |
|    episodes        | 276      |
|    fps             | 37       |
|    time_elapsed    | 7243     |
|    total_timesteps | 269837   |
| train/             |          |
|    actor_loss      | -906     |
|    critic_loss     | 82.1     |
|    ent_coef        | 0.317    |
|    ent_coef_loss   | 0.248    |
|    learning_rate   | 0.0003   |
|    n_updates       | 268836   |
---------------------------------
---------------------------------
| rollout/           |          |
|    ep_len_mean     | 994      |
|    ep_rew_mean     | 3.99e+03 |
| time/              |          |
|    episodes        | 280      |
|    fps             | 37       |
|    time_elapsed    | 7351     |
|    total_timesteps | 273837   |
| train/             |          |
|    actor_loss      | -884     |
|    critic_loss     | 101      |
|    ent_coef        | 0.336    |
|    ent_coef_loss   | -0.119   |
|    learning_rate   | 0.0003   |
|    n_updates       | 272836   |
---------------------------------
---------------------------------
| rollout/           |          |
|    ep_len_mean     | 994      |
|    ep_rew_mean     | 4.78e+03 |
| time/              |          |
|    episodes        | 284      |
|    fps             | 37       |
|    time_elapsed    | 7460     |
|    total_timesteps | 277837   |
| train/             |          |
|    actor_loss      | -911     |
|    critic_loss     | 134      |
|    ent_coef        | 0.388    |
|    ent_coef_loss   | -0.0436  |
|    learning_rate   | 0.0003   |
|    n_updates       | 276836   |
---------------------------------
---------------------------------
| rollout/           |          |
|    ep_len_mean     | 986      |
|    ep_rew_mean     | 5.03e+03 |
| time/              |          |
|    episodes        | 288      |
|    fps             | 37       |
|    time_elapsed    | 7548     |
|    total_timesteps | 281102   |
| train/             |          |
|    actor_loss      | -895     |
|    critic_loss     | 124      |
|    ent_coef        | 0.377    |
|    ent_coef_loss   | -0.142   |
|    learning_rate   | 0.0003   |
|    n_updates       | 280101   |
---------------------------------
---------------------------------
| rollout/           |          |
|    ep_len_mean     | 986      |
|    ep_rew_mean     | 5.4e+03  |
| time/              |          |
|    episodes        | 292      |
|    fps             | 37       |
|    time_elapsed    | 7656     |
|    total_timesteps | 285102   |
| train/             |          |
|    actor_loss      | -964     |
|    critic_loss     | 43.9     |
|    ent_coef        | 0.342    |
|    ent_coef_loss   | 0.37     |
|    learning_rate   | 0.0003   |
|    n_updates       | 284101   |
---------------------------------
---------------------------------
| rollout/           |          |
|    ep_len_mean     | 986      |
|    ep_rew_mean     | 5.83e+03 |
| time/              |          |
|    episodes        | 296      |
|    fps             | 37       |
|    time_elapsed    | 7764     |
|    total_timesteps | 289102   |
| train/             |          |
|    actor_loss      | -902     |
|    critic_loss     | 39.1     |
|    ent_coef        | 0.333    |
|    ent_coef_loss   | -0.277   |
|    learning_rate   | 0.0003   |
|    n_updates       | 288101   |
---------------------------------
---------------------------------
| rollout/           |          |
|    ep_len_mean     | 986      |
|    ep_rew_mean     | 6.39e+03 |
| time/              |          |
|    episodes        | 300      |
|    fps             | 37       |
|    time_elapsed    | 7873     |
|    total_timesteps | 293102   |
| train/             |          |
|    actor_loss      | -874     |
|    critic_loss     | 91.5     |
|    ent_coef        | 0.314    |
|    ent_coef_loss   | -0.388   |
|    learning_rate   | 0.0003   |
|    n_updates       | 292101   |
---------------------------------
---------------------------------
| rollout/           |          |
|    ep_len_mean     | 986      |
|    ep_rew_mean     | 6.6e+03  |
| time/              |          |
|    episodes        | 304      |
|    fps             | 37       |
|    time_elapsed    | 7981     |
|    total_timesteps | 297102   |
| train/             |          |
|    actor_loss      | -851     |
|    critic_loss     | 36.8     |
|    ent_coef        | 0.347    |
|    ent_coef_loss   | 0.205    |
|    learning_rate   | 0.0003   |
|    n_updates       | 296101   |
---------------------------------
----------------------------------
| rollout/           |           |
|    ep_len_mean     | 986       |
|    ep_rew_mean     | 7.6e+03   |
| time/              |           |
|    episodes        | 308       |
|    fps             | 37        |
|    time_elapsed    | 8089      |
|    total_timesteps | 301102    |
| train/             |           |
|    actor_loss      | -1.02e+03 |
|    critic_loss     | 100       |
|    ent_coef        | 0.391     |
|    ent_coef_loss   | 0.0859    |
|    learning_rate   | 0.0003    |
|    n_updates       | 300101    |
----------------------------------
----------------------------------
| rollout/           |           |
|    ep_len_mean     | 986       |
|    ep_rew_mean     | 7.99e+03  |
| time/              |           |
|    episodes        | 312       |
|    fps             | 37        |
|    time_elapsed    | 8198      |
|    total_timesteps | 305102    |
| train/             |           |
|    actor_loss      | -1.07e+03 |
|    critic_loss     | 71.4      |
|    ent_coef        | 0.344     |
|    ent_coef_loss   | 0.0968    |
|    learning_rate   | 0.0003    |
|    n_updates       | 304101    |
----------------------------------
----------------------------------
| rollout/           |           |
|    ep_len_mean     | 986       |
|    ep_rew_mean     | 7.64e+03  |
| time/              |           |
|    episodes        | 316       |
|    fps             | 37        |
|    time_elapsed    | 8306      |
|    total_timesteps | 309102    |
| train/             |           |
|    actor_loss      | -1.02e+03 |
|    critic_loss     | 319       |
|    ent_coef        | 0.331     |
|    ent_coef_loss   | 0.312     |
|    learning_rate   | 0.0003    |
|    n_updates       | 308101    |
----------------------------------
----------------------------------
| rollout/           |           |
|    ep_len_mean     | 986       |
|    ep_rew_mean     | 7.51e+03  |
| time/              |           |
|    episodes        | 320       |
|    fps             | 37        |
|    time_elapsed    | 8416      |
|    total_timesteps | 313102    |
| train/             |           |
|    actor_loss      | -1.14e+03 |
|    critic_loss     | 2.84e+03  |
|    ent_coef        | 0.42      |
|    ent_coef_loss   | 0.405     |
|    learning_rate   | 0.0003    |
|    n_updates       | 312101    |
----------------------------------
---------------------------------
| rollout/           |          |
|    ep_len_mean     | 986      |
|    ep_rew_mean     | 7.33e+03 |
| time/              |          |
|    episodes        | 324      |
|    fps             | 37       |
|    time_elapsed    | 8537     |
|    total_timesteps | 317102   |
| train/             |          |
|    actor_loss      | -986     |
|    critic_loss     | 654      |
|    ent_coef        | 0.471    |
|    ent_coef_loss   | -0.0814  |
|    learning_rate   | 0.0003   |
|    n_updates       | 316101   |
---------------------------------
----------------------------------
| rollout/           |           |
|    ep_len_mean     | 993       |
|    ep_rew_mean     | 6.82e+03  |
| time/              |           |
|    episodes        | 328       |
|    fps             | 37        |
|    time_elapsed    | 8655      |
|    total_timesteps | 321102    |
| train/             |           |
|    actor_loss      | -1.03e+03 |
|    critic_loss     | 106       |
|    ent_coef        | 0.465     |
|    ent_coef_loss   | 0.00473   |
|    learning_rate   | 0.0003    |
|    n_updates       | 320101    |
----------------------------------
----------------------------------
| rollout/           |           |
|    ep_len_mean     | 993       |
|    ep_rew_mean     | 7.55e+03  |
| time/              |           |
|    episodes        | 332       |
|    fps             | 37        |
|    time_elapsed    | 8775      |
|    total_timesteps | 325102    |
| train/             |           |
|    actor_loss      | -1.07e+03 |
|    critic_loss     | 109       |
|    ent_coef        | 0.455     |
|    ent_coef_loss   | 0.338     |
|    learning_rate   | 0.0003    |
|    n_updates       | 324101    |
----------------------------------
----------------------------------
| rollout/           |           |
|    ep_len_mean     | 993       |
|    ep_rew_mean     | 8.52e+03  |
| time/              |           |
|    episodes        | 336       |
|    fps             | 36        |
|    time_elapsed    | 8898      |
|    total_timesteps | 329102    |
| train/             |           |
|    actor_loss      | -1.04e+03 |
|    critic_loss     | 41.7      |
|    ent_coef        | 0.428     |
|    ent_coef_loss   | 0.17      |
|    learning_rate   | 0.0003    |
|    n_updates       | 328101    |
----------------------------------
---------------------------------
| rollout/           |          |
|    ep_len_mean     | 993      |
|    ep_rew_mean     | 9.59e+03 |
| time/              |          |
|    episodes        | 340      |
|    fps             | 36       |
|    time_elapsed    | 9020     |
|    total_timesteps | 333102   |
| train/             |          |
|    actor_loss      | -980     |
|    critic_loss     | 623      |
|    ent_coef        | 0.431    |
|    ent_coef_loss   | -0.131   |
|    learning_rate   | 0.0003   |
|    n_updates       | 332101   |
---------------------------------
----------------------------------
| rollout/           |           |
|    ep_len_mean     | 993       |
|    ep_rew_mean     | 1.07e+04  |
| time/              |           |
|    episodes        | 344       |
|    fps             | 36        |
|    time_elapsed    | 9143      |
|    total_timesteps | 337102    |
| train/             |           |
|    actor_loss      | -1.19e+03 |
|    critic_loss     | 78.1      |
|    ent_coef        | 0.444     |
|    ent_coef_loss   | -0.142    |
|    learning_rate   | 0.0003    |
|    n_updates       | 336101    |
----------------------------------
----------------------------------
| rollout/           |           |
|    ep_len_mean     | 993       |
|    ep_rew_mean     | 1.18e+04  |
| time/              |           |
|    episodes        | 348       |
|    fps             | 36        |
|    time_elapsed    | 9262      |
|    total_timesteps | 341102    |
| train/             |           |
|    actor_loss      | -1.29e+03 |
|    critic_loss     | 52.1      |
|    ent_coef        | 0.466     |
|    ent_coef_loss   | 0.186     |
|    learning_rate   | 0.0003    |
|    n_updates       | 340101    |
----------------------------------
----------------------------------
| rollout/           |           |
|    ep_len_mean     | 993       |
|    ep_rew_mean     | 1.27e+04  |
| time/              |           |
|    episodes        | 352       |
|    fps             | 36        |
|    time_elapsed    | 9373      |
|    total_timesteps | 345102    |
| train/             |           |
|    actor_loss      | -1.21e+03 |
|    critic_loss     | 84.6      |
|    ent_coef        | 0.435     |
|    ent_coef_loss   | 0.0627    |
|    learning_rate   | 0.0003    |
|    n_updates       | 344101    |
----------------------------------
----------------------------------
| rollout/           |           |
|    ep_len_mean     | 993       |
|    ep_rew_mean     | 1.4e+04   |
| time/              |           |
|    episodes        | 356       |
|    fps             | 36        |
|    time_elapsed    | 9483      |
|    total_timesteps | 349102    |
| train/             |           |
|    actor_loss      | -1.38e+03 |
|    critic_loss     | 69.8      |
|    ent_coef        | 0.438     |
|    ent_coef_loss   | 0.32      |
|    learning_rate   | 0.0003    |
|    n_updates       | 348101    |
----------------------------------
----------------------------------
| rollout/           |           |
|    ep_len_mean     | 993       |
|    ep_rew_mean     | 1.49e+04  |
| time/              |           |
|    episodes        | 360       |
|    fps             | 36        |
|    time_elapsed    | 9592      |
|    total_timesteps | 353102    |
| train/             |           |
|    actor_loss      | -1.39e+03 |
|    critic_loss     | 60.4      |
|    ent_coef        | 0.457     |
|    ent_coef_loss   | 0.161     |
|    learning_rate   | 0.0003    |
|    n_updates       | 352101    |
----------------------------------
----------------------------------
| rollout/           |           |
|    ep_len_mean     | 993       |
|    ep_rew_mean     | 1.57e+04  |
| time/              |           |
|    episodes        | 364       |
|    fps             | 36        |
|    time_elapsed    | 9702      |
|    total_timesteps | 357102    |
| train/             |           |
|    actor_loss      | -1.38e+03 |
|    critic_loss     | 64.7      |
|    ent_coef        | 0.482     |
|    ent_coef_loss   | -0.207    |
|    learning_rate   | 0.0003    |
|    n_updates       | 356101    |
----------------------------------
----------------------------------
| rollout/           |           |
|    ep_len_mean     | 993       |
|    ep_rew_mean     | 1.67e+04  |
| time/              |           |
|    episodes        | 368       |
|    fps             | 36        |
|    time_elapsed    | 9811      |
|    total_timesteps | 361102    |
| train/             |           |
|    actor_loss      | -1.46e+03 |
|    critic_loss     | 72.3      |
|    ent_coef        | 0.45      |
|    ent_coef_loss   | 0.112     |
|    learning_rate   | 0.0003    |
|    n_updates       | 360101    |
----------------------------------
----------------------------------
| rollout/           |           |
|    ep_len_mean     | 993       |
|    ep_rew_mean     | 1.79e+04  |
| time/              |           |
|    episodes        | 372       |
|    fps             | 36        |
|    time_elapsed    | 9921      |
|    total_timesteps | 365102    |
| train/             |           |
|    actor_loss      | -1.67e+03 |
|    critic_loss     | 63.1      |
|    ent_coef        | 0.514     |
|    ent_coef_loss   | 0.239     |
|    learning_rate   | 0.0003    |
|    n_updates       | 364101    |
----------------------------------
---------------------------------
| rollout/           |          |
|    ep_len_mean     | 993      |
|    ep_rew_mean     | 1.84e+04 |
| time/              |          |
|    episodes        | 376      |
|    fps             | 36       |
|    time_elapsed    | 10030    |
|    total_timesteps | 369102   |
| train/             |          |
|    actor_loss      | -1.6e+03 |
|    critic_loss     | 55.1     |
|    ent_coef        | 0.472    |
|    ent_coef_loss   | -0.113   |
|    learning_rate   | 0.0003   |
|    n_updates       | 368101   |
---------------------------------
----------------------------------
| rollout/           |           |
|    ep_len_mean     | 993       |
|    ep_rew_mean     | 1.88e+04  |
| time/              |           |
|    episodes        | 380       |
|    fps             | 36        |
|    time_elapsed    | 10140     |
|    total_timesteps | 373102    |
| train/             |           |
|    actor_loss      | -1.53e+03 |
|    critic_loss     | 56.5      |
|    ent_coef        | 0.457     |
|    ent_coef_loss   | -0.016    |
|    learning_rate   | 0.0003    |
|    n_updates       | 372101    |
----------------------------------
----------------------------------
| rollout/           |           |
|    ep_len_mean     | 993       |
|    ep_rew_mean     | 1.92e+04  |
| time/              |           |
|    episodes        | 384       |
|    fps             | 36        |
|    time_elapsed    | 10249     |
|    total_timesteps | 377102    |
| train/             |           |
|    actor_loss      | -1.84e+03 |
|    critic_loss     | 47.1      |
|    ent_coef        | 0.506     |
|    ent_coef_loss   | 0.29      |
|    learning_rate   | 0.0003    |
|    n_updates       | 376101    |
----------------------------------
----------------------------------
| rollout/           |           |
|    ep_len_mean     | 1e+03     |
|    ep_rew_mean     | 2.04e+04  |
| time/              |           |
|    episodes        | 388       |
|    fps             | 36        |
|    time_elapsed    | 10361     |
|    total_timesteps | 381102    |
| train/             |           |
|    actor_loss      | -1.82e+03 |
|    critic_loss     | 88.2      |
|    ent_coef        | 0.512     |
|    ent_coef_loss   | -0.188    |
|    learning_rate   | 0.0003    |
|    n_updates       | 380101    |
----------------------------------
----------------------------------
| rollout/           |           |
|    ep_len_mean     | 1e+03     |
|    ep_rew_mean     | 2.11e+04  |
| time/              |           |
|    episodes        | 392       |
|    fps             | 36        |
|    time_elapsed    | 10473     |
|    total_timesteps | 385102    |
| train/             |           |
|    actor_loss      | -1.85e+03 |
|    critic_loss     | 142       |
|    ent_coef        | 0.481     |
|    ent_coef_loss   | -0.084    |
|    learning_rate   | 0.0003    |
|    n_updates       | 384101    |
----------------------------------
----------------------------------
| rollout/           |           |
|    ep_len_mean     | 1e+03     |
|    ep_rew_mean     | 2.19e+04  |
| time/              |           |
|    episodes        | 396       |
|    fps             | 36        |
|    time_elapsed    | 10585     |
|    total_timesteps | 389102    |
| train/             |           |
|    actor_loss      | -1.83e+03 |
|    critic_loss     | 30.2      |
|    ent_coef        | 0.501     |
|    ent_coef_loss   | 0.172     |
|    learning_rate   | 0.0003    |
|    n_updates       | 388101    |
----------------------------------
----------------------------------
| rollout/           |           |
|    ep_len_mean     | 1e+03     |
|    ep_rew_mean     | 2.24e+04  |
| time/              |           |
|    episodes        | 400       |
|    fps             | 36        |
|    time_elapsed    | 10697     |
|    total_timesteps | 393102    |
| train/             |           |
|    actor_loss      | -1.75e+03 |
|    critic_loss     | 74.7      |
|    ent_coef        | 0.466     |
|    ent_coef_loss   | 0.0296    |
|    learning_rate   | 0.0003    |
|    n_updates       | 392101    |
----------------------------------
----------------------------------
| rollout/           |           |
|    ep_len_mean     | 1e+03     |
|    ep_rew_mean     | 2.34e+04  |
| time/              |           |
|    episodes        | 404       |
|    fps             | 36        |
|    time_elapsed    | 10811     |
|    total_timesteps | 397102    |
| train/             |           |
|    actor_loss      | -2.03e+03 |
|    critic_loss     | 56.9      |
|    ent_coef        | 0.446     |
|    ent_coef_loss   | 0.106     |
|    learning_rate   | 0.0003    |
|    n_updates       | 396101    |
----------------------------------
---------------------------------
| rollout/           |          |
|    ep_len_mean     | 1e+03    |
|    ep_rew_mean     | 2.37e+04 |
| time/              |          |
|    episodes        | 408      |
|    fps             | 36       |
|    time_elapsed    | 10924    |
|    total_timesteps | 401102   |
| train/             |          |
|    actor_loss      | -1.9e+03 |
|    critic_loss     | 23.2     |
|    ent_coef        | 0.435    |
|    ent_coef_loss   | -0.0798  |
|    learning_rate   | 0.0003   |
|    n_updates       | 400101   |
---------------------------------
----------------------------------
| rollout/           |           |
|    ep_len_mean     | 1e+03     |
|    ep_rew_mean     | 2.42e+04  |
| time/              |           |
|    episodes        | 412       |
|    fps             | 36        |
|    time_elapsed    | 11036     |
|    total_timesteps | 405102    |
| train/             |           |
|    actor_loss      | -2.06e+03 |
|    critic_loss     | 37.9      |
|    ent_coef        | 0.42      |
|    ent_coef_loss   | -0.163    |
|    learning_rate   | 0.0003    |
|    n_updates       | 404101    |
----------------------------------
----------------------------------
| rollout/           |           |
|    ep_len_mean     | 1e+03     |
|    ep_rew_mean     | 2.51e+04  |
| time/              |           |
|    episodes        | 416       |
|    fps             | 36        |
|    time_elapsed    | 11148     |
|    total_timesteps | 409102    |
| train/             |           |
|    actor_loss      | -2.16e+03 |
|    critic_loss     | 45.7      |
|    ent_coef        | 0.416     |
|    ent_coef_loss   | 0.114     |
|    learning_rate   | 0.0003    |
|    n_updates       | 408101    |
----------------------------------
----------------------------------
| rollout/           |           |
|    ep_len_mean     | 1e+03     |
|    ep_rew_mean     | 2.61e+04  |
| time/              |           |
|    episodes        | 420       |
|    fps             | 36        |
|    time_elapsed    | 11263     |
|    total_timesteps | 413102    |
| train/             |           |
|    actor_loss      | -2.13e+03 |
|    critic_loss     | 20.8      |
|    ent_coef        | 0.408     |
|    ent_coef_loss   | -0.0622   |
|    learning_rate   | 0.0003    |
|    n_updates       | 412101    |
----------------------------------
----------------------------------
| rollout/           |           |
|    ep_len_mean     | 1e+03     |
|    ep_rew_mean     | 2.74e+04  |
| time/              |           |
|    episodes        | 424       |
|    fps             | 36        |
|    time_elapsed    | 11377     |
|    total_timesteps | 417102    |
| train/             |           |
|    actor_loss      | -2.13e+03 |
|    critic_loss     | 73.9      |
|    ent_coef        | 0.384     |
|    ent_coef_loss   | 0.178     |
|    learning_rate   | 0.0003    |
|    n_updates       | 416101    |
----------------------------------
----------------------------------
| rollout/           |           |
|    ep_len_mean     | 1e+03     |
|    ep_rew_mean     | 2.85e+04  |
| time/              |           |
|    episodes        | 428       |
|    fps             | 36        |
|    time_elapsed    | 11490     |
|    total_timesteps | 421102    |
| train/             |           |
|    actor_loss      | -2.02e+03 |
|    critic_loss     | 207       |
|    ent_coef        | 0.368     |
|    ent_coef_loss   | -0.457    |
|    learning_rate   | 0.0003    |
|    n_updates       | 420101    |
----------------------------------
---------------------------------
| rollout/           |          |
|    ep_len_mean     | 1e+03    |
|    ep_rew_mean     | 2.9e+04  |
| time/              |          |
|    episodes        | 432      |
|    fps             | 36       |
|    time_elapsed    | 11602    |
|    total_timesteps | 425102   |
| train/             |          |
|    actor_loss      | -2.3e+03 |
|    critic_loss     | 23.2     |
|    ent_coef        | 0.365    |
|    ent_coef_loss   | -0.385   |
|    learning_rate   | 0.0003   |
|    n_updates       | 424101   |
---------------------------------
----------------------------------
| rollout/           |           |
|    ep_len_mean     | 1e+03     |
|    ep_rew_mean     | 2.93e+04  |
| time/              |           |
|    episodes        | 436       |
|    fps             | 36        |
|    time_elapsed    | 11714     |
|    total_timesteps | 429102    |
| train/             |           |
|    actor_loss      | -2.35e+03 |
|    critic_loss     | 16.9      |
|    ent_coef        | 0.356     |
|    ent_coef_loss   | -0.171    |
|    learning_rate   | 0.0003    |
|    n_updates       | 428101    |
----------------------------------
----------------------------------
| rollout/           |           |
|    ep_len_mean     | 993       |
|    ep_rew_mean     | 2.92e+04  |
| time/              |           |
|    episodes        | 440       |
|    fps             | 36        |
|    time_elapsed    | 11806     |
|    total_timesteps | 432390    |
| train/             |           |
|    actor_loss      | -2.48e+03 |
|    critic_loss     | 27        |
|    ent_coef        | 0.367     |
|    ent_coef_loss   | 0.354     |
|    learning_rate   | 0.0003    |
|    n_updates       | 431389    |
----------------------------------
----------------------------------
| rollout/           |           |
|    ep_len_mean     | 987       |
|    ep_rew_mean     | 2.91e+04  |
| time/              |           |
|    episodes        | 444       |
|    fps             | 36        |
|    time_elapsed    | 11901     |
|    total_timesteps | 435780    |
| train/             |           |
|    actor_loss      | -2.45e+03 |
|    critic_loss     | 23.9      |
|    ent_coef        | 0.392     |
|    ent_coef_loss   | 0.0453    |
|    learning_rate   | 0.0003    |
|    n_updates       | 434779    |
----------------------------------
----------------------------------
| rollout/           |           |
|    ep_len_mean     | 985       |
|    ep_rew_mean     | 2.92e+04  |
| time/              |           |
|    episodes        | 448       |
|    fps             | 36        |
|    time_elapsed    | 12006     |
|    total_timesteps | 439560    |
| train/             |           |
|    actor_loss      | -2.51e+03 |
|    critic_loss     | 51.2      |
|    ent_coef        | 0.41      |
|    ent_coef_loss   | 1.09      |
|    learning_rate   | 0.0003    |
|    n_updates       | 438559    |
----------------------------------
----------------------------------
| rollout/           |           |
|    ep_len_mean     | 985       |
|    ep_rew_mean     | 2.93e+04  |
| time/              |           |
|    episodes        | 452       |
|    fps             | 36        |
|    time_elapsed    | 12118     |
|    total_timesteps | 443560    |
| train/             |           |
|    actor_loss      | -2.69e+03 |
|    critic_loss     | 18        |
|    ent_coef        | 0.381     |
|    ent_coef_loss   | 0.959     |
|    learning_rate   | 0.0003    |
|    n_updates       | 442559    |
----------------------------------
----------------------------------
| rollout/           |           |
|    ep_len_mean     | 985       |
|    ep_rew_mean     | 2.95e+04  |
| time/              |           |
|    episodes        | 456       |
|    fps             | 36        |
|    time_elapsed    | 12230     |
|    total_timesteps | 447560    |
| train/             |           |
|    actor_loss      | -2.57e+03 |
|    critic_loss     | 78.2      |
|    ent_coef        | 0.372     |
|    ent_coef_loss   | -0.174    |
|    learning_rate   | 0.0003    |
|    n_updates       | 446559    |
----------------------------------
----------------------------------
| rollout/           |           |
|    ep_len_mean     | 985       |
|    ep_rew_mean     | 2.96e+04  |
| time/              |           |
|    episodes        | 460       |
|    fps             | 36        |
|    time_elapsed    | 12342     |
|    total_timesteps | 451560    |
| train/             |           |
|    actor_loss      | -2.75e+03 |
|    critic_loss     | 29        |
|    ent_coef        | 0.332     |
|    ent_coef_loss   | 0.189     |
|    learning_rate   | 0.0003    |
|    n_updates       | 450559    |
----------------------------------
----------------------------------
| rollout/           |           |
|    ep_len_mean     | 985       |
|    ep_rew_mean     | 2.97e+04  |
| time/              |           |
|    episodes        | 464       |
|    fps             | 36        |
|    time_elapsed    | 12455     |
|    total_timesteps | 455560    |
| train/             |           |
|    actor_loss      | -2.74e+03 |
|    critic_loss     | 20.6      |
|    ent_coef        | 0.339     |
|    ent_coef_loss   | -0.0243   |
|    learning_rate   | 0.0003    |
|    n_updates       | 454559    |
----------------------------------
----------------------------------
| rollout/           |           |
|    ep_len_mean     | 985       |
|    ep_rew_mean     | 2.98e+04  |
| time/              |           |
|    episodes        | 468       |
|    fps             | 36        |
|    time_elapsed    | 12571     |
|    total_timesteps | 459560    |
| train/             |           |
|    actor_loss      | -2.59e+03 |
|    critic_loss     | 21.6      |
|    ent_coef        | 0.326     |
|    ent_coef_loss   | -0.142    |
|    learning_rate   | 0.0003    |
|    n_updates       | 458559    |
----------------------------------
----------------------------------
| rollout/           |           |
|    ep_len_mean     | 985       |
|    ep_rew_mean     | 2.99e+04  |
| time/              |           |
|    episodes        | 472       |
|    fps             | 36        |
|    time_elapsed    | 12686     |
|    total_timesteps | 463560    |
| train/             |           |
|    actor_loss      | -2.88e+03 |
|    critic_loss     | 26.6      |
|    ent_coef        | 0.326     |
|    ent_coef_loss   | 0.234     |
|    learning_rate   | 0.0003    |
|    n_updates       | 462559    |
----------------------------------
----------------------------------
| rollout/           |           |
|    ep_len_mean     | 985       |
|    ep_rew_mean     | 3.01e+04  |
| time/              |           |
|    episodes        | 476       |
|    fps             | 36        |
|    time_elapsed    | 12804     |
|    total_timesteps | 467560    |
| train/             |           |
|    actor_loss      | -2.82e+03 |
|    critic_loss     | 39.2      |
|    ent_coef        | 0.329     |
|    ent_coef_loss   | -0.0547   |
|    learning_rate   | 0.0003    |
|    n_updates       | 466559    |
----------------------------------
----------------------------------
| rollout/           |           |
|    ep_len_mean     | 985       |
|    ep_rew_mean     | 3.02e+04  |
| time/              |           |
|    episodes        | 480       |
|    fps             | 36        |
|    time_elapsed    | 12919     |
|    total_timesteps | 471560    |
| train/             |           |
|    actor_loss      | -2.86e+03 |
|    critic_loss     | 294       |
|    ent_coef        | 0.322     |
|    ent_coef_loss   | -0.165    |
|    learning_rate   | 0.0003    |
|    n_updates       | 470559    |
----------------------------------
----------------------------------
| rollout/           |           |
|    ep_len_mean     | 979       |
|    ep_rew_mean     | 3e+04     |
| time/              |           |
|    episodes        | 484       |
|    fps             | 36        |
|    time_elapsed    | 13020     |
|    total_timesteps | 475037    |
| train/             |           |
|    actor_loss      | -2.97e+03 |
|    critic_loss     | 26.8      |
|    ent_coef        | 0.319     |
|    ent_coef_loss   | -0.424    |
|    learning_rate   | 0.0003    |
|    n_updates       | 474036    |
----------------------------------
----------------------------------
| rollout/           |           |
|    ep_len_mean     | 979       |
|    ep_rew_mean     | 3.01e+04  |
| time/              |           |
|    episodes        | 488       |
|    fps             | 36        |
|    time_elapsed    | 13142     |
|    total_timesteps | 479037    |
| train/             |           |
|    actor_loss      | -3.03e+03 |
|    critic_loss     | 33.6      |
|    ent_coef        | 0.314     |
|    ent_coef_loss   | 1.17      |
|    learning_rate   | 0.0003    |
|    n_updates       | 478036    |
----------------------------------
----------------------------------
| rollout/           |           |
|    ep_len_mean     | 979       |
|    ep_rew_mean     | 3.02e+04  |
| time/              |           |
|    episodes        | 492       |
|    fps             | 36        |
|    time_elapsed    | 13258     |
|    total_timesteps | 483037    |
| train/             |           |
|    actor_loss      | -2.99e+03 |
|    critic_loss     | 19.6      |
|    ent_coef        | 0.275     |
|    ent_coef_loss   | 0.00695   |
|    learning_rate   | 0.0003    |
|    n_updates       | 482036    |
----------------------------------
----------------------------------
| rollout/           |           |
|    ep_len_mean     | 979       |
|    ep_rew_mean     | 3.03e+04  |
| time/              |           |
|    episodes        | 496       |
|    fps             | 36        |
|    time_elapsed    | 13375     |
|    total_timesteps | 487037    |
| train/             |           |
|    actor_loss      | -3.02e+03 |
|    critic_loss     | 16.2      |
|    ent_coef        | 0.274     |
|    ent_coef_loss   | -0.42     |
|    learning_rate   | 0.0003    |
|    n_updates       | 486036    |
----------------------------------
----------------------------------
| rollout/           |           |
|    ep_len_mean     | 979       |
|    ep_rew_mean     | 3.03e+04  |
| time/              |           |
|    episodes        | 500       |
|    fps             | 36        |
|    time_elapsed    | 13494     |
|    total_timesteps | 491037    |
| train/             |           |
|    actor_loss      | -2.98e+03 |
|    critic_loss     | 65.7      |
|    ent_coef        | 0.287     |
|    ent_coef_loss   | 0.0696    |
|    learning_rate   | 0.0003    |
|    n_updates       | 490036    |
----------------------------------
----------------------------------
| rollout/           |           |
|    ep_len_mean     | 974       |
|    ep_rew_mean     | 3.02e+04  |
| time/              |           |
|    episodes        | 504       |
|    fps             | 36        |
|    time_elapsed    | 13596     |
|    total_timesteps | 494509    |
| train/             |           |
|    actor_loss      | -3.12e+03 |
|    critic_loss     | 17.3      |
|    ent_coef        | 0.32      |
|    ent_coef_loss   | 0.177     |
|    learning_rate   | 0.0003    |
|    n_updates       | 493508    |
----------------------------------
----------------------------------
| rollout/           |           |
|    ep_len_mean     | 974       |
|    ep_rew_mean     | 3.02e+04  |
| time/              |           |
|    episodes        | 508       |
|    fps             | 36        |
|    time_elapsed    | 13711     |
|    total_timesteps | 498509    |
| train/             |           |
|    actor_loss      | -3.07e+03 |
|    critic_loss     | 30.2      |
|    ent_coef        | 0.307     |
|    ent_coef_loss   | -0.246    |
|    learning_rate   | 0.0003    |
|    n_updates       | 497508    |
----------------------------------
[2026-06-21T21:51:16] Training complete in 13754.8s
[2026-06-21T21:51:16] Episodes: 509
[2026-06-21T21:51:16] Best reward: 32127.29
[2026-06-21T21:51:16] Mean reward (100ep): 30219.02
[2026-06-21T21:51:16] Final goal tolerance: 0.6
[2026-06-21T21:51:16] Curriculum stage: 0
[2026-06-21T21:51:16] Saved: {'model': 'C:\\Users\\ranjo\\OneDrive\\Desktop\\ARM-Model\\project_assets\\outputs\\Parallel_Seeds\\seed_01\\sac_model', 'history': 'C:\\Users\\ranjo\\OneDrive\\Desktop\\ARM-Model\\project_assets\\outputs\\Parallel_Seeds\\seed_01\\training_history.csv', 'stats': 'C:\\Users\\ranjo\\OneDrive\\Desktop\\ARM-Model\\project_assets\\outputs\\Parallel_Seeds\\seed_01\\training_stats.json'}
[2026-06-21T21:51:16] Running Fitts' Law sweep (10 trials per condition)...
[2026-06-21T21:51:54] Fitts sweep complete in 38.0s
[2026-06-21T21:51:54] Fitts: MT = +0.3052 + +0.1398 * ID, R^2 = 0.2124 (n_conditions = 29, trials_per_condition = 10)
[2026-06-21T21:51:55] Saved: C:\Users\ranjo\OneDrive\Desktop\ARM-Model\project_assets\outputs\Parallel_Seeds\seed_01\fitts_law.json
[2026-06-21T21:51:55] Saved: C:\Users\ranjo\OneDrive\Desktop\ARM-Model\project_assets\outputs\Parallel_Seeds\seed_01\fitts_law.png
[2026-06-21T21:51:55] Running 2/3 Power Law sweep (20 trials)...
[2026-06-21T21:51:57] Power Law sweep complete in 2.6s
[2026-06-21T21:51:57] Power Law: log V = -0.1001 + -0.1974 * log C, R = -0.2095, R^2 = 0.0439 (n_samples = 3636, n_trials = 2/20)
[2026-06-21T21:51:58] Saved: C:\Users\ranjo\OneDrive\Desktop\ARM-Model\project_assets\outputs\Parallel_Seeds\seed_01\power_law.json
[2026-06-21T21:51:58] Saved: C:\Users\ranjo\OneDrive\Desktop\ARM-Model\project_assets\outputs\Parallel_Seeds\seed_01\power_law.png
[2026-06-21T21:51:58] Session complete. Total wall time: 3:49:57.244436
[2026-06-21T21:51:58] ============================================================
