[2026-06-23T22:27:09] Starting Fischer session: algorithm=SAC, timesteps=500,000, direction=EAST, actuation=muscle, waypoints=[[2.5, 0.8], [0.2, 1.1], [1.8, -1.3]]
[2026-06-23T22:27:09] Save dir: C:\Users\ranjo\OneDrive\Desktop\ARM-Model\project_assets\outputs\Parallel_Seeds\seed_021
[2026-06-23T22:27:09] Waypoint mode active: 3 waypoints, current_waypoint_index=0 at every episode reset
Using cpu device
Wrapping the env with a `Monitor` wrapper
Wrapping the env in a DummyVecEnv.
[HoldCurriculum] Initial hold requirement: 10 steps (ladder: [10, 15, 20], threshold: 60%)
----------------------------------
| rollout/           |           |
|    ep_len_mean     | 1e+03     |
|    ep_rew_mean     | -6.16e+03 |
| time/              |           |
|    episodes        | 4         |
|    fps             | 127       |
|    time_elapsed    | 31        |
|    total_timesteps | 4000      |
| train/             |           |
|    actor_loss      | 66.1      |
|    critic_loss     | 0.997     |
|    ent_coef        | 0.41      |
|    ent_coef_loss   | -5.58     |
|    learning_rate   | 0.0003    |
|    n_updates       | 2999      |
----------------------------------
----------------------------------
| rollout/           |           |
|    ep_len_mean     | 965       |
|    ep_rew_mean     | -3.98e+03 |
| time/              |           |
|    episodes        | 8         |
|    fps             | 110       |
|    time_elapsed    | 69        |
|    total_timesteps | 7719      |
| train/             |           |
|    actor_loss      | 76.5      |
|    critic_loss     | 280       |
|    ent_coef        | 0.18      |
|    ent_coef_loss   | -2.26     |
|    learning_rate   | 0.0003    |
|    n_updates       | 6718      |
----------------------------------
----------------------------------
| rollout/           |           |
|    ep_len_mean     | 977       |
|    ep_rew_mean     | -3.67e+03 |
| time/              |           |
|    episodes        | 12        |
|    fps             | 105       |
|    time_elapsed    | 111       |
|    total_timesteps | 11719     |
| train/             |           |
|    actor_loss      | -7.58     |
|    critic_loss     | 46.8      |
|    ent_coef        | 0.248     |
|    ent_coef_loss   | 0.902     |
|    learning_rate   | 0.0003    |
|    n_updates       | 10718     |
----------------------------------
----------------------------------
| rollout/           |           |
|    ep_len_mean     | 982       |
|    ep_rew_mean     | -3.46e+03 |
| time/              |           |
|    episodes        | 16        |
|    fps             | 102       |
|    time_elapsed    | 152       |
|    total_timesteps | 15719     |
| train/             |           |
|    actor_loss      | -120      |
|    critic_loss     | 1.28e+03  |
|    ent_coef        | 0.434     |
|    ent_coef_loss   | 0.167     |
|    learning_rate   | 0.0003    |
|    n_updates       | 14718     |
----------------------------------
----------------------------------
| rollout/           |           |
|    ep_len_mean     | 986       |
|    ep_rew_mean     | -3.27e+03 |
| time/              |           |
|    episodes        | 20        |
|    fps             | 101       |
|    time_elapsed    | 194       |
|    total_timesteps | 19719     |
| train/             |           |
|    actor_loss      | -194      |
|    critic_loss     | 80.1      |
|    ent_coef        | 0.508     |
|    ent_coef_loss   | -0.0631   |
|    learning_rate   | 0.0003    |
|    n_updates       | 18718     |
----------------------------------
---------------------------------
| rollout/           |          |
|    ep_len_mean     | 988      |
|    ep_rew_mean     | -3.3e+03 |
| time/              |          |
|    episodes        | 24       |
|    fps             | 100      |
|    time_elapsed    | 235      |
|    total_timesteps | 23719    |
| train/             |          |
|    actor_loss      | -291     |
|    critic_loss     | 97.3     |
|    ent_coef        | 0.61     |
|    ent_coef_loss   | 0.12     |
|    learning_rate   | 0.0003   |
|    n_updates       | 22718    |
---------------------------------
----------------------------------
| rollout/           |           |
|    ep_len_mean     | 990       |
|    ep_rew_mean     | -3.29e+03 |
| time/              |           |
|    episodes        | 28        |
|    fps             | 100       |
|    time_elapsed    | 276       |
|    total_timesteps | 27719     |
| train/             |           |
|    actor_loss      | -459      |
|    critic_loss     | 619       |
|    ent_coef        | 0.699     |
|    ent_coef_loss   | 0.104     |
|    learning_rate   | 0.0003    |
|    n_updates       | 26718     |
----------------------------------
----------------------------------
| rollout/           |           |
|    ep_len_mean     | 991       |
|    ep_rew_mean     | -3.32e+03 |
| time/              |           |
|    episodes        | 32        |
|    fps             | 99        |
|    time_elapsed    | 318       |
|    total_timesteps | 31719     |
| train/             |           |
|    actor_loss      | -551      |
|    critic_loss     | 233       |
|    ent_coef        | 0.797     |
|    ent_coef_loss   | 0.0557    |
|    learning_rate   | 0.0003    |
|    n_updates       | 30718     |
----------------------------------
----------------------------------
| rollout/           |           |
|    ep_len_mean     | 992       |
|    ep_rew_mean     | -3.11e+03 |
| time/              |           |
|    episodes        | 36        |
|    fps             | 99        |
|    time_elapsed    | 359       |
|    total_timesteps | 35719     |
| train/             |           |
|    actor_loss      | -593      |
|    critic_loss     | 1.37e+03  |
|    ent_coef        | 0.806     |
|    ent_coef_loss   | -0.0577   |
|    learning_rate   | 0.0003    |
|    n_updates       | 34718     |
----------------------------------
----------------------------------
| rollout/           |           |
|    ep_len_mean     | 993       |
|    ep_rew_mean     | -3.01e+03 |
| time/              |           |
|    episodes        | 40        |
|    fps             | 99        |
|    time_elapsed    | 400       |
|    total_timesteps | 39719     |
| train/             |           |
|    actor_loss      | -621      |
|    critic_loss     | 125       |
|    ent_coef        | 0.763     |
|    ent_coef_loss   | 0.062     |
|    learning_rate   | 0.0003    |
|    n_updates       | 38718     |
----------------------------------
----------------------------------
| rollout/           |           |
|    ep_len_mean     | 985       |
|    ep_rew_mean     | -2.82e+03 |
| time/              |           |
|    episodes        | 44        |
|    fps             | 98        |
|    time_elapsed    | 438       |
|    total_timesteps | 43344     |
| train/             |           |
|    actor_loss      | -630      |
|    critic_loss     | 93.7      |
|    ent_coef        | 1.12      |
|    ent_coef_loss   | 0.0193    |
|    learning_rate   | 0.0003    |
|    n_updates       | 42343     |
----------------------------------
----------------------------------
| rollout/           |           |
|    ep_len_mean     | 986       |
|    ep_rew_mean     | -2.69e+03 |
| time/              |           |
|    episodes        | 48        |
|    fps             | 98        |
|    time_elapsed    | 479       |
|    total_timesteps | 47344     |
| train/             |           |
|    actor_loss      | -703      |
|    critic_loss     | 99        |
|    ent_coef        | 0.722     |
|    ent_coef_loss   | -0.137    |
|    learning_rate   | 0.0003    |
|    n_updates       | 46343     |
----------------------------------
----------------------------------
| rollout/           |           |
|    ep_len_mean     | 987       |
|    ep_rew_mean     | -2.61e+03 |
| time/              |           |
|    episodes        | 52        |
|    fps             | 98        |
|    time_elapsed    | 521       |
|    total_timesteps | 51344     |
| train/             |           |
|    actor_loss      | -623      |
|    critic_loss     | 70.2      |
|    ent_coef        | 0.562     |
|    ent_coef_loss   | 0.0525    |
|    learning_rate   | 0.0003    |
|    n_updates       | 50343     |
----------------------------------
----------------------------------
| rollout/           |           |
|    ep_len_mean     | 988       |
|    ep_rew_mean     | -2.53e+03 |
| time/              |           |
|    episodes        | 56        |
|    fps             | 98        |
|    time_elapsed    | 563       |
|    total_timesteps | 55344     |
| train/             |           |
|    actor_loss      | -597      |
|    critic_loss     | 50.4      |
|    ent_coef        | 0.596     |
|    ent_coef_loss   | -0.0539   |
|    learning_rate   | 0.0003    |
|    n_updates       | 54343     |
----------------------------------
----------------------------------
| rollout/           |           |
|    ep_len_mean     | 989       |
|    ep_rew_mean     | -2.59e+03 |
| time/              |           |
|    episodes        | 60        |
|    fps             | 97        |
|    time_elapsed    | 606       |
|    total_timesteps | 59344     |
| train/             |           |
|    actor_loss      | -540      |
|    critic_loss     | 1.2e+03   |
|    ent_coef        | 0.514     |
|    ent_coef_loss   | -0.203    |
|    learning_rate   | 0.0003    |
|    n_updates       | 58343     |
----------------------------------
----------------------------------
| rollout/           |           |
|    ep_len_mean     | 990       |
|    ep_rew_mean     | -2.57e+03 |
| time/              |           |
|    episodes        | 64        |
|    fps             | 97        |
|    time_elapsed    | 648       |
|    total_timesteps | 63344     |
| train/             |           |
|    actor_loss      | -570      |
|    critic_loss     | 47.2      |
|    ent_coef        | 0.552     |
|    ent_coef_loss   | 0.275     |
|    learning_rate   | 0.0003    |
|    n_updates       | 62343     |
----------------------------------
----------------------------------
| rollout/           |           |
|    ep_len_mean     | 990       |
|    ep_rew_mean     | -2.47e+03 |
| time/              |           |
|    episodes        | 68        |
|    fps             | 97        |
|    time_elapsed    | 691       |
|    total_timesteps | 67344     |
| train/             |           |
|    actor_loss      | -480      |
|    critic_loss     | 52.4      |
|    ent_coef        | 0.407     |
|    ent_coef_loss   | -0.055    |
|    learning_rate   | 0.0003    |
|    n_updates       | 66343     |
----------------------------------
----------------------------------
| rollout/           |           |
|    ep_len_mean     | 991       |
|    ep_rew_mean     | -2.33e+03 |
| time/              |           |
|    episodes        | 72        |
|    fps             | 97        |
|    time_elapsed    | 734       |
|    total_timesteps | 71344     |
| train/             |           |
|    actor_loss      | -486      |
|    critic_loss     | 29.8      |
|    ent_coef        | 0.415     |
|    ent_coef_loss   | 0.183     |
|    learning_rate   | 0.0003    |
|    n_updates       | 70343     |
----------------------------------
----------------------------------
| rollout/           |           |
|    ep_len_mean     | 991       |
|    ep_rew_mean     | -2.24e+03 |
| time/              |           |
|    episodes        | 76        |
|    fps             | 96        |
|    time_elapsed    | 777       |
|    total_timesteps | 75344     |
| train/             |           |
|    actor_loss      | -431      |
|    critic_loss     | 22.9      |
|    ent_coef        | 0.353     |
|    ent_coef_loss   | -0.462    |
|    learning_rate   | 0.0003    |
|    n_updates       | 74343     |
----------------------------------
----------------------------------
| rollout/           |           |
|    ep_len_mean     | 992       |
|    ep_rew_mean     | -2.18e+03 |
| time/              |           |
|    episodes        | 80        |
|    fps             | 96        |
|    time_elapsed    | 821       |
|    total_timesteps | 79344     |
| train/             |           |
|    actor_loss      | -412      |
|    critic_loss     | 16.7      |
|    ent_coef        | 0.282     |
|    ent_coef_loss   | -0.175    |
|    learning_rate   | 0.0003    |
|    n_updates       | 78343     |
----------------------------------
----------------------------------
| rollout/           |           |
|    ep_len_mean     | 992       |
|    ep_rew_mean     | -2.02e+03 |
| time/              |           |
|    episodes        | 84        |
|    fps             | 96        |
|    time_elapsed    | 864       |
|    total_timesteps | 83344     |
| train/             |           |
|    actor_loss      | -416      |
|    critic_loss     | 20.2      |
|    ent_coef        | 0.316     |
|    ent_coef_loss   | 0.102     |
|    learning_rate   | 0.0003    |
|    n_updates       | 82343     |
----------------------------------
----------------------------------
| rollout/           |           |
|    ep_len_mean     | 993       |
|    ep_rew_mean     | -1.92e+03 |
| time/              |           |
|    episodes        | 88        |
|    fps             | 96        |
|    time_elapsed    | 908       |
|    total_timesteps | 87344     |
| train/             |           |
|    actor_loss      | -376      |
|    critic_loss     | 18.2      |
|    ent_coef        | 0.268     |
|    ent_coef_loss   | 0.283     |
|    learning_rate   | 0.0003    |
|    n_updates       | 86343     |
----------------------------------
----------------------------------
| rollout/           |           |
|    ep_len_mean     | 993       |
|    ep_rew_mean     | -1.83e+03 |
| time/              |           |
|    episodes        | 92        |
|    fps             | 95        |
|    time_elapsed    | 953       |
|    total_timesteps | 91344     |
| train/             |           |
|    actor_loss      | -355      |
|    critic_loss     | 11.4      |
|    ent_coef        | 0.239     |
|    ent_coef_loss   | -0.351    |
|    learning_rate   | 0.0003    |
|    n_updates       | 90343     |
----------------------------------
----------------------------------
| rollout/           |           |
|    ep_len_mean     | 993       |
|    ep_rew_mean     | -1.76e+03 |
| time/              |           |
|    episodes        | 96        |
|    fps             | 95        |
|    time_elapsed    | 997       |
|    total_timesteps | 95344     |
| train/             |           |
|    actor_loss      | -280      |
|    critic_loss     | 10.6      |
|    ent_coef        | 0.197     |
|    ent_coef_loss   | 0.213     |
|    learning_rate   | 0.0003    |
|    n_updates       | 94343     |
----------------------------------
----------------------------------
| rollout/           |           |
|    ep_len_mean     | 993       |
|    ep_rew_mean     | -1.69e+03 |
| time/              |           |
|    episodes        | 100       |
|    fps             | 95        |
|    time_elapsed    | 1041      |
|    total_timesteps | 99344     |
| train/             |           |
|    actor_loss      | -282      |
|    critic_loss     | 10.4      |
|    ent_coef        | 0.18      |
|    ent_coef_loss   | -0.0759   |
|    learning_rate   | 0.0003    |
|    n_updates       | 98343     |
----------------------------------
----------------------------------
| rollout/           |           |
|    ep_len_mean     | 993       |
|    ep_rew_mean     | -1.48e+03 |
| time/              |           |
|    episodes        | 104       |
|    fps             | 95        |
|    time_elapsed    | 1086      |
|    total_timesteps | 103344    |
| train/             |           |
|    actor_loss      | -258      |
|    critic_loss     | 10.1      |
|    ent_coef        | 0.181     |
|    ent_coef_loss   | 0.241     |
|    learning_rate   | 0.0003    |
|    n_updates       | 102343    |
----------------------------------
----------------------------------
| rollout/           |           |
|    ep_len_mean     | 996       |
|    ep_rew_mean     | -1.44e+03 |
| time/              |           |
|    episodes        | 108       |
|    fps             | 94        |
|    time_elapsed    | 1130      |
|    total_timesteps | 107344    |
| train/             |           |
|    actor_loss      | -238      |
|    critic_loss     | 11        |
|    ent_coef        | 0.137     |
|    ent_coef_loss   | 0.596     |
|    learning_rate   | 0.0003    |
|    n_updates       | 106343    |
----------------------------------
----------------------------------
| rollout/           |           |
|    ep_len_mean     | 996       |
|    ep_rew_mean     | -1.28e+03 |
| time/              |           |
|    episodes        | 112       |
|    fps             | 94        |
|    time_elapsed    | 1175      |
|    total_timesteps | 111344    |
| train/             |           |
|    actor_loss      | -229      |
|    critic_loss     | 9.16      |
|    ent_coef        | 0.123     |
|    ent_coef_loss   | 0.831     |
|    learning_rate   | 0.0003    |
|    n_updates       | 110343    |
----------------------------------
----------------------------------
| rollout/           |           |
|    ep_len_mean     | 996       |
|    ep_rew_mean     | -1.04e+03 |
| time/              |           |
|    episodes        | 116       |
|    fps             | 94        |
|    time_elapsed    | 1220      |
|    total_timesteps | 115344    |
| train/             |           |
|    actor_loss      | -234      |
|    critic_loss     | 8.67      |
|    ent_coef        | 0.116     |
|    ent_coef_loss   | -0.875    |
|    learning_rate   | 0.0003    |
|    n_updates       | 114343    |
----------------------------------
---------------------------------
| rollout/           |          |
|    ep_len_mean     | 996      |
|    ep_rew_mean     | -965     |
| time/              |          |
|    episodes        | 120      |
|    fps             | 94       |
|    time_elapsed    | 1264     |
|    total_timesteps | 119344   |
| train/             |          |
|    actor_loss      | -163     |
|    critic_loss     | 7.26     |
|    ent_coef        | 0.105    |
|    ent_coef_loss   | -0.192   |
|    learning_rate   | 0.0003   |
|    n_updates       | 118343   |
---------------------------------
---------------------------------
| rollout/           |          |
|    ep_len_mean     | 996      |
|    ep_rew_mean     | -838     |
| time/              |          |
|    episodes        | 124      |
|    fps             | 94       |
|    time_elapsed    | 1308     |
|    total_timesteps | 123344   |
| train/             |          |
|    actor_loss      | -188     |
|    critic_loss     | 6.09     |
|    ent_coef        | 0.0995   |
|    ent_coef_loss   | 0.122    |
|    learning_rate   | 0.0003   |
|    n_updates       | 122343   |
---------------------------------
---------------------------------
| rollout/           |          |
|    ep_len_mean     | 996      |
|    ep_rew_mean     | -711     |
| time/              |          |
|    episodes        | 128      |
|    fps             | 94       |
|    time_elapsed    | 1352     |
|    total_timesteps | 127344   |
| train/             |          |
|    actor_loss      | -164     |
|    critic_loss     | 7.76     |
|    ent_coef        | 0.136    |
|    ent_coef_loss   | 0.165    |
|    learning_rate   | 0.0003   |
|    n_updates       | 126343   |
---------------------------------
---------------------------------
| rollout/           |          |
|    ep_len_mean     | 996      |
|    ep_rew_mean     | -578     |
| time/              |          |
|    episodes        | 132      |
|    fps             | 93       |
|    time_elapsed    | 1397     |
|    total_timesteps | 131344   |
| train/             |          |
|    actor_loss      | -175     |
|    critic_loss     | 7.16     |
|    ent_coef        | 0.13     |
|    ent_coef_loss   | 0.105    |
|    learning_rate   | 0.0003   |
|    n_updates       | 130343   |
---------------------------------
---------------------------------
| rollout/           |          |
|    ep_len_mean     | 996      |
|    ep_rew_mean     | -520     |
| time/              |          |
|    episodes        | 136      |
|    fps             | 93       |
|    time_elapsed    | 1441     |
|    total_timesteps | 135344   |
| train/             |          |
|    actor_loss      | -173     |
|    critic_loss     | 6.76     |
|    ent_coef        | 0.13     |
|    ent_coef_loss   | 0.427    |
|    learning_rate   | 0.0003   |
|    n_updates       | 134343   |
---------------------------------
---------------------------------
| rollout/           |          |
|    ep_len_mean     | 996      |
|    ep_rew_mean     | -412     |
| time/              |          |
|    episodes        | 140      |
|    fps             | 93       |
|    time_elapsed    | 1486     |
|    total_timesteps | 139344   |
| train/             |          |
|    actor_loss      | -168     |
|    critic_loss     | 6.01     |
|    ent_coef        | 0.115    |
|    ent_coef_loss   | -0.317   |
|    learning_rate   | 0.0003   |
|    n_updates       | 138343   |
---------------------------------
---------------------------------
| rollout/           |          |
|    ep_len_mean     | 1e+03    |
|    ep_rew_mean     | -355     |
| time/              |          |
|    episodes        | 144      |
|    fps             | 93       |
|    time_elapsed    | 1529     |
|    total_timesteps | 143344   |
| train/             |          |
|    actor_loss      | -184     |
|    critic_loss     | 5.1      |
|    ent_coef        | 0.111    |
|    ent_coef_loss   | 0.0307   |
|    learning_rate   | 0.0003   |
|    n_updates       | 142343   |
---------------------------------
---------------------------------
| rollout/           |          |
|    ep_len_mean     | 1e+03    |
|    ep_rew_mean     | -289     |
| time/              |          |
|    episodes        | 148      |
|    fps             | 93       |
|    time_elapsed    | 1574     |
|    total_timesteps | 147344   |
| train/             |          |
|    actor_loss      | -141     |
|    critic_loss     | 58.1     |
|    ent_coef        | 0.103    |
|    ent_coef_loss   | -0.428   |
|    learning_rate   | 0.0003   |
|    n_updates       | 146343   |
---------------------------------
---------------------------------
| rollout/           |          |
|    ep_len_mean     | 1e+03    |
|    ep_rew_mean     | -224     |
| time/              |          |
|    episodes        | 152      |
|    fps             | 93       |
|    time_elapsed    | 1619     |
|    total_timesteps | 151344   |
| train/             |          |
|    actor_loss      | -133     |
|    critic_loss     | 6.43     |
|    ent_coef        | 0.112    |
|    ent_coef_loss   | -0.801   |
|    learning_rate   | 0.0003   |
|    n_updates       | 150343   |
---------------------------------
---------------------------------
| rollout/           |          |
|    ep_len_mean     | 1e+03    |
|    ep_rew_mean     | -163     |
| time/              |          |
|    episodes        | 156      |
|    fps             | 93       |
|    time_elapsed    | 1663     |
|    total_timesteps | 155344   |
| train/             |          |
|    actor_loss      | -137     |
|    critic_loss     | 5.18     |
|    ent_coef        | 0.101    |
|    ent_coef_loss   | 0.372    |
|    learning_rate   | 0.0003   |
|    n_updates       | 154343   |
---------------------------------
---------------------------------
| rollout/           |          |
|    ep_len_mean     | 1e+03    |
|    ep_rew_mean     | -4.85    |
| time/              |          |
|    episodes        | 160      |
|    fps             | 93       |
|    time_elapsed    | 1707     |
|    total_timesteps | 159344   |
| train/             |          |
|    actor_loss      | -185     |
|    critic_loss     | 5.4      |
|    ent_coef        | 0.0897   |
|    ent_coef_loss   | 0.288    |
|    learning_rate   | 0.0003   |
|    n_updates       | 158343   |
---------------------------------
---------------------------------
| rollout/           |          |
|    ep_len_mean     | 1e+03    |
|    ep_rew_mean     | 108      |
| time/              |          |
|    episodes        | 164      |
|    fps             | 93       |
|    time_elapsed    | 1752     |
|    total_timesteps | 163344   |
| train/             |          |
|    actor_loss      | -139     |
|    critic_loss     | 3.86     |
|    ent_coef        | 0.0837   |
|    ent_coef_loss   | -0.278   |
|    learning_rate   | 0.0003   |
|    n_updates       | 162343   |
---------------------------------
---------------------------------
| rollout/           |          |
|    ep_len_mean     | 1e+03    |
|    ep_rew_mean     | 166      |
| time/              |          |
|    episodes        | 168      |
|    fps             | 93       |
|    time_elapsed    | 1797     |
|    total_timesteps | 167344   |
| train/             |          |
|    actor_loss      | -117     |
|    critic_loss     | 4.25     |
|    ent_coef        | 0.0801   |
|    ent_coef_loss   | 0.287    |
|    learning_rate   | 0.0003   |
|    n_updates       | 166343   |
---------------------------------
---------------------------------
| rollout/           |          |
|    ep_len_mean     | 1e+03    |
|    ep_rew_mean     | 165      |
| time/              |          |
|    episodes        | 172      |
|    fps             | 93       |
|    time_elapsed    | 1841     |
|    total_timesteps | 171344   |
| train/             |          |
|    actor_loss      | -137     |
|    critic_loss     | 37.9     |
|    ent_coef        | 0.0894   |
|    ent_coef_loss   | -0.721   |
|    learning_rate   | 0.0003   |
|    n_updates       | 170343   |
---------------------------------
---------------------------------
| rollout/           |          |
|    ep_len_mean     | 1e+03    |
|    ep_rew_mean     | 204      |
| time/              |          |
|    episodes        | 176      |
|    fps             | 92       |
|    time_elapsed    | 1885     |
|    total_timesteps | 175344   |
| train/             |          |
|    actor_loss      | -115     |
|    critic_loss     | 34.3     |
|    ent_coef        | 0.0879   |
|    ent_coef_loss   | -0.0463  |
|    learning_rate   | 0.0003   |
|    n_updates       | 174343   |
---------------------------------
---------------------------------
| rollout/           |          |
|    ep_len_mean     | 1e+03    |
|    ep_rew_mean     | 257      |
| time/              |          |
|    episodes        | 180      |
|    fps             | 92       |
|    time_elapsed    | 1930     |
|    total_timesteps | 179344   |
| train/             |          |
|    actor_loss      | -157     |
|    critic_loss     | 5.25     |
|    ent_coef        | 0.0903   |
|    ent_coef_loss   | 0.565    |
|    learning_rate   | 0.0003   |
|    n_updates       | 178343   |
---------------------------------
---------------------------------
| rollout/           |          |
|    ep_len_mean     | 1e+03    |
|    ep_rew_mean     | 240      |
| time/              |          |
|    episodes        | 184      |
|    fps             | 92       |
|    time_elapsed    | 1974     |
|    total_timesteps | 183344   |
| train/             |          |
|    actor_loss      | -125     |
|    critic_loss     | 6.59     |
|    ent_coef        | 0.0716   |
|    ent_coef_loss   | 0.0953   |
|    learning_rate   | 0.0003   |
|    n_updates       | 182343   |
---------------------------------
---------------------------------
| rollout/           |          |
|    ep_len_mean     | 1e+03    |
|    ep_rew_mean     | 258      |
| time/              |          |
|    episodes        | 188      |
|    fps             | 92       |
|    time_elapsed    | 2018     |
|    total_timesteps | 187344   |
| train/             |          |
|    actor_loss      | -151     |
|    critic_loss     | 5.39     |
|    ent_coef        | 0.0887   |
|    ent_coef_loss   | 0.003    |
|    learning_rate   | 0.0003   |
|    n_updates       | 186343   |
---------------------------------
---------------------------------
| rollout/           |          |
|    ep_len_mean     | 1e+03    |
|    ep_rew_mean     | 282      |
| time/              |          |
|    episodes        | 192      |
|    fps             | 92       |
|    time_elapsed    | 2062     |
|    total_timesteps | 191344   |
| train/             |          |
|    actor_loss      | -132     |
|    critic_loss     | 4.75     |
|    ent_coef        | 0.0748   |
|    ent_coef_loss   | 0.32     |
|    learning_rate   | 0.0003   |
|    n_updates       | 190343   |
---------------------------------
---------------------------------
| rollout/           |          |
|    ep_len_mean     | 1e+03    |
|    ep_rew_mean     | 304      |
| time/              |          |
|    episodes        | 196      |
|    fps             | 92       |
|    time_elapsed    | 2106     |
|    total_timesteps | 195344   |
| train/             |          |
|    actor_loss      | -145     |
|    critic_loss     | 4.65     |
|    ent_coef        | 0.0834   |
|    ent_coef_loss   | 0.802    |
|    learning_rate   | 0.0003   |
|    n_updates       | 194343   |
---------------------------------
---------------------------------
| rollout/           |          |
|    ep_len_mean     | 1e+03    |
|    ep_rew_mean     | 313      |
| time/              |          |
|    episodes        | 200      |
|    fps             | 92       |
|    time_elapsed    | 2151     |
|    total_timesteps | 199344   |
| train/             |          |
|    actor_loss      | -97.7    |
|    critic_loss     | 3.8      |
|    ent_coef        | 0.0677   |
|    ent_coef_loss   | -1.3     |
|    learning_rate   | 0.0003   |
|    n_updates       | 198343   |
---------------------------------
---------------------------------
| rollout/           |          |
|    ep_len_mean     | 1e+03    |
|    ep_rew_mean     | 367      |
| time/              |          |
|    episodes        | 204      |
|    fps             | 92       |
|    time_elapsed    | 2196     |
|    total_timesteps | 203344   |
| train/             |          |
|    actor_loss      | -159     |
|    critic_loss     | 3.12     |
|    ent_coef        | 0.0651   |
|    ent_coef_loss   | 0.768    |
|    learning_rate   | 0.0003   |
|    n_updates       | 202343   |
---------------------------------
---------------------------------
| rollout/           |          |
|    ep_len_mean     | 1e+03    |
|    ep_rew_mean     | 380      |
| time/              |          |
|    episodes        | 208      |
|    fps             | 92       |
|    time_elapsed    | 2240     |
|    total_timesteps | 207344   |
| train/             |          |
|    actor_loss      | -172     |
|    critic_loss     | 4.07     |
|    ent_coef        | 0.0702   |
|    ent_coef_loss   | 1        |
|    learning_rate   | 0.0003   |
|    n_updates       | 206343   |
---------------------------------
---------------------------------
| rollout/           |          |
|    ep_len_mean     | 1e+03    |
|    ep_rew_mean     | 307      |
| time/              |          |
|    episodes        | 212      |
|    fps             | 92       |
|    time_elapsed    | 2285     |
|    total_timesteps | 211344   |
| train/             |          |
|    actor_loss      | -138     |
|    critic_loss     | 3.67     |
|    ent_coef        | 0.068    |
|    ent_coef_loss   | -0.369   |
|    learning_rate   | 0.0003   |
|    n_updates       | 210343   |
---------------------------------
---------------------------------
| rollout/           |          |
|    ep_len_mean     | 1e+03    |
|    ep_rew_mean     | 177      |
| time/              |          |
|    episodes        | 216      |
|    fps             | 92       |
|    time_elapsed    | 2329     |
|    total_timesteps | 215344   |
| train/             |          |
|    actor_loss      | -165     |
|    critic_loss     | 4.4      |
|    ent_coef        | 0.0636   |
|    ent_coef_loss   | -0.558   |
|    learning_rate   | 0.0003   |
|    n_updates       | 214343   |
---------------------------------
---------------------------------
| rollout/           |          |
|    ep_len_mean     | 1e+03    |
|    ep_rew_mean     | 194      |
| time/              |          |
|    episodes        | 220      |
|    fps             | 92       |
|    time_elapsed    | 2375     |
|    total_timesteps | 219344   |
| train/             |          |
|    actor_loss      | -133     |
|    critic_loss     | 3.81     |
|    ent_coef        | 0.0612   |
|    ent_coef_loss   | 0.0163   |
|    learning_rate   | 0.0003   |
|    n_updates       | 218343   |
---------------------------------
---------------------------------
| rollout/           |          |
|    ep_len_mean     | 1e+03    |
|    ep_rew_mean     | 201      |
| time/              |          |
|    episodes        | 224      |
|    fps             | 92       |
|    time_elapsed    | 2419     |
|    total_timesteps | 223344   |
| train/             |          |
|    actor_loss      | -148     |
|    critic_loss     | 1.97     |
|    ent_coef        | 0.0595   |
|    ent_coef_loss   | 1.24     |
|    learning_rate   | 0.0003   |
|    n_updates       | 222343   |
---------------------------------
---------------------------------
| rollout/           |          |
|    ep_len_mean     | 1e+03    |
|    ep_rew_mean     | 192      |
| time/              |          |
|    episodes        | 228      |
|    fps             | 92       |
|    time_elapsed    | 2464     |
|    total_timesteps | 227344   |
| train/             |          |
|    actor_loss      | -146     |
|    critic_loss     | 6.01     |
|    ent_coef        | 0.0649   |
|    ent_coef_loss   | -0.493   |
|    learning_rate   | 0.0003   |
|    n_updates       | 226343   |
---------------------------------
---------------------------------
| rollout/           |          |
|    ep_len_mean     | 1e+03    |
|    ep_rew_mean     | 194      |
| time/              |          |
|    episodes        | 232      |
|    fps             | 92       |
|    time_elapsed    | 2508     |
|    total_timesteps | 231344   |
| train/             |          |
|    actor_loss      | -122     |
|    critic_loss     | 51.9     |
|    ent_coef        | 0.0596   |
|    ent_coef_loss   | -0.358   |
|    learning_rate   | 0.0003   |
|    n_updates       | 230343   |
---------------------------------
---------------------------------
| rollout/           |          |
|    ep_len_mean     | 1e+03    |
|    ep_rew_mean     | 185      |
| time/              |          |
|    episodes        | 236      |
|    fps             | 92       |
|    time_elapsed    | 2553     |
|    total_timesteps | 235344   |
| train/             |          |
|    actor_loss      | -128     |
|    critic_loss     | 2.2      |
|    ent_coef        | 0.059    |
|    ent_coef_loss   | 0.495    |
|    learning_rate   | 0.0003   |
|    n_updates       | 234343   |
---------------------------------
---------------------------------
| rollout/           |          |
|    ep_len_mean     | 1e+03    |
|    ep_rew_mean     | 167      |
| time/              |          |
|    episodes        | 240      |
|    fps             | 92       |
|    time_elapsed    | 2599     |
|    total_timesteps | 239344   |
| train/             |          |
|    actor_loss      | -160     |
|    critic_loss     | 130      |
|    ent_coef        | 0.0493   |
|    ent_coef_loss   | 0.922    |
|    learning_rate   | 0.0003   |
|    n_updates       | 238343   |
---------------------------------
---------------------------------
| rollout/           |          |
|    ep_len_mean     | 1e+03    |
|    ep_rew_mean     | 174      |
| time/              |          |
|    episodes        | 244      |
|    fps             | 91       |
|    time_elapsed    | 2660     |
|    total_timesteps | 243344   |
| train/             |          |
|    actor_loss      | -125     |
|    critic_loss     | 3.72     |
|    ent_coef        | 0.0523   |
|    ent_coef_loss   | -0.75    |
|    learning_rate   | 0.0003   |
|    n_updates       | 242343   |
---------------------------------
---------------------------------
| rollout/           |          |
|    ep_len_mean     | 1e+03    |
|    ep_rew_mean     | 270      |
| time/              |          |
|    episodes        | 248      |
|    fps             | 90       |
|    time_elapsed    | 2722     |
|    total_timesteps | 247344   |
| train/             |          |
|    actor_loss      | -119     |
|    critic_loss     | 1.59     |
|    ent_coef        | 0.0639   |
|    ent_coef_loss   | 0.902    |
|    learning_rate   | 0.0003   |
|    n_updates       | 246343   |
---------------------------------
---------------------------------
| rollout/           |          |
|    ep_len_mean     | 1e+03    |
|    ep_rew_mean     | 382      |
| time/              |          |
|    episodes        | 252      |
|    fps             | 90       |
|    time_elapsed    | 2783     |
|    total_timesteps | 251344   |
| train/             |          |
|    actor_loss      | -130     |
|    critic_loss     | 2.42     |
|    ent_coef        | 0.0509   |
|    ent_coef_loss   | -0.41    |
|    learning_rate   | 0.0003   |
|    n_updates       | 250343   |
---------------------------------
---------------------------------
| rollout/           |          |
|    ep_len_mean     | 1e+03    |
|    ep_rew_mean     | 494      |
| time/              |          |
|    episodes        | 256      |
|    fps             | 89       |
|    time_elapsed    | 2843     |
|    total_timesteps | 255344   |
| train/             |          |
|    actor_loss      | -174     |
|    critic_loss     | 3.19     |
|    ent_coef        | 0.039    |
|    ent_coef_loss   | -0.763   |
|    learning_rate   | 0.0003   |
|    n_updates       | 254343   |
---------------------------------
---------------------------------
| rollout/           |          |
|    ep_len_mean     | 1e+03    |
|    ep_rew_mean     | 485      |
| time/              |          |
|    episodes        | 260      |
|    fps             | 89       |
|    time_elapsed    | 2904     |
|    total_timesteps | 259344   |
| train/             |          |
|    actor_loss      | -164     |
|    critic_loss     | 2.16     |
|    ent_coef        | 0.0438   |
|    ent_coef_loss   | 0.696    |
|    learning_rate   | 0.0003   |
|    n_updates       | 258343   |
---------------------------------
---------------------------------
| rollout/           |          |
|    ep_len_mean     | 1e+03    |
|    ep_rew_mean     | 459      |
| time/              |          |
|    episodes        | 264      |
|    fps             | 88       |
|    time_elapsed    | 2966     |
|    total_timesteps | 263344   |
| train/             |          |
|    actor_loss      | -160     |
|    critic_loss     | 2.76     |
|    ent_coef        | 0.068    |
|    ent_coef_loss   | 0.511    |
|    learning_rate   | 0.0003   |
|    n_updates       | 262343   |
---------------------------------
---------------------------------
| rollout/           |          |
|    ep_len_mean     | 1e+03    |
|    ep_rew_mean     | 413      |
| time/              |          |
|    episodes        | 268      |
|    fps             | 88       |
|    time_elapsed    | 3029     |
|    total_timesteps | 267344   |
| train/             |          |
|    actor_loss      | -174     |
|    critic_loss     | 2.38     |
|    ent_coef        | 0.0463   |
|    ent_coef_loss   | -0.93    |
|    learning_rate   | 0.0003   |
|    n_updates       | 266343   |
---------------------------------
---------------------------------
| rollout/           |          |
|    ep_len_mean     | 1e+03    |
|    ep_rew_mean     | 427      |
| time/              |          |
|    episodes        | 272      |
|    fps             | 87       |
|    time_elapsed    | 3092     |
|    total_timesteps | 271344   |
| train/             |          |
|    actor_loss      | -156     |
|    critic_loss     | 1.44     |
|    ent_coef        | 0.0422   |
|    ent_coef_loss   | -0.568   |
|    learning_rate   | 0.0003   |
|    n_updates       | 270343   |
---------------------------------
---------------------------------
| rollout/           |          |
|    ep_len_mean     | 1e+03    |
|    ep_rew_mean     | 422      |
| time/              |          |
|    episodes        | 276      |
|    fps             | 87       |
|    time_elapsed    | 3156     |
|    total_timesteps | 275344   |
| train/             |          |
|    actor_loss      | -145     |
|    critic_loss     | 1.47     |
|    ent_coef        | 0.0403   |
|    ent_coef_loss   | -2.9     |
|    learning_rate   | 0.0003   |
|    n_updates       | 274343   |
---------------------------------
---------------------------------
| rollout/           |          |
|    ep_len_mean     | 1e+03    |
|    ep_rew_mean     | 393      |
| time/              |          |
|    episodes        | 280      |
|    fps             | 86       |
|    time_elapsed    | 3217     |
|    total_timesteps | 279344   |
| train/             |          |
|    actor_loss      | -133     |
|    critic_loss     | 2.67     |
|    ent_coef        | 0.0416   |
|    ent_coef_loss   | -0.253   |
|    learning_rate   | 0.0003   |
|    n_updates       | 278343   |
---------------------------------
---------------------------------
| rollout/           |          |
|    ep_len_mean     | 1e+03    |
|    ep_rew_mean     | 371      |
| time/              |          |
|    episodes        | 284      |
|    fps             | 86       |
|    time_elapsed    | 3283     |
|    total_timesteps | 283344   |
| train/             |          |
|    actor_loss      | -141     |
|    critic_loss     | 0.587    |
|    ent_coef        | 0.0362   |
|    ent_coef_loss   | -0.0261  |
|    learning_rate   | 0.0003   |
|    n_updates       | 282343   |
---------------------------------
---------------------------------
| rollout/           |          |
|    ep_len_mean     | 1e+03    |
|    ep_rew_mean     | 368      |
| time/              |          |
|    episodes        | 288      |
|    fps             | 85       |
|    time_elapsed    | 3351     |
|    total_timesteps | 287344   |
| train/             |          |
|    actor_loss      | -153     |
|    critic_loss     | 4.6      |
|    ent_coef        | 0.0445   |
|    ent_coef_loss   | 0.473    |
|    learning_rate   | 0.0003   |
|    n_updates       | 286343   |
---------------------------------
---------------------------------
| rollout/           |          |
|    ep_len_mean     | 1e+03    |
|    ep_rew_mean     | 371      |
| time/              |          |
|    episodes        | 292      |
|    fps             | 85       |
|    time_elapsed    | 3417     |
|    total_timesteps | 291344   |
| train/             |          |
|    actor_loss      | -176     |
|    critic_loss     | 2.12     |
|    ent_coef        | 0.0383   |
|    ent_coef_loss   | 0.45     |
|    learning_rate   | 0.0003   |
|    n_updates       | 290343   |
---------------------------------
---------------------------------
| rollout/           |          |
|    ep_len_mean     | 1e+03    |
|    ep_rew_mean     | 380      |
| time/              |          |
|    episodes        | 296      |
|    fps             | 84       |
|    time_elapsed    | 3483     |
|    total_timesteps | 295344   |
| train/             |          |
|    actor_loss      | -142     |
|    critic_loss     | 1.33     |
|    ent_coef        | 0.045    |
|    ent_coef_loss   | 0.0755   |
|    learning_rate   | 0.0003   |
|    n_updates       | 294343   |
---------------------------------
---------------------------------
| rollout/           |          |
|    ep_len_mean     | 1e+03    |
|    ep_rew_mean     | 401      |
| time/              |          |
|    episodes        | 300      |
|    fps             | 84       |
|    time_elapsed    | 3550     |
|    total_timesteps | 299344   |
| train/             |          |
|    actor_loss      | -141     |
|    critic_loss     | 1.09     |
|    ent_coef        | 0.05     |
|    ent_coef_loss   | -0.955   |
|    learning_rate   | 0.0003   |
|    n_updates       | 298343   |
---------------------------------
---------------------------------
| rollout/           |          |
|    ep_len_mean     | 1e+03    |
|    ep_rew_mean     | 422      |
| time/              |          |
|    episodes        | 304      |
|    fps             | 83       |
|    time_elapsed    | 3618     |
|    total_timesteps | 303344   |
| train/             |          |
|    actor_loss      | -184     |
|    critic_loss     | 1.81     |
|    ent_coef        | 0.0419   |
|    ent_coef_loss   | 1.21     |
|    learning_rate   | 0.0003   |
|    n_updates       | 302343   |
---------------------------------
---------------------------------
| rollout/           |          |
|    ep_len_mean     | 1e+03    |
|    ep_rew_mean     | 468      |
| time/              |          |
|    episodes        | 308      |
|    fps             | 83       |
|    time_elapsed    | 3686     |
|    total_timesteps | 307344   |
| train/             |          |
|    actor_loss      | -167     |
|    critic_loss     | 1.2      |
|    ent_coef        | 0.0298   |
|    ent_coef_loss   | 0.438    |
|    learning_rate   | 0.0003   |
|    n_updates       | 306343   |
---------------------------------
---------------------------------
| rollout/           |          |
|    ep_len_mean     | 1e+03    |
|    ep_rew_mean     | 539      |
| time/              |          |
|    episodes        | 312      |
|    fps             | 82       |
|    time_elapsed    | 3758     |
|    total_timesteps | 311344   |
| train/             |          |
|    actor_loss      | -149     |
|    critic_loss     | 0.628    |
|    ent_coef        | 0.0343   |
|    ent_coef_loss   | -0.721   |
|    learning_rate   | 0.0003   |
|    n_updates       | 310343   |
---------------------------------
---------------------------------
| rollout/           |          |
|    ep_len_mean     | 1e+03    |
|    ep_rew_mean     | 583      |
| time/              |          |
|    episodes        | 316      |
|    fps             | 82       |
|    time_elapsed    | 3828     |
|    total_timesteps | 315344   |
| train/             |          |
|    actor_loss      | -120     |
|    critic_loss     | 2.13     |
|    ent_coef        | 0.0348   |
|    ent_coef_loss   | 0.892    |
|    learning_rate   | 0.0003   |
|    n_updates       | 314343   |
---------------------------------
---------------------------------
| rollout/           |          |
|    ep_len_mean     | 1e+03    |
|    ep_rew_mean     | 624      |
| time/              |          |
|    episodes        | 320      |
|    fps             | 81       |
|    time_elapsed    | 3901     |
|    total_timesteps | 319344   |
| train/             |          |
|    actor_loss      | -137     |
|    critic_loss     | 0.863    |
|    ent_coef        | 0.031    |
|    ent_coef_loss   | 0.629    |
|    learning_rate   | 0.0003   |
|    n_updates       | 318343   |
---------------------------------
---------------------------------
| rollout/           |          |
|    ep_len_mean     | 1e+03    |
|    ep_rew_mean     | 649      |
| time/              |          |
|    episodes        | 324      |
|    fps             | 81       |
|    time_elapsed    | 3972     |
|    total_timesteps | 323344   |
| train/             |          |
|    actor_loss      | -164     |
|    critic_loss     | 2.24     |
|    ent_coef        | 0.0262   |
|    ent_coef_loss   | 0.659    |
|    learning_rate   | 0.0003   |
|    n_updates       | 322343   |
---------------------------------
---------------------------------
| rollout/           |          |
|    ep_len_mean     | 1e+03    |
|    ep_rew_mean     | 719      |
| time/              |          |
|    episodes        | 328      |
|    fps             | 80       |
|    time_elapsed    | 4043     |
|    total_timesteps | 327344   |
| train/             |          |
|    actor_loss      | -156     |
|    critic_loss     | 0.696    |
|    ent_coef        | 0.0227   |
|    ent_coef_loss   | -0.234   |
|    learning_rate   | 0.0003   |
|    n_updates       | 326343   |
---------------------------------
---------------------------------
| rollout/           |          |
|    ep_len_mean     | 1e+03    |
|    ep_rew_mean     | 767      |
| time/              |          |
|    episodes        | 332      |
|    fps             | 80       |
|    time_elapsed    | 4117     |
|    total_timesteps | 331344   |
| train/             |          |
|    actor_loss      | -141     |
|    critic_loss     | 0.752    |
|    ent_coef        | 0.0227   |
|    ent_coef_loss   | -1.18    |
|    learning_rate   | 0.0003   |
|    n_updates       | 330343   |
---------------------------------
---------------------------------
| rollout/           |          |
|    ep_len_mean     | 1e+03    |
|    ep_rew_mean     | 803      |
| time/              |          |
|    episodes        | 336      |
|    fps             | 79       |
|    time_elapsed    | 4192     |
|    total_timesteps | 335344   |
| train/             |          |
|    actor_loss      | -129     |
|    critic_loss     | 0.431    |
|    ent_coef        | 0.0219   |
|    ent_coef_loss   | 0.129    |
|    learning_rate   | 0.0003   |
|    n_updates       | 334343   |
---------------------------------
---------------------------------
| rollout/           |          |
|    ep_len_mean     | 1e+03    |
|    ep_rew_mean     | 838      |
| time/              |          |
|    episodes        | 340      |
|    fps             | 79       |
|    time_elapsed    | 4267     |
|    total_timesteps | 339344   |
| train/             |          |
|    actor_loss      | -133     |
|    critic_loss     | 0.836    |
|    ent_coef        | 0.0283   |
|    ent_coef_loss   | -1.65    |
|    learning_rate   | 0.0003   |
|    n_updates       | 338343   |
---------------------------------
---------------------------------
| rollout/           |          |
|    ep_len_mean     | 1e+03    |
|    ep_rew_mean     | 833      |
| time/              |          |
|    episodes        | 344      |
|    fps             | 79       |
|    time_elapsed    | 4340     |
|    total_timesteps | 343344   |
| train/             |          |
|    actor_loss      | -151     |
|    critic_loss     | 1.29     |
|    ent_coef        | 0.0262   |
|    ent_coef_loss   | 0.00102  |
|    learning_rate   | 0.0003   |
|    n_updates       | 342343   |
---------------------------------
---------------------------------
| rollout/           |          |
|    ep_len_mean     | 1e+03    |
|    ep_rew_mean     | 815      |
| time/              |          |
|    episodes        | 348      |
|    fps             | 78       |
|    time_elapsed    | 4414     |
|    total_timesteps | 347344   |
| train/             |          |
|    actor_loss      | -127     |
|    critic_loss     | 0.853    |
|    ent_coef        | 0.0235   |
|    ent_coef_loss   | 0.219    |
|    learning_rate   | 0.0003   |
|    n_updates       | 346343   |
---------------------------------
---------------------------------
| rollout/           |          |
|    ep_len_mean     | 1e+03    |
|    ep_rew_mean     | 772      |
| time/              |          |
|    episodes        | 352      |
|    fps             | 78       |
|    time_elapsed    | 4484     |
|    total_timesteps | 351344   |
| train/             |          |
|    actor_loss      | -140     |
|    critic_loss     | 1.29     |
|    ent_coef        | 0.0299   |
|    ent_coef_loss   | -0.0738  |
|    learning_rate   | 0.0003   |
|    n_updates       | 350343   |
---------------------------------
---------------------------------
| rollout/           |          |
|    ep_len_mean     | 1e+03    |
|    ep_rew_mean     | 829      |
| time/              |          |
|    episodes        | 356      |
|    fps             | 78       |
|    time_elapsed    | 4554     |
|    total_timesteps | 355344   |
| train/             |          |
|    actor_loss      | -160     |
|    critic_loss     | 1.26     |
|    ent_coef        | 0.0298   |
|    ent_coef_loss   | 0.516    |
|    learning_rate   | 0.0003   |
|    n_updates       | 354343   |
---------------------------------
---------------------------------
| rollout/           |          |
|    ep_len_mean     | 1e+03    |
|    ep_rew_mean     | 940      |
| time/              |          |
|    episodes        | 360      |
|    fps             | 77       |
|    time_elapsed    | 4621     |
|    total_timesteps | 359344   |
| train/             |          |
|    actor_loss      | -167     |
|    critic_loss     | 1.74     |
|    ent_coef        | 0.0311   |
|    ent_coef_loss   | -0.135   |
|    learning_rate   | 0.0003   |
|    n_updates       | 358343   |
---------------------------------
---------------------------------
| rollout/           |          |
|    ep_len_mean     | 1e+03    |
|    ep_rew_mean     | 1.05e+03 |
| time/              |          |
|    episodes        | 364      |
|    fps             | 77       |
|    time_elapsed    | 4687     |
|    total_timesteps | 363344   |
| train/             |          |
|    actor_loss      | -188     |
|    critic_loss     | 0.464    |
|    ent_coef        | 0.0285   |
|    ent_coef_loss   | -1.11    |
|    learning_rate   | 0.0003   |
|    n_updates       | 362343   |
---------------------------------
---------------------------------
| rollout/           |          |
|    ep_len_mean     | 1e+03    |
|    ep_rew_mean     | 1.11e+03 |
| time/              |          |
|    episodes        | 368      |
|    fps             | 77       |
|    time_elapsed    | 4755     |
|    total_timesteps | 367344   |
| train/             |          |
|    actor_loss      | -178     |
|    critic_loss     | 0.705    |
|    ent_coef        | 0.0318   |
|    ent_coef_loss   | 0.0309   |
|    learning_rate   | 0.0003   |
|    n_updates       | 366343   |
---------------------------------
---------------------------------
| rollout/           |          |
|    ep_len_mean     | 1e+03    |
|    ep_rew_mean     | 1.13e+03 |
| time/              |          |
|    episodes        | 372      |
|    fps             | 77       |
|    time_elapsed    | 4821     |
|    total_timesteps | 371344   |
| train/             |          |
|    actor_loss      | -189     |
|    critic_loss     | 0.62     |
|    ent_coef        | 0.0302   |
|    ent_coef_loss   | -0.889   |
|    learning_rate   | 0.0003   |
|    n_updates       | 370343   |
---------------------------------
---------------------------------
| rollout/           |          |
|    ep_len_mean     | 1e+03    |
|    ep_rew_mean     | 1.15e+03 |
| time/              |          |
|    episodes        | 376      |
|    fps             | 76       |
|    time_elapsed    | 4887     |
|    total_timesteps | 375344   |
| train/             |          |
|    actor_loss      | -175     |
|    critic_loss     | 1.4      |
|    ent_coef        | 0.0305   |
|    ent_coef_loss   | -0.811   |
|    learning_rate   | 0.0003   |
|    n_updates       | 374343   |
---------------------------------
---------------------------------
| rollout/           |          |
|    ep_len_mean     | 1e+03    |
|    ep_rew_mean     | 1.24e+03 |
| time/              |          |
|    episodes        | 380      |
|    fps             | 76       |
|    time_elapsed    | 4954     |
|    total_timesteps | 379344   |
| train/             |          |
|    actor_loss      | -166     |
|    critic_loss     | 0.904    |
|    ent_coef        | 0.0255   |
|    ent_coef_loss   | 0.84     |
|    learning_rate   | 0.0003   |
|    n_updates       | 378343   |
---------------------------------
---------------------------------
| rollout/           |          |
|    ep_len_mean     | 1e+03    |
|    ep_rew_mean     | 1.27e+03 |
| time/              |          |
|    episodes        | 384      |
|    fps             | 76       |
|    time_elapsed    | 5022     |
|    total_timesteps | 383344   |
| train/             |          |
|    actor_loss      | -145     |
|    critic_loss     | 1.7      |
|    ent_coef        | 0.0266   |
|    ent_coef_loss   | 0.0955   |
|    learning_rate   | 0.0003   |
|    n_updates       | 382343   |
---------------------------------
---------------------------------
| rollout/           |          |
|    ep_len_mean     | 1e+03    |
|    ep_rew_mean     | 1.29e+03 |
| time/              |          |
|    episodes        | 388      |
|    fps             | 76       |
|    time_elapsed    | 5089     |
|    total_timesteps | 387344   |
| train/             |          |
|    actor_loss      | -180     |
|    critic_loss     | 1.23     |
|    ent_coef        | 0.0291   |
|    ent_coef_loss   | -0.0518  |
|    learning_rate   | 0.0003   |
|    n_updates       | 386343   |
---------------------------------
---------------------------------
| rollout/           |          |
|    ep_len_mean     | 1e+03    |
|    ep_rew_mean     | 1.3e+03  |
| time/              |          |
|    episodes        | 392      |
|    fps             | 75       |
|    time_elapsed    | 5158     |
|    total_timesteps | 391344   |
| train/             |          |
|    actor_loss      | -159     |
|    critic_loss     | 1.72     |
|    ent_coef        | 0.0228   |
|    ent_coef_loss   | -1.27    |
|    learning_rate   | 0.0003   |
|    n_updates       | 390343   |
---------------------------------
---------------------------------
| rollout/           |          |
|    ep_len_mean     | 1e+03    |
|    ep_rew_mean     | 1.3e+03  |
| time/              |          |
|    episodes        | 396      |
|    fps             | 75       |
|    time_elapsed    | 5225     |
|    total_timesteps | 395344   |
| train/             |          |
|    actor_loss      | -183     |
|    critic_loss     | 0.77     |
|    ent_coef        | 0.0322   |
|    ent_coef_loss   | -0.143   |
|    learning_rate   | 0.0003   |
|    n_updates       | 394343   |
---------------------------------
---------------------------------
| rollout/           |          |
|    ep_len_mean     | 1e+03    |
|    ep_rew_mean     | 1.4e+03  |
| time/              |          |
|    episodes        | 400      |
|    fps             | 75       |
|    time_elapsed    | 5294     |
|    total_timesteps | 399344   |
| train/             |          |
|    actor_loss      | -186     |
|    critic_loss     | 1.11     |
|    ent_coef        | 0.0268   |
|    ent_coef_loss   | -1.44    |
|    learning_rate   | 0.0003   |
|    n_updates       | 398343   |
---------------------------------
---------------------------------
| rollout/           |          |
|    ep_len_mean     | 1e+03    |
|    ep_rew_mean     | 1.5e+03  |
| time/              |          |
|    episodes        | 404      |
|    fps             | 75       |
|    time_elapsed    | 5360     |
|    total_timesteps | 403344   |
| train/             |          |
|    actor_loss      | -230     |
|    critic_loss     | 4.87     |
|    ent_coef        | 0.0388   |
|    ent_coef_loss   | -1.42    |
|    learning_rate   | 0.0003   |
|    n_updates       | 402343   |
---------------------------------
---------------------------------
| rollout/           |          |
|    ep_len_mean     | 1e+03    |
|    ep_rew_mean     | 1.61e+03 |
| time/              |          |
|    episodes        | 408      |
|    fps             | 75       |
|    time_elapsed    | 5426     |
|    total_timesteps | 407344   |
| train/             |          |
|    actor_loss      | -207     |
|    critic_loss     | 1.02     |
|    ent_coef        | 0.0469   |
|    ent_coef_loss   | 1.41     |
|    learning_rate   | 0.0003   |
|    n_updates       | 406343   |
---------------------------------
---------------------------------
| rollout/           |          |
|    ep_len_mean     | 1e+03    |
|    ep_rew_mean     | 1.82e+03 |
| time/              |          |
|    episodes        | 412      |
|    fps             | 74       |
|    time_elapsed    | 5493     |
|    total_timesteps | 411344   |
| train/             |          |
|    actor_loss      | -179     |
|    critic_loss     | 2.36     |
|    ent_coef        | 0.0504   |
|    ent_coef_loss   | -1.14    |
|    learning_rate   | 0.0003   |
|    n_updates       | 410343   |
---------------------------------
---------------------------------
| rollout/           |          |
|    ep_len_mean     | 1e+03    |
|    ep_rew_mean     | 1.82e+03 |
| time/              |          |
|    episodes        | 416      |
|    fps             | 74       |
|    time_elapsed    | 5561     |
|    total_timesteps | 415344   |
| train/             |          |
|    actor_loss      | -203     |
|    critic_loss     | 165      |
|    ent_coef        | 0.0407   |
|    ent_coef_loss   | 0.0209   |
|    learning_rate   | 0.0003   |
|    n_updates       | 414343   |
---------------------------------
---------------------------------
| rollout/           |          |
|    ep_len_mean     | 1e+03    |
|    ep_rew_mean     | 1.81e+03 |
| time/              |          |
|    episodes        | 420      |
|    fps             | 74       |
|    time_elapsed    | 5629     |
|    total_timesteps | 419344   |
| train/             |          |
|    actor_loss      | -235     |
|    critic_loss     | 0.591    |
|    ent_coef        | 0.0369   |
|    ent_coef_loss   | -3.66    |
|    learning_rate   | 0.0003   |
|    n_updates       | 418343   |
---------------------------------
---------------------------------
| rollout/           |          |
|    ep_len_mean     | 1e+03    |
|    ep_rew_mean     | 1.96e+03 |
| time/              |          |
|    episodes        | 424      |
|    fps             | 74       |
|    time_elapsed    | 5697     |
|    total_timesteps | 423344   |
| train/             |          |
|    actor_loss      | -205     |
|    critic_loss     | 4.59     |
|    ent_coef        | 0.0274   |
|    ent_coef_loss   | 1.34     |
|    learning_rate   | 0.0003   |
|    n_updates       | 422343   |
---------------------------------
---------------------------------
| rollout/           |          |
|    ep_len_mean     | 1e+03    |
|    ep_rew_mean     | 1.93e+03 |
| time/              |          |
|    episodes        | 428      |
|    fps             | 74       |
|    time_elapsed    | 5764     |
|    total_timesteps | 427344   |
| train/             |          |
|    actor_loss      | -217     |
|    critic_loss     | 0.618    |
|    ent_coef        | 0.0214   |
|    ent_coef_loss   | -0.598   |
|    learning_rate   | 0.0003   |
|    n_updates       | 426343   |
---------------------------------
---------------------------------
| rollout/           |          |
|    ep_len_mean     | 1e+03    |
|    ep_rew_mean     | 1.93e+03 |
| time/              |          |
|    episodes        | 432      |
|    fps             | 73       |
|    time_elapsed    | 5832     |
|    total_timesteps | 431344   |
| train/             |          |
|    actor_loss      | -287     |
|    critic_loss     | 0.926    |
|    ent_coef        | 0.0242   |
|    ent_coef_loss   | -0.151   |
|    learning_rate   | 0.0003   |
|    n_updates       | 430343   |
---------------------------------
---------------------------------
| rollout/           |          |
|    ep_len_mean     | 1e+03    |
|    ep_rew_mean     | 2.07e+03 |
| time/              |          |
|    episodes        | 436      |
|    fps             | 73       |
|    time_elapsed    | 5903     |
|    total_timesteps | 435344   |
| train/             |          |
|    actor_loss      | -223     |
|    critic_loss     | 1.06     |
|    ent_coef        | 0.0263   |
|    ent_coef_loss   | 1.81     |
|    learning_rate   | 0.0003   |
|    n_updates       | 434343   |
---------------------------------
---------------------------------
| rollout/           |          |
|    ep_len_mean     | 1e+03    |
|    ep_rew_mean     | 2.06e+03 |
| time/              |          |
|    episodes        | 440      |
|    fps             | 73       |
|    time_elapsed    | 5976     |
|    total_timesteps | 439344   |
| train/             |          |
|    actor_loss      | -275     |
|    critic_loss     | 2.53     |
|    ent_coef        | 0.0262   |
|    ent_coef_loss   | 1.07     |
|    learning_rate   | 0.0003   |
|    n_updates       | 438343   |
---------------------------------
---------------------------------
| rollout/           |          |
|    ep_len_mean     | 1e+03    |
|    ep_rew_mean     | 2.08e+03 |
| time/              |          |
|    episodes        | 444      |
|    fps             | 73       |
|    time_elapsed    | 6048     |
|    total_timesteps | 443344   |
| train/             |          |
|    actor_loss      | -243     |
|    critic_loss     | 2.62     |
|    ent_coef        | 0.023    |
|    ent_coef_loss   | 0.143    |
|    learning_rate   | 0.0003   |
|    n_updates       | 442343   |
---------------------------------
---------------------------------
| rollout/           |          |
|    ep_len_mean     | 1e+03    |
|    ep_rew_mean     | 2.14e+03 |
| time/              |          |
|    episodes        | 448      |
|    fps             | 73       |
|    time_elapsed    | 6118     |
|    total_timesteps | 447344   |
| train/             |          |
|    actor_loss      | -273     |
|    critic_loss     | 117      |
|    ent_coef        | 0.0271   |
|    ent_coef_loss   | 0.947    |
|    learning_rate   | 0.0003   |
|    n_updates       | 446343   |
---------------------------------
---------------------------------
| rollout/           |          |
|    ep_len_mean     | 1e+03    |
|    ep_rew_mean     | 2.56e+03 |
| time/              |          |
|    episodes        | 452      |
|    fps             | 72       |
|    time_elapsed    | 6188     |
|    total_timesteps | 451344   |
| train/             |          |
|    actor_loss      | -263     |
|    critic_loss     | 74       |
|    ent_coef        | 0.0297   |
|    ent_coef_loss   | -0.0678  |
|    learning_rate   | 0.0003   |
|    n_updates       | 450343   |
---------------------------------
---------------------------------
| rollout/           |          |
|    ep_len_mean     | 1e+03    |
|    ep_rew_mean     | 2.51e+03 |
| time/              |          |
|    episodes        | 456      |
|    fps             | 72       |
|    time_elapsed    | 6257     |
|    total_timesteps | 455344   |
| train/             |          |
|    actor_loss      | -275     |
|    critic_loss     | 1.31     |
|    ent_coef        | 0.0267   |
|    ent_coef_loss   | -1.54    |
|    learning_rate   | 0.0003   |
|    n_updates       | 454343   |
---------------------------------
---------------------------------
| rollout/           |          |
|    ep_len_mean     | 1e+03    |
|    ep_rew_mean     | 2.73e+03 |
| time/              |          |
|    episodes        | 460      |
|    fps             | 72       |
|    time_elapsed    | 6327     |
|    total_timesteps | 459344   |
| train/             |          |
|    actor_loss      | -259     |
|    critic_loss     | 3.93     |
|    ent_coef        | 0.0233   |
|    ent_coef_loss   | 0.313    |
|    learning_rate   | 0.0003   |
|    n_updates       | 458343   |
---------------------------------
---------------------------------
| rollout/           |          |
|    ep_len_mean     | 1e+03    |
|    ep_rew_mean     | 2.66e+03 |
| time/              |          |
|    episodes        | 464      |
|    fps             | 72       |
|    time_elapsed    | 6399     |
|    total_timesteps | 463344   |
| train/             |          |
|    actor_loss      | -335     |
|    critic_loss     | 1.05     |
|    ent_coef        | 0.0264   |
|    ent_coef_loss   | 0.329    |
|    learning_rate   | 0.0003   |
|    n_updates       | 462343   |
---------------------------------
---------------------------------
| rollout/           |          |
|    ep_len_mean     | 1e+03    |
|    ep_rew_mean     | 2.66e+03 |
| time/              |          |
|    episodes        | 468      |
|    fps             | 72       |
|    time_elapsed    | 6470     |
|    total_timesteps | 467344   |
| train/             |          |
|    actor_loss      | -231     |
|    critic_loss     | 0.671    |
|    ent_coef        | 0.0217   |
|    ent_coef_loss   | -0.427   |
|    learning_rate   | 0.0003   |
|    n_updates       | 466343   |
---------------------------------
---------------------------------
| rollout/           |          |
|    ep_len_mean     | 1e+03    |
|    ep_rew_mean     | 2.66e+03 |
| time/              |          |
|    episodes        | 472      |
|    fps             | 72       |
|    time_elapsed    | 6541     |
|    total_timesteps | 471344   |
| train/             |          |
|    actor_loss      | -291     |
|    critic_loss     | 1.33     |
|    ent_coef        | 0.0243   |
|    ent_coef_loss   | 0.545    |
|    learning_rate   | 0.0003   |
|    n_updates       | 470343   |
---------------------------------
---------------------------------
| rollout/           |          |
|    ep_len_mean     | 1e+03    |
|    ep_rew_mean     | 2.67e+03 |
| time/              |          |
|    episodes        | 476      |
|    fps             | 71       |
|    time_elapsed    | 6613     |
|    total_timesteps | 475344   |
| train/             |          |
|    actor_loss      | -317     |
|    critic_loss     | 1.52     |
|    ent_coef        | 0.0252   |
|    ent_coef_loss   | -1.15    |
|    learning_rate   | 0.0003   |
|    n_updates       | 474343   |
---------------------------------
---------------------------------
| rollout/           |          |
|    ep_len_mean     | 1e+03    |
|    ep_rew_mean     | 2.63e+03 |
| time/              |          |
|    episodes        | 480      |
|    fps             | 71       |
|    time_elapsed    | 6684     |
|    total_timesteps | 479344   |
| train/             |          |
|    actor_loss      | -305     |
|    critic_loss     | 1.1      |
|    ent_coef        | 0.0207   |
|    ent_coef_loss   | -0.00351 |
|    learning_rate   | 0.0003   |
|    n_updates       | 478343   |
---------------------------------
---------------------------------
| rollout/           |          |
|    ep_len_mean     | 1e+03    |
|    ep_rew_mean     | 2.62e+03 |
| time/              |          |
|    episodes        | 484      |
|    fps             | 71       |
|    time_elapsed    | 6754     |
|    total_timesteps | 483344   |
| train/             |          |
|    actor_loss      | -270     |
|    critic_loss     | 2.85     |
|    ent_coef        | 0.0254   |
|    ent_coef_loss   | 0.93     |
|    learning_rate   | 0.0003   |
|    n_updates       | 482343   |
---------------------------------
---------------------------------
| rollout/           |          |
|    ep_len_mean     | 1e+03    |
|    ep_rew_mean     | 2.73e+03 |
| time/              |          |
|    episodes        | 488      |
|    fps             | 71       |
|    time_elapsed    | 6827     |
|    total_timesteps | 487344   |
| train/             |          |
|    actor_loss      | -294     |
|    critic_loss     | 0.295    |
|    ent_coef        | 0.0255   |
|    ent_coef_loss   | -0.176   |
|    learning_rate   | 0.0003   |
|    n_updates       | 486343   |
---------------------------------
---------------------------------
| rollout/           |          |
|    ep_len_mean     | 1e+03    |
|    ep_rew_mean     | 2.72e+03 |
| time/              |          |
|    episodes        | 492      |
|    fps             | 71       |
|    time_elapsed    | 6898     |
|    total_timesteps | 491344   |
| train/             |          |
|    actor_loss      | -308     |
|    critic_loss     | 0.345    |
|    ent_coef        | 0.0198   |
|    ent_coef_loss   | 0.356    |
|    learning_rate   | 0.0003   |
|    n_updates       | 490343   |
---------------------------------
---------------------------------
| rollout/           |          |
|    ep_len_mean     | 1e+03    |
|    ep_rew_mean     | 2.73e+03 |
| time/              |          |
|    episodes        | 496      |
|    fps             | 71       |
|    time_elapsed    | 6970     |
|    total_timesteps | 495344   |
| train/             |          |
|    actor_loss      | -281     |
|    critic_loss     | 0.853    |
|    ent_coef        | 0.0241   |
|    ent_coef_loss   | 0.607    |
|    learning_rate   | 0.0003   |
|    n_updates       | 494343   |
---------------------------------
---------------------------------
| rollout/           |          |
|    ep_len_mean     | 1e+03    |
|    ep_rew_mean     | 2.64e+03 |
| time/              |          |
|    episodes        | 500      |
|    fps             | 70       |
|    time_elapsed    | 7041     |
|    total_timesteps | 499344   |
| train/             |          |
|    actor_loss      | -331     |
|    critic_loss     | 0.888    |
|    ent_coef        | 0.0335   |
|    ent_coef_loss   | 2.1      |
|    learning_rate   | 0.0003   |
|    n_updates       | 498343   |
---------------------------------
[2026-06-24T00:24:44] Training complete in 7053.3s
[2026-06-24T00:24:44] Episodes: 500
[2026-06-24T00:24:44] Best reward: 12504.87
[2026-06-24T00:24:44] Mean reward (100ep): 2635.31
[2026-06-24T00:24:44] Final goal tolerance: 0.6
[2026-06-24T00:24:44] Curriculum stage: 0
[2026-06-24T00:24:44] Saved: {'model': 'C:\\Users\\ranjo\\OneDrive\\Desktop\\ARM-Model\\project_assets\\outputs\\Parallel_Seeds\\seed_021\\sac_model', 'history': 'C:\\Users\\ranjo\\OneDrive\\Desktop\\ARM-Model\\project_assets\\outputs\\Parallel_Seeds\\seed_021\\training_history.csv', 'stats': 'C:\\Users\\ranjo\\OneDrive\\Desktop\\ARM-Model\\project_assets\\outputs\\Parallel_Seeds\\seed_021\\training_stats.json'}
[2026-06-24T00:24:44] Running Fitts' Law sweep (10 trials per condition)...
[2026-06-24T00:25:10] Fitts sweep complete in 26.7s
[2026-06-24T00:25:10] Fitts: MT = -0.0532 + +0.0928 * ID, R^2 = 0.6903 (n_conditions = 21, trials_per_condition = 10)
[2026-06-24T00:25:11] Saved: C:\Users\ranjo\OneDrive\Desktop\ARM-Model\project_assets\outputs\Parallel_Seeds\seed_021\fitts_law.json
[2026-06-24T00:25:11] Saved: C:\Users\ranjo\OneDrive\Desktop\ARM-Model\project_assets\outputs\Parallel_Seeds\seed_021\fitts_law.png
[2026-06-24T00:25:11] Running 2/3 Power Law sweep (20 trials)...
[2026-06-24T00:25:13] Power Law sweep complete in 1.9s
[2026-06-24T00:25:13] Power Law: log V = -0.4473 + -0.6810 * log C, R = -0.4212, R^2 = 0.1774 (n_samples = 3502, n_trials = 0/20)
[2026-06-24T00:25:13] Saved: C:\Users\ranjo\OneDrive\Desktop\ARM-Model\project_assets\outputs\Parallel_Seeds\seed_021\power_law.json
[2026-06-24T00:25:13] Saved: C:\Users\ranjo\OneDrive\Desktop\ARM-Model\project_assets\outputs\Parallel_Seeds\seed_021\power_law.png
[2026-06-24T00:25:13] Session complete. Total wall time: 1:58:03.431705
[2026-06-24T00:25:13] ============================================================
