[2026-06-22T12:19:08] Starting Fischer session: algorithm=SAC, timesteps=500,000, direction=EAST, actuation=muscle, waypoints=[[2.3, -1.0], [1.0, 1.5], [2.5, 0.0]]
[2026-06-22T12:19:08] Save dir: C:\Users\ranjo\OneDrive\Desktop\ARM-Model\project_assets\outputs\Parallel_Seeds\seed_004
[2026-06-22T12:19:08] Waypoint mode active: 3 waypoints, current_waypoint_index=0 at every episode reset
Using cpu device
Wrapping the env with a `Monitor` wrapper
Wrapping the env in a DummyVecEnv.
----------------------------------
| rollout/           |           |
|    ep_len_mean     | 1e+03     |
|    ep_rew_mean     | -4.77e+03 |
| time/              |           |
|    episodes        | 4         |
|    fps             | 95        |
|    time_elapsed    | 41        |
|    total_timesteps | 4000      |
| train/             |           |
|    actor_loss      | 42.3      |
|    critic_loss     | 1.16      |
|    ent_coef        | 0.412     |
|    ent_coef_loss   | -5.41     |
|    learning_rate   | 0.0003    |
|    n_updates       | 2999      |
----------------------------------
---------------------------------
| rollout/           |          |
|    ep_len_mean     | 1e+03    |
|    ep_rew_mean     | -2.7e+03 |
| time/              |          |
|    episodes        | 8        |
|    fps             | 77       |
|    time_elapsed    | 103      |
|    total_timesteps | 8000     |
| train/             |          |
|    actor_loss      | 41.2     |
|    critic_loss     | 2.37     |
|    ent_coef        | 0.164    |
|    ent_coef_loss   | -2.79    |
|    learning_rate   | 0.0003   |
|    n_updates       | 6999     |
---------------------------------
----------------------------------
| rollout/           |           |
|    ep_len_mean     | 1e+03     |
|    ep_rew_mean     | -1.43e+03 |
| time/              |           |
|    episodes        | 12        |
|    fps             | 73        |
|    time_elapsed    | 162       |
|    total_timesteps | 12000     |
| train/             |           |
|    actor_loss      | 2.06      |
|    critic_loss     | 12.1      |
|    ent_coef        | 0.146     |
|    ent_coef_loss   | -0.458    |
|    learning_rate   | 0.0003    |
|    n_updates       | 10999     |
----------------------------------
----------------------------------
| rollout/           |           |
|    ep_len_mean     | 1e+03     |
|    ep_rew_mean     | -1.08e+03 |
| time/              |           |
|    episodes        | 16        |
|    fps             | 71        |
|    time_elapsed    | 223       |
|    total_timesteps | 16000     |
| train/             |           |
|    actor_loss      | -22.3     |
|    critic_loss     | 10.4      |
|    ent_coef        | 0.209     |
|    ent_coef_loss   | 1.07      |
|    learning_rate   | 0.0003    |
|    n_updates       | 14999     |
----------------------------------
----------------------------------
| rollout/           |           |
|    ep_len_mean     | 1e+03     |
|    ep_rew_mean     | -1.28e+03 |
| time/              |           |
|    episodes        | 20        |
|    fps             | 71        |
|    time_elapsed    | 280       |
|    total_timesteps | 20000     |
| train/             |           |
|    actor_loss      | -42.4     |
|    critic_loss     | 6.52      |
|    ent_coef        | 0.214     |
|    ent_coef_loss   | -0.102    |
|    learning_rate   | 0.0003    |
|    n_updates       | 18999     |
----------------------------------
----------------------------------
| rollout/           |           |
|    ep_len_mean     | 1e+03     |
|    ep_rew_mean     | -1.79e+03 |
| time/              |           |
|    episodes        | 24        |
|    fps             | 70        |
|    time_elapsed    | 341       |
|    total_timesteps | 24000     |
| train/             |           |
|    actor_loss      | -37.2     |
|    critic_loss     | 6.11      |
|    ent_coef        | 0.186     |
|    ent_coef_loss   | 0.0891    |
|    learning_rate   | 0.0003    |
|    n_updates       | 22999     |
----------------------------------
---------------------------------
| rollout/           |          |
|    ep_len_mean     | 1e+03    |
|    ep_rew_mean     | -1.6e+03 |
| time/              |          |
|    episodes        | 28       |
|    fps             | 69       |
|    time_elapsed    | 401      |
|    total_timesteps | 28000    |
| train/             |          |
|    actor_loss      | -58.3    |
|    critic_loss     | 5.47     |
|    ent_coef        | 0.183    |
|    ent_coef_loss   | 0.318    |
|    learning_rate   | 0.0003   |
|    n_updates       | 26999    |
---------------------------------
----------------------------------
| rollout/           |           |
|    ep_len_mean     | 1e+03     |
|    ep_rew_mean     | -1.51e+03 |
| time/              |           |
|    episodes        | 32        |
|    fps             | 69        |
|    time_elapsed    | 462       |
|    total_timesteps | 32000     |
| train/             |           |
|    actor_loss      | -35.9     |
|    critic_loss     | 6.23      |
|    ent_coef        | 0.203     |
|    ent_coef_loss   | -0.379    |
|    learning_rate   | 0.0003    |
|    n_updates       | 30999     |
----------------------------------
----------------------------------
| rollout/           |           |
|    ep_len_mean     | 1e+03     |
|    ep_rew_mean     | -1.41e+03 |
| time/              |           |
|    episodes        | 36        |
|    fps             | 68        |
|    time_elapsed    | 526       |
|    total_timesteps | 36000     |
| train/             |           |
|    actor_loss      | -27.7     |
|    critic_loss     | 15.2      |
|    ent_coef        | 0.212     |
|    ent_coef_loss   | 0.0678    |
|    learning_rate   | 0.0003    |
|    n_updates       | 34999     |
----------------------------------
----------------------------------
| rollout/           |           |
|    ep_len_mean     | 1e+03     |
|    ep_rew_mean     | -1.33e+03 |
| time/              |           |
|    episodes        | 40        |
|    fps             | 68        |
|    time_elapsed    | 586       |
|    total_timesteps | 40000     |
| train/             |           |
|    actor_loss      | -37.6     |
|    critic_loss     | 7.61      |
|    ent_coef        | 0.196     |
|    ent_coef_loss   | 0.0831    |
|    learning_rate   | 0.0003    |
|    n_updates       | 38999     |
----------------------------------
----------------------------------
| rollout/           |           |
|    ep_len_mean     | 1e+03     |
|    ep_rew_mean     | -1.23e+03 |
| time/              |           |
|    episodes        | 44        |
|    fps             | 68        |
|    time_elapsed    | 644       |
|    total_timesteps | 44000     |
| train/             |           |
|    actor_loss      | -35.7     |
|    critic_loss     | 18        |
|    ent_coef        | 0.253     |
|    ent_coef_loss   | 0.178     |
|    learning_rate   | 0.0003    |
|    n_updates       | 42999     |
----------------------------------
----------------------------------
| rollout/           |           |
|    ep_len_mean     | 1e+03     |
|    ep_rew_mean     | -1.15e+03 |
| time/              |           |
|    episodes        | 48        |
|    fps             | 68        |
|    time_elapsed    | 698       |
|    total_timesteps | 48000     |
| train/             |           |
|    actor_loss      | -16.3     |
|    critic_loss     | 4.22      |
|    ent_coef        | 0.236     |
|    ent_coef_loss   | -0.273    |
|    learning_rate   | 0.0003    |
|    n_updates       | 46999     |
----------------------------------
----------------------------------
| rollout/           |           |
|    ep_len_mean     | 1e+03     |
|    ep_rew_mean     | -1.11e+03 |
| time/              |           |
|    episodes        | 52        |
|    fps             | 69        |
|    time_elapsed    | 752       |
|    total_timesteps | 52000     |
| train/             |           |
|    actor_loss      | -24       |
|    critic_loss     | 22.8      |
|    ent_coef        | 0.248     |
|    ent_coef_loss   | 0.921     |
|    learning_rate   | 0.0003    |
|    n_updates       | 50999     |
----------------------------------
----------------------------------
| rollout/           |           |
|    ep_len_mean     | 1e+03     |
|    ep_rew_mean     | -1.07e+03 |
| time/              |           |
|    episodes        | 56        |
|    fps             | 69        |
|    time_elapsed    | 808       |
|    total_timesteps | 56000     |
| train/             |           |
|    actor_loss      | -29.8     |
|    critic_loss     | 2.75      |
|    ent_coef        | 0.162     |
|    ent_coef_loss   | -0.367    |
|    learning_rate   | 0.0003    |
|    n_updates       | 54999     |
----------------------------------
----------------------------------
| rollout/           |           |
|    ep_len_mean     | 1e+03     |
|    ep_rew_mean     | -1.06e+03 |
| time/              |           |
|    episodes        | 60        |
|    fps             | 68        |
|    time_elapsed    | 870       |
|    total_timesteps | 60000     |
| train/             |           |
|    actor_loss      | -19.3     |
|    critic_loss     | 3.68      |
|    ent_coef        | 0.174     |
|    ent_coef_loss   | 0.273     |
|    learning_rate   | 0.0003    |
|    n_updates       | 58999     |
----------------------------------
----------------------------------
| rollout/           |           |
|    ep_len_mean     | 1e+03     |
|    ep_rew_mean     | -1.05e+03 |
| time/              |           |
|    episodes        | 64        |
|    fps             | 68        |
|    time_elapsed    | 932       |
|    total_timesteps | 64000     |
| train/             |           |
|    actor_loss      | -36.2     |
|    critic_loss     | 3.56      |
|    ent_coef        | 0.156     |
|    ent_coef_loss   | 0.333     |
|    learning_rate   | 0.0003    |
|    n_updates       | 62999     |
----------------------------------
---------------------------------
| rollout/           |          |
|    ep_len_mean     | 1e+03    |
|    ep_rew_mean     | -992     |
| time/              |          |
|    episodes        | 68       |
|    fps             | 68       |
|    time_elapsed    | 994      |
|    total_timesteps | 68000    |
| train/             |          |
|    actor_loss      | -19.5    |
|    critic_loss     | 1.81     |
|    ent_coef        | 0.15     |
|    ent_coef_loss   | -0.764   |
|    learning_rate   | 0.0003   |
|    n_updates       | 66999    |
---------------------------------
---------------------------------
| rollout/           |          |
|    ep_len_mean     | 1e+03    |
|    ep_rew_mean     | -929     |
| time/              |          |
|    episodes        | 72       |
|    fps             | 67       |
|    time_elapsed    | 1058     |
|    total_timesteps | 72000    |
| train/             |          |
|    actor_loss      | -13      |
|    critic_loss     | 5.36     |
|    ent_coef        | 0.126    |
|    ent_coef_loss   | 1.04     |
|    learning_rate   | 0.0003   |
|    n_updates       | 70999    |
---------------------------------
---------------------------------
| rollout/           |          |
|    ep_len_mean     | 1e+03    |
|    ep_rew_mean     | -894     |
| time/              |          |
|    episodes        | 76       |
|    fps             | 67       |
|    time_elapsed    | 1125     |
|    total_timesteps | 76000    |
| train/             |          |
|    actor_loss      | -18.7    |
|    critic_loss     | 2.27     |
|    ent_coef        | 0.107    |
|    ent_coef_loss   | -1.34    |
|    learning_rate   | 0.0003   |
|    n_updates       | 74999    |
---------------------------------
---------------------------------
| rollout/           |          |
|    ep_len_mean     | 1e+03    |
|    ep_rew_mean     | -847     |
| time/              |          |
|    episodes        | 80       |
|    fps             | 67       |
|    time_elapsed    | 1187     |
|    total_timesteps | 80000    |
| train/             |          |
|    actor_loss      | -21      |
|    critic_loss     | 2.38     |
|    ent_coef        | 0.102    |
|    ent_coef_loss   | 0.371    |
|    learning_rate   | 0.0003   |
|    n_updates       | 78999    |
---------------------------------
---------------------------------
| rollout/           |          |
|    ep_len_mean     | 1e+03    |
|    ep_rew_mean     | -800     |
| time/              |          |
|    episodes        | 84       |
|    fps             | 67       |
|    time_elapsed    | 1250     |
|    total_timesteps | 84000    |
| train/             |          |
|    actor_loss      | -20.7    |
|    critic_loss     | 3.1      |
|    ent_coef        | 0.149    |
|    ent_coef_loss   | -0.347   |
|    learning_rate   | 0.0003   |
|    n_updates       | 82999    |
---------------------------------
---------------------------------
| rollout/           |          |
|    ep_len_mean     | 1e+03    |
|    ep_rew_mean     | -762     |
| time/              |          |
|    episodes        | 88       |
|    fps             | 67       |
|    time_elapsed    | 1309     |
|    total_timesteps | 88000    |
| train/             |          |
|    actor_loss      | -16.2    |
|    critic_loss     | 2.24     |
|    ent_coef        | 0.127    |
|    ent_coef_loss   | 0.184    |
|    learning_rate   | 0.0003   |
|    n_updates       | 86999    |
---------------------------------
---------------------------------
| rollout/           |          |
|    ep_len_mean     | 1e+03    |
|    ep_rew_mean     | -717     |
| time/              |          |
|    episodes        | 92       |
|    fps             | 67       |
|    time_elapsed    | 1368     |
|    total_timesteps | 92000    |
| train/             |          |
|    actor_loss      | -32.8    |
|    critic_loss     | 2.51     |
|    ent_coef        | 0.12     |
|    ent_coef_loss   | -0.0432  |
|    learning_rate   | 0.0003   |
|    n_updates       | 90999    |
---------------------------------
---------------------------------
| rollout/           |          |
|    ep_len_mean     | 1e+03    |
|    ep_rew_mean     | -684     |
| time/              |          |
|    episodes        | 96       |
|    fps             | 67       |
|    time_elapsed    | 1429     |
|    total_timesteps | 96000    |
| train/             |          |
|    actor_loss      | -28.3    |
|    critic_loss     | 1.75     |
|    ent_coef        | 0.114    |
|    ent_coef_loss   | 0.497    |
|    learning_rate   | 0.0003   |
|    n_updates       | 94999    |
---------------------------------
---------------------------------
| rollout/           |          |
|    ep_len_mean     | 1e+03    |
|    ep_rew_mean     | -659     |
| time/              |          |
|    episodes        | 100      |
|    fps             | 67       |
|    time_elapsed    | 1491     |
|    total_timesteps | 100000   |
| train/             |          |
|    actor_loss      | -28      |
|    critic_loss     | 2.37     |
|    ent_coef        | 0.116    |
|    ent_coef_loss   | 0.282    |
|    learning_rate   | 0.0003   |
|    n_updates       | 98999    |
---------------------------------
---------------------------------
| rollout/           |          |
|    ep_len_mean     | 1e+03    |
|    ep_rew_mean     | -473     |
| time/              |          |
|    episodes        | 104      |
|    fps             | 67       |
|    time_elapsed    | 1551     |
|    total_timesteps | 104000   |
| train/             |          |
|    actor_loss      | -23.6    |
|    critic_loss     | 3.14     |
|    ent_coef        | 0.147    |
|    ent_coef_loss   | -0.285   |
|    learning_rate   | 0.0003   |
|    n_updates       | 102999   |
---------------------------------
---------------------------------
| rollout/           |          |
|    ep_len_mean     | 1e+03    |
|    ep_rew_mean     | -436     |
| time/              |          |
|    episodes        | 108      |
|    fps             | 66       |
|    time_elapsed    | 1614     |
|    total_timesteps | 108000   |
| train/             |          |
|    actor_loss      | -32.2    |
|    critic_loss     | 1.5      |
|    ent_coef        | 0.128    |
|    ent_coef_loss   | 0.0843   |
|    learning_rate   | 0.0003   |
|    n_updates       | 106999   |
---------------------------------
---------------------------------
| rollout/           |          |
|    ep_len_mean     | 1e+03    |
|    ep_rew_mean     | -469     |
| time/              |          |
|    episodes        | 112      |
|    fps             | 66       |
|    time_elapsed    | 1692     |
|    total_timesteps | 112000   |
| train/             |          |
|    actor_loss      | -32.4    |
|    critic_loss     | 2.39     |
|    ent_coef        | 0.119    |
|    ent_coef_loss   | 0.129    |
|    learning_rate   | 0.0003   |
|    n_updates       | 110999   |
---------------------------------
---------------------------------
| rollout/           |          |
|    ep_len_mean     | 1e+03    |
|    ep_rew_mean     | -470     |
| time/              |          |
|    episodes        | 116      |
|    fps             | 66       |
|    time_elapsed    | 1751     |
|    total_timesteps | 116000   |
| train/             |          |
|    actor_loss      | -47.8    |
|    critic_loss     | 2.71     |
|    ent_coef        | 0.136    |
|    ent_coef_loss   | -0.642   |
|    learning_rate   | 0.0003   |
|    n_updates       | 114999   |
---------------------------------
---------------------------------
| rollout/           |          |
|    ep_len_mean     | 1e+03    |
|    ep_rew_mean     | -369     |
| time/              |          |
|    episodes        | 120      |
|    fps             | 66       |
|    time_elapsed    | 1814     |
|    total_timesteps | 120000   |
| train/             |          |
|    actor_loss      | -28.5    |
|    critic_loss     | 2.94     |
|    ent_coef        | 0.124    |
|    ent_coef_loss   | 0.162    |
|    learning_rate   | 0.0003   |
|    n_updates       | 118999   |
---------------------------------
---------------------------------
| rollout/           |          |
|    ep_len_mean     | 1e+03    |
|    ep_rew_mean     | -179     |
| time/              |          |
|    episodes        | 124      |
|    fps             | 66       |
|    time_elapsed    | 1876     |
|    total_timesteps | 124000   |
| train/             |          |
|    actor_loss      | -27      |
|    critic_loss     | 3.43     |
|    ent_coef        | 0.112    |
|    ent_coef_loss   | 0.119    |
|    learning_rate   | 0.0003   |
|    n_updates       | 122999   |
---------------------------------
---------------------------------
| rollout/           |          |
|    ep_len_mean     | 1e+03    |
|    ep_rew_mean     | -132     |
| time/              |          |
|    episodes        | 128      |
|    fps             | 65       |
|    time_elapsed    | 1940     |
|    total_timesteps | 128000   |
| train/             |          |
|    actor_loss      | -52.7    |
|    critic_loss     | 1.24     |
|    ent_coef        | 0.12     |
|    ent_coef_loss   | 0.803    |
|    learning_rate   | 0.0003   |
|    n_updates       | 126999   |
---------------------------------
---------------------------------
| rollout/           |          |
|    ep_len_mean     | 1e+03    |
|    ep_rew_mean     | -69.7    |
| time/              |          |
|    episodes        | 132      |
|    fps             | 66       |
|    time_elapsed    | 1998     |
|    total_timesteps | 132000   |
| train/             |          |
|    actor_loss      | -33.7    |
|    critic_loss     | 1.97     |
|    ent_coef        | 0.135    |
|    ent_coef_loss   | 0.418    |
|    learning_rate   | 0.0003   |
|    n_updates       | 130999   |
---------------------------------
---------------------------------
| rollout/           |          |
|    ep_len_mean     | 1e+03    |
|    ep_rew_mean     | -16.6    |
| time/              |          |
|    episodes        | 136      |
|    fps             | 65       |
|    time_elapsed    | 2061     |
|    total_timesteps | 136000   |
| train/             |          |
|    actor_loss      | -47.2    |
|    critic_loss     | 4        |
|    ent_coef        | 0.189    |
|    ent_coef_loss   | 0.212    |
|    learning_rate   | 0.0003   |
|    n_updates       | 134999   |
---------------------------------
---------------------------------
| rollout/           |          |
|    ep_len_mean     | 1e+03    |
|    ep_rew_mean     | 31.5     |
| time/              |          |
|    episodes        | 140      |
|    fps             | 65       |
|    time_elapsed    | 2123     |
|    total_timesteps | 140000   |
| train/             |          |
|    actor_loss      | -48.4    |
|    critic_loss     | 13.4     |
|    ent_coef        | 0.191    |
|    ent_coef_loss   | -0.186   |
|    learning_rate   | 0.0003   |
|    n_updates       | 138999   |
---------------------------------
---------------------------------
| rollout/           |          |
|    ep_len_mean     | 1e+03    |
|    ep_rew_mean     | 67.4     |
| time/              |          |
|    episodes        | 144      |
|    fps             | 65       |
|    time_elapsed    | 2185     |
|    total_timesteps | 144000   |
| train/             |          |
|    actor_loss      | -37.8    |
|    critic_loss     | 1.61     |
|    ent_coef        | 0.186    |
|    ent_coef_loss   | 0.228    |
|    learning_rate   | 0.0003   |
|    n_updates       | 142999   |
---------------------------------
---------------------------------
| rollout/           |          |
|    ep_len_mean     | 1e+03    |
|    ep_rew_mean     | 102      |
| time/              |          |
|    episodes        | 148      |
|    fps             | 65       |
|    time_elapsed    | 2247     |
|    total_timesteps | 148000   |
| train/             |          |
|    actor_loss      | -44.3    |
|    critic_loss     | 2.12     |
|    ent_coef        | 0.171    |
|    ent_coef_loss   | -0.0711  |
|    learning_rate   | 0.0003   |
|    n_updates       | 146999   |
---------------------------------
---------------------------------
| rollout/           |          |
|    ep_len_mean     | 1e+03    |
|    ep_rew_mean     | 143      |
| time/              |          |
|    episodes        | 152      |
|    fps             | 65       |
|    time_elapsed    | 2309     |
|    total_timesteps | 152000   |
| train/             |          |
|    actor_loss      | -34.6    |
|    critic_loss     | 1.89     |
|    ent_coef        | 0.18     |
|    ent_coef_loss   | -0.282   |
|    learning_rate   | 0.0003   |
|    n_updates       | 150999   |
---------------------------------
---------------------------------
| rollout/           |          |
|    ep_len_mean     | 1e+03    |
|    ep_rew_mean     | 179      |
| time/              |          |
|    episodes        | 156      |
|    fps             | 65       |
|    time_elapsed    | 2371     |
|    total_timesteps | 156000   |
| train/             |          |
|    actor_loss      | -44.4    |
|    critic_loss     | 1.62     |
|    ent_coef        | 0.161    |
|    ent_coef_loss   | 0.204    |
|    learning_rate   | 0.0003   |
|    n_updates       | 154999   |
---------------------------------
---------------------------------
| rollout/           |          |
|    ep_len_mean     | 1e+03    |
|    ep_rew_mean     | 234      |
| time/              |          |
|    episodes        | 160      |
|    fps             | 65       |
|    time_elapsed    | 2432     |
|    total_timesteps | 160000   |
| train/             |          |
|    actor_loss      | -34.2    |
|    critic_loss     | 1.83     |
|    ent_coef        | 0.154    |
|    ent_coef_loss   | -0.267   |
|    learning_rate   | 0.0003   |
|    n_updates       | 158999   |
---------------------------------
---------------------------------
| rollout/           |          |
|    ep_len_mean     | 1e+03    |
|    ep_rew_mean     | 283      |
| time/              |          |
|    episodes        | 164      |
|    fps             | 65       |
|    time_elapsed    | 2494     |
|    total_timesteps | 164000   |
| train/             |          |
|    actor_loss      | -55.5    |
|    critic_loss     | 1.75     |
|    ent_coef        | 0.116    |
|    ent_coef_loss   | -0.426   |
|    learning_rate   | 0.0003   |
|    n_updates       | 162999   |
---------------------------------
---------------------------------
| rollout/           |          |
|    ep_len_mean     | 1e+03    |
|    ep_rew_mean     | 303      |
| time/              |          |
|    episodes        | 168      |
|    fps             | 65       |
|    time_elapsed    | 2556     |
|    total_timesteps | 168000   |
| train/             |          |
|    actor_loss      | -53.2    |
|    critic_loss     | 1.27     |
|    ent_coef        | 0.132    |
|    ent_coef_loss   | -0.0607  |
|    learning_rate   | 0.0003   |
|    n_updates       | 166999   |
---------------------------------
---------------------------------
| rollout/           |          |
|    ep_len_mean     | 1e+03    |
|    ep_rew_mean     | 325      |
| time/              |          |
|    episodes        | 172      |
|    fps             | 65       |
|    time_elapsed    | 2606     |
|    total_timesteps | 172000   |
| train/             |          |
|    actor_loss      | -49.6    |
|    critic_loss     | 1.58     |
|    ent_coef        | 0.128    |
|    ent_coef_loss   | 0.494    |
|    learning_rate   | 0.0003   |
|    n_updates       | 170999   |
---------------------------------
---------------------------------
| rollout/           |          |
|    ep_len_mean     | 1e+03    |
|    ep_rew_mean     | 358      |
| time/              |          |
|    episodes        | 176      |
|    fps             | 66       |
|    time_elapsed    | 2656     |
|    total_timesteps | 176000   |
| train/             |          |
|    actor_loss      | -52.8    |
|    critic_loss     | 6.41     |
|    ent_coef        | 0.11     |
|    ent_coef_loss   | 0.572    |
|    learning_rate   | 0.0003   |
|    n_updates       | 174999   |
---------------------------------
---------------------------------
| rollout/           |          |
|    ep_len_mean     | 1e+03    |
|    ep_rew_mean     | 380      |
| time/              |          |
|    episodes        | 180      |
|    fps             | 66       |
|    time_elapsed    | 2706     |
|    total_timesteps | 180000   |
| train/             |          |
|    actor_loss      | -52.2    |
|    critic_loss     | 0.952    |
|    ent_coef        | 0.096    |
|    ent_coef_loss   | 1.45     |
|    learning_rate   | 0.0003   |
|    n_updates       | 178999   |
---------------------------------
---------------------------------
| rollout/           |          |
|    ep_len_mean     | 1e+03    |
|    ep_rew_mean     | 391      |
| time/              |          |
|    episodes        | 184      |
|    fps             | 66       |
|    time_elapsed    | 2755     |
|    total_timesteps | 184000   |
| train/             |          |
|    actor_loss      | -44.7    |
|    critic_loss     | 3.93     |
|    ent_coef        | 0.0927   |
|    ent_coef_loss   | 0.0441   |
|    learning_rate   | 0.0003   |
|    n_updates       | 182999   |
---------------------------------
---------------------------------
| rollout/           |          |
|    ep_len_mean     | 1e+03    |
|    ep_rew_mean     | 394      |
| time/              |          |
|    episodes        | 188      |
|    fps             | 66       |
|    time_elapsed    | 2806     |
|    total_timesteps | 188000   |
| train/             |          |
|    actor_loss      | -53.7    |
|    critic_loss     | 1.29     |
|    ent_coef        | 0.0804   |
|    ent_coef_loss   | 0.0614   |
|    learning_rate   | 0.0003   |
|    n_updates       | 186999   |
---------------------------------
---------------------------------
| rollout/           |          |
|    ep_len_mean     | 1e+03    |
|    ep_rew_mean     | 404      |
| time/              |          |
|    episodes        | 192      |
|    fps             | 67       |
|    time_elapsed    | 2856     |
|    total_timesteps | 192000   |
| train/             |          |
|    actor_loss      | -58.9    |
|    critic_loss     | 1.93     |
|    ent_coef        | 0.0786   |
|    ent_coef_loss   | 0.159    |
|    learning_rate   | 0.0003   |
|    n_updates       | 190999   |
---------------------------------
---------------------------------
| rollout/           |          |
|    ep_len_mean     | 1e+03    |
|    ep_rew_mean     | 423      |
| time/              |          |
|    episodes        | 196      |
|    fps             | 67       |
|    time_elapsed    | 2906     |
|    total_timesteps | 196000   |
| train/             |          |
|    actor_loss      | -53.1    |
|    critic_loss     | 1.29     |
|    ent_coef        | 0.0944   |
|    ent_coef_loss   | -0.443   |
|    learning_rate   | 0.0003   |
|    n_updates       | 194999   |
---------------------------------
---------------------------------
| rollout/           |          |
|    ep_len_mean     | 1e+03    |
|    ep_rew_mean     | 442      |
| time/              |          |
|    episodes        | 200      |
|    fps             | 67       |
|    time_elapsed    | 2956     |
|    total_timesteps | 200000   |
| train/             |          |
|    actor_loss      | -44.2    |
|    critic_loss     | 1.84     |
|    ent_coef        | 0.0962   |
|    ent_coef_loss   | 1.92     |
|    learning_rate   | 0.0003   |
|    n_updates       | 198999   |
---------------------------------
---------------------------------
| rollout/           |          |
|    ep_len_mean     | 1e+03    |
|    ep_rew_mean     | 476      |
| time/              |          |
|    episodes        | 204      |
|    fps             | 67       |
|    time_elapsed    | 3006     |
|    total_timesteps | 204000   |
| train/             |          |
|    actor_loss      | -58      |
|    critic_loss     | 0.936    |
|    ent_coef        | 0.0915   |
|    ent_coef_loss   | -0.646   |
|    learning_rate   | 0.0003   |
|    n_updates       | 202999   |
---------------------------------
---------------------------------
| rollout/           |          |
|    ep_len_mean     | 1e+03    |
|    ep_rew_mean     | 489      |
| time/              |          |
|    episodes        | 208      |
|    fps             | 68       |
|    time_elapsed    | 3056     |
|    total_timesteps | 208000   |
| train/             |          |
|    actor_loss      | -49.7    |
|    critic_loss     | 1.03     |
|    ent_coef        | 0.0784   |
|    ent_coef_loss   | -0.00212 |
|    learning_rate   | 0.0003   |
|    n_updates       | 206999   |
---------------------------------
---------------------------------
| rollout/           |          |
|    ep_len_mean     | 1e+03    |
|    ep_rew_mean     | 508      |
| time/              |          |
|    episodes        | 212      |
|    fps             | 68       |
|    time_elapsed    | 3106     |
|    total_timesteps | 212000   |
| train/             |          |
|    actor_loss      | -47.1    |
|    critic_loss     | 0.887    |
|    ent_coef        | 0.0756   |
|    ent_coef_loss   | -0.0242  |
|    learning_rate   | 0.0003   |
|    n_updates       | 210999   |
---------------------------------
---------------------------------
| rollout/           |          |
|    ep_len_mean     | 1e+03    |
|    ep_rew_mean     | 541      |
| time/              |          |
|    episodes        | 216      |
|    fps             | 68       |
|    time_elapsed    | 3157     |
|    total_timesteps | 216000   |
| train/             |          |
|    actor_loss      | -57.4    |
|    critic_loss     | 0.691    |
|    ent_coef        | 0.0694   |
|    ent_coef_loss   | 0.289    |
|    learning_rate   | 0.0003   |
|    n_updates       | 214999   |
---------------------------------
---------------------------------
| rollout/           |          |
|    ep_len_mean     | 1e+03    |
|    ep_rew_mean     | 530      |
| time/              |          |
|    episodes        | 220      |
|    fps             | 68       |
|    time_elapsed    | 3207     |
|    total_timesteps | 220000   |
| train/             |          |
|    actor_loss      | -52.1    |
|    critic_loss     | 0.89     |
|    ent_coef        | 0.0811   |
|    ent_coef_loss   | -0.014   |
|    learning_rate   | 0.0003   |
|    n_updates       | 218999   |
---------------------------------
---------------------------------
| rollout/           |          |
|    ep_len_mean     | 1e+03    |
|    ep_rew_mean     | 505      |
| time/              |          |
|    episodes        | 224      |
|    fps             | 68       |
|    time_elapsed    | 3257     |
|    total_timesteps | 224000   |
| train/             |          |
|    actor_loss      | -65.5    |
|    critic_loss     | 2.66     |
|    ent_coef        | 0.0711   |
|    ent_coef_loss   | -1.72    |
|    learning_rate   | 0.0003   |
|    n_updates       | 222999   |
---------------------------------
---------------------------------
| rollout/           |          |
|    ep_len_mean     | 1e+03    |
|    ep_rew_mean     | 459      |
| time/              |          |
|    episodes        | 228      |
|    fps             | 68       |
|    time_elapsed    | 3307     |
|    total_timesteps | 228000   |
| train/             |          |
|    actor_loss      | -74      |
|    critic_loss     | 0.607    |
|    ent_coef        | 0.0594   |
|    ent_coef_loss   | 0.25     |
|    learning_rate   | 0.0003   |
|    n_updates       | 226999   |
---------------------------------
---------------------------------
| rollout/           |          |
|    ep_len_mean     | 1e+03    |
|    ep_rew_mean     | 410      |
| time/              |          |
|    episodes        | 232      |
|    fps             | 69       |
|    time_elapsed    | 3358     |
|    total_timesteps | 232000   |
| train/             |          |
|    actor_loss      | -74.6    |
|    critic_loss     | 1.05     |
|    ent_coef        | 0.0684   |
|    ent_coef_loss   | -0.54    |
|    learning_rate   | 0.0003   |
|    n_updates       | 230999   |
---------------------------------
---------------------------------
| rollout/           |          |
|    ep_len_mean     | 1e+03    |
|    ep_rew_mean     | 359      |
| time/              |          |
|    episodes        | 236      |
|    fps             | 69       |
|    time_elapsed    | 3409     |
|    total_timesteps | 236000   |
| train/             |          |
|    actor_loss      | -73.8    |
|    critic_loss     | 1.76     |
|    ent_coef        | 0.0729   |
|    ent_coef_loss   | 1.21     |
|    learning_rate   | 0.0003   |
|    n_updates       | 234999   |
---------------------------------
---------------------------------
| rollout/           |          |
|    ep_len_mean     | 1e+03    |
|    ep_rew_mean     | 310      |
| time/              |          |
|    episodes        | 240      |
|    fps             | 69       |
|    time_elapsed    | 3459     |
|    total_timesteps | 240000   |
| train/             |          |
|    actor_loss      | -73.9    |
|    critic_loss     | 0.648    |
|    ent_coef        | 0.0784   |
|    ent_coef_loss   | 0.108    |
|    learning_rate   | 0.0003   |
|    n_updates       | 238999   |
---------------------------------
---------------------------------
| rollout/           |          |
|    ep_len_mean     | 1e+03    |
|    ep_rew_mean     | 264      |
| time/              |          |
|    episodes        | 244      |
|    fps             | 69       |
|    time_elapsed    | 3510     |
|    total_timesteps | 244000   |
| train/             |          |
|    actor_loss      | -71.9    |
|    critic_loss     | 1.12     |
|    ent_coef        | 0.0839   |
|    ent_coef_loss   | 0.94     |
|    learning_rate   | 0.0003   |
|    n_updates       | 242999   |
---------------------------------
---------------------------------
| rollout/           |          |
|    ep_len_mean     | 1e+03    |
|    ep_rew_mean     | 244      |
| time/              |          |
|    episodes        | 248      |
|    fps             | 69       |
|    time_elapsed    | 3562     |
|    total_timesteps | 248000   |
| train/             |          |
|    actor_loss      | -69.9    |
|    critic_loss     | 0.62     |
|    ent_coef        | 0.0774   |
|    ent_coef_loss   | 0.681    |
|    learning_rate   | 0.0003   |
|    n_updates       | 246999   |
---------------------------------
---------------------------------
| rollout/           |          |
|    ep_len_mean     | 1e+03    |
|    ep_rew_mean     | 206      |
| time/              |          |
|    episodes        | 252      |
|    fps             | 69       |
|    time_elapsed    | 3612     |
|    total_timesteps | 252000   |
| train/             |          |
|    actor_loss      | -75.4    |
|    critic_loss     | 1.33     |
|    ent_coef        | 0.0677   |
|    ent_coef_loss   | -1.07    |
|    learning_rate   | 0.0003   |
|    n_updates       | 250999   |
---------------------------------
---------------------------------
| rollout/           |          |
|    ep_len_mean     | 1e+03    |
|    ep_rew_mean     | 163      |
| time/              |          |
|    episodes        | 256      |
|    fps             | 69       |
|    time_elapsed    | 3663     |
|    total_timesteps | 256000   |
| train/             |          |
|    actor_loss      | -68.3    |
|    critic_loss     | 0.77     |
|    ent_coef        | 0.0534   |
|    ent_coef_loss   | -1.35    |
|    learning_rate   | 0.0003   |
|    n_updates       | 254999   |
---------------------------------
---------------------------------
| rollout/           |          |
|    ep_len_mean     | 1e+03    |
|    ep_rew_mean     | 160      |
| time/              |          |
|    episodes        | 260      |
|    fps             | 69       |
|    time_elapsed    | 3715     |
|    total_timesteps | 260000   |
| train/             |          |
|    actor_loss      | -71.8    |
|    critic_loss     | 6.78     |
|    ent_coef        | 0.0461   |
|    ent_coef_loss   | 0.195    |
|    learning_rate   | 0.0003   |
|    n_updates       | 258999   |
---------------------------------
---------------------------------
| rollout/           |          |
|    ep_len_mean     | 1e+03    |
|    ep_rew_mean     | 159      |
| time/              |          |
|    episodes        | 264      |
|    fps             | 70       |
|    time_elapsed    | 3766     |
|    total_timesteps | 264000   |
| train/             |          |
|    actor_loss      | -63.1    |
|    critic_loss     | 0.64     |
|    ent_coef        | 0.0534   |
|    ent_coef_loss   | 3.3      |
|    learning_rate   | 0.0003   |
|    n_updates       | 262999   |
---------------------------------
---------------------------------
| rollout/           |          |
|    ep_len_mean     | 1e+03    |
|    ep_rew_mean     | 166      |
| time/              |          |
|    episodes        | 268      |
|    fps             | 70       |
|    time_elapsed    | 3816     |
|    total_timesteps | 268000   |
| train/             |          |
|    actor_loss      | -70.1    |
|    critic_loss     | 1.4      |
|    ent_coef        | 0.0535   |
|    ent_coef_loss   | -2.38    |
|    learning_rate   | 0.0003   |
|    n_updates       | 266999   |
---------------------------------
---------------------------------
| rollout/           |          |
|    ep_len_mean     | 1e+03    |
|    ep_rew_mean     | 158      |
| time/              |          |
|    episodes        | 272      |
|    fps             | 70       |
|    time_elapsed    | 3867     |
|    total_timesteps | 272000   |
| train/             |          |
|    actor_loss      | -62.1    |
|    critic_loss     | 0.322    |
|    ent_coef        | 0.0423   |
|    ent_coef_loss   | -2.25    |
|    learning_rate   | 0.0003   |
|    n_updates       | 270999   |
---------------------------------
---------------------------------
| rollout/           |          |
|    ep_len_mean     | 1e+03    |
|    ep_rew_mean     | 165      |
| time/              |          |
|    episodes        | 276      |
|    fps             | 70       |
|    time_elapsed    | 3919     |
|    total_timesteps | 276000   |
| train/             |          |
|    actor_loss      | -61.9    |
|    critic_loss     | 2.42     |
|    ent_coef        | 0.0377   |
|    ent_coef_loss   | -2.32    |
|    learning_rate   | 0.0003   |
|    n_updates       | 274999   |
---------------------------------
---------------------------------
| rollout/           |          |
|    ep_len_mean     | 1e+03    |
|    ep_rew_mean     | 159      |
| time/              |          |
|    episodes        | 280      |
|    fps             | 70       |
|    time_elapsed    | 3970     |
|    total_timesteps | 280000   |
| train/             |          |
|    actor_loss      | -64.5    |
|    critic_loss     | 0.994    |
|    ent_coef        | 0.0454   |
|    ent_coef_loss   | 6.69     |
|    learning_rate   | 0.0003   |
|    n_updates       | 278999   |
---------------------------------
---------------------------------
| rollout/           |          |
|    ep_len_mean     | 1e+03    |
|    ep_rew_mean     | 147      |
| time/              |          |
|    episodes        | 284      |
|    fps             | 70       |
|    time_elapsed    | 4021     |
|    total_timesteps | 284000   |
| train/             |          |
|    actor_loss      | -74.2    |
|    critic_loss     | 0.429    |
|    ent_coef        | 0.0647   |
|    ent_coef_loss   | -0.624   |
|    learning_rate   | 0.0003   |
|    n_updates       | 282999   |
---------------------------------
---------------------------------
| rollout/           |          |
|    ep_len_mean     | 1e+03    |
|    ep_rew_mean     | 158      |
| time/              |          |
|    episodes        | 288      |
|    fps             | 70       |
|    time_elapsed    | 4073     |
|    total_timesteps | 288000   |
| train/             |          |
|    actor_loss      | -72.6    |
|    critic_loss     | 3.16     |
|    ent_coef        | 0.031    |
|    ent_coef_loss   | 1.74     |
|    learning_rate   | 0.0003   |
|    n_updates       | 286999   |
---------------------------------
---------------------------------
| rollout/           |          |
|    ep_len_mean     | 1e+03    |
|    ep_rew_mean     | 158      |
| time/              |          |
|    episodes        | 292      |
|    fps             | 70       |
|    time_elapsed    | 4124     |
|    total_timesteps | 292000   |
| train/             |          |
|    actor_loss      | -80.2    |
|    critic_loss     | 0.69     |
|    ent_coef        | 0.0884   |
|    ent_coef_loss   | 0.874    |
|    learning_rate   | 0.0003   |
|    n_updates       | 290999   |
---------------------------------
---------------------------------
| rollout/           |          |
|    ep_len_mean     | 1e+03    |
|    ep_rew_mean     | 169      |
| time/              |          |
|    episodes        | 296      |
|    fps             | 70       |
|    time_elapsed    | 4175     |
|    total_timesteps | 296000   |
| train/             |          |
|    actor_loss      | -78.7    |
|    critic_loss     | 0.703    |
|    ent_coef        | 0.0499   |
|    ent_coef_loss   | 0.0962   |
|    learning_rate   | 0.0003   |
|    n_updates       | 294999   |
---------------------------------
---------------------------------
| rollout/           |          |
|    ep_len_mean     | 1e+03    |
|    ep_rew_mean     | 186      |
| time/              |          |
|    episodes        | 300      |
|    fps             | 70       |
|    time_elapsed    | 4226     |
|    total_timesteps | 300000   |
| train/             |          |
|    actor_loss      | -86.3    |
|    critic_loss     | 1.29     |
|    ent_coef        | 0.056    |
|    ent_coef_loss   | -1.32    |
|    learning_rate   | 0.0003   |
|    n_updates       | 298999   |
---------------------------------
---------------------------------
| rollout/           |          |
|    ep_len_mean     | 1e+03    |
|    ep_rew_mean     | 192      |
| time/              |          |
|    episodes        | 304      |
|    fps             | 71       |
|    time_elapsed    | 4278     |
|    total_timesteps | 304000   |
| train/             |          |
|    actor_loss      | -85.9    |
|    critic_loss     | 0.322    |
|    ent_coef        | 0.0468   |
|    ent_coef_loss   | 0.372    |
|    learning_rate   | 0.0003   |
|    n_updates       | 302999   |
---------------------------------
---------------------------------
| rollout/           |          |
|    ep_len_mean     | 1e+03    |
|    ep_rew_mean     | 200      |
| time/              |          |
|    episodes        | 308      |
|    fps             | 71       |
|    time_elapsed    | 4329     |
|    total_timesteps | 308000   |
| train/             |          |
|    actor_loss      | -89.7    |
|    critic_loss     | 1.67     |
|    ent_coef        | 0.0518   |
|    ent_coef_loss   | -0.334   |
|    learning_rate   | 0.0003   |
|    n_updates       | 306999   |
---------------------------------
---------------------------------
| rollout/           |          |
|    ep_len_mean     | 1e+03    |
|    ep_rew_mean     | 202      |
| time/              |          |
|    episodes        | 312      |
|    fps             | 71       |
|    time_elapsed    | 4382     |
|    total_timesteps | 312000   |
| train/             |          |
|    actor_loss      | -96.8    |
|    critic_loss     | 0.413    |
|    ent_coef        | 0.0446   |
|    ent_coef_loss   | -0.329   |
|    learning_rate   | 0.0003   |
|    n_updates       | 310999   |
---------------------------------
---------------------------------
| rollout/           |          |
|    ep_len_mean     | 1e+03    |
|    ep_rew_mean     | 201      |
| time/              |          |
|    episodes        | 316      |
|    fps             | 71       |
|    time_elapsed    | 4434     |
|    total_timesteps | 316000   |
| train/             |          |
|    actor_loss      | -91.6    |
|    critic_loss     | 0.957    |
|    ent_coef        | 0.0496   |
|    ent_coef_loss   | -3.48    |
|    learning_rate   | 0.0003   |
|    n_updates       | 314999   |
---------------------------------
---------------------------------
| rollout/           |          |
|    ep_len_mean     | 1e+03    |
|    ep_rew_mean     | 215      |
| time/              |          |
|    episodes        | 320      |
|    fps             | 71       |
|    time_elapsed    | 4486     |
|    total_timesteps | 320000   |
| train/             |          |
|    actor_loss      | -91.5    |
|    critic_loss     | 0.305    |
|    ent_coef        | 0.0425   |
|    ent_coef_loss   | -1.74    |
|    learning_rate   | 0.0003   |
|    n_updates       | 318999   |
---------------------------------
---------------------------------
| rollout/           |          |
|    ep_len_mean     | 1e+03    |
|    ep_rew_mean     | 237      |
| time/              |          |
|    episodes        | 324      |
|    fps             | 71       |
|    time_elapsed    | 4537     |
|    total_timesteps | 324000   |
| train/             |          |
|    actor_loss      | -90.8    |
|    critic_loss     | 1.8      |
|    ent_coef        | 0.039    |
|    ent_coef_loss   | -0.565   |
|    learning_rate   | 0.0003   |
|    n_updates       | 322999   |
---------------------------------
---------------------------------
| rollout/           |          |
|    ep_len_mean     | 1e+03    |
|    ep_rew_mean     | 276      |
| time/              |          |
|    episodes        | 328      |
|    fps             | 71       |
|    time_elapsed    | 4589     |
|    total_timesteps | 328000   |
| train/             |          |
|    actor_loss      | -86.3    |
|    critic_loss     | 1.97     |
|    ent_coef        | 0.0306   |
|    ent_coef_loss   | 1.31     |
|    learning_rate   | 0.0003   |
|    n_updates       | 326999   |
---------------------------------
---------------------------------
| rollout/           |          |
|    ep_len_mean     | 1e+03    |
|    ep_rew_mean     | 319      |
| time/              |          |
|    episodes        | 332      |
|    fps             | 71       |
|    time_elapsed    | 4641     |
|    total_timesteps | 332000   |
| train/             |          |
|    actor_loss      | -90.3    |
|    critic_loss     | 0.845    |
|    ent_coef        | 0.0432   |
|    ent_coef_loss   | 0.632    |
|    learning_rate   | 0.0003   |
|    n_updates       | 330999   |
---------------------------------
---------------------------------
| rollout/           |          |
|    ep_len_mean     | 1e+03    |
|    ep_rew_mean     | 371      |
| time/              |          |
|    episodes        | 336      |
|    fps             | 71       |
|    time_elapsed    | 4692     |
|    total_timesteps | 336000   |
| train/             |          |
|    actor_loss      | -95.3    |
|    critic_loss     | 1.07     |
|    ent_coef        | 0.0445   |
|    ent_coef_loss   | -0.221   |
|    learning_rate   | 0.0003   |
|    n_updates       | 334999   |
---------------------------------
---------------------------------
| rollout/           |          |
|    ep_len_mean     | 1e+03    |
|    ep_rew_mean     | 419      |
| time/              |          |
|    episodes        | 340      |
|    fps             | 71       |
|    time_elapsed    | 4744     |
|    total_timesteps | 340000   |
| train/             |          |
|    actor_loss      | -85.4    |
|    critic_loss     | 0.732    |
|    ent_coef        | 0.046    |
|    ent_coef_loss   | 0.456    |
|    learning_rate   | 0.0003   |
|    n_updates       | 338999   |
---------------------------------
---------------------------------
| rollout/           |          |
|    ep_len_mean     | 1e+03    |
|    ep_rew_mean     | 461      |
| time/              |          |
|    episodes        | 344      |
|    fps             | 71       |
|    time_elapsed    | 4797     |
|    total_timesteps | 344000   |
| train/             |          |
|    actor_loss      | -90.5    |
|    critic_loss     | 2.16     |
|    ent_coef        | 0.0485   |
|    ent_coef_loss   | 1.46     |
|    learning_rate   | 0.0003   |
|    n_updates       | 342999   |
---------------------------------
---------------------------------
| rollout/           |          |
|    ep_len_mean     | 1e+03    |
|    ep_rew_mean     | 492      |
| time/              |          |
|    episodes        | 348      |
|    fps             | 71       |
|    time_elapsed    | 4849     |
|    total_timesteps | 348000   |
| train/             |          |
|    actor_loss      | -88      |
|    critic_loss     | 0.348    |
|    ent_coef        | 0.0397   |
|    ent_coef_loss   | -0.938   |
|    learning_rate   | 0.0003   |
|    n_updates       | 346999   |
---------------------------------
---------------------------------
| rollout/           |          |
|    ep_len_mean     | 1e+03    |
|    ep_rew_mean     | 543      |
| time/              |          |
|    episodes        | 352      |
|    fps             | 71       |
|    time_elapsed    | 4900     |
|    total_timesteps | 352000   |
| train/             |          |
|    actor_loss      | -90.6    |
|    critic_loss     | 1.14     |
|    ent_coef        | 0.0407   |
|    ent_coef_loss   | -1.2     |
|    learning_rate   | 0.0003   |
|    n_updates       | 350999   |
---------------------------------
---------------------------------
| rollout/           |          |
|    ep_len_mean     | 1e+03    |
|    ep_rew_mean     | 603      |
| time/              |          |
|    episodes        | 356      |
|    fps             | 71       |
|    time_elapsed    | 4953     |
|    total_timesteps | 356000   |
| train/             |          |
|    actor_loss      | -91.5    |
|    critic_loss     | 0.239    |
|    ent_coef        | 0.0335   |
|    ent_coef_loss   | -1.21    |
|    learning_rate   | 0.0003   |
|    n_updates       | 354999   |
---------------------------------
---------------------------------
| rollout/           |          |
|    ep_len_mean     | 1e+03    |
|    ep_rew_mean     | 618      |
| time/              |          |
|    episodes        | 360      |
|    fps             | 71       |
|    time_elapsed    | 5006     |
|    total_timesteps | 360000   |
| train/             |          |
|    actor_loss      | -93      |
|    critic_loss     | 1.61     |
|    ent_coef        | 0.0384   |
|    ent_coef_loss   | -2.31    |
|    learning_rate   | 0.0003   |
|    n_updates       | 358999   |
---------------------------------
---------------------------------
| rollout/           |          |
|    ep_len_mean     | 1e+03    |
|    ep_rew_mean     | 622      |
| time/              |          |
|    episodes        | 364      |
|    fps             | 71       |
|    time_elapsed    | 5058     |
|    total_timesteps | 364000   |
| train/             |          |
|    actor_loss      | -92.2    |
|    critic_loss     | 0.549    |
|    ent_coef        | 0.0413   |
|    ent_coef_loss   | 0.318    |
|    learning_rate   | 0.0003   |
|    n_updates       | 362999   |
---------------------------------
---------------------------------
| rollout/           |          |
|    ep_len_mean     | 1e+03    |
|    ep_rew_mean     | 570      |
| time/              |          |
|    episodes        | 368      |
|    fps             | 72       |
|    time_elapsed    | 5110     |
|    total_timesteps | 368000   |
| train/             |          |
|    actor_loss      | -90.5    |
|    critic_loss     | 1        |
|    ent_coef        | 0.0446   |
|    ent_coef_loss   | 0.386    |
|    learning_rate   | 0.0003   |
|    n_updates       | 366999   |
---------------------------------
---------------------------------
| rollout/           |          |
|    ep_len_mean     | 1e+03    |
|    ep_rew_mean     | 561      |
| time/              |          |
|    episodes        | 372      |
|    fps             | 72       |
|    time_elapsed    | 5163     |
|    total_timesteps | 372000   |
| train/             |          |
|    actor_loss      | -96.1    |
|    critic_loss     | 2.17     |
|    ent_coef        | 0.0406   |
|    ent_coef_loss   | 0.141    |
|    learning_rate   | 0.0003   |
|    n_updates       | 370999   |
---------------------------------
---------------------------------
| rollout/           |          |
|    ep_len_mean     | 1e+03    |
|    ep_rew_mean     | 566      |
| time/              |          |
|    episodes        | 376      |
|    fps             | 72       |
|    time_elapsed    | 5215     |
|    total_timesteps | 376000   |
| train/             |          |
|    actor_loss      | -89.3    |
|    critic_loss     | 1.66     |
|    ent_coef        | 0.0353   |
|    ent_coef_loss   | 0.118    |
|    learning_rate   | 0.0003   |
|    n_updates       | 374999   |
---------------------------------
---------------------------------
| rollout/           |          |
|    ep_len_mean     | 1e+03    |
|    ep_rew_mean     | 583      |
| time/              |          |
|    episodes        | 380      |
|    fps             | 72       |
|    time_elapsed    | 5266     |
|    total_timesteps | 380000   |
| train/             |          |
|    actor_loss      | -90.1    |
|    critic_loss     | 0.882    |
|    ent_coef        | 0.0357   |
|    ent_coef_loss   | -1.08    |
|    learning_rate   | 0.0003   |
|    n_updates       | 378999   |
---------------------------------
---------------------------------
| rollout/           |          |
|    ep_len_mean     | 1e+03    |
|    ep_rew_mean     | 616      |
| time/              |          |
|    episodes        | 384      |
|    fps             | 72       |
|    time_elapsed    | 5318     |
|    total_timesteps | 384000   |
| train/             |          |
|    actor_loss      | -91.9    |
|    critic_loss     | 2.46     |
|    ent_coef        | 0.0355   |
|    ent_coef_loss   | 0.865    |
|    learning_rate   | 0.0003   |
|    n_updates       | 382999   |
---------------------------------
---------------------------------
| rollout/           |          |
|    ep_len_mean     | 1e+03    |
|    ep_rew_mean     | 631      |
| time/              |          |
|    episodes        | 388      |
|    fps             | 72       |
|    time_elapsed    | 5371     |
|    total_timesteps | 388000   |
| train/             |          |
|    actor_loss      | -90.4    |
|    critic_loss     | 0.563    |
|    ent_coef        | 0.0298   |
|    ent_coef_loss   | 0.0698   |
|    learning_rate   | 0.0003   |
|    n_updates       | 386999   |
---------------------------------
---------------------------------
| rollout/           |          |
|    ep_len_mean     | 1e+03    |
|    ep_rew_mean     | 647      |
| time/              |          |
|    episodes        | 392      |
|    fps             | 72       |
|    time_elapsed    | 5422     |
|    total_timesteps | 392000   |
| train/             |          |
|    actor_loss      | -95.6    |
|    critic_loss     | 0.64     |
|    ent_coef        | 0.0343   |
|    ent_coef_loss   | 0.215    |
|    learning_rate   | 0.0003   |
|    n_updates       | 390999   |
---------------------------------
---------------------------------
| rollout/           |          |
|    ep_len_mean     | 1e+03    |
|    ep_rew_mean     | 650      |
| time/              |          |
|    episodes        | 396      |
|    fps             | 72       |
|    time_elapsed    | 5474     |
|    total_timesteps | 396000   |
| train/             |          |
|    actor_loss      | -86      |
|    critic_loss     | 1.5      |
|    ent_coef        | 0.0334   |
|    ent_coef_loss   | 1.98     |
|    learning_rate   | 0.0003   |
|    n_updates       | 394999   |
---------------------------------
---------------------------------
| rollout/           |          |
|    ep_len_mean     | 1e+03    |
|    ep_rew_mean     | 617      |
| time/              |          |
|    episodes        | 400      |
|    fps             | 72       |
|    time_elapsed    | 5527     |
|    total_timesteps | 400000   |
| train/             |          |
|    actor_loss      | -94      |
|    critic_loss     | 0.495    |
|    ent_coef        | 0.0299   |
|    ent_coef_loss   | 0.261    |
|    learning_rate   | 0.0003   |
|    n_updates       | 398999   |
---------------------------------
---------------------------------
| rollout/           |          |
|    ep_len_mean     | 1e+03    |
|    ep_rew_mean     | 612      |
| time/              |          |
|    episodes        | 404      |
|    fps             | 72       |
|    time_elapsed    | 5579     |
|    total_timesteps | 404000   |
| train/             |          |
|    actor_loss      | -86.3    |
|    critic_loss     | 0.281    |
|    ent_coef        | 0.0299   |
|    ent_coef_loss   | 0.529    |
|    learning_rate   | 0.0003   |
|    n_updates       | 402999   |
---------------------------------
---------------------------------
| rollout/           |          |
|    ep_len_mean     | 1e+03    |
|    ep_rew_mean     | 612      |
| time/              |          |
|    episodes        | 408      |
|    fps             | 72       |
|    time_elapsed    | 5630     |
|    total_timesteps | 408000   |
| train/             |          |
|    actor_loss      | -95.6    |
|    critic_loss     | 0.183    |
|    ent_coef        | 0.0358   |
|    ent_coef_loss   | -0.212   |
|    learning_rate   | 0.0003   |
|    n_updates       | 406999   |
---------------------------------
---------------------------------
| rollout/           |          |
|    ep_len_mean     | 1e+03    |
|    ep_rew_mean     | 617      |
| time/              |          |
|    episodes        | 412      |
|    fps             | 72       |
|    time_elapsed    | 5683     |
|    total_timesteps | 412000   |
| train/             |          |
|    actor_loss      | -91.5    |
|    critic_loss     | 0.637    |
|    ent_coef        | 0.0423   |
|    ent_coef_loss   | 0.0928   |
|    learning_rate   | 0.0003   |
|    n_updates       | 410999   |
---------------------------------
---------------------------------
| rollout/           |          |
|    ep_len_mean     | 1e+03    |
|    ep_rew_mean     | 623      |
| time/              |          |
|    episodes        | 416      |
|    fps             | 72       |
|    time_elapsed    | 5737     |
|    total_timesteps | 416000   |
| train/             |          |
|    actor_loss      | -87.2    |
|    critic_loss     | 0.156    |
|    ent_coef        | 0.0414   |
|    ent_coef_loss   | 0.146    |
|    learning_rate   | 0.0003   |
|    n_updates       | 414999   |
---------------------------------
---------------------------------
| rollout/           |          |
|    ep_len_mean     | 1e+03    |
|    ep_rew_mean     | 637      |
| time/              |          |
|    episodes        | 420      |
|    fps             | 72       |
|    time_elapsed    | 5792     |
|    total_timesteps | 420000   |
| train/             |          |
|    actor_loss      | -90.5    |
|    critic_loss     | 0.992    |
|    ent_coef        | 0.0363   |
|    ent_coef_loss   | 1.76     |
|    learning_rate   | 0.0003   |
|    n_updates       | 418999   |
---------------------------------
---------------------------------
| rollout/           |          |
|    ep_len_mean     | 1e+03    |
|    ep_rew_mean     | 653      |
| time/              |          |
|    episodes        | 424      |
|    fps             | 72       |
|    time_elapsed    | 5845     |
|    total_timesteps | 424000   |
| train/             |          |
|    actor_loss      | -84.3    |
|    critic_loss     | 0.363    |
|    ent_coef        | 0.0355   |
|    ent_coef_loss   | 0.775    |
|    learning_rate   | 0.0003   |
|    n_updates       | 422999   |
---------------------------------
---------------------------------
| rollout/           |          |
|    ep_len_mean     | 1e+03    |
|    ep_rew_mean     | 662      |
| time/              |          |
|    episodes        | 428      |
|    fps             | 72       |
|    time_elapsed    | 5900     |
|    total_timesteps | 428000   |
| train/             |          |
|    actor_loss      | -87.5    |
|    critic_loss     | 0.471    |
|    ent_coef        | 0.035    |
|    ent_coef_loss   | -0.277   |
|    learning_rate   | 0.0003   |
|    n_updates       | 426999   |
---------------------------------
---------------------------------
| rollout/           |          |
|    ep_len_mean     | 1e+03    |
|    ep_rew_mean     | 666      |
| time/              |          |
|    episodes        | 432      |
|    fps             | 72       |
|    time_elapsed    | 5953     |
|    total_timesteps | 432000   |
| train/             |          |
|    actor_loss      | -89.9    |
|    critic_loss     | 2.92     |
|    ent_coef        | 0.0307   |
|    ent_coef_loss   | 0.516    |
|    learning_rate   | 0.0003   |
|    n_updates       | 430999   |
---------------------------------
---------------------------------
| rollout/           |          |
|    ep_len_mean     | 1e+03    |
|    ep_rew_mean     | 668      |
| time/              |          |
|    episodes        | 436      |
|    fps             | 72       |
|    time_elapsed    | 6014     |
|    total_timesteps | 436000   |
| train/             |          |
|    actor_loss      | -91.9    |
|    critic_loss     | 0.349    |
|    ent_coef        | 0.0375   |
|    ent_coef_loss   | 1.85     |
|    learning_rate   | 0.0003   |
|    n_updates       | 434999   |
---------------------------------
---------------------------------
| rollout/           |          |
|    ep_len_mean     | 1e+03    |
|    ep_rew_mean     | 674      |
| time/              |          |
|    episodes        | 440      |
|    fps             | 72       |
|    time_elapsed    | 6087     |
|    total_timesteps | 440000   |
| train/             |          |
|    actor_loss      | -91.3    |
|    critic_loss     | 0.555    |
|    ent_coef        | 0.037    |
|    ent_coef_loss   | 0.55     |
|    learning_rate   | 0.0003   |
|    n_updates       | 438999   |
---------------------------------
---------------------------------
| rollout/           |          |
|    ep_len_mean     | 1e+03    |
|    ep_rew_mean     | 683      |
| time/              |          |
|    episodes        | 444      |
|    fps             | 72       |
|    time_elapsed    | 6161     |
|    total_timesteps | 444000   |
| train/             |          |
|    actor_loss      | -89.7    |
|    critic_loss     | 0.482    |
|    ent_coef        | 0.0348   |
|    ent_coef_loss   | 7.34     |
|    learning_rate   | 0.0003   |
|    n_updates       | 442999   |
---------------------------------
---------------------------------
| rollout/           |          |
|    ep_len_mean     | 1e+03    |
|    ep_rew_mean     | 679      |
| time/              |          |
|    episodes        | 448      |
|    fps             | 71       |
|    time_elapsed    | 6234     |
|    total_timesteps | 448000   |
| train/             |          |
|    actor_loss      | -102     |
|    critic_loss     | 0.373    |
|    ent_coef        | 0.0649   |
|    ent_coef_loss   | -0.373   |
|    learning_rate   | 0.0003   |
|    n_updates       | 446999   |
---------------------------------
---------------------------------
| rollout/           |          |
|    ep_len_mean     | 1e+03    |
|    ep_rew_mean     | 673      |
| time/              |          |
|    episodes        | 452      |
|    fps             | 71       |
|    time_elapsed    | 6309     |
|    total_timesteps | 452000   |
| train/             |          |
|    actor_loss      | -112     |
|    critic_loss     | 0.346    |
|    ent_coef        | 0.0631   |
|    ent_coef_loss   | 0.528    |
|    learning_rate   | 0.0003   |
|    n_updates       | 450999   |
---------------------------------
---------------------------------
| rollout/           |          |
|    ep_len_mean     | 1e+03    |
|    ep_rew_mean     | 667      |
| time/              |          |
|    episodes        | 456      |
|    fps             | 71       |
|    time_elapsed    | 6384     |
|    total_timesteps | 456000   |
| train/             |          |
|    actor_loss      | -107     |
|    critic_loss     | 0.37     |
|    ent_coef        | 0.0363   |
|    ent_coef_loss   | -0.612   |
|    learning_rate   | 0.0003   |
|    n_updates       | 454999   |
---------------------------------
---------------------------------
| rollout/           |          |
|    ep_len_mean     | 1e+03    |
|    ep_rew_mean     | 670      |
| time/              |          |
|    episodes        | 460      |
|    fps             | 71       |
|    time_elapsed    | 6458     |
|    total_timesteps | 460000   |
| train/             |          |
|    actor_loss      | -103     |
|    critic_loss     | 0.278    |
|    ent_coef        | 0.0316   |
|    ent_coef_loss   | -0.644   |
|    learning_rate   | 0.0003   |
|    n_updates       | 458999   |
---------------------------------
---------------------------------
| rollout/           |          |
|    ep_len_mean     | 1e+03    |
|    ep_rew_mean     | 689      |
| time/              |          |
|    episodes        | 464      |
|    fps             | 71       |
|    time_elapsed    | 6532     |
|    total_timesteps | 464000   |
| train/             |          |
|    actor_loss      | -106     |
|    critic_loss     | 0.881    |
|    ent_coef        | 0.0328   |
|    ent_coef_loss   | 0.685    |
|    learning_rate   | 0.0003   |
|    n_updates       | 462999   |
---------------------------------
---------------------------------
| rollout/           |          |
|    ep_len_mean     | 1e+03    |
|    ep_rew_mean     | 749      |
| time/              |          |
|    episodes        | 468      |
|    fps             | 70       |
|    time_elapsed    | 6606     |
|    total_timesteps | 468000   |
| train/             |          |
|    actor_loss      | -108     |
|    critic_loss     | 0.213    |
|    ent_coef        | 0.0228   |
|    ent_coef_loss   | -0.305   |
|    learning_rate   | 0.0003   |
|    n_updates       | 466999   |
---------------------------------
---------------------------------
| rollout/           |          |
|    ep_len_mean     | 1e+03    |
|    ep_rew_mean     | 775      |
| time/              |          |
|    episodes        | 472      |
|    fps             | 70       |
|    time_elapsed    | 6682     |
|    total_timesteps | 472000   |
| train/             |          |
|    actor_loss      | -98.2    |
|    critic_loss     | 0.394    |
|    ent_coef        | 0.0389   |
|    ent_coef_loss   | 0.422    |
|    learning_rate   | 0.0003   |
|    n_updates       | 470999   |
---------------------------------
---------------------------------
| rollout/           |          |
|    ep_len_mean     | 1e+03    |
|    ep_rew_mean     | 781      |
| time/              |          |
|    episodes        | 476      |
|    fps             | 70       |
|    time_elapsed    | 6756     |
|    total_timesteps | 476000   |
| train/             |          |
|    actor_loss      | -106     |
|    critic_loss     | 0.145    |
|    ent_coef        | 0.0339   |
|    ent_coef_loss   | -2.42    |
|    learning_rate   | 0.0003   |
|    n_updates       | 474999   |
---------------------------------
---------------------------------
| rollout/           |          |
|    ep_len_mean     | 1e+03    |
|    ep_rew_mean     | 790      |
| time/              |          |
|    episodes        | 480      |
|    fps             | 70       |
|    time_elapsed    | 6830     |
|    total_timesteps | 480000   |
| train/             |          |
|    actor_loss      | -106     |
|    critic_loss     | 0.283    |
|    ent_coef        | 0.0373   |
|    ent_coef_loss   | 2.53     |
|    learning_rate   | 0.0003   |
|    n_updates       | 478999   |
---------------------------------
---------------------------------
| rollout/           |          |
|    ep_len_mean     | 1e+03    |
|    ep_rew_mean     | 790      |
| time/              |          |
|    episodes        | 484      |
|    fps             | 70       |
|    time_elapsed    | 6904     |
|    total_timesteps | 484000   |
| train/             |          |
|    actor_loss      | -94.1    |
|    critic_loss     | 0.52     |
|    ent_coef        | 0.0284   |
|    ent_coef_loss   | 0.377    |
|    learning_rate   | 0.0003   |
|    n_updates       | 482999   |
---------------------------------
---------------------------------
| rollout/           |          |
|    ep_len_mean     | 1e+03    |
|    ep_rew_mean     | 786      |
| time/              |          |
|    episodes        | 488      |
|    fps             | 69       |
|    time_elapsed    | 6978     |
|    total_timesteps | 488000   |
| train/             |          |
|    actor_loss      | -102     |
|    critic_loss     | 0.216    |
|    ent_coef        | 0.0317   |
|    ent_coef_loss   | -1.15    |
|    learning_rate   | 0.0003   |
|    n_updates       | 486999   |
---------------------------------
---------------------------------
| rollout/           |          |
|    ep_len_mean     | 1e+03    |
|    ep_rew_mean     | 781      |
| time/              |          |
|    episodes        | 492      |
|    fps             | 69       |
|    time_elapsed    | 7052     |
|    total_timesteps | 492000   |
| train/             |          |
|    actor_loss      | -95.6    |
|    critic_loss     | 0.218    |
|    ent_coef        | 0.0315   |
|    ent_coef_loss   | -1.26    |
|    learning_rate   | 0.0003   |
|    n_updates       | 490999   |
---------------------------------
---------------------------------
| rollout/           |          |
|    ep_len_mean     | 1e+03    |
|    ep_rew_mean     | 779      |
| time/              |          |
|    episodes        | 496      |
|    fps             | 69       |
|    time_elapsed    | 7120     |
|    total_timesteps | 496000   |
| train/             |          |
|    actor_loss      | -96.7    |
|    critic_loss     | 0.259    |
|    ent_coef        | 0.0327   |
|    ent_coef_loss   | 0.249    |
|    learning_rate   | 0.0003   |
|    n_updates       | 494999   |
---------------------------------
---------------------------------
| rollout/           |          |
|    ep_len_mean     | 1e+03    |
|    ep_rew_mean     | 813      |
| time/              |          |
|    episodes        | 500      |
|    fps             | 69       |
|    time_elapsed    | 7186     |
|    total_timesteps | 500000   |
| train/             |          |
|    actor_loss      | -98.7    |
|    critic_loss     | 0.166    |
|    ent_coef        | 0.0344   |
|    ent_coef_loss   | 2.91     |
|    learning_rate   | 0.0003   |
|    n_updates       | 498999   |
---------------------------------
[2026-06-22T14:18:56] Training complete in 7186.9s
[2026-06-22T14:18:56] Episodes: 500
[2026-06-22T14:18:56] Best reward: 1554.91
[2026-06-22T14:18:56] Mean reward (100ep): 812.88
[2026-06-22T14:18:56] Final goal tolerance: 0.6
[2026-06-22T14:18:56] Curriculum stage: 0
[2026-06-22T14:18:56] Saved: {'model': 'C:\\Users\\ranjo\\OneDrive\\Desktop\\ARM-Model\\project_assets\\outputs\\Parallel_Seeds\\seed_004\\sac_model', 'history': 'C:\\Users\\ranjo\\OneDrive\\Desktop\\ARM-Model\\project_assets\\outputs\\Parallel_Seeds\\seed_004\\training_history.csv', 'stats': 'C:\\Users\\ranjo\\OneDrive\\Desktop\\ARM-Model\\project_assets\\outputs\\Parallel_Seeds\\seed_004\\training_stats.json'}
[2026-06-22T14:18:56] Running Fitts' Law sweep (10 trials per condition)...
[2026-06-22T14:19:24] Fitts sweep complete in 28.0s
[2026-06-22T14:19:24] Fitts: MT = -0.0512 + +0.0914 * ID, R^2 = 0.7084 (n_conditions = 11, trials_per_condition = 10)
[2026-06-22T14:19:25] Saved: C:\Users\ranjo\OneDrive\Desktop\ARM-Model\project_assets\outputs\Parallel_Seeds\seed_004\fitts_law.json
[2026-06-22T14:19:25] Saved: C:\Users\ranjo\OneDrive\Desktop\ARM-Model\project_assets\outputs\Parallel_Seeds\seed_004\fitts_law.png
[2026-06-22T14:19:25] Running 2/3 Power Law sweep (20 trials)...
[2026-06-22T14:19:26] Power Law sweep complete in 1.7s
[2026-06-22T14:19:26] Power Law: log V = -0.1085 + -0.3921 * log C, R = -0.5887, R^2 = 0.3466 (n_samples = 3261, n_trials = 0/20)
[2026-06-22T14:19:27] Saved: C:\Users\ranjo\OneDrive\Desktop\ARM-Model\project_assets\outputs\Parallel_Seeds\seed_004\power_law.json
[2026-06-22T14:19:27] Saved: C:\Users\ranjo\OneDrive\Desktop\ARM-Model\project_assets\outputs\Parallel_Seeds\seed_004\power_law.png
[2026-06-22T14:19:27] Session complete. Total wall time: 2:00:18.855328
[2026-06-22T14:19:27] ============================================================
