[2026-06-23T15:06:42] Starting Fischer session: algorithm=SAC, timesteps=500,000, direction=EAST, actuation=muscle, waypoints=[[2.5, 0.8], [0.2, 1.1], [1.8, -1.3]]
[2026-06-23T15:06:42] Save dir: C:\Users\ranjo\OneDrive\Desktop\ARM-Model\project_assets\outputs\Parallel_Seeds\seed_016
[2026-06-23T15:06:42] Waypoint mode active: 3 waypoints, current_waypoint_index=0 at every episode reset
Using cpu device
Wrapping the env with a `Monitor` wrapper
Wrapping the env in a DummyVecEnv.
[HoldCurriculum] Initial hold requirement: 10 steps (ladder: [10, 15, 20], threshold: 60%)
----------------------------------
| rollout/           |           |
|    ep_len_mean     | 1e+03     |
|    ep_rew_mean     | -5.58e+03 |
| time/              |           |
|    episodes        | 4         |
|    fps             | 122       |
|    time_elapsed    | 32        |
|    total_timesteps | 4000      |
| train/             |           |
|    actor_loss      | 52.3      |
|    critic_loss     | 12.4      |
|    ent_coef        | 0.41      |
|    ent_coef_loss   | -5.61     |
|    learning_rate   | 0.0003    |
|    n_updates       | 2999      |
----------------------------------
----------------------------------
| rollout/           |           |
|    ep_len_mean     | 1e+03     |
|    ep_rew_mean     | -3.78e+03 |
| time/              |           |
|    episodes        | 8         |
|    fps             | 104       |
|    time_elapsed    | 76        |
|    total_timesteps | 8000      |
| train/             |           |
|    actor_loss      | 72.4      |
|    critic_loss     | 3.17      |
|    ent_coef        | 0.152     |
|    ent_coef_loss   | -3.06     |
|    learning_rate   | 0.0003    |
|    n_updates       | 6999      |
----------------------------------
----------------------------------
| rollout/           |           |
|    ep_len_mean     | 1e+03     |
|    ep_rew_mean     | -3.29e+03 |
| time/              |           |
|    episodes        | 12        |
|    fps             | 0         |
|    time_elapsed    | 21620     |
|    total_timesteps | 12000     |
| train/             |           |
|    actor_loss      | 65.5      |
|    critic_loss     | 54.1      |
|    ent_coef        | 0.13      |
|    ent_coef_loss   | 0.278     |
|    learning_rate   | 0.0003    |
|    n_updates       | 10999     |
----------------------------------
----------------------------------
| rollout/           |           |
|    ep_len_mean     | 1e+03     |
|    ep_rew_mean     | -2.82e+03 |
| time/              |           |
|    episodes        | 16        |
|    fps             | 0         |
|    time_elapsed    | 21664     |
|    total_timesteps | 16000     |
| train/             |           |
|    actor_loss      | 76.1      |
|    critic_loss     | 9.81      |
|    ent_coef        | 0.151     |
|    ent_coef_loss   | -0.902    |
|    learning_rate   | 0.0003    |
|    n_updates       | 14999     |
----------------------------------
----------------------------------
| rollout/           |           |
|    ep_len_mean     | 1e+03     |
|    ep_rew_mean     | -2.45e+03 |
| time/              |           |
|    episodes        | 20        |
|    fps             | 0         |
|    time_elapsed    | 21711     |
|    total_timesteps | 20000     |
| train/             |           |
|    actor_loss      | 43.4      |
|    critic_loss     | 6.16      |
|    ent_coef        | 0.189     |
|    ent_coef_loss   | 0.201     |
|    learning_rate   | 0.0003    |
|    n_updates       | 18999     |
----------------------------------
---------------------------------
| rollout/           |          |
|    ep_len_mean     | 1e+03    |
|    ep_rew_mean     | -2.2e+03 |
| time/              |          |
|    episodes        | 24       |
|    fps             | 1        |
|    time_elapsed    | 21758    |
|    total_timesteps | 24000    |
| train/             |          |
|    actor_loss      | 23.1     |
|    critic_loss     | 7.78     |
|    ent_coef        | 0.292    |
|    ent_coef_loss   | -0.0514  |
|    learning_rate   | 0.0003   |
|    n_updates       | 22999    |
---------------------------------
----------------------------------
| rollout/           |           |
|    ep_len_mean     | 1e+03     |
|    ep_rew_mean     | -1.97e+03 |
| time/              |           |
|    episodes        | 28        |
|    fps             | 1         |
|    time_elapsed    | 21806     |
|    total_timesteps | 28000     |
| train/             |           |
|    actor_loss      | -0.817    |
|    critic_loss     | 7.38      |
|    ent_coef        | 0.243     |
|    ent_coef_loss   | 0.275     |
|    learning_rate   | 0.0003    |
|    n_updates       | 26999     |
----------------------------------
----------------------------------
| rollout/           |           |
|    ep_len_mean     | 1e+03     |
|    ep_rew_mean     | -1.83e+03 |
| time/              |           |
|    episodes        | 32        |
|    fps             | 1         |
|    time_elapsed    | 21853     |
|    total_timesteps | 32000     |
| train/             |           |
|    actor_loss      | -0.51     |
|    critic_loss     | 5.64      |
|    ent_coef        | 0.2       |
|    ent_coef_loss   | 0.0287    |
|    learning_rate   | 0.0003    |
|    n_updates       | 30999     |
----------------------------------
----------------------------------
| rollout/           |           |
|    ep_len_mean     | 1e+03     |
|    ep_rew_mean     | -1.73e+03 |
| time/              |           |
|    episodes        | 36        |
|    fps             | 1         |
|    time_elapsed    | 21901     |
|    total_timesteps | 36000     |
| train/             |           |
|    actor_loss      | -20.9     |
|    critic_loss     | 6.43      |
|    ent_coef        | 0.198     |
|    ent_coef_loss   | 0.954     |
|    learning_rate   | 0.0003    |
|    n_updates       | 34999     |
----------------------------------
----------------------------------
| rollout/           |           |
|    ep_len_mean     | 1e+03     |
|    ep_rew_mean     | -1.67e+03 |
| time/              |           |
|    episodes        | 40        |
|    fps             | 1         |
|    time_elapsed    | 21948     |
|    total_timesteps | 40000     |
| train/             |           |
|    actor_loss      | -31.3     |
|    critic_loss     | 20.7      |
|    ent_coef        | 0.17      |
|    ent_coef_loss   | -0.221    |
|    learning_rate   | 0.0003    |
|    n_updates       | 38999     |
----------------------------------
---------------------------------
| rollout/           |          |
|    ep_len_mean     | 1e+03    |
|    ep_rew_mean     | -1.6e+03 |
| time/              |          |
|    episodes        | 44       |
|    fps             | 2        |
|    time_elapsed    | 21992    |
|    total_timesteps | 44000    |
| train/             |          |
|    actor_loss      | -40.4    |
|    critic_loss     | 2.98     |
|    ent_coef        | 0.164    |
|    ent_coef_loss   | 0.106    |
|    learning_rate   | 0.0003   |
|    n_updates       | 42999    |
---------------------------------
---------------------------------
| rollout/           |          |
|    ep_len_mean     | 1e+03    |
|    ep_rew_mean     | -1.5e+03 |
| time/              |          |
|    episodes        | 48       |
|    fps             | 2        |
|    time_elapsed    | 22034    |
|    total_timesteps | 48000    |
| train/             |          |
|    actor_loss      | -51.4    |
|    critic_loss     | 7.13     |
|    ent_coef        | 0.177    |
|    ent_coef_loss   | 0.166    |
|    learning_rate   | 0.0003   |
|    n_updates       | 46999    |
---------------------------------
---------------------------------
| rollout/           |          |
|    ep_len_mean     | 1e+03    |
|    ep_rew_mean     | -1.5e+03 |
| time/              |          |
|    episodes        | 52       |
|    fps             | 2        |
|    time_elapsed    | 22077    |
|    total_timesteps | 52000    |
| train/             |          |
|    actor_loss      | -50.9    |
|    critic_loss     | 3.43     |
|    ent_coef        | 0.154    |
|    ent_coef_loss   | 0.842    |
|    learning_rate   | 0.0003   |
|    n_updates       | 50999    |
---------------------------------
----------------------------------
| rollout/           |           |
|    ep_len_mean     | 1e+03     |
|    ep_rew_mean     | -1.42e+03 |
| time/              |           |
|    episodes        | 56        |
|    fps             | 2         |
|    time_elapsed    | 22119     |
|    total_timesteps | 56000     |
| train/             |           |
|    actor_loss      | -16.7     |
|    critic_loss     | 1.56      |
|    ent_coef        | 0.121     |
|    ent_coef_loss   | -1.41     |
|    learning_rate   | 0.0003    |
|    n_updates       | 54999     |
----------------------------------
----------------------------------
| rollout/           |           |
|    ep_len_mean     | 1e+03     |
|    ep_rew_mean     | -1.37e+03 |
| time/              |           |
|    episodes        | 60        |
|    fps             | 2         |
|    time_elapsed    | 22162     |
|    total_timesteps | 60000     |
| train/             |           |
|    actor_loss      | -26.3     |
|    critic_loss     | 1.51      |
|    ent_coef        | 0.103     |
|    ent_coef_loss   | -0.953    |
|    learning_rate   | 0.0003    |
|    n_updates       | 58999     |
----------------------------------
---------------------------------
| rollout/           |          |
|    ep_len_mean     | 1e+03    |
|    ep_rew_mean     | -1.3e+03 |
| time/              |          |
|    episodes        | 64       |
|    fps             | 2        |
|    time_elapsed    | 22205    |
|    total_timesteps | 64000    |
| train/             |          |
|    actor_loss      | -19.7    |
|    critic_loss     | 1.78     |
|    ent_coef        | 0.0916   |
|    ent_coef_loss   | -0.397   |
|    learning_rate   | 0.0003   |
|    n_updates       | 62999    |
---------------------------------
----------------------------------
| rollout/           |           |
|    ep_len_mean     | 1e+03     |
|    ep_rew_mean     | -1.22e+03 |
| time/              |           |
|    episodes        | 68        |
|    fps             | 3         |
|    time_elapsed    | 22248     |
|    total_timesteps | 68000     |
| train/             |           |
|    actor_loss      | -6.93     |
|    critic_loss     | 1.99      |
|    ent_coef        | 0.0944    |
|    ent_coef_loss   | -0.551    |
|    learning_rate   | 0.0003    |
|    n_updates       | 66999     |
----------------------------------
----------------------------------
| rollout/           |           |
|    ep_len_mean     | 1e+03     |
|    ep_rew_mean     | -1.14e+03 |
| time/              |           |
|    episodes        | 72        |
|    fps             | 3         |
|    time_elapsed    | 22292     |
|    total_timesteps | 72000     |
| train/             |           |
|    actor_loss      | -16.7     |
|    critic_loss     | 0.953     |
|    ent_coef        | 0.0891    |
|    ent_coef_loss   | 0.321     |
|    learning_rate   | 0.0003    |
|    n_updates       | 70999     |
----------------------------------
----------------------------------
| rollout/           |           |
|    ep_len_mean     | 1e+03     |
|    ep_rew_mean     | -1.08e+03 |
| time/              |           |
|    episodes        | 76        |
|    fps             | 3         |
|    time_elapsed    | 22335     |
|    total_timesteps | 76000     |
| train/             |           |
|    actor_loss      | -13.7     |
|    critic_loss     | 1.09      |
|    ent_coef        | 0.0844    |
|    ent_coef_loss   | -0.455    |
|    learning_rate   | 0.0003    |
|    n_updates       | 74999     |
----------------------------------
----------------------------------
| rollout/           |           |
|    ep_len_mean     | 1e+03     |
|    ep_rew_mean     | -1.02e+03 |
| time/              |           |
|    episodes        | 80        |
|    fps             | 3         |
|    time_elapsed    | 22379     |
|    total_timesteps | 80000     |
| train/             |           |
|    actor_loss      | -21.2     |
|    critic_loss     | 0.894     |
|    ent_coef        | 0.0782    |
|    ent_coef_loss   | 0.573     |
|    learning_rate   | 0.0003    |
|    n_updates       | 78999     |
----------------------------------
---------------------------------
| rollout/           |          |
|    ep_len_mean     | 1e+03    |
|    ep_rew_mean     | -970     |
| time/              |          |
|    episodes        | 84       |
|    fps             | 3        |
|    time_elapsed    | 22423    |
|    total_timesteps | 84000    |
| train/             |          |
|    actor_loss      | -13.5    |
|    critic_loss     | 0.905    |
|    ent_coef        | 0.0744   |
|    ent_coef_loss   | 0.431    |
|    learning_rate   | 0.0003   |
|    n_updates       | 82999    |
---------------------------------
---------------------------------
| rollout/           |          |
|    ep_len_mean     | 1e+03    |
|    ep_rew_mean     | -930     |
| time/              |          |
|    episodes        | 88       |
|    fps             | 3        |
|    time_elapsed    | 22467    |
|    total_timesteps | 88000    |
| train/             |          |
|    actor_loss      | -11.6    |
|    critic_loss     | 1.11     |
|    ent_coef        | 0.071    |
|    ent_coef_loss   | 0.673    |
|    learning_rate   | 0.0003   |
|    n_updates       | 86999    |
---------------------------------
---------------------------------
| rollout/           |          |
|    ep_len_mean     | 1e+03    |
|    ep_rew_mean     | -884     |
| time/              |          |
|    episodes        | 92       |
|    fps             | 4        |
|    time_elapsed    | 22510    |
|    total_timesteps | 92000    |
| train/             |          |
|    actor_loss      | -17.5    |
|    critic_loss     | 0.949    |
|    ent_coef        | 0.0678   |
|    ent_coef_loss   | -0.161   |
|    learning_rate   | 0.0003   |
|    n_updates       | 90999    |
---------------------------------
---------------------------------
| rollout/           |          |
|    ep_len_mean     | 1e+03    |
|    ep_rew_mean     | -841     |
| time/              |          |
|    episodes        | 96       |
|    fps             | 4        |
|    time_elapsed    | 22555    |
|    total_timesteps | 96000    |
| train/             |          |
|    actor_loss      | -14.6    |
|    critic_loss     | 1.03     |
|    ent_coef        | 0.0609   |
|    ent_coef_loss   | 0.145    |
|    learning_rate   | 0.0003   |
|    n_updates       | 94999    |
---------------------------------
---------------------------------
| rollout/           |          |
|    ep_len_mean     | 1e+03    |
|    ep_rew_mean     | -800     |
| time/              |          |
|    episodes        | 100      |
|    fps             | 4        |
|    time_elapsed    | 22598    |
|    total_timesteps | 100000   |
| train/             |          |
|    actor_loss      | 7.97     |
|    critic_loss     | 16.7     |
|    ent_coef        | 0.0602   |
|    ent_coef_loss   | 0.65     |
|    learning_rate   | 0.0003   |
|    n_updates       | 98999    |
---------------------------------
---------------------------------
| rollout/           |          |
|    ep_len_mean     | 1e+03    |
|    ep_rew_mean     | -573     |
| time/              |          |
|    episodes        | 104      |
|    fps             | 4        |
|    time_elapsed    | 22642    |
|    total_timesteps | 104000   |
| train/             |          |
|    actor_loss      | -18.8    |
|    critic_loss     | 44.4     |
|    ent_coef        | 0.0578   |
|    ent_coef_loss   | -0.223   |
|    learning_rate   | 0.0003   |
|    n_updates       | 102999   |
---------------------------------
---------------------------------
| rollout/           |          |
|    ep_len_mean     | 1e+03    |
|    ep_rew_mean     | -489     |
| time/              |          |
|    episodes        | 108      |
|    fps             | 4        |
|    time_elapsed    | 22685    |
|    total_timesteps | 108000   |
| train/             |          |
|    actor_loss      | -11.1    |
|    critic_loss     | 0.729    |
|    ent_coef        | 0.0527   |
|    ent_coef_loss   | 1.04     |
|    learning_rate   | 0.0003   |
|    n_updates       | 106999   |
---------------------------------
---------------------------------
| rollout/           |          |
|    ep_len_mean     | 1e+03    |
|    ep_rew_mean     | -387     |
| time/              |          |
|    episodes        | 112      |
|    fps             | 4        |
|    time_elapsed    | 22728    |
|    total_timesteps | 112000   |
| train/             |          |
|    actor_loss      | -19.2    |
|    critic_loss     | 0.865    |
|    ent_coef        | 0.0551   |
|    ent_coef_loss   | -0.805   |
|    learning_rate   | 0.0003   |
|    n_updates       | 110999   |
---------------------------------
---------------------------------
| rollout/           |          |
|    ep_len_mean     | 1e+03    |
|    ep_rew_mean     | -332     |
| time/              |          |
|    episodes        | 116      |
|    fps             | 5        |
|    time_elapsed    | 22772    |
|    total_timesteps | 116000   |
| train/             |          |
|    actor_loss      | -29.5    |
|    critic_loss     | 1.01     |
|    ent_coef        | 0.0542   |
|    ent_coef_loss   | -1.36    |
|    learning_rate   | 0.0003   |
|    n_updates       | 114999   |
---------------------------------
---------------------------------
| rollout/           |          |
|    ep_len_mean     | 1e+03    |
|    ep_rew_mean     | -280     |
| time/              |          |
|    episodes        | 120      |
|    fps             | 5        |
|    time_elapsed    | 22815    |
|    total_timesteps | 120000   |
| train/             |          |
|    actor_loss      | -21.5    |
|    critic_loss     | 0.748    |
|    ent_coef        | 0.0519   |
|    ent_coef_loss   | -0.186   |
|    learning_rate   | 0.0003   |
|    n_updates       | 118999   |
---------------------------------
---------------------------------
| rollout/           |          |
|    ep_len_mean     | 1e+03    |
|    ep_rew_mean     | -231     |
| time/              |          |
|    episodes        | 124      |
|    fps             | 5        |
|    time_elapsed    | 22859    |
|    total_timesteps | 124000   |
| train/             |          |
|    actor_loss      | -18.3    |
|    critic_loss     | 1.36     |
|    ent_coef        | 0.0568   |
|    ent_coef_loss   | 0.281    |
|    learning_rate   | 0.0003   |
|    n_updates       | 122999   |
---------------------------------
---------------------------------
| rollout/           |          |
|    ep_len_mean     | 1e+03    |
|    ep_rew_mean     | -193     |
| time/              |          |
|    episodes        | 128      |
|    fps             | 5        |
|    time_elapsed    | 22903    |
|    total_timesteps | 128000   |
| train/             |          |
|    actor_loss      | -30.4    |
|    critic_loss     | 0.576    |
|    ent_coef        | 0.0536   |
|    ent_coef_loss   | 1.09     |
|    learning_rate   | 0.0003   |
|    n_updates       | 126999   |
---------------------------------
---------------------------------
| rollout/           |          |
|    ep_len_mean     | 1e+03    |
|    ep_rew_mean     | -148     |
| time/              |          |
|    episodes        | 132      |
|    fps             | 5        |
|    time_elapsed    | 22947    |
|    total_timesteps | 132000   |
| train/             |          |
|    actor_loss      | -25.5    |
|    critic_loss     | 0.966    |
|    ent_coef        | 0.0496   |
|    ent_coef_loss   | -0.604   |
|    learning_rate   | 0.0003   |
|    n_updates       | 130999   |
---------------------------------
---------------------------------
| rollout/           |          |
|    ep_len_mean     | 1e+03    |
|    ep_rew_mean     | -93.8    |
| time/              |          |
|    episodes        | 136      |
|    fps             | 5        |
|    time_elapsed    | 22991    |
|    total_timesteps | 136000   |
| train/             |          |
|    actor_loss      | -30.3    |
|    critic_loss     | 1.6      |
|    ent_coef        | 0.051    |
|    ent_coef_loss   | 1.04     |
|    learning_rate   | 0.0003   |
|    n_updates       | 134999   |
---------------------------------
---------------------------------
| rollout/           |          |
|    ep_len_mean     | 1e+03    |
|    ep_rew_mean     | -32.4    |
| time/              |          |
|    episodes        | 140      |
|    fps             | 6        |
|    time_elapsed    | 23034    |
|    total_timesteps | 140000   |
| train/             |          |
|    actor_loss      | -30      |
|    critic_loss     | 0.762    |
|    ent_coef        | 0.0508   |
|    ent_coef_loss   | -0.834   |
|    learning_rate   | 0.0003   |
|    n_updates       | 138999   |
---------------------------------
---------------------------------
| rollout/           |          |
|    ep_len_mean     | 1e+03    |
|    ep_rew_mean     | 7.81     |
| time/              |          |
|    episodes        | 144      |
|    fps             | 6        |
|    time_elapsed    | 23077    |
|    total_timesteps | 144000   |
| train/             |          |
|    actor_loss      | -35.4    |
|    critic_loss     | 0.808    |
|    ent_coef        | 0.0509   |
|    ent_coef_loss   | -1.17    |
|    learning_rate   | 0.0003   |
|    n_updates       | 142999   |
---------------------------------
---------------------------------
| rollout/           |          |
|    ep_len_mean     | 1e+03    |
|    ep_rew_mean     | 31.4     |
| time/              |          |
|    episodes        | 148      |
|    fps             | 6        |
|    time_elapsed    | 23121    |
|    total_timesteps | 148000   |
| train/             |          |
|    actor_loss      | -34.7    |
|    critic_loss     | 0.906    |
|    ent_coef        | 0.0484   |
|    ent_coef_loss   | 0.422    |
|    learning_rate   | 0.0003   |
|    n_updates       | 146999   |
---------------------------------
---------------------------------
| rollout/           |          |
|    ep_len_mean     | 1e+03    |
|    ep_rew_mean     | 107      |
| time/              |          |
|    episodes        | 152      |
|    fps             | 6        |
|    time_elapsed    | 23165    |
|    total_timesteps | 152000   |
| train/             |          |
|    actor_loss      | -35.3    |
|    critic_loss     | 0.428    |
|    ent_coef        | 0.0442   |
|    ent_coef_loss   | -0.706   |
|    learning_rate   | 0.0003   |
|    n_updates       | 150999   |
---------------------------------
---------------------------------
| rollout/           |          |
|    ep_len_mean     | 1e+03    |
|    ep_rew_mean     | 136      |
| time/              |          |
|    episodes        | 156      |
|    fps             | 6        |
|    time_elapsed    | 23209    |
|    total_timesteps | 156000   |
| train/             |          |
|    actor_loss      | -26      |
|    critic_loss     | 37.2     |
|    ent_coef        | 0.0424   |
|    ent_coef_loss   | -0.619   |
|    learning_rate   | 0.0003   |
|    n_updates       | 154999   |
---------------------------------
---------------------------------
| rollout/           |          |
|    ep_len_mean     | 1e+03    |
|    ep_rew_mean     | 174      |
| time/              |          |
|    episodes        | 160      |
|    fps             | 6        |
|    time_elapsed    | 23252    |
|    total_timesteps | 160000   |
| train/             |          |
|    actor_loss      | -30.8    |
|    critic_loss     | 0.61     |
|    ent_coef        | 0.041    |
|    ent_coef_loss   | -1.3     |
|    learning_rate   | 0.0003   |
|    n_updates       | 158999   |
---------------------------------
---------------------------------
| rollout/           |          |
|    ep_len_mean     | 1e+03    |
|    ep_rew_mean     | 198      |
| time/              |          |
|    episodes        | 164      |
|    fps             | 7        |
|    time_elapsed    | 23297    |
|    total_timesteps | 164000   |
| train/             |          |
|    actor_loss      | -28.7    |
|    critic_loss     | 0.585    |
|    ent_coef        | 0.0412   |
|    ent_coef_loss   | -1.21    |
|    learning_rate   | 0.0003   |
|    n_updates       | 162999   |
---------------------------------
---------------------------------
| rollout/           |          |
|    ep_len_mean     | 1e+03    |
|    ep_rew_mean     | 211      |
| time/              |          |
|    episodes        | 168      |
|    fps             | 7        |
|    time_elapsed    | 23340    |
|    total_timesteps | 168000   |
| train/             |          |
|    actor_loss      | -40.6    |
|    critic_loss     | 0.877    |
|    ent_coef        | 0.0411   |
|    ent_coef_loss   | -1.5     |
|    learning_rate   | 0.0003   |
|    n_updates       | 166999   |
---------------------------------
---------------------------------
| rollout/           |          |
|    ep_len_mean     | 1e+03    |
|    ep_rew_mean     | 220      |
| time/              |          |
|    episodes        | 172      |
|    fps             | 7        |
|    time_elapsed    | 23385    |
|    total_timesteps | 172000   |
| train/             |          |
|    actor_loss      | -39.1    |
|    critic_loss     | 0.744    |
|    ent_coef        | 0.0412   |
|    ent_coef_loss   | -0.322   |
|    learning_rate   | 0.0003   |
|    n_updates       | 170999   |
---------------------------------
---------------------------------
| rollout/           |          |
|    ep_len_mean     | 1e+03    |
|    ep_rew_mean     | 235      |
| time/              |          |
|    episodes        | 176      |
|    fps             | 7        |
|    time_elapsed    | 23428    |
|    total_timesteps | 176000   |
| train/             |          |
|    actor_loss      | -38.4    |
|    critic_loss     | 0.43     |
|    ent_coef        | 0.0404   |
|    ent_coef_loss   | 0.104    |
|    learning_rate   | 0.0003   |
|    n_updates       | 174999   |
---------------------------------
---------------------------------
| rollout/           |          |
|    ep_len_mean     | 1e+03    |
|    ep_rew_mean     | 243      |
| time/              |          |
|    episodes        | 180      |
|    fps             | 7        |
|    time_elapsed    | 23472    |
|    total_timesteps | 180000   |
| train/             |          |
|    actor_loss      | -37.3    |
|    critic_loss     | 0.917    |
|    ent_coef        | 0.0585   |
|    ent_coef_loss   | 1.34     |
|    learning_rate   | 0.0003   |
|    n_updates       | 178999   |
---------------------------------
---------------------------------
| rollout/           |          |
|    ep_len_mean     | 1e+03    |
|    ep_rew_mean     | 251      |
| time/              |          |
|    episodes        | 184      |
|    fps             | 7        |
|    time_elapsed    | 23516    |
|    total_timesteps | 184000   |
| train/             |          |
|    actor_loss      | -39.1    |
|    critic_loss     | 0.616    |
|    ent_coef        | 0.0399   |
|    ent_coef_loss   | -0.848   |
|    learning_rate   | 0.0003   |
|    n_updates       | 182999   |
---------------------------------
---------------------------------
| rollout/           |          |
|    ep_len_mean     | 1e+03    |
|    ep_rew_mean     | 270      |
| time/              |          |
|    episodes        | 188      |
|    fps             | 7        |
|    time_elapsed    | 23560    |
|    total_timesteps | 188000   |
| train/             |          |
|    actor_loss      | -44.4    |
|    critic_loss     | 0.382    |
|    ent_coef        | 0.0383   |
|    ent_coef_loss   | -0.278   |
|    learning_rate   | 0.0003   |
|    n_updates       | 186999   |
---------------------------------
---------------------------------
| rollout/           |          |
|    ep_len_mean     | 1e+03    |
|    ep_rew_mean     | 278      |
| time/              |          |
|    episodes        | 192      |
|    fps             | 8        |
|    time_elapsed    | 23604    |
|    total_timesteps | 192000   |
| train/             |          |
|    actor_loss      | -45.3    |
|    critic_loss     | 0.493    |
|    ent_coef        | 0.0405   |
|    ent_coef_loss   | -1.24    |
|    learning_rate   | 0.0003   |
|    n_updates       | 190999   |
---------------------------------
---------------------------------
| rollout/           |          |
|    ep_len_mean     | 1e+03    |
|    ep_rew_mean     | 285      |
| time/              |          |
|    episodes        | 196      |
|    fps             | 8        |
|    time_elapsed    | 23648    |
|    total_timesteps | 196000   |
| train/             |          |
|    actor_loss      | -38.3    |
|    critic_loss     | 1.03     |
|    ent_coef        | 0.0338   |
|    ent_coef_loss   | 0.905    |
|    learning_rate   | 0.0003   |
|    n_updates       | 194999   |
---------------------------------
---------------------------------
| rollout/           |          |
|    ep_len_mean     | 1e+03    |
|    ep_rew_mean     | 294      |
| time/              |          |
|    episodes        | 200      |
|    fps             | 8        |
|    time_elapsed    | 23692    |
|    total_timesteps | 200000   |
| train/             |          |
|    actor_loss      | -45.7    |
|    critic_loss     | 0.394    |
|    ent_coef        | 0.0335   |
|    ent_coef_loss   | 0.325    |
|    learning_rate   | 0.0003   |
|    n_updates       | 198999   |
---------------------------------
---------------------------------
| rollout/           |          |
|    ep_len_mean     | 1e+03    |
|    ep_rew_mean     | 305      |
| time/              |          |
|    episodes        | 204      |
|    fps             | 8        |
|    time_elapsed    | 23735    |
|    total_timesteps | 204000   |
| train/             |          |
|    actor_loss      | -50.1    |
|    critic_loss     | 8.31     |
|    ent_coef        | 0.0324   |
|    ent_coef_loss   | 0.189    |
|    learning_rate   | 0.0003   |
|    n_updates       | 202999   |
---------------------------------
---------------------------------
| rollout/           |          |
|    ep_len_mean     | 1e+03    |
|    ep_rew_mean     | 315      |
| time/              |          |
|    episodes        | 208      |
|    fps             | 8        |
|    time_elapsed    | 23779    |
|    total_timesteps | 208000   |
| train/             |          |
|    actor_loss      | -48.3    |
|    critic_loss     | 0.217    |
|    ent_coef        | 0.03     |
|    ent_coef_loss   | 0.486    |
|    learning_rate   | 0.0003   |
|    n_updates       | 206999   |
---------------------------------
---------------------------------
| rollout/           |          |
|    ep_len_mean     | 1e+03    |
|    ep_rew_mean     | 317      |
| time/              |          |
|    episodes        | 212      |
|    fps             | 8        |
|    time_elapsed    | 23824    |
|    total_timesteps | 212000   |
| train/             |          |
|    actor_loss      | -51      |
|    critic_loss     | 0.366    |
|    ent_coef        | 0.0275   |
|    ent_coef_loss   | 0.663    |
|    learning_rate   | 0.0003   |
|    n_updates       | 210999   |
---------------------------------
---------------------------------
| rollout/           |          |
|    ep_len_mean     | 1e+03    |
|    ep_rew_mean     | 326      |
| time/              |          |
|    episodes        | 216      |
|    fps             | 9        |
|    time_elapsed    | 23869    |
|    total_timesteps | 216000   |
| train/             |          |
|    actor_loss      | -54.7    |
|    critic_loss     | 1.18     |
|    ent_coef        | 0.0286   |
|    ent_coef_loss   | -0.744   |
|    learning_rate   | 0.0003   |
|    n_updates       | 214999   |
---------------------------------
---------------------------------
| rollout/           |          |
|    ep_len_mean     | 1e+03    |
|    ep_rew_mean     | 321      |
| time/              |          |
|    episodes        | 220      |
|    fps             | 9        |
|    time_elapsed    | 23915    |
|    total_timesteps | 220000   |
| train/             |          |
|    actor_loss      | -53.5    |
|    critic_loss     | 0.508    |
|    ent_coef        | 0.0285   |
|    ent_coef_loss   | -0.577   |
|    learning_rate   | 0.0003   |
|    n_updates       | 218999   |
---------------------------------
---------------------------------
| rollout/           |          |
|    ep_len_mean     | 1e+03    |
|    ep_rew_mean     | 287      |
| time/              |          |
|    episodes        | 224      |
|    fps             | 9        |
|    time_elapsed    | 23960    |
|    total_timesteps | 224000   |
| train/             |          |
|    actor_loss      | -54.3    |
|    critic_loss     | 0.357    |
|    ent_coef        | 0.022    |
|    ent_coef_loss   | -0.954   |
|    learning_rate   | 0.0003   |
|    n_updates       | 222999   |
---------------------------------
---------------------------------
| rollout/           |          |
|    ep_len_mean     | 1e+03    |
|    ep_rew_mean     | 290      |
| time/              |          |
|    episodes        | 228      |
|    fps             | 9        |
|    time_elapsed    | 24005    |
|    total_timesteps | 228000   |
| train/             |          |
|    actor_loss      | -59.8    |
|    critic_loss     | 0.369    |
|    ent_coef        | 0.0217   |
|    ent_coef_loss   | -0.657   |
|    learning_rate   | 0.0003   |
|    n_updates       | 226999   |
---------------------------------
---------------------------------
| rollout/           |          |
|    ep_len_mean     | 1e+03    |
|    ep_rew_mean     | 293      |
| time/              |          |
|    episodes        | 232      |
|    fps             | 9        |
|    time_elapsed    | 24051    |
|    total_timesteps | 232000   |
| train/             |          |
|    actor_loss      | -55.9    |
|    critic_loss     | 0.158    |
|    ent_coef        | 0.0214   |
|    ent_coef_loss   | 0.00247  |
|    learning_rate   | 0.0003   |
|    n_updates       | 230999   |
---------------------------------
---------------------------------
| rollout/           |          |
|    ep_len_mean     | 1e+03    |
|    ep_rew_mean     | 295      |
| time/              |          |
|    episodes        | 236      |
|    fps             | 9        |
|    time_elapsed    | 24096    |
|    total_timesteps | 236000   |
| train/             |          |
|    actor_loss      | -55      |
|    critic_loss     | 0.127    |
|    ent_coef        | 0.0243   |
|    ent_coef_loss   | -0.456   |
|    learning_rate   | 0.0003   |
|    n_updates       | 234999   |
---------------------------------
---------------------------------
| rollout/           |          |
|    ep_len_mean     | 1e+03    |
|    ep_rew_mean     | 296      |
| time/              |          |
|    episodes        | 240      |
|    fps             | 9        |
|    time_elapsed    | 24141    |
|    total_timesteps | 240000   |
| train/             |          |
|    actor_loss      | -58.7    |
|    critic_loss     | 0.136    |
|    ent_coef        | 0.0259   |
|    ent_coef_loss   | -0.701   |
|    learning_rate   | 0.0003   |
|    n_updates       | 238999   |
---------------------------------
---------------------------------
| rollout/           |          |
|    ep_len_mean     | 1e+03    |
|    ep_rew_mean     | 307      |
| time/              |          |
|    episodes        | 244      |
|    fps             | 10       |
|    time_elapsed    | 24187    |
|    total_timesteps | 244000   |
| train/             |          |
|    actor_loss      | -55.2    |
|    critic_loss     | 0.189    |
|    ent_coef        | 0.0209   |
|    ent_coef_loss   | -1.07    |
|    learning_rate   | 0.0003   |
|    n_updates       | 242999   |
---------------------------------
---------------------------------
| rollout/           |          |
|    ep_len_mean     | 1e+03    |
|    ep_rew_mean     | 315      |
| time/              |          |
|    episodes        | 248      |
|    fps             | 10       |
|    time_elapsed    | 24232    |
|    total_timesteps | 248000   |
| train/             |          |
|    actor_loss      | -61.9    |
|    critic_loss     | 0.182    |
|    ent_coef        | 0.0264   |
|    ent_coef_loss   | 0.29     |
|    learning_rate   | 0.0003   |
|    n_updates       | 246999   |
---------------------------------
---------------------------------
| rollout/           |          |
|    ep_len_mean     | 1e+03    |
|    ep_rew_mean     | 316      |
| time/              |          |
|    episodes        | 252      |
|    fps             | 10       |
|    time_elapsed    | 24278    |
|    total_timesteps | 252000   |
| train/             |          |
|    actor_loss      | -54.3    |
|    critic_loss     | 0.314    |
|    ent_coef        | 0.0261   |
|    ent_coef_loss   | 0.668    |
|    learning_rate   | 0.0003   |
|    n_updates       | 250999   |
---------------------------------
---------------------------------
| rollout/           |          |
|    ep_len_mean     | 1e+03    |
|    ep_rew_mean     | 316      |
| time/              |          |
|    episodes        | 256      |
|    fps             | 10       |
|    time_elapsed    | 24316    |
|    total_timesteps | 256000   |
| train/             |          |
|    actor_loss      | -61.3    |
|    critic_loss     | 0.406    |
|    ent_coef        | 0.023    |
|    ent_coef_loss   | -1.18    |
|    learning_rate   | 0.0003   |
|    n_updates       | 254999   |
---------------------------------
---------------------------------
| rollout/           |          |
|    ep_len_mean     | 1e+03    |
|    ep_rew_mean     | 297      |
| time/              |          |
|    episodes        | 260      |
|    fps             | 10       |
|    time_elapsed    | 24350    |
|    total_timesteps | 260000   |
| train/             |          |
|    actor_loss      | -65.6    |
|    critic_loss     | 0.0816   |
|    ent_coef        | 0.0256   |
|    ent_coef_loss   | -0.503   |
|    learning_rate   | 0.0003   |
|    n_updates       | 258999   |
---------------------------------
---------------------------------
| rollout/           |          |
|    ep_len_mean     | 1e+03    |
|    ep_rew_mean     | 289      |
| time/              |          |
|    episodes        | 264      |
|    fps             | 10       |
|    time_elapsed    | 24383    |
|    total_timesteps | 264000   |
| train/             |          |
|    actor_loss      | -62      |
|    critic_loss     | 0.0799   |
|    ent_coef        | 0.0341   |
|    ent_coef_loss   | -4.21    |
|    learning_rate   | 0.0003   |
|    n_updates       | 262999   |
---------------------------------
---------------------------------
| rollout/           |          |
|    ep_len_mean     | 1e+03    |
|    ep_rew_mean     | 286      |
| time/              |          |
|    episodes        | 268      |
|    fps             | 10       |
|    time_elapsed    | 24417    |
|    total_timesteps | 268000   |
| train/             |          |
|    actor_loss      | -62.8    |
|    critic_loss     | 0.0504   |
|    ent_coef        | 0.0154   |
|    ent_coef_loss   | -0.87    |
|    learning_rate   | 0.0003   |
|    n_updates       | 266999   |
---------------------------------
---------------------------------
| rollout/           |          |
|    ep_len_mean     | 1e+03    |
|    ep_rew_mean     | 283      |
| time/              |          |
|    episodes        | 272      |
|    fps             | 11       |
|    time_elapsed    | 24451    |
|    total_timesteps | 272000   |
| train/             |          |
|    actor_loss      | -62.3    |
|    critic_loss     | 0.0685   |
|    ent_coef        | 0.0142   |
|    ent_coef_loss   | -0.609   |
|    learning_rate   | 0.0003   |
|    n_updates       | 270999   |
---------------------------------
---------------------------------
| rollout/           |          |
|    ep_len_mean     | 1e+03    |
|    ep_rew_mean     | 284      |
| time/              |          |
|    episodes        | 276      |
|    fps             | 11       |
|    time_elapsed    | 24485    |
|    total_timesteps | 276000   |
| train/             |          |
|    actor_loss      | -58.8    |
|    critic_loss     | 0.0549   |
|    ent_coef        | 0.0143   |
|    ent_coef_loss   | -1.49    |
|    learning_rate   | 0.0003   |
|    n_updates       | 274999   |
---------------------------------
---------------------------------
| rollout/           |          |
|    ep_len_mean     | 1e+03    |
|    ep_rew_mean     | 290      |
| time/              |          |
|    episodes        | 280      |
|    fps             | 11       |
|    time_elapsed    | 24518    |
|    total_timesteps | 280000   |
| train/             |          |
|    actor_loss      | -66.6    |
|    critic_loss     | 0.0571   |
|    ent_coef        | 0.0134   |
|    ent_coef_loss   | -0.362   |
|    learning_rate   | 0.0003   |
|    n_updates       | 278999   |
---------------------------------
---------------------------------
| rollout/           |          |
|    ep_len_mean     | 1e+03    |
|    ep_rew_mean     | 300      |
| time/              |          |
|    episodes        | 284      |
|    fps             | 11       |
|    time_elapsed    | 24552    |
|    total_timesteps | 284000   |
| train/             |          |
|    actor_loss      | -67.3    |
|    critic_loss     | 0.044    |
|    ent_coef        | 0.015    |
|    ent_coef_loss   | 0.63     |
|    learning_rate   | 0.0003   |
|    n_updates       | 282999   |
---------------------------------
---------------------------------
| rollout/           |          |
|    ep_len_mean     | 1e+03    |
|    ep_rew_mean     | 304      |
| time/              |          |
|    episodes        | 288      |
|    fps             | 11       |
|    time_elapsed    | 24587    |
|    total_timesteps | 288000   |
| train/             |          |
|    actor_loss      | -64.9    |
|    critic_loss     | 0.109    |
|    ent_coef        | 0.0169   |
|    ent_coef_loss   | -1.03    |
|    learning_rate   | 0.0003   |
|    n_updates       | 286999   |
---------------------------------
---------------------------------
| rollout/           |          |
|    ep_len_mean     | 1e+03    |
|    ep_rew_mean     | 309      |
| time/              |          |
|    episodes        | 292      |
|    fps             | 11       |
|    time_elapsed    | 24621    |
|    total_timesteps | 292000   |
| train/             |          |
|    actor_loss      | -63.7    |
|    critic_loss     | 0.0397   |
|    ent_coef        | 0.0183   |
|    ent_coef_loss   | -0.321   |
|    learning_rate   | 0.0003   |
|    n_updates       | 290999   |
---------------------------------
---------------------------------
| rollout/           |          |
|    ep_len_mean     | 1e+03    |
|    ep_rew_mean     | 313      |
| time/              |          |
|    episodes        | 296      |
|    fps             | 12       |
|    time_elapsed    | 24655    |
|    total_timesteps | 296000   |
| train/             |          |
|    actor_loss      | -63.7    |
|    critic_loss     | 0.127    |
|    ent_coef        | 0.0157   |
|    ent_coef_loss   | -3.02    |
|    learning_rate   | 0.0003   |
|    n_updates       | 294999   |
---------------------------------
---------------------------------
| rollout/           |          |
|    ep_len_mean     | 1e+03    |
|    ep_rew_mean     | 316      |
| time/              |          |
|    episodes        | 300      |
|    fps             | 12       |
|    time_elapsed    | 24690    |
|    total_timesteps | 300000   |
| train/             |          |
|    actor_loss      | -65.9    |
|    critic_loss     | 0.135    |
|    ent_coef        | 0.0134   |
|    ent_coef_loss   | -1.62    |
|    learning_rate   | 0.0003   |
|    n_updates       | 298999   |
---------------------------------
---------------------------------
| rollout/           |          |
|    ep_len_mean     | 1e+03    |
|    ep_rew_mean     | 320      |
| time/              |          |
|    episodes        | 304      |
|    fps             | 12       |
|    time_elapsed    | 24724    |
|    total_timesteps | 304000   |
| train/             |          |
|    actor_loss      | -70.1    |
|    critic_loss     | 0.0946   |
|    ent_coef        | 0.0137   |
|    ent_coef_loss   | -1.53    |
|    learning_rate   | 0.0003   |
|    n_updates       | 302999   |
---------------------------------
---------------------------------
| rollout/           |          |
|    ep_len_mean     | 1e+03    |
|    ep_rew_mean     | 247      |
| time/              |          |
|    episodes        | 308      |
|    fps             | 12       |
|    time_elapsed    | 24758    |
|    total_timesteps | 308000   |
| train/             |          |
|    actor_loss      | -70      |
|    critic_loss     | 0.163    |
|    ent_coef        | 0.0258   |
|    ent_coef_loss   | -0.0439  |
|    learning_rate   | 0.0003   |
|    n_updates       | 306999   |
---------------------------------
---------------------------------
| rollout/           |          |
|    ep_len_mean     | 1e+03    |
|    ep_rew_mean     | 222      |
| time/              |          |
|    episodes        | 312      |
|    fps             | 12       |
|    time_elapsed    | 24792    |
|    total_timesteps | 312000   |
| train/             |          |
|    actor_loss      | -62.9    |
|    critic_loss     | 1.12     |
|    ent_coef        | 0.0247   |
|    ent_coef_loss   | -1.19    |
|    learning_rate   | 0.0003   |
|    n_updates       | 310999   |
---------------------------------
---------------------------------
| rollout/           |          |
|    ep_len_mean     | 1e+03    |
|    ep_rew_mean     | 193      |
| time/              |          |
|    episodes        | 316      |
|    fps             | 12       |
|    time_elapsed    | 24825    |
|    total_timesteps | 316000   |
| train/             |          |
|    actor_loss      | -72.6    |
|    critic_loss     | 0.16     |
|    ent_coef        | 0.0363   |
|    ent_coef_loss   | 1.37     |
|    learning_rate   | 0.0003   |
|    n_updates       | 314999   |
---------------------------------
---------------------------------
| rollout/           |          |
|    ep_len_mean     | 1e+03    |
|    ep_rew_mean     | 193      |
| time/              |          |
|    episodes        | 320      |
|    fps             | 12       |
|    time_elapsed    | 24859    |
|    total_timesteps | 320000   |
| train/             |          |
|    actor_loss      | -70.6    |
|    critic_loss     | 0.158    |
|    ent_coef        | 0.0337   |
|    ent_coef_loss   | 0.218    |
|    learning_rate   | 0.0003   |
|    n_updates       | 318999   |
---------------------------------
---------------------------------
| rollout/           |          |
|    ep_len_mean     | 1e+03    |
|    ep_rew_mean     | 230      |
| time/              |          |
|    episodes        | 324      |
|    fps             | 13       |
|    time_elapsed    | 24893    |
|    total_timesteps | 324000   |
| train/             |          |
|    actor_loss      | -67.5    |
|    critic_loss     | 0.147    |
|    ent_coef        | 0.0157   |
|    ent_coef_loss   | -2.11    |
|    learning_rate   | 0.0003   |
|    n_updates       | 322999   |
---------------------------------
---------------------------------
| rollout/           |          |
|    ep_len_mean     | 1e+03    |
|    ep_rew_mean     | 220      |
| time/              |          |
|    episodes        | 328      |
|    fps             | 13       |
|    time_elapsed    | 24927    |
|    total_timesteps | 328000   |
| train/             |          |
|    actor_loss      | -70.5    |
|    critic_loss     | 0.15     |
|    ent_coef        | 0.0176   |
|    ent_coef_loss   | 2.27     |
|    learning_rate   | 0.0003   |
|    n_updates       | 326999   |
---------------------------------
---------------------------------
| rollout/           |          |
|    ep_len_mean     | 1e+03    |
|    ep_rew_mean     | 222      |
| time/              |          |
|    episodes        | 332      |
|    fps             | 13       |
|    time_elapsed    | 24960    |
|    total_timesteps | 332000   |
| train/             |          |
|    actor_loss      | -70.2    |
|    critic_loss     | 0.156    |
|    ent_coef        | 0.0185   |
|    ent_coef_loss   | 0.0674   |
|    learning_rate   | 0.0003   |
|    n_updates       | 330999   |
---------------------------------
---------------------------------
| rollout/           |          |
|    ep_len_mean     | 1e+03    |
|    ep_rew_mean     | 223      |
| time/              |          |
|    episodes        | 336      |
|    fps             | 13       |
|    time_elapsed    | 24994    |
|    total_timesteps | 336000   |
| train/             |          |
|    actor_loss      | -67.5    |
|    critic_loss     | 0.107    |
|    ent_coef        | 0.0167   |
|    ent_coef_loss   | -1.47    |
|    learning_rate   | 0.0003   |
|    n_updates       | 334999   |
---------------------------------
---------------------------------
| rollout/           |          |
|    ep_len_mean     | 1e+03    |
|    ep_rew_mean     | 218      |
| time/              |          |
|    episodes        | 340      |
|    fps             | 13       |
|    time_elapsed    | 25028    |
|    total_timesteps | 340000   |
| train/             |          |
|    actor_loss      | -70.9    |
|    critic_loss     | 0.062    |
|    ent_coef        | 0.0193   |
|    ent_coef_loss   | -2.23    |
|    learning_rate   | 0.0003   |
|    n_updates       | 338999   |
---------------------------------
---------------------------------
| rollout/           |          |
|    ep_len_mean     | 1e+03    |
|    ep_rew_mean     | 220      |
| time/              |          |
|    episodes        | 344      |
|    fps             | 13       |
|    time_elapsed    | 25062    |
|    total_timesteps | 344000   |
| train/             |          |
|    actor_loss      | -64.1    |
|    critic_loss     | 0.1      |
|    ent_coef        | 0.0206   |
|    ent_coef_loss   | 0.579    |
|    learning_rate   | 0.0003   |
|    n_updates       | 342999   |
---------------------------------
---------------------------------
| rollout/           |          |
|    ep_len_mean     | 1e+03    |
|    ep_rew_mean     | 180      |
| time/              |          |
|    episodes        | 348      |
|    fps             | 13       |
|    time_elapsed    | 25096    |
|    total_timesteps | 348000   |
| train/             |          |
|    actor_loss      | -66.5    |
|    critic_loss     | 2.69     |
|    ent_coef        | 0.0169   |
|    ent_coef_loss   | 1.33     |
|    learning_rate   | 0.0003   |
|    n_updates       | 346999   |
---------------------------------
---------------------------------
| rollout/           |          |
|    ep_len_mean     | 1e+03    |
|    ep_rew_mean     | 179      |
| time/              |          |
|    episodes        | 352      |
|    fps             | 14       |
|    time_elapsed    | 25130    |
|    total_timesteps | 352000   |
| train/             |          |
|    actor_loss      | -62.3    |
|    critic_loss     | 1.28     |
|    ent_coef        | 0.0233   |
|    ent_coef_loss   | -1.72    |
|    learning_rate   | 0.0003   |
|    n_updates       | 350999   |
---------------------------------
---------------------------------
| rollout/           |          |
|    ep_len_mean     | 1e+03    |
|    ep_rew_mean     | 182      |
| time/              |          |
|    episodes        | 356      |
|    fps             | 14       |
|    time_elapsed    | 25163    |
|    total_timesteps | 356000   |
| train/             |          |
|    actor_loss      | -60.6    |
|    critic_loss     | 0.182    |
|    ent_coef        | 0.0207   |
|    ent_coef_loss   | 2.66     |
|    learning_rate   | 0.0003   |
|    n_updates       | 354999   |
---------------------------------
---------------------------------
| rollout/           |          |
|    ep_len_mean     | 1e+03    |
|    ep_rew_mean     | 210      |
| time/              |          |
|    episodes        | 360      |
|    fps             | 14       |
|    time_elapsed    | 25199    |
|    total_timesteps | 360000   |
| train/             |          |
|    actor_loss      | -69.5    |
|    critic_loss     | 0.286    |
|    ent_coef        | 0.0252   |
|    ent_coef_loss   | 0.285    |
|    learning_rate   | 0.0003   |
|    n_updates       | 358999   |
---------------------------------
---------------------------------
| rollout/           |          |
|    ep_len_mean     | 1e+03    |
|    ep_rew_mean     | 201      |
| time/              |          |
|    episodes        | 364      |
|    fps             | 14       |
|    time_elapsed    | 25233    |
|    total_timesteps | 364000   |
| train/             |          |
|    actor_loss      | -69.1    |
|    critic_loss     | 0.294    |
|    ent_coef        | 0.0369   |
|    ent_coef_loss   | -5.22    |
|    learning_rate   | 0.0003   |
|    n_updates       | 362999   |
---------------------------------
---------------------------------
| rollout/           |          |
|    ep_len_mean     | 1e+03    |
|    ep_rew_mean     | 182      |
| time/              |          |
|    episodes        | 368      |
|    fps             | 14       |
|    time_elapsed    | 25266    |
|    total_timesteps | 368000   |
| train/             |          |
|    actor_loss      | -67.2    |
|    critic_loss     | 1.19     |
|    ent_coef        | 0.0269   |
|    ent_coef_loss   | -0.00732 |
|    learning_rate   | 0.0003   |
|    n_updates       | 366999   |
---------------------------------
---------------------------------
| rollout/           |          |
|    ep_len_mean     | 1e+03    |
|    ep_rew_mean     | 188      |
| time/              |          |
|    episodes        | 372      |
|    fps             | 14       |
|    time_elapsed    | 25298    |
|    total_timesteps | 372000   |
| train/             |          |
|    actor_loss      | -67.8    |
|    critic_loss     | 0.211    |
|    ent_coef        | 0.0269   |
|    ent_coef_loss   | 1.46     |
|    learning_rate   | 0.0003   |
|    n_updates       | 370999   |
---------------------------------
---------------------------------
| rollout/           |          |
|    ep_len_mean     | 1e+03    |
|    ep_rew_mean     | 187      |
| time/              |          |
|    episodes        | 376      |
|    fps             | 14       |
|    time_elapsed    | 25331    |
|    total_timesteps | 376000   |
| train/             |          |
|    actor_loss      | -69.3    |
|    critic_loss     | 327      |
|    ent_coef        | 0.0273   |
|    ent_coef_loss   | 0.564    |
|    learning_rate   | 0.0003   |
|    n_updates       | 374999   |
---------------------------------
---------------------------------
| rollout/           |          |
|    ep_len_mean     | 1e+03    |
|    ep_rew_mean     | 188      |
| time/              |          |
|    episodes        | 380      |
|    fps             | 14       |
|    time_elapsed    | 25364    |
|    total_timesteps | 380000   |
| train/             |          |
|    actor_loss      | -68.7    |
|    critic_loss     | 0.577    |
|    ent_coef        | 0.0329   |
|    ent_coef_loss   | 0.162    |
|    learning_rate   | 0.0003   |
|    n_updates       | 378999   |
---------------------------------
---------------------------------
| rollout/           |          |
|    ep_len_mean     | 1e+03    |
|    ep_rew_mean     | 190      |
| time/              |          |
|    episodes        | 384      |
|    fps             | 15       |
|    time_elapsed    | 25396    |
|    total_timesteps | 384000   |
| train/             |          |
|    actor_loss      | -72.1    |
|    critic_loss     | 0.381    |
|    ent_coef        | 0.0363   |
|    ent_coef_loss   | 2.6      |
|    learning_rate   | 0.0003   |
|    n_updates       | 382999   |
---------------------------------
---------------------------------
| rollout/           |          |
|    ep_len_mean     | 1e+03    |
|    ep_rew_mean     | 181      |
| time/              |          |
|    episodes        | 388      |
|    fps             | 15       |
|    time_elapsed    | 25429    |
|    total_timesteps | 388000   |
| train/             |          |
|    actor_loss      | -70.9    |
|    critic_loss     | 0.127    |
|    ent_coef        | 0.0285   |
|    ent_coef_loss   | -1.01    |
|    learning_rate   | 0.0003   |
|    n_updates       | 386999   |
---------------------------------
---------------------------------
| rollout/           |          |
|    ep_len_mean     | 1e+03    |
|    ep_rew_mean     | 174      |
| time/              |          |
|    episodes        | 392      |
|    fps             | 15       |
|    time_elapsed    | 25461    |
|    total_timesteps | 392000   |
| train/             |          |
|    actor_loss      | -74.4    |
|    critic_loss     | 48.7     |
|    ent_coef        | 0.033    |
|    ent_coef_loss   | -0.252   |
|    learning_rate   | 0.0003   |
|    n_updates       | 390999   |
---------------------------------
---------------------------------
| rollout/           |          |
|    ep_len_mean     | 1e+03    |
|    ep_rew_mean     | 154      |
| time/              |          |
|    episodes        | 396      |
|    fps             | 15       |
|    time_elapsed    | 25494    |
|    total_timesteps | 396000   |
| train/             |          |
|    actor_loss      | -68      |
|    critic_loss     | 0.943    |
|    ent_coef        | 0.0231   |
|    ent_coef_loss   | -1.01    |
|    learning_rate   | 0.0003   |
|    n_updates       | 394999   |
---------------------------------
---------------------------------
| rollout/           |          |
|    ep_len_mean     | 1e+03    |
|    ep_rew_mean     | 154      |
| time/              |          |
|    episodes        | 400      |
|    fps             | 15       |
|    time_elapsed    | 25527    |
|    total_timesteps | 400000   |
| train/             |          |
|    actor_loss      | -67.8    |
|    critic_loss     | 0.508    |
|    ent_coef        | 0.036    |
|    ent_coef_loss   | 0.909    |
|    learning_rate   | 0.0003   |
|    n_updates       | 398999   |
---------------------------------
---------------------------------
| rollout/           |          |
|    ep_len_mean     | 1e+03    |
|    ep_rew_mean     | 152      |
| time/              |          |
|    episodes        | 404      |
|    fps             | 15       |
|    time_elapsed    | 25560    |
|    total_timesteps | 404000   |
| train/             |          |
|    actor_loss      | -67.8    |
|    critic_loss     | 0.37     |
|    ent_coef        | 0.0355   |
|    ent_coef_loss   | -1.81    |
|    learning_rate   | 0.0003   |
|    n_updates       | 402999   |
---------------------------------
---------------------------------
| rollout/           |          |
|    ep_len_mean     | 1e+03    |
|    ep_rew_mean     | 228      |
| time/              |          |
|    episodes        | 408      |
|    fps             | 15       |
|    time_elapsed    | 25593    |
|    total_timesteps | 408000   |
| train/             |          |
|    actor_loss      | -75      |
|    critic_loss     | 2.17     |
|    ent_coef        | 0.036    |
|    ent_coef_loss   | -1.25    |
|    learning_rate   | 0.0003   |
|    n_updates       | 406999   |
---------------------------------
---------------------------------
| rollout/           |          |
|    ep_len_mean     | 1e+03    |
|    ep_rew_mean     | 261      |
| time/              |          |
|    episodes        | 412      |
|    fps             | 16       |
|    time_elapsed    | 25625    |
|    total_timesteps | 412000   |
| train/             |          |
|    actor_loss      | -67.6    |
|    critic_loss     | 0.369    |
|    ent_coef        | 0.0311   |
|    ent_coef_loss   | 1.07     |
|    learning_rate   | 0.0003   |
|    n_updates       | 410999   |
---------------------------------
---------------------------------
| rollout/           |          |
|    ep_len_mean     | 1e+03    |
|    ep_rew_mean     | 302      |
| time/              |          |
|    episodes        | 416      |
|    fps             | 16       |
|    time_elapsed    | 25658    |
|    total_timesteps | 416000   |
| train/             |          |
|    actor_loss      | -74      |
|    critic_loss     | 0.396    |
|    ent_coef        | 0.051    |
|    ent_coef_loss   | -0.939   |
|    learning_rate   | 0.0003   |
|    n_updates       | 414999   |
---------------------------------
---------------------------------
| rollout/           |          |
|    ep_len_mean     | 1e+03    |
|    ep_rew_mean     | 304      |
| time/              |          |
|    episodes        | 420      |
|    fps             | 16       |
|    time_elapsed    | 25691    |
|    total_timesteps | 420000   |
| train/             |          |
|    actor_loss      | -76.2    |
|    critic_loss     | 0.499    |
|    ent_coef        | 0.0412   |
|    ent_coef_loss   | 5.81     |
|    learning_rate   | 0.0003   |
|    n_updates       | 418999   |
---------------------------------
---------------------------------
| rollout/           |          |
|    ep_len_mean     | 1e+03    |
|    ep_rew_mean     | 278      |
| time/              |          |
|    episodes        | 424      |
|    fps             | 16       |
|    time_elapsed    | 25723    |
|    total_timesteps | 424000   |
| train/             |          |
|    actor_loss      | -68.2    |
|    critic_loss     | 0.573    |
|    ent_coef        | 0.0537   |
|    ent_coef_loss   | -0.901   |
|    learning_rate   | 0.0003   |
|    n_updates       | 422999   |
---------------------------------
---------------------------------
| rollout/           |          |
|    ep_len_mean     | 1e+03    |
|    ep_rew_mean     | 282      |
| time/              |          |
|    episodes        | 428      |
|    fps             | 16       |
|    time_elapsed    | 25756    |
|    total_timesteps | 428000   |
| train/             |          |
|    actor_loss      | -74      |
|    critic_loss     | 0.386    |
|    ent_coef        | 0.0271   |
|    ent_coef_loss   | 0.797    |
|    learning_rate   | 0.0003   |
|    n_updates       | 426999   |
---------------------------------
---------------------------------
| rollout/           |          |
|    ep_len_mean     | 1e+03    |
|    ep_rew_mean     | 284      |
| time/              |          |
|    episodes        | 432      |
|    fps             | 16       |
|    time_elapsed    | 25789    |
|    total_timesteps | 432000   |
| train/             |          |
|    actor_loss      | -74      |
|    critic_loss     | 0.202    |
|    ent_coef        | 0.0216   |
|    ent_coef_loss   | 0.414    |
|    learning_rate   | 0.0003   |
|    n_updates       | 430999   |
---------------------------------
---------------------------------
| rollout/           |          |
|    ep_len_mean     | 1e+03    |
|    ep_rew_mean     | 281      |
| time/              |          |
|    episodes        | 436      |
|    fps             | 16       |
|    time_elapsed    | 25822    |
|    total_timesteps | 436000   |
| train/             |          |
|    actor_loss      | -71.8    |
|    critic_loss     | 0.267    |
|    ent_coef        | 0.0237   |
|    ent_coef_loss   | 0.921    |
|    learning_rate   | 0.0003   |
|    n_updates       | 434999   |
---------------------------------
---------------------------------
| rollout/           |          |
|    ep_len_mean     | 1e+03    |
|    ep_rew_mean     | 289      |
| time/              |          |
|    episodes        | 440      |
|    fps             | 17       |
|    time_elapsed    | 25855    |
|    total_timesteps | 440000   |
| train/             |          |
|    actor_loss      | -69.1    |
|    critic_loss     | 0.462    |
|    ent_coef        | 0.0377   |
|    ent_coef_loss   | 3.15     |
|    learning_rate   | 0.0003   |
|    n_updates       | 438999   |
---------------------------------
---------------------------------
| rollout/           |          |
|    ep_len_mean     | 1e+03    |
|    ep_rew_mean     | 291      |
| time/              |          |
|    episodes        | 444      |
|    fps             | 17       |
|    time_elapsed    | 25888    |
|    total_timesteps | 444000   |
| train/             |          |
|    actor_loss      | -71      |
|    critic_loss     | 0.43     |
|    ent_coef        | 0.0296   |
|    ent_coef_loss   | -1.57    |
|    learning_rate   | 0.0003   |
|    n_updates       | 442999   |
---------------------------------
---------------------------------
| rollout/           |          |
|    ep_len_mean     | 1e+03    |
|    ep_rew_mean     | 335      |
| time/              |          |
|    episodes        | 448      |
|    fps             | 17       |
|    time_elapsed    | 25920    |
|    total_timesteps | 448000   |
| train/             |          |
|    actor_loss      | -70.2    |
|    critic_loss     | 0.431    |
|    ent_coef        | 0.0344   |
|    ent_coef_loss   | -0.139   |
|    learning_rate   | 0.0003   |
|    n_updates       | 446999   |
---------------------------------
---------------------------------
| rollout/           |          |
|    ep_len_mean     | 1e+03    |
|    ep_rew_mean     | 338      |
| time/              |          |
|    episodes        | 452      |
|    fps             | 17       |
|    time_elapsed    | 25953    |
|    total_timesteps | 452000   |
| train/             |          |
|    actor_loss      | -72.8    |
|    critic_loss     | 0.121    |
|    ent_coef        | 0.0242   |
|    ent_coef_loss   | 0.151    |
|    learning_rate   | 0.0003   |
|    n_updates       | 450999   |
---------------------------------
---------------------------------
| rollout/           |          |
|    ep_len_mean     | 1e+03    |
|    ep_rew_mean     | 318      |
| time/              |          |
|    episodes        | 456      |
|    fps             | 17       |
|    time_elapsed    | 25986    |
|    total_timesteps | 456000   |
| train/             |          |
|    actor_loss      | -75.3    |
|    critic_loss     | 66       |
|    ent_coef        | 0.0205   |
|    ent_coef_loss   | 1.56     |
|    learning_rate   | 0.0003   |
|    n_updates       | 454999   |
---------------------------------
---------------------------------
| rollout/           |          |
|    ep_len_mean     | 1e+03    |
|    ep_rew_mean     | 320      |
| time/              |          |
|    episodes        | 460      |
|    fps             | 17       |
|    time_elapsed    | 26018    |
|    total_timesteps | 460000   |
| train/             |          |
|    actor_loss      | -69.1    |
|    critic_loss     | 0.108    |
|    ent_coef        | 0.0274   |
|    ent_coef_loss   | 0.409    |
|    learning_rate   | 0.0003   |
|    n_updates       | 458999   |
---------------------------------
---------------------------------
| rollout/           |          |
|    ep_len_mean     | 1e+03    |
|    ep_rew_mean     | 346      |
| time/              |          |
|    episodes        | 464      |
|    fps             | 17       |
|    time_elapsed    | 26051    |
|    total_timesteps | 464000   |
| train/             |          |
|    actor_loss      | -69.2    |
|    critic_loss     | 0.17     |
|    ent_coef        | 0.0286   |
|    ent_coef_loss   | -0.156   |
|    learning_rate   | 0.0003   |
|    n_updates       | 462999   |
---------------------------------
---------------------------------
| rollout/           |          |
|    ep_len_mean     | 1e+03    |
|    ep_rew_mean     | 374      |
| time/              |          |
|    episodes        | 468      |
|    fps             | 17       |
|    time_elapsed    | 26084    |
|    total_timesteps | 468000   |
| train/             |          |
|    actor_loss      | -71.9    |
|    critic_loss     | 1.38     |
|    ent_coef        | 0.027    |
|    ent_coef_loss   | 2.32     |
|    learning_rate   | 0.0003   |
|    n_updates       | 466999   |
---------------------------------
---------------------------------
| rollout/           |          |
|    ep_len_mean     | 1e+03    |
|    ep_rew_mean     | 347      |
| time/              |          |
|    episodes        | 472      |
|    fps             | 18       |
|    time_elapsed    | 26116    |
|    total_timesteps | 472000   |
| train/             |          |
|    actor_loss      | -74.1    |
|    critic_loss     | 0.279    |
|    ent_coef        | 0.0396   |
|    ent_coef_loss   | 2.72     |
|    learning_rate   | 0.0003   |
|    n_updates       | 470999   |
---------------------------------
---------------------------------
| rollout/           |          |
|    ep_len_mean     | 1e+03    |
|    ep_rew_mean     | 329      |
| time/              |          |
|    episodes        | 476      |
|    fps             | 18       |
|    time_elapsed    | 26149    |
|    total_timesteps | 476000   |
| train/             |          |
|    actor_loss      | -75.5    |
|    critic_loss     | 0.337    |
|    ent_coef        | 0.0414   |
|    ent_coef_loss   | -1.13    |
|    learning_rate   | 0.0003   |
|    n_updates       | 474999   |
---------------------------------
---------------------------------
| rollout/           |          |
|    ep_len_mean     | 1e+03    |
|    ep_rew_mean     | 326      |
| time/              |          |
|    episodes        | 480      |
|    fps             | 18       |
|    time_elapsed    | 26182    |
|    total_timesteps | 480000   |
| train/             |          |
|    actor_loss      | -76.1    |
|    critic_loss     | 0.321    |
|    ent_coef        | 0.0271   |
|    ent_coef_loss   | -2.23    |
|    learning_rate   | 0.0003   |
|    n_updates       | 478999   |
---------------------------------
---------------------------------
| rollout/           |          |
|    ep_len_mean     | 1e+03    |
|    ep_rew_mean     | 323      |
| time/              |          |
|    episodes        | 484      |
|    fps             | 18       |
|    time_elapsed    | 26215    |
|    total_timesteps | 484000   |
| train/             |          |
|    actor_loss      | -70.4    |
|    critic_loss     | 0.641    |
|    ent_coef        | 0.0307   |
|    ent_coef_loss   | 0.00616  |
|    learning_rate   | 0.0003   |
|    n_updates       | 482999   |
---------------------------------
---------------------------------
| rollout/           |          |
|    ep_len_mean     | 1e+03    |
|    ep_rew_mean     | 327      |
| time/              |          |
|    episodes        | 488      |
|    fps             | 18       |
|    time_elapsed    | 26248    |
|    total_timesteps | 488000   |
| train/             |          |
|    actor_loss      | -74.6    |
|    critic_loss     | 0.745    |
|    ent_coef        | 0.0331   |
|    ent_coef_loss   | -2.93    |
|    learning_rate   | 0.0003   |
|    n_updates       | 486999   |
---------------------------------
---------------------------------
| rollout/           |          |
|    ep_len_mean     | 1e+03    |
|    ep_rew_mean     | 316      |
| time/              |          |
|    episodes        | 492      |
|    fps             | 18       |
|    time_elapsed    | 26281    |
|    total_timesteps | 492000   |
| train/             |          |
|    actor_loss      | -74.4    |
|    critic_loss     | 1.06     |
|    ent_coef        | 0.0316   |
|    ent_coef_loss   | 6.42     |
|    learning_rate   | 0.0003   |
|    n_updates       | 490999   |
---------------------------------
---------------------------------
| rollout/           |          |
|    ep_len_mean     | 1e+03    |
|    ep_rew_mean     | 334      |
| time/              |          |
|    episodes        | 496      |
|    fps             | 18       |
|    time_elapsed    | 26314    |
|    total_timesteps | 496000   |
| train/             |          |
|    actor_loss      | -73.1    |
|    critic_loss     | 0.224    |
|    ent_coef        | 0.0256   |
|    ent_coef_loss   | -1.84    |
|    learning_rate   | 0.0003   |
|    n_updates       | 494999   |
---------------------------------
---------------------------------
| rollout/           |          |
|    ep_len_mean     | 1e+03    |
|    ep_rew_mean     | 322      |
| time/              |          |
|    episodes        | 500      |
|    fps             | 18       |
|    time_elapsed    | 26344    |
|    total_timesteps | 500000   |
| train/             |          |
|    actor_loss      | -74.7    |
|    critic_loss     | 0.341    |
|    ent_coef        | 0.0174   |
|    ent_coef_loss   | -0.949   |
|    learning_rate   | 0.0003   |
|    n_updates       | 498999   |
---------------------------------
[2026-06-23T22:25:47] Training complete in 26344.2s
[2026-06-23T22:25:47] Episodes: 500
[2026-06-23T22:25:47] Best reward: 588.59
[2026-06-23T22:25:47] Mean reward (100ep): 322.34
[2026-06-23T22:25:47] Final goal tolerance: 0.6
[2026-06-23T22:25:47] Curriculum stage: 0
[2026-06-23T22:25:47] Saved: {'model': 'C:\\Users\\ranjo\\OneDrive\\Desktop\\ARM-Model\\project_assets\\outputs\\Parallel_Seeds\\seed_016\\sac_model', 'history': 'C:\\Users\\ranjo\\OneDrive\\Desktop\\ARM-Model\\project_assets\\outputs\\Parallel_Seeds\\seed_016\\training_history.csv', 'stats': 'C:\\Users\\ranjo\\OneDrive\\Desktop\\ARM-Model\\project_assets\\outputs\\Parallel_Seeds\\seed_016\\training_stats.json'}
[2026-06-23T22:25:47] Running Fitts' Law sweep (10 trials per condition)...
[2026-06-23T22:26:01] Fitts sweep complete in 13.7s
[2026-06-23T22:26:01] Fitts: MT = +0.0261 + +0.0430 * ID, R^2 = 0.6072 (n_conditions = 19, trials_per_condition = 10)
[2026-06-23T22:26:01] Saved: C:\Users\ranjo\OneDrive\Desktop\ARM-Model\project_assets\outputs\Parallel_Seeds\seed_016\fitts_law.json
[2026-06-23T22:26:01] Saved: C:\Users\ranjo\OneDrive\Desktop\ARM-Model\project_assets\outputs\Parallel_Seeds\seed_016\fitts_law.png
[2026-06-23T22:26:01] Running 2/3 Power Law sweep (20 trials)...
[2026-06-23T22:26:02] Power Law sweep complete in 0.9s
[2026-06-23T22:26:02] Power Law: log V = +0.0947 + -0.4456 * log C, R = -0.7130, R^2 = 0.5083 (n_samples = 3737, n_trials = 0/20)
[2026-06-23T22:26:02] Saved: C:\Users\ranjo\OneDrive\Desktop\ARM-Model\project_assets\outputs\Parallel_Seeds\seed_016\power_law.json
[2026-06-23T22:26:02] Saved: C:\Users\ranjo\OneDrive\Desktop\ARM-Model\project_assets\outputs\Parallel_Seeds\seed_016\power_law.png
[2026-06-23T22:26:02] Session complete. Total wall time: 7:19:19.956231
[2026-06-23T22:26:02] ============================================================
