[2026-06-21T18:02:00] Starting Fischer session: algorithm=SAC, timesteps=500,000, direction=EAST, actuation=muscle, waypoints=[[2.3, -1.0], [1.0, 1.5], [2.5, 0.0]]
[2026-06-21T18:02:00] Save dir: C:\Users\ranjo\OneDrive\Desktop\ARM-Model\project_assets\outputs\Parallel_Seeds\seed_04
[2026-06-21T18:02:00] Waypoint mode active: 3 waypoints, current_waypoint_index=0 at every episode reset
Using cpu device
Wrapping the env with a `Monitor` wrapper
Wrapping the env in a DummyVecEnv.
----------------------------------
| rollout/           |           |
|    ep_len_mean     | 1e+03     |
|    ep_rew_mean     | -6.66e+03 |
| time/              |           |
|    episodes        | 4         |
|    fps             | 41        |
|    time_elapsed    | 96        |
|    total_timesteps | 4000      |
| train/             |           |
|    actor_loss      | 68.1      |
|    critic_loss     | 0.588     |
|    ent_coef        | 0.411     |
|    ent_coef_loss   | -5.56     |
|    learning_rate   | 0.0003    |
|    n_updates       | 2999      |
----------------------------------
----------------------------------
| rollout/           |           |
|    ep_len_mean     | 1e+03     |
|    ep_rew_mean     | -3.81e+03 |
| time/              |           |
|    episodes        | 8         |
|    fps             | 37        |
|    time_elapsed    | 213       |
|    total_timesteps | 8000      |
| train/             |           |
|    actor_loss      | 95.6      |
|    critic_loss     | 2.57      |
|    ent_coef        | 0.158     |
|    ent_coef_loss   | -3.38     |
|    learning_rate   | 0.0003    |
|    n_updates       | 6999      |
----------------------------------
----------------------------------
| rollout/           |           |
|    ep_len_mean     | 1e+03     |
|    ep_rew_mean     | -2.55e+03 |
| time/              |           |
|    episodes        | 12        |
|    fps             | 36        |
|    time_elapsed    | 329       |
|    total_timesteps | 12000     |
| train/             |           |
|    actor_loss      | 47.2      |
|    critic_loss     | 35.2      |
|    ent_coef        | 0.204     |
|    ent_coef_loss   | 1.47      |
|    learning_rate   | 0.0003    |
|    n_updates       | 10999     |
----------------------------------
----------------------------------
| rollout/           |           |
|    ep_len_mean     | 1e+03     |
|    ep_rew_mean     | -2.06e+03 |
| time/              |           |
|    episodes        | 16        |
|    fps             | 36        |
|    time_elapsed    | 436       |
|    total_timesteps | 16000     |
| train/             |           |
|    actor_loss      | 35.7      |
|    critic_loss     | 10.8      |
|    ent_coef        | 0.243     |
|    ent_coef_loss   | -0.04     |
|    learning_rate   | 0.0003    |
|    n_updates       | 14999     |
----------------------------------
----------------------------------
| rollout/           |           |
|    ep_len_mean     | 1e+03     |
|    ep_rew_mean     | -1.81e+03 |
| time/              |           |
|    episodes        | 20        |
|    fps             | 36        |
|    time_elapsed    | 542       |
|    total_timesteps | 20000     |
| train/             |           |
|    actor_loss      | 20.2      |
|    critic_loss     | 16.5      |
|    ent_coef        | 0.238     |
|    ent_coef_loss   | -0.0967   |
|    learning_rate   | 0.0003    |
|    n_updates       | 18999     |
----------------------------------
----------------------------------
| rollout/           |           |
|    ep_len_mean     | 1e+03     |
|    ep_rew_mean     | -1.93e+03 |
| time/              |           |
|    episodes        | 24        |
|    fps             | 36        |
|    time_elapsed    | 649       |
|    total_timesteps | 24000     |
| train/             |           |
|    actor_loss      | 0.989     |
|    critic_loss     | 9.32      |
|    ent_coef        | 0.225     |
|    ent_coef_loss   | 0.189     |
|    learning_rate   | 0.0003    |
|    n_updates       | 22999     |
----------------------------------
----------------------------------
| rollout/           |           |
|    ep_len_mean     | 1e+03     |
|    ep_rew_mean     | -1.96e+03 |
| time/              |           |
|    episodes        | 28        |
|    fps             | 36        |
|    time_elapsed    | 756       |
|    total_timesteps | 28000     |
| train/             |           |
|    actor_loss      | -7.41     |
|    critic_loss     | 15.5      |
|    ent_coef        | 0.275     |
|    ent_coef_loss   | -0.129    |
|    learning_rate   | 0.0003    |
|    n_updates       | 26999     |
----------------------------------
----------------------------------
| rollout/           |           |
|    ep_len_mean     | 1e+03     |
|    ep_rew_mean     | -1.92e+03 |
| time/              |           |
|    episodes        | 32        |
|    fps             | 37        |
|    time_elapsed    | 863       |
|    total_timesteps | 32000     |
| train/             |           |
|    actor_loss      | -37.9     |
|    critic_loss     | 11.2      |
|    ent_coef        | 0.31      |
|    ent_coef_loss   | -0.458    |
|    learning_rate   | 0.0003    |
|    n_updates       | 30999     |
----------------------------------
----------------------------------
| rollout/           |           |
|    ep_len_mean     | 1e+03     |
|    ep_rew_mean     | -1.85e+03 |
| time/              |           |
|    episodes        | 36        |
|    fps             | 37        |
|    time_elapsed    | 970       |
|    total_timesteps | 36000     |
| train/             |           |
|    actor_loss      | -33.3     |
|    critic_loss     | 10.9      |
|    ent_coef        | 0.365     |
|    ent_coef_loss   | -0.209    |
|    learning_rate   | 0.0003    |
|    n_updates       | 34999     |
----------------------------------
----------------------------------
| rollout/           |           |
|    ep_len_mean     | 1e+03     |
|    ep_rew_mean     | -1.85e+03 |
| time/              |           |
|    episodes        | 40        |
|    fps             | 37        |
|    time_elapsed    | 1077      |
|    total_timesteps | 40000     |
| train/             |           |
|    actor_loss      | -56       |
|    critic_loss     | 8.82      |
|    ent_coef        | 0.323     |
|    ent_coef_loss   | 0.0611    |
|    learning_rate   | 0.0003    |
|    n_updates       | 38999     |
----------------------------------
----------------------------------
| rollout/           |           |
|    ep_len_mean     | 1e+03     |
|    ep_rew_mean     | -1.85e+03 |
| time/              |           |
|    episodes        | 44        |
|    fps             | 37        |
|    time_elapsed    | 1184      |
|    total_timesteps | 44000     |
| train/             |           |
|    actor_loss      | -124      |
|    critic_loss     | 226       |
|    ent_coef        | 0.396     |
|    ent_coef_loss   | 0.0522    |
|    learning_rate   | 0.0003    |
|    n_updates       | 42999     |
----------------------------------
----------------------------------
| rollout/           |           |
|    ep_len_mean     | 1e+03     |
|    ep_rew_mean     | -1.86e+03 |
| time/              |           |
|    episodes        | 48        |
|    fps             | 37        |
|    time_elapsed    | 1292      |
|    total_timesteps | 48000     |
| train/             |           |
|    actor_loss      | -174      |
|    critic_loss     | 18        |
|    ent_coef        | 0.336     |
|    ent_coef_loss   | 0.116     |
|    learning_rate   | 0.0003    |
|    n_updates       | 46999     |
----------------------------------
----------------------------------
| rollout/           |           |
|    ep_len_mean     | 1e+03     |
|    ep_rew_mean     | -1.84e+03 |
| time/              |           |
|    episodes        | 52        |
|    fps             | 37        |
|    time_elapsed    | 1400      |
|    total_timesteps | 52000     |
| train/             |           |
|    actor_loss      | -193      |
|    critic_loss     | 8.03      |
|    ent_coef        | 0.309     |
|    ent_coef_loss   | 0.241     |
|    learning_rate   | 0.0003    |
|    n_updates       | 50999     |
----------------------------------
----------------------------------
| rollout/           |           |
|    ep_len_mean     | 1e+03     |
|    ep_rew_mean     | -1.82e+03 |
| time/              |           |
|    episodes        | 56        |
|    fps             | 37        |
|    time_elapsed    | 1509      |
|    total_timesteps | 56000     |
| train/             |           |
|    actor_loss      | -202      |
|    critic_loss     | 9.14      |
|    ent_coef        | 0.309     |
|    ent_coef_loss   | -0.233    |
|    learning_rate   | 0.0003    |
|    n_updates       | 54999     |
----------------------------------
----------------------------------
| rollout/           |           |
|    ep_len_mean     | 1e+03     |
|    ep_rew_mean     | -1.78e+03 |
| time/              |           |
|    episodes        | 60        |
|    fps             | 37        |
|    time_elapsed    | 1618      |
|    total_timesteps | 60000     |
| train/             |           |
|    actor_loss      | -204      |
|    critic_loss     | 6.27      |
|    ent_coef        | 0.246     |
|    ent_coef_loss   | -0.341    |
|    learning_rate   | 0.0003    |
|    n_updates       | 58999     |
----------------------------------
----------------------------------
| rollout/           |           |
|    ep_len_mean     | 1e+03     |
|    ep_rew_mean     | -1.77e+03 |
| time/              |           |
|    episodes        | 64        |
|    fps             | 37        |
|    time_elapsed    | 1728      |
|    total_timesteps | 64000     |
| train/             |           |
|    actor_loss      | -175      |
|    critic_loss     | 7.72      |
|    ent_coef        | 0.217     |
|    ent_coef_loss   | -0.136    |
|    learning_rate   | 0.0003    |
|    n_updates       | 62999     |
----------------------------------
----------------------------------
| rollout/           |           |
|    ep_len_mean     | 1e+03     |
|    ep_rew_mean     | -1.78e+03 |
| time/              |           |
|    episodes        | 68        |
|    fps             | 36        |
|    time_elapsed    | 1838      |
|    total_timesteps | 68000     |
| train/             |           |
|    actor_loss      | -150      |
|    critic_loss     | 17.2      |
|    ent_coef        | 0.191     |
|    ent_coef_loss   | 0.14      |
|    learning_rate   | 0.0003    |
|    n_updates       | 66999     |
----------------------------------
----------------------------------
| rollout/           |           |
|    ep_len_mean     | 1e+03     |
|    ep_rew_mean     | -1.76e+03 |
| time/              |           |
|    episodes        | 72        |
|    fps             | 36        |
|    time_elapsed    | 1948      |
|    total_timesteps | 72000     |
| train/             |           |
|    actor_loss      | -121      |
|    critic_loss     | 2.89      |
|    ent_coef        | 0.174     |
|    ent_coef_loss   | -0.346    |
|    learning_rate   | 0.0003    |
|    n_updates       | 70999     |
----------------------------------
----------------------------------
| rollout/           |           |
|    ep_len_mean     | 1e+03     |
|    ep_rew_mean     | -1.79e+03 |
| time/              |           |
|    episodes        | 76        |
|    fps             | 36        |
|    time_elapsed    | 2059      |
|    total_timesteps | 76000     |
| train/             |           |
|    actor_loss      | -103      |
|    critic_loss     | 4.07      |
|    ent_coef        | 0.138     |
|    ent_coef_loss   | 0.074     |
|    learning_rate   | 0.0003    |
|    n_updates       | 74999     |
----------------------------------
----------------------------------
| rollout/           |           |
|    ep_len_mean     | 1e+03     |
|    ep_rew_mean     | -1.72e+03 |
| time/              |           |
|    episodes        | 80        |
|    fps             | 36        |
|    time_elapsed    | 2169      |
|    total_timesteps | 80000     |
| train/             |           |
|    actor_loss      | -92.4     |
|    critic_loss     | 3.32      |
|    ent_coef        | 0.195     |
|    ent_coef_loss   | 0.246     |
|    learning_rate   | 0.0003    |
|    n_updates       | 78999     |
----------------------------------
----------------------------------
| rollout/           |           |
|    ep_len_mean     | 1e+03     |
|    ep_rew_mean     | -1.63e+03 |
| time/              |           |
|    episodes        | 84        |
|    fps             | 36        |
|    time_elapsed    | 2280      |
|    total_timesteps | 84000     |
| train/             |           |
|    actor_loss      | -83.3     |
|    critic_loss     | 3.95      |
|    ent_coef        | 0.174     |
|    ent_coef_loss   | 0.0245    |
|    learning_rate   | 0.0003    |
|    n_updates       | 82999     |
----------------------------------
----------------------------------
| rollout/           |           |
|    ep_len_mean     | 1e+03     |
|    ep_rew_mean     | -1.56e+03 |
| time/              |           |
|    episodes        | 88        |
|    fps             | 36        |
|    time_elapsed    | 2391      |
|    total_timesteps | 88000     |
| train/             |           |
|    actor_loss      | -81.5     |
|    critic_loss     | 2.95      |
|    ent_coef        | 0.138     |
|    ent_coef_loss   | 0.0335    |
|    learning_rate   | 0.0003    |
|    n_updates       | 86999     |
----------------------------------
----------------------------------
| rollout/           |           |
|    ep_len_mean     | 1e+03     |
|    ep_rew_mean     | -1.48e+03 |
| time/              |           |
|    episodes        | 92        |
|    fps             | 36        |
|    time_elapsed    | 2501      |
|    total_timesteps | 92000     |
| train/             |           |
|    actor_loss      | -63.8     |
|    critic_loss     | 3.45      |
|    ent_coef        | 0.134     |
|    ent_coef_loss   | 1.11      |
|    learning_rate   | 0.0003    |
|    n_updates       | 90999     |
----------------------------------
----------------------------------
| rollout/           |           |
|    ep_len_mean     | 1e+03     |
|    ep_rew_mean     | -1.41e+03 |
| time/              |           |
|    episodes        | 96        |
|    fps             | 36        |
|    time_elapsed    | 2611      |
|    total_timesteps | 96000     |
| train/             |           |
|    actor_loss      | -68.8     |
|    critic_loss     | 2.7       |
|    ent_coef        | 0.167     |
|    ent_coef_loss   | 0.0592    |
|    learning_rate   | 0.0003    |
|    n_updates       | 94999     |
----------------------------------
----------------------------------
| rollout/           |           |
|    ep_len_mean     | 1e+03     |
|    ep_rew_mean     | -1.34e+03 |
| time/              |           |
|    episodes        | 100       |
|    fps             | 36        |
|    time_elapsed    | 2722      |
|    total_timesteps | 100000    |
| train/             |           |
|    actor_loss      | -66.9     |
|    critic_loss     | 3.83      |
|    ent_coef        | 0.175     |
|    ent_coef_loss   | -0.237    |
|    learning_rate   | 0.0003    |
|    n_updates       | 98999     |
----------------------------------
----------------------------------
| rollout/           |           |
|    ep_len_mean     | 1e+03     |
|    ep_rew_mean     | -1.08e+03 |
| time/              |           |
|    episodes        | 104       |
|    fps             | 36        |
|    time_elapsed    | 2832      |
|    total_timesteps | 104000    |
| train/             |           |
|    actor_loss      | -63       |
|    critic_loss     | 3.48      |
|    ent_coef        | 0.168     |
|    ent_coef_loss   | 0.178     |
|    learning_rate   | 0.0003    |
|    n_updates       | 102999    |
----------------------------------
----------------------------------
| rollout/           |           |
|    ep_len_mean     | 1e+03     |
|    ep_rew_mean     | -1.05e+03 |
| time/              |           |
|    episodes        | 108       |
|    fps             | 36        |
|    time_elapsed    | 2943      |
|    total_timesteps | 108000    |
| train/             |           |
|    actor_loss      | -64.5     |
|    critic_loss     | 2.35      |
|    ent_coef        | 0.151     |
|    ent_coef_loss   | -0.196    |
|    learning_rate   | 0.0003    |
|    n_updates       | 106999    |
----------------------------------
----------------------------------
| rollout/           |           |
|    ep_len_mean     | 1e+03     |
|    ep_rew_mean     | -1.07e+03 |
| time/              |           |
|    episodes        | 112       |
|    fps             | 36        |
|    time_elapsed    | 3054      |
|    total_timesteps | 112000    |
| train/             |           |
|    actor_loss      | -56.2     |
|    critic_loss     | 6.08      |
|    ent_coef        | 0.138     |
|    ent_coef_loss   | -0.0408   |
|    learning_rate   | 0.0003    |
|    n_updates       | 110999    |
----------------------------------
----------------------------------
| rollout/           |           |
|    ep_len_mean     | 1e+03     |
|    ep_rew_mean     | -1.07e+03 |
| time/              |           |
|    episodes        | 116       |
|    fps             | 36        |
|    time_elapsed    | 3164      |
|    total_timesteps | 116000    |
| train/             |           |
|    actor_loss      | -45.8     |
|    critic_loss     | 1.91      |
|    ent_coef        | 0.122     |
|    ent_coef_loss   | -0.65     |
|    learning_rate   | 0.0003    |
|    n_updates       | 114999    |
----------------------------------
----------------------------------
| rollout/           |           |
|    ep_len_mean     | 1e+03     |
|    ep_rew_mean     | -1.02e+03 |
| time/              |           |
|    episodes        | 120       |
|    fps             | 36        |
|    time_elapsed    | 3275      |
|    total_timesteps | 120000    |
| train/             |           |
|    actor_loss      | -43       |
|    critic_loss     | 3.73      |
|    ent_coef        | 0.126     |
|    ent_coef_loss   | -0.0725   |
|    learning_rate   | 0.0003    |
|    n_updates       | 118999    |
----------------------------------
---------------------------------
| rollout/           |          |
|    ep_len_mean     | 1e+03    |
|    ep_rew_mean     | -893     |
| time/              |          |
|    episodes        | 124      |
|    fps             | 36       |
|    time_elapsed    | 3386     |
|    total_timesteps | 124000   |
| train/             |          |
|    actor_loss      | -57.2    |
|    critic_loss     | 5.43     |
|    ent_coef        | 0.099    |
|    ent_coef_loss   | 0.0797   |
|    learning_rate   | 0.0003   |
|    n_updates       | 122999   |
---------------------------------
---------------------------------
| rollout/           |          |
|    ep_len_mean     | 1e+03    |
|    ep_rew_mean     | -796     |
| time/              |          |
|    episodes        | 128      |
|    fps             | 36       |
|    time_elapsed    | 3497     |
|    total_timesteps | 128000   |
| train/             |          |
|    actor_loss      | -53.1    |
|    critic_loss     | 1.7      |
|    ent_coef        | 0.108    |
|    ent_coef_loss   | -0.0105  |
|    learning_rate   | 0.0003   |
|    n_updates       | 126999   |
---------------------------------
---------------------------------
| rollout/           |          |
|    ep_len_mean     | 1e+03    |
|    ep_rew_mean     | -711     |
| time/              |          |
|    episodes        | 132      |
|    fps             | 36       |
|    time_elapsed    | 3609     |
|    total_timesteps | 132000   |
| train/             |          |
|    actor_loss      | -43.3    |
|    critic_loss     | 4.67     |
|    ent_coef        | 0.11     |
|    ent_coef_loss   | -0.0243  |
|    learning_rate   | 0.0003   |
|    n_updates       | 130999   |
---------------------------------
---------------------------------
| rollout/           |          |
|    ep_len_mean     | 1e+03    |
|    ep_rew_mean     | -629     |
| time/              |          |
|    episodes        | 136      |
|    fps             | 36       |
|    time_elapsed    | 3720     |
|    total_timesteps | 136000   |
| train/             |          |
|    actor_loss      | -42.9    |
|    critic_loss     | 0.994    |
|    ent_coef        | 0.101    |
|    ent_coef_loss   | 0.355    |
|    learning_rate   | 0.0003   |
|    n_updates       | 134999   |
---------------------------------
---------------------------------
| rollout/           |          |
|    ep_len_mean     | 1e+03    |
|    ep_rew_mean     | -524     |
| time/              |          |
|    episodes        | 140      |
|    fps             | 36       |
|    time_elapsed    | 3828     |
|    total_timesteps | 140000   |
| train/             |          |
|    actor_loss      | -39.6    |
|    critic_loss     | 0.947    |
|    ent_coef        | 0.109    |
|    ent_coef_loss   | 0.845    |
|    learning_rate   | 0.0003   |
|    n_updates       | 138999   |
---------------------------------
---------------------------------
| rollout/           |          |
|    ep_len_mean     | 1e+03    |
|    ep_rew_mean     | -419     |
| time/              |          |
|    episodes        | 144      |
|    fps             | 36       |
|    time_elapsed    | 3933     |
|    total_timesteps | 144000   |
| train/             |          |
|    actor_loss      | -37.6    |
|    critic_loss     | 0.754    |
|    ent_coef        | 0.108    |
|    ent_coef_loss   | -0.434   |
|    learning_rate   | 0.0003   |
|    n_updates       | 142999   |
---------------------------------
---------------------------------
| rollout/           |          |
|    ep_len_mean     | 1e+03    |
|    ep_rew_mean     | -309     |
| time/              |          |
|    episodes        | 148      |
|    fps             | 36       |
|    time_elapsed    | 4039     |
|    total_timesteps | 148000   |
| train/             |          |
|    actor_loss      | -33.9    |
|    critic_loss     | 2.92     |
|    ent_coef        | 0.103    |
|    ent_coef_loss   | 0.15     |
|    learning_rate   | 0.0003   |
|    n_updates       | 146999   |
---------------------------------
---------------------------------
| rollout/           |          |
|    ep_len_mean     | 1e+03    |
|    ep_rew_mean     | -215     |
| time/              |          |
|    episodes        | 152      |
|    fps             | 36       |
|    time_elapsed    | 4145     |
|    total_timesteps | 152000   |
| train/             |          |
|    actor_loss      | -33      |
|    critic_loss     | 1.96     |
|    ent_coef        | 0.106    |
|    ent_coef_loss   | 0.556    |
|    learning_rate   | 0.0003   |
|    n_updates       | 150999   |
---------------------------------
---------------------------------
| rollout/           |          |
|    ep_len_mean     | 1e+03    |
|    ep_rew_mean     | -123     |
| time/              |          |
|    episodes        | 156      |
|    fps             | 36       |
|    time_elapsed    | 4251     |
|    total_timesteps | 156000   |
| train/             |          |
|    actor_loss      | -41      |
|    critic_loss     | 0.882    |
|    ent_coef        | 0.1      |
|    ent_coef_loss   | 0.741    |
|    learning_rate   | 0.0003   |
|    n_updates       | 154999   |
---------------------------------
---------------------------------
| rollout/           |          |
|    ep_len_mean     | 1e+03    |
|    ep_rew_mean     | -56.3    |
| time/              |          |
|    episodes        | 160      |
|    fps             | 36       |
|    time_elapsed    | 4357     |
|    total_timesteps | 160000   |
| train/             |          |
|    actor_loss      | -43.4    |
|    critic_loss     | 1.12     |
|    ent_coef        | 0.0983   |
|    ent_coef_loss   | -0.419   |
|    learning_rate   | 0.0003   |
|    n_updates       | 158999   |
---------------------------------
---------------------------------
| rollout/           |          |
|    ep_len_mean     | 1e+03    |
|    ep_rew_mean     | 29.4     |
| time/              |          |
|    episodes        | 164      |
|    fps             | 36       |
|    time_elapsed    | 4463     |
|    total_timesteps | 164000   |
| train/             |          |
|    actor_loss      | -51.5    |
|    critic_loss     | 2        |
|    ent_coef        | 0.0926   |
|    ent_coef_loss   | -0.271   |
|    learning_rate   | 0.0003   |
|    n_updates       | 162999   |
---------------------------------
---------------------------------
| rollout/           |          |
|    ep_len_mean     | 1e+03    |
|    ep_rew_mean     | 127      |
| time/              |          |
|    episodes        | 168      |
|    fps             | 36       |
|    time_elapsed    | 4569     |
|    total_timesteps | 168000   |
| train/             |          |
|    actor_loss      | -44.9    |
|    critic_loss     | 2.63     |
|    ent_coef        | 0.0857   |
|    ent_coef_loss   | 0.612    |
|    learning_rate   | 0.0003   |
|    n_updates       | 166999   |
---------------------------------
---------------------------------
| rollout/           |          |
|    ep_len_mean     | 1e+03    |
|    ep_rew_mean     | 221      |
| time/              |          |
|    episodes        | 172      |
|    fps             | 36       |
|    time_elapsed    | 4675     |
|    total_timesteps | 172000   |
| train/             |          |
|    actor_loss      | -53.1    |
|    critic_loss     | 1.04     |
|    ent_coef        | 0.107    |
|    ent_coef_loss   | 0.057    |
|    learning_rate   | 0.0003   |
|    n_updates       | 170999   |
---------------------------------
---------------------------------
| rollout/           |          |
|    ep_len_mean     | 1e+03    |
|    ep_rew_mean     | 344      |
| time/              |          |
|    episodes        | 176      |
|    fps             | 36       |
|    time_elapsed    | 4782     |
|    total_timesteps | 176000   |
| train/             |          |
|    actor_loss      | -53.3    |
|    critic_loss     | 7.59     |
|    ent_coef        | 0.111    |
|    ent_coef_loss   | 0.641    |
|    learning_rate   | 0.0003   |
|    n_updates       | 174999   |
---------------------------------
---------------------------------
| rollout/           |          |
|    ep_len_mean     | 1e+03    |
|    ep_rew_mean     | 386      |
| time/              |          |
|    episodes        | 180      |
|    fps             | 36       |
|    time_elapsed    | 4888     |
|    total_timesteps | 180000   |
| train/             |          |
|    actor_loss      | -72.6    |
|    critic_loss     | 1.96     |
|    ent_coef        | 0.155    |
|    ent_coef_loss   | 0.75     |
|    learning_rate   | 0.0003   |
|    n_updates       | 178999   |
---------------------------------
---------------------------------
| rollout/           |          |
|    ep_len_mean     | 1e+03    |
|    ep_rew_mean     | 389      |
| time/              |          |
|    episodes        | 184      |
|    fps             | 36       |
|    time_elapsed    | 4994     |
|    total_timesteps | 184000   |
| train/             |          |
|    actor_loss      | -64.4    |
|    critic_loss     | 1.55     |
|    ent_coef        | 0.129    |
|    ent_coef_loss   | -0.44    |
|    learning_rate   | 0.0003   |
|    n_updates       | 182999   |
---------------------------------
---------------------------------
| rollout/           |          |
|    ep_len_mean     | 1e+03    |
|    ep_rew_mean     | 401      |
| time/              |          |
|    episodes        | 188      |
|    fps             | 36       |
|    time_elapsed    | 5101     |
|    total_timesteps | 188000   |
| train/             |          |
|    actor_loss      | -71.1    |
|    critic_loss     | 1.51     |
|    ent_coef        | 0.126    |
|    ent_coef_loss   | 0.658    |
|    learning_rate   | 0.0003   |
|    n_updates       | 186999   |
---------------------------------
---------------------------------
| rollout/           |          |
|    ep_len_mean     | 1e+03    |
|    ep_rew_mean     | 407      |
| time/              |          |
|    episodes        | 192      |
|    fps             | 36       |
|    time_elapsed    | 5209     |
|    total_timesteps | 192000   |
| train/             |          |
|    actor_loss      | -62.1    |
|    critic_loss     | 1.63     |
|    ent_coef        | 0.113    |
|    ent_coef_loss   | 0.738    |
|    learning_rate   | 0.0003   |
|    n_updates       | 190999   |
---------------------------------
---------------------------------
| rollout/           |          |
|    ep_len_mean     | 1e+03    |
|    ep_rew_mean     | 416      |
| time/              |          |
|    episodes        | 196      |
|    fps             | 36       |
|    time_elapsed    | 5316     |
|    total_timesteps | 196000   |
| train/             |          |
|    actor_loss      | -65.2    |
|    critic_loss     | 0.88     |
|    ent_coef        | 0.135    |
|    ent_coef_loss   | -0.223   |
|    learning_rate   | 0.0003   |
|    n_updates       | 194999   |
---------------------------------
---------------------------------
| rollout/           |          |
|    ep_len_mean     | 1e+03    |
|    ep_rew_mean     | 422      |
| time/              |          |
|    episodes        | 200      |
|    fps             | 36       |
|    time_elapsed    | 5425     |
|    total_timesteps | 200000   |
| train/             |          |
|    actor_loss      | -63.4    |
|    critic_loss     | 1.78     |
|    ent_coef        | 0.113    |
|    ent_coef_loss   | -0.92    |
|    learning_rate   | 0.0003   |
|    n_updates       | 198999   |
---------------------------------
---------------------------------
| rollout/           |          |
|    ep_len_mean     | 1e+03    |
|    ep_rew_mean     | 429      |
| time/              |          |
|    episodes        | 204      |
|    fps             | 36       |
|    time_elapsed    | 5532     |
|    total_timesteps | 204000   |
| train/             |          |
|    actor_loss      | -67.7    |
|    critic_loss     | 1.41     |
|    ent_coef        | 0.0734   |
|    ent_coef_loss   | 0.987    |
|    learning_rate   | 0.0003   |
|    n_updates       | 202999   |
---------------------------------
---------------------------------
| rollout/           |          |
|    ep_len_mean     | 1e+03    |
|    ep_rew_mean     | 457      |
| time/              |          |
|    episodes        | 208      |
|    fps             | 36       |
|    time_elapsed    | 5642     |
|    total_timesteps | 208000   |
| train/             |          |
|    actor_loss      | -66.1    |
|    critic_loss     | 0.739    |
|    ent_coef        | 0.0953   |
|    ent_coef_loss   | -0.623   |
|    learning_rate   | 0.0003   |
|    n_updates       | 206999   |
---------------------------------
---------------------------------
| rollout/           |          |
|    ep_len_mean     | 1e+03    |
|    ep_rew_mean     | 501      |
| time/              |          |
|    episodes        | 212      |
|    fps             | 36       |
|    time_elapsed    | 5751     |
|    total_timesteps | 212000   |
| train/             |          |
|    actor_loss      | -60.3    |
|    critic_loss     | 0.805    |
|    ent_coef        | 0.0852   |
|    ent_coef_loss   | -0.481   |
|    learning_rate   | 0.0003   |
|    n_updates       | 210999   |
---------------------------------
---------------------------------
| rollout/           |          |
|    ep_len_mean     | 1e+03    |
|    ep_rew_mean     | 556      |
| time/              |          |
|    episodes        | 216      |
|    fps             | 36       |
|    time_elapsed    | 5859     |
|    total_timesteps | 216000   |
| train/             |          |
|    actor_loss      | -53.2    |
|    critic_loss     | 5.47     |
|    ent_coef        | 0.0854   |
|    ent_coef_loss   | -0.474   |
|    learning_rate   | 0.0003   |
|    n_updates       | 214999   |
---------------------------------
---------------------------------
| rollout/           |          |
|    ep_len_mean     | 1e+03    |
|    ep_rew_mean     | 568      |
| time/              |          |
|    episodes        | 220      |
|    fps             | 36       |
|    time_elapsed    | 5967     |
|    total_timesteps | 220000   |
| train/             |          |
|    actor_loss      | -59.2    |
|    critic_loss     | 0.527    |
|    ent_coef        | 0.0749   |
|    ent_coef_loss   | -0.616   |
|    learning_rate   | 0.0003   |
|    n_updates       | 218999   |
---------------------------------
---------------------------------
| rollout/           |          |
|    ep_len_mean     | 1e+03    |
|    ep_rew_mean     | 572      |
| time/              |          |
|    episodes        | 224      |
|    fps             | 36       |
|    time_elapsed    | 6074     |
|    total_timesteps | 224000   |
| train/             |          |
|    actor_loss      | -68.2    |
|    critic_loss     | 0.577    |
|    ent_coef        | 0.0974   |
|    ent_coef_loss   | -0.235   |
|    learning_rate   | 0.0003   |
|    n_updates       | 222999   |
---------------------------------
---------------------------------
| rollout/           |          |
|    ep_len_mean     | 1e+03    |
|    ep_rew_mean     | 580      |
| time/              |          |
|    episodes        | 228      |
|    fps             | 36       |
|    time_elapsed    | 6183     |
|    total_timesteps | 228000   |
| train/             |          |
|    actor_loss      | -69.6    |
|    critic_loss     | 0.528    |
|    ent_coef        | 0.115    |
|    ent_coef_loss   | -0.248   |
|    learning_rate   | 0.0003   |
|    n_updates       | 226999   |
---------------------------------
---------------------------------
| rollout/           |          |
|    ep_len_mean     | 1e+03    |
|    ep_rew_mean     | 590      |
| time/              |          |
|    episodes        | 232      |
|    fps             | 36       |
|    time_elapsed    | 6291     |
|    total_timesteps | 232000   |
| train/             |          |
|    actor_loss      | -74.5    |
|    critic_loss     | 0.679    |
|    ent_coef        | 0.106    |
|    ent_coef_loss   | 0.783    |
|    learning_rate   | 0.0003   |
|    n_updates       | 230999   |
---------------------------------
---------------------------------
| rollout/           |          |
|    ep_len_mean     | 1e+03    |
|    ep_rew_mean     | 595      |
| time/              |          |
|    episodes        | 236      |
|    fps             | 36       |
|    time_elapsed    | 6400     |
|    total_timesteps | 236000   |
| train/             |          |
|    actor_loss      | -72.4    |
|    critic_loss     | 2.33     |
|    ent_coef        | 0.094    |
|    ent_coef_loss   | 0.151    |
|    learning_rate   | 0.0003   |
|    n_updates       | 234999   |
---------------------------------
---------------------------------
| rollout/           |          |
|    ep_len_mean     | 1e+03    |
|    ep_rew_mean     | 589      |
| time/              |          |
|    episodes        | 240      |
|    fps             | 36       |
|    time_elapsed    | 6509     |
|    total_timesteps | 240000   |
| train/             |          |
|    actor_loss      | -77.1    |
|    critic_loss     | 1.02     |
|    ent_coef        | 0.0746   |
|    ent_coef_loss   | -0.114   |
|    learning_rate   | 0.0003   |
|    n_updates       | 238999   |
---------------------------------
---------------------------------
| rollout/           |          |
|    ep_len_mean     | 1e+03    |
|    ep_rew_mean     | 576      |
| time/              |          |
|    episodes        | 244      |
|    fps             | 36       |
|    time_elapsed    | 6619     |
|    total_timesteps | 244000   |
| train/             |          |
|    actor_loss      | -78.9    |
|    critic_loss     | 0.485    |
|    ent_coef        | 0.0619   |
|    ent_coef_loss   | 0.694    |
|    learning_rate   | 0.0003   |
|    n_updates       | 242999   |
---------------------------------
---------------------------------
| rollout/           |          |
|    ep_len_mean     | 1e+03    |
|    ep_rew_mean     | 569      |
| time/              |          |
|    episodes        | 248      |
|    fps             | 36       |
|    time_elapsed    | 6728     |
|    total_timesteps | 248000   |
| train/             |          |
|    actor_loss      | -81.4    |
|    critic_loss     | 16.8     |
|    ent_coef        | 0.0624   |
|    ent_coef_loss   | 2.13     |
|    learning_rate   | 0.0003   |
|    n_updates       | 246999   |
---------------------------------
---------------------------------
| rollout/           |          |
|    ep_len_mean     | 1e+03    |
|    ep_rew_mean     | 565      |
| time/              |          |
|    episodes        | 252      |
|    fps             | 36       |
|    time_elapsed    | 6837     |
|    total_timesteps | 252000   |
| train/             |          |
|    actor_loss      | -82.2    |
|    critic_loss     | 0.378    |
|    ent_coef        | 0.0473   |
|    ent_coef_loss   | 0.637    |
|    learning_rate   | 0.0003   |
|    n_updates       | 250999   |
---------------------------------
---------------------------------
| rollout/           |          |
|    ep_len_mean     | 1e+03    |
|    ep_rew_mean     | 559      |
| time/              |          |
|    episodes        | 256      |
|    fps             | 36       |
|    time_elapsed    | 6947     |
|    total_timesteps | 256000   |
| train/             |          |
|    actor_loss      | -86.2    |
|    critic_loss     | 0.548    |
|    ent_coef        | 0.0553   |
|    ent_coef_loss   | 0.0156   |
|    learning_rate   | 0.0003   |
|    n_updates       | 254999   |
---------------------------------
---------------------------------
| rollout/           |          |
|    ep_len_mean     | 1e+03    |
|    ep_rew_mean     | 575      |
| time/              |          |
|    episodes        | 260      |
|    fps             | 36       |
|    time_elapsed    | 7057     |
|    total_timesteps | 260000   |
| train/             |          |
|    actor_loss      | -92.8    |
|    critic_loss     | 3.05     |
|    ent_coef        | 0.0611   |
|    ent_coef_loss   | 0.478    |
|    learning_rate   | 0.0003   |
|    n_updates       | 258999   |
---------------------------------
---------------------------------
| rollout/           |          |
|    ep_len_mean     | 1e+03    |
|    ep_rew_mean     | 598      |
| time/              |          |
|    episodes        | 264      |
|    fps             | 36       |
|    time_elapsed    | 7167     |
|    total_timesteps | 264000   |
| train/             |          |
|    actor_loss      | -101     |
|    critic_loss     | 0.467    |
|    ent_coef        | 0.0731   |
|    ent_coef_loss   | -0.0608  |
|    learning_rate   | 0.0003   |
|    n_updates       | 262999   |
---------------------------------
---------------------------------
| rollout/           |          |
|    ep_len_mean     | 1e+03    |
|    ep_rew_mean     | 608      |
| time/              |          |
|    episodes        | 268      |
|    fps             | 36       |
|    time_elapsed    | 7277     |
|    total_timesteps | 268000   |
| train/             |          |
|    actor_loss      | -101     |
|    critic_loss     | 0.397    |
|    ent_coef        | 0.06     |
|    ent_coef_loss   | 0.491    |
|    learning_rate   | 0.0003   |
|    n_updates       | 266999   |
---------------------------------
---------------------------------
| rollout/           |          |
|    ep_len_mean     | 1e+03    |
|    ep_rew_mean     | 608      |
| time/              |          |
|    episodes        | 272      |
|    fps             | 36       |
|    time_elapsed    | 7388     |
|    total_timesteps | 272000   |
| train/             |          |
|    actor_loss      | -102     |
|    critic_loss     | 1.03     |
|    ent_coef        | 0.0553   |
|    ent_coef_loss   | 0.0439   |
|    learning_rate   | 0.0003   |
|    n_updates       | 270999   |
---------------------------------
---------------------------------
| rollout/           |          |
|    ep_len_mean     | 1e+03    |
|    ep_rew_mean     | 604      |
| time/              |          |
|    episodes        | 276      |
|    fps             | 36       |
|    time_elapsed    | 7498     |
|    total_timesteps | 276000   |
| train/             |          |
|    actor_loss      | -110     |
|    critic_loss     | 0.46     |
|    ent_coef        | 0.0681   |
|    ent_coef_loss   | -0.0491  |
|    learning_rate   | 0.0003   |
|    n_updates       | 274999   |
---------------------------------
---------------------------------
| rollout/           |          |
|    ep_len_mean     | 1e+03    |
|    ep_rew_mean     | 604      |
| time/              |          |
|    episodes        | 280      |
|    fps             | 36       |
|    time_elapsed    | 7608     |
|    total_timesteps | 280000   |
| train/             |          |
|    actor_loss      | -111     |
|    critic_loss     | 0.473    |
|    ent_coef        | 0.0654   |
|    ent_coef_loss   | -0.506   |
|    learning_rate   | 0.0003   |
|    n_updates       | 278999   |
---------------------------------
---------------------------------
| rollout/           |          |
|    ep_len_mean     | 1e+03    |
|    ep_rew_mean     | 568      |
| time/              |          |
|    episodes        | 284      |
|    fps             | 36       |
|    time_elapsed    | 7719     |
|    total_timesteps | 284000   |
| train/             |          |
|    actor_loss      | -120     |
|    critic_loss     | 0.744    |
|    ent_coef        | 0.0834   |
|    ent_coef_loss   | 0.515    |
|    learning_rate   | 0.0003   |
|    n_updates       | 282999   |
---------------------------------
---------------------------------
| rollout/           |          |
|    ep_len_mean     | 1e+03    |
|    ep_rew_mean     | 529      |
| time/              |          |
|    episodes        | 288      |
|    fps             | 36       |
|    time_elapsed    | 7829     |
|    total_timesteps | 288000   |
| train/             |          |
|    actor_loss      | -131     |
|    critic_loss     | 0.3      |
|    ent_coef        | 0.101    |
|    ent_coef_loss   | -0.445   |
|    learning_rate   | 0.0003   |
|    n_updates       | 286999   |
---------------------------------
---------------------------------
| rollout/           |          |
|    ep_len_mean     | 1e+03    |
|    ep_rew_mean     | 506      |
| time/              |          |
|    episodes        | 292      |
|    fps             | 36       |
|    time_elapsed    | 7940     |
|    total_timesteps | 292000   |
| train/             |          |
|    actor_loss      | -130     |
|    critic_loss     | 0.691    |
|    ent_coef        | 0.084    |
|    ent_coef_loss   | -0.245   |
|    learning_rate   | 0.0003   |
|    n_updates       | 290999   |
---------------------------------
---------------------------------
| rollout/           |          |
|    ep_len_mean     | 1e+03    |
|    ep_rew_mean     | 474      |
| time/              |          |
|    episodes        | 296      |
|    fps             | 36       |
|    time_elapsed    | 8050     |
|    total_timesteps | 296000   |
| train/             |          |
|    actor_loss      | -129     |
|    critic_loss     | 0.93     |
|    ent_coef        | 0.0903   |
|    ent_coef_loss   | -0.942   |
|    learning_rate   | 0.0003   |
|    n_updates       | 294999   |
---------------------------------
---------------------------------
| rollout/           |          |
|    ep_len_mean     | 1e+03    |
|    ep_rew_mean     | 462      |
| time/              |          |
|    episodes        | 300      |
|    fps             | 36       |
|    time_elapsed    | 8160     |
|    total_timesteps | 300000   |
| train/             |          |
|    actor_loss      | -125     |
|    critic_loss     | 1.46     |
|    ent_coef        | 0.0796   |
|    ent_coef_loss   | -0.459   |
|    learning_rate   | 0.0003   |
|    n_updates       | 298999   |
---------------------------------
---------------------------------
| rollout/           |          |
|    ep_len_mean     | 1e+03    |
|    ep_rew_mean     | 508      |
| time/              |          |
|    episodes        | 304      |
|    fps             | 36       |
|    time_elapsed    | 8271     |
|    total_timesteps | 304000   |
| train/             |          |
|    actor_loss      | -127     |
|    critic_loss     | 0.528    |
|    ent_coef        | 0.0793   |
|    ent_coef_loss   | -0.315   |
|    learning_rate   | 0.0003   |
|    n_updates       | 302999   |
---------------------------------
---------------------------------
| rollout/           |          |
|    ep_len_mean     | 1e+03    |
|    ep_rew_mean     | 531      |
| time/              |          |
|    episodes        | 308      |
|    fps             | 36       |
|    time_elapsed    | 8381     |
|    total_timesteps | 308000   |
| train/             |          |
|    actor_loss      | -125     |
|    critic_loss     | 0.969    |
|    ent_coef        | 0.0934   |
|    ent_coef_loss   | -1.88    |
|    learning_rate   | 0.0003   |
|    n_updates       | 306999   |
---------------------------------
---------------------------------
| rollout/           |          |
|    ep_len_mean     | 1e+03    |
|    ep_rew_mean     | 556      |
| time/              |          |
|    episodes        | 312      |
|    fps             | 36       |
|    time_elapsed    | 8504     |
|    total_timesteps | 312000   |
| train/             |          |
|    actor_loss      | -126     |
|    critic_loss     | 0.47     |
|    ent_coef        | 0.0702   |
|    ent_coef_loss   | -0.817   |
|    learning_rate   | 0.0003   |
|    n_updates       | 310999   |
---------------------------------
---------------------------------
| rollout/           |          |
|    ep_len_mean     | 1e+03    |
|    ep_rew_mean     | 555      |
| time/              |          |
|    episodes        | 316      |
|    fps             | 36       |
|    time_elapsed    | 8625     |
|    total_timesteps | 316000   |
| train/             |          |
|    actor_loss      | -123     |
|    critic_loss     | 0.318    |
|    ent_coef        | 0.0544   |
|    ent_coef_loss   | -0.114   |
|    learning_rate   | 0.0003   |
|    n_updates       | 314999   |
---------------------------------
---------------------------------
| rollout/           |          |
|    ep_len_mean     | 1e+03    |
|    ep_rew_mean     | 556      |
| time/              |          |
|    episodes        | 320      |
|    fps             | 36       |
|    time_elapsed    | 8746     |
|    total_timesteps | 320000   |
| train/             |          |
|    actor_loss      | -126     |
|    critic_loss     | 0.264    |
|    ent_coef        | 0.0682   |
|    ent_coef_loss   | -0.715   |
|    learning_rate   | 0.0003   |
|    n_updates       | 318999   |
---------------------------------
---------------------------------
| rollout/           |          |
|    ep_len_mean     | 1e+03    |
|    ep_rew_mean     | 569      |
| time/              |          |
|    episodes        | 324      |
|    fps             | 36       |
|    time_elapsed    | 8872     |
|    total_timesteps | 324000   |
| train/             |          |
|    actor_loss      | -127     |
|    critic_loss     | 0.551    |
|    ent_coef        | 0.0502   |
|    ent_coef_loss   | -0.469   |
|    learning_rate   | 0.0003   |
|    n_updates       | 322999   |
---------------------------------
---------------------------------
| rollout/           |          |
|    ep_len_mean     | 1e+03    |
|    ep_rew_mean     | 592      |
| time/              |          |
|    episodes        | 328      |
|    fps             | 36       |
|    time_elapsed    | 8998     |
|    total_timesteps | 328000   |
| train/             |          |
|    actor_loss      | -123     |
|    critic_loss     | 0.24     |
|    ent_coef        | 0.0471   |
|    ent_coef_loss   | -1.09    |
|    learning_rate   | 0.0003   |
|    n_updates       | 326999   |
---------------------------------
---------------------------------
| rollout/           |          |
|    ep_len_mean     | 1e+03    |
|    ep_rew_mean     | 580      |
| time/              |          |
|    episodes        | 332      |
|    fps             | 36       |
|    time_elapsed    | 9124     |
|    total_timesteps | 332000   |
| train/             |          |
|    actor_loss      | -122     |
|    critic_loss     | 0.655    |
|    ent_coef        | 0.0438   |
|    ent_coef_loss   | -0.7     |
|    learning_rate   | 0.0003   |
|    n_updates       | 330999   |
---------------------------------
---------------------------------
| rollout/           |          |
|    ep_len_mean     | 1e+03    |
|    ep_rew_mean     | 582      |
| time/              |          |
|    episodes        | 336      |
|    fps             | 36       |
|    time_elapsed    | 9247     |
|    total_timesteps | 336000   |
| train/             |          |
|    actor_loss      | -119     |
|    critic_loss     | 210      |
|    ent_coef        | 0.0426   |
|    ent_coef_loss   | -0.0968  |
|    learning_rate   | 0.0003   |
|    n_updates       | 334999   |
---------------------------------
---------------------------------
| rollout/           |          |
|    ep_len_mean     | 1e+03    |
|    ep_rew_mean     | 585      |
| time/              |          |
|    episodes        | 340      |
|    fps             | 36       |
|    time_elapsed    | 9362     |
|    total_timesteps | 340000   |
| train/             |          |
|    actor_loss      | -113     |
|    critic_loss     | 1.02     |
|    ent_coef        | 0.0417   |
|    ent_coef_loss   | 0.0876   |
|    learning_rate   | 0.0003   |
|    n_updates       | 338999   |
---------------------------------
---------------------------------
| rollout/           |          |
|    ep_len_mean     | 1e+03    |
|    ep_rew_mean     | 605      |
| time/              |          |
|    episodes        | 344      |
|    fps             | 36       |
|    time_elapsed    | 9475     |
|    total_timesteps | 344000   |
| train/             |          |
|    actor_loss      | -115     |
|    critic_loss     | 1.38     |
|    ent_coef        | 0.0639   |
|    ent_coef_loss   | -0.683   |
|    learning_rate   | 0.0003   |
|    n_updates       | 342999   |
---------------------------------
---------------------------------
| rollout/           |          |
|    ep_len_mean     | 1e+03    |
|    ep_rew_mean     | 624      |
| time/              |          |
|    episodes        | 348      |
|    fps             | 36       |
|    time_elapsed    | 9588     |
|    total_timesteps | 348000   |
| train/             |          |
|    actor_loss      | -123     |
|    critic_loss     | 0.814    |
|    ent_coef        | 0.0657   |
|    ent_coef_loss   | 0.214    |
|    learning_rate   | 0.0003   |
|    n_updates       | 346999   |
---------------------------------
---------------------------------
| rollout/           |          |
|    ep_len_mean     | 1e+03    |
|    ep_rew_mean     | 641      |
| time/              |          |
|    episodes        | 352      |
|    fps             | 36       |
|    time_elapsed    | 9701     |
|    total_timesteps | 352000   |
| train/             |          |
|    actor_loss      | -121     |
|    critic_loss     | 1.6      |
|    ent_coef        | 0.0588   |
|    ent_coef_loss   | -0.762   |
|    learning_rate   | 0.0003   |
|    n_updates       | 350999   |
---------------------------------
---------------------------------
| rollout/           |          |
|    ep_len_mean     | 1e+03    |
|    ep_rew_mean     | 661      |
| time/              |          |
|    episodes        | 356      |
|    fps             | 36       |
|    time_elapsed    | 9814     |
|    total_timesteps | 356000   |
| train/             |          |
|    actor_loss      | -122     |
|    critic_loss     | 0.458    |
|    ent_coef        | 0.05     |
|    ent_coef_loss   | 0.267    |
|    learning_rate   | 0.0003   |
|    n_updates       | 354999   |
---------------------------------
---------------------------------
| rollout/           |          |
|    ep_len_mean     | 1e+03    |
|    ep_rew_mean     | 670      |
| time/              |          |
|    episodes        | 360      |
|    fps             | 36       |
|    time_elapsed    | 9927     |
|    total_timesteps | 360000   |
| train/             |          |
|    actor_loss      | -124     |
|    critic_loss     | 0.639    |
|    ent_coef        | 0.0516   |
|    ent_coef_loss   | -1.2     |
|    learning_rate   | 0.0003   |
|    n_updates       | 358999   |
---------------------------------
---------------------------------
| rollout/           |          |
|    ep_len_mean     | 1e+03    |
|    ep_rew_mean     | 675      |
| time/              |          |
|    episodes        | 364      |
|    fps             | 36       |
|    time_elapsed    | 10041    |
|    total_timesteps | 364000   |
| train/             |          |
|    actor_loss      | -121     |
|    critic_loss     | 0.531    |
|    ent_coef        | 0.0646   |
|    ent_coef_loss   | -0.155   |
|    learning_rate   | 0.0003   |
|    n_updates       | 362999   |
---------------------------------
---------------------------------
| rollout/           |          |
|    ep_len_mean     | 1e+03    |
|    ep_rew_mean     | 690      |
| time/              |          |
|    episodes        | 368      |
|    fps             | 36       |
|    time_elapsed    | 10154    |
|    total_timesteps | 368000   |
| train/             |          |
|    actor_loss      | -126     |
|    critic_loss     | 0.233    |
|    ent_coef        | 0.0532   |
|    ent_coef_loss   | -1.34    |
|    learning_rate   | 0.0003   |
|    n_updates       | 366999   |
---------------------------------
---------------------------------
| rollout/           |          |
|    ep_len_mean     | 1e+03    |
|    ep_rew_mean     | 697      |
| time/              |          |
|    episodes        | 372      |
|    fps             | 36       |
|    time_elapsed    | 10267    |
|    total_timesteps | 372000   |
| train/             |          |
|    actor_loss      | -118     |
|    critic_loss     | 0.809    |
|    ent_coef        | 0.0382   |
|    ent_coef_loss   | 0.396    |
|    learning_rate   | 0.0003   |
|    n_updates       | 370999   |
---------------------------------
---------------------------------
| rollout/           |          |
|    ep_len_mean     | 1e+03    |
|    ep_rew_mean     | 667      |
| time/              |          |
|    episodes        | 376      |
|    fps             | 36       |
|    time_elapsed    | 10383    |
|    total_timesteps | 376000   |
| train/             |          |
|    actor_loss      | -118     |
|    critic_loss     | 8.13     |
|    ent_coef        | 0.037    |
|    ent_coef_loss   | -0.157   |
|    learning_rate   | 0.0003   |
|    n_updates       | 374999   |
---------------------------------
---------------------------------
| rollout/           |          |
|    ep_len_mean     | 1e+03    |
|    ep_rew_mean     | 676      |
| time/              |          |
|    episodes        | 380      |
|    fps             | 36       |
|    time_elapsed    | 10498    |
|    total_timesteps | 380000   |
| train/             |          |
|    actor_loss      | -121     |
|    critic_loss     | 0.38     |
|    ent_coef        | 0.0477   |
|    ent_coef_loss   | 1.28     |
|    learning_rate   | 0.0003   |
|    n_updates       | 378999   |
---------------------------------
---------------------------------
| rollout/           |          |
|    ep_len_mean     | 1e+03    |
|    ep_rew_mean     | 720      |
| time/              |          |
|    episodes        | 384      |
|    fps             | 36       |
|    time_elapsed    | 10614    |
|    total_timesteps | 384000   |
| train/             |          |
|    actor_loss      | -113     |
|    critic_loss     | 17.6     |
|    ent_coef        | 0.0466   |
|    ent_coef_loss   | -0.445   |
|    learning_rate   | 0.0003   |
|    n_updates       | 382999   |
---------------------------------
---------------------------------
| rollout/           |          |
|    ep_len_mean     | 1e+03    |
|    ep_rew_mean     | 765      |
| time/              |          |
|    episodes        | 388      |
|    fps             | 36       |
|    time_elapsed    | 10730    |
|    total_timesteps | 388000   |
| train/             |          |
|    actor_loss      | -121     |
|    critic_loss     | 2.36     |
|    ent_coef        | 0.0536   |
|    ent_coef_loss   | 0.0351   |
|    learning_rate   | 0.0003   |
|    n_updates       | 386999   |
---------------------------------
---------------------------------
| rollout/           |          |
|    ep_len_mean     | 1e+03    |
|    ep_rew_mean     | 811      |
| time/              |          |
|    episodes        | 392      |
|    fps             | 36       |
|    time_elapsed    | 10846    |
|    total_timesteps | 392000   |
| train/             |          |
|    actor_loss      | -122     |
|    critic_loss     | 0.31     |
|    ent_coef        | 0.0505   |
|    ent_coef_loss   | 0.567    |
|    learning_rate   | 0.0003   |
|    n_updates       | 390999   |
---------------------------------
---------------------------------
| rollout/           |          |
|    ep_len_mean     | 1e+03    |
|    ep_rew_mean     | 864      |
| time/              |          |
|    episodes        | 396      |
|    fps             | 36       |
|    time_elapsed    | 10963    |
|    total_timesteps | 396000   |
| train/             |          |
|    actor_loss      | -125     |
|    critic_loss     | 0.416    |
|    ent_coef        | 0.0412   |
|    ent_coef_loss   | -3.99    |
|    learning_rate   | 0.0003   |
|    n_updates       | 394999   |
---------------------------------
---------------------------------
| rollout/           |          |
|    ep_len_mean     | 1e+03    |
|    ep_rew_mean     | 899      |
| time/              |          |
|    episodes        | 400      |
|    fps             | 36       |
|    time_elapsed    | 11079    |
|    total_timesteps | 400000   |
| train/             |          |
|    actor_loss      | -125     |
|    critic_loss     | 0.406    |
|    ent_coef        | 0.0399   |
|    ent_coef_loss   | 2.23     |
|    learning_rate   | 0.0003   |
|    n_updates       | 398999   |
---------------------------------
---------------------------------
| rollout/           |          |
|    ep_len_mean     | 1e+03    |
|    ep_rew_mean     | 890      |
| time/              |          |
|    episodes        | 404      |
|    fps             | 36       |
|    time_elapsed    | 11194    |
|    total_timesteps | 404000   |
| train/             |          |
|    actor_loss      | -123     |
|    critic_loss     | 0.489    |
|    ent_coef        | 0.0425   |
|    ent_coef_loss   | -0.313   |
|    learning_rate   | 0.0003   |
|    n_updates       | 402999   |
---------------------------------
---------------------------------
| rollout/           |          |
|    ep_len_mean     | 1e+03    |
|    ep_rew_mean     | 889      |
| time/              |          |
|    episodes        | 408      |
|    fps             | 36       |
|    time_elapsed    | 11314    |
|    total_timesteps | 408000   |
| train/             |          |
|    actor_loss      | -122     |
|    critic_loss     | 0.419    |
|    ent_coef        | 0.0439   |
|    ent_coef_loss   | -0.00506 |
|    learning_rate   | 0.0003   |
|    n_updates       | 406999   |
---------------------------------
---------------------------------
| rollout/           |          |
|    ep_len_mean     | 1e+03    |
|    ep_rew_mean     | 890      |
| time/              |          |
|    episodes        | 412      |
|    fps             | 36       |
|    time_elapsed    | 11431    |
|    total_timesteps | 412000   |
| train/             |          |
|    actor_loss      | -125     |
|    critic_loss     | 0.68     |
|    ent_coef        | 0.0359   |
|    ent_coef_loss   | -0.842   |
|    learning_rate   | 0.0003   |
|    n_updates       | 410999   |
---------------------------------
---------------------------------
| rollout/           |          |
|    ep_len_mean     | 1e+03    |
|    ep_rew_mean     | 906      |
| time/              |          |
|    episodes        | 416      |
|    fps             | 36       |
|    time_elapsed    | 11547    |
|    total_timesteps | 416000   |
| train/             |          |
|    actor_loss      | -125     |
|    critic_loss     | 1.57     |
|    ent_coef        | 0.042    |
|    ent_coef_loss   | -1.82    |
|    learning_rate   | 0.0003   |
|    n_updates       | 414999   |
---------------------------------
---------------------------------
| rollout/           |          |
|    ep_len_mean     | 1e+03    |
|    ep_rew_mean     | 910      |
| time/              |          |
|    episodes        | 420      |
|    fps             | 36       |
|    time_elapsed    | 11663    |
|    total_timesteps | 420000   |
| train/             |          |
|    actor_loss      | -131     |
|    critic_loss     | 0.57     |
|    ent_coef        | 0.0442   |
|    ent_coef_loss   | -0.894   |
|    learning_rate   | 0.0003   |
|    n_updates       | 418999   |
---------------------------------
---------------------------------
| rollout/           |          |
|    ep_len_mean     | 1e+03    |
|    ep_rew_mean     | 920      |
| time/              |          |
|    episodes        | 424      |
|    fps             | 35       |
|    time_elapsed    | 11778    |
|    total_timesteps | 424000   |
| train/             |          |
|    actor_loss      | -133     |
|    critic_loss     | 0.362    |
|    ent_coef        | 0.0305   |
|    ent_coef_loss   | -0.435   |
|    learning_rate   | 0.0003   |
|    n_updates       | 422999   |
---------------------------------
---------------------------------
| rollout/           |          |
|    ep_len_mean     | 1e+03    |
|    ep_rew_mean     | 924      |
| time/              |          |
|    episodes        | 428      |
|    fps             | 35       |
|    time_elapsed    | 11893    |
|    total_timesteps | 428000   |
| train/             |          |
|    actor_loss      | -128     |
|    critic_loss     | 149      |
|    ent_coef        | 0.0313   |
|    ent_coef_loss   | 1.51     |
|    learning_rate   | 0.0003   |
|    n_updates       | 426999   |
---------------------------------
---------------------------------
| rollout/           |          |
|    ep_len_mean     | 1e+03    |
|    ep_rew_mean     | 949      |
| time/              |          |
|    episodes        | 432      |
|    fps             | 35       |
|    time_elapsed    | 12009    |
|    total_timesteps | 432000   |
| train/             |          |
|    actor_loss      | -127     |
|    critic_loss     | 0.293    |
|    ent_coef        | 0.03     |
|    ent_coef_loss   | -0.71    |
|    learning_rate   | 0.0003   |
|    n_updates       | 430999   |
---------------------------------
---------------------------------
| rollout/           |          |
|    ep_len_mean     | 1e+03    |
|    ep_rew_mean     | 954      |
| time/              |          |
|    episodes        | 436      |
|    fps             | 35       |
|    time_elapsed    | 12124    |
|    total_timesteps | 436000   |
| train/             |          |
|    actor_loss      | -129     |
|    critic_loss     | 0.262    |
|    ent_coef        | 0.0325   |
|    ent_coef_loss   | 1.68     |
|    learning_rate   | 0.0003   |
|    n_updates       | 434999   |
---------------------------------
---------------------------------
| rollout/           |          |
|    ep_len_mean     | 1e+03    |
|    ep_rew_mean     | 957      |
| time/              |          |
|    episodes        | 440      |
|    fps             | 35       |
|    time_elapsed    | 12240    |
|    total_timesteps | 440000   |
| train/             |          |
|    actor_loss      | -135     |
|    critic_loss     | 0.282    |
|    ent_coef        | 0.0301   |
|    ent_coef_loss   | 2.93     |
|    learning_rate   | 0.0003   |
|    n_updates       | 438999   |
---------------------------------
---------------------------------
| rollout/           |          |
|    ep_len_mean     | 1e+03    |
|    ep_rew_mean     | 947      |
| time/              |          |
|    episodes        | 444      |
|    fps             | 35       |
|    time_elapsed    | 12355    |
|    total_timesteps | 444000   |
| train/             |          |
|    actor_loss      | -125     |
|    critic_loss     | 0.265    |
|    ent_coef        | 0.0275   |
|    ent_coef_loss   | 0.566    |
|    learning_rate   | 0.0003   |
|    n_updates       | 442999   |
---------------------------------
---------------------------------
| rollout/           |          |
|    ep_len_mean     | 1e+03    |
|    ep_rew_mean     | 953      |
| time/              |          |
|    episodes        | 448      |
|    fps             | 35       |
|    time_elapsed    | 12471    |
|    total_timesteps | 448000   |
| train/             |          |
|    actor_loss      | -124     |
|    critic_loss     | 0.33     |
|    ent_coef        | 0.0307   |
|    ent_coef_loss   | 0.783    |
|    learning_rate   | 0.0003   |
|    n_updates       | 446999   |
---------------------------------
---------------------------------
| rollout/           |          |
|    ep_len_mean     | 1e+03    |
|    ep_rew_mean     | 955      |
| time/              |          |
|    episodes        | 452      |
|    fps             | 35       |
|    time_elapsed    | 12591    |
|    total_timesteps | 452000   |
| train/             |          |
|    actor_loss      | -123     |
|    critic_loss     | 0.56     |
|    ent_coef        | 0.0316   |
|    ent_coef_loss   | 3.8      |
|    learning_rate   | 0.0003   |
|    n_updates       | 450999   |
---------------------------------
---------------------------------
| rollout/           |          |
|    ep_len_mean     | 1e+03    |
|    ep_rew_mean     | 941      |
| time/              |          |
|    episodes        | 456      |
|    fps             | 35       |
|    time_elapsed    | 12711    |
|    total_timesteps | 456000   |
| train/             |          |
|    actor_loss      | -128     |
|    critic_loss     | 0.372    |
|    ent_coef        | 0.0302   |
|    ent_coef_loss   | 0.565    |
|    learning_rate   | 0.0003   |
|    n_updates       | 454999   |
---------------------------------
---------------------------------
| rollout/           |          |
|    ep_len_mean     | 1e+03    |
|    ep_rew_mean     | 901      |
| time/              |          |
|    episodes        | 460      |
|    fps             | 35       |
|    time_elapsed    | 12833    |
|    total_timesteps | 460000   |
| train/             |          |
|    actor_loss      | -137     |
|    critic_loss     | 0.322    |
|    ent_coef        | 0.0301   |
|    ent_coef_loss   | 0.658    |
|    learning_rate   | 0.0003   |
|    n_updates       | 458999   |
---------------------------------
---------------------------------
| rollout/           |          |
|    ep_len_mean     | 1e+03    |
|    ep_rew_mean     | 900      |
| time/              |          |
|    episodes        | 464      |
|    fps             | 35       |
|    time_elapsed    | 12952    |
|    total_timesteps | 464000   |
| train/             |          |
|    actor_loss      | -130     |
|    critic_loss     | 3.3      |
|    ent_coef        | 0.0375   |
|    ent_coef_loss   | -1.65    |
|    learning_rate   | 0.0003   |
|    n_updates       | 462999   |
---------------------------------
---------------------------------
| rollout/           |          |
|    ep_len_mean     | 1e+03    |
|    ep_rew_mean     | 891      |
| time/              |          |
|    episodes        | 468      |
|    fps             | 35       |
|    time_elapsed    | 13074    |
|    total_timesteps | 468000   |
| train/             |          |
|    actor_loss      | -136     |
|    critic_loss     | 0.744    |
|    ent_coef        | 0.0348   |
|    ent_coef_loss   | 0.317    |
|    learning_rate   | 0.0003   |
|    n_updates       | 466999   |
---------------------------------
---------------------------------
| rollout/           |          |
|    ep_len_mean     | 1e+03    |
|    ep_rew_mean     | 851      |
| time/              |          |
|    episodes        | 472      |
|    fps             | 35       |
|    time_elapsed    | 13195    |
|    total_timesteps | 472000   |
| train/             |          |
|    actor_loss      | -141     |
|    critic_loss     | 2.17     |
|    ent_coef        | 0.0291   |
|    ent_coef_loss   | -0.239   |
|    learning_rate   | 0.0003   |
|    n_updates       | 470999   |
---------------------------------
---------------------------------
| rollout/           |          |
|    ep_len_mean     | 999      |
|    ep_rew_mean     | 928      |
| time/              |          |
|    episodes        | 476      |
|    fps             | 35       |
|    time_elapsed    | 13313    |
|    total_timesteps | 475935   |
| train/             |          |
|    actor_loss      | -162     |
|    critic_loss     | 1.94     |
|    ent_coef        | 0.0371   |
|    ent_coef_loss   | -0.283   |
|    learning_rate   | 0.0003   |
|    n_updates       | 474934   |
---------------------------------
---------------------------------
| rollout/           |          |
|    ep_len_mean     | 999      |
|    ep_rew_mean     | 940      |
| time/              |          |
|    episodes        | 480      |
|    fps             | 35       |
|    time_elapsed    | 13434    |
|    total_timesteps | 479935   |
| train/             |          |
|    actor_loss      | -166     |
|    critic_loss     | 2.36     |
|    ent_coef        | 0.0591   |
|    ent_coef_loss   | 4.82     |
|    learning_rate   | 0.0003   |
|    n_updates       | 478934   |
---------------------------------
---------------------------------
| rollout/           |          |
|    ep_len_mean     | 999      |
|    ep_rew_mean     | 957      |
| time/              |          |
|    episodes        | 484      |
|    fps             | 35       |
|    time_elapsed    | 13557    |
|    total_timesteps | 483935   |
| train/             |          |
|    actor_loss      | -166     |
|    critic_loss     | 23       |
|    ent_coef        | 0.132    |
|    ent_coef_loss   | 0.00872  |
|    learning_rate   | 0.0003   |
|    n_updates       | 482934   |
---------------------------------
---------------------------------
| rollout/           |          |
|    ep_len_mean     | 998      |
|    ep_rew_mean     | 957      |
| time/              |          |
|    episodes        | 488      |
|    fps             | 35       |
|    time_elapsed    | 13671    |
|    total_timesteps | 487833   |
| train/             |          |
|    actor_loss      | -188     |
|    critic_loss     | 5.99     |
|    ent_coef        | 0.14     |
|    ent_coef_loss   | 0.498    |
|    learning_rate   | 0.0003   |
|    n_updates       | 486832   |
---------------------------------
---------------------------------
| rollout/           |          |
|    ep_len_mean     | 998      |
|    ep_rew_mean     | 981      |
| time/              |          |
|    episodes        | 492      |
|    fps             | 35       |
|    time_elapsed    | 13789    |
|    total_timesteps | 491833   |
| train/             |          |
|    actor_loss      | -209     |
|    critic_loss     | 36       |
|    ent_coef        | 0.116    |
|    ent_coef_loss   | -0.897   |
|    learning_rate   | 0.0003   |
|    n_updates       | 490832   |
---------------------------------
---------------------------------
| rollout/           |          |
|    ep_len_mean     | 986      |
|    ep_rew_mean     | 1.06e+03 |
| time/              |          |
|    episodes        | 496      |
|    fps             | 35       |
|    time_elapsed    | 13863    |
|    total_timesteps | 494612   |
| train/             |          |
|    actor_loss      | -194     |
|    critic_loss     | 4.06     |
|    ent_coef        | 0.11     |
|    ent_coef_loss   | -0.0618  |
|    learning_rate   | 0.0003   |
|    n_updates       | 493611   |
---------------------------------
---------------------------------
| rollout/           |          |
|    ep_len_mean     | 967      |
|    ep_rew_mean     | 1.07e+03 |
| time/              |          |
|    episodes        | 500      |
|    fps             | 35       |
|    time_elapsed    | 13905    |
|    total_timesteps | 496739   |
| train/             |          |
|    actor_loss      | -232     |
|    critic_loss     | 320      |
|    ent_coef        | 0.106    |
|    ent_coef_loss   | 0.968    |
|    learning_rate   | 0.0003   |
|    n_updates       | 495738   |
---------------------------------
[2026-06-21T21:54:33] Training complete in 13951.8s
[2026-06-21T21:54:33] Episodes: 503
[2026-06-21T21:54:33] Best reward: 9502.05
[2026-06-21T21:54:33] Mean reward (100ep): 1076.52
[2026-06-21T21:54:33] Final goal tolerance: 0.6
[2026-06-21T21:54:33] Curriculum stage: 0
[2026-06-21T21:54:33] Saved: {'model': 'C:\\Users\\ranjo\\OneDrive\\Desktop\\ARM-Model\\project_assets\\outputs\\Parallel_Seeds\\seed_04\\sac_model', 'history': 'C:\\Users\\ranjo\\OneDrive\\Desktop\\ARM-Model\\project_assets\\outputs\\Parallel_Seeds\\seed_04\\training_history.csv', 'stats': 'C:\\Users\\ranjo\\OneDrive\\Desktop\\ARM-Model\\project_assets\\outputs\\Parallel_Seeds\\seed_04\\training_stats.json'}
[2026-06-21T21:54:33] Running Fitts' Law sweep (10 trials per condition)...
[2026-06-21T21:54:57] Fitts sweep complete in 23.7s
[2026-06-21T21:54:57] Fitts: MT = -0.0738 + +0.1005 * ID, R^2 = 0.4326 (n_conditions = 17, trials_per_condition = 10)
[2026-06-21T21:54:57] Saved: C:\Users\ranjo\OneDrive\Desktop\ARM-Model\project_assets\outputs\Parallel_Seeds\seed_04\fitts_law.json
[2026-06-21T21:54:57] Saved: C:\Users\ranjo\OneDrive\Desktop\ARM-Model\project_assets\outputs\Parallel_Seeds\seed_04\fitts_law.png
[2026-06-21T21:54:57] Running 2/3 Power Law sweep (20 trials)...
[2026-06-21T21:54:59] Power Law sweep complete in 1.5s
[2026-06-21T21:54:59] Power Law: log V = -0.2047 + -0.3511 * log C, R = -0.3963, R^2 = 0.1570 (n_samples = 2885, n_trials = 0/20)
[2026-06-21T21:54:59] Saved: C:\Users\ranjo\OneDrive\Desktop\ARM-Model\project_assets\outputs\Parallel_Seeds\seed_04\power_law.json
[2026-06-21T21:54:59] Saved: C:\Users\ranjo\OneDrive\Desktop\ARM-Model\project_assets\outputs\Parallel_Seeds\seed_04\power_law.png
[2026-06-21T21:54:59] Session complete. Total wall time: 3:52:58.641217
[2026-06-21T21:54:59] ============================================================
