[2026-08-14T17:50:37] Starting Fischer session: algorithm=SAC, timesteps=500,000, direction=EAST, actuation=muscle, waypoints=[[0.2, 1.2], [2.2, 0.5], [1.0, -1.6]], seed=102
[2026-08-14T17:50:37] Save dir: C:\Users\ranjo\OneDrive\Desktop\ARM-Model\project_assets\outputs\Ablation\decrement_5\seed_102
[2026-08-14T17:50:37] Waypoint mode active: 3 waypoints, current_waypoint_index=0 at every episode reset
[2026-08-14T17:50:37] Ablation config: hold_decrement=5, hold_curriculum=on, curriculum_mode=eval
[2026-08-14T17:50:37] Waypoint mode: tolerance curriculum floor raised to 0.2 m (eval standard is 0.6 m)
[2026-08-14T17:50:37] Best-model checkpointing active: deterministic eval every 25K steps, best snapshot saved to sac_model_best.zip
Using cpu device
Wrapping the env with a `Monitor` wrapper
Wrapping the env in a DummyVecEnv.
[EvalCheckpoint] Active: eval every 25,000 steps, 5 deterministic episodes at production standard (tol 0.6 m, hold 20). Training starts at tol 0.6 m, hold 10. Best model -> C:\Users\ranjo\OneDrive\Desktop\ARM-Model\project_assets\outputs\Ablation\decrement_5\seed_102\sac_model_best
----------------------------------
| rollout/           |           |
|    ep_len_mean     | 1e+03     |
|    ep_rew_mean     | -4.77e+03 |
| time/              |           |
|    episodes        | 4         |
|    fps             | 99        |
|    time_elapsed    | 40        |
|    total_timesteps | 4000      |
| train/             |           |
|    actor_loss      | 37.6      |
|    critic_loss     | 27.3      |
|    ent_coef        | 0.412     |
|    ent_coef_loss   | -5.27     |
|    learning_rate   | 0.0003    |
|    n_updates       | 2999      |
----------------------------------
---------------------------------
| rollout/           |          |
|    ep_len_mean     | 1e+03    |
|    ep_rew_mean     | -4.5e+03 |
| time/              |          |
|    episodes        | 8        |
|    fps             | 85       |
|    time_elapsed    | 93       |
|    total_timesteps | 8000     |
| train/             |          |
|    actor_loss      | 73.5     |
|    critic_loss     | 2.83     |
|    ent_coef        | 0.14     |
|    ent_coef_loss   | -6.82    |
|    learning_rate   | 0.0003   |
|    n_updates       | 6999     |
---------------------------------
----------------------------------
| rollout/           |           |
|    ep_len_mean     | 1e+03     |
|    ep_rew_mean     | -4.76e+03 |
| time/              |           |
|    episodes        | 12        |
|    fps             | 80        |
|    time_elapsed    | 149       |
|    total_timesteps | 12000     |
| train/             |           |
|    actor_loss      | 127       |
|    critic_loss     | 3.82      |
|    ent_coef        | 0.106     |
|    ent_coef_loss   | 0.592     |
|    learning_rate   | 0.0003    |
|    n_updates       | 10999     |
----------------------------------
----------------------------------
| rollout/           |           |
|    ep_len_mean     | 1e+03     |
|    ep_rew_mean     | -4.65e+03 |
| time/              |           |
|    episodes        | 16        |
|    fps             | 78        |
|    time_elapsed    | 203       |
|    total_timesteps | 16000     |
| train/             |           |
|    actor_loss      | 138       |
|    critic_loss     | 5.53      |
|    ent_coef        | 0.0773    |
|    ent_coef_loss   | -0.361    |
|    learning_rate   | 0.0003    |
|    n_updates       | 14999     |
----------------------------------
----------------------------------
| rollout/           |           |
|    ep_len_mean     | 1e+03     |
|    ep_rew_mean     | -4.41e+03 |
| time/              |           |
|    episodes        | 20        |
|    fps             | 78        |
|    time_elapsed    | 256       |
|    total_timesteps | 20000     |
| train/             |           |
|    actor_loss      | 105       |
|    critic_loss     | 8.98      |
|    ent_coef        | 0.124     |
|    ent_coef_loss   | 0.681     |
|    learning_rate   | 0.0003    |
|    n_updates       | 18999     |
----------------------------------
----------------------------------
| rollout/           |           |
|    ep_len_mean     | 1e+03     |
|    ep_rew_mean     | -3.99e+03 |
| time/              |           |
|    episodes        | 24        |
|    fps             | 77        |
|    time_elapsed    | 310       |
|    total_timesteps | 24000     |
| train/             |           |
|    actor_loss      | 79.4      |
|    critic_loss     | 8.53      |
|    ent_coef        | 0.186     |
|    ent_coef_loss   | 0.482     |
|    learning_rate   | 0.0003    |
|    n_updates       | 22999     |
----------------------------------
[EvalCheckpoint] step 25,000: 5/5 success, mean waypoints 3.0, mean steps 490 (train tol 0.60 m, hold 10)
[EvalCheckpoint] New best model saved (score (5, 3.0, -490.0))
[EvalCheckpoint] Hold requirement advanced to 15 steps (eval success 100%)
----------------------------------
| rollout/           |           |
|    ep_len_mean     | 953       |
|    ep_rew_mean     | -3.51e+03 |
| time/              |           |
|    episodes        | 28        |
|    fps             | 76        |
|    time_elapsed    | 350       |
|    total_timesteps | 26696     |
| train/             |           |
|    actor_loss      | 45        |
|    critic_loss     | 12        |
|    ent_coef        | 0.223     |
|    ent_coef_loss   | -0.36     |
|    learning_rate   | 0.0003    |
|    n_updates       | 25695     |
----------------------------------
----------------------------------
| rollout/           |           |
|    ep_len_mean     | 943       |
|    ep_rew_mean     | -3.22e+03 |
| time/              |           |
|    episodes        | 32        |
|    fps             | 75        |
|    time_elapsed    | 399       |
|    total_timesteps | 30179     |
| train/             |           |
|    actor_loss      | -1.33     |
|    critic_loss     | 28.8      |
|    ent_coef        | 0.25      |
|    ent_coef_loss   | -0.267    |
|    learning_rate   | 0.0003    |
|    n_updates       | 29178     |
----------------------------------
---------------------------------
| rollout/           |          |
|    ep_len_mean     | 949      |
|    ep_rew_mean     | -3.1e+03 |
| time/              |          |
|    episodes        | 36       |
|    fps             | 75       |
|    time_elapsed    | 455      |
|    total_timesteps | 34179    |
| train/             |          |
|    actor_loss      | -7.89    |
|    critic_loss     | 46.1     |
|    ent_coef        | 0.196    |
|    ent_coef_loss   | -0.845   |
|    learning_rate   | 0.0003   |
|    n_updates       | 33178    |
---------------------------------
---------------------------------
| rollout/           |          |
|    ep_len_mean     | 954      |
|    ep_rew_mean     | -3e+03   |
| time/              |          |
|    episodes        | 40       |
|    fps             | 75       |
|    time_elapsed    | 509      |
|    total_timesteps | 38179    |
| train/             |          |
|    actor_loss      | -2.41    |
|    critic_loss     | 18.8     |
|    ent_coef        | 0.272    |
|    ent_coef_loss   | -0.0267  |
|    learning_rate   | 0.0003   |
|    n_updates       | 37178    |
---------------------------------
----------------------------------
| rollout/           |           |
|    ep_len_mean     | 959       |
|    ep_rew_mean     | -2.79e+03 |
| time/              |           |
|    episodes        | 44        |
|    fps             | 74        |
|    time_elapsed    | 566       |
|    total_timesteps | 42179     |
| train/             |           |
|    actor_loss      | -83.8     |
|    critic_loss     | 82        |
|    ent_coef        | 0.332     |
|    ent_coef_loss   | 0.211     |
|    learning_rate   | 0.0003    |
|    n_updates       | 41178     |
----------------------------------
----------------------------------
| rollout/           |           |
|    ep_len_mean     | 962       |
|    ep_rew_mean     | -2.89e+03 |
| time/              |           |
|    episodes        | 48        |
|    fps             | 74        |
|    time_elapsed    | 622       |
|    total_timesteps | 46179     |
| train/             |           |
|    actor_loss      | -94.9     |
|    critic_loss     | 38.7      |
|    ent_coef        | 0.337     |
|    ent_coef_loss   | 0.0112    |
|    learning_rate   | 0.0003    |
|    n_updates       | 45178     |
----------------------------------
[EvalCheckpoint] step 50,000: 0/5 success, mean waypoints 0.0, mean steps 800 (train tol 0.60 m, hold 15)
----------------------------------
| rollout/           |           |
|    ep_len_mean     | 965       |
|    ep_rew_mean     | -3.06e+03 |
| time/              |           |
|    episodes        | 52        |
|    fps             | 73        |
|    time_elapsed    | 681       |
|    total_timesteps | 50179     |
| train/             |           |
|    actor_loss      | -84.3     |
|    critic_loss     | 122       |
|    ent_coef        | 0.25      |
|    ent_coef_loss   | -0.245    |
|    learning_rate   | 0.0003    |
|    n_updates       | 49178     |
----------------------------------
----------------------------------
| rollout/           |           |
|    ep_len_mean     | 967       |
|    ep_rew_mean     | -3.18e+03 |
| time/              |           |
|    episodes        | 56        |
|    fps             | 73        |
|    time_elapsed    | 739       |
|    total_timesteps | 54179     |
| train/             |           |
|    actor_loss      | -125      |
|    critic_loss     | 44.7      |
|    ent_coef        | 0.226     |
|    ent_coef_loss   | 0.601     |
|    learning_rate   | 0.0003    |
|    n_updates       | 53178     |
----------------------------------
----------------------------------
| rollout/           |           |
|    ep_len_mean     | 970       |
|    ep_rew_mean     | -3.06e+03 |
| time/              |           |
|    episodes        | 60        |
|    fps             | 72        |
|    time_elapsed    | 796       |
|    total_timesteps | 58179     |
| train/             |           |
|    actor_loss      | -115      |
|    critic_loss     | 44.3      |
|    ent_coef        | 0.284     |
|    ent_coef_loss   | -0.11     |
|    learning_rate   | 0.0003    |
|    n_updates       | 57178     |
----------------------------------
----------------------------------
| rollout/           |           |
|    ep_len_mean     | 972       |
|    ep_rew_mean     | -2.68e+03 |
| time/              |           |
|    episodes        | 64        |
|    fps             | 72        |
|    time_elapsed    | 855       |
|    total_timesteps | 62179     |
| train/             |           |
|    actor_loss      | -112      |
|    critic_loss     | 465       |
|    ent_coef        | 0.23      |
|    ent_coef_loss   | -0.53     |
|    learning_rate   | 0.0003    |
|    n_updates       | 61178     |
----------------------------------
----------------------------------
| rollout/           |           |
|    ep_len_mean     | 973       |
|    ep_rew_mean     | -2.59e+03 |
| time/              |           |
|    episodes        | 68        |
|    fps             | 72        |
|    time_elapsed    | 912       |
|    total_timesteps | 66179     |
| train/             |           |
|    actor_loss      | -88.3     |
|    critic_loss     | 24.5      |
|    ent_coef        | 0.265     |
|    ent_coef_loss   | -0.716    |
|    learning_rate   | 0.0003    |
|    n_updates       | 65178     |
----------------------------------
----------------------------------
| rollout/           |           |
|    ep_len_mean     | 975       |
|    ep_rew_mean     | -2.65e+03 |
| time/              |           |
|    episodes        | 72        |
|    fps             | 72        |
|    time_elapsed    | 965       |
|    total_timesteps | 70179     |
| train/             |           |
|    actor_loss      | -142      |
|    critic_loss     | 37.3      |
|    ent_coef        | 0.256     |
|    ent_coef_loss   | 0.172     |
|    learning_rate   | 0.0003    |
|    n_updates       | 69178     |
----------------------------------
----------------------------------
| rollout/           |           |
|    ep_len_mean     | 976       |
|    ep_rew_mean     | -2.56e+03 |
| time/              |           |
|    episodes        | 76        |
|    fps             | 72        |
|    time_elapsed    | 1024      |
|    total_timesteps | 74179     |
| train/             |           |
|    actor_loss      | -141      |
|    critic_loss     | 30.3      |
|    ent_coef        | 0.237     |
|    ent_coef_loss   | -0.471    |
|    learning_rate   | 0.0003    |
|    n_updates       | 73178     |
----------------------------------
[EvalCheckpoint] step 75,000: 0/5 success, mean waypoints 0.0, mean steps 800 (train tol 0.60 m, hold 15)
----------------------------------
| rollout/           |           |
|    ep_len_mean     | 977       |
|    ep_rew_mean     | -2.48e+03 |
| time/              |           |
|    episodes        | 80        |
|    fps             | 72        |
|    time_elapsed    | 1079      |
|    total_timesteps | 78179     |
| train/             |           |
|    actor_loss      | -125      |
|    critic_loss     | 19.4      |
|    ent_coef        | 0.225     |
|    ent_coef_loss   | 0.112     |
|    learning_rate   | 0.0003    |
|    n_updates       | 77178     |
----------------------------------
----------------------------------
| rollout/           |           |
|    ep_len_mean     | 978       |
|    ep_rew_mean     | -2.42e+03 |
| time/              |           |
|    episodes        | 84        |
|    fps             | 72        |
|    time_elapsed    | 1135      |
|    total_timesteps | 82179     |
| train/             |           |
|    actor_loss      | -129      |
|    critic_loss     | 19.6      |
|    ent_coef        | 0.226     |
|    ent_coef_loss   | -0.157    |
|    learning_rate   | 0.0003    |
|    n_updates       | 81178     |
----------------------------------
----------------------------------
| rollout/           |           |
|    ep_len_mean     | 979       |
|    ep_rew_mean     | -2.39e+03 |
| time/              |           |
|    episodes        | 88        |
|    fps             | 72        |
|    time_elapsed    | 1192      |
|    total_timesteps | 86179     |
| train/             |           |
|    actor_loss      | -107      |
|    critic_loss     | 85.9      |
|    ent_coef        | 0.214     |
|    ent_coef_loss   | -0.034    |
|    learning_rate   | 0.0003    |
|    n_updates       | 85178     |
----------------------------------
----------------------------------
| rollout/           |           |
|    ep_len_mean     | 980       |
|    ep_rew_mean     | -2.33e+03 |
| time/              |           |
|    episodes        | 92        |
|    fps             | 72        |
|    time_elapsed    | 1249      |
|    total_timesteps | 90179     |
| train/             |           |
|    actor_loss      | -153      |
|    critic_loss     | 29        |
|    ent_coef        | 0.244     |
|    ent_coef_loss   | 0.389     |
|    learning_rate   | 0.0003    |
|    n_updates       | 89178     |
----------------------------------
----------------------------------
| rollout/           |           |
|    ep_len_mean     | 981       |
|    ep_rew_mean     | -2.28e+03 |
| time/              |           |
|    episodes        | 96        |
|    fps             | 72        |
|    time_elapsed    | 1306      |
|    total_timesteps | 94179     |
| train/             |           |
|    actor_loss      | -126      |
|    critic_loss     | 22        |
|    ent_coef        | 0.272     |
|    ent_coef_loss   | 0.0827    |
|    learning_rate   | 0.0003    |
|    n_updates       | 93178     |
----------------------------------
----------------------------------
| rollout/           |           |
|    ep_len_mean     | 982       |
|    ep_rew_mean     | -2.27e+03 |
| time/              |           |
|    episodes        | 100       |
|    fps             | 72        |
|    time_elapsed    | 1360      |
|    total_timesteps | 98179     |
| train/             |           |
|    actor_loss      | -118      |
|    critic_loss     | 14.7      |
|    ent_coef        | 0.231     |
|    ent_coef_loss   | 0.217     |
|    learning_rate   | 0.0003    |
|    n_updates       | 97178     |
----------------------------------
[EvalCheckpoint] step 100,000: 0/5 success, mean waypoints 1.0, mean steps 800 (train tol 0.60 m, hold 15)
----------------------------------
| rollout/           |           |
|    ep_len_mean     | 982       |
|    ep_rew_mean     | -2.07e+03 |
| time/              |           |
|    episodes        | 104       |
|    fps             | 72        |
|    time_elapsed    | 1417      |
|    total_timesteps | 102179    |
| train/             |           |
|    actor_loss      | -155      |
|    critic_loss     | 17.4      |
|    ent_coef        | 0.255     |
|    ent_coef_loss   | -0.199    |
|    learning_rate   | 0.0003    |
|    n_updates       | 101178    |
----------------------------------
----------------------------------
| rollout/           |           |
|    ep_len_mean     | 982       |
|    ep_rew_mean     | -1.72e+03 |
| time/              |           |
|    episodes        | 108       |
|    fps             | 72        |
|    time_elapsed    | 1471      |
|    total_timesteps | 106179    |
| train/             |           |
|    actor_loss      | -150      |
|    critic_loss     | 33.7      |
|    ent_coef        | 0.22      |
|    ent_coef_loss   | -0.583    |
|    learning_rate   | 0.0003    |
|    n_updates       | 105178    |
----------------------------------
----------------------------------
| rollout/           |           |
|    ep_len_mean     | 982       |
|    ep_rew_mean     | -1.56e+03 |
| time/              |           |
|    episodes        | 112       |
|    fps             | 72        |
|    time_elapsed    | 1526      |
|    total_timesteps | 110179    |
| train/             |           |
|    actor_loss      | -144      |
|    critic_loss     | 25.1      |
|    ent_coef        | 0.292     |
|    ent_coef_loss   | -0.659    |
|    learning_rate   | 0.0003    |
|    n_updates       | 109178    |
----------------------------------
----------------------------------
| rollout/           |           |
|    ep_len_mean     | 982       |
|    ep_rew_mean     | -1.44e+03 |
| time/              |           |
|    episodes        | 116       |
|    fps             | 72        |
|    time_elapsed    | 1580      |
|    total_timesteps | 114179    |
| train/             |           |
|    actor_loss      | -338      |
|    critic_loss     | 30.3      |
|    ent_coef        | 0.269     |
|    ent_coef_loss   | 0.672     |
|    learning_rate   | 0.0003    |
|    n_updates       | 113178    |
----------------------------------
----------------------------------
| rollout/           |           |
|    ep_len_mean     | 982       |
|    ep_rew_mean     | -1.35e+03 |
| time/              |           |
|    episodes        | 120       |
|    fps             | 72        |
|    time_elapsed    | 1633      |
|    total_timesteps | 118179    |
| train/             |           |
|    actor_loss      | -217      |
|    critic_loss     | 24        |
|    ent_coef        | 0.289     |
|    ent_coef_loss   | -0.521    |
|    learning_rate   | 0.0003    |
|    n_updates       | 117178    |
----------------------------------
----------------------------------
| rollout/           |           |
|    ep_len_mean     | 982       |
|    ep_rew_mean     | -1.33e+03 |
| time/              |           |
|    episodes        | 124       |
|    fps             | 72        |
|    time_elapsed    | 1688      |
|    total_timesteps | 122179    |
| train/             |           |
|    actor_loss      | -216      |
|    critic_loss     | 30.3      |
|    ent_coef        | 0.229     |
|    ent_coef_loss   | -0.0946   |
|    learning_rate   | 0.0003    |
|    n_updates       | 121178    |
----------------------------------
[EvalCheckpoint] step 125,000: 0/5 success, mean waypoints 0.0, mean steps 800 (train tol 0.60 m, hold 15)
----------------------------------
| rollout/           |           |
|    ep_len_mean     | 995       |
|    ep_rew_mean     | -1.24e+03 |
| time/              |           |
|    episodes        | 128       |
|    fps             | 72        |
|    time_elapsed    | 1743      |
|    total_timesteps | 126179    |
| train/             |           |
|    actor_loss      | -188      |
|    critic_loss     | 42.5      |
|    ent_coef        | 0.228     |
|    ent_coef_loss   | -0.00762  |
|    learning_rate   | 0.0003    |
|    n_updates       | 125178    |
----------------------------------
---------------------------------
| rollout/           |          |
|    ep_len_mean     | 1e+03    |
|    ep_rew_mean     | -996     |
| time/              |          |
|    episodes        | 132      |
|    fps             | 72       |
|    time_elapsed    | 1797     |
|    total_timesteps | 130179   |
| train/             |          |
|    actor_loss      | -146     |
|    critic_loss     | 20.9     |
|    ent_coef        | 0.234    |
|    ent_coef_loss   | 0.433    |
|    learning_rate   | 0.0003   |
|    n_updates       | 129178   |
---------------------------------
---------------------------------
| rollout/           |          |
|    ep_len_mean     | 1e+03    |
|    ep_rew_mean     | -956     |
| time/              |          |
|    episodes        | 136      |
|    fps             | 72       |
|    time_elapsed    | 1850     |
|    total_timesteps | 134179   |
| train/             |          |
|    actor_loss      | -238     |
|    critic_loss     | 19.8     |
|    ent_coef        | 0.211    |
|    ent_coef_loss   | 0.25     |
|    learning_rate   | 0.0003   |
|    n_updates       | 133178   |
---------------------------------
---------------------------------
| rollout/           |          |
|    ep_len_mean     | 1e+03    |
|    ep_rew_mean     | -901     |
| time/              |          |
|    episodes        | 140      |
|    fps             | 72       |
|    time_elapsed    | 1904     |
|    total_timesteps | 138179   |
| train/             |          |
|    actor_loss      | -196     |
|    critic_loss     | 29       |
|    ent_coef        | 0.195    |
|    ent_coef_loss   | 0.145    |
|    learning_rate   | 0.0003   |
|    n_updates       | 137178   |
---------------------------------
---------------------------------
| rollout/           |          |
|    ep_len_mean     | 1e+03    |
|    ep_rew_mean     | -785     |
| time/              |          |
|    episodes        | 144      |
|    fps             | 72       |
|    time_elapsed    | 1959     |
|    total_timesteps | 142179   |
| train/             |          |
|    actor_loss      | -196     |
|    critic_loss     | 21       |
|    ent_coef        | 0.224    |
|    ent_coef_loss   | 0.351    |
|    learning_rate   | 0.0003   |
|    n_updates       | 141178   |
---------------------------------
---------------------------------
| rollout/           |          |
|    ep_len_mean     | 1e+03    |
|    ep_rew_mean     | -254     |
| time/              |          |
|    episodes        | 148      |
|    fps             | 72       |
|    time_elapsed    | 2013     |
|    total_timesteps | 146179   |
| train/             |          |
|    actor_loss      | -251     |
|    critic_loss     | 20.8     |
|    ent_coef        | 0.237    |
|    ent_coef_loss   | -0.59    |
|    learning_rate   | 0.0003   |
|    n_updates       | 145178   |
---------------------------------
[EvalCheckpoint] step 150,000: 0/5 success, mean waypoints 2.0, mean steps 800 (train tol 0.60 m, hold 15)
---------------------------------
| rollout/           |          |
|    ep_len_mean     | 1e+03    |
|    ep_rew_mean     | 416      |
| time/              |          |
|    episodes        | 152      |
|    fps             | 72       |
|    time_elapsed    | 2065     |
|    total_timesteps | 150179   |
| train/             |          |
|    actor_loss      | -229     |
|    critic_loss     | 18.9     |
|    ent_coef        | 0.218    |
|    ent_coef_loss   | -0.192   |
|    learning_rate   | 0.0003   |
|    n_updates       | 149178   |
---------------------------------
---------------------------------
| rollout/           |          |
|    ep_len_mean     | 1e+03    |
|    ep_rew_mean     | 1.13e+03 |
| time/              |          |
|    episodes        | 156      |
|    fps             | 72       |
|    time_elapsed    | 2118     |
|    total_timesteps | 154179   |
| train/             |          |
|    actor_loss      | -343     |
|    critic_loss     | 20.6     |
|    ent_coef        | 0.22     |
|    ent_coef_loss   | -0.194   |
|    learning_rate   | 0.0003   |
|    n_updates       | 153178   |
---------------------------------
---------------------------------
| rollout/           |          |
|    ep_len_mean     | 1e+03    |
|    ep_rew_mean     | 1.69e+03 |
| time/              |          |
|    episodes        | 160      |
|    fps             | 72       |
|    time_elapsed    | 2169     |
|    total_timesteps | 158179   |
| train/             |          |
|    actor_loss      | -290     |
|    critic_loss     | 20       |
|    ent_coef        | 0.21     |
|    ent_coef_loss   | -0.0385  |
|    learning_rate   | 0.0003   |
|    n_updates       | 157178   |
---------------------------------
---------------------------------
| rollout/           |          |
|    ep_len_mean     | 1e+03    |
|    ep_rew_mean     | 1.54e+03 |
| time/              |          |
|    episodes        | 164      |
|    fps             | 72       |
|    time_elapsed    | 2222     |
|    total_timesteps | 162179   |
| train/             |          |
|    actor_loss      | -386     |
|    critic_loss     | 2.85e+03 |
|    ent_coef        | 0.197    |
|    ent_coef_loss   | -0.346   |
|    learning_rate   | 0.0003   |
|    n_updates       | 161178   |
---------------------------------
---------------------------------
| rollout/           |          |
|    ep_len_mean     | 1e+03    |
|    ep_rew_mean     | 1.74e+03 |
| time/              |          |
|    episodes        | 168      |
|    fps             | 73       |
|    time_elapsed    | 2275     |
|    total_timesteps | 166179   |
| train/             |          |
|    actor_loss      | -339     |
|    critic_loss     | 29.8     |
|    ent_coef        | 0.219    |
|    ent_coef_loss   | -0.00916 |
|    learning_rate   | 0.0003   |
|    n_updates       | 165178   |
---------------------------------
---------------------------------
| rollout/           |          |
|    ep_len_mean     | 1e+03    |
|    ep_rew_mean     | 1.95e+03 |
| time/              |          |
|    episodes        | 172      |
|    fps             | 73       |
|    time_elapsed    | 2325     |
|    total_timesteps | 170179   |
| train/             |          |
|    actor_loss      | -356     |
|    critic_loss     | 46.2     |
|    ent_coef        | 0.207    |
|    ent_coef_loss   | -0.55    |
|    learning_rate   | 0.0003   |
|    n_updates       | 169178   |
---------------------------------
---------------------------------
| rollout/           |          |
|    ep_len_mean     | 1e+03    |
|    ep_rew_mean     | 1.87e+03 |
| time/              |          |
|    episodes        | 176      |
|    fps             | 73       |
|    time_elapsed    | 2378     |
|    total_timesteps | 174179   |
| train/             |          |
|    actor_loss      | -362     |
|    critic_loss     | 25.8     |
|    ent_coef        | 0.213    |
|    ent_coef_loss   | -0.314   |
|    learning_rate   | 0.0003   |
|    n_updates       | 173178   |
---------------------------------
[EvalCheckpoint] step 175,000: 0/5 success, mean waypoints 0.0, mean steps 800 (train tol 0.60 m, hold 15)
---------------------------------
| rollout/           |          |
|    ep_len_mean     | 1e+03    |
|    ep_rew_mean     | 1.75e+03 |
| time/              |          |
|    episodes        | 180      |
|    fps             | 73       |
|    time_elapsed    | 2435     |
|    total_timesteps | 178179   |
| train/             |          |
|    actor_loss      | -304     |
|    critic_loss     | 23.4     |
|    ent_coef        | 0.209    |
|    ent_coef_loss   | 0.183    |
|    learning_rate   | 0.0003   |
|    n_updates       | 177178   |
---------------------------------
---------------------------------
| rollout/           |          |
|    ep_len_mean     | 1e+03    |
|    ep_rew_mean     | 1.99e+03 |
| time/              |          |
|    episodes        | 184      |
|    fps             | 73       |
|    time_elapsed    | 2491     |
|    total_timesteps | 182179   |
| train/             |          |
|    actor_loss      | -344     |
|    critic_loss     | 24.7     |
|    ent_coef        | 0.221    |
|    ent_coef_loss   | -0.156   |
|    learning_rate   | 0.0003   |
|    n_updates       | 181178   |
---------------------------------
---------------------------------
| rollout/           |          |
|    ep_len_mean     | 1e+03    |
|    ep_rew_mean     | 2.58e+03 |
| time/              |          |
|    episodes        | 188      |
|    fps             | 73       |
|    time_elapsed    | 2543     |
|    total_timesteps | 186179   |
| train/             |          |
|    actor_loss      | -366     |
|    critic_loss     | 22.4     |
|    ent_coef        | 0.223    |
|    ent_coef_loss   | 0.0633   |
|    learning_rate   | 0.0003   |
|    n_updates       | 185178   |
---------------------------------
---------------------------------
| rollout/           |          |
|    ep_len_mean     | 1e+03    |
|    ep_rew_mean     | 3.1e+03  |
| time/              |          |
|    episodes        | 192      |
|    fps             | 73       |
|    time_elapsed    | 2600     |
|    total_timesteps | 190179   |
| train/             |          |
|    actor_loss      | -472     |
|    critic_loss     | 26.6     |
|    ent_coef        | 0.219    |
|    ent_coef_loss   | -0.288   |
|    learning_rate   | 0.0003   |
|    n_updates       | 189178   |
---------------------------------
---------------------------------
| rollout/           |          |
|    ep_len_mean     | 1e+03    |
|    ep_rew_mean     | 3.66e+03 |
| time/              |          |
|    episodes        | 196      |
|    fps             | 73       |
|    time_elapsed    | 2656     |
|    total_timesteps | 194179   |
| train/             |          |
|    actor_loss      | -469     |
|    critic_loss     | 23.4     |
|    ent_coef        | 0.222    |
|    ent_coef_loss   | 0.559    |
|    learning_rate   | 0.0003   |
|    n_updates       | 193178   |
---------------------------------
---------------------------------
| rollout/           |          |
|    ep_len_mean     | 1e+03    |
|    ep_rew_mean     | 4.29e+03 |
| time/              |          |
|    episodes        | 200      |
|    fps             | 72       |
|    time_elapsed    | 2715     |
|    total_timesteps | 198179   |
| train/             |          |
|    actor_loss      | -494     |
|    critic_loss     | 23.9     |
|    ent_coef        | 0.237    |
|    ent_coef_loss   | 0.343    |
|    learning_rate   | 0.0003   |
|    n_updates       | 197178   |
---------------------------------
[EvalCheckpoint] step 200,000: 0/5 success, mean waypoints 2.0, mean steps 800 (train tol 0.60 m, hold 15)
---------------------------------
| rollout/           |          |
|    ep_len_mean     | 1e+03    |
|    ep_rew_mean     | 4.85e+03 |
| time/              |          |
|    episodes        | 204      |
|    fps             | 72       |
|    time_elapsed    | 2773     |
|    total_timesteps | 202179   |
| train/             |          |
|    actor_loss      | -436     |
|    critic_loss     | 29.8     |
|    ent_coef        | 0.232    |
|    ent_coef_loss   | 0.307    |
|    learning_rate   | 0.0003   |
|    n_updates       | 201178   |
---------------------------------
---------------------------------
| rollout/           |          |
|    ep_len_mean     | 1e+03    |
|    ep_rew_mean     | 5.25e+03 |
| time/              |          |
|    episodes        | 208      |
|    fps             | 72       |
|    time_elapsed    | 2829     |
|    total_timesteps | 206179   |
| train/             |          |
|    actor_loss      | -490     |
|    critic_loss     | 18.6     |
|    ent_coef        | 0.237    |
|    ent_coef_loss   | -0.48    |
|    learning_rate   | 0.0003   |
|    n_updates       | 205178   |
---------------------------------
---------------------------------
| rollout/           |          |
|    ep_len_mean     | 1e+03    |
|    ep_rew_mean     | 5.79e+03 |
| time/              |          |
|    episodes        | 212      |
|    fps             | 72       |
|    time_elapsed    | 2880     |
|    total_timesteps | 210179   |
| train/             |          |
|    actor_loss      | -629     |
|    critic_loss     | 36.3     |
|    ent_coef        | 0.263    |
|    ent_coef_loss   | 0.578    |
|    learning_rate   | 0.0003   |
|    n_updates       | 209178   |
---------------------------------
---------------------------------
| rollout/           |          |
|    ep_len_mean     | 1e+03    |
|    ep_rew_mean     | 6.39e+03 |
| time/              |          |
|    episodes        | 216      |
|    fps             | 72       |
|    time_elapsed    | 2935     |
|    total_timesteps | 214179   |
| train/             |          |
|    actor_loss      | -577     |
|    critic_loss     | 42.5     |
|    ent_coef        | 0.256    |
|    ent_coef_loss   | -0.231   |
|    learning_rate   | 0.0003   |
|    n_updates       | 213178   |
---------------------------------
---------------------------------
| rollout/           |          |
|    ep_len_mean     | 1e+03    |
|    ep_rew_mean     | 7.01e+03 |
| time/              |          |
|    episodes        | 220      |
|    fps             | 73       |
|    time_elapsed    | 2988     |
|    total_timesteps | 218179   |
| train/             |          |
|    actor_loss      | -688     |
|    critic_loss     | 27.2     |
|    ent_coef        | 0.231    |
|    ent_coef_loss   | -0.187   |
|    learning_rate   | 0.0003   |
|    n_updates       | 217178   |
---------------------------------
---------------------------------
| rollout/           |          |
|    ep_len_mean     | 1e+03    |
|    ep_rew_mean     | 7.44e+03 |
| time/              |          |
|    episodes        | 224      |
|    fps             | 73       |
|    time_elapsed    | 3041     |
|    total_timesteps | 222179   |
| train/             |          |
|    actor_loss      | -586     |
|    critic_loss     | 45.6     |
|    ent_coef        | 0.207    |
|    ent_coef_loss   | 0.0415   |
|    learning_rate   | 0.0003   |
|    n_updates       | 221178   |
---------------------------------
[EvalCheckpoint] step 225,000: 0/5 success, mean waypoints 0.0, mean steps 800 (train tol 0.60 m, hold 15)
---------------------------------
| rollout/           |          |
|    ep_len_mean     | 1e+03    |
|    ep_rew_mean     | 7.34e+03 |
| time/              |          |
|    episodes        | 228      |
|    fps             | 73       |
|    time_elapsed    | 3094     |
|    total_timesteps | 226179   |
| train/             |          |
|    actor_loss      | -536     |
|    critic_loss     | 22.3     |
|    ent_coef        | 0.189    |
|    ent_coef_loss   | -1.2     |
|    learning_rate   | 0.0003   |
|    n_updates       | 225178   |
---------------------------------
---------------------------------
| rollout/           |          |
|    ep_len_mean     | 1e+03    |
|    ep_rew_mean     | 7.23e+03 |
| time/              |          |
|    episodes        | 232      |
|    fps             | 73       |
|    time_elapsed    | 3146     |
|    total_timesteps | 230179   |
| train/             |          |
|    actor_loss      | -576     |
|    critic_loss     | 19.3     |
|    ent_coef        | 0.203    |
|    ent_coef_loss   | -0.0115  |
|    learning_rate   | 0.0003   |
|    n_updates       | 229178   |
---------------------------------
---------------------------------
| rollout/           |          |
|    ep_len_mean     | 1e+03    |
|    ep_rew_mean     | 7.54e+03 |
| time/              |          |
|    episodes        | 236      |
|    fps             | 73       |
|    time_elapsed    | 3206     |
|    total_timesteps | 234179   |
| train/             |          |
|    actor_loss      | -585     |
|    critic_loss     | 21.3     |
|    ent_coef        | 0.204    |
|    ent_coef_loss   | -0.243   |
|    learning_rate   | 0.0003   |
|    n_updates       | 233178   |
---------------------------------
---------------------------------
| rollout/           |          |
|    ep_len_mean     | 1e+03    |
|    ep_rew_mean     | 8.14e+03 |
| time/              |          |
|    episodes        | 240      |
|    fps             | 72       |
|    time_elapsed    | 3262     |
|    total_timesteps | 238179   |
| train/             |          |
|    actor_loss      | -553     |
|    critic_loss     | 20.3     |
|    ent_coef        | 0.209    |
|    ent_coef_loss   | 0.169    |
|    learning_rate   | 0.0003   |
|    n_updates       | 237178   |
---------------------------------
---------------------------------
| rollout/           |          |
|    ep_len_mean     | 1e+03    |
|    ep_rew_mean     | 8.67e+03 |
| time/              |          |
|    episodes        | 244      |
|    fps             | 72       |
|    time_elapsed    | 3318     |
|    total_timesteps | 242179   |
| train/             |          |
|    actor_loss      | -735     |
|    critic_loss     | 21.5     |
|    ent_coef        | 0.223    |
|    ent_coef_loss   | 0.115    |
|    learning_rate   | 0.0003   |
|    n_updates       | 241178   |
---------------------------------
---------------------------------
| rollout/           |          |
|    ep_len_mean     | 1e+03    |
|    ep_rew_mean     | 8.9e+03  |
| time/              |          |
|    episodes        | 248      |
|    fps             | 72       |
|    time_elapsed    | 3373     |
|    total_timesteps | 246179   |
| train/             |          |
|    actor_loss      | -635     |
|    critic_loss     | 14.7     |
|    ent_coef        | 0.218    |
|    ent_coef_loss   | -0.414   |
|    learning_rate   | 0.0003   |
|    n_updates       | 245178   |
---------------------------------
[EvalCheckpoint] step 250,000: 0/5 success, mean waypoints 2.0, mean steps 800 (train tol 0.60 m, hold 15)
---------------------------------
| rollout/           |          |
|    ep_len_mean     | 1e+03    |
|    ep_rew_mean     | 8.99e+03 |
| time/              |          |
|    episodes        | 252      |
|    fps             | 73       |
|    time_elapsed    | 3420     |
|    total_timesteps | 250179   |
| train/             |          |
|    actor_loss      | -725     |
|    critic_loss     | 34.3     |
|    ent_coef        | 0.24     |
|    ent_coef_loss   | 0.361    |
|    learning_rate   | 0.0003   |
|    n_updates       | 249178   |
---------------------------------
---------------------------------
| rollout/           |          |
|    ep_len_mean     | 1e+03    |
|    ep_rew_mean     | 8.8e+03  |
| time/              |          |
|    episodes        | 256      |
|    fps             | 73       |
|    time_elapsed    | 3468     |
|    total_timesteps | 254179   |
| train/             |          |
|    actor_loss      | -747     |
|    critic_loss     | 24.4     |
|    ent_coef        | 0.259    |
|    ent_coef_loss   | 0.392    |
|    learning_rate   | 0.0003   |
|    n_updates       | 253178   |
---------------------------------
---------------------------------
| rollout/           |          |
|    ep_len_mean     | 1e+03    |
|    ep_rew_mean     | 8.97e+03 |
| time/              |          |
|    episodes        | 260      |
|    fps             | 73       |
|    time_elapsed    | 3521     |
|    total_timesteps | 258179   |
| train/             |          |
|    actor_loss      | -929     |
|    critic_loss     | 21.8     |
|    ent_coef        | 0.2      |
|    ent_coef_loss   | 0.289    |
|    learning_rate   | 0.0003   |
|    n_updates       | 257178   |
---------------------------------
---------------------------------
| rollout/           |          |
|    ep_len_mean     | 1e+03    |
|    ep_rew_mean     | 8.95e+03 |
| time/              |          |
|    episodes        | 264      |
|    fps             | 73       |
|    time_elapsed    | 3574     |
|    total_timesteps | 262179   |
| train/             |          |
|    actor_loss      | -949     |
|    critic_loss     | 18.4     |
|    ent_coef        | 0.206    |
|    ent_coef_loss   | 0.0938   |
|    learning_rate   | 0.0003   |
|    n_updates       | 261178   |
---------------------------------
---------------------------------
| rollout/           |          |
|    ep_len_mean     | 1e+03    |
|    ep_rew_mean     | 9.08e+03 |
| time/              |          |
|    episodes        | 268      |
|    fps             | 73       |
|    time_elapsed    | 3625     |
|    total_timesteps | 266179   |
| train/             |          |
|    actor_loss      | -835     |
|    critic_loss     | 19.7     |
|    ent_coef        | 0.186    |
|    ent_coef_loss   | 0.306    |
|    learning_rate   | 0.0003   |
|    n_updates       | 265178   |
---------------------------------
---------------------------------
| rollout/           |          |
|    ep_len_mean     | 1e+03    |
|    ep_rew_mean     | 9.53e+03 |
| time/              |          |
|    episodes        | 272      |
|    fps             | 73       |
|    time_elapsed    | 3679     |
|    total_timesteps | 270179   |
| train/             |          |
|    actor_loss      | -907     |
|    critic_loss     | 14.4     |
|    ent_coef        | 0.191    |
|    ent_coef_loss   | -0.461   |
|    learning_rate   | 0.0003   |
|    n_updates       | 269178   |
---------------------------------
---------------------------------
| rollout/           |          |
|    ep_len_mean     | 1e+03    |
|    ep_rew_mean     | 1.03e+04 |
| time/              |          |
|    episodes        | 276      |
|    fps             | 73       |
|    time_elapsed    | 3736     |
|    total_timesteps | 274179   |
| train/             |          |
|    actor_loss      | -856     |
|    critic_loss     | 19.1     |
|    ent_coef        | 0.194    |
|    ent_coef_loss   | -0.469   |
|    learning_rate   | 0.0003   |
|    n_updates       | 273178   |
---------------------------------
[EvalCheckpoint] step 275,000: 0/5 success, mean waypoints 2.0, mean steps 800 (train tol 0.60 m, hold 15)
---------------------------------
| rollout/           |          |
|    ep_len_mean     | 1e+03    |
|    ep_rew_mean     | 1.12e+04 |
| time/              |          |
|    episodes        | 280      |
|    fps             | 73       |
|    time_elapsed    | 3790     |
|    total_timesteps | 278179   |
| train/             |          |
|    actor_loss      | -973     |
|    critic_loss     | 17.7     |
|    ent_coef        | 0.199    |
|    ent_coef_loss   | 0.49     |
|    learning_rate   | 0.0003   |
|    n_updates       | 277178   |
---------------------------------
----------------------------------
| rollout/           |           |
|    ep_len_mean     | 1e+03     |
|    ep_rew_mean     | 1.16e+04  |
| time/              |           |
|    episodes        | 284       |
|    fps             | 73        |
|    time_elapsed    | 3846      |
|    total_timesteps | 282179    |
| train/             |           |
|    actor_loss      | -1.03e+03 |
|    critic_loss     | 26.2      |
|    ent_coef        | 0.19      |
|    ent_coef_loss   | 0.0469    |
|    learning_rate   | 0.0003    |
|    n_updates       | 281178    |
----------------------------------
----------------------------------
| rollout/           |           |
|    ep_len_mean     | 1e+03     |
|    ep_rew_mean     | 1.17e+04  |
| time/              |           |
|    episodes        | 288       |
|    fps             | 73        |
|    time_elapsed    | 3904      |
|    total_timesteps | 286179    |
| train/             |           |
|    actor_loss      | -1.11e+03 |
|    critic_loss     | 12.9      |
|    ent_coef        | 0.207     |
|    ent_coef_loss   | 0.88      |
|    learning_rate   | 0.0003    |
|    n_updates       | 285178    |
----------------------------------
---------------------------------
| rollout/           |          |
|    ep_len_mean     | 1e+03    |
|    ep_rew_mean     | 1.2e+04  |
| time/              |          |
|    episodes        | 292      |
|    fps             | 73       |
|    time_elapsed    | 3958     |
|    total_timesteps | 290179   |
| train/             |          |
|    actor_loss      | -972     |
|    critic_loss     | 17.1     |
|    ent_coef        | 0.188    |
|    ent_coef_loss   | -0.248   |
|    learning_rate   | 0.0003   |
|    n_updates       | 289178   |
---------------------------------
---------------------------------
| rollout/           |          |
|    ep_len_mean     | 1e+03    |
|    ep_rew_mean     | 1.22e+04 |
| time/              |          |
|    episodes        | 296      |
|    fps             | 73       |
|    time_elapsed    | 4013     |
|    total_timesteps | 294179   |
| train/             |          |
|    actor_loss      | -1.1e+03 |
|    critic_loss     | 14.8     |
|    ent_coef        | 0.191    |
|    ent_coef_loss   | 0.0112   |
|    learning_rate   | 0.0003   |
|    n_updates       | 293178   |
---------------------------------
----------------------------------
| rollout/           |           |
|    ep_len_mean     | 1e+03     |
|    ep_rew_mean     | 1.23e+04  |
| time/              |           |
|    episodes        | 300       |
|    fps             | 73        |
|    time_elapsed    | 4076      |
|    total_timesteps | 298179    |
| train/             |           |
|    actor_loss      | -1.15e+03 |
|    critic_loss     | 16.9      |
|    ent_coef        | 0.208     |
|    ent_coef_loss   | 0.724     |
|    learning_rate   | 0.0003    |
|    n_updates       | 297178    |
----------------------------------
[EvalCheckpoint] step 300,000: 0/5 success, mean waypoints 2.0, mean steps 800 (train tol 0.60 m, hold 15)
----------------------------------
| rollout/           |           |
|    ep_len_mean     | 1e+03     |
|    ep_rew_mean     | 1.25e+04  |
| time/              |           |
|    episodes        | 304       |
|    fps             | 73        |
|    time_elapsed    | 4138      |
|    total_timesteps | 302179    |
| train/             |           |
|    actor_loss      | -1.27e+03 |
|    critic_loss     | 17.1      |
|    ent_coef        | 0.24      |
|    ent_coef_loss   | 0.543     |
|    learning_rate   | 0.0003    |
|    n_updates       | 301178    |
----------------------------------
---------------------------------
| rollout/           |          |
|    ep_len_mean     | 1e+03    |
|    ep_rew_mean     | 1.25e+04 |
| time/              |          |
|    episodes        | 308      |
|    fps             | 73       |
|    time_elapsed    | 4193     |
|    total_timesteps | 306179   |
| train/             |          |
|    actor_loss      | -1.3e+03 |
|    critic_loss     | 16.3     |
|    ent_coef        | 0.222    |
|    ent_coef_loss   | 0.311    |
|    learning_rate   | 0.0003   |
|    n_updates       | 305178   |
---------------------------------
----------------------------------
| rollout/           |           |
|    ep_len_mean     | 1e+03     |
|    ep_rew_mean     | 1.24e+04  |
| time/              |           |
|    episodes        | 312       |
|    fps             | 73        |
|    time_elapsed    | 4246      |
|    total_timesteps | 310179    |
| train/             |           |
|    actor_loss      | -1.22e+03 |
|    critic_loss     | 13.1      |
|    ent_coef        | 0.21      |
|    ent_coef_loss   | 0.139     |
|    learning_rate   | 0.0003    |
|    n_updates       | 309178    |
----------------------------------
----------------------------------
| rollout/           |           |
|    ep_len_mean     | 1e+03     |
|    ep_rew_mean     | 1.25e+04  |
| time/              |           |
|    episodes        | 316       |
|    fps             | 73        |
|    time_elapsed    | 4298      |
|    total_timesteps | 314179    |
| train/             |           |
|    actor_loss      | -1.19e+03 |
|    critic_loss     | 15.7      |
|    ent_coef        | 0.231     |
|    ent_coef_loss   | -0.249    |
|    learning_rate   | 0.0003    |
|    n_updates       | 313178    |
----------------------------------
----------------------------------
| rollout/           |           |
|    ep_len_mean     | 1e+03     |
|    ep_rew_mean     | 1.27e+04  |
| time/              |           |
|    episodes        | 320       |
|    fps             | 73        |
|    time_elapsed    | 4351      |
|    total_timesteps | 318179    |
| train/             |           |
|    actor_loss      | -1.35e+03 |
|    critic_loss     | 9.67      |
|    ent_coef        | 0.252     |
|    ent_coef_loss   | -0.369    |
|    learning_rate   | 0.0003    |
|    n_updates       | 317178    |
----------------------------------
----------------------------------
| rollout/           |           |
|    ep_len_mean     | 1e+03     |
|    ep_rew_mean     | 1.31e+04  |
| time/              |           |
|    episodes        | 324       |
|    fps             | 73        |
|    time_elapsed    | 4404      |
|    total_timesteps | 322179    |
| train/             |           |
|    actor_loss      | -1.28e+03 |
|    critic_loss     | 15.4      |
|    ent_coef        | 0.271     |
|    ent_coef_loss   | -0.0276   |
|    learning_rate   | 0.0003    |
|    n_updates       | 321178    |
----------------------------------
[EvalCheckpoint] step 325,000: 0/5 success, mean waypoints 2.0, mean steps 800 (train tol 0.60 m, hold 15)
----------------------------------
| rollout/           |           |
|    ep_len_mean     | 1e+03     |
|    ep_rew_mean     | 1.38e+04  |
| time/              |           |
|    episodes        | 328       |
|    fps             | 73        |
|    time_elapsed    | 4461      |
|    total_timesteps | 326179    |
| train/             |           |
|    actor_loss      | -1.37e+03 |
|    critic_loss     | 16.3      |
|    ent_coef        | 0.238     |
|    ent_coef_loss   | -0.179    |
|    learning_rate   | 0.0003    |
|    n_updates       | 325178    |
----------------------------------
----------------------------------
| rollout/           |           |
|    ep_len_mean     | 1e+03     |
|    ep_rew_mean     | 1.45e+04  |
| time/              |           |
|    episodes        | 332       |
|    fps             | 73        |
|    time_elapsed    | 4513      |
|    total_timesteps | 330179    |
| train/             |           |
|    actor_loss      | -1.44e+03 |
|    critic_loss     | 14.8      |
|    ent_coef        | 0.239     |
|    ent_coef_loss   | 0.773     |
|    learning_rate   | 0.0003    |
|    n_updates       | 329178    |
----------------------------------
---------------------------------
| rollout/           |          |
|    ep_len_mean     | 1e+03    |
|    ep_rew_mean     | 1.5e+04  |
| time/              |          |
|    episodes        | 336      |
|    fps             | 73       |
|    time_elapsed    | 4566     |
|    total_timesteps | 334179   |
| train/             |          |
|    actor_loss      | -1.4e+03 |
|    critic_loss     | 17       |
|    ent_coef        | 0.239    |
|    ent_coef_loss   | -0.433   |
|    learning_rate   | 0.0003   |
|    n_updates       | 333178   |
---------------------------------
----------------------------------
| rollout/           |           |
|    ep_len_mean     | 1e+03     |
|    ep_rew_mean     | 1.51e+04  |
| time/              |           |
|    episodes        | 340       |
|    fps             | 73        |
|    time_elapsed    | 4620      |
|    total_timesteps | 338179    |
| train/             |           |
|    actor_loss      | -1.48e+03 |
|    critic_loss     | 13.4      |
|    ent_coef        | 0.217     |
|    ent_coef_loss   | 0.201     |
|    learning_rate   | 0.0003    |
|    n_updates       | 337178    |
----------------------------------
----------------------------------
| rollout/           |           |
|    ep_len_mean     | 995       |
|    ep_rew_mean     | 1.52e+04  |
| time/              |           |
|    episodes        | 344       |
|    fps             | 73        |
|    time_elapsed    | 4669      |
|    total_timesteps | 341685    |
| train/             |           |
|    actor_loss      | -1.43e+03 |
|    critic_loss     | 14.4      |
|    ent_coef        | 0.218     |
|    ent_coef_loss   | -0.455    |
|    learning_rate   | 0.0003    |
|    n_updates       | 340684    |
----------------------------------
----------------------------------
| rollout/           |           |
|    ep_len_mean     | 995       |
|    ep_rew_mean     | 1.53e+04  |
| time/              |           |
|    episodes        | 348       |
|    fps             | 73        |
|    time_elapsed    | 4721      |
|    total_timesteps | 345685    |
| train/             |           |
|    actor_loss      | -1.53e+03 |
|    critic_loss     | 10.5      |
|    ent_coef        | 0.229     |
|    ent_coef_loss   | -0.0725   |
|    learning_rate   | 0.0003    |
|    n_updates       | 344684    |
----------------------------------
----------------------------------
| rollout/           |           |
|    ep_len_mean     | 995       |
|    ep_rew_mean     | 1.55e+04  |
| time/              |           |
|    episodes        | 352       |
|    fps             | 73        |
|    time_elapsed    | 4776      |
|    total_timesteps | 349685    |
| train/             |           |
|    actor_loss      | -1.48e+03 |
|    critic_loss     | 24.2      |
|    ent_coef        | 0.236     |
|    ent_coef_loss   | -0.129    |
|    learning_rate   | 0.0003    |
|    n_updates       | 348684    |
----------------------------------
[EvalCheckpoint] step 350,000: 0/5 success, mean waypoints 2.0, mean steps 800 (train tol 0.60 m, hold 15)
----------------------------------
| rollout/           |           |
|    ep_len_mean     | 995       |
|    ep_rew_mean     | 1.59e+04  |
| time/              |           |
|    episodes        | 356       |
|    fps             | 73        |
|    time_elapsed    | 4832      |
|    total_timesteps | 353685    |
| train/             |           |
|    actor_loss      | -1.65e+03 |
|    critic_loss     | 23.9      |
|    ent_coef        | 0.232     |
|    ent_coef_loss   | 0.582     |
|    learning_rate   | 0.0003    |
|    n_updates       | 352684    |
----------------------------------
----------------------------------
| rollout/           |           |
|    ep_len_mean     | 995       |
|    ep_rew_mean     | 1.6e+04   |
| time/              |           |
|    episodes        | 360       |
|    fps             | 73        |
|    time_elapsed    | 4890      |
|    total_timesteps | 357685    |
| train/             |           |
|    actor_loss      | -1.69e+03 |
|    critic_loss     | 18.7      |
|    ent_coef        | 0.225     |
|    ent_coef_loss   | 0.407     |
|    learning_rate   | 0.0003    |
|    n_updates       | 356684    |
----------------------------------
----------------------------------
| rollout/           |           |
|    ep_len_mean     | 995       |
|    ep_rew_mean     | 1.68e+04  |
| time/              |           |
|    episodes        | 364       |
|    fps             | 73        |
|    time_elapsed    | 4950      |
|    total_timesteps | 361685    |
| train/             |           |
|    actor_loss      | -1.58e+03 |
|    critic_loss     | 10.6      |
|    ent_coef        | 0.232     |
|    ent_coef_loss   | 0.439     |
|    learning_rate   | 0.0003    |
|    n_updates       | 360684    |
----------------------------------
----------------------------------
| rollout/           |           |
|    ep_len_mean     | 995       |
|    ep_rew_mean     | 1.73e+04  |
| time/              |           |
|    episodes        | 368       |
|    fps             | 72        |
|    time_elapsed    | 5010      |
|    total_timesteps | 365685    |
| train/             |           |
|    actor_loss      | -1.71e+03 |
|    critic_loss     | 9.82      |
|    ent_coef        | 0.264     |
|    ent_coef_loss   | -0.125    |
|    learning_rate   | 0.0003    |
|    n_updates       | 364684    |
----------------------------------
----------------------------------
| rollout/           |           |
|    ep_len_mean     | 995       |
|    ep_rew_mean     | 1.75e+04  |
| time/              |           |
|    episodes        | 372       |
|    fps             | 72        |
|    time_elapsed    | 5070      |
|    total_timesteps | 369685    |
| train/             |           |
|    actor_loss      | -1.77e+03 |
|    critic_loss     | 10.8      |
|    ent_coef        | 0.256     |
|    ent_coef_loss   | 0.569     |
|    learning_rate   | 0.0003    |
|    n_updates       | 368684    |
----------------------------------
----------------------------------
| rollout/           |           |
|    ep_len_mean     | 995       |
|    ep_rew_mean     | 1.76e+04  |
| time/              |           |
|    episodes        | 376       |
|    fps             | 72        |
|    time_elapsed    | 5133      |
|    total_timesteps | 373685    |
| train/             |           |
|    actor_loss      | -1.64e+03 |
|    critic_loss     | 44.7      |
|    ent_coef        | 0.246     |
|    ent_coef_loss   | -0.351    |
|    learning_rate   | 0.0003    |
|    n_updates       | 372684    |
----------------------------------
[EvalCheckpoint] step 375,000: 0/5 success, mean waypoints 2.0, mean steps 800 (train tol 0.60 m, hold 15)
----------------------------------
| rollout/           |           |
|    ep_len_mean     | 995       |
|    ep_rew_mean     | 1.74e+04  |
| time/              |           |
|    episodes        | 380       |
|    fps             | 72        |
|    time_elapsed    | 5196      |
|    total_timesteps | 377685    |
| train/             |           |
|    actor_loss      | -1.78e+03 |
|    critic_loss     | 17.2      |
|    ent_coef        | 0.261     |
|    ent_coef_loss   | 0.199     |
|    learning_rate   | 0.0003    |
|    n_updates       | 376684    |
----------------------------------
----------------------------------
| rollout/           |           |
|    ep_len_mean     | 995       |
|    ep_rew_mean     | 1.73e+04  |
| time/              |           |
|    episodes        | 384       |
|    fps             | 72        |
|    time_elapsed    | 5258      |
|    total_timesteps | 381685    |
| train/             |           |
|    actor_loss      | -1.82e+03 |
|    critic_loss     | 18.1      |
|    ent_coef        | 0.256     |
|    ent_coef_loss   | 0.479     |
|    learning_rate   | 0.0003    |
|    n_updates       | 380684    |
----------------------------------
----------------------------------
| rollout/           |           |
|    ep_len_mean     | 995       |
|    ep_rew_mean     | 1.74e+04  |
| time/              |           |
|    episodes        | 388       |
|    fps             | 72        |
|    time_elapsed    | 5320      |
|    total_timesteps | 385685    |
| train/             |           |
|    actor_loss      | -1.73e+03 |
|    critic_loss     | 21.5      |
|    ent_coef        | 0.263     |
|    ent_coef_loss   | -0.0629   |
|    learning_rate   | 0.0003    |
|    n_updates       | 384684    |
----------------------------------
----------------------------------
| rollout/           |           |
|    ep_len_mean     | 995       |
|    ep_rew_mean     | 1.74e+04  |
| time/              |           |
|    episodes        | 392       |
|    fps             | 72        |
|    time_elapsed    | 5381      |
|    total_timesteps | 389685    |
| train/             |           |
|    actor_loss      | -1.76e+03 |
|    critic_loss     | 15        |
|    ent_coef        | 0.244     |
|    ent_coef_loss   | -0.00755  |
|    learning_rate   | 0.0003    |
|    n_updates       | 388684    |
----------------------------------
----------------------------------
| rollout/           |           |
|    ep_len_mean     | 995       |
|    ep_rew_mean     | 1.75e+04  |
| time/              |           |
|    episodes        | 396       |
|    fps             | 72        |
|    time_elapsed    | 5439      |
|    total_timesteps | 393685    |
| train/             |           |
|    actor_loss      | -1.64e+03 |
|    critic_loss     | 7.91      |
|    ent_coef        | 0.254     |
|    ent_coef_loss   | -0.733    |
|    learning_rate   | 0.0003    |
|    n_updates       | 392684    |
----------------------------------
----------------------------------
| rollout/           |           |
|    ep_len_mean     | 995       |
|    ep_rew_mean     | 1.75e+04  |
| time/              |           |
|    episodes        | 400       |
|    fps             | 72        |
|    time_elapsed    | 5498      |
|    total_timesteps | 397685    |
| train/             |           |
|    actor_loss      | -1.82e+03 |
|    critic_loss     | 7.63      |
|    ent_coef        | 0.251     |
|    ent_coef_loss   | 0.248     |
|    learning_rate   | 0.0003    |
|    n_updates       | 396684    |
----------------------------------
[EvalCheckpoint] step 400,000: 0/5 success, mean waypoints 2.0, mean steps 800 (train tol 0.60 m, hold 15)
----------------------------------
| rollout/           |           |
|    ep_len_mean     | 995       |
|    ep_rew_mean     | 1.76e+04  |
| time/              |           |
|    episodes        | 404       |
|    fps             | 72        |
|    time_elapsed    | 5557      |
|    total_timesteps | 401685    |
| train/             |           |
|    actor_loss      | -1.69e+03 |
|    critic_loss     | 7.76      |
|    ent_coef        | 0.248     |
|    ent_coef_loss   | 0.0567    |
|    learning_rate   | 0.0003    |
|    n_updates       | 400684    |
----------------------------------
----------------------------------
| rollout/           |           |
|    ep_len_mean     | 989       |
|    ep_rew_mean     | 1.75e+04  |
| time/              |           |
|    episodes        | 408       |
|    fps             | 72        |
|    time_elapsed    | 5607      |
|    total_timesteps | 405119    |
| train/             |           |
|    actor_loss      | -1.59e+03 |
|    critic_loss     | 9.55      |
|    ent_coef        | 0.245     |
|    ent_coef_loss   | -0.521    |
|    learning_rate   | 0.0003    |
|    n_updates       | 404118    |
----------------------------------
----------------------------------
| rollout/           |           |
|    ep_len_mean     | 989       |
|    ep_rew_mean     | 1.8e+04   |
| time/              |           |
|    episodes        | 412       |
|    fps             | 72        |
|    time_elapsed    | 5665      |
|    total_timesteps | 409119    |
| train/             |           |
|    actor_loss      | -1.66e+03 |
|    critic_loss     | 15.2      |
|    ent_coef        | 0.256     |
|    ent_coef_loss   | -0.383    |
|    learning_rate   | 0.0003    |
|    n_updates       | 408118    |
----------------------------------
----------------------------------
| rollout/           |           |
|    ep_len_mean     | 989       |
|    ep_rew_mean     | 1.8e+04   |
| time/              |           |
|    episodes        | 416       |
|    fps             | 72        |
|    time_elapsed    | 5723      |
|    total_timesteps | 413119    |
| train/             |           |
|    actor_loss      | -1.78e+03 |
|    critic_loss     | 5.4       |
|    ent_coef        | 0.259     |
|    ent_coef_loss   | 0.377     |
|    learning_rate   | 0.0003    |
|    n_updates       | 412118    |
----------------------------------
----------------------------------
| rollout/           |           |
|    ep_len_mean     | 989       |
|    ep_rew_mean     | 1.81e+04  |
| time/              |           |
|    episodes        | 420       |
|    fps             | 72        |
|    time_elapsed    | 5781      |
|    total_timesteps | 417119    |
| train/             |           |
|    actor_loss      | -1.78e+03 |
|    critic_loss     | 11.4      |
|    ent_coef        | 0.274     |
|    ent_coef_loss   | 0.432     |
|    learning_rate   | 0.0003    |
|    n_updates       | 416118    |
----------------------------------
----------------------------------
| rollout/           |           |
|    ep_len_mean     | 989       |
|    ep_rew_mean     | 1.81e+04  |
| time/              |           |
|    episodes        | 424       |
|    fps             | 72        |
|    time_elapsed    | 5839      |
|    total_timesteps | 421119    |
| train/             |           |
|    actor_loss      | -1.85e+03 |
|    critic_loss     | 11.4      |
|    ent_coef        | 0.283     |
|    ent_coef_loss   | 0.416     |
|    learning_rate   | 0.0003    |
|    n_updates       | 420118    |
----------------------------------
[EvalCheckpoint] step 425,000: 0/5 success, mean waypoints 2.0, mean steps 800 (train tol 0.60 m, hold 15)
----------------------------------
| rollout/           |           |
|    ep_len_mean     | 989       |
|    ep_rew_mean     | 1.81e+04  |
| time/              |           |
|    episodes        | 428       |
|    fps             | 72        |
|    time_elapsed    | 5900      |
|    total_timesteps | 425119    |
| train/             |           |
|    actor_loss      | -1.92e+03 |
|    critic_loss     | 9.77      |
|    ent_coef        | 0.275     |
|    ent_coef_loss   | 0.0873    |
|    learning_rate   | 0.0003    |
|    n_updates       | 424118    |
----------------------------------
----------------------------------
| rollout/           |           |
|    ep_len_mean     | 989       |
|    ep_rew_mean     | 1.81e+04  |
| time/              |           |
|    episodes        | 432       |
|    fps             | 72        |
|    time_elapsed    | 5958      |
|    total_timesteps | 429119    |
| train/             |           |
|    actor_loss      | -1.94e+03 |
|    critic_loss     | 6.11      |
|    ent_coef        | 0.281     |
|    ent_coef_loss   | -0.194    |
|    learning_rate   | 0.0003    |
|    n_updates       | 428118    |
----------------------------------
----------------------------------
| rollout/           |           |
|    ep_len_mean     | 989       |
|    ep_rew_mean     | 1.81e+04  |
| time/              |           |
|    episodes        | 436       |
|    fps             | 72        |
|    time_elapsed    | 6014      |
|    total_timesteps | 433119    |
| train/             |           |
|    actor_loss      | -1.76e+03 |
|    critic_loss     | 11.9      |
|    ent_coef        | 0.275     |
|    ent_coef_loss   | -0.515    |
|    learning_rate   | 0.0003    |
|    n_updates       | 432118    |
----------------------------------
----------------------------------
| rollout/           |           |
|    ep_len_mean     | 989       |
|    ep_rew_mean     | 1.81e+04  |
| time/              |           |
|    episodes        | 440       |
|    fps             | 71        |
|    time_elapsed    | 6074      |
|    total_timesteps | 437119    |
| train/             |           |
|    actor_loss      | -1.94e+03 |
|    critic_loss     | 10.6      |
|    ent_coef        | 0.275     |
|    ent_coef_loss   | 0.0979    |
|    learning_rate   | 0.0003    |
|    n_updates       | 436118    |
----------------------------------
----------------------------------
| rollout/           |           |
|    ep_len_mean     | 994       |
|    ep_rew_mean     | 1.8e+04   |
| time/              |           |
|    episodes        | 444       |
|    fps             | 71        |
|    time_elapsed    | 6130      |
|    total_timesteps | 441119    |
| train/             |           |
|    actor_loss      | -1.89e+03 |
|    critic_loss     | 6.32      |
|    ent_coef        | 0.285     |
|    ent_coef_loss   | -0.217    |
|    learning_rate   | 0.0003    |
|    n_updates       | 440118    |
----------------------------------
----------------------------------
| rollout/           |           |
|    ep_len_mean     | 994       |
|    ep_rew_mean     | 1.71e+04  |
| time/              |           |
|    episodes        | 448       |
|    fps             | 71        |
|    time_elapsed    | 6189      |
|    total_timesteps | 445119    |
| train/             |           |
|    actor_loss      | -1.86e+03 |
|    critic_loss     | 9.71      |
|    ent_coef        | 0.283     |
|    ent_coef_loss   | 0.0472    |
|    learning_rate   | 0.0003    |
|    n_updates       | 444118    |
----------------------------------
---------------------------------
| rollout/           |          |
|    ep_len_mean     | 994      |
|    ep_rew_mean     | 1.62e+04 |
| time/              |          |
|    episodes        | 452      |
|    fps             | 71       |
|    time_elapsed    | 6249     |
|    total_timesteps | 449119   |
| train/             |          |
|    actor_loss      | -1.8e+03 |
|    critic_loss     | 12.1     |
|    ent_coef        | 0.282    |
|    ent_coef_loss   | 0.125    |
|    learning_rate   | 0.0003   |
|    n_updates       | 448118   |
---------------------------------
[EvalCheckpoint] step 450,000: 0/5 success, mean waypoints 0.0, mean steps 800 (train tol 0.60 m, hold 15)
----------------------------------
| rollout/           |           |
|    ep_len_mean     | 994       |
|    ep_rew_mean     | 1.52e+04  |
| time/              |           |
|    episodes        | 456       |
|    fps             | 71        |
|    time_elapsed    | 6311      |
|    total_timesteps | 453119    |
| train/             |           |
|    actor_loss      | -1.85e+03 |
|    critic_loss     | 25.4      |
|    ent_coef        | 0.267     |
|    ent_coef_loss   | 0.0682    |
|    learning_rate   | 0.0003    |
|    n_updates       | 452118    |
----------------------------------
----------------------------------
| rollout/           |           |
|    ep_len_mean     | 994       |
|    ep_rew_mean     | 1.43e+04  |
| time/              |           |
|    episodes        | 460       |
|    fps             | 71        |
|    time_elapsed    | 6371      |
|    total_timesteps | 457119    |
| train/             |           |
|    actor_loss      | -1.87e+03 |
|    critic_loss     | 42.1      |
|    ent_coef        | 0.264     |
|    ent_coef_loss   | 0.288     |
|    learning_rate   | 0.0003    |
|    n_updates       | 456118    |
----------------------------------
----------------------------------
| rollout/           |           |
|    ep_len_mean     | 994       |
|    ep_rew_mean     | 1.34e+04  |
| time/              |           |
|    episodes        | 464       |
|    fps             | 71        |
|    time_elapsed    | 6430      |
|    total_timesteps | 461119    |
| train/             |           |
|    actor_loss      | -1.79e+03 |
|    critic_loss     | 6.18      |
|    ent_coef        | 0.257     |
|    ent_coef_loss   | 0.242     |
|    learning_rate   | 0.0003    |
|    n_updates       | 460118    |
----------------------------------
----------------------------------
| rollout/           |           |
|    ep_len_mean     | 994       |
|    ep_rew_mean     | 1.25e+04  |
| time/              |           |
|    episodes        | 468       |
|    fps             | 71        |
|    time_elapsed    | 6488      |
|    total_timesteps | 465119    |
| train/             |           |
|    actor_loss      | -1.78e+03 |
|    critic_loss     | 11.1      |
|    ent_coef        | 0.235     |
|    ent_coef_loss   | 0.317     |
|    learning_rate   | 0.0003    |
|    n_updates       | 464118    |
----------------------------------
----------------------------------
| rollout/           |           |
|    ep_len_mean     | 994       |
|    ep_rew_mean     | 1.15e+04  |
| time/              |           |
|    episodes        | 472       |
|    fps             | 71        |
|    time_elapsed    | 6540      |
|    total_timesteps | 469119    |
| train/             |           |
|    actor_loss      | -1.81e+03 |
|    critic_loss     | 18.2      |
|    ent_coef        | 0.219     |
|    ent_coef_loss   | 0.151     |
|    learning_rate   | 0.0003    |
|    n_updates       | 468118    |
----------------------------------
----------------------------------
| rollout/           |           |
|    ep_len_mean     | 994       |
|    ep_rew_mean     | 1.06e+04  |
| time/              |           |
|    episodes        | 476       |
|    fps             | 71        |
|    time_elapsed    | 6594      |
|    total_timesteps | 473119    |
| train/             |           |
|    actor_loss      | -1.64e+03 |
|    critic_loss     | 4.11      |
|    ent_coef        | 0.22      |
|    ent_coef_loss   | 0.138     |
|    learning_rate   | 0.0003    |
|    n_updates       | 472118    |
----------------------------------
[EvalCheckpoint] step 475,000: 0/5 success, mean waypoints 0.0, mean steps 800 (train tol 0.60 m, hold 15)
----------------------------------
| rollout/           |           |
|    ep_len_mean     | 994       |
|    ep_rew_mean     | 9.95e+03  |
| time/              |           |
|    episodes        | 480       |
|    fps             | 71        |
|    time_elapsed    | 6650      |
|    total_timesteps | 477119    |
| train/             |           |
|    actor_loss      | -1.58e+03 |
|    critic_loss     | 15.7      |
|    ent_coef        | 0.199     |
|    ent_coef_loss   | 0.377     |
|    learning_rate   | 0.0003    |
|    n_updates       | 476118    |
----------------------------------
---------------------------------
| rollout/           |          |
|    ep_len_mean     | 994      |
|    ep_rew_mean     | 9.49e+03 |
| time/              |          |
|    episodes        | 484      |
|    fps             | 71       |
|    time_elapsed    | 6717     |
|    total_timesteps | 481119   |
| train/             |          |
|    actor_loss      | -1.5e+03 |
|    critic_loss     | 8.17     |
|    ent_coef        | 0.187    |
|    ent_coef_loss   | -0.108   |
|    learning_rate   | 0.0003   |
|    n_updates       | 480118   |
---------------------------------
----------------------------------
| rollout/           |           |
|    ep_len_mean     | 994       |
|    ep_rew_mean     | 9.5e+03   |
| time/              |           |
|    episodes        | 488       |
|    fps             | 71        |
|    time_elapsed    | 6783      |
|    total_timesteps | 485119    |
| train/             |           |
|    actor_loss      | -1.52e+03 |
|    critic_loss     | 10.8      |
|    ent_coef        | 0.186     |
|    ent_coef_loss   | -0.35     |
|    learning_rate   | 0.0003    |
|    n_updates       | 484118    |
----------------------------------
---------------------------------
| rollout/           |          |
|    ep_len_mean     | 994      |
|    ep_rew_mean     | 9.53e+03 |
| time/              |          |
|    episodes        | 492      |
|    fps             | 71       |
|    time_elapsed    | 6847     |
|    total_timesteps | 489119   |
| train/             |          |
|    actor_loss      | -1.6e+03 |
|    critic_loss     | 6.36     |
|    ent_coef        | 0.18     |
|    ent_coef_loss   | -0.486   |
|    learning_rate   | 0.0003   |
|    n_updates       | 488118   |
---------------------------------
----------------------------------
| rollout/           |           |
|    ep_len_mean     | 994       |
|    ep_rew_mean     | 9.55e+03  |
| time/              |           |
|    episodes        | 496       |
|    fps             | 71        |
|    time_elapsed    | 6911      |
|    total_timesteps | 493119    |
| train/             |           |
|    actor_loss      | -1.71e+03 |
|    critic_loss     | 7.39      |
|    ent_coef        | 0.177     |
|    ent_coef_loss   | -0.0461   |
|    learning_rate   | 0.0003    |
|    n_updates       | 492118    |
----------------------------------
----------------------------------
| rollout/           |           |
|    ep_len_mean     | 994       |
|    ep_rew_mean     | 9.57e+03  |
| time/              |           |
|    episodes        | 500       |
|    fps             | 71        |
|    time_elapsed    | 6975      |
|    total_timesteps | 497119    |
| train/             |           |
|    actor_loss      | -1.55e+03 |
|    critic_loss     | 4.66      |
|    ent_coef        | 0.186     |
|    ent_coef_loss   | -0.177    |
|    learning_rate   | 0.0003    |
|    n_updates       | 496118    |
----------------------------------
[EvalCheckpoint] step 500,000: 0/5 success, mean waypoints 2.0, mean steps 800 (train tol 0.60 m, hold 15)
[2026-08-14T19:47:41] Training complete in 7023.7s
[2026-08-14T19:47:41] Episodes: 502
[2026-08-14T19:47:41] Best reward: 20096.18
[2026-08-14T19:47:41] Mean reward (100ep): 9569.38
[2026-08-14T19:47:41] Final goal tolerance: 0.6
[2026-08-14T19:47:41] Curriculum stage: 1
[2026-08-14T19:47:41] Saved: {'model': 'C:\\Users\\ranjo\\OneDrive\\Desktop\\ARM-Model\\project_assets\\outputs\\Ablation\\decrement_5\\seed_102\\sac_model', 'history': 'C:\\Users\\ranjo\\OneDrive\\Desktop\\ARM-Model\\project_assets\\outputs\\Ablation\\decrement_5\\seed_102\\training_history.csv', 'stats': 'C:\\Users\\ranjo\\OneDrive\\Desktop\\ARM-Model\\project_assets\\outputs\\Ablation\\decrement_5\\seed_102\\training_stats.json'}
[2026-08-14T19:47:41] Best checkpoint: score=(5, 3.0, -490.0) at step 25000 -> C:\Users\ranjo\OneDrive\Desktop\ARM-Model\project_assets\outputs\Ablation\decrement_5\seed_102\sac_model_best.zip
[2026-08-14T19:47:41] Running Fitts' Law sweep (1 trials per condition)...
[2026-08-14T19:47:43] Fitts sweep complete in 2.2s
[2026-08-14T19:47:43] Fitts: MT = -0.0001 + +0.0574 * ID, R^2 = 0.6120 (n_conditions = 10, trials_per_condition = 1)
[2026-08-14T19:47:44] Saved: C:\Users\ranjo\OneDrive\Desktop\ARM-Model\project_assets\outputs\Ablation\decrement_5\seed_102\fitts_law.json
[2026-08-14T19:47:44] Saved: C:\Users\ranjo\OneDrive\Desktop\ARM-Model\project_assets\outputs\Ablation\decrement_5\seed_102\fitts_law.png
[2026-08-14T19:47:44] Running 2/3 Power Law sweep (1 trials)...
[2026-08-14T19:47:44] Power Law sweep complete in 0.1s
[2026-08-14T19:47:44] Power Law: log V = -0.9320 + -0.4021 * log C, R = -0.3772, R^2 = 0.1422 (n_samples = 177, n_trials = 0/1)
[2026-08-14T19:47:44] Saved: C:\Users\ranjo\OneDrive\Desktop\ARM-Model\project_assets\outputs\Ablation\decrement_5\seed_102\power_law.json
[2026-08-14T19:47:44] Saved: C:\Users\ranjo\OneDrive\Desktop\ARM-Model\project_assets\outputs\Ablation\decrement_5\seed_102\power_law.png
[2026-08-14T19:47:44] Session complete. Total wall time: 1:57:07.642634
[2026-08-14T19:47:44] ============================================================
