[2026-06-24T00:25:44] Starting Fischer session: algorithm=SAC, timesteps=500,000, direction=EAST, actuation=muscle, waypoints=[[2.5, 0.8], [0.2, 1.1], [1.8, -1.3]]
[2026-06-24T00:25:44] Save dir: C:\Users\ranjo\OneDrive\Desktop\ARM-Model\project_assets\outputs\Parallel_Seeds\seed_027
[2026-06-24T00:25:44] Waypoint mode active: 3 waypoints, current_waypoint_index=0 at every episode reset
Using cpu device
Wrapping the env with a `Monitor` wrapper
Wrapping the env in a DummyVecEnv.
[HoldCurriculum] Initial hold requirement: 10 steps (ladder: [10, 15, 20], threshold: 60%)
----------------------------------
| rollout/           |           |
|    ep_len_mean     | 1e+03     |
|    ep_rew_mean     | -4.82e+03 |
| time/              |           |
|    episodes        | 4         |
|    fps             | 90        |
|    time_elapsed    | 44        |
|    total_timesteps | 4000      |
| train/             |           |
|    actor_loss      | 39.8      |
|    critic_loss     | 0.125     |
|    ent_coef        | 0.41      |
|    ent_coef_loss   | -5.61     |
|    learning_rate   | 0.0003    |
|    n_updates       | 2999      |
----------------------------------
----------------------------------
| rollout/           |           |
|    ep_len_mean     | 1e+03     |
|    ep_rew_mean     | -3.15e+03 |
| time/              |           |
|    episodes        | 8         |
|    fps             | 77        |
|    time_elapsed    | 103       |
|    total_timesteps | 8000      |
| train/             |           |
|    actor_loss      | 57.4      |
|    critic_loss     | 0.843     |
|    ent_coef        | 0.137     |
|    ent_coef_loss   | -8.13     |
|    learning_rate   | 0.0003    |
|    n_updates       | 6999      |
----------------------------------
----------------------------------
| rollout/           |           |
|    ep_len_mean     | 1e+03     |
|    ep_rew_mean     | -2.34e+03 |
| time/              |           |
|    episodes        | 12        |
|    fps             | 73        |
|    time_elapsed    | 163       |
|    total_timesteps | 12000     |
| train/             |           |
|    actor_loss      | 54.1      |
|    critic_loss     | 25.3      |
|    ent_coef        | 0.0635    |
|    ent_coef_loss   | 0.164     |
|    learning_rate   | 0.0003    |
|    n_updates       | 10999     |
----------------------------------
----------------------------------
| rollout/           |           |
|    ep_len_mean     | 1e+03     |
|    ep_rew_mean     | -1.95e+03 |
| time/              |           |
|    episodes        | 16        |
|    fps             | 71        |
|    time_elapsed    | 222       |
|    total_timesteps | 16000     |
| train/             |           |
|    actor_loss      | 49.9      |
|    critic_loss     | 17.3      |
|    ent_coef        | 0.085     |
|    ent_coef_loss   | -0.593    |
|    learning_rate   | 0.0003    |
|    n_updates       | 14999     |
----------------------------------
----------------------------------
| rollout/           |           |
|    ep_len_mean     | 1e+03     |
|    ep_rew_mean     | -1.78e+03 |
| time/              |           |
|    episodes        | 20        |
|    fps             | 70        |
|    time_elapsed    | 282       |
|    total_timesteps | 20000     |
| train/             |           |
|    actor_loss      | 35.7      |
|    critic_loss     | 36.1      |
|    ent_coef        | 0.0753    |
|    ent_coef_loss   | 1.23      |
|    learning_rate   | 0.0003    |
|    n_updates       | 18999     |
----------------------------------
----------------------------------
| rollout/           |           |
|    ep_len_mean     | 1e+03     |
|    ep_rew_mean     | -1.61e+03 |
| time/              |           |
|    episodes        | 24        |
|    fps             | 70        |
|    time_elapsed    | 341       |
|    total_timesteps | 24000     |
| train/             |           |
|    actor_loss      | 33.4      |
|    critic_loss     | 19.5      |
|    ent_coef        | 0.0696    |
|    ent_coef_loss   | 0.701     |
|    learning_rate   | 0.0003    |
|    n_updates       | 22999     |
----------------------------------
----------------------------------
| rollout/           |           |
|    ep_len_mean     | 1e+03     |
|    ep_rew_mean     | -1.49e+03 |
| time/              |           |
|    episodes        | 28        |
|    fps             | 69        |
|    time_elapsed    | 400       |
|    total_timesteps | 28000     |
| train/             |           |
|    actor_loss      | 37.2      |
|    critic_loss     | 0.754     |
|    ent_coef        | 0.0702    |
|    ent_coef_loss   | 0.239     |
|    learning_rate   | 0.0003    |
|    n_updates       | 26999     |
----------------------------------
----------------------------------
| rollout/           |           |
|    ep_len_mean     | 1e+03     |
|    ep_rew_mean     | -1.34e+03 |
| time/              |           |
|    episodes        | 32        |
|    fps             | 69        |
|    time_elapsed    | 460       |
|    total_timesteps | 32000     |
| train/             |           |
|    actor_loss      | 23.6      |
|    critic_loss     | 0.907     |
|    ent_coef        | 0.0521    |
|    ent_coef_loss   | -1.02     |
|    learning_rate   | 0.0003    |
|    n_updates       | 30999     |
----------------------------------
---------------------------------
| rollout/           |          |
|    ep_len_mean     | 1e+03    |
|    ep_rew_mean     | -1.2e+03 |
| time/              |          |
|    episodes        | 36       |
|    fps             | 69       |
|    time_elapsed    | 519      |
|    total_timesteps | 36000    |
| train/             |          |
|    actor_loss      | 23.2     |
|    critic_loss     | 12.9     |
|    ent_coef        | 0.0444   |
|    ent_coef_loss   | 1.91     |
|    learning_rate   | 0.0003   |
|    n_updates       | 34999    |
---------------------------------
----------------------------------
| rollout/           |           |
|    ep_len_mean     | 1e+03     |
|    ep_rew_mean     | -1.09e+03 |
| time/              |           |
|    episodes        | 40        |
|    fps             | 69        |
|    time_elapsed    | 578       |
|    total_timesteps | 40000     |
| train/             |           |
|    actor_loss      | 13.4      |
|    critic_loss     | 0.353     |
|    ent_coef        | 0.0486    |
|    ent_coef_loss   | 0.357     |
|    learning_rate   | 0.0003    |
|    n_updates       | 38999     |
----------------------------------
----------------------------------
| rollout/           |           |
|    ep_len_mean     | 1e+03     |
|    ep_rew_mean     | -1.09e+03 |
| time/              |           |
|    episodes        | 44        |
|    fps             | 68        |
|    time_elapsed    | 638       |
|    total_timesteps | 44000     |
| train/             |           |
|    actor_loss      | 12.4      |
|    critic_loss     | 0.722     |
|    ent_coef        | 0.0424    |
|    ent_coef_loss   | -0.694    |
|    learning_rate   | 0.0003    |
|    n_updates       | 42999     |
----------------------------------
----------------------------------
| rollout/           |           |
|    ep_len_mean     | 1e+03     |
|    ep_rew_mean     | -1.12e+03 |
| time/              |           |
|    episodes        | 48        |
|    fps             | 68        |
|    time_elapsed    | 699       |
|    total_timesteps | 48000     |
| train/             |           |
|    actor_loss      | 11.9      |
|    critic_loss     | 0.552     |
|    ent_coef        | 0.0399    |
|    ent_coef_loss   | -0.63     |
|    learning_rate   | 0.0003    |
|    n_updates       | 46999     |
----------------------------------
----------------------------------
| rollout/           |           |
|    ep_len_mean     | 1e+03     |
|    ep_rew_mean     | -1.08e+03 |
| time/              |           |
|    episodes        | 52        |
|    fps             | 68        |
|    time_elapsed    | 759       |
|    total_timesteps | 52000     |
| train/             |           |
|    actor_loss      | 16.7      |
|    critic_loss     | 1.82      |
|    ent_coef        | 0.0385    |
|    ent_coef_loss   | -0.335    |
|    learning_rate   | 0.0003    |
|    n_updates       | 50999     |
----------------------------------
----------------------------------
| rollout/           |           |
|    ep_len_mean     | 1e+03     |
|    ep_rew_mean     | -1.02e+03 |
| time/              |           |
|    episodes        | 56        |
|    fps             | 68        |
|    time_elapsed    | 820       |
|    total_timesteps | 56000     |
| train/             |           |
|    actor_loss      | 9.24      |
|    critic_loss     | 0.635     |
|    ent_coef        | 0.0539    |
|    ent_coef_loss   | -0.81     |
|    learning_rate   | 0.0003    |
|    n_updates       | 54999     |
----------------------------------
---------------------------------
| rollout/           |          |
|    ep_len_mean     | 1e+03    |
|    ep_rew_mean     | -975     |
| time/              |          |
|    episodes        | 60       |
|    fps             | 68       |
|    time_elapsed    | 881      |
|    total_timesteps | 60000    |
| train/             |          |
|    actor_loss      | 11.3     |
|    critic_loss     | 0.756    |
|    ent_coef        | 0.0578   |
|    ent_coef_loss   | -0.881   |
|    learning_rate   | 0.0003   |
|    n_updates       | 58999    |
---------------------------------
---------------------------------
| rollout/           |          |
|    ep_len_mean     | 1e+03    |
|    ep_rew_mean     | -940     |
| time/              |          |
|    episodes        | 64       |
|    fps             | 67       |
|    time_elapsed    | 942      |
|    total_timesteps | 64000    |
| train/             |          |
|    actor_loss      | 4.47     |
|    critic_loss     | 0.688    |
|    ent_coef        | 0.05     |
|    ent_coef_loss   | -0.181   |
|    learning_rate   | 0.0003   |
|    n_updates       | 62999    |
---------------------------------
---------------------------------
| rollout/           |          |
|    ep_len_mean     | 1e+03    |
|    ep_rew_mean     | -897     |
| time/              |          |
|    episodes        | 68       |
|    fps             | 67       |
|    time_elapsed    | 1005     |
|    total_timesteps | 68000    |
| train/             |          |
|    actor_loss      | -2.53    |
|    critic_loss     | 0.87     |
|    ent_coef        | 0.0665   |
|    ent_coef_loss   | 0.381    |
|    learning_rate   | 0.0003   |
|    n_updates       | 66999    |
---------------------------------
---------------------------------
| rollout/           |          |
|    ep_len_mean     | 1e+03    |
|    ep_rew_mean     | -860     |
| time/              |          |
|    episodes        | 72       |
|    fps             | 67       |
|    time_elapsed    | 1068     |
|    total_timesteps | 72000    |
| train/             |          |
|    actor_loss      | -7.81    |
|    critic_loss     | 0.787    |
|    ent_coef        | 0.0612   |
|    ent_coef_loss   | 0.426    |
|    learning_rate   | 0.0003   |
|    n_updates       | 70999    |
---------------------------------
---------------------------------
| rollout/           |          |
|    ep_len_mean     | 1e+03    |
|    ep_rew_mean     | -824     |
| time/              |          |
|    episodes        | 76       |
|    fps             | 67       |
|    time_elapsed    | 1131     |
|    total_timesteps | 76000    |
| train/             |          |
|    actor_loss      | -15.1    |
|    critic_loss     | 0.843    |
|    ent_coef        | 0.0473   |
|    ent_coef_loss   | -0.0971  |
|    learning_rate   | 0.0003   |
|    n_updates       | 74999    |
---------------------------------
---------------------------------
| rollout/           |          |
|    ep_len_mean     | 1e+03    |
|    ep_rew_mean     | -790     |
| time/              |          |
|    episodes        | 80       |
|    fps             | 66       |
|    time_elapsed    | 1194     |
|    total_timesteps | 80000    |
| train/             |          |
|    actor_loss      | -21.8    |
|    critic_loss     | 10.7     |
|    ent_coef        | 0.0723   |
|    ent_coef_loss   | 0.667    |
|    learning_rate   | 0.0003   |
|    n_updates       | 78999    |
---------------------------------
---------------------------------
| rollout/           |          |
|    ep_len_mean     | 1e+03    |
|    ep_rew_mean     | -746     |
| time/              |          |
|    episodes        | 84       |
|    fps             | 66       |
|    time_elapsed    | 1256     |
|    total_timesteps | 84000    |
| train/             |          |
|    actor_loss      | -26.3    |
|    critic_loss     | 0.871    |
|    ent_coef        | 0.0733   |
|    ent_coef_loss   | 0.357    |
|    learning_rate   | 0.0003   |
|    n_updates       | 82999    |
---------------------------------
---------------------------------
| rollout/           |          |
|    ep_len_mean     | 1e+03    |
|    ep_rew_mean     | -705     |
| time/              |          |
|    episodes        | 88       |
|    fps             | 66       |
|    time_elapsed    | 1318     |
|    total_timesteps | 88000    |
| train/             |          |
|    actor_loss      | -19.8    |
|    critic_loss     | 0.705    |
|    ent_coef        | 0.0586   |
|    ent_coef_loss   | -0.799   |
|    learning_rate   | 0.0003   |
|    n_updates       | 86999    |
---------------------------------
---------------------------------
| rollout/           |          |
|    ep_len_mean     | 1e+03    |
|    ep_rew_mean     | -673     |
| time/              |          |
|    episodes        | 92       |
|    fps             | 66       |
|    time_elapsed    | 1380     |
|    total_timesteps | 92000    |
| train/             |          |
|    actor_loss      | -15.5    |
|    critic_loss     | 1.74     |
|    ent_coef        | 0.0474   |
|    ent_coef_loss   | 0.103    |
|    learning_rate   | 0.0003   |
|    n_updates       | 90999    |
---------------------------------
---------------------------------
| rollout/           |          |
|    ep_len_mean     | 1e+03    |
|    ep_rew_mean     | -641     |
| time/              |          |
|    episodes        | 96       |
|    fps             | 66       |
|    time_elapsed    | 1441     |
|    total_timesteps | 96000    |
| train/             |          |
|    actor_loss      | -25.3    |
|    critic_loss     | 1.38     |
|    ent_coef        | 0.052    |
|    ent_coef_loss   | -0.12    |
|    learning_rate   | 0.0003   |
|    n_updates       | 94999    |
---------------------------------
---------------------------------
| rollout/           |          |
|    ep_len_mean     | 1e+03    |
|    ep_rew_mean     | -615     |
| time/              |          |
|    episodes        | 100      |
|    fps             | 66       |
|    time_elapsed    | 1502     |
|    total_timesteps | 100000   |
| train/             |          |
|    actor_loss      | -26.7    |
|    critic_loss     | 0.762    |
|    ent_coef        | 0.0486   |
|    ent_coef_loss   | 0.918    |
|    learning_rate   | 0.0003   |
|    n_updates       | 98999    |
---------------------------------
---------------------------------
| rollout/           |          |
|    ep_len_mean     | 1e+03    |
|    ep_rew_mean     | -425     |
| time/              |          |
|    episodes        | 104      |
|    fps             | 66       |
|    time_elapsed    | 1564     |
|    total_timesteps | 104000   |
| train/             |          |
|    actor_loss      | -25.9    |
|    critic_loss     | 0.842    |
|    ent_coef        | 0.0517   |
|    ent_coef_loss   | -0.739   |
|    learning_rate   | 0.0003   |
|    n_updates       | 102999   |
---------------------------------
---------------------------------
| rollout/           |          |
|    ep_len_mean     | 1e+03    |
|    ep_rew_mean     | -369     |
| time/              |          |
|    episodes        | 108      |
|    fps             | 66       |
|    time_elapsed    | 1626     |
|    total_timesteps | 108000   |
| train/             |          |
|    actor_loss      | -27.1    |
|    critic_loss     | 1.03     |
|    ent_coef        | 0.0554   |
|    ent_coef_loss   | 1.2      |
|    learning_rate   | 0.0003   |
|    n_updates       | 106999   |
---------------------------------
---------------------------------
| rollout/           |          |
|    ep_len_mean     | 1e+03    |
|    ep_rew_mean     | -347     |
| time/              |          |
|    episodes        | 112      |
|    fps             | 66       |
|    time_elapsed    | 1688     |
|    total_timesteps | 112000   |
| train/             |          |
|    actor_loss      | -41.4    |
|    critic_loss     | 1.38     |
|    ent_coef        | 0.0556   |
|    ent_coef_loss   | -1.02    |
|    learning_rate   | 0.0003   |
|    n_updates       | 110999   |
---------------------------------
---------------------------------
| rollout/           |          |
|    ep_len_mean     | 1e+03    |
|    ep_rew_mean     | -318     |
| time/              |          |
|    episodes        | 116      |
|    fps             | 66       |
|    time_elapsed    | 1749     |
|    total_timesteps | 116000   |
| train/             |          |
|    actor_loss      | -38.1    |
|    critic_loss     | 1.05     |
|    ent_coef        | 0.0549   |
|    ent_coef_loss   | 0.0328   |
|    learning_rate   | 0.0003   |
|    n_updates       | 114999   |
---------------------------------
---------------------------------
| rollout/           |          |
|    ep_len_mean     | 1e+03    |
|    ep_rew_mean     | -276     |
| time/              |          |
|    episodes        | 120      |
|    fps             | 66       |
|    time_elapsed    | 1811     |
|    total_timesteps | 120000   |
| train/             |          |
|    actor_loss      | -39      |
|    critic_loss     | 0.733    |
|    ent_coef        | 0.0559   |
|    ent_coef_loss   | 0.554    |
|    learning_rate   | 0.0003   |
|    n_updates       | 118999   |
---------------------------------
---------------------------------
| rollout/           |          |
|    ep_len_mean     | 1e+03    |
|    ep_rew_mean     | -230     |
| time/              |          |
|    episodes        | 124      |
|    fps             | 66       |
|    time_elapsed    | 1873     |
|    total_timesteps | 124000   |
| train/             |          |
|    actor_loss      | -40.2    |
|    critic_loss     | 0.962    |
|    ent_coef        | 0.0599   |
|    ent_coef_loss   | -0.374   |
|    learning_rate   | 0.0003   |
|    n_updates       | 122999   |
---------------------------------
---------------------------------
| rollout/           |          |
|    ep_len_mean     | 1e+03    |
|    ep_rew_mean     | -197     |
| time/              |          |
|    episodes        | 128      |
|    fps             | 66       |
|    time_elapsed    | 1935     |
|    total_timesteps | 128000   |
| train/             |          |
|    actor_loss      | -42.9    |
|    critic_loss     | 1.18     |
|    ent_coef        | 0.0496   |
|    ent_coef_loss   | 1.52     |
|    learning_rate   | 0.0003   |
|    n_updates       | 126999   |
---------------------------------
---------------------------------
| rollout/           |          |
|    ep_len_mean     | 1e+03    |
|    ep_rew_mean     | -201     |
| time/              |          |
|    episodes        | 132      |
|    fps             | 66       |
|    time_elapsed    | 1999     |
|    total_timesteps | 132000   |
| train/             |          |
|    actor_loss      | -41      |
|    critic_loss     | 1.26     |
|    ent_coef        | 0.0463   |
|    ent_coef_loss   | 0.0409   |
|    learning_rate   | 0.0003   |
|    n_updates       | 130999   |
---------------------------------
---------------------------------
| rollout/           |          |
|    ep_len_mean     | 1e+03    |
|    ep_rew_mean     | -198     |
| time/              |          |
|    episodes        | 136      |
|    fps             | 65       |
|    time_elapsed    | 2063     |
|    total_timesteps | 136000   |
| train/             |          |
|    actor_loss      | -36.5    |
|    critic_loss     | 0.828    |
|    ent_coef        | 0.0488   |
|    ent_coef_loss   | 0.514    |
|    learning_rate   | 0.0003   |
|    n_updates       | 134999   |
---------------------------------
---------------------------------
| rollout/           |          |
|    ep_len_mean     | 1e+03    |
|    ep_rew_mean     | -184     |
| time/              |          |
|    episodes        | 140      |
|    fps             | 65       |
|    time_elapsed    | 2125     |
|    total_timesteps | 140000   |
| train/             |          |
|    actor_loss      | -36.7    |
|    critic_loss     | 1.56     |
|    ent_coef        | 0.0463   |
|    ent_coef_loss   | -0.221   |
|    learning_rate   | 0.0003   |
|    n_updates       | 138999   |
---------------------------------
---------------------------------
| rollout/           |          |
|    ep_len_mean     | 1e+03    |
|    ep_rew_mean     | -149     |
| time/              |          |
|    episodes        | 144      |
|    fps             | 65       |
|    time_elapsed    | 2187     |
|    total_timesteps | 144000   |
| train/             |          |
|    actor_loss      | -41.3    |
|    critic_loss     | 0.608    |
|    ent_coef        | 0.0459   |
|    ent_coef_loss   | -0.587   |
|    learning_rate   | 0.0003   |
|    n_updates       | 142999   |
---------------------------------
---------------------------------
| rollout/           |          |
|    ep_len_mean     | 1e+03    |
|    ep_rew_mean     | -80.6    |
| time/              |          |
|    episodes        | 148      |
|    fps             | 65       |
|    time_elapsed    | 2250     |
|    total_timesteps | 148000   |
| train/             |          |
|    actor_loss      | -37.8    |
|    critic_loss     | 0.544    |
|    ent_coef        | 0.048    |
|    ent_coef_loss   | -0.556   |
|    learning_rate   | 0.0003   |
|    n_updates       | 146999   |
---------------------------------
---------------------------------
| rollout/           |          |
|    ep_len_mean     | 1e+03    |
|    ep_rew_mean     | -30.2    |
| time/              |          |
|    episodes        | 152      |
|    fps             | 65       |
|    time_elapsed    | 2312     |
|    total_timesteps | 152000   |
| train/             |          |
|    actor_loss      | -37.7    |
|    critic_loss     | 0.499    |
|    ent_coef        | 0.0466   |
|    ent_coef_loss   | -0.628   |
|    learning_rate   | 0.0003   |
|    n_updates       | 150999   |
---------------------------------
---------------------------------
| rollout/           |          |
|    ep_len_mean     | 1e+03    |
|    ep_rew_mean     | -6.03    |
| time/              |          |
|    episodes        | 156      |
|    fps             | 65       |
|    time_elapsed    | 2375     |
|    total_timesteps | 156000   |
| train/             |          |
|    actor_loss      | -43      |
|    critic_loss     | 0.536    |
|    ent_coef        | 0.0504   |
|    ent_coef_loss   | -1.71    |
|    learning_rate   | 0.0003   |
|    n_updates       | 154999   |
---------------------------------
---------------------------------
| rollout/           |          |
|    ep_len_mean     | 1e+03    |
|    ep_rew_mean     | 12.5     |
| time/              |          |
|    episodes        | 160      |
|    fps             | 65       |
|    time_elapsed    | 2438     |
|    total_timesteps | 160000   |
| train/             |          |
|    actor_loss      | -43.3    |
|    critic_loss     | 0.836    |
|    ent_coef        | 0.0444   |
|    ent_coef_loss   | 0.221    |
|    learning_rate   | 0.0003   |
|    n_updates       | 158999   |
---------------------------------
---------------------------------
| rollout/           |          |
|    ep_len_mean     | 1e+03    |
|    ep_rew_mean     | 20       |
| time/              |          |
|    episodes        | 164      |
|    fps             | 65       |
|    time_elapsed    | 2500     |
|    total_timesteps | 164000   |
| train/             |          |
|    actor_loss      | -45.3    |
|    critic_loss     | 0.533    |
|    ent_coef        | 0.0506   |
|    ent_coef_loss   | -0.943   |
|    learning_rate   | 0.0003   |
|    n_updates       | 162999   |
---------------------------------
---------------------------------
| rollout/           |          |
|    ep_len_mean     | 1e+03    |
|    ep_rew_mean     | 45.5     |
| time/              |          |
|    episodes        | 168      |
|    fps             | 65       |
|    time_elapsed    | 2563     |
|    total_timesteps | 168000   |
| train/             |          |
|    actor_loss      | -42.4    |
|    critic_loss     | 0.747    |
|    ent_coef        | 0.0628   |
|    ent_coef_loss   | -2.35    |
|    learning_rate   | 0.0003   |
|    n_updates       | 166999   |
---------------------------------
---------------------------------
| rollout/           |          |
|    ep_len_mean     | 1e+03    |
|    ep_rew_mean     | 82.4     |
| time/              |          |
|    episodes        | 172      |
|    fps             | 65       |
|    time_elapsed    | 2626     |
|    total_timesteps | 172000   |
| train/             |          |
|    actor_loss      | -46.3    |
|    critic_loss     | 89.4     |
|    ent_coef        | 0.0504   |
|    ent_coef_loss   | -0.316   |
|    learning_rate   | 0.0003   |
|    n_updates       | 170999   |
---------------------------------
---------------------------------
| rollout/           |          |
|    ep_len_mean     | 1e+03    |
|    ep_rew_mean     | 117      |
| time/              |          |
|    episodes        | 176      |
|    fps             | 65       |
|    time_elapsed    | 2689     |
|    total_timesteps | 176000   |
| train/             |          |
|    actor_loss      | -46.6    |
|    critic_loss     | 0.662    |
|    ent_coef        | 0.048    |
|    ent_coef_loss   | 1.03     |
|    learning_rate   | 0.0003   |
|    n_updates       | 174999   |
---------------------------------
---------------------------------
| rollout/           |          |
|    ep_len_mean     | 1e+03    |
|    ep_rew_mean     | 149      |
| time/              |          |
|    episodes        | 180      |
|    fps             | 65       |
|    time_elapsed    | 2751     |
|    total_timesteps | 180000   |
| train/             |          |
|    actor_loss      | -49.8    |
|    critic_loss     | 1.4      |
|    ent_coef        | 0.0471   |
|    ent_coef_loss   | 1.13     |
|    learning_rate   | 0.0003   |
|    n_updates       | 178999   |
---------------------------------
---------------------------------
| rollout/           |          |
|    ep_len_mean     | 1e+03    |
|    ep_rew_mean     | 168      |
| time/              |          |
|    episodes        | 184      |
|    fps             | 65       |
|    time_elapsed    | 2815     |
|    total_timesteps | 184000   |
| train/             |          |
|    actor_loss      | -46.2    |
|    critic_loss     | 1.54     |
|    ent_coef        | 0.0536   |
|    ent_coef_loss   | 0.395    |
|    learning_rate   | 0.0003   |
|    n_updates       | 182999   |
---------------------------------
---------------------------------
| rollout/           |          |
|    ep_len_mean     | 1e+03    |
|    ep_rew_mean     | 187      |
| time/              |          |
|    episodes        | 188      |
|    fps             | 65       |
|    time_elapsed    | 2879     |
|    total_timesteps | 188000   |
| train/             |          |
|    actor_loss      | -51.1    |
|    critic_loss     | 0.587    |
|    ent_coef        | 0.055    |
|    ent_coef_loss   | -1.58    |
|    learning_rate   | 0.0003   |
|    n_updates       | 186999   |
---------------------------------
---------------------------------
| rollout/           |          |
|    ep_len_mean     | 1e+03    |
|    ep_rew_mean     | 202      |
| time/              |          |
|    episodes        | 192      |
|    fps             | 65       |
|    time_elapsed    | 2946     |
|    total_timesteps | 192000   |
| train/             |          |
|    actor_loss      | -54.1    |
|    critic_loss     | 0.922    |
|    ent_coef        | 0.051    |
|    ent_coef_loss   | 0.978    |
|    learning_rate   | 0.0003   |
|    n_updates       | 190999   |
---------------------------------
---------------------------------
| rollout/           |          |
|    ep_len_mean     | 1e+03    |
|    ep_rew_mean     | 222      |
| time/              |          |
|    episodes        | 196      |
|    fps             | 65       |
|    time_elapsed    | 3015     |
|    total_timesteps | 196000   |
| train/             |          |
|    actor_loss      | -53.2    |
|    critic_loss     | 0.644    |
|    ent_coef        | 0.0667   |
|    ent_coef_loss   | 1.08     |
|    learning_rate   | 0.0003   |
|    n_updates       | 194999   |
---------------------------------
---------------------------------
| rollout/           |          |
|    ep_len_mean     | 1e+03    |
|    ep_rew_mean     | 214      |
| time/              |          |
|    episodes        | 200      |
|    fps             | 64       |
|    time_elapsed    | 3082     |
|    total_timesteps | 200000   |
| train/             |          |
|    actor_loss      | -64.6    |
|    critic_loss     | 0.654    |
|    ent_coef        | 0.0628   |
|    ent_coef_loss   | -0.128   |
|    learning_rate   | 0.0003   |
|    n_updates       | 198999   |
---------------------------------
---------------------------------
| rollout/           |          |
|    ep_len_mean     | 1e+03    |
|    ep_rew_mean     | 226      |
| time/              |          |
|    episodes        | 204      |
|    fps             | 64       |
|    time_elapsed    | 3150     |
|    total_timesteps | 204000   |
| train/             |          |
|    actor_loss      | -72.9    |
|    critic_loss     | 0.752    |
|    ent_coef        | 0.043    |
|    ent_coef_loss   | -0.976   |
|    learning_rate   | 0.0003   |
|    n_updates       | 202999   |
---------------------------------
---------------------------------
| rollout/           |          |
|    ep_len_mean     | 1e+03    |
|    ep_rew_mean     | 223      |
| time/              |          |
|    episodes        | 208      |
|    fps             | 64       |
|    time_elapsed    | 3219     |
|    total_timesteps | 208000   |
| train/             |          |
|    actor_loss      | -75.5    |
|    critic_loss     | 0.959    |
|    ent_coef        | 0.0501   |
|    ent_coef_loss   | -1.05    |
|    learning_rate   | 0.0003   |
|    n_updates       | 206999   |
---------------------------------
---------------------------------
| rollout/           |          |
|    ep_len_mean     | 1e+03    |
|    ep_rew_mean     | 247      |
| time/              |          |
|    episodes        | 212      |
|    fps             | 64       |
|    time_elapsed    | 3288     |
|    total_timesteps | 212000   |
| train/             |          |
|    actor_loss      | -70.5    |
|    critic_loss     | 0.56     |
|    ent_coef        | 0.0532   |
|    ent_coef_loss   | -0.493   |
|    learning_rate   | 0.0003   |
|    n_updates       | 210999   |
---------------------------------
---------------------------------
| rollout/           |          |
|    ep_len_mean     | 1e+03    |
|    ep_rew_mean     | 278      |
| time/              |          |
|    episodes        | 216      |
|    fps             | 64       |
|    time_elapsed    | 3361     |
|    total_timesteps | 216000   |
| train/             |          |
|    actor_loss      | -78.5    |
|    critic_loss     | 0.487    |
|    ent_coef        | 0.063    |
|    ent_coef_loss   | 0.838    |
|    learning_rate   | 0.0003   |
|    n_updates       | 214999   |
---------------------------------
---------------------------------
| rollout/           |          |
|    ep_len_mean     | 1e+03    |
|    ep_rew_mean     | 305      |
| time/              |          |
|    episodes        | 220      |
|    fps             | 64       |
|    time_elapsed    | 3430     |
|    total_timesteps | 220000   |
| train/             |          |
|    actor_loss      | -76.7    |
|    critic_loss     | 0.363    |
|    ent_coef        | 0.0634   |
|    ent_coef_loss   | -0.459   |
|    learning_rate   | 0.0003   |
|    n_updates       | 218999   |
---------------------------------
---------------------------------
| rollout/           |          |
|    ep_len_mean     | 1e+03    |
|    ep_rew_mean     | 310      |
| time/              |          |
|    episodes        | 224      |
|    fps             | 64       |
|    time_elapsed    | 3499     |
|    total_timesteps | 224000   |
| train/             |          |
|    actor_loss      | -80.8    |
|    critic_loss     | 0.45     |
|    ent_coef        | 0.0528   |
|    ent_coef_loss   | -0.0107  |
|    learning_rate   | 0.0003   |
|    n_updates       | 222999   |
---------------------------------
---------------------------------
| rollout/           |          |
|    ep_len_mean     | 1e+03    |
|    ep_rew_mean     | 327      |
| time/              |          |
|    episodes        | 228      |
|    fps             | 63       |
|    time_elapsed    | 3569     |
|    total_timesteps | 228000   |
| train/             |          |
|    actor_loss      | -79.6    |
|    critic_loss     | 0.29     |
|    ent_coef        | 0.0502   |
|    ent_coef_loss   | 1.15     |
|    learning_rate   | 0.0003   |
|    n_updates       | 226999   |
---------------------------------
---------------------------------
| rollout/           |          |
|    ep_len_mean     | 1e+03    |
|    ep_rew_mean     | 371      |
| time/              |          |
|    episodes        | 232      |
|    fps             | 63       |
|    time_elapsed    | 3635     |
|    total_timesteps | 232000   |
| train/             |          |
|    actor_loss      | -82.3    |
|    critic_loss     | 0.478    |
|    ent_coef        | 0.0547   |
|    ent_coef_loss   | -0.288   |
|    learning_rate   | 0.0003   |
|    n_updates       | 230999   |
---------------------------------
---------------------------------
| rollout/           |          |
|    ep_len_mean     | 1e+03    |
|    ep_rew_mean     | 399      |
| time/              |          |
|    episodes        | 236      |
|    fps             | 63       |
|    time_elapsed    | 3701     |
|    total_timesteps | 236000   |
| train/             |          |
|    actor_loss      | -79.7    |
|    critic_loss     | 0.614    |
|    ent_coef        | 0.0555   |
|    ent_coef_loss   | -0.972   |
|    learning_rate   | 0.0003   |
|    n_updates       | 234999   |
---------------------------------
---------------------------------
| rollout/           |          |
|    ep_len_mean     | 1e+03    |
|    ep_rew_mean     | 412      |
| time/              |          |
|    episodes        | 240      |
|    fps             | 63       |
|    time_elapsed    | 3768     |
|    total_timesteps | 240000   |
| train/             |          |
|    actor_loss      | -101     |
|    critic_loss     | 1.19     |
|    ent_coef        | 0.135    |
|    ent_coef_loss   | -0.231   |
|    learning_rate   | 0.0003   |
|    n_updates       | 238999   |
---------------------------------
---------------------------------
| rollout/           |          |
|    ep_len_mean     | 1e+03    |
|    ep_rew_mean     | 441      |
| time/              |          |
|    episodes        | 244      |
|    fps             | 63       |
|    time_elapsed    | 3837     |
|    total_timesteps | 244000   |
| train/             |          |
|    actor_loss      | -103     |
|    critic_loss     | 0.375    |
|    ent_coef        | 0.0531   |
|    ent_coef_loss   | -0.623   |
|    learning_rate   | 0.0003   |
|    n_updates       | 242999   |
---------------------------------
---------------------------------
| rollout/           |          |
|    ep_len_mean     | 1e+03    |
|    ep_rew_mean     | 457      |
| time/              |          |
|    episodes        | 248      |
|    fps             | 63       |
|    time_elapsed    | 3905     |
|    total_timesteps | 248000   |
| train/             |          |
|    actor_loss      | -102     |
|    critic_loss     | 0.735    |
|    ent_coef        | 0.0658   |
|    ent_coef_loss   | -0.281   |
|    learning_rate   | 0.0003   |
|    n_updates       | 246999   |
---------------------------------
---------------------------------
| rollout/           |          |
|    ep_len_mean     | 1e+03    |
|    ep_rew_mean     | 438      |
| time/              |          |
|    episodes        | 252      |
|    fps             | 63       |
|    time_elapsed    | 3971     |
|    total_timesteps | 252000   |
| train/             |          |
|    actor_loss      | -108     |
|    critic_loss     | 0.338    |
|    ent_coef        | 0.0375   |
|    ent_coef_loss   | -0.0703  |
|    learning_rate   | 0.0003   |
|    n_updates       | 250999   |
---------------------------------
---------------------------------
| rollout/           |          |
|    ep_len_mean     | 1e+03    |
|    ep_rew_mean     | 435      |
| time/              |          |
|    episodes        | 256      |
|    fps             | 63       |
|    time_elapsed    | 4037     |
|    total_timesteps | 256000   |
| train/             |          |
|    actor_loss      | -109     |
|    critic_loss     | 0.504    |
|    ent_coef        | 0.051    |
|    ent_coef_loss   | 1.34     |
|    learning_rate   | 0.0003   |
|    n_updates       | 254999   |
---------------------------------
---------------------------------
| rollout/           |          |
|    ep_len_mean     | 1e+03    |
|    ep_rew_mean     | 462      |
| time/              |          |
|    episodes        | 260      |
|    fps             | 63       |
|    time_elapsed    | 4102     |
|    total_timesteps | 260000   |
| train/             |          |
|    actor_loss      | -108     |
|    critic_loss     | 0.316    |
|    ent_coef        | 0.0589   |
|    ent_coef_loss   | -0.706   |
|    learning_rate   | 0.0003   |
|    n_updates       | 258999   |
---------------------------------
---------------------------------
| rollout/           |          |
|    ep_len_mean     | 1e+03    |
|    ep_rew_mean     | 495      |
| time/              |          |
|    episodes        | 264      |
|    fps             | 63       |
|    time_elapsed    | 4168     |
|    total_timesteps | 264000   |
| train/             |          |
|    actor_loss      | -101     |
|    critic_loss     | 0.259    |
|    ent_coef        | 0.0402   |
|    ent_coef_loss   | 0.531    |
|    learning_rate   | 0.0003   |
|    n_updates       | 262999   |
---------------------------------
---------------------------------
| rollout/           |          |
|    ep_len_mean     | 1e+03    |
|    ep_rew_mean     | 509      |
| time/              |          |
|    episodes        | 268      |
|    fps             | 63       |
|    time_elapsed    | 4235     |
|    total_timesteps | 268000   |
| train/             |          |
|    actor_loss      | -99.9    |
|    critic_loss     | 0.199    |
|    ent_coef        | 0.0408   |
|    ent_coef_loss   | -1.15    |
|    learning_rate   | 0.0003   |
|    n_updates       | 266999   |
---------------------------------
---------------------------------
| rollout/           |          |
|    ep_len_mean     | 1e+03    |
|    ep_rew_mean     | 481      |
| time/              |          |
|    episodes        | 272      |
|    fps             | 63       |
|    time_elapsed    | 4301     |
|    total_timesteps | 272000   |
| train/             |          |
|    actor_loss      | -106     |
|    critic_loss     | 0.589    |
|    ent_coef        | 0.0515   |
|    ent_coef_loss   | -4.42    |
|    learning_rate   | 0.0003   |
|    n_updates       | 270999   |
---------------------------------
---------------------------------
| rollout/           |          |
|    ep_len_mean     | 1e+03    |
|    ep_rew_mean     | 483      |
| time/              |          |
|    episodes        | 276      |
|    fps             | 63       |
|    time_elapsed    | 4365     |
|    total_timesteps | 276000   |
| train/             |          |
|    actor_loss      | -101     |
|    critic_loss     | 0.247    |
|    ent_coef        | 0.0337   |
|    ent_coef_loss   | -0.128   |
|    learning_rate   | 0.0003   |
|    n_updates       | 274999   |
---------------------------------
---------------------------------
| rollout/           |          |
|    ep_len_mean     | 1e+03    |
|    ep_rew_mean     | 482      |
| time/              |          |
|    episodes        | 280      |
|    fps             | 63       |
|    time_elapsed    | 4418     |
|    total_timesteps | 280000   |
| train/             |          |
|    actor_loss      | -99.3    |
|    critic_loss     | 0.146    |
|    ent_coef        | 0.0294   |
|    ent_coef_loss   | 1.56     |
|    learning_rate   | 0.0003   |
|    n_updates       | 278999   |
---------------------------------
---------------------------------
| rollout/           |          |
|    ep_len_mean     | 1e+03    |
|    ep_rew_mean     | 482      |
| time/              |          |
|    episodes        | 284      |
|    fps             | 63       |
|    time_elapsed    | 4472     |
|    total_timesteps | 284000   |
| train/             |          |
|    actor_loss      | -99.3    |
|    critic_loss     | 0.184    |
|    ent_coef        | 0.0324   |
|    ent_coef_loss   | 0.434    |
|    learning_rate   | 0.0003   |
|    n_updates       | 282999   |
---------------------------------
---------------------------------
| rollout/           |          |
|    ep_len_mean     | 1e+03    |
|    ep_rew_mean     | 486      |
| time/              |          |
|    episodes        | 288      |
|    fps             | 63       |
|    time_elapsed    | 4525     |
|    total_timesteps | 288000   |
| train/             |          |
|    actor_loss      | -96.2    |
|    critic_loss     | 0.226    |
|    ent_coef        | 0.035    |
|    ent_coef_loss   | 0.52     |
|    learning_rate   | 0.0003   |
|    n_updates       | 286999   |
---------------------------------
---------------------------------
| rollout/           |          |
|    ep_len_mean     | 1e+03    |
|    ep_rew_mean     | 496      |
| time/              |          |
|    episodes        | 292      |
|    fps             | 63       |
|    time_elapsed    | 4578     |
|    total_timesteps | 292000   |
| train/             |          |
|    actor_loss      | -93.6    |
|    critic_loss     | 0.107    |
|    ent_coef        | 0.0285   |
|    ent_coef_loss   | -1.2     |
|    learning_rate   | 0.0003   |
|    n_updates       | 290999   |
---------------------------------
---------------------------------
| rollout/           |          |
|    ep_len_mean     | 1e+03    |
|    ep_rew_mean     | 500      |
| time/              |          |
|    episodes        | 296      |
|    fps             | 63       |
|    time_elapsed    | 4634     |
|    total_timesteps | 296000   |
| train/             |          |
|    actor_loss      | -97.2    |
|    critic_loss     | 0.149    |
|    ent_coef        | 0.0326   |
|    ent_coef_loss   | -0.344   |
|    learning_rate   | 0.0003   |
|    n_updates       | 294999   |
---------------------------------
---------------------------------
| rollout/           |          |
|    ep_len_mean     | 1e+03    |
|    ep_rew_mean     | 534      |
| time/              |          |
|    episodes        | 300      |
|    fps             | 63       |
|    time_elapsed    | 4688     |
|    total_timesteps | 300000   |
| train/             |          |
|    actor_loss      | -97.3    |
|    critic_loss     | 2.99     |
|    ent_coef        | 0.0281   |
|    ent_coef_loss   | -0.254   |
|    learning_rate   | 0.0003   |
|    n_updates       | 298999   |
---------------------------------
---------------------------------
| rollout/           |          |
|    ep_len_mean     | 1e+03    |
|    ep_rew_mean     | 546      |
| time/              |          |
|    episodes        | 304      |
|    fps             | 64       |
|    time_elapsed    | 4743     |
|    total_timesteps | 304000   |
| train/             |          |
|    actor_loss      | -98.5    |
|    critic_loss     | 0.845    |
|    ent_coef        | 0.0359   |
|    ent_coef_loss   | -2.95    |
|    learning_rate   | 0.0003   |
|    n_updates       | 302999   |
---------------------------------
---------------------------------
| rollout/           |          |
|    ep_len_mean     | 1e+03    |
|    ep_rew_mean     | 561      |
| time/              |          |
|    episodes        | 308      |
|    fps             | 64       |
|    time_elapsed    | 4797     |
|    total_timesteps | 308000   |
| train/             |          |
|    actor_loss      | -97.6    |
|    critic_loss     | 0.171    |
|    ent_coef        | 0.0332   |
|    ent_coef_loss   | -0.637   |
|    learning_rate   | 0.0003   |
|    n_updates       | 306999   |
---------------------------------
---------------------------------
| rollout/           |          |
|    ep_len_mean     | 1e+03    |
|    ep_rew_mean     | 572      |
| time/              |          |
|    episodes        | 312      |
|    fps             | 64       |
|    time_elapsed    | 4852     |
|    total_timesteps | 312000   |
| train/             |          |
|    actor_loss      | -95.6    |
|    critic_loss     | 0.886    |
|    ent_coef        | 0.0383   |
|    ent_coef_loss   | 0.515    |
|    learning_rate   | 0.0003   |
|    n_updates       | 310999   |
---------------------------------
---------------------------------
| rollout/           |          |
|    ep_len_mean     | 1e+03    |
|    ep_rew_mean     | 575      |
| time/              |          |
|    episodes        | 316      |
|    fps             | 64       |
|    time_elapsed    | 4907     |
|    total_timesteps | 316000   |
| train/             |          |
|    actor_loss      | -100     |
|    critic_loss     | 0.0842   |
|    ent_coef        | 0.0312   |
|    ent_coef_loss   | -0.192   |
|    learning_rate   | 0.0003   |
|    n_updates       | 314999   |
---------------------------------
---------------------------------
| rollout/           |          |
|    ep_len_mean     | 1e+03    |
|    ep_rew_mean     | 581      |
| time/              |          |
|    episodes        | 320      |
|    fps             | 64       |
|    time_elapsed    | 4963     |
|    total_timesteps | 320000   |
| train/             |          |
|    actor_loss      | -99.5    |
|    critic_loss     | 0.114    |
|    ent_coef        | 0.0264   |
|    ent_coef_loss   | -0.145   |
|    learning_rate   | 0.0003   |
|    n_updates       | 318999   |
---------------------------------

Training interrupted by user
[2026-06-24T01:49:11] Training complete in 5005.4s
[2026-06-24T01:49:11] Episodes: 323
[2026-06-24T01:49:11] Best reward: 848.13
[2026-06-24T01:49:11] Mean reward (100ep): 587.93
[2026-06-24T01:49:11] Final goal tolerance: 0.6
[2026-06-24T01:49:11] Curriculum stage: 0
[2026-06-24T01:49:11] Saved: {'model': 'C:\\Users\\ranjo\\OneDrive\\Desktop\\ARM-Model\\project_assets\\outputs\\Parallel_Seeds\\seed_027\\sac_model', 'history': 'C:\\Users\\ranjo\\OneDrive\\Desktop\\ARM-Model\\project_assets\\outputs\\Parallel_Seeds\\seed_027\\training_history.csv', 'stats': 'C:\\Users\\ranjo\\OneDrive\\Desktop\\ARM-Model\\project_assets\\outputs\\Parallel_Seeds\\seed_027\\training_stats.json'}
[2026-06-24T01:49:11] Running Fitts' Law sweep (10 trials per condition)...
